Java HotSpot(TM) 64-Bit Server VM (25.281-b09) for linux-amd64 JRE (1.8.0_281-b09), built on Dec  9 2020 12:37:33 by "java_re" with gcc 7.3.0
Memory: 4k page, physical 3782684k(1686260k free), swap 0k(0k free)
CommandLine flags: -XX:CompressedClassSpaceSize=125829120 -XX:+HeapDumpOnOutOfMemoryError -XX:HeapDumpPath=/root/logs/java_heapdump.hprof -XX:InitialHeapSize=469762048 -XX:MaxHeapSize=469762048 -XX:MaxMetaspaceSize=134217728 -XX:MaxNewSize=176160768 -XX:MetaspaceSize=134217728 -XX:NewSize=176160768 -XX:-OmitStackTraceInFastThrow -XX:+PrintGC -XX:+PrintGCDateStamps -XX:+PrintGCDetails -XX:+PrintGCTimeStamps -XX:+PrintHeapAtGC -XX:+UseCompressedClassPointers -XX:+UseCompressedOops -XX:-UseLargePages -XX:+UseParallelGC 
{Heap before GC invocations=1 (full 0):
 PSYoungGen      total 150528K, used 129024K [0x00000000f5800000, 0x0000000100000000, 0x0000000100000000)
  eden space 129024K, 100% used [0x00000000f5800000,0x00000000fd600000,0x00000000fd600000)
  from space 21504K, 0% used [0x00000000feb00000,0x00000000feb00000,0x0000000100000000)
  to   space 21504K, 0% used [0x00000000fd600000,0x00000000fd600000,0x00000000feb00000)
 ParOldGen       total 286720K, used 0K [0x00000000e4000000, 0x00000000f5800000, 0x00000000f5800000)
  object space 286720K, 0% used [0x00000000e4000000,0x00000000e4000000,0x00000000f5800000)
 Metaspace       used 16266K, capacity 17002K, committed 17280K, reserved 1064960K
  class space    used 1993K, capacity 2165K, committed 2176K, reserved 1048576K
2024-06-11T22:16:22.334+0800: 1.422: [GC (Allocation Failure) [PSYoungGen: 129024K->4688K(150528K)] 129024K->4704K(437248K), 0.0099771 secs] [Times: user=0.02 sys=0.00, real=0.01 secs] 
Heap after GC invocations=1 (full 0):
 PSYoungGen      total 150528K, used 4688K [0x00000000f5800000, 0x0000000100000000, 0x0000000100000000)
  eden space 129024K, 0% used [0x00000000f5800000,0x00000000f5800000,0x00000000fd600000)
  from space 21504K, 21% used [0x00000000fd600000,0x00000000fda943b8,0x00000000feb00000)
  to   space 21504K, 0% used [0x00000000feb00000,0x00000000feb00000,0x0000000100000000)
 ParOldGen       total 286720K, used 16K [0x00000000e4000000, 0x00000000f5800000, 0x00000000f5800000)
  object space 286720K, 0% used [0x00000000e4000000,0x00000000e4004000,0x00000000f5800000)
 Metaspace       used 16266K, capacity 17002K, committed 17280K, reserved 1064960K
  class space    used 1993K, capacity 2165K, committed 2176K, reserved 1048576K
}
{Heap before GC invocations=2 (full 0):
 PSYoungGen      total 150528K, used 133712K [0x00000000f5800000, 0x0000000100000000, 0x0000000100000000)
  eden space 129024K, 100% used [0x00000000f5800000,0x00000000fd600000,0x00000000fd600000)
  from space 21504K, 21% used [0x00000000fd600000,0x00000000fda943b8,0x00000000feb00000)
  to   space 21504K, 0% used [0x00000000feb00000,0x00000000feb00000,0x0000000100000000)
 ParOldGen       total 286720K, used 16K [0x00000000e4000000, 0x00000000f5800000, 0x00000000f5800000)
  object space 286720K, 0% used [0x00000000e4000000,0x00000000e4004000,0x00000000f5800000)
 Metaspace       used 21477K, capacity 22528K, committed 22656K, reserved 1069056K
  class space    used 2639K, capacity 2896K, committed 2944K, reserved 1048576K
2024-06-11T22:16:23.065+0800: 2.153: [GC (Allocation Failure) [PSYoungGen: 133712K->7489K(150528K)] 133728K->7513K(437248K), 0.0132592 secs] [Times: user=0.02 sys=0.01, real=0.01 secs] 
Heap after GC invocations=2 (full 0):
 PSYoungGen      total 150528K, used 7489K [0x00000000f5800000, 0x0000000100000000, 0x0000000100000000)
  eden space 129024K, 0% used [0x00000000f5800000,0x00000000f5800000,0x00000000fd600000)
  from space 21504K, 34% used [0x00000000feb00000,0x00000000ff250450,0x0000000100000000)
  to   space 21504K, 0% used [0x00000000fd600000,0x00000000fd600000,0x00000000feb00000)
 ParOldGen       total 286720K, used 24K [0x00000000e4000000, 0x00000000f5800000, 0x00000000f5800000)
  object space 286720K, 0% used [0x00000000e4000000,0x00000000e4006000,0x00000000f5800000)
 Metaspace       used 21477K, capacity 22528K, committed 22656K, reserved 1069056K
  class space    used 2639K, capacity 2896K, committed 2944K, reserved 1048576K
}
{Heap before GC invocations=3 (full 0):
 PSYoungGen      total 150528K, used 136513K [0x00000000f5800000, 0x0000000100000000, 0x0000000100000000)
  eden space 129024K, 100% used [0x00000000f5800000,0x00000000fd600000,0x00000000fd600000)
  from space 21504K, 34% used [0x00000000feb00000,0x00000000ff250450,0x0000000100000000)
  to   space 21504K, 0% used [0x00000000fd600000,0x00000000fd600000,0x00000000feb00000)
 ParOldGen       total 286720K, used 24K [0x00000000e4000000, 0x00000000f5800000, 0x00000000f5800000)
  object space 286720K, 0% used [0x00000000e4000000,0x00000000e4006000,0x00000000f5800000)
 Metaspace       used 25208K, capacity 26462K, committed 26752K, reserved 1073152K
  class space    used 3151K, capacity 3421K, committed 3456K, reserved 1048576K
2024-06-11T22:16:23.900+0800: 2.989: [GC (Allocation Failure) [PSYoungGen: 136513K->8965K(150528K)] 136537K->8989K(437248K), 0.0163503 secs] [Times: user=0.02 sys=0.01, real=0.02 secs] 
Heap after GC invocations=3 (full 0):
 PSYoungGen      total 150528K, used 8965K [0x00000000f5800000, 0x0000000100000000, 0x0000000100000000)
  eden space 129024K, 0% used [0x00000000f5800000,0x00000000f5800000,0x00000000fd600000)
  from space 21504K, 41% used [0x00000000fd600000,0x00000000fdec14a0,0x00000000feb00000)
  to   space 21504K, 0% used [0x00000000feb00000,0x00000000feb00000,0x0000000100000000)
 ParOldGen       total 286720K, used 24K [0x00000000e4000000, 0x00000000f5800000, 0x00000000f5800000)
  object space 286720K, 0% used [0x00000000e4000000,0x00000000e4006000,0x00000000f5800000)
 Metaspace       used 25208K, capacity 26462K, committed 26752K, reserved 1073152K
  class space    used 3151K, capacity 3421K, committed 3456K, reserved 1048576K
}
{Heap before GC invocations=4 (full 0):
 PSYoungGen      total 150528K, used 137989K [0x00000000f5800000, 0x0000000100000000, 0x0000000100000000)
  eden space 129024K, 100% used [0x00000000f5800000,0x00000000fd600000,0x00000000fd600000)
  from space 21504K, 41% used [0x00000000fd600000,0x00000000fdec14a0,0x00000000feb00000)
  to   space 21504K, 0% used [0x00000000feb00000,0x00000000feb00000,0x0000000100000000)
 ParOldGen       total 286720K, used 24K [0x00000000e4000000, 0x00000000f5800000, 0x00000000f5800000)
  object space 286720K, 0% used [0x00000000e4000000,0x00000000e4006000,0x00000000f5800000)
 Metaspace       used 31548K, capacity 33616K, committed 33792K, reserved 1079296K
  class space    used 4205K, capacity 4582K, committed 4608K, reserved 1048576K
2024-06-11T22:16:24.967+0800: 4.056: [GC (Allocation Failure) [PSYoungGen: 137989K->11553K(150528K)] 138013K->11585K(437248K), 0.0202896 secs] [Times: user=0.04 sys=0.00, real=0.02 secs] 
Heap after GC invocations=4 (full 0):
 PSYoungGen      total 150528K, used 11553K [0x00000000f5800000, 0x0000000100000000, 0x0000000100000000)
  eden space 129024K, 0% used [0x00000000f5800000,0x00000000f5800000,0x00000000fd600000)
  from space 21504K, 53% used [0x00000000feb00000,0x00000000ff648658,0x0000000100000000)
  to   space 21504K, 0% used [0x00000000fd600000,0x00000000fd600000,0x00000000feb00000)
 ParOldGen       total 286720K, used 32K [0x00000000e4000000, 0x00000000f5800000, 0x00000000f5800000)
  object space 286720K, 0% used [0x00000000e4000000,0x00000000e4008000,0x00000000f5800000)
 Metaspace       used 31548K, capacity 33616K, committed 33792K, reserved 1079296K
  class space    used 4205K, capacity 4582K, committed 4608K, reserved 1048576K
}
{Heap before GC invocations=5 (full 0):
 PSYoungGen      total 150528K, used 140577K [0x00000000f5800000, 0x0000000100000000, 0x0000000100000000)
  eden space 129024K, 100% used [0x00000000f5800000,0x00000000fd600000,0x00000000fd600000)
  from space 21504K, 53% used [0x00000000feb00000,0x00000000ff648658,0x0000000100000000)
  to   space 21504K, 0% used [0x00000000fd600000,0x00000000fd600000,0x00000000feb00000)
 ParOldGen       total 286720K, used 32K [0x00000000e4000000, 0x00000000f5800000, 0x00000000f5800000)
  object space 286720K, 0% used [0x00000000e4000000,0x00000000e4008000,0x00000000f5800000)
 Metaspace       used 39634K, capacity 42072K, committed 42240K, reserved 1085440K
  class space    used 5340K, capacity 5778K, committed 5888K, reserved 1048576K
2024-06-11T22:16:25.861+0800: 4.950: [GC (Allocation Failure) [PSYoungGen: 140577K->13732K(150528K)] 140609K->13844K(437248K), 0.0438720 secs] [Times: user=0.08 sys=0.00, real=0.04 secs] 
Heap after GC invocations=5 (full 0):
 PSYoungGen      total 150528K, used 13732K [0x00000000f5800000, 0x0000000100000000, 0x0000000100000000)
  eden space 129024K, 0% used [0x00000000f5800000,0x00000000f5800000,0x00000000fd600000)
  from space 21504K, 63% used [0x00000000fd600000,0x00000000fe369060,0x00000000feb00000)
  to   space 16384K, 0% used [0x00000000ff000000,0x00000000ff000000,0x0000000100000000)
 ParOldGen       total 286720K, used 112K [0x00000000e4000000, 0x00000000f5800000, 0x00000000f5800000)
  object space 286720K, 0% used [0x00000000e4000000,0x00000000e401c010,0x00000000f5800000)
 Metaspace       used 39634K, capacity 42072K, committed 42240K, reserved 1085440K
  class space    used 5340K, capacity 5778K, committed 5888K, reserved 1048576K
}
{Heap before GC invocations=6 (full 0):
 PSYoungGen      total 150528K, used 142756K [0x00000000f5800000, 0x0000000100000000, 0x0000000100000000)
  eden space 129024K, 100% used [0x00000000f5800000,0x00000000fd600000,0x00000000fd600000)
  from space 21504K, 63% used [0x00000000fd600000,0x00000000fe369060,0x00000000feb00000)
  to   space 16384K, 0% used [0x00000000ff000000,0x00000000ff000000,0x0000000100000000)
 ParOldGen       total 286720K, used 112K [0x00000000e4000000, 0x00000000f5800000, 0x00000000f5800000)
  object space 286720K, 0% used [0x00000000e4000000,0x00000000e401c010,0x00000000f5800000)
 Metaspace       used 44858K, capacity 48066K, committed 48256K, reserved 1091584K
  class space    used 6089K, capacity 6669K, committed 6784K, reserved 1048576K
2024-06-11T22:16:26.880+0800: 5.969: [GC (Allocation Failure) [PSYoungGen: 142756K->16377K(149504K)] 142868K->17217K(436224K), 0.0494422 secs] [Times: user=0.08 sys=0.01, real=0.05 secs] 
Heap after GC invocations=6 (full 0):
 PSYoungGen      total 149504K, used 16377K [0x00000000f5800000, 0x0000000100000000, 0x0000000100000000)
  eden space 133120K, 0% used [0x00000000f5800000,0x00000000f5800000,0x00000000fda00000)
  from space 16384K, 99% used [0x00000000ff000000,0x00000000ffffe678,0x0000000100000000)
  to   space 19456K, 0% used [0x00000000fda00000,0x00000000fda00000,0x00000000fed00000)
 ParOldGen       total 286720K, used 840K [0x00000000e4000000, 0x00000000f5800000, 0x00000000f5800000)
  object space 286720K, 0% used [0x00000000e4000000,0x00000000e40d2010,0x00000000f5800000)
 Metaspace       used 44858K, capacity 48066K, committed 48256K, reserved 1091584K
  class space    used 6089K, capacity 6669K, committed 6784K, reserved 1048576K
}
{Heap before GC invocations=7 (full 0):
 PSYoungGen      total 149504K, used 149497K [0x00000000f5800000, 0x0000000100000000, 0x0000000100000000)
  eden space 133120K, 100% used [0x00000000f5800000,0x00000000fda00000,0x00000000fda00000)
  from space 16384K, 99% used [0x00000000ff000000,0x00000000ffffe678,0x0000000100000000)
  to   space 19456K, 0% used [0x00000000fda00000,0x00000000fda00000,0x00000000fed00000)
 ParOldGen       total 286720K, used 840K [0x00000000e4000000, 0x00000000f5800000, 0x00000000f5800000)
  object space 286720K, 0% used [0x00000000e4000000,0x00000000e40d2010,0x00000000f5800000)
 Metaspace       used 50944K, capacity 54384K, committed 54528K, reserved 1095680K
  class space    used 6808K, capacity 7406K, committed 7424K, reserved 1048576K
2024-06-11T22:16:30.063+0800: 9.152: [GC (Allocation Failure) [PSYoungGen: 149497K->13850K(147456K)] 150337K->19781K(434176K), 0.0448748 secs] [Times: user=0.08 sys=0.01, real=0.04 secs] 
Heap after GC invocations=7 (full 0):
 PSYoungGen      total 147456K, used 13850K [0x00000000f5800000, 0x0000000100000000, 0x0000000100000000)
  eden space 133120K, 0% used [0x00000000f5800000,0x00000000f5800000,0x00000000fda00000)
  from space 14336K, 96% used [0x00000000fda00000,0x00000000fe786908,0x00000000fe800000)
  to   space 19968K, 0% used [0x00000000fec80000,0x00000000fec80000,0x0000000100000000)
 ParOldGen       total 286720K, used 5931K [0x00000000e4000000, 0x00000000f5800000, 0x00000000f5800000)
  object space 286720K, 2% used [0x00000000e4000000,0x00000000e45cadf0,0x00000000f5800000)
 Metaspace       used 50944K, capacity 54384K, committed 54528K, reserved 1095680K
  class space    used 6808K, capacity 7406K, committed 7424K, reserved 1048576K
}
{Heap before GC invocations=8 (full 0):
 PSYoungGen      total 147456K, used 146970K [0x00000000f5800000, 0x0000000100000000, 0x0000000100000000)
  eden space 133120K, 100% used [0x00000000f5800000,0x00000000fda00000,0x00000000fda00000)
  from space 14336K, 96% used [0x00000000fda00000,0x00000000fe786908,0x00000000fe800000)
  to   space 19968K, 0% used [0x00000000fec80000,0x00000000fec80000,0x0000000100000000)
 ParOldGen       total 286720K, used 5931K [0x00000000e4000000, 0x00000000f5800000, 0x00000000f5800000)
  object space 286720K, 2% used [0x00000000e4000000,0x00000000e45cadf0,0x00000000f5800000)
 Metaspace       used 57451K, capacity 61262K, committed 61440K, reserved 1101824K
  class space    used 7423K, capacity 8123K, committed 8192K, reserved 1048576K
2024-06-11T22:16:32.966+0800: 12.055: [GC (Allocation Failure) [PSYoungGen: 146970K->11640K(152576K)] 152901K->21911K(439296K), 0.0255659 secs] [Times: user=0.05 sys=0.00, real=0.03 secs] 
Heap after GC invocations=8 (full 0):
 PSYoungGen      total 152576K, used 11640K [0x00000000f5800000, 0x0000000100000000, 0x0000000100000000)
  eden space 132608K, 0% used [0x00000000f5800000,0x00000000f5800000,0x00000000fd980000)
  from space 19968K, 58% used [0x00000000fec80000,0x00000000ff7de100,0x0000000100000000)
  to   space 19456K, 0% used [0x00000000fd980000,0x00000000fd980000,0x00000000fec80000)
 ParOldGen       total 286720K, used 10271K [0x00000000e4000000, 0x00000000f5800000, 0x00000000f5800000)
  object space 286720K, 3% used [0x00000000e4000000,0x00000000e4a07e00,0x00000000f5800000)
 Metaspace       used 57451K, capacity 61262K, committed 61440K, reserved 1101824K
  class space    used 7423K, capacity 8123K, committed 8192K, reserved 1048576K
}
{Heap before GC invocations=9 (full 0):
 PSYoungGen      total 152576K, used 144248K [0x00000000f5800000, 0x0000000100000000, 0x0000000100000000)
  eden space 132608K, 100% used [0x00000000f5800000,0x00000000fd980000,0x00000000fd980000)
  from space 19968K, 58% used [0x00000000fec80000,0x00000000ff7de100,0x0000000100000000)
  to   space 19456K, 0% used [0x00000000fd980000,0x00000000fd980000,0x00000000fec80000)
 ParOldGen       total 286720K, used 10271K [0x00000000e4000000, 0x00000000f5800000, 0x00000000f5800000)
  object space 286720K, 3% used [0x00000000e4000000,0x00000000e4a07e00,0x00000000f5800000)
 Metaspace       used 58199K, capacity 62088K, committed 62208K, reserved 1103872K
  class space    used 7485K, capacity 8186K, committed 8192K, reserved 1048576K
2024-06-11T22:16:40.029+0800: 19.118: [GC (Allocation Failure) [PSYoungGen: 144248K->6466K(152064K)] 154519K->22053K(438784K), 0.0219748 secs] [Times: user=0.04 sys=0.01, real=0.03 secs] 
Heap after GC invocations=9 (full 0):
 PSYoungGen      total 152064K, used 6466K [0x00000000f5800000, 0x0000000100000000, 0x0000000100000000)
  eden space 132608K, 0% used [0x00000000f5800000,0x00000000f5800000,0x00000000fd980000)
  from space 19456K, 33% used [0x00000000fd980000,0x00000000fdfd08f8,0x00000000fec80000)
  to   space 19456K, 0% used [0x00000000fed00000,0x00000000fed00000,0x0000000100000000)
 ParOldGen       total 286720K, used 15587K [0x00000000e4000000, 0x00000000f5800000, 0x00000000f5800000)
  object space 286720K, 5% used [0x00000000e4000000,0x00000000e4f38ea8,0x00000000f5800000)
 Metaspace       used 58199K, capacity 62088K, committed 62208K, reserved 1103872K
  class space    used 7485K, capacity 8186K, committed 8192K, reserved 1048576K
}
{Heap before GC invocations=10 (full 0):
 PSYoungGen      total 152064K, used 139074K [0x00000000f5800000, 0x0000000100000000, 0x0000000100000000)
  eden space 132608K, 100% used [0x00000000f5800000,0x00000000fd980000,0x00000000fd980000)
  from space 19456K, 33% used [0x00000000fd980000,0x00000000fdfd08f8,0x00000000fec80000)
  to   space 19456K, 0% used [0x00000000fed00000,0x00000000fed00000,0x0000000100000000)
 ParOldGen       total 286720K, used 15587K [0x00000000e4000000, 0x00000000f5800000, 0x00000000f5800000)
  object space 286720K, 5% used [0x00000000e4000000,0x00000000e4f38ea8,0x00000000f5800000)
 Metaspace       used 58224K, capacity 62088K, committed 62208K, reserved 1103872K
  class space    used 7489K, capacity 8186K, committed 8192K, reserved 1048576K
2024-06-11T22:16:47.830+0800: 26.919: [GC (Allocation Failure) [PSYoungGen: 139074K->544K(151552K)] 154661K->22091K(438272K), 0.0125441 secs] [Times: user=0.02 sys=0.00, real=0.02 secs] 
Heap after GC invocations=10 (full 0):
 PSYoungGen      total 151552K, used 544K [0x00000000f5800000, 0x0000000100000000, 0x0000000100000000)
  eden space 132096K, 0% used [0x00000000f5800000,0x00000000f5800000,0x00000000fd900000)
  from space 19456K, 2% used [0x00000000fed00000,0x00000000fed88010,0x0000000100000000)
  to   space 19968K, 0% used [0x00000000fd900000,0x00000000fd900000,0x00000000fec80000)
 ParOldGen       total 286720K, used 21547K [0x00000000e4000000, 0x00000000f5800000, 0x00000000f5800000)
  object space 286720K, 7% used [0x00000000e4000000,0x00000000e550ad50,0x00000000f5800000)
 Metaspace       used 58224K, capacity 62088K, committed 62208K, reserved 1103872K
  class space    used 7489K, capacity 8186K, committed 8192K, reserved 1048576K
}
{Heap before GC invocations=11 (full 0):
 PSYoungGen      total 151552K, used 132640K [0x00000000f5800000, 0x0000000100000000, 0x0000000100000000)
  eden space 132096K, 100% used [0x00000000f5800000,0x00000000fd900000,0x00000000fd900000)
  from space 19456K, 2% used [0x00000000fed00000,0x00000000fed88010,0x0000000100000000)
  to   space 19968K, 0% used [0x00000000fd900000,0x00000000fd900000,0x00000000fec80000)
 ParOldGen       total 286720K, used 21547K [0x00000000e4000000, 0x00000000f5800000, 0x00000000f5800000)
  object space 286720K, 7% used [0x00000000e4000000,0x00000000e550ad50,0x00000000f5800000)
 Metaspace       used 58288K, capacity 62156K, committed 62208K, reserved 1103872K
  class space    used 7495K, capacity 8186K, committed 8192K, reserved 1048576K
2024-06-11T22:16:56.095+0800: 35.184: [GC (Allocation Failure) [PSYoungGen: 132640K->128K(132608K)] 154187K->22015K(419328K), 0.0034594 secs] [Times: user=0.01 sys=0.00, real=0.00 secs] 
Heap after GC invocations=11 (full 0):
 PSYoungGen      total 132608K, used 128K [0x00000000f5800000, 0x0000000100000000, 0x0000000100000000)
  eden space 132096K, 0% used [0x00000000f5800000,0x00000000f5800000,0x00000000fd900000)
  from space 512K, 25% used [0x00000000fd900000,0x00000000fd920000,0x00000000fd980000)
  to   space 20480K, 0% used [0x00000000fec00000,0x00000000fec00000,0x0000000100000000)
 ParOldGen       total 286720K, used 21887K [0x00000000e4000000, 0x00000000f5800000, 0x00000000f5800000)
  object space 286720K, 7% used [0x00000000e4000000,0x00000000e555fd70,0x00000000f5800000)
 Metaspace       used 58288K, capacity 62156K, committed 62208K, reserved 1103872K
  class space    used 7495K, capacity 8186K, committed 8192K, reserved 1048576K
}
{Heap before GC invocations=12 (full 0):
 PSYoungGen      total 132608K, used 132224K [0x00000000f5800000, 0x0000000100000000, 0x0000000100000000)
  eden space 132096K, 100% used [0x00000000f5800000,0x00000000fd900000,0x00000000fd900000)
  from space 512K, 25% used [0x00000000fd900000,0x00000000fd920000,0x00000000fd980000)
  to   space 20480K, 0% used [0x00000000fec00000,0x00000000fec00000,0x0000000100000000)
 ParOldGen       total 286720K, used 21887K [0x00000000e4000000, 0x00000000f5800000, 0x00000000f5800000)
  object space 286720K, 7% used [0x00000000e4000000,0x00000000e555fd70,0x00000000f5800000)
 Metaspace       used 58297K, capacity 62156K, committed 62208K, reserved 1103872K
  class space    used 7495K, capacity 8186K, committed 8192K, reserved 1048576K
2024-06-11T22:17:04.936+0800: 44.025: [GC (Allocation Failure) [PSYoungGen: 132224K->64K(150528K)] 154111K->21999K(437248K), 0.0032749 secs] [Times: user=0.01 sys=0.00, real=0.00 secs] 
Heap after GC invocations=12 (full 0):
 PSYoungGen      total 150528K, used 64K [0x00000000f5800000, 0x0000000100000000, 0x0000000100000000)
  eden space 130048K, 0% used [0x00000000f5800000,0x00000000f5800000,0x00000000fd700000)
  from space 20480K, 0% used [0x00000000fec00000,0x00000000fec10000,0x0000000100000000)
  to   space 20992K, 0% used [0x00000000fd700000,0x00000000fd700000,0x00000000feb80000)
 ParOldGen       total 286720K, used 21935K [0x00000000e4000000, 0x00000000f5800000, 0x00000000f5800000)
  object space 286720K, 7% used [0x00000000e4000000,0x00000000e556bd70,0x00000000f5800000)
 Metaspace       used 58297K, capacity 62156K, committed 62208K, reserved 1103872K
  class space    used 7495K, capacity 8186K, committed 8192K, reserved 1048576K
}
{Heap before GC invocations=13 (full 0):
 PSYoungGen      total 150528K, used 130112K [0x00000000f5800000, 0x0000000100000000, 0x0000000100000000)
  eden space 130048K, 100% used [0x00000000f5800000,0x00000000fd700000,0x00000000fd700000)
  from space 20480K, 0% used [0x00000000fec00000,0x00000000fec10000,0x0000000100000000)
  to   space 20992K, 0% used [0x00000000fd700000,0x00000000fd700000,0x00000000feb80000)
 ParOldGen       total 286720K, used 21935K [0x00000000e4000000, 0x00000000f5800000, 0x00000000f5800000)
  object space 286720K, 7% used [0x00000000e4000000,0x00000000e556bd70,0x00000000f5800000)
 Metaspace       used 58319K, capacity 62224K, committed 62464K, reserved 1103872K
  class space    used 7495K, capacity 8186K, committed 8192K, reserved 1048576K
2024-06-11T22:17:13.700+0800: 52.788: [GC (Allocation Failure) [PSYoungGen: 130112K->224K(151040K)] 152047K->22175K(437760K), 0.0034212 secs] [Times: user=0.01 sys=0.00, real=0.01 secs] 
Heap after GC invocations=13 (full 0):
 PSYoungGen      total 151040K, used 224K [0x00000000f5800000, 0x0000000100000000, 0x0000000100000000)
  eden space 130048K, 0% used [0x00000000f5800000,0x00000000f5800000,0x00000000fd700000)
  from space 20992K, 1% used [0x00000000fd700000,0x00000000fd738000,0x00000000feb80000)
  to   space 20992K, 0% used [0x00000000feb80000,0x00000000feb80000,0x0000000100000000)
 ParOldGen       total 286720K, used 21951K [0x00000000e4000000, 0x00000000f5800000, 0x00000000f5800000)
  object space 286720K, 7% used [0x00000000e4000000,0x00000000e556fd70,0x00000000f5800000)
 Metaspace       used 58319K, capacity 62224K, committed 62464K, reserved 1103872K
  class space    used 7495K, capacity 8186K, committed 8192K, reserved 1048576K
}
{Heap before GC invocations=14 (full 0):
 PSYoungGen      total 151040K, used 130272K [0x00000000f5800000, 0x0000000100000000, 0x0000000100000000)
  eden space 130048K, 100% used [0x00000000f5800000,0x00000000fd700000,0x00000000fd700000)
  from space 20992K, 1% used [0x00000000fd700000,0x00000000fd738000,0x00000000feb80000)
  to   space 20992K, 0% used [0x00000000feb80000,0x00000000feb80000,0x0000000100000000)
 ParOldGen       total 286720K, used 21951K [0x00000000e4000000, 0x00000000f5800000, 0x00000000f5800000)
  object space 286720K, 7% used [0x00000000e4000000,0x00000000e556fd70,0x00000000f5800000)
 Metaspace       used 58323K, capacity 62224K, committed 62464K, reserved 1103872K
  class space    used 7495K, capacity 8186K, committed 8192K, reserved 1048576K
2024-06-11T22:17:21.318+0800: 60.406: [GC (Allocation Failure) [PSYoungGen: 130272K->192K(151552K)] 152223K->22167K(438272K), 0.0031112 secs] [Times: user=0.01 sys=0.00, real=0.01 secs] 
Heap after GC invocations=14 (full 0):
 PSYoungGen      total 151552K, used 192K [0x00000000f5800000, 0x0000000100000000, 0x0000000100000000)
  eden space 130560K, 0% used [0x00000000f5800000,0x00000000f5800000,0x00000000fd780000)
  from space 20992K, 0% used [0x00000000feb80000,0x00000000febb0000,0x0000000100000000)
  to   space 20480K, 0% used [0x00000000fd780000,0x00000000fd780000,0x00000000feb80000)
 ParOldGen       total 286720K, used 21975K [0x00000000e4000000, 0x00000000f5800000, 0x00000000f5800000)
  object space 286720K, 7% used [0x00000000e4000000,0x00000000e5575d70,0x00000000f5800000)
 Metaspace       used 58323K, capacity 62224K, committed 62464K, reserved 1103872K
  class space    used 7495K, capacity 8186K, committed 8192K, reserved 1048576K
}
{Heap before GC invocations=15 (full 0):
 PSYoungGen      total 151552K, used 130752K [0x00000000f5800000, 0x0000000100000000, 0x0000000100000000)
  eden space 130560K, 100% used [0x00000000f5800000,0x00000000fd780000,0x00000000fd780000)
  from space 20992K, 0% used [0x00000000feb80000,0x00000000febb0000,0x0000000100000000)
  to   space 20480K, 0% used [0x00000000fd780000,0x00000000fd780000,0x00000000feb80000)
 ParOldGen       total 286720K, used 21975K [0x00000000e4000000, 0x00000000f5800000, 0x00000000f5800000)
  object space 286720K, 7% used [0x00000000e4000000,0x00000000e5575d70,0x00000000f5800000)
 Metaspace       used 58337K, capacity 62230K, committed 62464K, reserved 1103872K
  class space    used 7495K, capacity 8187K, committed 8192K, reserved 1048576K
2024-06-11T22:17:29.246+0800: 68.335: [GC (Allocation Failure) [PSYoungGen: 130752K->192K(151040K)] 152727K->22175K(437760K), 0.0031588 secs] [Times: user=0.00 sys=0.00, real=0.00 secs] 
Heap after GC invocations=15 (full 0):
 PSYoungGen      total 151040K, used 192K [0x00000000f5800000, 0x0000000100000000, 0x0000000100000000)
  eden space 130560K, 0% used [0x00000000f5800000,0x00000000f5800000,0x00000000fd780000)
  from space 20480K, 0% used [0x00000000fd780000,0x00000000fd7b0000,0x00000000feb80000)
  to   space 20480K, 0% used [0x00000000fec00000,0x00000000fec00000,0x0000000100000000)
 ParOldGen       total 286720K, used 21983K [0x00000000e4000000, 0x00000000f5800000, 0x00000000f5800000)
  object space 286720K, 7% used [0x00000000e4000000,0x00000000e5577d70,0x00000000f5800000)
 Metaspace       used 58337K, capacity 62230K, committed 62464K, reserved 1103872K
  class space    used 7495K, capacity 8187K, committed 8192K, reserved 1048576K
}
{Heap before GC invocations=16 (full 0):
 PSYoungGen      total 151040K, used 130752K [0x00000000f5800000, 0x0000000100000000, 0x0000000100000000)
  eden space 130560K, 100% used [0x00000000f5800000,0x00000000fd780000,0x00000000fd780000)
  from space 20480K, 0% used [0x00000000fd780000,0x00000000fd7b0000,0x00000000feb80000)
  to   space 20480K, 0% used [0x00000000fec00000,0x00000000fec00000,0x0000000100000000)
 ParOldGen       total 286720K, used 21983K [0x00000000e4000000, 0x00000000f5800000, 0x00000000f5800000)
  object space 286720K, 7% used [0x00000000e4000000,0x00000000e5577d70,0x00000000f5800000)
 Metaspace       used 58380K, capacity 62230K, committed 62464K, reserved 1103872K
  class space    used 7495K, capacity 8187K, committed 8192K, reserved 1048576K
2024-06-11T22:17:37.280+0800: 76.369: [GC (Allocation Failure) [PSYoungGen: 130752K->480K(152064K)] 152735K->22495K(438784K), 0.0041101 secs] [Times: user=0.01 sys=0.00, real=0.01 secs] 
Heap after GC invocations=16 (full 0):
 PSYoungGen      total 152064K, used 480K [0x00000000f5800000, 0x0000000100000000, 0x0000000100000000)
  eden space 131584K, 0% used [0x00000000f5800000,0x00000000f5800000,0x00000000fd880000)
  from space 20480K, 2% used [0x00000000fec00000,0x00000000fec78000,0x0000000100000000)
  to   space 19968K, 0% used [0x00000000fd880000,0x00000000fd880000,0x00000000fec00000)
 ParOldGen       total 286720K, used 22015K [0x00000000e4000000, 0x00000000f5800000, 0x00000000f5800000)
  object space 286720K, 7% used [0x00000000e4000000,0x00000000e557fd70,0x00000000f5800000)
 Metaspace       used 58380K, capacity 62230K, committed 62464K, reserved 1103872K
  class space    used 7495K, capacity 8187K, committed 8192K, reserved 1048576K
}
{Heap before GC invocations=17 (full 0):
 PSYoungGen      total 152064K, used 132064K [0x00000000f5800000, 0x0000000100000000, 0x0000000100000000)
  eden space 131584K, 100% used [0x00000000f5800000,0x00000000fd880000,0x00000000fd880000)
  from space 20480K, 2% used [0x00000000fec00000,0x00000000fec78000,0x0000000100000000)
  to   space 19968K, 0% used [0x00000000fd880000,0x00000000fd880000,0x00000000fec00000)
 ParOldGen       total 286720K, used 22015K [0x00000000e4000000, 0x00000000f5800000, 0x00000000f5800000)
  object space 286720K, 7% used [0x00000000e4000000,0x00000000e557fd70,0x00000000f5800000)
 Metaspace       used 58407K, capacity 62294K, committed 62464K, reserved 1103872K
  class space    used 7495K, capacity 8187K, committed 8192K, reserved 1048576K
2024-06-11T22:17:45.424+0800: 84.513: [GC (Allocation Failure) [PSYoungGen: 132064K->192K(151552K)] 154079K->22479K(438272K), 0.0035162 secs] [Times: user=0.01 sys=0.00, real=0.00 secs] 
Heap after GC invocations=17 (full 0):
 PSYoungGen      total 151552K, used 192K [0x00000000f5800000, 0x0000000100000000, 0x0000000100000000)
  eden space 131584K, 0% used [0x00000000f5800000,0x00000000f5800000,0x00000000fd880000)
  from space 19968K, 0% used [0x00000000fd880000,0x00000000fd8b0000,0x00000000fec00000)
  to   space 19456K, 0% used [0x00000000fed00000,0x00000000fed00000,0x0000000100000000)
 ParOldGen       total 286720K, used 22287K [0x00000000e4000000, 0x00000000f5800000, 0x00000000f5800000)
  object space 286720K, 7% used [0x00000000e4000000,0x00000000e55c3d70,0x00000000f5800000)
 Metaspace       used 58407K, capacity 62294K, committed 62464K, reserved 1103872K
  class space    used 7495K, capacity 8187K, committed 8192K, reserved 1048576K
}
{Heap before GC invocations=18 (full 0):
 PSYoungGen      total 151552K, used 131776K [0x00000000f5800000, 0x0000000100000000, 0x0000000100000000)
  eden space 131584K, 100% used [0x00000000f5800000,0x00000000fd880000,0x00000000fd880000)
  from space 19968K, 0% used [0x00000000fd880000,0x00000000fd8b0000,0x00000000fec00000)
  to   space 19456K, 0% used [0x00000000fed00000,0x00000000fed00000,0x0000000100000000)
 ParOldGen       total 286720K, used 22287K [0x00000000e4000000, 0x00000000f5800000, 0x00000000f5800000)
  object space 286720K, 7% used [0x00000000e4000000,0x00000000e55c3d70,0x00000000f5800000)
 Metaspace       used 58412K, capacity 62294K, committed 62464K, reserved 1103872K
  class space    used 7495K, capacity 8187K, committed 8192K, reserved 1048576K
2024-06-11T22:17:53.403+0800: 92.492: [GC (Allocation Failure) [PSYoungGen: 131776K->596K(153600K)] 154063K->22899K(440320K), 0.0036489 secs] [Times: user=0.00 sys=0.00, real=0.00 secs] 
Heap after GC invocations=18 (full 0):
 PSYoungGen      total 153600K, used 596K [0x00000000f5800000, 0x0000000100000000, 0x0000000100000000)
  eden space 134144K, 0% used [0x00000000f5800000,0x00000000f5800000,0x00000000fdb00000)
  from space 19456K, 3% used [0x00000000fed00000,0x00000000fed95260,0x0000000100000000)
  to   space 18432K, 0% used [0x00000000fdb00000,0x00000000fdb00000,0x00000000fed00000)
 ParOldGen       total 286720K, used 22303K [0x00000000e4000000, 0x00000000f5800000, 0x00000000f5800000)
  object space 286720K, 7% used [0x00000000e4000000,0x00000000e55c7d70,0x00000000f5800000)
 Metaspace       used 58412K, capacity 62294K, committed 62464K, reserved 1103872K
  class space    used 7495K, capacity 8187K, committed 8192K, reserved 1048576K
}
{Heap before GC invocations=19 (full 0):
 PSYoungGen      total 153600K, used 134740K [0x00000000f5800000, 0x0000000100000000, 0x0000000100000000)
  eden space 134144K, 100% used [0x00000000f5800000,0x00000000fdb00000,0x00000000fdb00000)
  from space 19456K, 3% used [0x00000000fed00000,0x00000000fed95260,0x0000000100000000)
  to   space 18432K, 0% used [0x00000000fdb00000,0x00000000fdb00000,0x00000000fed00000)
 ParOldGen       total 286720K, used 22303K [0x00000000e4000000, 0x00000000f5800000, 0x00000000f5800000)
  object space 286720K, 7% used [0x00000000e4000000,0x00000000e55c7d70,0x00000000f5800000)
 Metaspace       used 58413K, capacity 62294K, committed 62464K, reserved 1103872K
  class space    used 7495K, capacity 8187K, committed 8192K, reserved 1048576K
2024-06-11T22:18:01.717+0800: 100.806: [GC (Allocation Failure) [PSYoungGen: 134740K->192K(152576K)] 157043K->22503K(439296K), 0.0036160 secs] [Times: user=0.01 sys=0.00, real=0.01 secs] 
Heap after GC invocations=19 (full 0):
 PSYoungGen      total 152576K, used 192K [0x00000000f5800000, 0x0000000100000000, 0x0000000100000000)
  eden space 134144K, 0% used [0x00000000f5800000,0x00000000f5800000,0x00000000fdb00000)
  from space 18432K, 1% used [0x00000000fdb00000,0x00000000fdb30000,0x00000000fed00000)
  to   space 17920K, 0% used [0x00000000fee80000,0x00000000fee80000,0x0000000100000000)
 ParOldGen       total 286720K, used 22311K [0x00000000e4000000, 0x00000000f5800000, 0x00000000f5800000)
  object space 286720K, 7% used [0x00000000e4000000,0x00000000e55c9d70,0x00000000f5800000)
 Metaspace       used 58413K, capacity 62294K, committed 62464K, reserved 1103872K
  class space    used 7495K, capacity 8187K, committed 8192K, reserved 1048576K
}
{Heap before GC invocations=20 (full 0):
 PSYoungGen      total 152576K, used 134336K [0x00000000f5800000, 0x0000000100000000, 0x0000000100000000)
  eden space 134144K, 100% used [0x00000000f5800000,0x00000000fdb00000,0x00000000fdb00000)
  from space 18432K, 1% used [0x00000000fdb00000,0x00000000fdb30000,0x00000000fed00000)
  to   space 17920K, 0% used [0x00000000fee80000,0x00000000fee80000,0x0000000100000000)
 ParOldGen       total 286720K, used 22311K [0x00000000e4000000, 0x00000000f5800000, 0x00000000f5800000)
  object space 286720K, 7% used [0x00000000e4000000,0x00000000e55c9d70,0x00000000f5800000)
 Metaspace       used 58428K, capacity 62294K, committed 62464K, reserved 1103872K
  class space    used 7495K, capacity 8187K, committed 8192K, reserved 1048576K
2024-06-11T22:18:10.181+0800: 109.270: [GC (Allocation Failure) [PSYoungGen: 134336K->192K(155136K)] 156647K->22511K(441856K), 0.0030313 secs] [Times: user=0.00 sys=0.00, real=0.00 secs] 
Heap after GC invocations=20 (full 0):
 PSYoungGen      total 155136K, used 192K [0x00000000f5800000, 0x0000000100000000, 0x0000000100000000)
  eden space 137216K, 0% used [0x00000000f5800000,0x00000000f5800000,0x00000000fde00000)
  from space 17920K, 1% used [0x00000000fee80000,0x00000000feeb0000,0x0000000100000000)
  to   space 16896K, 0% used [0x00000000fde00000,0x00000000fde00000,0x00000000fee80000)
 ParOldGen       total 286720K, used 22319K [0x00000000e4000000, 0x00000000f5800000, 0x00000000f5800000)
  object space 286720K, 7% used [0x00000000e4000000,0x00000000e55cbd70,0x00000000f5800000)
 Metaspace       used 58428K, capacity 62294K, committed 62464K, reserved 1103872K
  class space    used 7495K, capacity 8187K, committed 8192K, reserved 1048576K
}
{Heap before GC invocations=21 (full 0):
 PSYoungGen      total 155136K, used 137408K [0x00000000f5800000, 0x0000000100000000, 0x0000000100000000)
  eden space 137216K, 100% used [0x00000000f5800000,0x00000000fde00000,0x00000000fde00000)
  from space 17920K, 1% used [0x00000000fee80000,0x00000000feeb0000,0x0000000100000000)
  to   space 16896K, 0% used [0x00000000fde00000,0x00000000fde00000,0x00000000fee80000)
 ParOldGen       total 286720K, used 22319K [0x00000000e4000000, 0x00000000f5800000, 0x00000000f5800000)
  object space 286720K, 7% used [0x00000000e4000000,0x00000000e55cbd70,0x00000000f5800000)
 Metaspace       used 58432K, capacity 62294K, committed 62464K, reserved 1103872K
  class space    used 7495K, capacity 8187K, committed 8192K, reserved 1048576K
2024-06-11T22:18:18.524+0800: 117.613: [GC (Allocation Failure) [PSYoungGen: 137408K->192K(154112K)] 159727K->22527K(440832K), 0.0030860 secs] [Times: user=0.01 sys=0.00, real=0.00 secs] 
Heap after GC invocations=21 (full 0):
 PSYoungGen      total 154112K, used 192K [0x00000000f5800000, 0x0000000100000000, 0x0000000100000000)
  eden space 137216K, 0% used [0x00000000f5800000,0x00000000f5800000,0x00000000fde00000)
  from space 16896K, 1% used [0x00000000fde00000,0x00000000fde30000,0x00000000fee80000)
  to   space 16384K, 0% used [0x00000000ff000000,0x00000000ff000000,0x0000000100000000)
 ParOldGen       total 286720K, used 22335K [0x00000000e4000000, 0x00000000f5800000, 0x00000000f5800000)
  object space 286720K, 7% used [0x00000000e4000000,0x00000000e55cfd70,0x00000000f5800000)
 Metaspace       used 58432K, capacity 62294K, committed 62464K, reserved 1103872K
  class space    used 7495K, capacity 8187K, committed 8192K, reserved 1048576K
}
{Heap before GC invocations=22 (full 0):
 PSYoungGen      total 154112K, used 137408K [0x00000000f5800000, 0x0000000100000000, 0x0000000100000000)
  eden space 137216K, 100% used [0x00000000f5800000,0x00000000fde00000,0x00000000fde00000)
  from space 16896K, 1% used [0x00000000fde00000,0x00000000fde30000,0x00000000fee80000)
  to   space 16384K, 0% used [0x00000000ff000000,0x00000000ff000000,0x0000000100000000)
 ParOldGen       total 286720K, used 22335K [0x00000000e4000000, 0x00000000f5800000, 0x00000000f5800000)
  object space 286720K, 7% used [0x00000000e4000000,0x00000000e55cfd70,0x00000000f5800000)
 Metaspace       used 58448K, capacity 62298K, committed 62464K, reserved 1103872K
  class space    used 7495K, capacity 8187K, committed 8192K, reserved 1048576K
2024-06-11T22:18:27.043+0800: 126.131: [GC (Allocation Failure) [PSYoungGen: 137408K->192K(156672K)] 159743K->22535K(443392K), 0.0032730 secs] [Times: user=0.00 sys=0.00, real=0.00 secs] 
Heap after GC invocations=22 (full 0):
 PSYoungGen      total 156672K, used 192K [0x00000000f5800000, 0x0000000100000000, 0x0000000100000000)
  eden space 140288K, 0% used [0x00000000f5800000,0x00000000f5800000,0x00000000fe100000)
  from space 16384K, 1% used [0x00000000ff000000,0x00000000ff030000,0x0000000100000000)
  to   space 15360K, 0% used [0x00000000fe100000,0x00000000fe100000,0x00000000ff000000)
 ParOldGen       total 286720K, used 22343K [0x00000000e4000000, 0x00000000f5800000, 0x00000000f5800000)
  object space 286720K, 7% used [0x00000000e4000000,0x00000000e55d1d70,0x00000000f5800000)
 Metaspace       used 58448K, capacity 62298K, committed 62464K, reserved 1103872K
  class space    used 7495K, capacity 8187K, committed 8192K, reserved 1048576K
}
{Heap before GC invocations=23 (full 0):
 PSYoungGen      total 156672K, used 140480K [0x00000000f5800000, 0x0000000100000000, 0x0000000100000000)
  eden space 140288K, 100% used [0x00000000f5800000,0x00000000fe100000,0x00000000fe100000)
  from space 16384K, 1% used [0x00000000ff000000,0x00000000ff030000,0x0000000100000000)
  to   space 15360K, 0% used [0x00000000fe100000,0x00000000fe100000,0x00000000ff000000)
 ParOldGen       total 286720K, used 22343K [0x00000000e4000000, 0x00000000f5800000, 0x00000000f5800000)
  object space 286720K, 7% used [0x00000000e4000000,0x00000000e55d1d70,0x00000000f5800000)
 Metaspace       used 58469K, capacity 62298K, committed 62464K, reserved 1103872K
  class space    used 7495K, capacity 8187K, committed 8192K, reserved 1048576K
2024-06-11T22:18:35.637+0800: 134.726: [GC (Allocation Failure) [PSYoungGen: 140480K->448K(155648K)] 162823K->22807K(442368K), 0.0033880 secs] [Times: user=0.01 sys=0.00, real=0.01 secs] 
Heap after GC invocations=23 (full 0):
 PSYoungGen      total 155648K, used 448K [0x00000000f5800000, 0x0000000100000000, 0x0000000100000000)
  eden space 140288K, 0% used [0x00000000f5800000,0x00000000f5800000,0x00000000fe100000)
  from space 15360K, 2% used [0x00000000fe100000,0x00000000fe170000,0x00000000ff000000)
  to   space 14848K, 0% used [0x00000000ff180000,0x00000000ff180000,0x0000000100000000)
 ParOldGen       total 286720K, used 22359K [0x00000000e4000000, 0x00000000f5800000, 0x00000000f5800000)
  object space 286720K, 7% used [0x00000000e4000000,0x00000000e55d5d70,0x00000000f5800000)
 Metaspace       used 58469K, capacity 62298K, committed 62464K, reserved 1103872K
  class space    used 7495K, capacity 8187K, committed 8192K, reserved 1048576K
}
{Heap before GC invocations=24 (full 0):
 PSYoungGen      total 155648K, used 140736K [0x00000000f5800000, 0x0000000100000000, 0x0000000100000000)
  eden space 140288K, 100% used [0x00000000f5800000,0x00000000fe100000,0x00000000fe100000)
  from space 15360K, 2% used [0x00000000fe100000,0x00000000fe170000,0x00000000ff000000)
  to   space 14848K, 0% used [0x00000000ff180000,0x00000000ff180000,0x0000000100000000)
 ParOldGen       total 286720K, used 22359K [0x00000000e4000000, 0x00000000f5800000, 0x00000000f5800000)
  object space 286720K, 7% used [0x00000000e4000000,0x00000000e55d5d70,0x00000000f5800000)
 Metaspace       used 58483K, capacity 62362K, committed 62464K, reserved 1103872K
  class space    used 7495K, capacity 8187K, committed 8192K, reserved 1048576K
2024-06-11T22:18:44.227+0800: 143.316: [GC (Allocation Failure) [PSYoungGen: 140736K->192K(158208K)] 163095K->22783K(444928K), 0.0041893 secs] [Times: user=0.01 sys=0.00, real=0.01 secs] 
Heap after GC invocations=24 (full 0):
 PSYoungGen      total 158208K, used 192K [0x00000000f5800000, 0x0000000100000000, 0x0000000100000000)
  eden space 143360K, 0% used [0x00000000f5800000,0x00000000f5800000,0x00000000fe400000)
  from space 14848K, 1% used [0x00000000ff180000,0x00000000ff1b0000,0x0000000100000000)
  to   space 13824K, 0% used [0x00000000fe400000,0x00000000fe400000,0x00000000ff180000)
 ParOldGen       total 286720K, used 22591K [0x00000000e4000000, 0x00000000f5800000, 0x00000000f5800000)
  object space 286720K, 7% used [0x00000000e4000000,0x00000000e560fd70,0x00000000f5800000)
 Metaspace       used 58483K, capacity 62362K, committed 62464K, reserved 1103872K
  class space    used 7495K, capacity 8187K, committed 8192K, reserved 1048576K
}
{Heap before GC invocations=25 (full 0):
 PSYoungGen      total 158208K, used 143552K [0x00000000f5800000, 0x0000000100000000, 0x0000000100000000)
  eden space 143360K, 100% used [0x00000000f5800000,0x00000000fe400000,0x00000000fe400000)
  from space 14848K, 1% used [0x00000000ff180000,0x00000000ff1b0000,0x0000000100000000)
  to   space 13824K, 0% used [0x00000000fe400000,0x00000000fe400000,0x00000000ff180000)
 ParOldGen       total 286720K, used 22591K [0x00000000e4000000, 0x00000000f5800000, 0x00000000f5800000)
  object space 286720K, 7% used [0x00000000e4000000,0x00000000e560fd70,0x00000000f5800000)
 Metaspace       used 58519K, capacity 62362K, committed 62464K, reserved 1103872K
  class space    used 7495K, capacity 8187K, committed 8192K, reserved 1048576K
2024-06-11T22:18:54.241+0800: 153.330: [GC (Allocation Failure) [PSYoungGen: 143552K->832K(157184K)] 166143K->23439K(443904K), 0.0040167 secs] [Times: user=0.01 sys=0.00, real=0.00 secs] 
Heap after GC invocations=25 (full 0):
 PSYoungGen      total 157184K, used 832K [0x00000000f5800000, 0x0000000100000000, 0x0000000100000000)
  eden space 143360K, 0% used [0x00000000f5800000,0x00000000f5800000,0x00000000fe400000)
  from space 13824K, 6% used [0x00000000fe400000,0x00000000fe4d0000,0x00000000ff180000)
  to   space 12800K, 0% used [0x00000000ff380000,0x00000000ff380000,0x0000000100000000)
 ParOldGen       total 286720K, used 22607K [0x00000000e4000000, 0x00000000f5800000, 0x00000000f5800000)
  object space 286720K, 7% used [0x00000000e4000000,0x00000000e5613d70,0x00000000f5800000)
 Metaspace       used 58519K, capacity 62362K, committed 62464K, reserved 1103872K
  class space    used 7495K, capacity 8187K, committed 8192K, reserved 1048576K
}
{Heap before GC invocations=26 (full 0):
 PSYoungGen      total 157184K, used 144192K [0x00000000f5800000, 0x0000000100000000, 0x0000000100000000)
  eden space 143360K, 100% used [0x00000000f5800000,0x00000000fe400000,0x00000000fe400000)
  from space 13824K, 6% used [0x00000000fe400000,0x00000000fe4d0000,0x00000000ff180000)
  to   space 12800K, 0% used [0x00000000ff380000,0x00000000ff380000,0x0000000100000000)
 ParOldGen       total 286720K, used 22607K [0x00000000e4000000, 0x00000000f5800000, 0x00000000f5800000)
  object space 286720K, 7% used [0x00000000e4000000,0x00000000e5613d70,0x00000000f5800000)
 Metaspace       used 58519K, capacity 62362K, committed 62464K, reserved 1103872K
  class space    used 7495K, capacity 8187K, committed 8192K, reserved 1048576K
2024-06-11T22:19:03.091+0800: 162.180: [GC (Allocation Failure) [PSYoungGen: 144192K->256K(159744K)] 166799K->23375K(446464K), 0.0041792 secs] [Times: user=0.01 sys=0.00, real=0.00 secs] 
Heap after GC invocations=26 (full 0):
 PSYoungGen      total 159744K, used 256K [0x00000000f5800000, 0x0000000100000000, 0x0000000100000000)
  eden space 146944K, 0% used [0x00000000f5800000,0x00000000f5800000,0x00000000fe780000)
  from space 12800K, 2% used [0x00000000ff380000,0x00000000ff3c0000,0x0000000100000000)
  to   space 12288K, 0% used [0x00000000fe780000,0x00000000fe780000,0x00000000ff380000)
 ParOldGen       total 286720K, used 23119K [0x00000000e4000000, 0x00000000f5800000, 0x00000000f5800000)
  object space 286720K, 8% used [0x00000000e4000000,0x00000000e5693d70,0x00000000f5800000)
 Metaspace       used 58519K, capacity 62362K, committed 62464K, reserved 1103872K
  class space    used 7495K, capacity 8187K, committed 8192K, reserved 1048576K
}
{Heap before GC invocations=27 (full 0):
 PSYoungGen      total 159744K, used 147200K [0x00000000f5800000, 0x0000000100000000, 0x0000000100000000)
  eden space 146944K, 100% used [0x00000000f5800000,0x00000000fe780000,0x00000000fe780000)
  from space 12800K, 2% used [0x00000000ff380000,0x00000000ff3c0000,0x0000000100000000)
  to   space 12288K, 0% used [0x00000000fe780000,0x00000000fe780000,0x00000000ff380000)
 ParOldGen       total 286720K, used 23119K [0x00000000e4000000, 0x00000000f5800000, 0x00000000f5800000)
  object space 286720K, 8% used [0x00000000e4000000,0x00000000e5693d70,0x00000000f5800000)
 Metaspace       used 58532K, capacity 62426K, committed 62464K, reserved 1103872K
  class space    used 7495K, capacity 8187K, committed 8192K, reserved 1048576K
2024-06-11T22:19:12.126+0800: 171.215: [GC (Allocation Failure) [PSYoungGen: 147200K->288K(159232K)] 170319K->23415K(445952K), 0.0039785 secs] [Times: user=0.00 sys=0.00, real=0.00 secs] 
Heap after GC invocations=27 (full 0):
 PSYoungGen      total 159232K, used 288K [0x00000000f5800000, 0x0000000100000000, 0x0000000100000000)
  eden space 146944K, 0% used [0x00000000f5800000,0x00000000f5800000,0x00000000fe780000)
  from space 12288K, 2% used [0x00000000fe780000,0x00000000fe7c8000,0x00000000ff380000)
  to   space 11776K, 0% used [0x00000000ff480000,0x00000000ff480000,0x0000000100000000)
 ParOldGen       total 286720K, used 23127K [0x00000000e4000000, 0x00000000f5800000, 0x00000000f5800000)
  object space 286720K, 8% used [0x00000000e4000000,0x00000000e5695d70,0x00000000f5800000)
 Metaspace       used 58532K, capacity 62426K, committed 62464K, reserved 1103872K
  class space    used 7495K, capacity 8187K, committed 8192K, reserved 1048576K
}
{Heap before GC invocations=28 (full 0):
 PSYoungGen      total 159232K, used 147232K [0x00000000f5800000, 0x0000000100000000, 0x0000000100000000)
  eden space 146944K, 100% used [0x00000000f5800000,0x00000000fe780000,0x00000000fe780000)
  from space 12288K, 2% used [0x00000000fe780000,0x00000000fe7c8000,0x00000000ff380000)
  to   space 11776K, 0% used [0x00000000ff480000,0x00000000ff480000,0x0000000100000000)
 ParOldGen       total 286720K, used 23127K [0x00000000e4000000, 0x00000000f5800000, 0x00000000f5800000)
  object space 286720K, 8% used [0x00000000e4000000,0x00000000e5695d70,0x00000000f5800000)
 Metaspace       used 58532K, capacity 62426K, committed 62464K, reserved 1103872K
  class space    used 7495K, capacity 8187K, committed 8192K, reserved 1048576K
2024-06-11T22:19:21.247+0800: 180.336: [GC (Allocation Failure) [PSYoungGen: 147232K->288K(161280K)] 170359K->23423K(448000K), 0.0035837 secs] [Times: user=0.01 sys=0.00, real=0.01 secs] 
Heap after GC invocations=28 (full 0):
 PSYoungGen      total 161280K, used 288K [0x00000000f5800000, 0x0000000100000000, 0x0000000100000000)
  eden space 149504K, 0% used [0x00000000f5800000,0x00000000f5800000,0x00000000fea00000)
  from space 11776K, 2% used [0x00000000ff480000,0x00000000ff4c8000,0x0000000100000000)
  to   space 10752K, 0% used [0x00000000fea00000,0x00000000fea00000,0x00000000ff480000)
 ParOldGen       total 286720K, used 23135K [0x00000000e4000000, 0x00000000f5800000, 0x00000000f5800000)
  object space 286720K, 8% used [0x00000000e4000000,0x00000000e5697d70,0x00000000f5800000)
 Metaspace       used 58532K, capacity 62426K, committed 62464K, reserved 1103872K
  class space    used 7495K, capacity 8187K, committed 8192K, reserved 1048576K
}
{Heap before GC invocations=29 (full 0):
 PSYoungGen      total 161280K, used 149792K [0x00000000f5800000, 0x0000000100000000, 0x0000000100000000)
  eden space 149504K, 100% used [0x00000000f5800000,0x00000000fea00000,0x00000000fea00000)
  from space 11776K, 2% used [0x00000000ff480000,0x00000000ff4c8000,0x0000000100000000)
  to   space 10752K, 0% used [0x00000000fea00000,0x00000000fea00000,0x00000000ff480000)
 ParOldGen       total 286720K, used 23135K [0x00000000e4000000, 0x00000000f5800000, 0x00000000f5800000)
  object space 286720K, 8% used [0x00000000e4000000,0x00000000e5697d70,0x00000000f5800000)
 Metaspace       used 58534K, capacity 62426K, committed 62464K, reserved 1103872K
  class space    used 7495K, capacity 8187K, committed 8192K, reserved 1048576K
2024-06-11T22:19:30.380+0800: 189.469: [GC (Allocation Failure) [PSYoungGen: 149792K->288K(160256K)] 172927K->23423K(446976K), 0.0033397 secs] [Times: user=0.01 sys=0.00, real=0.01 secs] 
Heap after GC invocations=29 (full 0):
 PSYoungGen      total 160256K, used 288K [0x00000000f5800000, 0x0000000100000000, 0x0000000100000000)
  eden space 149504K, 0% used [0x00000000f5800000,0x00000000f5800000,0x00000000fea00000)
  from space 10752K, 2% used [0x00000000fea00000,0x00000000fea48000,0x00000000ff480000)
  to   space 10240K, 0% used [0x00000000ff600000,0x00000000ff600000,0x0000000100000000)
 ParOldGen       total 286720K, used 23135K [0x00000000e4000000, 0x00000000f5800000, 0x00000000f5800000)
  object space 286720K, 8% used [0x00000000e4000000,0x00000000e5697d70,0x00000000f5800000)
 Metaspace       used 58534K, capacity 62426K, committed 62464K, reserved 1103872K
  class space    used 7495K, capacity 8187K, committed 8192K, reserved 1048576K
}
{Heap before GC invocations=30 (full 0):
 PSYoungGen      total 160256K, used 149792K [0x00000000f5800000, 0x0000000100000000, 0x0000000100000000)
  eden space 149504K, 100% used [0x00000000f5800000,0x00000000fea00000,0x00000000fea00000)
  from space 10752K, 2% used [0x00000000fea00000,0x00000000fea48000,0x00000000ff480000)
  to   space 10240K, 0% used [0x00000000ff600000,0x00000000ff600000,0x0000000100000000)
 ParOldGen       total 286720K, used 23135K [0x00000000e4000000, 0x00000000f5800000, 0x00000000f5800000)
  object space 286720K, 8% used [0x00000000e4000000,0x00000000e5697d70,0x00000000f5800000)
 Metaspace       used 58538K, capacity 62426K, committed 62464K, reserved 1103872K
  class space    used 7495K, capacity 8187K, committed 8192K, reserved 1048576K
2024-06-11T22:19:39.708+0800: 198.797: [GC (Allocation Failure) [PSYoungGen: 149792K->288K(162304K)] 172927K->23439K(449024K), 0.0033025 secs] [Times: user=0.00 sys=0.01, real=0.01 secs] 
Heap after GC invocations=30 (full 0):
 PSYoungGen      total 162304K, used 288K [0x00000000f5800000, 0x0000000100000000, 0x0000000100000000)
  eden space 152064K, 0% used [0x00000000f5800000,0x00000000f5800000,0x00000000fec80000)
  from space 10240K, 2% used [0x00000000ff600000,0x00000000ff648000,0x0000000100000000)
  to   space 9728K, 0% used [0x00000000fec80000,0x00000000fec80000,0x00000000ff600000)
 ParOldGen       total 286720K, used 23151K [0x00000000e4000000, 0x00000000f5800000, 0x00000000f5800000)
  object space 286720K, 8% used [0x00000000e4000000,0x00000000e569bd70,0x00000000f5800000)
 Metaspace       used 58538K, capacity 62426K, committed 62464K, reserved 1103872K
  class space    used 7495K, capacity 8187K, committed 8192K, reserved 1048576K
}
{Heap before GC invocations=31 (full 0):
 PSYoungGen      total 162304K, used 152352K [0x00000000f5800000, 0x0000000100000000, 0x0000000100000000)
  eden space 152064K, 100% used [0x00000000f5800000,0x00000000fec80000,0x00000000fec80000)
  from space 10240K, 2% used [0x00000000ff600000,0x00000000ff648000,0x0000000100000000)
  to   space 9728K, 0% used [0x00000000fec80000,0x00000000fec80000,0x00000000ff600000)
 ParOldGen       total 286720K, used 23151K [0x00000000e4000000, 0x00000000f5800000, 0x00000000f5800000)
  object space 286720K, 8% used [0x00000000e4000000,0x00000000e569bd70,0x00000000f5800000)
 Metaspace       used 58544K, capacity 62426K, committed 62464K, reserved 1103872K
  class space    used 7495K, capacity 8187K, committed 8192K, reserved 1048576K
2024-06-11T22:19:49.164+0800: 208.253: [GC (Allocation Failure) [PSYoungGen: 152352K->256K(161792K)] 175503K->23415K(448512K), 0.0046989 secs] [Times: user=0.00 sys=0.00, real=0.00 secs] 
Heap after GC invocations=31 (full 0):
 PSYoungGen      total 161792K, used 256K [0x00000000f5800000, 0x0000000100000000, 0x0000000100000000)
  eden space 152064K, 0% used [0x00000000f5800000,0x00000000f5800000,0x00000000fec80000)
  from space 9728K, 2% used [0x00000000fec80000,0x00000000fecc0000,0x00000000ff600000)
  to   space 9216K, 0% used [0x00000000ff700000,0x00000000ff700000,0x0000000100000000)
 ParOldGen       total 286720K, used 23159K [0x00000000e4000000, 0x00000000f5800000, 0x00000000f5800000)
  object space 286720K, 8% used [0x00000000e4000000,0x00000000e569dd70,0x00000000f5800000)
 Metaspace       used 58544K, capacity 62426K, committed 62464K, reserved 1103872K
  class space    used 7495K, capacity 8187K, committed 8192K, reserved 1048576K
}
{Heap before GC invocations=32 (full 0):
 PSYoungGen      total 161792K, used 152320K [0x00000000f5800000, 0x0000000100000000, 0x0000000100000000)
  eden space 152064K, 100% used [0x00000000f5800000,0x00000000fec80000,0x00000000fec80000)
  from space 9728K, 2% used [0x00000000fec80000,0x00000000fecc0000,0x00000000ff600000)
  to   space 9216K, 0% used [0x00000000ff700000,0x00000000ff700000,0x0000000100000000)
 ParOldGen       total 286720K, used 23159K [0x00000000e4000000, 0x00000000f5800000, 0x00000000f5800000)
  object space 286720K, 8% used [0x00000000e4000000,0x00000000e569dd70,0x00000000f5800000)
 Metaspace       used 58564K, capacity 62426K, committed 62464K, reserved 1103872K
  class space    used 7495K, capacity 8187K, committed 8192K, reserved 1048576K
2024-06-11T22:19:58.580+0800: 217.669: [GC (Allocation Failure) [PSYoungGen: 152320K->800K(163840K)] 175479K->23967K(450560K), 0.0048280 secs] [Times: user=0.01 sys=0.00, real=0.01 secs] 
Heap after GC invocations=32 (full 0):
 PSYoungGen      total 163840K, used 800K [0x00000000f5800000, 0x0000000100000000, 0x0000000100000000)
  eden space 154624K, 0% used [0x00000000f5800000,0x00000000f5800000,0x00000000fef00000)
  from space 9216K, 8% used [0x00000000ff700000,0x00000000ff7c8000,0x0000000100000000)
  to   space 8192K, 0% used [0x00000000fef00000,0x00000000fef00000,0x00000000ff700000)
 ParOldGen       total 286720K, used 23167K [0x00000000e4000000, 0x00000000f5800000, 0x00000000f5800000)
  object space 286720K, 8% used [0x00000000e4000000,0x00000000e569fd70,0x00000000f5800000)
 Metaspace       used 58564K, capacity 62426K, committed 62464K, reserved 1103872K
  class space    used 7495K, capacity 8187K, committed 8192K, reserved 1048576K
}
{Heap before GC invocations=33 (full 0):
 PSYoungGen      total 163840K, used 155424K [0x00000000f5800000, 0x0000000100000000, 0x0000000100000000)
  eden space 154624K, 100% used [0x00000000f5800000,0x00000000fef00000,0x00000000fef00000)
  from space 9216K, 8% used [0x00000000ff700000,0x00000000ff7c8000,0x0000000100000000)
  to   space 8192K, 0% used [0x00000000fef00000,0x00000000fef00000,0x00000000ff700000)
 ParOldGen       total 286720K, used 23167K [0x00000000e4000000, 0x00000000f5800000, 0x00000000f5800000)
  object space 286720K, 8% used [0x00000000e4000000,0x00000000e569fd70,0x00000000f5800000)
 Metaspace       used 58568K, capacity 62426K, committed 62464K, reserved 1103872K
  class space    used 7495K, capacity 8187K, committed 8192K, reserved 1048576K
2024-06-11T22:20:08.075+0800: 227.164: [GC (Allocation Failure) [PSYoungGen: 155424K->661K(162816K)] 178591K->24340K(449536K), 0.0087212 secs] [Times: user=0.02 sys=0.00, real=0.01 secs] 
Heap after GC invocations=33 (full 0):
 PSYoungGen      total 162816K, used 661K [0x00000000f5800000, 0x0000000100000000, 0x0000000100000000)
  eden space 154624K, 0% used [0x00000000f5800000,0x00000000f5800000,0x00000000fef00000)
  from space 8192K, 8% used [0x00000000fef00000,0x00000000fefa5450,0x00000000ff700000)
  to   space 7680K, 0% used [0x00000000ff880000,0x00000000ff880000,0x0000000100000000)
 ParOldGen       total 286720K, used 23679K [0x00000000e4000000, 0x00000000f5800000, 0x00000000f5800000)
  object space 286720K, 8% used [0x00000000e4000000,0x00000000e571fd70,0x00000000f5800000)
 Metaspace       used 58568K, capacity 62426K, committed 62464K, reserved 1103872K
  class space    used 7495K, capacity 8187K, committed 8192K, reserved 1048576K
}
{Heap before GC invocations=34 (full 0):
 PSYoungGen      total 162816K, used 155285K [0x00000000f5800000, 0x0000000100000000, 0x0000000100000000)
  eden space 154624K, 100% used [0x00000000f5800000,0x00000000fef00000,0x00000000fef00000)
  from space 8192K, 8% used [0x00000000fef00000,0x00000000fefa5450,0x00000000ff700000)
  to   space 7680K, 0% used [0x00000000ff880000,0x00000000ff880000,0x0000000100000000)
 ParOldGen       total 286720K, used 23679K [0x00000000e4000000, 0x00000000f5800000, 0x00000000f5800000)
  object space 286720K, 8% used [0x00000000e4000000,0x00000000e571fd70,0x00000000f5800000)
 Metaspace       used 58571K, capacity 62426K, committed 62464K, reserved 1103872K
  class space    used 7495K, capacity 8187K, committed 8192K, reserved 1048576K
2024-06-11T22:20:17.664+0800: 236.752: [GC (Allocation Failure) [PSYoungGen: 155285K->288K(164864K)] 178964K->23983K(451584K), 0.0032634 secs] [Times: user=0.01 sys=0.00, real=0.00 secs] 
Heap after GC invocations=34 (full 0):
 PSYoungGen      total 164864K, used 288K [0x00000000f5800000, 0x0000000100000000, 0x0000000100000000)
  eden space 157184K, 0% used [0x00000000f5800000,0x00000000f5800000,0x00000000ff180000)
  from space 7680K, 3% used [0x00000000ff880000,0x00000000ff8c8000,0x0000000100000000)
  to   space 7168K, 0% used [0x00000000ff180000,0x00000000ff180000,0x00000000ff880000)
 ParOldGen       total 286720K, used 23695K [0x00000000e4000000, 0x00000000f5800000, 0x00000000f5800000)
  object space 286720K, 8% used [0x00000000e4000000,0x00000000e5723d70,0x00000000f5800000)
 Metaspace       used 58571K, capacity 62426K, committed 62464K, reserved 1103872K
  class space    used 7495K, capacity 8187K, committed 8192K, reserved 1048576K
}
{Heap before GC invocations=35 (full 0):
 PSYoungGen      total 164864K, used 157472K [0x00000000f5800000, 0x0000000100000000, 0x0000000100000000)
  eden space 157184K, 100% used [0x00000000f5800000,0x00000000ff180000,0x00000000ff180000)
  from space 7680K, 3% used [0x00000000ff880000,0x00000000ff8c8000,0x0000000100000000)
  to   space 7168K, 0% used [0x00000000ff180000,0x00000000ff180000,0x00000000ff880000)
 ParOldGen       total 286720K, used 23695K [0x00000000e4000000, 0x00000000f5800000, 0x00000000f5800000)
  object space 286720K, 8% used [0x00000000e4000000,0x00000000e5723d70,0x00000000f5800000)
 Metaspace       used 58591K, capacity 62462K, committed 62592K, reserved 1103872K
  class space    used 7499K, capacity 8193K, committed 8320K, reserved 1048576K
2024-06-11T22:20:27.515+0800: 246.603: [GC (Allocation Failure) [PSYoungGen: 157472K->288K(164352K)] 181167K->23991K(451072K), 0.0032041 secs] [Times: user=0.00 sys=0.00, real=0.00 secs] 
Heap after GC invocations=35 (full 0):
 PSYoungGen      total 164352K, used 288K [0x00000000f5800000, 0x0000000100000000, 0x0000000100000000)
  eden space 157184K, 0% used [0x00000000f5800000,0x00000000f5800000,0x00000000ff180000)
  from space 7168K, 4% used [0x00000000ff180000,0x00000000ff1c8000,0x00000000ff880000)
  to   space 6656K, 0% used [0x00000000ff980000,0x00000000ff980000,0x0000000100000000)
 ParOldGen       total 286720K, used 23703K [0x00000000e4000000, 0x00000000f5800000, 0x00000000f5800000)
  object space 286720K, 8% used [0x00000000e4000000,0x00000000e5725d70,0x00000000f5800000)
 Metaspace       used 58591K, capacity 62462K, committed 62592K, reserved 1103872K
  class space    used 7499K, capacity 8193K, committed 8320K, reserved 1048576K
}
{Heap before GC invocations=36 (full 0):
 PSYoungGen      total 164352K, used 157472K [0x00000000f5800000, 0x0000000100000000, 0x0000000100000000)
  eden space 157184K, 100% used [0x00000000f5800000,0x00000000ff180000,0x00000000ff180000)
  from space 7168K, 4% used [0x00000000ff180000,0x00000000ff1c8000,0x00000000ff880000)
  to   space 6656K, 0% used [0x00000000ff980000,0x00000000ff980000,0x0000000100000000)
 ParOldGen       total 286720K, used 23703K [0x00000000e4000000, 0x00000000f5800000, 0x00000000f5800000)
  object space 286720K, 8% used [0x00000000e4000000,0x00000000e5725d70,0x00000000f5800000)
 Metaspace       used 58591K, capacity 62462K, committed 62592K, reserved 1103872K
  class space    used 7499K, capacity 8193K, committed 8320K, reserved 1048576K
2024-06-11T22:20:37.118+0800: 256.206: [GC (Allocation Failure) [PSYoungGen: 157472K->288K(165376K)] 181175K->24007K(452096K), 0.0032427 secs] [Times: user=0.01 sys=0.00, real=0.01 secs] 
Heap after GC invocations=36 (full 0):
 PSYoungGen      total 165376K, used 288K [0x00000000f5800000, 0x0000000100000000, 0x0000000100000000)
  eden space 158720K, 0% used [0x00000000f5800000,0x00000000f5800000,0x00000000ff300000)
  from space 6656K, 4% used [0x00000000ff980000,0x00000000ff9c8000,0x0000000100000000)
  to   space 6656K, 0% used [0x00000000ff300000,0x00000000ff300000,0x00000000ff980000)
 ParOldGen       total 286720K, used 23719K [0x00000000e4000000, 0x00000000f5800000, 0x00000000f5800000)
  object space 286720K, 8% used [0x00000000e4000000,0x00000000e5729d70,0x00000000f5800000)
 Metaspace       used 58591K, capacity 62462K, committed 62592K, reserved 1103872K
  class space    used 7499K, capacity 8193K, committed 8320K, reserved 1048576K
}
{Heap before GC invocations=37 (full 0):
 PSYoungGen      total 165376K, used 159008K [0x00000000f5800000, 0x0000000100000000, 0x0000000100000000)
  eden space 158720K, 100% used [0x00000000f5800000,0x00000000ff300000,0x00000000ff300000)
  from space 6656K, 4% used [0x00000000ff980000,0x00000000ff9c8000,0x0000000100000000)
  to   space 6656K, 0% used [0x00000000ff300000,0x00000000ff300000,0x00000000ff980000)
 ParOldGen       total 286720K, used 23719K [0x00000000e4000000, 0x00000000f5800000, 0x00000000f5800000)
  object space 286720K, 8% used [0x00000000e4000000,0x00000000e5729d70,0x00000000f5800000)
 Metaspace       used 58598K, capacity 62462K, committed 62592K, reserved 1103872K
  class space    used 7499K, capacity 8193K, committed 8320K, reserved 1048576K
2024-06-11T22:20:47.006+0800: 266.095: [GC (Allocation Failure) [PSYoungGen: 159008K->288K(165376K)] 182727K->24015K(452096K), 0.0040411 secs] [Times: user=0.00 sys=0.00, real=0.00 secs] 
Heap after GC invocations=37 (full 0):
 PSYoungGen      total 165376K, used 288K [0x00000000f5800000, 0x0000000100000000, 0x0000000100000000)
  eden space 158720K, 0% used [0x00000000f5800000,0x00000000f5800000,0x00000000ff300000)
  from space 6656K, 4% used [0x00000000ff300000,0x00000000ff348000,0x00000000ff980000)
  to   space 6144K, 0% used [0x00000000ffa00000,0x00000000ffa00000,0x0000000100000000)
 ParOldGen       total 286720K, used 23727K [0x00000000e4000000, 0x00000000f5800000, 0x00000000f5800000)
  object space 286720K, 8% used [0x00000000e4000000,0x00000000e572bd70,0x00000000f5800000)
 Metaspace       used 58598K, capacity 62462K, committed 62592K, reserved 1103872K
  class space    used 7499K, capacity 8193K, committed 8320K, reserved 1048576K
}
{Heap before GC invocations=38 (full 0):
 PSYoungGen      total 165376K, used 159008K [0x00000000f5800000, 0x0000000100000000, 0x0000000100000000)
  eden space 158720K, 100% used [0x00000000f5800000,0x00000000ff300000,0x00000000ff300000)
  from space 6656K, 4% used [0x00000000ff300000,0x00000000ff348000,0x00000000ff980000)
  to   space 6144K, 0% used [0x00000000ffa00000,0x00000000ffa00000,0x0000000100000000)
 ParOldGen       total 286720K, used 23727K [0x00000000e4000000, 0x00000000f5800000, 0x00000000f5800000)
  object space 286720K, 8% used [0x00000000e4000000,0x00000000e572bd70,0x00000000f5800000)
 Metaspace       used 58609K, capacity 62526K, committed 62848K, reserved 1103872K
  class space    used 7499K, capacity 8193K, committed 8320K, reserved 1048576K
2024-06-11T22:20:56.792+0800: 275.881: [GC (Allocation Failure) [PSYoungGen: 159008K->800K(166400K)] 182735K->24543K(453120K), 0.0040702 secs] [Times: user=0.00 sys=0.00, real=0.00 secs] 
Heap after GC invocations=38 (full 0):
 PSYoungGen      total 166400K, used 800K [0x00000000f5800000, 0x0000000100000000, 0x0000000100000000)
  eden space 160256K, 0% used [0x00000000f5800000,0x00000000f5800000,0x00000000ff480000)
  from space 6144K, 13% used [0x00000000ffa00000,0x00000000ffac8000,0x0000000100000000)
  to   space 5632K, 0% used [0x00000000ff480000,0x00000000ff480000,0x00000000ffa00000)
 ParOldGen       total 286720K, used 23743K [0x00000000e4000000, 0x00000000f5800000, 0x00000000f5800000)
  object space 286720K, 8% used [0x00000000e4000000,0x00000000e572fd70,0x00000000f5800000)
 Metaspace       used 58609K, capacity 62526K, committed 62848K, reserved 1103872K
  class space    used 7499K, capacity 8193K, committed 8320K, reserved 1048576K
}
{Heap before GC invocations=39 (full 0):
 PSYoungGen      total 166400K, used 161056K [0x00000000f5800000, 0x0000000100000000, 0x0000000100000000)
  eden space 160256K, 100% used [0x00000000f5800000,0x00000000ff480000,0x00000000ff480000)
  from space 6144K, 13% used [0x00000000ffa00000,0x00000000ffac8000,0x0000000100000000)
  to   space 5632K, 0% used [0x00000000ff480000,0x00000000ff480000,0x00000000ffa00000)
 ParOldGen       total 286720K, used 23743K [0x00000000e4000000, 0x00000000f5800000, 0x00000000f5800000)
  object space 286720K, 8% used [0x00000000e4000000,0x00000000e572fd70,0x00000000f5800000)
 Metaspace       used 58609K, capacity 62526K, committed 62848K, reserved 1103872K
  class space    used 7499K, capacity 8193K, committed 8320K, reserved 1048576K
2024-06-11T22:21:06.715+0800: 285.804: [GC (Allocation Failure) [PSYoungGen: 161056K->288K(165888K)] 184799K->24543K(452608K), 0.0041050 secs] [Times: user=0.01 sys=0.00, real=0.00 secs] 
Heap after GC invocations=39 (full 0):
 PSYoungGen      total 165888K, used 288K [0x00000000f5800000, 0x0000000100000000, 0x0000000100000000)
  eden space 160256K, 0% used [0x00000000f5800000,0x00000000f5800000,0x00000000ff480000)
  from space 5632K, 5% used [0x00000000ff480000,0x00000000ff4c8000,0x00000000ffa00000)
  to   space 5120K, 0% used [0x00000000ffb00000,0x00000000ffb00000,0x0000000100000000)
 ParOldGen       total 286720K, used 24255K [0x00000000e4000000, 0x00000000f5800000, 0x00000000f5800000)
  object space 286720K, 8% used [0x00000000e4000000,0x00000000e57afd70,0x00000000f5800000)
 Metaspace       used 58609K, capacity 62526K, committed 62848K, reserved 1103872K
  class space    used 7499K, capacity 8193K, committed 8320K, reserved 1048576K
}
{Heap before GC invocations=40 (full 0):
 PSYoungGen      total 165888K, used 160544K [0x00000000f5800000, 0x0000000100000000, 0x0000000100000000)
  eden space 160256K, 100% used [0x00000000f5800000,0x00000000ff480000,0x00000000ff480000)
  from space 5632K, 5% used [0x00000000ff480000,0x00000000ff4c8000,0x00000000ffa00000)
  to   space 5120K, 0% used [0x00000000ffb00000,0x00000000ffb00000,0x0000000100000000)
 ParOldGen       total 286720K, used 24255K [0x00000000e4000000, 0x00000000f5800000, 0x00000000f5800000)
  object space 286720K, 8% used [0x00000000e4000000,0x00000000e57afd70,0x00000000f5800000)
 Metaspace       used 58614K, capacity 62526K, committed 62848K, reserved 1103872K
  class space    used 7499K, capacity 8193K, committed 8320K, reserved 1048576K
2024-06-11T22:21:16.689+0800: 295.778: [GC (Allocation Failure) [PSYoungGen: 160544K->288K(166912K)] 184799K->24567K(453632K), 0.0032405 secs] [Times: user=0.01 sys=0.00, real=0.01 secs] 
Heap after GC invocations=40 (full 0):
 PSYoungGen      total 166912K, used 288K [0x00000000f5800000, 0x0000000100000000, 0x0000000100000000)
  eden space 161792K, 0% used [0x00000000f5800000,0x00000000f5800000,0x00000000ff600000)
  from space 5120K, 5% used [0x00000000ffb00000,0x00000000ffb48000,0x0000000100000000)
  to   space 5120K, 0% used [0x00000000ff600000,0x00000000ff600000,0x00000000ffb00000)
 ParOldGen       total 286720K, used 24279K [0x00000000e4000000, 0x00000000f5800000, 0x00000000f5800000)
  object space 286720K, 8% used [0x00000000e4000000,0x00000000e57b5d70,0x00000000f5800000)
 Metaspace       used 58614K, capacity 62526K, committed 62848K, reserved 1103872K
  class space    used 7499K, capacity 8193K, committed 8320K, reserved 1048576K
}
{Heap before GC invocations=41 (full 0):
 PSYoungGen      total 166912K, used 162080K [0x00000000f5800000, 0x0000000100000000, 0x0000000100000000)
  eden space 161792K, 100% used [0x00000000f5800000,0x00000000ff600000,0x00000000ff600000)
  from space 5120K, 5% used [0x00000000ffb00000,0x00000000ffb48000,0x0000000100000000)
  to   space 5120K, 0% used [0x00000000ff600000,0x00000000ff600000,0x00000000ffb00000)
 ParOldGen       total 286720K, used 24279K [0x00000000e4000000, 0x00000000f5800000, 0x00000000f5800000)
  object space 286720K, 8% used [0x00000000e4000000,0x00000000e57b5d70,0x00000000f5800000)
 Metaspace       used 58624K, capacity 62526K, committed 62848K, reserved 1103872K
  class space    used 7499K, capacity 8193K, committed 8320K, reserved 1048576K
2024-06-11T22:21:26.815+0800: 305.904: [GC (Allocation Failure) [PSYoungGen: 162080K->288K(166912K)] 186359K->24575K(453632K), 0.0038896 secs] [Times: user=0.00 sys=0.00, real=0.00 secs] 
Heap after GC invocations=41 (full 0):
 PSYoungGen      total 166912K, used 288K [0x00000000f5800000, 0x0000000100000000, 0x0000000100000000)
  eden space 161792K, 0% used [0x00000000f5800000,0x00000000f5800000,0x00000000ff600000)
  from space 5120K, 5% used [0x00000000ff600000,0x00000000ff648000,0x00000000ffb00000)
  to   space 4608K, 0% used [0x00000000ffb80000,0x00000000ffb80000,0x0000000100000000)
 ParOldGen       total 286720K, used 24287K [0x00000000e4000000, 0x00000000f5800000, 0x00000000f5800000)
  object space 286720K, 8% used [0x00000000e4000000,0x00000000e57b7d70,0x00000000f5800000)
 Metaspace       used 58624K, capacity 62526K, committed 62848K, reserved 1103872K
  class space    used 7499K, capacity 8193K, committed 8320K, reserved 1048576K
}
{Heap before GC invocations=42 (full 0):
 PSYoungGen      total 166912K, used 162080K [0x00000000f5800000, 0x0000000100000000, 0x0000000100000000)
  eden space 161792K, 100% used [0x00000000f5800000,0x00000000ff600000,0x00000000ff600000)
  from space 5120K, 5% used [0x00000000ff600000,0x00000000ff648000,0x00000000ffb00000)
  to   space 4608K, 0% used [0x00000000ffb80000,0x00000000ffb80000,0x0000000100000000)
 ParOldGen       total 286720K, used 24287K [0x00000000e4000000, 0x00000000f5800000, 0x00000000f5800000)
  object space 286720K, 8% used [0x00000000e4000000,0x00000000e57b7d70,0x00000000f5800000)
 Metaspace       used 58624K, capacity 62526K, committed 62848K, reserved 1103872K
  class space    used 7499K, capacity 8193K, committed 8320K, reserved 1048576K
2024-06-11T22:21:36.790+0800: 315.879: [GC (Allocation Failure) [PSYoungGen: 162080K->288K(167936K)] 186367K->24583K(454656K), 0.0039279 secs] [Times: user=0.00 sys=0.00, real=0.01 secs] 
Heap after GC invocations=42 (full 0):
 PSYoungGen      total 167936K, used 288K [0x00000000f5800000, 0x0000000100000000, 0x0000000100000000)
  eden space 163328K, 0% used [0x00000000f5800000,0x00000000f5800000,0x00000000ff780000)
  from space 4608K, 6% used [0x00000000ffb80000,0x00000000ffbc8000,0x0000000100000000)
  to   space 4096K, 0% used [0x00000000ff780000,0x00000000ff780000,0x00000000ffb80000)
 ParOldGen       total 286720K, used 24295K [0x00000000e4000000, 0x00000000f5800000, 0x00000000f5800000)
  object space 286720K, 8% used [0x00000000e4000000,0x00000000e57b9d70,0x00000000f5800000)
 Metaspace       used 58624K, capacity 62526K, committed 62848K, reserved 1103872K
  class space    used 7499K, capacity 8193K, committed 8320K, reserved 1048576K
}
{Heap before GC invocations=43 (full 0):
 PSYoungGen      total 167936K, used 163616K [0x00000000f5800000, 0x0000000100000000, 0x0000000100000000)
  eden space 163328K, 100% used [0x00000000f5800000,0x00000000ff780000,0x00000000ff780000)
  from space 4608K, 6% used [0x00000000ffb80000,0x00000000ffbc8000,0x0000000100000000)
  to   space 4096K, 0% used [0x00000000ff780000,0x00000000ff780000,0x00000000ffb80000)
 ParOldGen       total 286720K, used 24295K [0x00000000e4000000, 0x00000000f5800000, 0x00000000f5800000)
  object space 286720K, 8% used [0x00000000e4000000,0x00000000e57b9d70,0x00000000f5800000)
 Metaspace       used 58629K, capacity 62526K, committed 62848K, reserved 1103872K
  class space    used 7499K, capacity 8193K, committed 8320K, reserved 1048576K
2024-06-11T22:21:46.898+0800: 325.987: [GC (Allocation Failure) [PSYoungGen: 163616K->288K(167424K)] 187911K->24591K(454144K), 0.0032005 secs] [Times: user=0.00 sys=0.00, real=0.01 secs] 
Heap after GC invocations=43 (full 0):
 PSYoungGen      total 167424K, used 288K [0x00000000f5800000, 0x0000000100000000, 0x0000000100000000)
  eden space 163328K, 0% used [0x00000000f5800000,0x00000000f5800000,0x00000000ff780000)
  from space 4096K, 7% used [0x00000000ff780000,0x00000000ff7c8000,0x00000000ffb80000)
  to   space 4096K, 0% used [0x00000000ffc00000,0x00000000ffc00000,0x0000000100000000)
 ParOldGen       total 286720K, used 24303K [0x00000000e4000000, 0x00000000f5800000, 0x00000000f5800000)
  object space 286720K, 8% used [0x00000000e4000000,0x00000000e57bbd70,0x00000000f5800000)
 Metaspace       used 58629K, capacity 62526K, committed 62848K, reserved 1103872K
  class space    used 7499K, capacity 8193K, committed 8320K, reserved 1048576K
}
{Heap before GC invocations=44 (full 0):
 PSYoungGen      total 167424K, used 163616K [0x00000000f5800000, 0x0000000100000000, 0x0000000100000000)
  eden space 163328K, 100% used [0x00000000f5800000,0x00000000ff780000,0x00000000ff780000)
  from space 4096K, 7% used [0x00000000ff780000,0x00000000ff7c8000,0x00000000ffb80000)
  to   space 4096K, 0% used [0x00000000ffc00000,0x00000000ffc00000,0x0000000100000000)
 ParOldGen       total 286720K, used 24303K [0x00000000e4000000, 0x00000000f5800000, 0x00000000f5800000)
  object space 286720K, 8% used [0x00000000e4000000,0x00000000e57bbd70,0x00000000f5800000)
 Metaspace       used 58632K, capacity 62526K, committed 62848K, reserved 1103872K
  class space    used 7499K, capacity 8193K, committed 8320K, reserved 1048576K
2024-06-11T22:21:56.929+0800: 336.018: [GC (Allocation Failure) [PSYoungGen: 163616K->768K(168448K)] 187919K->25087K(455168K), 0.0046159 secs] [Times: user=0.00 sys=0.00, real=0.01 secs] 
Heap after GC invocations=44 (full 0):
 PSYoungGen      total 168448K, used 768K [0x00000000f5800000, 0x0000000100000000, 0x0000000100000000)
  eden space 164352K, 0% used [0x00000000f5800000,0x00000000f5800000,0x00000000ff880000)
  from space 4096K, 18% used [0x00000000ffc00000,0x00000000ffcc0000,0x0000000100000000)
  to   space 3584K, 0% used [0x00000000ff880000,0x00000000ff880000,0x00000000ffc00000)
 ParOldGen       total 286720K, used 24319K [0x00000000e4000000, 0x00000000f5800000, 0x00000000f5800000)
  object space 286720K, 8% used [0x00000000e4000000,0x00000000e57bfd70,0x00000000f5800000)
 Metaspace       used 58632K, capacity 62526K, committed 62848K, reserved 1103872K
  class space    used 7499K, capacity 8193K, committed 8320K, reserved 1048576K
}
{Heap before GC invocations=45 (full 0):
 PSYoungGen      total 168448K, used 165120K [0x00000000f5800000, 0x0000000100000000, 0x0000000100000000)
  eden space 164352K, 100% used [0x00000000f5800000,0x00000000ff880000,0x00000000ff880000)
  from space 4096K, 18% used [0x00000000ffc00000,0x00000000ffcc0000,0x0000000100000000)
  to   space 3584K, 0% used [0x00000000ff880000,0x00000000ff880000,0x00000000ffc00000)
 ParOldGen       total 286720K, used 24319K [0x00000000e4000000, 0x00000000f5800000, 0x00000000f5800000)
  object space 286720K, 8% used [0x00000000e4000000,0x00000000e57bfd70,0x00000000f5800000)
 Metaspace       used 58633K, capacity 62526K, committed 62848K, reserved 1103872K
  class space    used 7499K, capacity 8193K, committed 8320K, reserved 1048576K
2024-06-11T22:22:07.120+0800: 346.209: [GC (Allocation Failure) [PSYoungGen: 165120K->320K(167936K)] 189439K->25135K(454656K), 0.0047466 secs] [Times: user=0.01 sys=0.00, real=0.01 secs] 
Heap after GC invocations=45 (full 0):
 PSYoungGen      total 167936K, used 320K [0x00000000f5800000, 0x0000000100000000, 0x0000000100000000)
  eden space 164352K, 0% used [0x00000000f5800000,0x00000000f5800000,0x00000000ff880000)
  from space 3584K, 8% used [0x00000000ff880000,0x00000000ff8d0000,0x00000000ffc00000)
  to   space 3584K, 0% used [0x00000000ffc80000,0x00000000ffc80000,0x0000000100000000)
 ParOldGen       total 286720K, used 24815K [0x00000000e4000000, 0x00000000f5800000, 0x00000000f5800000)
  object space 286720K, 8% used [0x00000000e4000000,0x00000000e583bd70,0x00000000f5800000)
 Metaspace       used 58633K, capacity 62526K, committed 62848K, reserved 1103872K
  class space    used 7499K, capacity 8193K, committed 8320K, reserved 1048576K
}
{Heap before GC invocations=46 (full 0):
 PSYoungGen      total 167936K, used 164672K [0x00000000f5800000, 0x0000000100000000, 0x0000000100000000)
  eden space 164352K, 100% used [0x00000000f5800000,0x00000000ff880000,0x00000000ff880000)
  from space 3584K, 8% used [0x00000000ff880000,0x00000000ff8d0000,0x00000000ffc00000)
  to   space 3584K, 0% used [0x00000000ffc80000,0x00000000ffc80000,0x0000000100000000)
 ParOldGen       total 286720K, used 24815K [0x00000000e4000000, 0x00000000f5800000, 0x00000000f5800000)
  object space 286720K, 8% used [0x00000000e4000000,0x00000000e583bd70,0x00000000f5800000)
 Metaspace       used 58634K, capacity 62526K, committed 62848K, reserved 1103872K
  class space    used 7499K, capacity 8193K, committed 8320K, reserved 1048576K
2024-06-11T22:22:17.434+0800: 356.523: [GC (Allocation Failure) [PSYoungGen: 164672K->288K(168960K)] 189487K->25127K(455680K), 0.0040424 secs] [Times: user=0.01 sys=0.00, real=0.00 secs] 
Heap after GC invocations=46 (full 0):
 PSYoungGen      total 168960K, used 288K [0x00000000f5800000, 0x0000000100000000, 0x0000000100000000)
  eden space 165376K, 0% used [0x00000000f5800000,0x00000000f5800000,0x00000000ff980000)
  from space 3584K, 8% used [0x00000000ffc80000,0x00000000ffcc8000,0x0000000100000000)
  to   space 3072K, 0% used [0x00000000ff980000,0x00000000ff980000,0x00000000ffc80000)
 ParOldGen       total 286720K, used 24839K [0x00000000e4000000, 0x00000000f5800000, 0x00000000f5800000)
  object space 286720K, 8% used [0x00000000e4000000,0x00000000e5841d70,0x00000000f5800000)
 Metaspace       used 58634K, capacity 62526K, committed 62848K, reserved 1103872K
  class space    used 7499K, capacity 8193K, committed 8320K, reserved 1048576K
}
{Heap before GC invocations=47 (full 0):
 PSYoungGen      total 168960K, used 165664K [0x00000000f5800000, 0x0000000100000000, 0x0000000100000000)
  eden space 165376K, 100% used [0x00000000f5800000,0x00000000ff980000,0x00000000ff980000)
  from space 3584K, 8% used [0x00000000ffc80000,0x00000000ffcc8000,0x0000000100000000)
  to   space 3072K, 0% used [0x00000000ff980000,0x00000000ff980000,0x00000000ffc80000)
 ParOldGen       total 286720K, used 24839K [0x00000000e4000000, 0x00000000f5800000, 0x00000000f5800000)
  object space 286720K, 8% used [0x00000000e4000000,0x00000000e5841d70,0x00000000f5800000)
 Metaspace       used 58639K, capacity 62526K, committed 62848K, reserved 1103872K
  class space    used 7499K, capacity 8193K, committed 8320K, reserved 1048576K
2024-06-11T22:22:27.650+0800: 366.739: [GC (Allocation Failure) [PSYoungGen: 165664K->288K(168448K)] 190503K->25143K(455168K), 0.0031875 secs] [Times: user=0.01 sys=0.00, real=0.01 secs] 
Heap after GC invocations=47 (full 0):
 PSYoungGen      total 168448K, used 288K [0x00000000f5800000, 0x0000000100000000, 0x0000000100000000)
  eden space 165376K, 0% used [0x00000000f5800000,0x00000000f5800000,0x00000000ff980000)
  from space 3072K, 9% used [0x00000000ff980000,0x00000000ff9c8000,0x00000000ffc80000)
  to   space 3072K, 0% used [0x00000000ffd00000,0x00000000ffd00000,0x0000000100000000)
 ParOldGen       total 286720K, used 24855K [0x00000000e4000000, 0x00000000f5800000, 0x00000000f5800000)
  object space 286720K, 8% used [0x00000000e4000000,0x00000000e5845d70,0x00000000f5800000)
 Metaspace       used 58639K, capacity 62526K, committed 62848K, reserved 1103872K
  class space    used 7499K, capacity 8193K, committed 8320K, reserved 1048576K
}
{Heap before GC invocations=48 (full 0):
 PSYoungGen      total 168448K, used 165664K [0x00000000f5800000, 0x0000000100000000, 0x0000000100000000)
  eden space 165376K, 100% used [0x00000000f5800000,0x00000000ff980000,0x00000000ff980000)
  from space 3072K, 9% used [0x00000000ff980000,0x00000000ff9c8000,0x00000000ffc80000)
  to   space 3072K, 0% used [0x00000000ffd00000,0x00000000ffd00000,0x0000000100000000)
 ParOldGen       total 286720K, used 24855K [0x00000000e4000000, 0x00000000f5800000, 0x00000000f5800000)
  object space 286720K, 8% used [0x00000000e4000000,0x00000000e5845d70,0x00000000f5800000)
 Metaspace       used 58640K, capacity 62526K, committed 62848K, reserved 1103872K
  class space    used 7499K, capacity 8193K, committed 8320K, reserved 1048576K
2024-06-11T22:22:37.740+0800: 376.829: [GC (Allocation Failure) [PSYoungGen: 165664K->476K(168960K)] 190519K->25347K(455680K), 0.0032837 secs] [Times: user=0.00 sys=0.00, real=0.01 secs] 
Heap after GC invocations=48 (full 0):
 PSYoungGen      total 168960K, used 476K [0x00000000f5800000, 0x0000000100000000, 0x0000000100000000)
  eden space 165888K, 0% used [0x00000000f5800000,0x00000000f5800000,0x00000000ffa00000)
  from space 3072K, 15% used [0x00000000ffd00000,0x00000000ffd77228,0x0000000100000000)
  to   space 3072K, 0% used [0x00000000ffa00000,0x00000000ffa00000,0x00000000ffd00000)
 ParOldGen       total 286720K, used 24871K [0x00000000e4000000, 0x00000000f5800000, 0x00000000f5800000)
  object space 286720K, 8% used [0x00000000e4000000,0x00000000e5849d70,0x00000000f5800000)
 Metaspace       used 58640K, capacity 62526K, committed 62848K, reserved 1103872K
  class space    used 7499K, capacity 8193K, committed 8320K, reserved 1048576K
}
{Heap before GC invocations=49 (full 0):
 PSYoungGen      total 168960K, used 166364K [0x00000000f5800000, 0x0000000100000000, 0x0000000100000000)
  eden space 165888K, 100% used [0x00000000f5800000,0x00000000ffa00000,0x00000000ffa00000)
  from space 3072K, 15% used [0x00000000ffd00000,0x00000000ffd77228,0x0000000100000000)
  to   space 3072K, 0% used [0x00000000ffa00000,0x00000000ffa00000,0x00000000ffd00000)
 ParOldGen       total 286720K, used 24871K [0x00000000e4000000, 0x00000000f5800000, 0x00000000f5800000)
  object space 286720K, 8% used [0x00000000e4000000,0x00000000e5849d70,0x00000000f5800000)
 Metaspace       used 58642K, capacity 62526K, committed 62848K, reserved 1103872K
  class space    used 7499K, capacity 8193K, committed 8320K, reserved 1048576K
2024-06-11T22:22:48.276+0800: 387.365: [GC (Allocation Failure) [PSYoungGen: 166364K->288K(168960K)] 191235K->25167K(455680K), 0.0033301 secs] [Times: user=0.01 sys=0.00, real=0.00 secs] 
Heap after GC invocations=49 (full 0):
 PSYoungGen      total 168960K, used 288K [0x00000000f5800000, 0x0000000100000000, 0x0000000100000000)
  eden space 165888K, 0% used [0x00000000f5800000,0x00000000f5800000,0x00000000ffa00000)
  from space 3072K, 9% used [0x00000000ffa00000,0x00000000ffa48000,0x00000000ffd00000)
  to   space 2560K, 0% used [0x00000000ffd80000,0x00000000ffd80000,0x0000000100000000)
 ParOldGen       total 286720K, used 24879K [0x00000000e4000000, 0x00000000f5800000, 0x00000000f5800000)
  object space 286720K, 8% used [0x00000000e4000000,0x00000000e584bd70,0x00000000f5800000)
 Metaspace       used 58642K, capacity 62526K, committed 62848K, reserved 1103872K
  class space    used 7499K, capacity 8193K, committed 8320K, reserved 1048576K
}
{Heap before GC invocations=50 (full 0):
 PSYoungGen      total 168960K, used 166176K [0x00000000f5800000, 0x0000000100000000, 0x0000000100000000)
  eden space 165888K, 100% used [0x00000000f5800000,0x00000000ffa00000,0x00000000ffa00000)
  from space 3072K, 9% used [0x00000000ffa00000,0x00000000ffa48000,0x00000000ffd00000)
  to   space 2560K, 0% used [0x00000000ffd80000,0x00000000ffd80000,0x0000000100000000)
 ParOldGen       total 286720K, used 24879K [0x00000000e4000000, 0x00000000f5800000, 0x00000000f5800000)
  object space 286720K, 8% used [0x00000000e4000000,0x00000000e584bd70,0x00000000f5800000)
 Metaspace       used 58644K, capacity 62526K, committed 62848K, reserved 1103872K
  class space    used 7499K, capacity 8193K, committed 8320K, reserved 1048576K
2024-06-11T22:22:58.591+0800: 397.680: [GC (Allocation Failure) [PSYoungGen: 166176K->800K(169472K)] 191055K->25695K(456192K), 0.0039172 secs] [Times: user=0.00 sys=0.00, real=0.00 secs] 
Heap after GC invocations=50 (full 0):
 PSYoungGen      total 169472K, used 800K [0x00000000f5800000, 0x0000000100000000, 0x0000000100000000)
  eden space 166912K, 0% used [0x00000000f5800000,0x00000000f5800000,0x00000000ffb00000)
  from space 2560K, 31% used [0x00000000ffd80000,0x00000000ffe48000,0x0000000100000000)
  to   space 2560K, 0% used [0x00000000ffb00000,0x00000000ffb00000,0x00000000ffd80000)
 ParOldGen       total 286720K, used 24895K [0x00000000e4000000, 0x00000000f5800000, 0x00000000f5800000)
  object space 286720K, 8% used [0x00000000e4000000,0x00000000e584fd70,0x00000000f5800000)
 Metaspace       used 58644K, capacity 62526K, committed 62848K, reserved 1103872K
  class space    used 7499K, capacity 8193K, committed 8320K, reserved 1048576K
}
{Heap before GC invocations=51 (full 0):
 PSYoungGen      total 169472K, used 167712K [0x00000000f5800000, 0x0000000100000000, 0x0000000100000000)
  eden space 166912K, 100% used [0x00000000f5800000,0x00000000ffb00000,0x00000000ffb00000)
  from space 2560K, 31% used [0x00000000ffd80000,0x00000000ffe48000,0x0000000100000000)
  to   space 2560K, 0% used [0x00000000ffb00000,0x00000000ffb00000,0x00000000ffd80000)
 ParOldGen       total 286720K, used 24895K [0x00000000e4000000, 0x00000000f5800000, 0x00000000f5800000)
  object space 286720K, 8% used [0x00000000e4000000,0x00000000e584fd70,0x00000000f5800000)
 Metaspace       used 58645K, capacity 62526K, committed 62848K, reserved 1103872K
  class space    used 7499K, capacity 8193K, committed 8320K, reserved 1048576K
2024-06-11T22:23:08.890+0800: 407.979: [GC (Allocation Failure) [PSYoungGen: 167712K->320K(169472K)] 192607K->25719K(456192K), 0.0039444 secs] [Times: user=0.01 sys=0.00, real=0.01 secs] 
Heap after GC invocations=51 (full 0):
 PSYoungGen      total 169472K, used 320K [0x00000000f5800000, 0x0000000100000000, 0x0000000100000000)
  eden space 166912K, 0% used [0x00000000f5800000,0x00000000f5800000,0x00000000ffb00000)
  from space 2560K, 12% used [0x00000000ffb00000,0x00000000ffb50000,0x00000000ffd80000)
  to   space 2560K, 0% used [0x00000000ffd80000,0x00000000ffd80000,0x0000000100000000)
 ParOldGen       total 286720K, used 25399K [0x00000000e4000000, 0x00000000f5800000, 0x00000000f5800000)
  object space 286720K, 8% used [0x00000000e4000000,0x00000000e58cdd70,0x00000000f5800000)
 Metaspace       used 58645K, capacity 62526K, committed 62848K, reserved 1103872K
  class space    used 7499K, capacity 8193K, committed 8320K, reserved 1048576K
}
{Heap before GC invocations=52 (full 0):
 PSYoungGen      total 169472K, used 167232K [0x00000000f5800000, 0x0000000100000000, 0x0000000100000000)
  eden space 166912K, 100% used [0x00000000f5800000,0x00000000ffb00000,0x00000000ffb00000)
  from space 2560K, 12% used [0x00000000ffb00000,0x00000000ffb50000,0x00000000ffd80000)
  to   space 2560K, 0% used [0x00000000ffd80000,0x00000000ffd80000,0x0000000100000000)
 ParOldGen       total 286720K, used 25399K [0x00000000e4000000, 0x00000000f5800000, 0x00000000f5800000)
  object space 286720K, 8% used [0x00000000e4000000,0x00000000e58cdd70,0x00000000f5800000)
 Metaspace       used 58645K, capacity 62526K, committed 62848K, reserved 1103872K
  class space    used 7499K, capacity 8193K, committed 8320K, reserved 1048576K
2024-06-11T22:23:19.156+0800: 418.245: [GC (Allocation Failure) [PSYoungGen: 167232K->288K(169472K)] 192631K->25711K(456192K), 0.0036411 secs] [Times: user=0.01 sys=0.00, real=0.00 secs] 
Heap after GC invocations=52 (full 0):
 PSYoungGen      total 169472K, used 288K [0x00000000f5800000, 0x0000000100000000, 0x0000000100000000)
  eden space 166912K, 0% used [0x00000000f5800000,0x00000000f5800000,0x00000000ffb00000)
  from space 2560K, 11% used [0x00000000ffd80000,0x00000000ffdc8000,0x0000000100000000)
  to   space 2560K, 0% used [0x00000000ffb00000,0x00000000ffb00000,0x00000000ffd80000)
 ParOldGen       total 286720K, used 25423K [0x00000000e4000000, 0x00000000f5800000, 0x00000000f5800000)
  object space 286720K, 8% used [0x00000000e4000000,0x00000000e58d3d70,0x00000000f5800000)
 Metaspace       used 58645K, capacity 62526K, committed 62848K, reserved 1103872K
  class space    used 7499K, capacity 8193K, committed 8320K, reserved 1048576K
}
{Heap before GC invocations=53 (full 0):
 PSYoungGen      total 169472K, used 167200K [0x00000000f5800000, 0x0000000100000000, 0x0000000100000000)
  eden space 166912K, 100% used [0x00000000f5800000,0x00000000ffb00000,0x00000000ffb00000)
  from space 2560K, 11% used [0x00000000ffd80000,0x00000000ffdc8000,0x0000000100000000)
  to   space 2560K, 0% used [0x00000000ffb00000,0x00000000ffb00000,0x00000000ffd80000)
 ParOldGen       total 286720K, used 25423K [0x00000000e4000000, 0x00000000f5800000, 0x00000000f5800000)
  object space 286720K, 8% used [0x00000000e4000000,0x00000000e58d3d70,0x00000000f5800000)
 Metaspace       used 58649K, capacity 62526K, committed 62848K, reserved 1103872K
  class space    used 7499K, capacity 8193K, committed 8320K, reserved 1048576K
2024-06-11T22:23:29.355+0800: 428.444: [GC (Allocation Failure) [PSYoungGen: 167200K->64K(169472K)] 192623K->25495K(456192K), 0.0159362 secs] [Times: user=0.03 sys=0.00, real=0.01 secs] 
Heap after GC invocations=53 (full 0):
 PSYoungGen      total 169472K, used 64K [0x00000000f5800000, 0x0000000100000000, 0x0000000100000000)
  eden space 166912K, 0% used [0x00000000f5800000,0x00000000f5800000,0x00000000ffb00000)
  from space 2560K, 2% used [0x00000000ffb00000,0x00000000ffb10000,0x00000000ffd80000)
  to   space 2048K, 0% used [0x00000000ffe00000,0x00000000ffe00000,0x0000000100000000)
 ParOldGen       total 286720K, used 25431K [0x00000000e4000000, 0x00000000f5800000, 0x00000000f5800000)
  object space 286720K, 8% used [0x00000000e4000000,0x00000000e58d5d70,0x00000000f5800000)
 Metaspace       used 58649K, capacity 62526K, committed 62848K, reserved 1103872K
  class space    used 7499K, capacity 8193K, committed 8320K, reserved 1048576K
}
{Heap before GC invocations=54 (full 0):
 PSYoungGen      total 169472K, used 166976K [0x00000000f5800000, 0x0000000100000000, 0x0000000100000000)
  eden space 166912K, 100% used [0x00000000f5800000,0x00000000ffb00000,0x00000000ffb00000)
  from space 2560K, 2% used [0x00000000ffb00000,0x00000000ffb10000,0x00000000ffd80000)
  to   space 2048K, 0% used [0x00000000ffe00000,0x00000000ffe00000,0x0000000100000000)
 ParOldGen       total 286720K, used 25431K [0x00000000e4000000, 0x00000000f5800000, 0x00000000f5800000)
  object space 286720K, 8% used [0x00000000e4000000,0x00000000e58d5d70,0x00000000f5800000)
 Metaspace       used 58651K, capacity 62526K, committed 62848K, reserved 1103872K
  class space    used 7499K, capacity 8193K, committed 8320K, reserved 1048576K
2024-06-11T22:23:41.242+0800: 440.331: [GC (Allocation Failure) [PSYoungGen: 166976K->1152K(168960K)] 192407K->26615K(455680K), 0.0042971 secs] [Times: user=0.01 sys=0.00, real=0.00 secs] 
Heap after GC invocations=54 (full 0):
 PSYoungGen      total 168960K, used 1152K [0x00000000f5800000, 0x0000000100000000, 0x0000000100000000)
  eden space 166912K, 0% used [0x00000000f5800000,0x00000000f5800000,0x00000000ffb00000)
  from space 2048K, 56% used [0x00000000ffe00000,0x00000000fff20000,0x0000000100000000)
  to   space 2560K, 0% used [0x00000000ffb00000,0x00000000ffb00000,0x00000000ffd80000)
 ParOldGen       total 286720K, used 25463K [0x00000000e4000000, 0x00000000f5800000, 0x00000000f5800000)
  object space 286720K, 8% used [0x00000000e4000000,0x00000000e58ddd70,0x00000000f5800000)
 Metaspace       used 58651K, capacity 62526K, committed 62848K, reserved 1103872K
  class space    used 7499K, capacity 8193K, committed 8320K, reserved 1048576K
}
{Heap before GC invocations=55 (full 0):
 PSYoungGen      total 168960K, used 168064K [0x00000000f5800000, 0x0000000100000000, 0x0000000100000000)
  eden space 166912K, 100% used [0x00000000f5800000,0x00000000ffb00000,0x00000000ffb00000)
  from space 2048K, 56% used [0x00000000ffe00000,0x00000000fff20000,0x0000000100000000)
  to   space 2560K, 0% used [0x00000000ffb00000,0x00000000ffb00000,0x00000000ffd80000)
 ParOldGen       total 286720K, used 25463K [0x00000000e4000000, 0x00000000f5800000, 0x00000000f5800000)
  object space 286720K, 8% used [0x00000000e4000000,0x00000000e58ddd70,0x00000000f5800000)
 Metaspace       used 58651K, capacity 62526K, committed 62848K, reserved 1103872K
  class space    used 7499K, capacity 8193K, committed 8320K, reserved 1048576K
2024-06-11T22:23:51.360+0800: 450.449: [GC (Allocation Failure) [PSYoungGen: 168064K->384K(169472K)] 193527K->26591K(456192K), 0.0049990 secs] [Times: user=0.01 sys=0.01, real=0.01 secs] 
Heap after GC invocations=55 (full 0):
 PSYoungGen      total 169472K, used 384K [0x00000000f5800000, 0x0000000100000000, 0x0000000100000000)
  eden space 166912K, 0% used [0x00000000f5800000,0x00000000f5800000,0x00000000ffb00000)
  from space 2560K, 15% used [0x00000000ffb00000,0x00000000ffb60000,0x00000000ffd80000)
  to   space 2048K, 0% used [0x00000000ffe00000,0x00000000ffe00000,0x0000000100000000)
 ParOldGen       total 286720K, used 26207K [0x00000000e4000000, 0x00000000f5800000, 0x00000000f5800000)
  object space 286720K, 9% used [0x00000000e4000000,0x00000000e5997d70,0x00000000f5800000)
 Metaspace       used 58651K, capacity 62526K, committed 62848K, reserved 1103872K
  class space    used 7499K, capacity 8193K, committed 8320K, reserved 1048576K
}
{Heap before GC invocations=56 (full 0):
 PSYoungGen      total 169472K, used 167296K [0x00000000f5800000, 0x0000000100000000, 0x0000000100000000)
  eden space 166912K, 100% used [0x00000000f5800000,0x00000000ffb00000,0x00000000ffb00000)
  from space 2560K, 15% used [0x00000000ffb00000,0x00000000ffb60000,0x00000000ffd80000)
  to   space 2048K, 0% used [0x00000000ffe00000,0x00000000ffe00000,0x0000000100000000)
 ParOldGen       total 286720K, used 26207K [0x00000000e4000000, 0x00000000f5800000, 0x00000000f5800000)
  object space 286720K, 9% used [0x00000000e4000000,0x00000000e5997d70,0x00000000f5800000)
 Metaspace       used 58652K, capacity 62526K, committed 62848K, reserved 1103872K
  class space    used 7499K, capacity 8193K, committed 8320K, reserved 1048576K
2024-06-11T22:24:01.758+0800: 460.846: [GC (Allocation Failure) [PSYoungGen: 167296K->416K(169984K)] 193503K->26631K(456704K), 0.0034203 secs] [Times: user=0.00 sys=0.00, real=0.01 secs] 
Heap after GC invocations=56 (full 0):
 PSYoungGen      total 169984K, used 416K [0x00000000f5800000, 0x0000000100000000, 0x0000000100000000)
  eden space 167936K, 0% used [0x00000000f5800000,0x00000000f5800000,0x00000000ffc00000)
  from space 2048K, 20% used [0x00000000ffe00000,0x00000000ffe68000,0x0000000100000000)
  to   space 2048K, 0% used [0x00000000ffc00000,0x00000000ffc00000,0x00000000ffe00000)
 ParOldGen       total 286720K, used 26215K [0x00000000e4000000, 0x00000000f5800000, 0x00000000f5800000)
  object space 286720K, 9% used [0x00000000e4000000,0x00000000e5999d70,0x00000000f5800000)
 Metaspace       used 58652K, capacity 62526K, committed 62848K, reserved 1103872K
  class space    used 7499K, capacity 8193K, committed 8320K, reserved 1048576K
}
{Heap before GC invocations=57 (full 0):
 PSYoungGen      total 169984K, used 168352K [0x00000000f5800000, 0x0000000100000000, 0x0000000100000000)
  eden space 167936K, 100% used [0x00000000f5800000,0x00000000ffc00000,0x00000000ffc00000)
  from space 2048K, 20% used [0x00000000ffe00000,0x00000000ffe68000,0x0000000100000000)
  to   space 2048K, 0% used [0x00000000ffc00000,0x00000000ffc00000,0x00000000ffe00000)
 ParOldGen       total 286720K, used 26215K [0x00000000e4000000, 0x00000000f5800000, 0x00000000f5800000)
  object space 286720K, 9% used [0x00000000e4000000,0x00000000e5999d70,0x00000000f5800000)
 Metaspace       used 58653K, capacity 62526K, committed 62848K, reserved 1103872K
  class space    used 7499K, capacity 8193K, committed 8320K, reserved 1048576K
2024-06-11T22:24:12.214+0800: 471.302: [GC (Allocation Failure) [PSYoungGen: 168352K->416K(169984K)] 194567K->26639K(456704K), 0.0034389 secs] [Times: user=0.00 sys=0.00, real=0.00 secs] 
Heap after GC invocations=57 (full 0):
 PSYoungGen      total 169984K, used 416K [0x00000000f5800000, 0x0000000100000000, 0x0000000100000000)
  eden space 167936K, 0% used [0x00000000f5800000,0x00000000f5800000,0x00000000ffc00000)
  from space 2048K, 20% used [0x00000000ffc00000,0x00000000ffc68000,0x00000000ffe00000)
  to   space 2048K, 0% used [0x00000000ffe00000,0x00000000ffe00000,0x0000000100000000)
 ParOldGen       total 286720K, used 26223K [0x00000000e4000000, 0x00000000f5800000, 0x00000000f5800000)
  object space 286720K, 9% used [0x00000000e4000000,0x00000000e599bd70,0x00000000f5800000)
 Metaspace       used 58653K, capacity 62526K, committed 62848K, reserved 1103872K
  class space    used 7499K, capacity 8193K, committed 8320K, reserved 1048576K
}
{Heap before GC invocations=58 (full 0):
 PSYoungGen      total 169984K, used 168352K [0x00000000f5800000, 0x0000000100000000, 0x0000000100000000)
  eden space 167936K, 100% used [0x00000000f5800000,0x00000000ffc00000,0x00000000ffc00000)
  from space 2048K, 20% used [0x00000000ffc00000,0x00000000ffc68000,0x00000000ffe00000)
  to   space 2048K, 0% used [0x00000000ffe00000,0x00000000ffe00000,0x0000000100000000)
 ParOldGen       total 286720K, used 26223K [0x00000000e4000000, 0x00000000f5800000, 0x00000000f5800000)
  object space 286720K, 9% used [0x00000000e4000000,0x00000000e599bd70,0x00000000f5800000)
 Metaspace       used 58653K, capacity 62526K, committed 62848K, reserved 1103872K
  class space    used 7499K, capacity 8193K, committed 8320K, reserved 1048576K
2024-06-11T22:24:22.441+0800: 481.529: [GC (Allocation Failure) [PSYoungGen: 168352K->416K(169984K)] 194575K->26655K(456704K), 0.0034695 secs] [Times: user=0.00 sys=0.00, real=0.01 secs] 
Heap after GC invocations=58 (full 0):
 PSYoungGen      total 169984K, used 416K [0x00000000f5800000, 0x0000000100000000, 0x0000000100000000)
  eden space 167936K, 0% used [0x00000000f5800000,0x00000000f5800000,0x00000000ffc00000)
  from space 2048K, 20% used [0x00000000ffe00000,0x00000000ffe68000,0x0000000100000000)
  to   space 2048K, 0% used [0x00000000ffc00000,0x00000000ffc00000,0x00000000ffe00000)
 ParOldGen       total 286720K, used 26239K [0x00000000e4000000, 0x00000000f5800000, 0x00000000f5800000)
  object space 286720K, 9% used [0x00000000e4000000,0x00000000e599fd70,0x00000000f5800000)
 Metaspace       used 58653K, capacity 62526K, committed 62848K, reserved 1103872K
  class space    used 7499K, capacity 8193K, committed 8320K, reserved 1048576K
}
{Heap before GC invocations=59 (full 0):
 PSYoungGen      total 169984K, used 168352K [0x00000000f5800000, 0x0000000100000000, 0x0000000100000000)
  eden space 167936K, 100% used [0x00000000f5800000,0x00000000ffc00000,0x00000000ffc00000)
  from space 2048K, 20% used [0x00000000ffe00000,0x00000000ffe68000,0x0000000100000000)
  to   space 2048K, 0% used [0x00000000ffc00000,0x00000000ffc00000,0x00000000ffe00000)
 ParOldGen       total 286720K, used 26239K [0x00000000e4000000, 0x00000000f5800000, 0x00000000f5800000)
  object space 286720K, 9% used [0x00000000e4000000,0x00000000e599fd70,0x00000000f5800000)
 Metaspace       used 58663K, capacity 62526K, committed 62848K, reserved 1103872K
  class space    used 7499K, capacity 8193K, committed 8320K, reserved 1048576K
2024-06-11T22:24:32.875+0800: 491.963: [GC (Allocation Failure) [PSYoungGen: 168352K->416K(169984K)] 194591K->26655K(456704K), 0.0036184 secs] [Times: user=0.01 sys=0.00, real=0.00 secs] 
Heap after GC invocations=59 (full 0):
 PSYoungGen      total 169984K, used 416K [0x00000000f5800000, 0x0000000100000000, 0x0000000100000000)
  eden space 167936K, 0% used [0x00000000f5800000,0x00000000f5800000,0x00000000ffc00000)
  from space 2048K, 20% used [0x00000000ffc00000,0x00000000ffc68000,0x00000000ffe00000)
  to   space 1536K, 0% used [0x00000000ffe80000,0x00000000ffe80000,0x0000000100000000)
 ParOldGen       total 286720K, used 26239K [0x00000000e4000000, 0x00000000f5800000, 0x00000000f5800000)
  object space 286720K, 9% used [0x00000000e4000000,0x00000000e599fd70,0x00000000f5800000)
 Metaspace       used 58663K, capacity 62526K, committed 62848K, reserved 1103872K
  class space    used 7499K, capacity 8193K, committed 8320K, reserved 1048576K
}
{Heap before GC invocations=60 (full 0):
 PSYoungGen      total 169984K, used 168352K [0x00000000f5800000, 0x0000000100000000, 0x0000000100000000)
  eden space 167936K, 100% used [0x00000000f5800000,0x00000000ffc00000,0x00000000ffc00000)
  from space 2048K, 20% used [0x00000000ffc00000,0x00000000ffc68000,0x00000000ffe00000)
  to   space 1536K, 0% used [0x00000000ffe80000,0x00000000ffe80000,0x0000000100000000)
 ParOldGen       total 286720K, used 26239K [0x00000000e4000000, 0x00000000f5800000, 0x00000000f5800000)
  object space 286720K, 9% used [0x00000000e4000000,0x00000000e599fd70,0x00000000f5800000)
 Metaspace       used 58664K, capacity 62526K, committed 62848K, reserved 1103872K
  class space    used 7499K, capacity 8193K, committed 8320K, reserved 1048576K
2024-06-11T22:24:43.459+0800: 502.548: [GC (Allocation Failure) [PSYoungGen: 168352K->1184K(169472K)] 194591K->27431K(456192K), 0.0050576 secs] [Times: user=0.01 sys=0.00, real=0.01 secs] 
Heap after GC invocations=60 (full 0):
 PSYoungGen      total 169472K, used 1184K [0x00000000f5800000, 0x0000000100000000, 0x0000000100000000)
  eden space 167936K, 0% used [0x00000000f5800000,0x00000000f5800000,0x00000000ffc00000)
  from space 1536K, 77% used [0x00000000ffe80000,0x00000000fffa8000,0x0000000100000000)
  to   space 2048K, 0% used [0x00000000ffc00000,0x00000000ffc00000,0x00000000ffe00000)
 ParOldGen       total 286720K, used 26247K [0x00000000e4000000, 0x00000000f5800000, 0x00000000f5800000)
  object space 286720K, 9% used [0x00000000e4000000,0x00000000e59a1d70,0x00000000f5800000)
 Metaspace       used 58664K, capacity 62526K, committed 62848K, reserved 1103872K
  class space    used 7499K, capacity 8193K, committed 8320K, reserved 1048576K
}
{Heap before GC invocations=61 (full 0):
 PSYoungGen      total 169472K, used 169120K [0x00000000f5800000, 0x0000000100000000, 0x0000000100000000)
  eden space 167936K, 100% used [0x00000000f5800000,0x00000000ffc00000,0x00000000ffc00000)
  from space 1536K, 77% used [0x00000000ffe80000,0x00000000fffa8000,0x0000000100000000)
  to   space 2048K, 0% used [0x00000000ffc00000,0x00000000ffc00000,0x00000000ffe00000)
 ParOldGen       total 286720K, used 26247K [0x00000000e4000000, 0x00000000f5800000, 0x00000000f5800000)
  object space 286720K, 9% used [0x00000000e4000000,0x00000000e59a1d70,0x00000000f5800000)
 Metaspace       used 58664K, capacity 62526K, committed 62848K, reserved 1103872K
  class space    used 7499K, capacity 8193K, committed 8320K, reserved 1048576K
2024-06-11T22:24:53.685+0800: 512.774: [GC (Allocation Failure) [PSYoungGen: 169120K->789K(169984K)] 195367K->27820K(456704K), 0.0046450 secs] [Times: user=0.00 sys=0.00, real=0.00 secs] 
Heap after GC invocations=61 (full 0):
 PSYoungGen      total 169984K, used 789K [0x00000000f5800000, 0x0000000100000000, 0x0000000100000000)
  eden space 167936K, 0% used [0x00000000f5800000,0x00000000f5800000,0x00000000ffc00000)
  from space 2048K, 38% used [0x00000000ffc00000,0x00000000ffcc5430,0x00000000ffe00000)
  to   space 2048K, 0% used [0x00000000ffe00000,0x00000000ffe00000,0x0000000100000000)
 ParOldGen       total 286720K, used 27031K [0x00000000e4000000, 0x00000000f5800000, 0x00000000f5800000)
  object space 286720K, 9% used [0x00000000e4000000,0x00000000e5a65d70,0x00000000f5800000)
 Metaspace       used 58664K, capacity 62526K, committed 62848K, reserved 1103872K
  class space    used 7499K, capacity 8193K, committed 8320K, reserved 1048576K
}
{Heap before GC invocations=62 (full 0):
 PSYoungGen      total 169984K, used 168725K [0x00000000f5800000, 0x0000000100000000, 0x0000000100000000)
  eden space 167936K, 100% used [0x00000000f5800000,0x00000000ffc00000,0x00000000ffc00000)
  from space 2048K, 38% used [0x00000000ffc00000,0x00000000ffcc5430,0x00000000ffe00000)
  to   space 2048K, 0% used [0x00000000ffe00000,0x00000000ffe00000,0x0000000100000000)
 ParOldGen       total 286720K, used 27031K [0x00000000e4000000, 0x00000000f5800000, 0x00000000f5800000)
  object space 286720K, 9% used [0x00000000e4000000,0x00000000e5a65d70,0x00000000f5800000)
 Metaspace       used 58664K, capacity 62526K, committed 62848K, reserved 1103872K
  class space    used 7499K, capacity 8193K, committed 8320K, reserved 1048576K
2024-06-11T22:25:04.270+0800: 523.359: [GC (Allocation Failure) [PSYoungGen: 168725K->416K(169984K)] 195756K->27455K(456704K), 0.0033194 secs] [Times: user=0.00 sys=0.00, real=0.01 secs] 
Heap after GC invocations=62 (full 0):
 PSYoungGen      total 169984K, used 416K [0x00000000f5800000, 0x0000000100000000, 0x0000000100000000)
  eden space 167936K, 0% used [0x00000000f5800000,0x00000000f5800000,0x00000000ffc00000)
  from space 2048K, 20% used [0x00000000ffe00000,0x00000000ffe68000,0x0000000100000000)
  to   space 2048K, 0% used [0x00000000ffc00000,0x00000000ffc00000,0x00000000ffe00000)
 ParOldGen       total 286720K, used 27039K [0x00000000e4000000, 0x00000000f5800000, 0x00000000f5800000)
  object space 286720K, 9% used [0x00000000e4000000,0x00000000e5a67d70,0x00000000f5800000)
 Metaspace       used 58664K, capacity 62526K, committed 62848K, reserved 1103872K
  class space    used 7499K, capacity 8193K, committed 8320K, reserved 1048576K
}
{Heap before GC invocations=63 (full 0):
 PSYoungGen      total 169984K, used 168352K [0x00000000f5800000, 0x0000000100000000, 0x0000000100000000)
  eden space 167936K, 100% used [0x00000000f5800000,0x00000000ffc00000,0x00000000ffc00000)
  from space 2048K, 20% used [0x00000000ffe00000,0x00000000ffe68000,0x0000000100000000)
  to   space 2048K, 0% used [0x00000000ffc00000,0x00000000ffc00000,0x00000000ffe00000)
 ParOldGen       total 286720K, used 27039K [0x00000000e4000000, 0x00000000f5800000, 0x00000000f5800000)
  object space 286720K, 9% used [0x00000000e4000000,0x00000000e5a67d70,0x00000000f5800000)
 Metaspace       used 58664K, capacity 62526K, committed 62848K, reserved 1103872K
  class space    used 7499K, capacity 8193K, committed 8320K, reserved 1048576K
2024-06-11T22:25:14.807+0800: 533.896: [GC (Allocation Failure) [PSYoungGen: 168352K->416K(169984K)] 195391K->27463K(456704K), 0.0034614 secs] [Times: user=0.01 sys=0.01, real=0.01 secs] 
Heap after GC invocations=63 (full 0):
 PSYoungGen      total 169984K, used 416K [0x00000000f5800000, 0x0000000100000000, 0x0000000100000000)
  eden space 167936K, 0% used [0x00000000f5800000,0x00000000f5800000,0x00000000ffc00000)
  from space 2048K, 20% used [0x00000000ffc00000,0x00000000ffc68000,0x00000000ffe00000)
  to   space 1536K, 0% used [0x00000000ffe80000,0x00000000ffe80000,0x0000000100000000)
 ParOldGen       total 286720K, used 27047K [0x00000000e4000000, 0x00000000f5800000, 0x00000000f5800000)
  object space 286720K, 9% used [0x00000000e4000000,0x00000000e5a69d70,0x00000000f5800000)
 Metaspace       used 58664K, capacity 62526K, committed 62848K, reserved 1103872K
  class space    used 7499K, capacity 8193K, committed 8320K, reserved 1048576K
}
{Heap before GC invocations=64 (full 0):
 PSYoungGen      total 169984K, used 168352K [0x00000000f5800000, 0x0000000100000000, 0x0000000100000000)
  eden space 167936K, 100% used [0x00000000f5800000,0x00000000ffc00000,0x00000000ffc00000)
  from space 2048K, 20% used [0x00000000ffc00000,0x00000000ffc68000,0x00000000ffe00000)
  to   space 1536K, 0% used [0x00000000ffe80000,0x00000000ffe80000,0x0000000100000000)
 ParOldGen       total 286720K, used 27047K [0x00000000e4000000, 0x00000000f5800000, 0x00000000f5800000)
  object space 286720K, 9% used [0x00000000e4000000,0x00000000e5a69d70,0x00000000f5800000)
 Metaspace       used 58665K, capacity 62526K, committed 62848K, reserved 1103872K
  class space    used 7499K, capacity 8193K, committed 8320K, reserved 1048576K
2024-06-11T22:25:25.184+0800: 544.273: [GC (Allocation Failure) [PSYoungGen: 168352K->384K(170496K)] 195399K->27439K(457216K), 0.0034228 secs] [Times: user=0.01 sys=0.00, real=0.00 secs] 
Heap after GC invocations=64 (full 0):
 PSYoungGen      total 170496K, used 384K [0x00000000f5800000, 0x0000000100000000, 0x0000000100000000)
  eden space 168960K, 0% used [0x00000000f5800000,0x00000000f5800000,0x00000000ffd00000)
  from space 1536K, 25% used [0x00000000ffe80000,0x00000000ffee0000,0x0000000100000000)
  to   space 1536K, 0% used [0x00000000ffd00000,0x00000000ffd00000,0x00000000ffe80000)
 ParOldGen       total 286720K, used 27055K [0x00000000e4000000, 0x00000000f5800000, 0x00000000f5800000)
  object space 286720K, 9% used [0x00000000e4000000,0x00000000e5a6bd70,0x00000000f5800000)
 Metaspace       used 58665K, capacity 62526K, committed 62848K, reserved 1103872K
  class space    used 7499K, capacity 8193K, committed 8320K, reserved 1048576K
}
{Heap before GC invocations=65 (full 0):
 PSYoungGen      total 170496K, used 169344K [0x00000000f5800000, 0x0000000100000000, 0x0000000100000000)
  eden space 168960K, 100% used [0x00000000f5800000,0x00000000ffd00000,0x00000000ffd00000)
  from space 1536K, 25% used [0x00000000ffe80000,0x00000000ffee0000,0x0000000100000000)
  to   space 1536K, 0% used [0x00000000ffd00000,0x00000000ffd00000,0x00000000ffe80000)
 ParOldGen       total 286720K, used 27055K [0x00000000e4000000, 0x00000000f5800000, 0x00000000f5800000)
  object space 286720K, 9% used [0x00000000e4000000,0x00000000e5a6bd70,0x00000000f5800000)
 Metaspace       used 58665K, capacity 62526K, committed 62848K, reserved 1103872K
  class space    used 7499K, capacity 8193K, committed 8320K, reserved 1048576K
2024-06-11T22:25:35.539+0800: 554.628: [GC (Allocation Failure) [PSYoungGen: 169344K->1152K(170496K)] 196399K->28215K(457216K), 0.0045628 secs] [Times: user=0.01 sys=0.00, real=0.01 secs] 
Heap after GC invocations=65 (full 0):
 PSYoungGen      total 170496K, used 1152K [0x00000000f5800000, 0x0000000100000000, 0x0000000100000000)
  eden space 168960K, 0% used [0x00000000f5800000,0x00000000f5800000,0x00000000ffd00000)
  from space 1536K, 75% used [0x00000000ffd00000,0x00000000ffe20000,0x00000000ffe80000)
  to   space 1536K, 0% used [0x00000000ffe80000,0x00000000ffe80000,0x0000000100000000)
 ParOldGen       total 286720K, used 27063K [0x00000000e4000000, 0x00000000f5800000, 0x00000000f5800000)
  object space 286720K, 9% used [0x00000000e4000000,0x00000000e5a6dd70,0x00000000f5800000)
 Metaspace       used 58665K, capacity 62526K, committed 62848K, reserved 1103872K
  class space    used 7499K, capacity 8193K, committed 8320K, reserved 1048576K
}
{Heap before GC invocations=66 (full 0):
 PSYoungGen      total 170496K, used 170112K [0x00000000f5800000, 0x0000000100000000, 0x0000000100000000)
  eden space 168960K, 100% used [0x00000000f5800000,0x00000000ffd00000,0x00000000ffd00000)
  from space 1536K, 75% used [0x00000000ffd00000,0x00000000ffe20000,0x00000000ffe80000)
  to   space 1536K, 0% used [0x00000000ffe80000,0x00000000ffe80000,0x0000000100000000)
 ParOldGen       total 286720K, used 27063K [0x00000000e4000000, 0x00000000f5800000, 0x00000000f5800000)
  object space 286720K, 9% used [0x00000000e4000000,0x00000000e5a6dd70,0x00000000f5800000)
 Metaspace       used 58669K, capacity 62526K, committed 62848K, reserved 1103872K
  class space    used 7499K, capacity 8193K, committed 8320K, reserved 1048576K
2024-06-11T22:25:46.158+0800: 565.247: [GC (Allocation Failure) [PSYoungGen: 170112K->416K(170496K)] 197175K->28263K(457216K), 0.0053265 secs] [Times: user=0.01 sys=0.00, real=0.01 secs] 
Heap after GC invocations=66 (full 0):
 PSYoungGen      total 170496K, used 416K [0x00000000f5800000, 0x0000000100000000, 0x0000000100000000)
  eden space 168960K, 0% used [0x00000000f5800000,0x00000000f5800000,0x00000000ffd00000)
  from space 1536K, 27% used [0x00000000ffe80000,0x00000000ffee8000,0x0000000100000000)
  to   space 1536K, 0% used [0x00000000ffd00000,0x00000000ffd00000,0x00000000ffe80000)
 ParOldGen       total 286720K, used 27847K [0x00000000e4000000, 0x00000000f5800000, 0x00000000f5800000)
  object space 286720K, 9% used [0x00000000e4000000,0x00000000e5b31d70,0x00000000f5800000)
 Metaspace       used 58669K, capacity 62526K, committed 62848K, reserved 1103872K
  class space    used 7499K, capacity 8193K, committed 8320K, reserved 1048576K
}
{Heap before GC invocations=67 (full 0):
 PSYoungGen      total 170496K, used 169376K [0x00000000f5800000, 0x0000000100000000, 0x0000000100000000)
  eden space 168960K, 100% used [0x00000000f5800000,0x00000000ffd00000,0x00000000ffd00000)
  from space 1536K, 27% used [0x00000000ffe80000,0x00000000ffee8000,0x0000000100000000)
  to   space 1536K, 0% used [0x00000000ffd00000,0x00000000ffd00000,0x00000000ffe80000)
 ParOldGen       total 286720K, used 27847K [0x00000000e4000000, 0x00000000f5800000, 0x00000000f5800000)
  object space 286720K, 9% used [0x00000000e4000000,0x00000000e5b31d70,0x00000000f5800000)
 Metaspace       used 58672K, capacity 62590K, committed 62848K, reserved 1103872K
  class space    used 7499K, capacity 8193K, committed 8320K, reserved 1048576K
2024-06-11T22:25:56.852+0800: 575.941: [GC (Allocation Failure) [PSYoungGen: 169376K->416K(170496K)] 197223K->28279K(457216K), 0.0034008 secs] [Times: user=0.00 sys=0.00, real=0.00 secs] 
Heap after GC invocations=67 (full 0):
 PSYoungGen      total 170496K, used 416K [0x00000000f5800000, 0x0000000100000000, 0x0000000100000000)
  eden space 168960K, 0% used [0x00000000f5800000,0x00000000f5800000,0x00000000ffd00000)
  from space 1536K, 27% used [0x00000000ffd00000,0x00000000ffd68000,0x00000000ffe80000)
  to   space 1536K, 0% used [0x00000000ffe80000,0x00000000ffe80000,0x0000000100000000)
 ParOldGen       total 286720K, used 27863K [0x00000000e4000000, 0x00000000f5800000, 0x00000000f5800000)
  object space 286720K, 9% used [0x00000000e4000000,0x00000000e5b35d70,0x00000000f5800000)
 Metaspace       used 58672K, capacity 62590K, committed 62848K, reserved 1103872K
  class space    used 7499K, capacity 8193K, committed 8320K, reserved 1048576K
}
{Heap before GC invocations=68 (full 0):
 PSYoungGen      total 170496K, used 169376K [0x00000000f5800000, 0x0000000100000000, 0x0000000100000000)
  eden space 168960K, 100% used [0x00000000f5800000,0x00000000ffd00000,0x00000000ffd00000)
  from space 1536K, 27% used [0x00000000ffd00000,0x00000000ffd68000,0x00000000ffe80000)
  to   space 1536K, 0% used [0x00000000ffe80000,0x00000000ffe80000,0x0000000100000000)
 ParOldGen       total 286720K, used 27863K [0x00000000e4000000, 0x00000000f5800000, 0x00000000f5800000)
  object space 286720K, 9% used [0x00000000e4000000,0x00000000e5b35d70,0x00000000f5800000)
 Metaspace       used 58673K, capacity 62590K, committed 62848K, reserved 1103872K
  class space    used 7499K, capacity 8193K, committed 8320K, reserved 1048576K
2024-06-11T22:26:07.138+0800: 586.227: [GC (Allocation Failure) [PSYoungGen: 169376K->416K(170496K)] 197239K->28287K(457216K), 0.0035217 secs] [Times: user=0.00 sys=0.00, real=0.01 secs] 
Heap after GC invocations=68 (full 0):
 PSYoungGen      total 170496K, used 416K [0x00000000f5800000, 0x0000000100000000, 0x0000000100000000)
  eden space 168960K, 0% used [0x00000000f5800000,0x00000000f5800000,0x00000000ffd00000)
  from space 1536K, 27% used [0x00000000ffe80000,0x00000000ffee8000,0x0000000100000000)
  to   space 1536K, 0% used [0x00000000ffd00000,0x00000000ffd00000,0x00000000ffe80000)
 ParOldGen       total 286720K, used 27871K [0x00000000e4000000, 0x00000000f5800000, 0x00000000f5800000)
  object space 286720K, 9% used [0x00000000e4000000,0x00000000e5b37d70,0x00000000f5800000)
 Metaspace       used 58673K, capacity 62590K, committed 62848K, reserved 1103872K
  class space    used 7499K, capacity 8193K, committed 8320K, reserved 1048576K
}
{Heap before GC invocations=69 (full 0):
 PSYoungGen      total 170496K, used 169376K [0x00000000f5800000, 0x0000000100000000, 0x0000000100000000)
  eden space 168960K, 100% used [0x00000000f5800000,0x00000000ffd00000,0x00000000ffd00000)
  from space 1536K, 27% used [0x00000000ffe80000,0x00000000ffee8000,0x0000000100000000)
  to   space 1536K, 0% used [0x00000000ffd00000,0x00000000ffd00000,0x00000000ffe80000)
 ParOldGen       total 286720K, used 27871K [0x00000000e4000000, 0x00000000f5800000, 0x00000000f5800000)
  object space 286720K, 9% used [0x00000000e4000000,0x00000000e5b37d70,0x00000000f5800000)
 Metaspace       used 58682K, capacity 62590K, committed 62848K, reserved 1103872K
  class space    used 7499K, capacity 8193K, committed 8320K, reserved 1048576K
2024-06-11T22:26:17.701+0800: 596.790: [GC (Allocation Failure) [PSYoungGen: 169376K->416K(170496K)] 197247K->28295K(457216K), 0.0038097 secs] [Times: user=0.01 sys=0.00, real=0.00 secs] 
Heap after GC invocations=69 (full 0):
 PSYoungGen      total 170496K, used 416K [0x00000000f5800000, 0x0000000100000000, 0x0000000100000000)
  eden space 168960K, 0% used [0x00000000f5800000,0x00000000f5800000,0x00000000ffd00000)
  from space 1536K, 27% used [0x00000000ffd00000,0x00000000ffd68000,0x00000000ffe80000)
  to   space 1536K, 0% used [0x00000000ffe80000,0x00000000ffe80000,0x0000000100000000)
 ParOldGen       total 286720K, used 27879K [0x00000000e4000000, 0x00000000f5800000, 0x00000000f5800000)
  object space 286720K, 9% used [0x00000000e4000000,0x00000000e5b39d70,0x00000000f5800000)
 Metaspace       used 58682K, capacity 62590K, committed 62848K, reserved 1103872K
  class space    used 7499K, capacity 8193K, committed 8320K, reserved 1048576K
}
{Heap before GC invocations=70 (full 0):
 PSYoungGen      total 170496K, used 169376K [0x00000000f5800000, 0x0000000100000000, 0x0000000100000000)
  eden space 168960K, 100% used [0x00000000f5800000,0x00000000ffd00000,0x00000000ffd00000)
  from space 1536K, 27% used [0x00000000ffd00000,0x00000000ffd68000,0x00000000ffe80000)
  to   space 1536K, 0% used [0x00000000ffe80000,0x00000000ffe80000,0x0000000100000000)
 ParOldGen       total 286720K, used 27879K [0x00000000e4000000, 0x00000000f5800000, 0x00000000f5800000)
  object space 286720K, 9% used [0x00000000e4000000,0x00000000e5b39d70,0x00000000f5800000)
 Metaspace       used 58682K, capacity 62590K, committed 62848K, reserved 1103872K
  class space    used 7499K, capacity 8193K, committed 8320K, reserved 1048576K
2024-06-11T22:26:28.126+0800: 607.215: [GC (Allocation Failure) [PSYoungGen: 169376K->416K(170496K)] 197255K->28303K(457216K), 0.0038532 secs] [Times: user=0.01 sys=0.00, real=0.00 secs] 
Heap after GC invocations=70 (full 0):
 PSYoungGen      total 170496K, used 416K [0x00000000f5800000, 0x0000000100000000, 0x0000000100000000)
  eden space 168960K, 0% used [0x00000000f5800000,0x00000000f5800000,0x00000000ffd00000)
  from space 1536K, 27% used [0x00000000ffe80000,0x00000000ffee8000,0x0000000100000000)
  to   space 1536K, 0% used [0x00000000ffd00000,0x00000000ffd00000,0x00000000ffe80000)
 ParOldGen       total 286720K, used 27887K [0x00000000e4000000, 0x00000000f5800000, 0x00000000f5800000)
  object space 286720K, 9% used [0x00000000e4000000,0x00000000e5b3bd70,0x00000000f5800000)
 Metaspace       used 58682K, capacity 62590K, committed 62848K, reserved 1103872K
  class space    used 7499K, capacity 8193K, committed 8320K, reserved 1048576K
}
{Heap before GC invocations=71 (full 0):
 PSYoungGen      total 170496K, used 169376K [0x00000000f5800000, 0x0000000100000000, 0x0000000100000000)
  eden space 168960K, 100% used [0x00000000f5800000,0x00000000ffd00000,0x00000000ffd00000)
  from space 1536K, 27% used [0x00000000ffe80000,0x00000000ffee8000,0x0000000100000000)
  to   space 1536K, 0% used [0x00000000ffd00000,0x00000000ffd00000,0x00000000ffe80000)
 ParOldGen       total 286720K, used 27887K [0x00000000e4000000, 0x00000000f5800000, 0x00000000f5800000)
  object space 286720K, 9% used [0x00000000e4000000,0x00000000e5b3bd70,0x00000000f5800000)
 Metaspace       used 58683K, capacity 62590K, committed 62848K, reserved 1103872K
  class space    used 7499K, capacity 8193K, committed 8320K, reserved 1048576K
2024-06-11T22:26:38.642+0800: 617.730: [GC (Allocation Failure) [PSYoungGen: 169376K->1525K(170496K)] 197263K->29436K(457216K), 0.0059015 secs] [Times: user=0.00 sys=0.00, real=0.00 secs] 
Heap after GC invocations=71 (full 0):
 PSYoungGen      total 170496K, used 1525K [0x00000000f5800000, 0x0000000100000000, 0x0000000100000000)
  eden space 168960K, 0% used [0x00000000f5800000,0x00000000f5800000,0x00000000ffd00000)
  from space 1536K, 99% used [0x00000000ffd00000,0x00000000ffe7d470,0x00000000ffe80000)
  to   space 1536K, 0% used [0x00000000ffe80000,0x00000000ffe80000,0x0000000100000000)
 ParOldGen       total 286720K, used 27911K [0x00000000e4000000, 0x00000000f5800000, 0x00000000f5800000)
  object space 286720K, 9% used [0x00000000e4000000,0x00000000e5b41d70,0x00000000f5800000)
 Metaspace       used 58683K, capacity 62590K, committed 62848K, reserved 1103872K
  class space    used 7499K, capacity 8193K, committed 8320K, reserved 1048576K
}
{Heap before GC invocations=72 (full 0):
 PSYoungGen      total 170496K, used 170485K [0x00000000f5800000, 0x0000000100000000, 0x0000000100000000)
  eden space 168960K, 100% used [0x00000000f5800000,0x00000000ffd00000,0x00000000ffd00000)
  from space 1536K, 99% used [0x00000000ffd00000,0x00000000ffe7d470,0x00000000ffe80000)
  to   space 1536K, 0% used [0x00000000ffe80000,0x00000000ffe80000,0x0000000100000000)
 ParOldGen       total 286720K, used 27911K [0x00000000e4000000, 0x00000000f5800000, 0x00000000f5800000)
  object space 286720K, 9% used [0x00000000e4000000,0x00000000e5b41d70,0x00000000f5800000)
 Metaspace       used 58683K, capacity 62590K, committed 62848K, reserved 1103872K
  class space    used 7499K, capacity 8193K, committed 8320K, reserved 1048576K
2024-06-11T22:26:49.111+0800: 628.200: [GC (Allocation Failure) [PSYoungGen: 170485K->416K(170496K)] 198396K->29135K(457216K), 0.0049011 secs] [Times: user=0.01 sys=0.01, real=0.00 secs] 
Heap after GC invocations=72 (full 0):
 PSYoungGen      total 170496K, used 416K [0x00000000f5800000, 0x0000000100000000, 0x0000000100000000)
  eden space 168960K, 0% used [0x00000000f5800000,0x00000000f5800000,0x00000000ffd00000)
  from space 1536K, 27% used [0x00000000ffe80000,0x00000000ffee8000,0x0000000100000000)
  to   space 1536K, 0% used [0x00000000ffd00000,0x00000000ffd00000,0x00000000ffe80000)
 ParOldGen       total 286720K, used 28719K [0x00000000e4000000, 0x00000000f5800000, 0x00000000f5800000)
  object space 286720K, 10% used [0x00000000e4000000,0x00000000e5c0bd70,0x00000000f5800000)
 Metaspace       used 58683K, capacity 62590K, committed 62848K, reserved 1103872K
  class space    used 7499K, capacity 8193K, committed 8320K, reserved 1048576K
}
{Heap before GC invocations=73 (full 0):
 PSYoungGen      total 170496K, used 169376K [0x00000000f5800000, 0x0000000100000000, 0x0000000100000000)
  eden space 168960K, 100% used [0x00000000f5800000,0x00000000ffd00000,0x00000000ffd00000)
  from space 1536K, 27% used [0x00000000ffe80000,0x00000000ffee8000,0x0000000100000000)
  to   space 1536K, 0% used [0x00000000ffd00000,0x00000000ffd00000,0x00000000ffe80000)
 ParOldGen       total 286720K, used 28719K [0x00000000e4000000, 0x00000000f5800000, 0x00000000f5800000)
  object space 286720K, 10% used [0x00000000e4000000,0x00000000e5c0bd70,0x00000000f5800000)
 Metaspace       used 58687K, capacity 62594K, committed 62848K, reserved 1103872K
  class space    used 7499K, capacity 8193K, committed 8320K, reserved 1048576K
2024-06-11T22:26:59.730+0800: 638.818: [GC (Allocation Failure) [PSYoungGen: 169376K->416K(170496K)] 198095K->29159K(457216K), 0.0035359 secs] [Times: user=0.00 sys=0.00, real=0.01 secs] 
Heap after GC invocations=73 (full 0):
 PSYoungGen      total 170496K, used 416K [0x00000000f5800000, 0x0000000100000000, 0x0000000100000000)
  eden space 168960K, 0% used [0x00000000f5800000,0x00000000f5800000,0x00000000ffd00000)
  from space 1536K, 27% used [0x00000000ffd00000,0x00000000ffd68000,0x00000000ffe80000)
  to   space 1536K, 0% used [0x00000000ffe80000,0x00000000ffe80000,0x0000000100000000)
 ParOldGen       total 286720K, used 28743K [0x00000000e4000000, 0x00000000f5800000, 0x00000000f5800000)
  object space 286720K, 10% used [0x00000000e4000000,0x00000000e5c11d70,0x00000000f5800000)
 Metaspace       used 58687K, capacity 62594K, committed 62848K, reserved 1103872K
  class space    used 7499K, capacity 8193K, committed 8320K, reserved 1048576K
}
{Heap before GC invocations=74 (full 0):
 PSYoungGen      total 170496K, used 169376K [0x00000000f5800000, 0x0000000100000000, 0x0000000100000000)
  eden space 168960K, 100% used [0x00000000f5800000,0x00000000ffd00000,0x00000000ffd00000)
  from space 1536K, 27% used [0x00000000ffd00000,0x00000000ffd68000,0x00000000ffe80000)
  to   space 1536K, 0% used [0x00000000ffe80000,0x00000000ffe80000,0x0000000100000000)
 ParOldGen       total 286720K, used 28743K [0x00000000e4000000, 0x00000000f5800000, 0x00000000f5800000)
  object space 286720K, 10% used [0x00000000e4000000,0x00000000e5c11d70,0x00000000f5800000)
 Metaspace       used 58693K, capacity 62610K, committed 62848K, reserved 1103872K
  class space    used 7499K, capacity 8193K, committed 8320K, reserved 1048576K
2024-06-11T22:27:10.079+0800: 649.168: [GC (Allocation Failure) [PSYoungGen: 169376K->416K(170496K)] 198119K->29167K(457216K), 0.0034561 secs] [Times: user=0.00 sys=0.00, real=0.01 secs] 
Heap after GC invocations=74 (full 0):
 PSYoungGen      total 170496K, used 416K [0x00000000f5800000, 0x0000000100000000, 0x0000000100000000)
  eden space 168960K, 0% used [0x00000000f5800000,0x00000000f5800000,0x00000000ffd00000)
  from space 1536K, 27% used [0x00000000ffe80000,0x00000000ffee8000,0x0000000100000000)
  to   space 1536K, 0% used [0x00000000ffd00000,0x00000000ffd00000,0x00000000ffe80000)
 ParOldGen       total 286720K, used 28751K [0x00000000e4000000, 0x00000000f5800000, 0x00000000f5800000)
  object space 286720K, 10% used [0x00000000e4000000,0x00000000e5c13d70,0x00000000f5800000)
 Metaspace       used 58693K, capacity 62610K, committed 62848K, reserved 1103872K
  class space    used 7499K, capacity 8193K, committed 8320K, reserved 1048576K
}
{Heap before GC invocations=75 (full 0):
 PSYoungGen      total 170496K, used 169376K [0x00000000f5800000, 0x0000000100000000, 0x0000000100000000)
  eden space 168960K, 100% used [0x00000000f5800000,0x00000000ffd00000,0x00000000ffd00000)
  from space 1536K, 27% used [0x00000000ffe80000,0x00000000ffee8000,0x0000000100000000)
  to   space 1536K, 0% used [0x00000000ffd00000,0x00000000ffd00000,0x00000000ffe80000)
 ParOldGen       total 286720K, used 28751K [0x00000000e4000000, 0x00000000f5800000, 0x00000000f5800000)
  object space 286720K, 10% used [0x00000000e4000000,0x00000000e5c13d70,0x00000000f5800000)
 Metaspace       used 58693K, capacity 62610K, committed 62848K, reserved 1103872K
  class space    used 7499K, capacity 8193K, committed 8320K, reserved 1048576K
2024-06-11T22:27:20.588+0800: 659.677: [GC (Allocation Failure) [PSYoungGen: 169376K->384K(170496K)] 198127K->29143K(457216K), 0.0035107 secs] [Times: user=0.01 sys=0.00, real=0.01 secs] 
Heap after GC invocations=75 (full 0):
 PSYoungGen      total 170496K, used 384K [0x00000000f5800000, 0x0000000100000000, 0x0000000100000000)
  eden space 168960K, 0% used [0x00000000f5800000,0x00000000f5800000,0x00000000ffd00000)
  from space 1536K, 25% used [0x00000000ffd00000,0x00000000ffd60000,0x00000000ffe80000)
  to   space 1536K, 0% used [0x00000000ffe80000,0x00000000ffe80000,0x0000000100000000)
 ParOldGen       total 286720K, used 28759K [0x00000000e4000000, 0x00000000f5800000, 0x00000000f5800000)
  object space 286720K, 10% used [0x00000000e4000000,0x00000000e5c15d70,0x00000000f5800000)
 Metaspace       used 58693K, capacity 62610K, committed 62848K, reserved 1103872K
  class space    used 7499K, capacity 8193K, committed 8320K, reserved 1048576K
}
{Heap before GC invocations=76 (full 0):
 PSYoungGen      total 170496K, used 169344K [0x00000000f5800000, 0x0000000100000000, 0x0000000100000000)
  eden space 168960K, 100% used [0x00000000f5800000,0x00000000ffd00000,0x00000000ffd00000)
  from space 1536K, 25% used [0x00000000ffd00000,0x00000000ffd60000,0x00000000ffe80000)
  to   space 1536K, 0% used [0x00000000ffe80000,0x00000000ffe80000,0x0000000100000000)
 ParOldGen       total 286720K, used 28759K [0x00000000e4000000, 0x00000000f5800000, 0x00000000f5800000)
  object space 286720K, 10% used [0x00000000e4000000,0x00000000e5c15d70,0x00000000f5800000)
 Metaspace       used 58693K, capacity 62610K, committed 62848K, reserved 1103872K
  class space    used 7499K, capacity 8193K, committed 8320K, reserved 1048576K
2024-06-11T22:27:30.986+0800: 670.075: [GC (Allocation Failure) [PSYoungGen: 169344K->416K(170496K)] 198103K->29175K(457216K), 0.0033843 secs] [Times: user=0.00 sys=0.00, real=0.00 secs] 
Heap after GC invocations=76 (full 0):
 PSYoungGen      total 170496K, used 416K [0x00000000f5800000, 0x0000000100000000, 0x0000000100000000)
  eden space 168960K, 0% used [0x00000000f5800000,0x00000000f5800000,0x00000000ffd00000)
  from space 1536K, 27% used [0x00000000ffe80000,0x00000000ffee8000,0x0000000100000000)
  to   space 1536K, 0% used [0x00000000ffd00000,0x00000000ffd00000,0x00000000ffe80000)
 ParOldGen       total 286720K, used 28759K [0x00000000e4000000, 0x00000000f5800000, 0x00000000f5800000)
  object space 286720K, 10% used [0x00000000e4000000,0x00000000e5c15d70,0x00000000f5800000)
 Metaspace       used 58693K, capacity 62610K, committed 62848K, reserved 1103872K
  class space    used 7499K, capacity 8193K, committed 8320K, reserved 1048576K
}
{Heap before GC invocations=77 (full 0):
 PSYoungGen      total 170496K, used 169376K [0x00000000f5800000, 0x0000000100000000, 0x0000000100000000)
  eden space 168960K, 100% used [0x00000000f5800000,0x00000000ffd00000,0x00000000ffd00000)
  from space 1536K, 27% used [0x00000000ffe80000,0x00000000ffee8000,0x0000000100000000)
  to   space 1536K, 0% used [0x00000000ffd00000,0x00000000ffd00000,0x00000000ffe80000)
 ParOldGen       total 286720K, used 28759K [0x00000000e4000000, 0x00000000f5800000, 0x00000000f5800000)
  object space 286720K, 10% used [0x00000000e4000000,0x00000000e5c15d70,0x00000000f5800000)
 Metaspace       used 58693K, capacity 62610K, committed 62848K, reserved 1103872K
  class space    used 7499K, capacity 8193K, committed 8320K, reserved 1048576K
2024-06-11T22:27:41.491+0800: 680.579: [GC (Allocation Failure) [PSYoungGen: 169376K->1184K(170496K)] 198135K->29951K(457216K), 0.0049914 secs] [Times: user=0.01 sys=0.00, real=0.00 secs] 
Heap after GC invocations=77 (full 0):
 PSYoungGen      total 170496K, used 1184K [0x00000000f5800000, 0x0000000100000000, 0x0000000100000000)
  eden space 168960K, 0% used [0x00000000f5800000,0x00000000f5800000,0x00000000ffd00000)
  from space 1536K, 77% used [0x00000000ffd00000,0x00000000ffe28000,0x00000000ffe80000)
  to   space 1536K, 0% used [0x00000000ffe80000,0x00000000ffe80000,0x0000000100000000)
 ParOldGen       total 286720K, used 28767K [0x00000000e4000000, 0x00000000f5800000, 0x00000000f5800000)
  object space 286720K, 10% used [0x00000000e4000000,0x00000000e5c17d70,0x00000000f5800000)
 Metaspace       used 58693K, capacity 62610K, committed 62848K, reserved 1103872K
  class space    used 7499K, capacity 8193K, committed 8320K, reserved 1048576K
}
{Heap before GC invocations=78 (full 0):
 PSYoungGen      total 170496K, used 170144K [0x00000000f5800000, 0x0000000100000000, 0x0000000100000000)
  eden space 168960K, 100% used [0x00000000f5800000,0x00000000ffd00000,0x00000000ffd00000)
  from space 1536K, 77% used [0x00000000ffd00000,0x00000000ffe28000,0x00000000ffe80000)
  to   space 1536K, 0% used [0x00000000ffe80000,0x00000000ffe80000,0x0000000100000000)
 ParOldGen       total 286720K, used 28767K [0x00000000e4000000, 0x00000000f5800000, 0x00000000f5800000)
  object space 286720K, 10% used [0x00000000e4000000,0x00000000e5c17d70,0x00000000f5800000)
 Metaspace       used 58693K, capacity 62610K, committed 62848K, reserved 1103872K
  class space    used 7499K, capacity 8193K, committed 8320K, reserved 1048576K
2024-06-11T22:27:52.045+0800: 691.133: [GC (Allocation Failure) [PSYoungGen: 170144K->416K(170496K)] 198911K->29967K(457216K), 0.0052385 secs] [Times: user=0.01 sys=0.00, real=0.00 secs] 
Heap after GC invocations=78 (full 0):
 PSYoungGen      total 170496K, used 416K [0x00000000f5800000, 0x0000000100000000, 0x0000000100000000)
  eden space 168960K, 0% used [0x00000000f5800000,0x00000000f5800000,0x00000000ffd00000)
  from space 1536K, 27% used [0x00000000ffe80000,0x00000000ffee8000,0x0000000100000000)
  to   space 1536K, 0% used [0x00000000ffd00000,0x00000000ffd00000,0x00000000ffe80000)
 ParOldGen       total 286720K, used 29551K [0x00000000e4000000, 0x00000000f5800000, 0x00000000f5800000)
  object space 286720K, 10% used [0x00000000e4000000,0x00000000e5cdbd70,0x00000000f5800000)
 Metaspace       used 58693K, capacity 62610K, committed 62848K, reserved 1103872K
  class space    used 7499K, capacity 8193K, committed 8320K, reserved 1048576K
}
{Heap before GC invocations=79 (full 0):
 PSYoungGen      total 170496K, used 169376K [0x00000000f5800000, 0x0000000100000000, 0x0000000100000000)
  eden space 168960K, 100% used [0x00000000f5800000,0x00000000ffd00000,0x00000000ffd00000)
  from space 1536K, 27% used [0x00000000ffe80000,0x00000000ffee8000,0x0000000100000000)
  to   space 1536K, 0% used [0x00000000ffd00000,0x00000000ffd00000,0x00000000ffe80000)
 ParOldGen       total 286720K, used 29551K [0x00000000e4000000, 0x00000000f5800000, 0x00000000f5800000)
  object space 286720K, 10% used [0x00000000e4000000,0x00000000e5cdbd70,0x00000000f5800000)
 Metaspace       used 58699K, capacity 62610K, committed 62848K, reserved 1103872K
  class space    used 7499K, capacity 8193K, committed 8320K, reserved 1048576K
2024-06-11T22:28:02.500+0800: 701.589: [GC (Allocation Failure) [PSYoungGen: 169376K->416K(170496K)] 198927K->29975K(457216K), 0.0038228 secs] [Times: user=0.00 sys=0.00, real=0.01 secs] 
Heap after GC invocations=79 (full 0):
 PSYoungGen      total 170496K, used 416K [0x00000000f5800000, 0x0000000100000000, 0x0000000100000000)
  eden space 168960K, 0% used [0x00000000f5800000,0x00000000f5800000,0x00000000ffd00000)
  from space 1536K, 27% used [0x00000000ffd00000,0x00000000ffd68000,0x00000000ffe80000)
  to   space 1536K, 0% used [0x00000000ffe80000,0x00000000ffe80000,0x0000000100000000)
 ParOldGen       total 286720K, used 29559K [0x00000000e4000000, 0x00000000f5800000, 0x00000000f5800000)
  object space 286720K, 10% used [0x00000000e4000000,0x00000000e5cddd70,0x00000000f5800000)
 Metaspace       used 58699K, capacity 62610K, committed 62848K, reserved 1103872K
  class space    used 7499K, capacity 8193K, committed 8320K, reserved 1048576K
}
{Heap before GC invocations=80 (full 0):
 PSYoungGen      total 170496K, used 169376K [0x00000000f5800000, 0x0000000100000000, 0x0000000100000000)
  eden space 168960K, 100% used [0x00000000f5800000,0x00000000ffd00000,0x00000000ffd00000)
  from space 1536K, 27% used [0x00000000ffd00000,0x00000000ffd68000,0x00000000ffe80000)
  to   space 1536K, 0% used [0x00000000ffe80000,0x00000000ffe80000,0x0000000100000000)
 ParOldGen       total 286720K, used 29559K [0x00000000e4000000, 0x00000000f5800000, 0x00000000f5800000)
  object space 286720K, 10% used [0x00000000e4000000,0x00000000e5cddd70,0x00000000f5800000)
 Metaspace       used 58699K, capacity 62610K, committed 62848K, reserved 1103872K
  class space    used 7499K, capacity 8193K, committed 8320K, reserved 1048576K
2024-06-11T22:28:12.950+0800: 712.039: [GC (Allocation Failure) [PSYoungGen: 169376K->416K(170496K)] 198935K->29983K(457216K), 0.0035640 secs] [Times: user=0.00 sys=0.00, real=0.01 secs] 
Heap after GC invocations=80 (full 0):
 PSYoungGen      total 170496K, used 416K [0x00000000f5800000, 0x0000000100000000, 0x0000000100000000)
  eden space 168960K, 0% used [0x00000000f5800000,0x00000000f5800000,0x00000000ffd00000)
  from space 1536K, 27% used [0x00000000ffe80000,0x00000000ffee8000,0x0000000100000000)
  to   space 1536K, 0% used [0x00000000ffd00000,0x00000000ffd00000,0x00000000ffe80000)
 ParOldGen       total 286720K, used 29567K [0x00000000e4000000, 0x00000000f5800000, 0x00000000f5800000)
  object space 286720K, 10% used [0x00000000e4000000,0x00000000e5cdfd70,0x00000000f5800000)
 Metaspace       used 58699K, capacity 62610K, committed 62848K, reserved 1103872K
  class space    used 7499K, capacity 8193K, committed 8320K, reserved 1048576K
}
{Heap before GC invocations=81 (full 0):
 PSYoungGen      total 170496K, used 169376K [0x00000000f5800000, 0x0000000100000000, 0x0000000100000000)
  eden space 168960K, 100% used [0x00000000f5800000,0x00000000ffd00000,0x00000000ffd00000)
  from space 1536K, 27% used [0x00000000ffe80000,0x00000000ffee8000,0x0000000100000000)
  to   space 1536K, 0% used [0x00000000ffd00000,0x00000000ffd00000,0x00000000ffe80000)
 ParOldGen       total 286720K, used 29567K [0x00000000e4000000, 0x00000000f5800000, 0x00000000f5800000)
  object space 286720K, 10% used [0x00000000e4000000,0x00000000e5cdfd70,0x00000000f5800000)
 Metaspace       used 58700K, capacity 62610K, committed 62848K, reserved 1103872K
  class space    used 7499K, capacity 8193K, committed 8320K, reserved 1048576K
2024-06-11T22:28:23.548+0800: 722.637: [GC (Allocation Failure) [PSYoungGen: 169376K->416K(170496K)] 198943K->29991K(457216K), 0.0040861 secs] [Times: user=0.00 sys=0.00, real=0.01 secs] 
Heap after GC invocations=81 (full 0):
 PSYoungGen      total 170496K, used 416K [0x00000000f5800000, 0x0000000100000000, 0x0000000100000000)
  eden space 168960K, 0% used [0x00000000f5800000,0x00000000f5800000,0x00000000ffd00000)
  from space 1536K, 27% used [0x00000000ffd00000,0x00000000ffd68000,0x00000000ffe80000)
  to   space 1536K, 0% used [0x00000000ffe80000,0x00000000ffe80000,0x0000000100000000)
 ParOldGen       total 286720K, used 29575K [0x00000000e4000000, 0x00000000f5800000, 0x00000000f5800000)
  object space 286720K, 10% used [0x00000000e4000000,0x00000000e5ce1d70,0x00000000f5800000)
 Metaspace       used 58700K, capacity 62610K, committed 62848K, reserved 1103872K
  class space    used 7499K, capacity 8193K, committed 8320K, reserved 1048576K
}
{Heap before GC invocations=82 (full 0):
 PSYoungGen      total 170496K, used 169376K [0x00000000f5800000, 0x0000000100000000, 0x0000000100000000)
  eden space 168960K, 100% used [0x00000000f5800000,0x00000000ffd00000,0x00000000ffd00000)
  from space 1536K, 27% used [0x00000000ffd00000,0x00000000ffd68000,0x00000000ffe80000)
  to   space 1536K, 0% used [0x00000000ffe80000,0x00000000ffe80000,0x0000000100000000)
 ParOldGen       total 286720K, used 29575K [0x00000000e4000000, 0x00000000f5800000, 0x00000000f5800000)
  object space 286720K, 10% used [0x00000000e4000000,0x00000000e5ce1d70,0x00000000f5800000)
 Metaspace       used 58703K, capacity 62610K, committed 62848K, reserved 1103872K
  class space    used 7499K, capacity 8193K, committed 8320K, reserved 1048576K
2024-06-11T22:28:33.923+0800: 733.012: [GC (Allocation Failure) [PSYoungGen: 169376K->416K(170496K)] 198951K->30007K(457216K), 0.0033762 secs] [Times: user=0.01 sys=0.00, real=0.00 secs] 
Heap after GC invocations=82 (full 0):
 PSYoungGen      total 170496K, used 416K [0x00000000f5800000, 0x0000000100000000, 0x0000000100000000)
  eden space 168960K, 0% used [0x00000000f5800000,0x00000000f5800000,0x00000000ffd00000)
  from space 1536K, 27% used [0x00000000ffe80000,0x00000000ffee8000,0x0000000100000000)
  to   space 1536K, 0% used [0x00000000ffd00000,0x00000000ffd00000,0x00000000ffe80000)
 ParOldGen       total 286720K, used 29591K [0x00000000e4000000, 0x00000000f5800000, 0x00000000f5800000)
  object space 286720K, 10% used [0x00000000e4000000,0x00000000e5ce5d70,0x00000000f5800000)
 Metaspace       used 58703K, capacity 62610K, committed 62848K, reserved 1103872K
  class space    used 7499K, capacity 8193K, committed 8320K, reserved 1048576K
}
{Heap before GC invocations=83 (full 0):
 PSYoungGen      total 170496K, used 169376K [0x00000000f5800000, 0x0000000100000000, 0x0000000100000000)
  eden space 168960K, 100% used [0x00000000f5800000,0x00000000ffd00000,0x00000000ffd00000)
  from space 1536K, 27% used [0x00000000ffe80000,0x00000000ffee8000,0x0000000100000000)
  to   space 1536K, 0% used [0x00000000ffd00000,0x00000000ffd00000,0x00000000ffe80000)
 ParOldGen       total 286720K, used 29591K [0x00000000e4000000, 0x00000000f5800000, 0x00000000f5800000)
  object space 286720K, 10% used [0x00000000e4000000,0x00000000e5ce5d70,0x00000000f5800000)
 Metaspace       used 58703K, capacity 62610K, committed 62848K, reserved 1103872K
  class space    used 7499K, capacity 8193K, committed 8320K, reserved 1048576K
2024-06-11T22:28:44.455+0800: 743.544: [GC (Allocation Failure) [PSYoungGen: 169376K->1152K(170496K)] 198967K->30767K(457216K), 0.0050658 secs] [Times: user=0.01 sys=0.00, real=0.00 secs] 
Heap after GC invocations=83 (full 0):
 PSYoungGen      total 170496K, used 1152K [0x00000000f5800000, 0x0000000100000000, 0x0000000100000000)
  eden space 168960K, 0% used [0x00000000f5800000,0x00000000f5800000,0x00000000ffd00000)
  from space 1536K, 75% used [0x00000000ffd00000,0x00000000ffe20000,0x00000000ffe80000)
  to   space 1536K, 0% used [0x00000000ffe80000,0x00000000ffe80000,0x0000000100000000)
 ParOldGen       total 286720K, used 29615K [0x00000000e4000000, 0x00000000f5800000, 0x00000000f5800000)
  object space 286720K, 10% used [0x00000000e4000000,0x00000000e5cebd70,0x00000000f5800000)
 Metaspace       used 58703K, capacity 62610K, committed 62848K, reserved 1103872K
  class space    used 7499K, capacity 8193K, committed 8320K, reserved 1048576K
}
{Heap before GC invocations=84 (full 0):
 PSYoungGen      total 170496K, used 170112K [0x00000000f5800000, 0x0000000100000000, 0x0000000100000000)
  eden space 168960K, 100% used [0x00000000f5800000,0x00000000ffd00000,0x00000000ffd00000)
  from space 1536K, 75% used [0x00000000ffd00000,0x00000000ffe20000,0x00000000ffe80000)
  to   space 1536K, 0% used [0x00000000ffe80000,0x00000000ffe80000,0x0000000100000000)
 ParOldGen       total 286720K, used 29615K [0x00000000e4000000, 0x00000000f5800000, 0x00000000f5800000)
  object space 286720K, 10% used [0x00000000e4000000,0x00000000e5cebd70,0x00000000f5800000)
 Metaspace       used 58705K, capacity 62610K, committed 62848K, reserved 1103872K
  class space    used 7499K, capacity 8193K, committed 8320K, reserved 1048576K
2024-06-11T22:28:54.862+0800: 753.951: [GC (Allocation Failure) [PSYoungGen: 170112K->384K(170496K)] 199727K->30767K(457216K), 0.0045329 secs] [Times: user=0.01 sys=0.00, real=0.00 secs] 
Heap after GC invocations=84 (full 0):
 PSYoungGen      total 170496K, used 384K [0x00000000f5800000, 0x0000000100000000, 0x0000000100000000)
  eden space 168960K, 0% used [0x00000000f5800000,0x00000000f5800000,0x00000000ffd00000)
  from space 1536K, 25% used [0x00000000ffe80000,0x00000000ffee0000,0x0000000100000000)
  to   space 1536K, 0% used [0x00000000ffd00000,0x00000000ffd00000,0x00000000ffe80000)
 ParOldGen       total 286720K, used 30383K [0x00000000e4000000, 0x00000000f5800000, 0x00000000f5800000)
  object space 286720K, 10% used [0x00000000e4000000,0x00000000e5dabd70,0x00000000f5800000)
 Metaspace       used 58705K, capacity 62610K, committed 62848K, reserved 1103872K
  class space    used 7499K, capacity 8193K, committed 8320K, reserved 1048576K
}
{Heap before GC invocations=85 (full 0):
 PSYoungGen      total 170496K, used 169344K [0x00000000f5800000, 0x0000000100000000, 0x0000000100000000)
  eden space 168960K, 100% used [0x00000000f5800000,0x00000000ffd00000,0x00000000ffd00000)
  from space 1536K, 25% used [0x00000000ffe80000,0x00000000ffee0000,0x0000000100000000)
  to   space 1536K, 0% used [0x00000000ffd00000,0x00000000ffd00000,0x00000000ffe80000)
 ParOldGen       total 286720K, used 30383K [0x00000000e4000000, 0x00000000f5800000, 0x00000000f5800000)
  object space 286720K, 10% used [0x00000000e4000000,0x00000000e5dabd70,0x00000000f5800000)
 Metaspace       used 58705K, capacity 62610K, committed 62848K, reserved 1103872K
  class space    used 7499K, capacity 8193K, committed 8320K, reserved 1048576K
2024-06-11T22:29:05.459+0800: 764.548: [GC (Allocation Failure) [PSYoungGen: 169344K->416K(170496K)] 199727K->30807K(457216K), 0.0033074 secs] [Times: user=0.01 sys=0.00, real=0.01 secs] 
Heap after GC invocations=85 (full 0):
 PSYoungGen      total 170496K, used 416K [0x00000000f5800000, 0x0000000100000000, 0x0000000100000000)
  eden space 168960K, 0% used [0x00000000f5800000,0x00000000f5800000,0x00000000ffd00000)
  from space 1536K, 27% used [0x00000000ffd00000,0x00000000ffd68000,0x00000000ffe80000)
  to   space 1536K, 0% used [0x00000000ffe80000,0x00000000ffe80000,0x0000000100000000)
 ParOldGen       total 286720K, used 30391K [0x00000000e4000000, 0x00000000f5800000, 0x00000000f5800000)
  object space 286720K, 10% used [0x00000000e4000000,0x00000000e5dadd70,0x00000000f5800000)
 Metaspace       used 58705K, capacity 62610K, committed 62848K, reserved 1103872K
  class space    used 7499K, capacity 8193K, committed 8320K, reserved 1048576K
}
{Heap before GC invocations=86 (full 0):
 PSYoungGen      total 170496K, used 169376K [0x00000000f5800000, 0x0000000100000000, 0x0000000100000000)
  eden space 168960K, 100% used [0x00000000f5800000,0x00000000ffd00000,0x00000000ffd00000)
  from space 1536K, 27% used [0x00000000ffd00000,0x00000000ffd68000,0x00000000ffe80000)
  to   space 1536K, 0% used [0x00000000ffe80000,0x00000000ffe80000,0x0000000100000000)
 ParOldGen       total 286720K, used 30391K [0x00000000e4000000, 0x00000000f5800000, 0x00000000f5800000)
  object space 286720K, 10% used [0x00000000e4000000,0x00000000e5dadd70,0x00000000f5800000)
 Metaspace       used 58705K, capacity 62610K, committed 62848K, reserved 1103872K
  class space    used 7499K, capacity 8193K, committed 8320K, reserved 1048576K
2024-06-11T22:29:16.226+0800: 775.314: [GC (Allocation Failure) [PSYoungGen: 169376K->416K(170496K)] 199767K->30807K(457216K), 0.0035132 secs] [Times: user=0.01 sys=0.00, real=0.00 secs] 
Heap after GC invocations=86 (full 0):
 PSYoungGen      total 170496K, used 416K [0x00000000f5800000, 0x0000000100000000, 0x0000000100000000)
  eden space 168960K, 0% used [0x00000000f5800000,0x00000000f5800000,0x00000000ffd00000)
  from space 1536K, 27% used [0x00000000ffe80000,0x00000000ffee8000,0x0000000100000000)
  to   space 1536K, 0% used [0x00000000ffd00000,0x00000000ffd00000,0x00000000ffe80000)
 ParOldGen       total 286720K, used 30391K [0x00000000e4000000, 0x00000000f5800000, 0x00000000f5800000)
  object space 286720K, 10% used [0x00000000e4000000,0x00000000e5dadd70,0x00000000f5800000)
 Metaspace       used 58705K, capacity 62610K, committed 62848K, reserved 1103872K
  class space    used 7499K, capacity 8193K, committed 8320K, reserved 1048576K
}
{Heap before GC invocations=87 (full 0):
 PSYoungGen      total 170496K, used 169376K [0x00000000f5800000, 0x0000000100000000, 0x0000000100000000)
  eden space 168960K, 100% used [0x00000000f5800000,0x00000000ffd00000,0x00000000ffd00000)
  from space 1536K, 27% used [0x00000000ffe80000,0x00000000ffee8000,0x0000000100000000)
  to   space 1536K, 0% used [0x00000000ffd00000,0x00000000ffd00000,0x00000000ffe80000)
 ParOldGen       total 286720K, used 30391K [0x00000000e4000000, 0x00000000f5800000, 0x00000000f5800000)
  object space 286720K, 10% used [0x00000000e4000000,0x00000000e5dadd70,0x00000000f5800000)
 Metaspace       used 58710K, capacity 62610K, committed 62848K, reserved 1103872K
  class space    used 7499K, capacity 8193K, committed 8320K, reserved 1048576K
2024-06-11T22:29:26.472+0800: 785.561: [GC (Allocation Failure) [PSYoungGen: 169376K->416K(170496K)] 199767K->30815K(457216K), 0.0038062 secs] [Times: user=0.01 sys=0.00, real=0.00 secs] 
Heap after GC invocations=87 (full 0):
 PSYoungGen      total 170496K, used 416K [0x00000000f5800000, 0x0000000100000000, 0x0000000100000000)
  eden space 168960K, 0% used [0x00000000f5800000,0x00000000f5800000,0x00000000ffd00000)
  from space 1536K, 27% used [0x00000000ffd00000,0x00000000ffd68000,0x00000000ffe80000)
  to   space 1536K, 0% used [0x00000000ffe80000,0x00000000ffe80000,0x0000000100000000)
 ParOldGen       total 286720K, used 30399K [0x00000000e4000000, 0x00000000f5800000, 0x00000000f5800000)
  object space 286720K, 10% used [0x00000000e4000000,0x00000000e5dafd70,0x00000000f5800000)
 Metaspace       used 58710K, capacity 62610K, committed 62848K, reserved 1103872K
  class space    used 7499K, capacity 8193K, committed 8320K, reserved 1048576K
}
{Heap before GC invocations=88 (full 0):
 PSYoungGen      total 170496K, used 169376K [0x00000000f5800000, 0x0000000100000000, 0x0000000100000000)
  eden space 168960K, 100% used [0x00000000f5800000,0x00000000ffd00000,0x00000000ffd00000)
  from space 1536K, 27% used [0x00000000ffd00000,0x00000000ffd68000,0x00000000ffe80000)
  to   space 1536K, 0% used [0x00000000ffe80000,0x00000000ffe80000,0x0000000100000000)
 ParOldGen       total 286720K, used 30399K [0x00000000e4000000, 0x00000000f5800000, 0x00000000f5800000)
  object space 286720K, 10% used [0x00000000e4000000,0x00000000e5dafd70,0x00000000f5800000)
 Metaspace       used 58710K, capacity 62610K, committed 62848K, reserved 1103872K
  class space    used 7499K, capacity 8193K, committed 8320K, reserved 1048576K
2024-06-11T22:29:36.852+0800: 795.941: [GC (Allocation Failure) [PSYoungGen: 169376K->1184K(170496K)] 199775K->31591K(457216K), 0.0046502 secs] [Times: user=0.00 sys=0.00, real=0.00 secs] 
Heap after GC invocations=88 (full 0):
 PSYoungGen      total 170496K, used 1184K [0x00000000f5800000, 0x0000000100000000, 0x0000000100000000)
  eden space 168960K, 0% used [0x00000000f5800000,0x00000000f5800000,0x00000000ffd00000)
  from space 1536K, 77% used [0x00000000ffe80000,0x00000000fffa8000,0x0000000100000000)
  to   space 1536K, 0% used [0x00000000ffd00000,0x00000000ffd00000,0x00000000ffe80000)
 ParOldGen       total 286720K, used 30407K [0x00000000e4000000, 0x00000000f5800000, 0x00000000f5800000)
  object space 286720K, 10% used [0x00000000e4000000,0x00000000e5db1d70,0x00000000f5800000)
 Metaspace       used 58710K, capacity 62610K, committed 62848K, reserved 1103872K
  class space    used 7499K, capacity 8193K, committed 8320K, reserved 1048576K
}
{Heap before GC invocations=89 (full 0):
 PSYoungGen      total 170496K, used 170144K [0x00000000f5800000, 0x0000000100000000, 0x0000000100000000)
  eden space 168960K, 100% used [0x00000000f5800000,0x00000000ffd00000,0x00000000ffd00000)
  from space 1536K, 77% used [0x00000000ffe80000,0x00000000fffa8000,0x0000000100000000)
  to   space 1536K, 0% used [0x00000000ffd00000,0x00000000ffd00000,0x00000000ffe80000)
 ParOldGen       total 286720K, used 30407K [0x00000000e4000000, 0x00000000f5800000, 0x00000000f5800000)
  object space 286720K, 10% used [0x00000000e4000000,0x00000000e5db1d70,0x00000000f5800000)
 Metaspace       used 58710K, capacity 62610K, committed 62848K, reserved 1103872K
  class space    used 7499K, capacity 8193K, committed 8320K, reserved 1048576K
2024-06-11T22:29:47.464+0800: 806.553: [GC (Allocation Failure) [PSYoungGen: 170144K->384K(170496K)] 200551K->31567K(457216K), 0.0049992 secs] [Times: user=0.00 sys=0.01, real=0.00 secs] 
Heap after GC invocations=89 (full 0):
 PSYoungGen      total 170496K, used 384K [0x00000000f5800000, 0x0000000100000000, 0x0000000100000000)
  eden space 168960K, 0% used [0x00000000f5800000,0x00000000f5800000,0x00000000ffd00000)
  from space 1536K, 25% used [0x00000000ffd00000,0x00000000ffd60000,0x00000000ffe80000)
  to   space 1536K, 0% used [0x00000000ffe80000,0x00000000ffe80000,0x0000000100000000)
 ParOldGen       total 286720K, used 31183K [0x00000000e4000000, 0x00000000f5800000, 0x00000000f5800000)
  object space 286720K, 10% used [0x00000000e4000000,0x00000000e5e73d70,0x00000000f5800000)
 Metaspace       used 58710K, capacity 62610K, committed 62848K, reserved 1103872K
  class space    used 7499K, capacity 8193K, committed 8320K, reserved 1048576K
}
{Heap before GC invocations=90 (full 0):
 PSYoungGen      total 170496K, used 169344K [0x00000000f5800000, 0x0000000100000000, 0x0000000100000000)
  eden space 168960K, 100% used [0x00000000f5800000,0x00000000ffd00000,0x00000000ffd00000)
  from space 1536K, 25% used [0x00000000ffd00000,0x00000000ffd60000,0x00000000ffe80000)
  to   space 1536K, 0% used [0x00000000ffe80000,0x00000000ffe80000,0x0000000100000000)
 ParOldGen       total 286720K, used 31183K [0x00000000e4000000, 0x00000000f5800000, 0x00000000f5800000)
  object space 286720K, 10% used [0x00000000e4000000,0x00000000e5e73d70,0x00000000f5800000)
 Metaspace       used 58711K, capacity 62610K, committed 62848K, reserved 1103872K
  class space    used 7499K, capacity 8193K, committed 8320K, reserved 1048576K
2024-06-11T22:29:57.977+0800: 817.066: [GC (Allocation Failure) [PSYoungGen: 169344K->416K(170496K)] 200527K->31615K(457216K), 0.0034965 secs] [Times: user=0.01 sys=0.00, real=0.01 secs] 
Heap after GC invocations=90 (full 0):
 PSYoungGen      total 170496K, used 416K [0x00000000f5800000, 0x0000000100000000, 0x0000000100000000)
  eden space 168960K, 0% used [0x00000000f5800000,0x00000000f5800000,0x00000000ffd00000)
  from space 1536K, 27% used [0x00000000ffe80000,0x00000000ffee8000,0x0000000100000000)
  to   space 1536K, 0% used [0x00000000ffd00000,0x00000000ffd00000,0x00000000ffe80000)
 ParOldGen       total 286720K, used 31199K [0x00000000e4000000, 0x00000000f5800000, 0x00000000f5800000)
  object space 286720K, 10% used [0x00000000e4000000,0x00000000e5e77d70,0x00000000f5800000)
 Metaspace       used 58711K, capacity 62610K, committed 62848K, reserved 1103872K
  class space    used 7499K, capacity 8193K, committed 8320K, reserved 1048576K
}
{Heap before GC invocations=91 (full 0):
 PSYoungGen      total 170496K, used 169376K [0x00000000f5800000, 0x0000000100000000, 0x0000000100000000)
  eden space 168960K, 100% used [0x00000000f5800000,0x00000000ffd00000,0x00000000ffd00000)
  from space 1536K, 27% used [0x00000000ffe80000,0x00000000ffee8000,0x0000000100000000)
  to   space 1536K, 0% used [0x00000000ffd00000,0x00000000ffd00000,0x00000000ffe80000)
 ParOldGen       total 286720K, used 31199K [0x00000000e4000000, 0x00000000f5800000, 0x00000000f5800000)
  object space 286720K, 10% used [0x00000000e4000000,0x00000000e5e77d70,0x00000000f5800000)
 Metaspace       used 58714K, capacity 62610K, committed 62848K, reserved 1103872K
  class space    used 7499K, capacity 8193K, committed 8320K, reserved 1048576K
2024-06-11T22:30:08.381+0800: 827.470: [GC (Allocation Failure) [PSYoungGen: 169376K->789K(170496K)] 200575K->32004K(457216K), 0.0036906 secs] [Times: user=0.01 sys=0.00, real=0.00 secs] 
Heap after GC invocations=91 (full 0):
 PSYoungGen      total 170496K, used 789K [0x00000000f5800000, 0x0000000100000000, 0x0000000100000000)
  eden space 168960K, 0% used [0x00000000f5800000,0x00000000f5800000,0x00000000ffd00000)
  from space 1536K, 51% used [0x00000000ffd00000,0x00000000ffdc5480,0x00000000ffe80000)
  to   space 1536K, 0% used [0x00000000ffe80000,0x00000000ffe80000,0x0000000100000000)
 ParOldGen       total 286720K, used 31215K [0x00000000e4000000, 0x00000000f5800000, 0x00000000f5800000)
  object space 286720K, 10% used [0x00000000e4000000,0x00000000e5e7bd70,0x00000000f5800000)
 Metaspace       used 58714K, capacity 62610K, committed 62848K, reserved 1103872K
  class space    used 7499K, capacity 8193K, committed 8320K, reserved 1048576K
}
{Heap before GC invocations=92 (full 0):
 PSYoungGen      total 170496K, used 169749K [0x00000000f5800000, 0x0000000100000000, 0x0000000100000000)
  eden space 168960K, 100% used [0x00000000f5800000,0x00000000ffd00000,0x00000000ffd00000)
  from space 1536K, 51% used [0x00000000ffd00000,0x00000000ffdc5480,0x00000000ffe80000)
  to   space 1536K, 0% used [0x00000000ffe80000,0x00000000ffe80000,0x0000000100000000)
 ParOldGen       total 286720K, used 31215K [0x00000000e4000000, 0x00000000f5800000, 0x00000000f5800000)
  object space 286720K, 10% used [0x00000000e4000000,0x00000000e5e7bd70,0x00000000f5800000)
 Metaspace       used 58714K, capacity 62610K, committed 62848K, reserved 1103872K
  class space    used 7499K, capacity 8193K, committed 8320K, reserved 1048576K
2024-06-11T22:30:18.721+0800: 837.810: [GC (Allocation Failure) [PSYoungGen: 169749K->384K(170496K)] 200964K->31607K(457216K), 0.0033745 secs] [Times: user=0.01 sys=0.00, real=0.00 secs] 
Heap after GC invocations=92 (full 0):
 PSYoungGen      total 170496K, used 384K [0x00000000f5800000, 0x0000000100000000, 0x0000000100000000)
  eden space 168960K, 0% used [0x00000000f5800000,0x00000000f5800000,0x00000000ffd00000)
  from space 1536K, 25% used [0x00000000ffe80000,0x00000000ffee0000,0x0000000100000000)
  to   space 1536K, 0% used [0x00000000ffd00000,0x00000000ffd00000,0x00000000ffe80000)
 ParOldGen       total 286720K, used 31223K [0x00000000e4000000, 0x00000000f5800000, 0x00000000f5800000)
  object space 286720K, 10% used [0x00000000e4000000,0x00000000e5e7dd70,0x00000000f5800000)
 Metaspace       used 58714K, capacity 62610K, committed 62848K, reserved 1103872K
  class space    used 7499K, capacity 8193K, committed 8320K, reserved 1048576K
}
{Heap before GC invocations=93 (full 0):
 PSYoungGen      total 170496K, used 169344K [0x00000000f5800000, 0x0000000100000000, 0x0000000100000000)
  eden space 168960K, 100% used [0x00000000f5800000,0x00000000ffd00000,0x00000000ffd00000)
  from space 1536K, 25% used [0x00000000ffe80000,0x00000000ffee0000,0x0000000100000000)
  to   space 1536K, 0% used [0x00000000ffd00000,0x00000000ffd00000,0x00000000ffe80000)
 ParOldGen       total 286720K, used 31223K [0x00000000e4000000, 0x00000000f5800000, 0x00000000f5800000)
  object space 286720K, 10% used [0x00000000e4000000,0x00000000e5e7dd70,0x00000000f5800000)
 Metaspace       used 58714K, capacity 62610K, committed 62848K, reserved 1103872K
  class space    used 7499K, capacity 8193K, committed 8320K, reserved 1048576K
2024-06-11T22:30:29.313+0800: 848.401: [GC (Allocation Failure) [PSYoungGen: 169344K->384K(170496K)] 200567K->31615K(457216K), 0.0038190 secs] [Times: user=0.01 sys=0.00, real=0.00 secs] 
Heap after GC invocations=93 (full 0):
 PSYoungGen      total 170496K, used 384K [0x00000000f5800000, 0x0000000100000000, 0x0000000100000000)
  eden space 168960K, 0% used [0x00000000f5800000,0x00000000f5800000,0x00000000ffd00000)
  from space 1536K, 25% used [0x00000000ffd00000,0x00000000ffd60000,0x00000000ffe80000)
  to   space 1536K, 0% used [0x00000000ffe80000,0x00000000ffe80000,0x0000000100000000)
 ParOldGen       total 286720K, used 31231K [0x00000000e4000000, 0x00000000f5800000, 0x00000000f5800000)
  object space 286720K, 10% used [0x00000000e4000000,0x00000000e5e7fd70,0x00000000f5800000)
 Metaspace       used 58714K, capacity 62610K, committed 62848K, reserved 1103872K
  class space    used 7499K, capacity 8193K, committed 8320K, reserved 1048576K
}
{Heap before GC invocations=94 (full 0):
 PSYoungGen      total 170496K, used 169344K [0x00000000f5800000, 0x0000000100000000, 0x0000000100000000)
  eden space 168960K, 100% used [0x00000000f5800000,0x00000000ffd00000,0x00000000ffd00000)
  from space 1536K, 25% used [0x00000000ffd00000,0x00000000ffd60000,0x00000000ffe80000)
  to   space 1536K, 0% used [0x00000000ffe80000,0x00000000ffe80000,0x0000000100000000)
 ParOldGen       total 286720K, used 31231K [0x00000000e4000000, 0x00000000f5800000, 0x00000000f5800000)
  object space 286720K, 10% used [0x00000000e4000000,0x00000000e5e7fd70,0x00000000f5800000)
 Metaspace       used 58714K, capacity 62610K, committed 62848K, reserved 1103872K
  class space    used 7499K, capacity 8193K, committed 8320K, reserved 1048576K
2024-06-11T22:30:39.883+0800: 858.972: [GC (Allocation Failure) [PSYoungGen: 169344K->1536K(170496K)] 200575K->32783K(457216K), 0.0043256 secs] [Times: user=0.01 sys=0.00, real=0.00 secs] 
Heap after GC invocations=94 (full 0):
 PSYoungGen      total 170496K, used 1536K [0x00000000f5800000, 0x0000000100000000, 0x0000000100000000)
  eden space 168960K, 0% used [0x00000000f5800000,0x00000000f5800000,0x00000000ffd00000)
  from space 1536K, 100% used [0x00000000ffe80000,0x0000000100000000,0x0000000100000000)
  to   space 1536K, 0% used [0x00000000ffd00000,0x00000000ffd00000,0x00000000ffe80000)
 ParOldGen       total 286720K, used 31247K [0x00000000e4000000, 0x00000000f5800000, 0x00000000f5800000)
  object space 286720K, 10% used [0x00000000e4000000,0x00000000e5e83d70,0x00000000f5800000)
 Metaspace       used 58714K, capacity 62610K, committed 62848K, reserved 1103872K
  class space    used 7499K, capacity 8193K, committed 8320K, reserved 1048576K
}
{Heap before GC invocations=95 (full 0):
 PSYoungGen      total 170496K, used 170496K [0x00000000f5800000, 0x0000000100000000, 0x0000000100000000)
  eden space 168960K, 100% used [0x00000000f5800000,0x00000000ffd00000,0x00000000ffd00000)
  from space 1536K, 100% used [0x00000000ffe80000,0x0000000100000000,0x0000000100000000)
  to   space 1536K, 0% used [0x00000000ffd00000,0x00000000ffd00000,0x00000000ffe80000)
 ParOldGen       total 286720K, used 31247K [0x00000000e4000000, 0x00000000f5800000, 0x00000000f5800000)
  object space 286720K, 10% used [0x00000000e4000000,0x00000000e5e83d70,0x00000000f5800000)
 Metaspace       used 58714K, capacity 62610K, committed 62848K, reserved 1103872K
  class space    used 7499K, capacity 8193K, committed 8320K, reserved 1048576K
2024-06-11T22:30:50.527+0800: 869.616: [GC (Allocation Failure) [PSYoungGen: 170496K->512K(170496K)] 201743K->32799K(457216K), 0.0044498 secs] [Times: user=0.01 sys=0.00, real=0.01 secs] 
Heap after GC invocations=95 (full 0):
 PSYoungGen      total 170496K, used 512K [0x00000000f5800000, 0x0000000100000000, 0x0000000100000000)
  eden space 168960K, 0% used [0x00000000f5800000,0x00000000f5800000,0x00000000ffd00000)
  from space 1536K, 33% used [0x00000000ffd00000,0x00000000ffd80000,0x00000000ffe80000)
  to   space 1536K, 0% used [0x00000000ffe80000,0x00000000ffe80000,0x0000000100000000)
 ParOldGen       total 286720K, used 32287K [0x00000000e4000000, 0x00000000f5800000, 0x00000000f5800000)
  object space 286720K, 11% used [0x00000000e4000000,0x00000000e5f87d70,0x00000000f5800000)
 Metaspace       used 58714K, capacity 62610K, committed 62848K, reserved 1103872K
  class space    used 7499K, capacity 8193K, committed 8320K, reserved 1048576K
}
{Heap before GC invocations=96 (full 0):
 PSYoungGen      total 170496K, used 169472K [0x00000000f5800000, 0x0000000100000000, 0x0000000100000000)
  eden space 168960K, 100% used [0x00000000f5800000,0x00000000ffd00000,0x00000000ffd00000)
  from space 1536K, 33% used [0x00000000ffd00000,0x00000000ffd80000,0x00000000ffe80000)
  to   space 1536K, 0% used [0x00000000ffe80000,0x00000000ffe80000,0x0000000100000000)
 ParOldGen       total 286720K, used 32287K [0x00000000e4000000, 0x00000000f5800000, 0x00000000f5800000)
  object space 286720K, 11% used [0x00000000e4000000,0x00000000e5f87d70,0x00000000f5800000)
 Metaspace       used 58715K, capacity 62610K, committed 62848K, reserved 1103872K
  class space    used 7499K, capacity 8193K, committed 8320K, reserved 1048576K
2024-06-11T22:31:01.112+0800: 880.201: [GC (Allocation Failure) [PSYoungGen: 169472K->544K(170496K)] 201759K->32831K(457216K), 0.0037445 secs] [Times: user=0.01 sys=0.00, real=0.00 secs] 
Heap after GC invocations=96 (full 0):
 PSYoungGen      total 170496K, used 544K [0x00000000f5800000, 0x0000000100000000, 0x0000000100000000)
  eden space 168960K, 0% used [0x00000000f5800000,0x00000000f5800000,0x00000000ffd00000)
  from space 1536K, 35% used [0x00000000ffe80000,0x00000000fff08000,0x0000000100000000)
  to   space 1536K, 0% used [0x00000000ffd00000,0x00000000ffd00000,0x00000000ffe80000)
 ParOldGen       total 286720K, used 32287K [0x00000000e4000000, 0x00000000f5800000, 0x00000000f5800000)
  object space 286720K, 11% used [0x00000000e4000000,0x00000000e5f87d70,0x00000000f5800000)
 Metaspace       used 58715K, capacity 62610K, committed 62848K, reserved 1103872K
  class space    used 7499K, capacity 8193K, committed 8320K, reserved 1048576K
}
{Heap before GC invocations=97 (full 0):
 PSYoungGen      total 170496K, used 169504K [0x00000000f5800000, 0x0000000100000000, 0x0000000100000000)
  eden space 168960K, 100% used [0x00000000f5800000,0x00000000ffd00000,0x00000000ffd00000)
  from space 1536K, 35% used [0x00000000ffe80000,0x00000000fff08000,0x0000000100000000)
  to   space 1536K, 0% used [0x00000000ffd00000,0x00000000ffd00000,0x00000000ffe80000)
 ParOldGen       total 286720K, used 32287K [0x00000000e4000000, 0x00000000f5800000, 0x00000000f5800000)
  object space 286720K, 11% used [0x00000000e4000000,0x00000000e5f87d70,0x00000000f5800000)
 Metaspace       used 58715K, capacity 62610K, committed 62848K, reserved 1103872K
  class space    used 7499K, capacity 8193K, committed 8320K, reserved 1048576K
2024-06-11T22:31:11.694+0800: 890.783: [GC (Allocation Failure) [PSYoungGen: 169504K->512K(170496K)] 201791K->32807K(457216K), 0.0037818 secs] [Times: user=0.01 sys=0.00, real=0.00 secs] 
Heap after GC invocations=97 (full 0):
 PSYoungGen      total 170496K, used 512K [0x00000000f5800000, 0x0000000100000000, 0x0000000100000000)
  eden space 168960K, 0% used [0x00000000f5800000,0x00000000f5800000,0x00000000ffd00000)
  from space 1536K, 33% used [0x00000000ffd00000,0x00000000ffd80000,0x00000000ffe80000)
  to   space 1536K, 0% used [0x00000000ffe80000,0x00000000ffe80000,0x0000000100000000)
 ParOldGen       total 286720K, used 32295K [0x00000000e4000000, 0x00000000f5800000, 0x00000000f5800000)
  object space 286720K, 11% used [0x00000000e4000000,0x00000000e5f89d70,0x00000000f5800000)
 Metaspace       used 58715K, capacity 62610K, committed 62848K, reserved 1103872K
  class space    used 7499K, capacity 8193K, committed 8320K, reserved 1048576K
}
{Heap before GC invocations=98 (full 0):
 PSYoungGen      total 170496K, used 169472K [0x00000000f5800000, 0x0000000100000000, 0x0000000100000000)
  eden space 168960K, 100% used [0x00000000f5800000,0x00000000ffd00000,0x00000000ffd00000)
  from space 1536K, 33% used [0x00000000ffd00000,0x00000000ffd80000,0x00000000ffe80000)
  to   space 1536K, 0% used [0x00000000ffe80000,0x00000000ffe80000,0x0000000100000000)
 ParOldGen       total 286720K, used 32295K [0x00000000e4000000, 0x00000000f5800000, 0x00000000f5800000)
  object space 286720K, 11% used [0x00000000e4000000,0x00000000e5f89d70,0x00000000f5800000)
 Metaspace       used 58715K, capacity 62610K, committed 62848K, reserved 1103872K
  class space    used 7499K, capacity 8193K, committed 8320K, reserved 1048576K
2024-06-11T22:31:22.092+0800: 901.181: [GC (Allocation Failure) [PSYoungGen: 169472K->512K(170496K)] 201767K->32823K(457216K), 0.0038378 secs] [Times: user=0.01 sys=0.00, real=0.00 secs] 
Heap after GC invocations=98 (full 0):
 PSYoungGen      total 170496K, used 512K [0x00000000f5800000, 0x0000000100000000, 0x0000000100000000)
  eden space 168960K, 0% used [0x00000000f5800000,0x00000000f5800000,0x00000000ffd00000)
  from space 1536K, 33% used [0x00000000ffe80000,0x00000000fff00000,0x0000000100000000)
  to   space 1536K, 0% used [0x00000000ffd00000,0x00000000ffd00000,0x00000000ffe80000)
 ParOldGen       total 286720K, used 32311K [0x00000000e4000000, 0x00000000f5800000, 0x00000000f5800000)
  object space 286720K, 11% used [0x00000000e4000000,0x00000000e5f8dd70,0x00000000f5800000)
 Metaspace       used 58715K, capacity 62610K, committed 62848K, reserved 1103872K
  class space    used 7499K, capacity 8193K, committed 8320K, reserved 1048576K
}
{Heap before GC invocations=99 (full 0):
 PSYoungGen      total 170496K, used 169472K [0x00000000f5800000, 0x0000000100000000, 0x0000000100000000)
  eden space 168960K, 100% used [0x00000000f5800000,0x00000000ffd00000,0x00000000ffd00000)
  from space 1536K, 33% used [0x00000000ffe80000,0x00000000fff00000,0x0000000100000000)
  to   space 1536K, 0% used [0x00000000ffd00000,0x00000000ffd00000,0x00000000ffe80000)
 ParOldGen       total 286720K, used 32311K [0x00000000e4000000, 0x00000000f5800000, 0x00000000f5800000)
  object space 286720K, 11% used [0x00000000e4000000,0x00000000e5f8dd70,0x00000000f5800000)
 Metaspace       used 58717K, capacity 62610K, committed 62848K, reserved 1103872K
  class space    used 7499K, capacity 8193K, committed 8320K, reserved 1048576K
2024-06-11T22:31:32.767+0800: 911.856: [GC (Allocation Failure) [PSYoungGen: 169472K->512K(170496K)] 201783K->32831K(457216K), 0.0036018 secs] [Times: user=0.01 sys=0.00, real=0.01 secs] 
Heap after GC invocations=99 (full 0):
 PSYoungGen      total 170496K, used 512K [0x00000000f5800000, 0x0000000100000000, 0x0000000100000000)
  eden space 168960K, 0% used [0x00000000f5800000,0x00000000f5800000,0x00000000ffd00000)
  from space 1536K, 33% used [0x00000000ffd00000,0x00000000ffd80000,0x00000000ffe80000)
  to   space 1536K, 0% used [0x00000000ffe80000,0x00000000ffe80000,0x0000000100000000)
 ParOldGen       total 286720K, used 32319K [0x00000000e4000000, 0x00000000f5800000, 0x00000000f5800000)
  object space 286720K, 11% used [0x00000000e4000000,0x00000000e5f8fd70,0x00000000f5800000)
 Metaspace       used 58717K, capacity 62610K, committed 62848K, reserved 1103872K
  class space    used 7499K, capacity 8193K, committed 8320K, reserved 1048576K
}
{Heap before GC invocations=100 (full 0):
 PSYoungGen      total 170496K, used 169472K [0x00000000f5800000, 0x0000000100000000, 0x0000000100000000)
  eden space 168960K, 100% used [0x00000000f5800000,0x00000000ffd00000,0x00000000ffd00000)
  from space 1536K, 33% used [0x00000000ffd00000,0x00000000ffd80000,0x00000000ffe80000)
  to   space 1536K, 0% used [0x00000000ffe80000,0x00000000ffe80000,0x0000000100000000)
 ParOldGen       total 286720K, used 32319K [0x00000000e4000000, 0x00000000f5800000, 0x00000000f5800000)
  object space 286720K, 11% used [0x00000000e4000000,0x00000000e5f8fd70,0x00000000f5800000)
 Metaspace       used 58719K, capacity 62614K, committed 62848K, reserved 1103872K
  class space    used 7499K, capacity 8193K, committed 8320K, reserved 1048576K
2024-06-11T22:31:43.279+0800: 922.368: [GC (Allocation Failure) [PSYoungGen: 169472K->1536K(170496K)] 201791K->33871K(457216K), 0.0055365 secs] [Times: user=0.00 sys=0.00, real=0.01 secs] 
Heap after GC invocations=100 (full 0):
 PSYoungGen      total 170496K, used 1536K [0x00000000f5800000, 0x0000000100000000, 0x0000000100000000)
  eden space 168960K, 0% used [0x00000000f5800000,0x00000000f5800000,0x00000000ffd00000)
  from space 1536K, 100% used [0x00000000ffe80000,0x0000000100000000,0x0000000100000000)
  to   space 1536K, 0% used [0x00000000ffd00000,0x00000000ffd00000,0x00000000ffe80000)
 ParOldGen       total 286720K, used 32335K [0x00000000e4000000, 0x00000000f5800000, 0x00000000f5800000)
  object space 286720K, 11% used [0x00000000e4000000,0x00000000e5f93d70,0x00000000f5800000)
 Metaspace       used 58719K, capacity 62614K, committed 62848K, reserved 1103872K
  class space    used 7499K, capacity 8193K, committed 8320K, reserved 1048576K
}
{Heap before GC invocations=101 (full 0):
 PSYoungGen      total 170496K, used 170496K [0x00000000f5800000, 0x0000000100000000, 0x0000000100000000)
  eden space 168960K, 100% used [0x00000000f5800000,0x00000000ffd00000,0x00000000ffd00000)
  from space 1536K, 100% used [0x00000000ffe80000,0x0000000100000000,0x0000000100000000)
  to   space 1536K, 0% used [0x00000000ffd00000,0x00000000ffd00000,0x00000000ffe80000)
 ParOldGen       total 286720K, used 32335K [0x00000000e4000000, 0x00000000f5800000, 0x00000000f5800000)
  object space 286720K, 11% used [0x00000000e4000000,0x00000000e5f93d70,0x00000000f5800000)
 Metaspace       used 58723K, capacity 62614K, committed 62848K, reserved 1103872K
  class space    used 7499K, capacity 8193K, committed 8320K, reserved 1048576K
2024-06-11T22:31:53.937+0800: 933.026: [GC (Allocation Failure) [PSYoungGen: 170496K->512K(170496K)] 202831K->33879K(457216K), 0.0050774 secs] [Times: user=0.00 sys=0.00, real=0.01 secs] 
Heap after GC invocations=101 (full 0):
 PSYoungGen      total 170496K, used 512K [0x00000000f5800000, 0x0000000100000000, 0x0000000100000000)
  eden space 168960K, 0% used [0x00000000f5800000,0x00000000f5800000,0x00000000ffd00000)
  from space 1536K, 33% used [0x00000000ffd00000,0x00000000ffd80000,0x00000000ffe80000)
  to   space 1536K, 0% used [0x00000000ffe80000,0x00000000ffe80000,0x0000000100000000)
 ParOldGen       total 286720K, used 33367K [0x00000000e4000000, 0x00000000f5800000, 0x00000000f5800000)
  object space 286720K, 11% used [0x00000000e4000000,0x00000000e6095d70,0x00000000f5800000)
 Metaspace       used 58723K, capacity 62614K, committed 62848K, reserved 1103872K
  class space    used 7499K, capacity 8193K, committed 8320K, reserved 1048576K
}
{Heap before GC invocations=102 (full 0):
 PSYoungGen      total 170496K, used 169472K [0x00000000f5800000, 0x0000000100000000, 0x0000000100000000)
  eden space 168960K, 100% used [0x00000000f5800000,0x00000000ffd00000,0x00000000ffd00000)
  from space 1536K, 33% used [0x00000000ffd00000,0x00000000ffd80000,0x00000000ffe80000)
  to   space 1536K, 0% used [0x00000000ffe80000,0x00000000ffe80000,0x0000000100000000)
 ParOldGen       total 286720K, used 33367K [0x00000000e4000000, 0x00000000f5800000, 0x00000000f5800000)
  object space 286720K, 11% used [0x00000000e4000000,0x00000000e6095d70,0x00000000f5800000)
 Metaspace       used 58723K, capacity 62614K, committed 62848K, reserved 1103872K
  class space    used 7499K, capacity 8193K, committed 8320K, reserved 1048576K
2024-06-11T22:32:04.246+0800: 943.335: [GC (Allocation Failure) [PSYoungGen: 169472K->512K(170496K)] 202839K->33903K(457216K), 0.0048610 secs] [Times: user=0.00 sys=0.00, real=0.01 secs] 
Heap after GC invocations=102 (full 0):
 PSYoungGen      total 170496K, used 512K [0x00000000f5800000, 0x0000000100000000, 0x0000000100000000)
  eden space 168960K, 0% used [0x00000000f5800000,0x00000000f5800000,0x00000000ffd00000)
  from space 1536K, 33% used [0x00000000ffe80000,0x00000000fff00000,0x0000000100000000)
  to   space 1536K, 0% used [0x00000000ffd00000,0x00000000ffd00000,0x00000000ffe80000)
 ParOldGen       total 286720K, used 33391K [0x00000000e4000000, 0x00000000f5800000, 0x00000000f5800000)
  object space 286720K, 11% used [0x00000000e4000000,0x00000000e609bd70,0x00000000f5800000)
 Metaspace       used 58723K, capacity 62614K, committed 62848K, reserved 1103872K
  class space    used 7499K, capacity 8193K, committed 8320K, reserved 1048576K
}
{Heap before GC invocations=103 (full 0):
 PSYoungGen      total 170496K, used 169472K [0x00000000f5800000, 0x0000000100000000, 0x0000000100000000)
  eden space 168960K, 100% used [0x00000000f5800000,0x00000000ffd00000,0x00000000ffd00000)
  from space 1536K, 33% used [0x00000000ffe80000,0x00000000fff00000,0x0000000100000000)
  to   space 1536K, 0% used [0x00000000ffd00000,0x00000000ffd00000,0x00000000ffe80000)
 ParOldGen       total 286720K, used 33391K [0x00000000e4000000, 0x00000000f5800000, 0x00000000f5800000)
  object space 286720K, 11% used [0x00000000e4000000,0x00000000e609bd70,0x00000000f5800000)
 Metaspace       used 58725K, capacity 62614K, committed 62848K, reserved 1103872K
  class space    used 7499K, capacity 8193K, committed 8320K, reserved 1048576K
2024-06-11T22:32:14.680+0800: 953.769: [GC (Allocation Failure) [PSYoungGen: 169472K->544K(170496K)] 202863K->33943K(457216K), 0.0039737 secs] [Times: user=0.00 sys=0.00, real=0.01 secs] 
Heap after GC invocations=103 (full 0):
 PSYoungGen      total 170496K, used 544K [0x00000000f5800000, 0x0000000100000000, 0x0000000100000000)
  eden space 168960K, 0% used [0x00000000f5800000,0x00000000f5800000,0x00000000ffd00000)
  from space 1536K, 35% used [0x00000000ffd00000,0x00000000ffd88000,0x00000000ffe80000)
  to   space 1536K, 0% used [0x00000000ffe80000,0x00000000ffe80000,0x0000000100000000)
 ParOldGen       total 286720K, used 33399K [0x00000000e4000000, 0x00000000f5800000, 0x00000000f5800000)
  object space 286720K, 11% used [0x00000000e4000000,0x00000000e609dd70,0x00000000f5800000)
 Metaspace       used 58725K, capacity 62614K, committed 62848K, reserved 1103872K
  class space    used 7499K, capacity 8193K, committed 8320K, reserved 1048576K
}
{Heap before GC invocations=104 (full 0):
 PSYoungGen      total 170496K, used 169504K [0x00000000f5800000, 0x0000000100000000, 0x0000000100000000)
  eden space 168960K, 100% used [0x00000000f5800000,0x00000000ffd00000,0x00000000ffd00000)
  from space 1536K, 35% used [0x00000000ffd00000,0x00000000ffd88000,0x00000000ffe80000)
  to   space 1536K, 0% used [0x00000000ffe80000,0x00000000ffe80000,0x0000000100000000)
 ParOldGen       total 286720K, used 33399K [0x00000000e4000000, 0x00000000f5800000, 0x00000000f5800000)
  object space 286720K, 11% used [0x00000000e4000000,0x00000000e609dd70,0x00000000f5800000)
 Metaspace       used 58729K, capacity 62622K, committed 62848K, reserved 1103872K
  class space    used 7499K, capacity 8193K, committed 8320K, reserved 1048576K
2024-06-11T22:32:25.247+0800: 964.336: [GC (Allocation Failure) [PSYoungGen: 169504K->512K(170496K)] 202903K->33927K(457216K), 0.0042704 secs] [Times: user=0.01 sys=0.00, real=0.01 secs] 
Heap after GC invocations=104 (full 0):
 PSYoungGen      total 170496K, used 512K [0x00000000f5800000, 0x0000000100000000, 0x0000000100000000)
  eden space 168960K, 0% used [0x00000000f5800000,0x00000000f5800000,0x00000000ffd00000)
  from space 1536K, 33% used [0x00000000ffe80000,0x00000000fff00000,0x0000000100000000)
  to   space 1536K, 0% used [0x00000000ffd00000,0x00000000ffd00000,0x00000000ffe80000)
 ParOldGen       total 286720K, used 33415K [0x00000000e4000000, 0x00000000f5800000, 0x00000000f5800000)
  object space 286720K, 11% used [0x00000000e4000000,0x00000000e60a1d70,0x00000000f5800000)
 Metaspace       used 58729K, capacity 62622K, committed 62848K, reserved 1103872K
  class space    used 7499K, capacity 8193K, committed 8320K, reserved 1048576K
}
{Heap before GC invocations=105 (full 0):
 PSYoungGen      total 170496K, used 169472K [0x00000000f5800000, 0x0000000100000000, 0x0000000100000000)
  eden space 168960K, 100% used [0x00000000f5800000,0x00000000ffd00000,0x00000000ffd00000)
  from space 1536K, 33% used [0x00000000ffe80000,0x00000000fff00000,0x0000000100000000)
  to   space 1536K, 0% used [0x00000000ffd00000,0x00000000ffd00000,0x00000000ffe80000)
 ParOldGen       total 286720K, used 33415K [0x00000000e4000000, 0x00000000f5800000, 0x00000000f5800000)
  object space 286720K, 11% used [0x00000000e4000000,0x00000000e60a1d70,0x00000000f5800000)
 Metaspace       used 58729K, capacity 62622K, committed 62848K, reserved 1103872K
  class space    used 7499K, capacity 8193K, committed 8320K, reserved 1048576K
2024-06-11T22:32:36.001+0800: 975.090: [GC (Allocation Failure) [PSYoungGen: 169472K->1504K(170496K)] 202887K->34935K(457216K), 0.0051081 secs] [Times: user=0.01 sys=0.00, real=0.00 secs] 
Heap after GC invocations=105 (full 0):
 PSYoungGen      total 170496K, used 1504K [0x00000000f5800000, 0x0000000100000000, 0x0000000100000000)
  eden space 168960K, 0% used [0x00000000f5800000,0x00000000f5800000,0x00000000ffd00000)
  from space 1536K, 97% used [0x00000000ffd00000,0x00000000ffe78000,0x00000000ffe80000)
  to   space 1536K, 0% used [0x00000000ffe80000,0x00000000ffe80000,0x0000000100000000)
 ParOldGen       total 286720K, used 33431K [0x00000000e4000000, 0x00000000f5800000, 0x00000000f5800000)
  object space 286720K, 11% used [0x00000000e4000000,0x00000000e60a5d70,0x00000000f5800000)
 Metaspace       used 58729K, capacity 62622K, committed 62848K, reserved 1103872K
  class space    used 7499K, capacity 8193K, committed 8320K, reserved 1048576K
}
{Heap before GC invocations=106 (full 0):
 PSYoungGen      total 170496K, used 170464K [0x00000000f5800000, 0x0000000100000000, 0x0000000100000000)
  eden space 168960K, 100% used [0x00000000f5800000,0x00000000ffd00000,0x00000000ffd00000)
  from space 1536K, 97% used [0x00000000ffd00000,0x00000000ffe78000,0x00000000ffe80000)
  to   space 1536K, 0% used [0x00000000ffe80000,0x00000000ffe80000,0x0000000100000000)
 ParOldGen       total 286720K, used 33431K [0x00000000e4000000, 0x00000000f5800000, 0x00000000f5800000)
  object space 286720K, 11% used [0x00000000e4000000,0x00000000e60a5d70,0x00000000f5800000)
 Metaspace       used 58730K, capacity 62622K, committed 62848K, reserved 1103872K
  class space    used 7499K, capacity 8193K, committed 8320K, reserved 1048576K
2024-06-11T22:32:46.597+0800: 985.685: [GC (Allocation Failure) [PSYoungGen: 170464K->544K(170496K)] 203895K->34991K(457216K), 0.0056088 secs] [Times: user=0.01 sys=0.00, real=0.01 secs] 
Heap after GC invocations=106 (full 0):
 PSYoungGen      total 170496K, used 544K [0x00000000f5800000, 0x0000000100000000, 0x0000000100000000)
  eden space 168960K, 0% used [0x00000000f5800000,0x00000000f5800000,0x00000000ffd00000)
  from space 1536K, 35% used [0x00000000ffe80000,0x00000000fff08000,0x0000000100000000)
  to   space 1536K, 0% used [0x00000000ffd00000,0x00000000ffd00000,0x00000000ffe80000)
 ParOldGen       total 286720K, used 34447K [0x00000000e4000000, 0x00000000f5800000, 0x00000000f5800000)
  object space 286720K, 12% used [0x00000000e4000000,0x00000000e61a3d70,0x00000000f5800000)
 Metaspace       used 58730K, capacity 62622K, committed 62848K, reserved 1103872K
  class space    used 7499K, capacity 8193K, committed 8320K, reserved 1048576K
}
{Heap before GC invocations=107 (full 0):
 PSYoungGen      total 170496K, used 169504K [0x00000000f5800000, 0x0000000100000000, 0x0000000100000000)
  eden space 168960K, 100% used [0x00000000f5800000,0x00000000ffd00000,0x00000000ffd00000)
  from space 1536K, 35% used [0x00000000ffe80000,0x00000000fff08000,0x0000000100000000)
  to   space 1536K, 0% used [0x00000000ffd00000,0x00000000ffd00000,0x00000000ffe80000)
 ParOldGen       total 286720K, used 34447K [0x00000000e4000000, 0x00000000f5800000, 0x00000000f5800000)
  object space 286720K, 12% used [0x00000000e4000000,0x00000000e61a3d70,0x00000000f5800000)
 Metaspace       used 58730K, capacity 62622K, committed 62848K, reserved 1103872K
  class space    used 7499K, capacity 8193K, committed 8320K, reserved 1048576K
2024-06-11T22:32:57.105+0800: 996.194: [GC (Allocation Failure) [PSYoungGen: 169504K->512K(170496K)] 203951K->34991K(457216K), 0.0038913 secs] [Times: user=0.00 sys=0.00, real=0.00 secs] 
Heap after GC invocations=107 (full 0):
 PSYoungGen      total 170496K, used 512K [0x00000000f5800000, 0x0000000100000000, 0x0000000100000000)
  eden space 168960K, 0% used [0x00000000f5800000,0x00000000f5800000,0x00000000ffd00000)
  from space 1536K, 33% used [0x00000000ffd00000,0x00000000ffd80000,0x00000000ffe80000)
  to   space 1536K, 0% used [0x00000000ffe80000,0x00000000ffe80000,0x0000000100000000)
 ParOldGen       total 286720K, used 34479K [0x00000000e4000000, 0x00000000f5800000, 0x00000000f5800000)
  object space 286720K, 12% used [0x00000000e4000000,0x00000000e61abd70,0x00000000f5800000)
 Metaspace       used 58730K, capacity 62622K, committed 62848K, reserved 1103872K
  class space    used 7499K, capacity 8193K, committed 8320K, reserved 1048576K
}
{Heap before GC invocations=108 (full 0):
 PSYoungGen      total 170496K, used 169472K [0x00000000f5800000, 0x0000000100000000, 0x0000000100000000)
  eden space 168960K, 100% used [0x00000000f5800000,0x00000000ffd00000,0x00000000ffd00000)
  from space 1536K, 33% used [0x00000000ffd00000,0x00000000ffd80000,0x00000000ffe80000)
  to   space 1536K, 0% used [0x00000000ffe80000,0x00000000ffe80000,0x0000000100000000)
 ParOldGen       total 286720K, used 34479K [0x00000000e4000000, 0x00000000f5800000, 0x00000000f5800000)
  object space 286720K, 12% used [0x00000000e4000000,0x00000000e61abd70,0x00000000f5800000)
 Metaspace       used 58730K, capacity 62622K, committed 62848K, reserved 1103872K
  class space    used 7499K, capacity 8193K, committed 8320K, reserved 1048576K
2024-06-11T22:33:07.578+0800: 1006.667: [GC (Allocation Failure) [PSYoungGen: 169472K->544K(170496K)] 203951K->35039K(457216K), 0.0044468 secs] [Times: user=0.00 sys=0.00, real=0.01 secs] 
Heap after GC invocations=108 (full 0):
 PSYoungGen      total 170496K, used 544K [0x00000000f5800000, 0x0000000100000000, 0x0000000100000000)
  eden space 168960K, 0% used [0x00000000f5800000,0x00000000f5800000,0x00000000ffd00000)
  from space 1536K, 35% used [0x00000000ffe80000,0x00000000fff08000,0x0000000100000000)
  to   space 1536K, 0% used [0x00000000ffd00000,0x00000000ffd00000,0x00000000ffe80000)
 ParOldGen       total 286720K, used 34495K [0x00000000e4000000, 0x00000000f5800000, 0x00000000f5800000)
  object space 286720K, 12% used [0x00000000e4000000,0x00000000e61afd70,0x00000000f5800000)
 Metaspace       used 58730K, capacity 62622K, committed 62848K, reserved 1103872K
  class space    used 7499K, capacity 8193K, committed 8320K, reserved 1048576K
}
{Heap before GC invocations=109 (full 0):
 PSYoungGen      total 170496K, used 169504K [0x00000000f5800000, 0x0000000100000000, 0x0000000100000000)
  eden space 168960K, 100% used [0x00000000f5800000,0x00000000ffd00000,0x00000000ffd00000)
  from space 1536K, 35% used [0x00000000ffe80000,0x00000000fff08000,0x0000000100000000)
  to   space 1536K, 0% used [0x00000000ffd00000,0x00000000ffd00000,0x00000000ffe80000)
 ParOldGen       total 286720K, used 34495K [0x00000000e4000000, 0x00000000f5800000, 0x00000000f5800000)
  object space 286720K, 12% used [0x00000000e4000000,0x00000000e61afd70,0x00000000f5800000)
 Metaspace       used 58731K, capacity 62622K, committed 62848K, reserved 1103872K
  class space    used 7499K, capacity 8193K, committed 8320K, reserved 1048576K
2024-06-11T22:33:18.275+0800: 1017.363: [GC (Allocation Failure) [PSYoungGen: 169504K->512K(170496K)] 203999K->35007K(457216K), 0.0036780 secs] [Times: user=0.00 sys=0.00, real=0.00 secs] 
Heap after GC invocations=109 (full 0):
 PSYoungGen      total 170496K, used 512K [0x00000000f5800000, 0x0000000100000000, 0x0000000100000000)
  eden space 168960K, 0% used [0x00000000f5800000,0x00000000f5800000,0x00000000ffd00000)
  from space 1536K, 33% used [0x00000000ffd00000,0x00000000ffd80000,0x00000000ffe80000)
  to   space 1536K, 0% used [0x00000000ffe80000,0x00000000ffe80000,0x0000000100000000)
 ParOldGen       total 286720K, used 34495K [0x00000000e4000000, 0x00000000f5800000, 0x00000000f5800000)
  object space 286720K, 12% used [0x00000000e4000000,0x00000000e61afd70,0x00000000f5800000)
 Metaspace       used 58731K, capacity 62622K, committed 62848K, reserved 1103872K
  class space    used 7499K, capacity 8193K, committed 8320K, reserved 1048576K
}
{Heap before GC invocations=110 (full 0):
 PSYoungGen      total 170496K, used 169472K [0x00000000f5800000, 0x0000000100000000, 0x0000000100000000)
  eden space 168960K, 100% used [0x00000000f5800000,0x00000000ffd00000,0x00000000ffd00000)
  from space 1536K, 33% used [0x00000000ffd00000,0x00000000ffd80000,0x00000000ffe80000)
  to   space 1536K, 0% used [0x00000000ffe80000,0x00000000ffe80000,0x0000000100000000)
 ParOldGen       total 286720K, used 34495K [0x00000000e4000000, 0x00000000f5800000, 0x00000000f5800000)
  object space 286720K, 12% used [0x00000000e4000000,0x00000000e61afd70,0x00000000f5800000)
 Metaspace       used 58731K, capacity 62622K, committed 62848K, reserved 1103872K
  class space    used 7499K, capacity 8193K, committed 8320K, reserved 1048576K
2024-06-11T22:33:29.022+0800: 1028.111: [GC (Allocation Failure) [PSYoungGen: 169472K->544K(170496K)] 203967K->35047K(457216K), 0.0037398 secs] [Times: user=0.01 sys=0.00, real=0.00 secs] 
Heap after GC invocations=110 (full 0):
 PSYoungGen      total 170496K, used 544K [0x00000000f5800000, 0x0000000100000000, 0x0000000100000000)
  eden space 168960K, 0% used [0x00000000f5800000,0x00000000f5800000,0x00000000ffd00000)
  from space 1536K, 35% used [0x00000000ffe80000,0x00000000fff08000,0x0000000100000000)
  to   space 1536K, 0% used [0x00000000ffd00000,0x00000000ffd00000,0x00000000ffe80000)
 ParOldGen       total 286720K, used 34503K [0x00000000e4000000, 0x00000000f5800000, 0x00000000f5800000)
  object space 286720K, 12% used [0x00000000e4000000,0x00000000e61b1d70,0x00000000f5800000)
 Metaspace       used 58731K, capacity 62622K, committed 62848K, reserved 1103872K
  class space    used 7499K, capacity 8193K, committed 8320K, reserved 1048576K
}
{Heap before GC invocations=111 (full 0):
 PSYoungGen      total 170496K, used 169504K [0x00000000f5800000, 0x0000000100000000, 0x0000000100000000)
  eden space 168960K, 100% used [0x00000000f5800000,0x00000000ffd00000,0x00000000ffd00000)
  from space 1536K, 35% used [0x00000000ffe80000,0x00000000fff08000,0x0000000100000000)
  to   space 1536K, 0% used [0x00000000ffd00000,0x00000000ffd00000,0x00000000ffe80000)
 ParOldGen       total 286720K, used 34503K [0x00000000e4000000, 0x00000000f5800000, 0x00000000f5800000)
  object space 286720K, 12% used [0x00000000e4000000,0x00000000e61b1d70,0x00000000f5800000)
 Metaspace       used 58731K, capacity 62622K, committed 62848K, reserved 1103872K
  class space    used 7499K, capacity 8193K, committed 8320K, reserved 1048576K
2024-06-11T22:33:39.385+0800: 1038.474: [GC (Allocation Failure) [PSYoungGen: 169504K->1472K(170496K)] 204007K->35983K(457216K), 0.0062049 secs] [Times: user=0.01 sys=0.00, real=0.01 secs] 
Heap after GC invocations=111 (full 0):
 PSYoungGen      total 170496K, used 1472K [0x00000000f5800000, 0x0000000100000000, 0x0000000100000000)
  eden space 168960K, 0% used [0x00000000f5800000,0x00000000f5800000,0x00000000ffd00000)
  from space 1536K, 95% used [0x00000000ffd00000,0x00000000ffe70000,0x00000000ffe80000)
  to   space 1536K, 0% used [0x00000000ffe80000,0x00000000ffe80000,0x0000000100000000)
 ParOldGen       total 286720K, used 34511K [0x00000000e4000000, 0x00000000f5800000, 0x00000000f5800000)
  object space 286720K, 12% used [0x00000000e4000000,0x00000000e61b3d70,0x00000000f5800000)
 Metaspace       used 58731K, capacity 62622K, committed 62848K, reserved 1103872K
  class space    used 7499K, capacity 8193K, committed 8320K, reserved 1048576K
}
{Heap before GC invocations=112 (full 0):
 PSYoungGen      total 170496K, used 170432K [0x00000000f5800000, 0x0000000100000000, 0x0000000100000000)
  eden space 168960K, 100% used [0x00000000f5800000,0x00000000ffd00000,0x00000000ffd00000)
  from space 1536K, 95% used [0x00000000ffd00000,0x00000000ffe70000,0x00000000ffe80000)
  to   space 1536K, 0% used [0x00000000ffe80000,0x00000000ffe80000,0x0000000100000000)
 ParOldGen       total 286720K, used 34511K [0x00000000e4000000, 0x00000000f5800000, 0x00000000f5800000)
  object space 286720K, 12% used [0x00000000e4000000,0x00000000e61b3d70,0x00000000f5800000)
 Metaspace       used 58731K, capacity 62622K, committed 62848K, reserved 1103872K
  class space    used 7499K, capacity 8193K, committed 8320K, reserved 1048576K
2024-06-11T22:33:49.899+0800: 1048.988: [GC (Allocation Failure) [PSYoungGen: 170432K->512K(170496K)] 204943K->36055K(457216K), 0.0063929 secs] [Times: user=0.01 sys=0.00, real=0.01 secs] 
Heap after GC invocations=112 (full 0):
 PSYoungGen      total 170496K, used 512K [0x00000000f5800000, 0x0000000100000000, 0x0000000100000000)
  eden space 168960K, 0% used [0x00000000f5800000,0x00000000f5800000,0x00000000ffd00000)
  from space 1536K, 33% used [0x00000000ffe80000,0x00000000fff00000,0x0000000100000000)
  to   space 1536K, 0% used [0x00000000ffd00000,0x00000000ffd00000,0x00000000ffe80000)
 ParOldGen       total 286720K, used 35543K [0x00000000e4000000, 0x00000000f5800000, 0x00000000f5800000)
  object space 286720K, 12% used [0x00000000e4000000,0x00000000e62b5d70,0x00000000f5800000)
 Metaspace       used 58731K, capacity 62622K, committed 62848K, reserved 1103872K
  class space    used 7499K, capacity 8193K, committed 8320K, reserved 1048576K
}
{Heap before GC invocations=113 (full 0):
 PSYoungGen      total 170496K, used 169472K [0x00000000f5800000, 0x0000000100000000, 0x0000000100000000)
  eden space 168960K, 100% used [0x00000000f5800000,0x00000000ffd00000,0x00000000ffd00000)
  from space 1536K, 33% used [0x00000000ffe80000,0x00000000fff00000,0x0000000100000000)
  to   space 1536K, 0% used [0x00000000ffd00000,0x00000000ffd00000,0x00000000ffe80000)
 ParOldGen       total 286720K, used 35543K [0x00000000e4000000, 0x00000000f5800000, 0x00000000f5800000)
  object space 286720K, 12% used [0x00000000e4000000,0x00000000e62b5d70,0x00000000f5800000)
 Metaspace       used 58731K, capacity 62622K, committed 62848K, reserved 1103872K
  class space    used 7499K, capacity 8193K, committed 8320K, reserved 1048576K
2024-06-11T22:34:00.476+0800: 1059.565: [GC (Allocation Failure) [PSYoungGen: 169472K->512K(170496K)] 205015K->36063K(457216K), 0.0043137 secs] [Times: user=0.00 sys=0.00, real=0.00 secs] 
Heap after GC invocations=113 (full 0):
 PSYoungGen      total 170496K, used 512K [0x00000000f5800000, 0x0000000100000000, 0x0000000100000000)
  eden space 168960K, 0% used [0x00000000f5800000,0x00000000f5800000,0x00000000ffd00000)
  from space 1536K, 33% used [0x00000000ffd00000,0x00000000ffd80000,0x00000000ffe80000)
  to   space 1536K, 0% used [0x00000000ffe80000,0x00000000ffe80000,0x0000000100000000)
 ParOldGen       total 286720K, used 35551K [0x00000000e4000000, 0x00000000f5800000, 0x00000000f5800000)
  object space 286720K, 12% used [0x00000000e4000000,0x00000000e62b7d70,0x00000000f5800000)
 Metaspace       used 58731K, capacity 62622K, committed 62848K, reserved 1103872K
  class space    used 7499K, capacity 8193K, committed 8320K, reserved 1048576K
}
{Heap before GC invocations=114 (full 0):
 PSYoungGen      total 170496K, used 169472K [0x00000000f5800000, 0x0000000100000000, 0x0000000100000000)
  eden space 168960K, 100% used [0x00000000f5800000,0x00000000ffd00000,0x00000000ffd00000)
  from space 1536K, 33% used [0x00000000ffd00000,0x00000000ffd80000,0x00000000ffe80000)
  to   space 1536K, 0% used [0x00000000ffe80000,0x00000000ffe80000,0x0000000100000000)
 ParOldGen       total 286720K, used 35551K [0x00000000e4000000, 0x00000000f5800000, 0x00000000f5800000)
  object space 286720K, 12% used [0x00000000e4000000,0x00000000e62b7d70,0x00000000f5800000)
 Metaspace       used 58733K, capacity 62622K, committed 62848K, reserved 1103872K
  class space    used 7499K, capacity 8193K, committed 8320K, reserved 1048576K
2024-06-11T22:34:11.107+0800: 1070.196: [GC (Allocation Failure) [PSYoungGen: 169472K->512K(170496K)] 205023K->36079K(457216K), 0.0037516 secs] [Times: user=0.01 sys=0.00, real=0.01 secs] 
Heap after GC invocations=114 (full 0):
 PSYoungGen      total 170496K, used 512K [0x00000000f5800000, 0x0000000100000000, 0x0000000100000000)
  eden space 168960K, 0% used [0x00000000f5800000,0x00000000f5800000,0x00000000ffd00000)
  from space 1536K, 33% used [0x00000000ffe80000,0x00000000fff00000,0x0000000100000000)
  to   space 1536K, 0% used [0x00000000ffd00000,0x00000000ffd00000,0x00000000ffe80000)
 ParOldGen       total 286720K, used 35567K [0x00000000e4000000, 0x00000000f5800000, 0x00000000f5800000)
  object space 286720K, 12% used [0x00000000e4000000,0x00000000e62bbd70,0x00000000f5800000)
 Metaspace       used 58733K, capacity 62622K, committed 62848K, reserved 1103872K
  class space    used 7499K, capacity 8193K, committed 8320K, reserved 1048576K
}
{Heap before GC invocations=115 (full 0):
 PSYoungGen      total 170496K, used 169472K [0x00000000f5800000, 0x0000000100000000, 0x0000000100000000)
  eden space 168960K, 100% used [0x00000000f5800000,0x00000000ffd00000,0x00000000ffd00000)
  from space 1536K, 33% used [0x00000000ffe80000,0x00000000fff00000,0x0000000100000000)
  to   space 1536K, 0% used [0x00000000ffd00000,0x00000000ffd00000,0x00000000ffe80000)
 ParOldGen       total 286720K, used 35567K [0x00000000e4000000, 0x00000000f5800000, 0x00000000f5800000)
  object space 286720K, 12% used [0x00000000e4000000,0x00000000e62bbd70,0x00000000f5800000)
 Metaspace       used 58885K, capacity 62788K, committed 63104K, reserved 1103872K
  class space    used 7523K, capacity 8226K, committed 8320K, reserved 1048576K
2024-06-11T22:34:21.296+0800: 1080.385: [GC (Allocation Failure) [PSYoungGen: 169472K->544K(170496K)] 205039K->36119K(457216K), 0.0061970 secs] [Times: user=0.01 sys=0.00, real=0.01 secs] 
Heap after GC invocations=115 (full 0):
 PSYoungGen      total 170496K, used 544K [0x00000000f5800000, 0x0000000100000000, 0x0000000100000000)
  eden space 168960K, 0% used [0x00000000f5800000,0x00000000f5800000,0x00000000ffd00000)
  from space 1536K, 35% used [0x00000000ffd00000,0x00000000ffd88000,0x00000000ffe80000)
  to   space 1536K, 0% used [0x00000000ffe80000,0x00000000ffe80000,0x0000000100000000)
 ParOldGen       total 286720K, used 35575K [0x00000000e4000000, 0x00000000f5800000, 0x00000000f5800000)
  object space 286720K, 12% used [0x00000000e4000000,0x00000000e62bdd70,0x00000000f5800000)
 Metaspace       used 58885K, capacity 62788K, committed 63104K, reserved 1103872K
  class space    used 7523K, capacity 8226K, committed 8320K, reserved 1048576K
}
{Heap before GC invocations=116 (full 0):
 PSYoungGen      total 170496K, used 169504K [0x00000000f5800000, 0x0000000100000000, 0x0000000100000000)
  eden space 168960K, 100% used [0x00000000f5800000,0x00000000ffd00000,0x00000000ffd00000)
  from space 1536K, 35% used [0x00000000ffd00000,0x00000000ffd88000,0x00000000ffe80000)
  to   space 1536K, 0% used [0x00000000ffe80000,0x00000000ffe80000,0x0000000100000000)
 ParOldGen       total 286720K, used 35575K [0x00000000e4000000, 0x00000000f5800000, 0x00000000f5800000)
  object space 286720K, 12% used [0x00000000e4000000,0x00000000e62bdd70,0x00000000f5800000)
 Metaspace       used 58885K, capacity 62788K, committed 63104K, reserved 1103872K
  class space    used 7523K, capacity 8226K, committed 8320K, reserved 1048576K
2024-06-11T22:34:31.755+0800: 1090.844: [GC (Allocation Failure) [PSYoungGen: 169504K->512K(170496K)] 205079K->36175K(457216K), 0.0039389 secs] [Times: user=0.00 sys=0.00, real=0.00 secs] 
Heap after GC invocations=116 (full 0):
 PSYoungGen      total 170496K, used 512K [0x00000000f5800000, 0x0000000100000000, 0x0000000100000000)
  eden space 168960K, 0% used [0x00000000f5800000,0x00000000f5800000,0x00000000ffd00000)
  from space 1536K, 33% used [0x00000000ffe80000,0x00000000fff00000,0x0000000100000000)
  to   space 1536K, 0% used [0x00000000ffd00000,0x00000000ffd00000,0x00000000ffe80000)
 ParOldGen       total 286720K, used 35663K [0x00000000e4000000, 0x00000000f5800000, 0x00000000f5800000)
  object space 286720K, 12% used [0x00000000e4000000,0x00000000e62d3d70,0x00000000f5800000)
 Metaspace       used 58885K, capacity 62788K, committed 63104K, reserved 1103872K
  class space    used 7523K, capacity 8226K, committed 8320K, reserved 1048576K
}
{Heap before GC invocations=117 (full 0):
 PSYoungGen      total 170496K, used 169472K [0x00000000f5800000, 0x0000000100000000, 0x0000000100000000)
  eden space 168960K, 100% used [0x00000000f5800000,0x00000000ffd00000,0x00000000ffd00000)
  from space 1536K, 33% used [0x00000000ffe80000,0x00000000fff00000,0x0000000100000000)
  to   space 1536K, 0% used [0x00000000ffd00000,0x00000000ffd00000,0x00000000ffe80000)
 ParOldGen       total 286720K, used 35663K [0x00000000e4000000, 0x00000000f5800000, 0x00000000f5800000)
  object space 286720K, 12% used [0x00000000e4000000,0x00000000e62d3d70,0x00000000f5800000)
 Metaspace       used 58885K, capacity 62788K, committed 63104K, reserved 1103872K
  class space    used 7523K, capacity 8226K, committed 8320K, reserved 1048576K
2024-06-11T22:34:42.252+0800: 1101.341: [GC (Allocation Failure) [PSYoungGen: 169472K->1536K(170496K)] 205135K->37207K(457216K), 0.0061928 secs] [Times: user=0.01 sys=0.00, real=0.00 secs] 
Heap after GC invocations=117 (full 0):
 PSYoungGen      total 170496K, used 1536K [0x00000000f5800000, 0x0000000100000000, 0x0000000100000000)
  eden space 168960K, 0% used [0x00000000f5800000,0x00000000f5800000,0x00000000ffd00000)
  from space 1536K, 100% used [0x00000000ffd00000,0x00000000ffe80000,0x00000000ffe80000)
  to   space 1536K, 0% used [0x00000000ffe80000,0x00000000ffe80000,0x0000000100000000)
 ParOldGen       total 286720K, used 35671K [0x00000000e4000000, 0x00000000f5800000, 0x00000000f5800000)
  object space 286720K, 12% used [0x00000000e4000000,0x00000000e62d5d70,0x00000000f5800000)
 Metaspace       used 58885K, capacity 62788K, committed 63104K, reserved 1103872K
  class space    used 7523K, capacity 8226K, committed 8320K, reserved 1048576K
}
{Heap before GC invocations=118 (full 0):
 PSYoungGen      total 170496K, used 170496K [0x00000000f5800000, 0x0000000100000000, 0x0000000100000000)
  eden space 168960K, 100% used [0x00000000f5800000,0x00000000ffd00000,0x00000000ffd00000)
  from space 1536K, 100% used [0x00000000ffd00000,0x00000000ffe80000,0x00000000ffe80000)
  to   space 1536K, 0% used [0x00000000ffe80000,0x00000000ffe80000,0x0000000100000000)
 ParOldGen       total 286720K, used 35671K [0x00000000e4000000, 0x00000000f5800000, 0x00000000f5800000)
  object space 286720K, 12% used [0x00000000e4000000,0x00000000e62d5d70,0x00000000f5800000)
 Metaspace       used 58885K, capacity 62788K, committed 63104K, reserved 1103872K
  class space    used 7523K, capacity 8226K, committed 8320K, reserved 1048576K
2024-06-11T22:34:52.525+0800: 1111.614: [GC (Allocation Failure) [PSYoungGen: 170496K->512K(170496K)] 206167K->37223K(457216K), 0.0050640 secs] [Times: user=0.01 sys=0.00, real=0.00 secs] 
Heap after GC invocations=118 (full 0):
 PSYoungGen      total 170496K, used 512K [0x00000000f5800000, 0x0000000100000000, 0x0000000100000000)
  eden space 168960K, 0% used [0x00000000f5800000,0x00000000f5800000,0x00000000ffd00000)
  from space 1536K, 33% used [0x00000000ffe80000,0x00000000fff00000,0x0000000100000000)
  to   space 1536K, 0% used [0x00000000ffd00000,0x00000000ffd00000,0x00000000ffe80000)
 ParOldGen       total 286720K, used 36711K [0x00000000e4000000, 0x00000000f5800000, 0x00000000f5800000)
  object space 286720K, 12% used [0x00000000e4000000,0x00000000e63d9d70,0x00000000f5800000)
 Metaspace       used 58885K, capacity 62788K, committed 63104K, reserved 1103872K
  class space    used 7523K, capacity 8226K, committed 8320K, reserved 1048576K
}
{Heap before GC invocations=119 (full 0):
 PSYoungGen      total 170496K, used 169472K [0x00000000f5800000, 0x0000000100000000, 0x0000000100000000)
  eden space 168960K, 100% used [0x00000000f5800000,0x00000000ffd00000,0x00000000ffd00000)
  from space 1536K, 33% used [0x00000000ffe80000,0x00000000fff00000,0x0000000100000000)
  to   space 1536K, 0% used [0x00000000ffd00000,0x00000000ffd00000,0x00000000ffe80000)
 ParOldGen       total 286720K, used 36711K [0x00000000e4000000, 0x00000000f5800000, 0x00000000f5800000)
  object space 286720K, 12% used [0x00000000e4000000,0x00000000e63d9d70,0x00000000f5800000)
 Metaspace       used 58886K, capacity 62788K, committed 63104K, reserved 1103872K
  class space    used 7523K, capacity 8226K, committed 8320K, reserved 1048576K
2024-06-11T22:35:03.109+0800: 1122.198: [GC (Allocation Failure) [PSYoungGen: 169472K->512K(170496K)] 206183K->37239K(457216K), 0.0036988 secs] [Times: user=0.01 sys=0.00, real=0.01 secs] 
Heap after GC invocations=119 (full 0):
 PSYoungGen      total 170496K, used 512K [0x00000000f5800000, 0x0000000100000000, 0x0000000100000000)
  eden space 168960K, 0% used [0x00000000f5800000,0x00000000f5800000,0x00000000ffd00000)
  from space 1536K, 33% used [0x00000000ffd00000,0x00000000ffd80000,0x00000000ffe80000)
  to   space 1536K, 0% used [0x00000000ffe80000,0x00000000ffe80000,0x0000000100000000)
 ParOldGen       total 286720K, used 36727K [0x00000000e4000000, 0x00000000f5800000, 0x00000000f5800000)
  object space 286720K, 12% used [0x00000000e4000000,0x00000000e63ddd70,0x00000000f5800000)
 Metaspace       used 58886K, capacity 62788K, committed 63104K, reserved 1103872K
  class space    used 7523K, capacity 8226K, committed 8320K, reserved 1048576K
}
{Heap before GC invocations=120 (full 0):
 PSYoungGen      total 170496K, used 169472K [0x00000000f5800000, 0x0000000100000000, 0x0000000100000000)
  eden space 168960K, 100% used [0x00000000f5800000,0x00000000ffd00000,0x00000000ffd00000)
  from space 1536K, 33% used [0x00000000ffd00000,0x00000000ffd80000,0x00000000ffe80000)
  to   space 1536K, 0% used [0x00000000ffe80000,0x00000000ffe80000,0x0000000100000000)
 ParOldGen       total 286720K, used 36727K [0x00000000e4000000, 0x00000000f5800000, 0x00000000f5800000)
  object space 286720K, 12% used [0x00000000e4000000,0x00000000e63ddd70,0x00000000f5800000)
 Metaspace       used 58886K, capacity 62788K, committed 63104K, reserved 1103872K
  class space    used 7523K, capacity 8226K, committed 8320K, reserved 1048576K
2024-06-11T22:35:13.543+0800: 1132.632: [GC (Allocation Failure) [PSYoungGen: 169472K->480K(170496K)] 206199K->37223K(457216K), 0.0037013 secs] [Times: user=0.01 sys=0.00, real=0.00 secs] 
Heap after GC invocations=120 (full 0):
 PSYoungGen      total 170496K, used 480K [0x00000000f5800000, 0x0000000100000000, 0x0000000100000000)
  eden space 168960K, 0% used [0x00000000f5800000,0x00000000f5800000,0x00000000ffd00000)
  from space 1536K, 31% used [0x00000000ffe80000,0x00000000ffef8000,0x0000000100000000)
  to   space 1536K, 0% used [0x00000000ffd00000,0x00000000ffd00000,0x00000000ffe80000)
 ParOldGen       total 286720K, used 36743K [0x00000000e4000000, 0x00000000f5800000, 0x00000000f5800000)
  object space 286720K, 12% used [0x00000000e4000000,0x00000000e63e1d70,0x00000000f5800000)
 Metaspace       used 58886K, capacity 62788K, committed 63104K, reserved 1103872K
  class space    used 7523K, capacity 8226K, committed 8320K, reserved 1048576K
}
{Heap before GC invocations=121 (full 0):
 PSYoungGen      total 170496K, used 169440K [0x00000000f5800000, 0x0000000100000000, 0x0000000100000000)
  eden space 168960K, 100% used [0x00000000f5800000,0x00000000ffd00000,0x00000000ffd00000)
  from space 1536K, 31% used [0x00000000ffe80000,0x00000000ffef8000,0x0000000100000000)
  to   space 1536K, 0% used [0x00000000ffd00000,0x00000000ffd00000,0x00000000ffe80000)
 ParOldGen       total 286720K, used 36743K [0x00000000e4000000, 0x00000000f5800000, 0x00000000f5800000)
  object space 286720K, 12% used [0x00000000e4000000,0x00000000e63e1d70,0x00000000f5800000)
 Metaspace       used 58886K, capacity 62788K, committed 63104K, reserved 1103872K
  class space    used 7523K, capacity 8226K, committed 8320K, reserved 1048576K
2024-06-11T22:35:23.856+0800: 1142.945: [GC (Allocation Failure) [PSYoungGen: 169440K->512K(170496K)] 206183K->37263K(457216K), 0.0037296 secs] [Times: user=0.01 sys=0.00, real=0.00 secs] 
Heap after GC invocations=121 (full 0):
 PSYoungGen      total 170496K, used 512K [0x00000000f5800000, 0x0000000100000000, 0x0000000100000000)
  eden space 168960K, 0% used [0x00000000f5800000,0x00000000f5800000,0x00000000ffd00000)
  from space 1536K, 33% used [0x00000000ffd00000,0x00000000ffd80000,0x00000000ffe80000)
  to   space 1536K, 0% used [0x00000000ffe80000,0x00000000ffe80000,0x0000000100000000)
 ParOldGen       total 286720K, used 36751K [0x00000000e4000000, 0x00000000f5800000, 0x00000000f5800000)
  object space 286720K, 12% used [0x00000000e4000000,0x00000000e63e3d70,0x00000000f5800000)
 Metaspace       used 58886K, capacity 62788K, committed 63104K, reserved 1103872K
  class space    used 7523K, capacity 8226K, committed 8320K, reserved 1048576K
}
{Heap before GC invocations=122 (full 0):
 PSYoungGen      total 170496K, used 169472K [0x00000000f5800000, 0x0000000100000000, 0x0000000100000000)
  eden space 168960K, 100% used [0x00000000f5800000,0x00000000ffd00000,0x00000000ffd00000)
  from space 1536K, 33% used [0x00000000ffd00000,0x00000000ffd80000,0x00000000ffe80000)
  to   space 1536K, 0% used [0x00000000ffe80000,0x00000000ffe80000,0x0000000100000000)
 ParOldGen       total 286720K, used 36751K [0x00000000e4000000, 0x00000000f5800000, 0x00000000f5800000)
  object space 286720K, 12% used [0x00000000e4000000,0x00000000e63e3d70,0x00000000f5800000)
 Metaspace       used 58886K, capacity 62788K, committed 63104K, reserved 1103872K
  class space    used 7523K, capacity 8226K, committed 8320K, reserved 1048576K
2024-06-11T22:35:34.095+0800: 1153.184: [GC (Allocation Failure) [PSYoungGen: 169472K->672K(170496K)] 206223K->37431K(457216K), 0.0049761 secs] [Times: user=0.01 sys=0.00, real=0.00 secs] 
Heap after GC invocations=122 (full 0):
 PSYoungGen      total 170496K, used 672K [0x00000000f5800000, 0x0000000100000000, 0x0000000100000000)
  eden space 168960K, 0% used [0x00000000f5800000,0x00000000f5800000,0x00000000ffd00000)
  from space 1536K, 43% used [0x00000000ffe80000,0x00000000fff28000,0x0000000100000000)
  to   space 1536K, 0% used [0x00000000ffd00000,0x00000000ffd00000,0x00000000ffe80000)
 ParOldGen       total 286720K, used 36759K [0x00000000e4000000, 0x00000000f5800000, 0x00000000f5800000)
  object space 286720K, 12% used [0x00000000e4000000,0x00000000e63e5d70,0x00000000f5800000)
 Metaspace       used 58886K, capacity 62788K, committed 63104K, reserved 1103872K
  class space    used 7523K, capacity 8226K, committed 8320K, reserved 1048576K
}
{Heap before GC invocations=123 (full 0):
 PSYoungGen      total 170496K, used 169632K [0x00000000f5800000, 0x0000000100000000, 0x0000000100000000)
  eden space 168960K, 100% used [0x00000000f5800000,0x00000000ffd00000,0x00000000ffd00000)
  from space 1536K, 43% used [0x00000000ffe80000,0x00000000fff28000,0x0000000100000000)
  to   space 1536K, 0% used [0x00000000ffd00000,0x00000000ffd00000,0x00000000ffe80000)
 ParOldGen       total 286720K, used 36759K [0x00000000e4000000, 0x00000000f5800000, 0x00000000f5800000)
  object space 286720K, 12% used [0x00000000e4000000,0x00000000e63e5d70,0x00000000f5800000)
 Metaspace       used 58887K, capacity 62788K, committed 63104K, reserved 1103872K
  class space    used 7523K, capacity 8226K, committed 8320K, reserved 1048576K
2024-06-11T22:35:44.598+0800: 1163.687: [GC (Allocation Failure) [PSYoungGen: 169632K->1376K(170496K)] 206391K->38311K(457216K), 0.0057998 secs] [Times: user=0.01 sys=0.00, real=0.01 secs] 
Heap after GC invocations=123 (full 0):
 PSYoungGen      total 170496K, used 1376K [0x00000000f5800000, 0x0000000100000000, 0x0000000100000000)
  eden space 168960K, 0% used [0x00000000f5800000,0x00000000f5800000,0x00000000ffd00000)
  from space 1536K, 89% used [0x00000000ffd00000,0x00000000ffe58000,0x00000000ffe80000)
  to   space 1536K, 0% used [0x00000000ffe80000,0x00000000ffe80000,0x0000000100000000)
 ParOldGen       total 286720K, used 36935K [0x00000000e4000000, 0x00000000f5800000, 0x00000000f5800000)
  object space 286720K, 12% used [0x00000000e4000000,0x00000000e6411d70,0x00000000f5800000)
 Metaspace       used 58887K, capacity 62788K, committed 63104K, reserved 1103872K
  class space    used 7523K, capacity 8226K, committed 8320K, reserved 1048576K
}
{Heap before GC invocations=124 (full 0):
 PSYoungGen      total 170496K, used 170336K [0x00000000f5800000, 0x0000000100000000, 0x0000000100000000)
  eden space 168960K, 100% used [0x00000000f5800000,0x00000000ffd00000,0x00000000ffd00000)
  from space 1536K, 89% used [0x00000000ffd00000,0x00000000ffe58000,0x00000000ffe80000)
  to   space 1536K, 0% used [0x00000000ffe80000,0x00000000ffe80000,0x0000000100000000)
 ParOldGen       total 286720K, used 36935K [0x00000000e4000000, 0x00000000f5800000, 0x00000000f5800000)
  object space 286720K, 12% used [0x00000000e4000000,0x00000000e6411d70,0x00000000f5800000)
 Metaspace       used 58887K, capacity 62788K, committed 63104K, reserved 1103872K
  class space    used 7523K, capacity 8226K, committed 8320K, reserved 1048576K
2024-06-11T22:35:54.997+0800: 1174.086: [GC (Allocation Failure) [PSYoungGen: 170336K->512K(170496K)] 207271K->38319K(457216K), 0.0050731 secs] [Times: user=0.01 sys=0.00, real=0.01 secs] 
Heap after GC invocations=124 (full 0):
 PSYoungGen      total 170496K, used 512K [0x00000000f5800000, 0x0000000100000000, 0x0000000100000000)
  eden space 168960K, 0% used [0x00000000f5800000,0x00000000f5800000,0x00000000ffd00000)
  from space 1536K, 33% used [0x00000000ffe80000,0x00000000fff00000,0x0000000100000000)
  to   space 1536K, 0% used [0x00000000ffd00000,0x00000000ffd00000,0x00000000ffe80000)
 ParOldGen       total 286720K, used 37807K [0x00000000e4000000, 0x00000000f5800000, 0x00000000f5800000)
  object space 286720K, 13% used [0x00000000e4000000,0x00000000e64ebd70,0x00000000f5800000)
 Metaspace       used 58887K, capacity 62788K, committed 63104K, reserved 1103872K
  class space    used 7523K, capacity 8226K, committed 8320K, reserved 1048576K
}
{Heap before GC invocations=125 (full 0):
 PSYoungGen      total 170496K, used 169472K [0x00000000f5800000, 0x0000000100000000, 0x0000000100000000)
  eden space 168960K, 100% used [0x00000000f5800000,0x00000000ffd00000,0x00000000ffd00000)
  from space 1536K, 33% used [0x00000000ffe80000,0x00000000fff00000,0x0000000100000000)
  to   space 1536K, 0% used [0x00000000ffd00000,0x00000000ffd00000,0x00000000ffe80000)
 ParOldGen       total 286720K, used 37807K [0x00000000e4000000, 0x00000000f5800000, 0x00000000f5800000)
  object space 286720K, 13% used [0x00000000e4000000,0x00000000e64ebd70,0x00000000f5800000)
 Metaspace       used 58887K, capacity 62788K, committed 63104K, reserved 1103872K
  class space    used 7523K, capacity 8226K, committed 8320K, reserved 1048576K
2024-06-11T22:36:05.454+0800: 1184.543: [GC (Allocation Failure) [PSYoungGen: 169472K->512K(170496K)] 207279K->38335K(457216K), 0.0047641 secs] [Times: user=0.00 sys=0.00, real=0.00 secs] 
Heap after GC invocations=125 (full 0):
 PSYoungGen      total 170496K, used 512K [0x00000000f5800000, 0x0000000100000000, 0x0000000100000000)
  eden space 168960K, 0% used [0x00000000f5800000,0x00000000f5800000,0x00000000ffd00000)
  from space 1536K, 33% used [0x00000000ffd00000,0x00000000ffd80000,0x00000000ffe80000)
  to   space 1536K, 0% used [0x00000000ffe80000,0x00000000ffe80000,0x0000000100000000)
 ParOldGen       total 286720K, used 37823K [0x00000000e4000000, 0x00000000f5800000, 0x00000000f5800000)
  object space 286720K, 13% used [0x00000000e4000000,0x00000000e64efd70,0x00000000f5800000)
 Metaspace       used 58887K, capacity 62788K, committed 63104K, reserved 1103872K
  class space    used 7523K, capacity 8226K, committed 8320K, reserved 1048576K
}
{Heap before GC invocations=126 (full 0):
 PSYoungGen      total 170496K, used 169472K [0x00000000f5800000, 0x0000000100000000, 0x0000000100000000)
  eden space 168960K, 100% used [0x00000000f5800000,0x00000000ffd00000,0x00000000ffd00000)
  from space 1536K, 33% used [0x00000000ffd00000,0x00000000ffd80000,0x00000000ffe80000)
  to   space 1536K, 0% used [0x00000000ffe80000,0x00000000ffe80000,0x0000000100000000)
 ParOldGen       total 286720K, used 37823K [0x00000000e4000000, 0x00000000f5800000, 0x00000000f5800000)
  object space 286720K, 13% used [0x00000000e4000000,0x00000000e64efd70,0x00000000f5800000)
 Metaspace       used 58887K, capacity 62788K, committed 63104K, reserved 1103872K
  class space    used 7523K, capacity 8226K, committed 8320K, reserved 1048576K
2024-06-11T22:36:15.901+0800: 1194.990: [GC (Allocation Failure) [PSYoungGen: 169472K->512K(170496K)] 207295K->38343K(457216K), 0.0045235 secs] [Times: user=0.00 sys=0.00, real=0.00 secs] 
Heap after GC invocations=126 (full 0):
 PSYoungGen      total 170496K, used 512K [0x00000000f5800000, 0x0000000100000000, 0x0000000100000000)
  eden space 168960K, 0% used [0x00000000f5800000,0x00000000f5800000,0x00000000ffd00000)
  from space 1536K, 33% used [0x00000000ffe80000,0x00000000fff00000,0x0000000100000000)
  to   space 1536K, 0% used [0x00000000ffd00000,0x00000000ffd00000,0x00000000ffe80000)
 ParOldGen       total 286720K, used 37831K [0x00000000e4000000, 0x00000000f5800000, 0x00000000f5800000)
  object space 286720K, 13% used [0x00000000e4000000,0x00000000e64f1d70,0x00000000f5800000)
 Metaspace       used 58887K, capacity 62788K, committed 63104K, reserved 1103872K
  class space    used 7523K, capacity 8226K, committed 8320K, reserved 1048576K
}
{Heap before GC invocations=127 (full 0):
 PSYoungGen      total 170496K, used 169472K [0x00000000f5800000, 0x0000000100000000, 0x0000000100000000)
  eden space 168960K, 100% used [0x00000000f5800000,0x00000000ffd00000,0x00000000ffd00000)
  from space 1536K, 33% used [0x00000000ffe80000,0x00000000fff00000,0x0000000100000000)
  to   space 1536K, 0% used [0x00000000ffd00000,0x00000000ffd00000,0x00000000ffe80000)
 ParOldGen       total 286720K, used 37831K [0x00000000e4000000, 0x00000000f5800000, 0x00000000f5800000)
  object space 286720K, 13% used [0x00000000e4000000,0x00000000e64f1d70,0x00000000f5800000)
 Metaspace       used 58887K, capacity 62788K, committed 63104K, reserved 1103872K
  class space    used 7523K, capacity 8226K, committed 8320K, reserved 1048576K
2024-06-11T22:36:26.405+0800: 1205.494: [GC (Allocation Failure) [PSYoungGen: 169472K->512K(170496K)] 207303K->38351K(457216K), 0.0036373 secs] [Times: user=0.00 sys=0.00, real=0.00 secs] 
Heap after GC invocations=127 (full 0):
 PSYoungGen      total 170496K, used 512K [0x00000000f5800000, 0x0000000100000000, 0x0000000100000000)
  eden space 168960K, 0% used [0x00000000f5800000,0x00000000f5800000,0x00000000ffd00000)
  from space 1536K, 33% used [0x00000000ffd00000,0x00000000ffd80000,0x00000000ffe80000)
  to   space 1536K, 0% used [0x00000000ffe80000,0x00000000ffe80000,0x0000000100000000)
 ParOldGen       total 286720K, used 37839K [0x00000000e4000000, 0x00000000f5800000, 0x00000000f5800000)
  object space 286720K, 13% used [0x00000000e4000000,0x00000000e64f3d70,0x00000000f5800000)
 Metaspace       used 58887K, capacity 62788K, committed 63104K, reserved 1103872K
  class space    used 7523K, capacity 8226K, committed 8320K, reserved 1048576K
}
{Heap before GC invocations=128 (full 0):
 PSYoungGen      total 170496K, used 169472K [0x00000000f5800000, 0x0000000100000000, 0x0000000100000000)
  eden space 168960K, 100% used [0x00000000f5800000,0x00000000ffd00000,0x00000000ffd00000)
  from space 1536K, 33% used [0x00000000ffd00000,0x00000000ffd80000,0x00000000ffe80000)
  to   space 1536K, 0% used [0x00000000ffe80000,0x00000000ffe80000,0x0000000100000000)
 ParOldGen       total 286720K, used 37839K [0x00000000e4000000, 0x00000000f5800000, 0x00000000f5800000)
  object space 286720K, 13% used [0x00000000e4000000,0x00000000e64f3d70,0x00000000f5800000)
 Metaspace       used 58891K, capacity 62788K, committed 63104K, reserved 1103872K
  class space    used 7523K, capacity 8226K, committed 8320K, reserved 1048576K
2024-06-11T22:36:36.547+0800: 1215.635: [GC (Allocation Failure) [PSYoungGen: 169472K->1440K(169472K)] 207311K->39295K(456192K), 0.0050423 secs] [Times: user=0.01 sys=0.00, real=0.01 secs] 
Heap after GC invocations=128 (full 0):
 PSYoungGen      total 169472K, used 1440K [0x00000000f5800000, 0x0000000100000000, 0x0000000100000000)
  eden space 167936K, 0% used [0x00000000f5800000,0x00000000f5800000,0x00000000ffc00000)
  from space 1536K, 93% used [0x00000000ffe80000,0x00000000fffe8000,0x0000000100000000)
  to   space 2048K, 0% used [0x00000000ffc00000,0x00000000ffc00000,0x00000000ffe00000)
 ParOldGen       total 286720K, used 37855K [0x00000000e4000000, 0x00000000f5800000, 0x00000000f5800000)
  object space 286720K, 13% used [0x00000000e4000000,0x00000000e64f7d70,0x00000000f5800000)
 Metaspace       used 58891K, capacity 62788K, committed 63104K, reserved 1103872K
  class space    used 7523K, capacity 8226K, committed 8320K, reserved 1048576K
}
{Heap before GC invocations=129 (full 0):
 PSYoungGen      total 169472K, used 169376K [0x00000000f5800000, 0x0000000100000000, 0x0000000100000000)
  eden space 167936K, 100% used [0x00000000f5800000,0x00000000ffc00000,0x00000000ffc00000)
  from space 1536K, 93% used [0x00000000ffe80000,0x00000000fffe8000,0x0000000100000000)
  to   space 2048K, 0% used [0x00000000ffc00000,0x00000000ffc00000,0x00000000ffe00000)
 ParOldGen       total 286720K, used 37855K [0x00000000e4000000, 0x00000000f5800000, 0x00000000f5800000)
  object space 286720K, 13% used [0x00000000e4000000,0x00000000e64f7d70,0x00000000f5800000)
 Metaspace       used 58891K, capacity 62788K, committed 63104K, reserved 1103872K
  class space    used 7523K, capacity 8226K, committed 8320K, reserved 1048576K
2024-06-11T22:36:47.090+0800: 1226.179: [GC (Allocation Failure) [PSYoungGen: 169376K->576K(169984K)] 207231K->39375K(456704K), 0.0103600 secs] [Times: user=0.01 sys=0.00, real=0.01 secs] 
Heap after GC invocations=129 (full 0):
 PSYoungGen      total 169984K, used 576K [0x00000000f5800000, 0x0000000100000000, 0x0000000100000000)
  eden space 167936K, 0% used [0x00000000f5800000,0x00000000f5800000,0x00000000ffc00000)
  from space 2048K, 28% used [0x00000000ffc00000,0x00000000ffc90000,0x00000000ffe00000)
  to   space 1536K, 0% used [0x00000000ffe80000,0x00000000ffe80000,0x0000000100000000)
 ParOldGen       total 286720K, used 38799K [0x00000000e4000000, 0x00000000f5800000, 0x00000000f5800000)
  object space 286720K, 13% used [0x00000000e4000000,0x00000000e65e3d70,0x00000000f5800000)
 Metaspace       used 58891K, capacity 62788K, committed 63104K, reserved 1103872K
  class space    used 7523K, capacity 8226K, committed 8320K, reserved 1048576K
}
{Heap before GC invocations=130 (full 0):
 PSYoungGen      total 169984K, used 168512K [0x00000000f5800000, 0x0000000100000000, 0x0000000100000000)
  eden space 167936K, 100% used [0x00000000f5800000,0x00000000ffc00000,0x00000000ffc00000)
  from space 2048K, 28% used [0x00000000ffc00000,0x00000000ffc90000,0x00000000ffe00000)
  to   space 1536K, 0% used [0x00000000ffe80000,0x00000000ffe80000,0x0000000100000000)
 ParOldGen       total 286720K, used 38799K [0x00000000e4000000, 0x00000000f5800000, 0x00000000f5800000)
  object space 286720K, 13% used [0x00000000e4000000,0x00000000e65e3d70,0x00000000f5800000)
 Metaspace       used 58892K, capacity 62788K, committed 63104K, reserved 1103872K
  class space    used 7523K, capacity 8226K, committed 8320K, reserved 1048576K
2024-06-11T22:36:57.576+0800: 1236.665: [GC (Allocation Failure) [PSYoungGen: 168512K->512K(170496K)] 207311K->39399K(457216K), 0.0044918 secs] [Times: user=0.01 sys=0.00, real=0.01 secs] 
Heap after GC invocations=130 (full 0):
 PSYoungGen      total 170496K, used 512K [0x00000000f5800000, 0x0000000100000000, 0x0000000100000000)
  eden space 168960K, 0% used [0x00000000f5800000,0x00000000f5800000,0x00000000ffd00000)
  from space 1536K, 33% used [0x00000000ffe80000,0x00000000fff00000,0x0000000100000000)
  to   space 1536K, 0% used [0x00000000ffd00000,0x00000000ffd00000,0x00000000ffe80000)
 ParOldGen       total 286720K, used 38887K [0x00000000e4000000, 0x00000000f5800000, 0x00000000f5800000)
  object space 286720K, 13% used [0x00000000e4000000,0x00000000e65f9d70,0x00000000f5800000)
 Metaspace       used 58892K, capacity 62788K, committed 63104K, reserved 1103872K
  class space    used 7523K, capacity 8226K, committed 8320K, reserved 1048576K
}
{Heap before GC invocations=131 (full 0):
 PSYoungGen      total 170496K, used 169407K [0x00000000f5800000, 0x0000000100000000, 0x0000000100000000)
  eden space 168960K, 99% used [0x00000000f5800000,0x00000000ffcefd60,0x00000000ffd00000)
  from space 1536K, 33% used [0x00000000ffe80000,0x00000000fff00000,0x0000000100000000)
  to   space 1536K, 0% used [0x00000000ffd00000,0x00000000ffd00000,0x00000000ffe80000)
 ParOldGen       total 286720K, used 38887K [0x00000000e4000000, 0x00000000f5800000, 0x00000000f5800000)
  object space 286720K, 13% used [0x00000000e4000000,0x00000000e65f9d70,0x00000000f5800000)
 Metaspace       used 58894K, capacity 62788K, committed 63104K, reserved 1103872K
  class space    used 7523K, capacity 8226K, committed 8320K, reserved 1048576K
2024-06-11T22:37:07.742+0800: 1246.831: [GC (Allocation Failure) [PSYoungGen: 169407K->699K(170496K)] 208294K->39602K(457216K), 0.0037935 secs] [Times: user=0.01 sys=0.00, real=0.00 secs] 
Heap after GC invocations=131 (full 0):
 PSYoungGen      total 170496K, used 699K [0x00000000f5800000, 0x0000000100000000, 0x0000000100000000)
  eden space 168960K, 0% used [0x00000000f5800000,0x00000000f5800000,0x00000000ffd00000)
  from space 1536K, 45% used [0x00000000ffd00000,0x00000000ffdaed90,0x00000000ffe80000)
  to   space 1536K, 0% used [0x00000000ffe80000,0x00000000ffe80000,0x0000000100000000)
 ParOldGen       total 286720K, used 38903K [0x00000000e4000000, 0x00000000f5800000, 0x00000000f5800000)
  object space 286720K, 13% used [0x00000000e4000000,0x00000000e65fdd70,0x00000000f5800000)
 Metaspace       used 58894K, capacity 62788K, committed 63104K, reserved 1103872K
  class space    used 7523K, capacity 8226K, committed 8320K, reserved 1048576K
}
{Heap before GC invocations=132 (full 0):
 PSYoungGen      total 170496K, used 169659K [0x00000000f5800000, 0x0000000100000000, 0x0000000100000000)
  eden space 168960K, 100% used [0x00000000f5800000,0x00000000ffd00000,0x00000000ffd00000)
  from space 1536K, 45% used [0x00000000ffd00000,0x00000000ffdaed90,0x00000000ffe80000)
  to   space 1536K, 0% used [0x00000000ffe80000,0x00000000ffe80000,0x0000000100000000)
 ParOldGen       total 286720K, used 38903K [0x00000000e4000000, 0x00000000f5800000, 0x00000000f5800000)
  object space 286720K, 13% used [0x00000000e4000000,0x00000000e65fdd70,0x00000000f5800000)
 Metaspace       used 58894K, capacity 62788K, committed 63104K, reserved 1103872K
  class space    used 7523K, capacity 8226K, committed 8320K, reserved 1048576K
2024-06-11T22:37:18.173+0800: 1257.262: [GC (Allocation Failure) [PSYoungGen: 169659K->512K(170496K)] 208562K->39423K(457216K), 0.0040142 secs] [Times: user=0.01 sys=0.00, real=0.00 secs] 
Heap after GC invocations=132 (full 0):
 PSYoungGen      total 170496K, used 512K [0x00000000f5800000, 0x0000000100000000, 0x0000000100000000)
  eden space 168960K, 0% used [0x00000000f5800000,0x00000000f5800000,0x00000000ffd00000)
  from space 1536K, 33% used [0x00000000ffe80000,0x00000000fff00000,0x0000000100000000)
  to   space 1536K, 0% used [0x00000000ffd00000,0x00000000ffd00000,0x00000000ffe80000)
 ParOldGen       total 286720K, used 38911K [0x00000000e4000000, 0x00000000f5800000, 0x00000000f5800000)
  object space 286720K, 13% used [0x00000000e4000000,0x00000000e65ffd70,0x00000000f5800000)
 Metaspace       used 58894K, capacity 62788K, committed 63104K, reserved 1103872K
  class space    used 7523K, capacity 8226K, committed 8320K, reserved 1048576K
}
{Heap before GC invocations=133 (full 0):
 PSYoungGen      total 170496K, used 169472K [0x00000000f5800000, 0x0000000100000000, 0x0000000100000000)
  eden space 168960K, 100% used [0x00000000f5800000,0x00000000ffd00000,0x00000000ffd00000)
  from space 1536K, 33% used [0x00000000ffe80000,0x00000000fff00000,0x0000000100000000)
  to   space 1536K, 0% used [0x00000000ffd00000,0x00000000ffd00000,0x00000000ffe80000)
 ParOldGen       total 286720K, used 38911K [0x00000000e4000000, 0x00000000f5800000, 0x00000000f5800000)
  object space 286720K, 13% used [0x00000000e4000000,0x00000000e65ffd70,0x00000000f5800000)
 Metaspace       used 58912K, capacity 62852K, committed 63104K, reserved 1103872K
  class space    used 7526K, capacity 8226K, committed 8320K, reserved 1048576K
2024-06-11T22:37:28.529+0800: 1267.617: [GC (Allocation Failure) [PSYoungGen: 169472K->544K(170496K)] 208383K->39471K(457216K), 0.0036387 secs] [Times: user=0.01 sys=0.00, real=0.01 secs] 
Heap after GC invocations=133 (full 0):
 PSYoungGen      total 170496K, used 544K [0x00000000f5800000, 0x0000000100000000, 0x0000000100000000)
  eden space 168960K, 0% used [0x00000000f5800000,0x00000000f5800000,0x00000000ffd00000)
  from space 1536K, 35% used [0x00000000ffd00000,0x00000000ffd88000,0x00000000ffe80000)
  to   space 1536K, 0% used [0x00000000ffe80000,0x00000000ffe80000,0x0000000100000000)
 ParOldGen       total 286720K, used 38927K [0x00000000e4000000, 0x00000000f5800000, 0x00000000f5800000)
  object space 286720K, 13% used [0x00000000e4000000,0x00000000e6603d70,0x00000000f5800000)
 Metaspace       used 58912K, capacity 62852K, committed 63104K, reserved 1103872K
  class space    used 7526K, capacity 8226K, committed 8320K, reserved 1048576K
}
{Heap before GC invocations=134 (full 0):
 PSYoungGen      total 170496K, used 169504K [0x00000000f5800000, 0x0000000100000000, 0x0000000100000000)
  eden space 168960K, 100% used [0x00000000f5800000,0x00000000ffd00000,0x00000000ffd00000)
  from space 1536K, 35% used [0x00000000ffd00000,0x00000000ffd88000,0x00000000ffe80000)
  to   space 1536K, 0% used [0x00000000ffe80000,0x00000000ffe80000,0x0000000100000000)
 ParOldGen       total 286720K, used 38927K [0x00000000e4000000, 0x00000000f5800000, 0x00000000f5800000)
  object space 286720K, 13% used [0x00000000e4000000,0x00000000e6603d70,0x00000000f5800000)
 Metaspace       used 58912K, capacity 62852K, committed 63104K, reserved 1103872K
  class space    used 7526K, capacity 8226K, committed 8320K, reserved 1048576K
2024-06-11T22:37:39.157+0800: 1278.246: [GC (Allocation Failure) [PSYoungGen: 169504K->1504K(169472K)] 208431K->40447K(456192K), 0.0052357 secs] [Times: user=0.01 sys=0.00, real=0.01 secs] 
Heap after GC invocations=134 (full 0):
 PSYoungGen      total 169472K, used 1504K [0x00000000f5800000, 0x0000000100000000, 0x0000000100000000)
  eden space 167936K, 0% used [0x00000000f5800000,0x00000000f5800000,0x00000000ffc00000)
  from space 1536K, 97% used [0x00000000ffe80000,0x00000000ffff8000,0x0000000100000000)
  to   space 2048K, 0% used [0x00000000ffc00000,0x00000000ffc00000,0x00000000ffe00000)
 ParOldGen       total 286720K, used 38943K [0x00000000e4000000, 0x00000000f5800000, 0x00000000f5800000)
  object space 286720K, 13% used [0x00000000e4000000,0x00000000e6607d70,0x00000000f5800000)
 Metaspace       used 58912K, capacity 62852K, committed 63104K, reserved 1103872K
  class space    used 7526K, capacity 8226K, committed 8320K, reserved 1048576K
}
{Heap before GC invocations=135 (full 0):
 PSYoungGen      total 169472K, used 169440K [0x00000000f5800000, 0x0000000100000000, 0x0000000100000000)
  eden space 167936K, 100% used [0x00000000f5800000,0x00000000ffc00000,0x00000000ffc00000)
  from space 1536K, 97% used [0x00000000ffe80000,0x00000000ffff8000,0x0000000100000000)
  to   space 2048K, 0% used [0x00000000ffc00000,0x00000000ffc00000,0x00000000ffe00000)
 ParOldGen       total 286720K, used 38943K [0x00000000e4000000, 0x00000000f5800000, 0x00000000f5800000)
  object space 286720K, 13% used [0x00000000e4000000,0x00000000e6607d70,0x00000000f5800000)
 Metaspace       used 58915K, capacity 62852K, committed 63104K, reserved 1103872K
  class space    used 7526K, capacity 8226K, committed 8320K, reserved 1048576K
2024-06-11T22:37:49.613+0800: 1288.702: [GC (Allocation Failure) [PSYoungGen: 169440K->544K(169984K)] 208383K->40487K(456704K), 0.0053858 secs] [Times: user=0.00 sys=0.00, real=0.00 secs] 
Heap after GC invocations=135 (full 0):
 PSYoungGen      total 169984K, used 544K [0x00000000f5800000, 0x0000000100000000, 0x0000000100000000)
  eden space 167936K, 0% used [0x00000000f5800000,0x00000000f5800000,0x00000000ffc00000)
  from space 2048K, 26% used [0x00000000ffc00000,0x00000000ffc88000,0x00000000ffe00000)
  to   space 1536K, 0% used [0x00000000ffe80000,0x00000000ffe80000,0x0000000100000000)
 ParOldGen       total 286720K, used 39943K [0x00000000e4000000, 0x00000000f5800000, 0x00000000f5800000)
  object space 286720K, 13% used [0x00000000e4000000,0x00000000e6701d70,0x00000000f5800000)
 Metaspace       used 58915K, capacity 62852K, committed 63104K, reserved 1103872K
  class space    used 7526K, capacity 8226K, committed 8320K, reserved 1048576K
}
{Heap before GC invocations=136 (full 0):
 PSYoungGen      total 169984K, used 168480K [0x00000000f5800000, 0x0000000100000000, 0x0000000100000000)
  eden space 167936K, 100% used [0x00000000f5800000,0x00000000ffc00000,0x00000000ffc00000)
  from space 2048K, 26% used [0x00000000ffc00000,0x00000000ffc88000,0x00000000ffe00000)
  to   space 1536K, 0% used [0x00000000ffe80000,0x00000000ffe80000,0x0000000100000000)
 ParOldGen       total 286720K, used 39943K [0x00000000e4000000, 0x00000000f5800000, 0x00000000f5800000)
  object space 286720K, 13% used [0x00000000e4000000,0x00000000e6701d70,0x00000000f5800000)
 Metaspace       used 58923K, capacity 62852K, committed 63104K, reserved 1103872K
  class space    used 7526K, capacity 8226K, committed 8320K, reserved 1048576K
2024-06-11T22:38:00.114+0800: 1299.203: [GC (Allocation Failure) [PSYoungGen: 168480K->512K(170496K)] 208423K->40503K(457216K), 0.0037361 secs] [Times: user=0.01 sys=0.00, real=0.00 secs] 
Heap after GC invocations=136 (full 0):
 PSYoungGen      total 170496K, used 512K [0x00000000f5800000, 0x0000000100000000, 0x0000000100000000)
  eden space 168960K, 0% used [0x00000000f5800000,0x00000000f5800000,0x00000000ffd00000)
  from space 1536K, 33% used [0x00000000ffe80000,0x00000000fff00000,0x0000000100000000)
  to   space 1536K, 0% used [0x00000000ffd00000,0x00000000ffd00000,0x00000000ffe80000)
 ParOldGen       total 286720K, used 39991K [0x00000000e4000000, 0x00000000f5800000, 0x00000000f5800000)
  object space 286720K, 13% used [0x00000000e4000000,0x00000000e670dd70,0x00000000f5800000)
 Metaspace       used 58923K, capacity 62852K, committed 63104K, reserved 1103872K
  class space    used 7526K, capacity 8226K, committed 8320K, reserved 1048576K
}
{Heap before GC invocations=137 (full 0):
 PSYoungGen      total 170496K, used 169472K [0x00000000f5800000, 0x0000000100000000, 0x0000000100000000)
  eden space 168960K, 100% used [0x00000000f5800000,0x00000000ffd00000,0x00000000ffd00000)
  from space 1536K, 33% used [0x00000000ffe80000,0x00000000fff00000,0x0000000100000000)
  to   space 1536K, 0% used [0x00000000ffd00000,0x00000000ffd00000,0x00000000ffe80000)
 ParOldGen       total 286720K, used 39991K [0x00000000e4000000, 0x00000000f5800000, 0x00000000f5800000)
  object space 286720K, 13% used [0x00000000e4000000,0x00000000e670dd70,0x00000000f5800000)
 Metaspace       used 58923K, capacity 62852K, committed 63104K, reserved 1103872K
  class space    used 7526K, capacity 8226K, committed 8320K, reserved 1048576K
2024-06-11T22:38:10.407+0800: 1309.496: [GC (Allocation Failure) [PSYoungGen: 169472K->512K(170496K)] 209463K->40511K(457216K), 0.0038682 secs] [Times: user=0.00 sys=0.00, real=0.01 secs] 
Heap after GC invocations=137 (full 0):
 PSYoungGen      total 170496K, used 512K [0x00000000f5800000, 0x0000000100000000, 0x0000000100000000)
  eden space 168960K, 0% used [0x00000000f5800000,0x00000000f5800000,0x00000000ffd00000)
  from space 1536K, 33% used [0x00000000ffd00000,0x00000000ffd80000,0x00000000ffe80000)
  to   space 1536K, 0% used [0x00000000ffe80000,0x00000000ffe80000,0x0000000100000000)
 ParOldGen       total 286720K, used 39999K [0x00000000e4000000, 0x00000000f5800000, 0x00000000f5800000)
  object space 286720K, 13% used [0x00000000e4000000,0x00000000e670fd70,0x00000000f5800000)
 Metaspace       used 58923K, capacity 62852K, committed 63104K, reserved 1103872K
  class space    used 7526K, capacity 8226K, committed 8320K, reserved 1048576K
}
{Heap before GC invocations=138 (full 0):
 PSYoungGen      total 170496K, used 169472K [0x00000000f5800000, 0x0000000100000000, 0x0000000100000000)
  eden space 168960K, 100% used [0x00000000f5800000,0x00000000ffd00000,0x00000000ffd00000)
  from space 1536K, 33% used [0x00000000ffd00000,0x00000000ffd80000,0x00000000ffe80000)
  to   space 1536K, 0% used [0x00000000ffe80000,0x00000000ffe80000,0x0000000100000000)
 ParOldGen       total 286720K, used 39999K [0x00000000e4000000, 0x00000000f5800000, 0x00000000f5800000)
  object space 286720K, 13% used [0x00000000e4000000,0x00000000e670fd70,0x00000000f5800000)
 Metaspace       used 58923K, capacity 62852K, committed 63104K, reserved 1103872K
  class space    used 7526K, capacity 8226K, committed 8320K, reserved 1048576K
2024-06-11T22:38:20.820+0800: 1319.908: [GC (Allocation Failure) [PSYoungGen: 169472K->512K(170496K)] 209471K->40527K(457216K), 0.0040870 secs] [Times: user=0.00 sys=0.00, real=0.01 secs] 
Heap after GC invocations=138 (full 0):
 PSYoungGen      total 170496K, used 512K [0x00000000f5800000, 0x0000000100000000, 0x0000000100000000)
  eden space 168960K, 0% used [0x00000000f5800000,0x00000000f5800000,0x00000000ffd00000)
  from space 1536K, 33% used [0x00000000ffe80000,0x00000000fff00000,0x0000000100000000)
  to   space 1536K, 0% used [0x00000000ffd00000,0x00000000ffd00000,0x00000000ffe80000)
 ParOldGen       total 286720K, used 40015K [0x00000000e4000000, 0x00000000f5800000, 0x00000000f5800000)
  object space 286720K, 13% used [0x00000000e4000000,0x00000000e6713d70,0x00000000f5800000)
 Metaspace       used 58923K, capacity 62852K, committed 63104K, reserved 1103872K
  class space    used 7526K, capacity 8226K, committed 8320K, reserved 1048576K
}
{Heap before GC invocations=139 (full 0):
 PSYoungGen      total 170496K, used 169472K [0x00000000f5800000, 0x0000000100000000, 0x0000000100000000)
  eden space 168960K, 100% used [0x00000000f5800000,0x00000000ffd00000,0x00000000ffd00000)
  from space 1536K, 33% used [0x00000000ffe80000,0x00000000fff00000,0x0000000100000000)
  to   space 1536K, 0% used [0x00000000ffd00000,0x00000000ffd00000,0x00000000ffe80000)
 ParOldGen       total 286720K, used 40015K [0x00000000e4000000, 0x00000000f5800000, 0x00000000f5800000)
  object space 286720K, 13% used [0x00000000e4000000,0x00000000e6713d70,0x00000000f5800000)
 Metaspace       used 58928K, capacity 62852K, committed 63104K, reserved 1103872K
  class space    used 7526K, capacity 8226K, committed 8320K, reserved 1048576K
2024-06-11T22:38:31.196+0800: 1330.285: [GC (Allocation Failure) [PSYoungGen: 169472K->512K(170496K)] 209487K->40527K(457216K), 0.0038157 secs] [Times: user=0.01 sys=0.00, real=0.00 secs] 
Heap after GC invocations=139 (full 0):
 PSYoungGen      total 170496K, used 512K [0x00000000f5800000, 0x0000000100000000, 0x0000000100000000)
  eden space 168960K, 0% used [0x00000000f5800000,0x00000000f5800000,0x00000000ffd00000)
  from space 1536K, 33% used [0x00000000ffd00000,0x00000000ffd80000,0x00000000ffe80000)
  to   space 1536K, 0% used [0x00000000ffe80000,0x00000000ffe80000,0x0000000100000000)
 ParOldGen       total 286720K, used 40015K [0x00000000e4000000, 0x00000000f5800000, 0x00000000f5800000)
  object space 286720K, 13% used [0x00000000e4000000,0x00000000e6713d70,0x00000000f5800000)
 Metaspace       used 58928K, capacity 62852K, committed 63104K, reserved 1103872K
  class space    used 7526K, capacity 8226K, committed 8320K, reserved 1048576K
}
{Heap before GC invocations=140 (full 0):
 PSYoungGen      total 170496K, used 169472K [0x00000000f5800000, 0x0000000100000000, 0x0000000100000000)
  eden space 168960K, 100% used [0x00000000f5800000,0x00000000ffd00000,0x00000000ffd00000)
  from space 1536K, 33% used [0x00000000ffd00000,0x00000000ffd80000,0x00000000ffe80000)
  to   space 1536K, 0% used [0x00000000ffe80000,0x00000000ffe80000,0x0000000100000000)
 ParOldGen       total 286720K, used 40015K [0x00000000e4000000, 0x00000000f5800000, 0x00000000f5800000)
  object space 286720K, 13% used [0x00000000e4000000,0x00000000e6713d70,0x00000000f5800000)
 Metaspace       used 58929K, capacity 62852K, committed 63104K, reserved 1103872K
  class space    used 7526K, capacity 8226K, committed 8320K, reserved 1048576K
2024-06-11T22:38:41.566+0800: 1340.655: [GC (Allocation Failure) [PSYoungGen: 169472K->1504K(169472K)] 209487K->41527K(456192K), 0.0051308 secs] [Times: user=0.01 sys=0.00, real=0.01 secs] 
Heap after GC invocations=140 (full 0):
 PSYoungGen      total 169472K, used 1504K [0x00000000f5800000, 0x0000000100000000, 0x0000000100000000)
  eden space 167936K, 0% used [0x00000000f5800000,0x00000000f5800000,0x00000000ffc00000)
  from space 1536K, 97% used [0x00000000ffe80000,0x00000000ffff8000,0x0000000100000000)
  to   space 2048K, 0% used [0x00000000ffc00000,0x00000000ffc00000,0x00000000ffe00000)
 ParOldGen       total 286720K, used 40023K [0x00000000e4000000, 0x00000000f5800000, 0x00000000f5800000)
  object space 286720K, 13% used [0x00000000e4000000,0x00000000e6715d70,0x00000000f5800000)
 Metaspace       used 58929K, capacity 62852K, committed 63104K, reserved 1103872K
  class space    used 7526K, capacity 8226K, committed 8320K, reserved 1048576K
}
{Heap before GC invocations=141 (full 0):
 PSYoungGen      total 169472K, used 169440K [0x00000000f5800000, 0x0000000100000000, 0x0000000100000000)
  eden space 167936K, 100% used [0x00000000f5800000,0x00000000ffc00000,0x00000000ffc00000)
  from space 1536K, 97% used [0x00000000ffe80000,0x00000000ffff8000,0x0000000100000000)
  to   space 2048K, 0% used [0x00000000ffc00000,0x00000000ffc00000,0x00000000ffe00000)
 ParOldGen       total 286720K, used 40023K [0x00000000e4000000, 0x00000000f5800000, 0x00000000f5800000)
  object space 286720K, 13% used [0x00000000e4000000,0x00000000e6715d70,0x00000000f5800000)
 Metaspace       used 58929K, capacity 62852K, committed 63104K, reserved 1103872K
  class space    used 7526K, capacity 8226K, committed 8320K, reserved 1048576K
2024-06-11T22:38:51.791+0800: 1350.880: [GC (Allocation Failure) [PSYoungGen: 169440K->544K(169984K)] 209463K->41591K(456704K), 0.0052387 secs] [Times: user=0.01 sys=0.01, real=0.00 secs] 
Heap after GC invocations=141 (full 0):
 PSYoungGen      total 169984K, used 544K [0x00000000f5800000, 0x0000000100000000, 0x0000000100000000)
  eden space 167936K, 0% used [0x00000000f5800000,0x00000000f5800000,0x00000000ffc00000)
  from space 2048K, 26% used [0x00000000ffc00000,0x00000000ffc88000,0x00000000ffe00000)
  to   space 1536K, 0% used [0x00000000ffe80000,0x00000000ffe80000,0x0000000100000000)
 ParOldGen       total 286720K, used 41047K [0x00000000e4000000, 0x00000000f5800000, 0x00000000f5800000)
  object space 286720K, 14% used [0x00000000e4000000,0x00000000e6815d70,0x00000000f5800000)
 Metaspace       used 58929K, capacity 62852K, committed 63104K, reserved 1103872K
  class space    used 7526K, capacity 8226K, committed 8320K, reserved 1048576K
}
{Heap before GC invocations=142 (full 0):
 PSYoungGen      total 169984K, used 168480K [0x00000000f5800000, 0x0000000100000000, 0x0000000100000000)
  eden space 167936K, 100% used [0x00000000f5800000,0x00000000ffc00000,0x00000000ffc00000)
  from space 2048K, 26% used [0x00000000ffc00000,0x00000000ffc88000,0x00000000ffe00000)
  to   space 1536K, 0% used [0x00000000ffe80000,0x00000000ffe80000,0x0000000100000000)
 ParOldGen       total 286720K, used 41047K [0x00000000e4000000, 0x00000000f5800000, 0x00000000f5800000)
  object space 286720K, 14% used [0x00000000e4000000,0x00000000e6815d70,0x00000000f5800000)
 Metaspace       used 58929K, capacity 62852K, committed 63104K, reserved 1103872K
  class space    used 7526K, capacity 8226K, committed 8320K, reserved 1048576K
2024-06-11T22:39:02.215+0800: 1361.304: [GC (Allocation Failure) [PSYoungGen: 168480K->512K(170496K)] 209527K->41583K(457216K), 0.0038174 secs] [Times: user=0.01 sys=0.00, real=0.00 secs] 
Heap after GC invocations=142 (full 0):
 PSYoungGen      total 170496K, used 512K [0x00000000f5800000, 0x0000000100000000, 0x0000000100000000)
  eden space 168960K, 0% used [0x00000000f5800000,0x00000000f5800000,0x00000000ffd00000)
  from space 1536K, 33% used [0x00000000ffe80000,0x00000000fff00000,0x0000000100000000)
  to   space 1536K, 0% used [0x00000000ffd00000,0x00000000ffd00000,0x00000000ffe80000)
 ParOldGen       total 286720K, used 41071K [0x00000000e4000000, 0x00000000f5800000, 0x00000000f5800000)
  object space 286720K, 14% used [0x00000000e4000000,0x00000000e681bd70,0x00000000f5800000)
 Metaspace       used 58929K, capacity 62852K, committed 63104K, reserved 1103872K
  class space    used 7526K, capacity 8226K, committed 8320K, reserved 1048576K
}
{Heap before GC invocations=143 (full 0):
 PSYoungGen      total 170496K, used 169472K [0x00000000f5800000, 0x0000000100000000, 0x0000000100000000)
  eden space 168960K, 100% used [0x00000000f5800000,0x00000000ffd00000,0x00000000ffd00000)
  from space 1536K, 33% used [0x00000000ffe80000,0x00000000fff00000,0x0000000100000000)
  to   space 1536K, 0% used [0x00000000ffd00000,0x00000000ffd00000,0x00000000ffe80000)
 ParOldGen       total 286720K, used 41071K [0x00000000e4000000, 0x00000000f5800000, 0x00000000f5800000)
  object space 286720K, 14% used [0x00000000e4000000,0x00000000e681bd70,0x00000000f5800000)
 Metaspace       used 58935K, capacity 62852K, committed 63104K, reserved 1103872K
  class space    used 7526K, capacity 8226K, committed 8320K, reserved 1048576K
2024-06-11T22:39:12.546+0800: 1371.635: [GC (Allocation Failure) [PSYoungGen: 169472K->512K(170496K)] 210543K->41599K(457216K), 0.0037257 secs] [Times: user=0.01 sys=0.00, real=0.00 secs] 
Heap after GC invocations=143 (full 0):
 PSYoungGen      total 170496K, used 512K [0x00000000f5800000, 0x0000000100000000, 0x0000000100000000)
  eden space 168960K, 0% used [0x00000000f5800000,0x00000000f5800000,0x00000000ffd00000)
  from space 1536K, 33% used [0x00000000ffd00000,0x00000000ffd80000,0x00000000ffe80000)
  to   space 1536K, 0% used [0x00000000ffe80000,0x00000000ffe80000,0x0000000100000000)
 ParOldGen       total 286720K, used 41087K [0x00000000e4000000, 0x00000000f5800000, 0x00000000f5800000)
  object space 286720K, 14% used [0x00000000e4000000,0x00000000e681fd70,0x00000000f5800000)
 Metaspace       used 58935K, capacity 62852K, committed 63104K, reserved 1103872K
  class space    used 7526K, capacity 8226K, committed 8320K, reserved 1048576K
}
{Heap before GC invocations=144 (full 0):
 PSYoungGen      total 170496K, used 169472K [0x00000000f5800000, 0x0000000100000000, 0x0000000100000000)
  eden space 168960K, 100% used [0x00000000f5800000,0x00000000ffd00000,0x00000000ffd00000)
  from space 1536K, 33% used [0x00000000ffd00000,0x00000000ffd80000,0x00000000ffe80000)
  to   space 1536K, 0% used [0x00000000ffe80000,0x00000000ffe80000,0x0000000100000000)
 ParOldGen       total 286720K, used 41087K [0x00000000e4000000, 0x00000000f5800000, 0x00000000f5800000)
  object space 286720K, 14% used [0x00000000e4000000,0x00000000e681fd70,0x00000000f5800000)
 Metaspace       used 58935K, capacity 62852K, committed 63104K, reserved 1103872K
  class space    used 7526K, capacity 8226K, committed 8320K, reserved 1048576K
2024-06-11T22:39:22.822+0800: 1381.911: [GC (Allocation Failure) [PSYoungGen: 169472K->886K(170496K)] 210559K->41990K(457216K), 0.0039333 secs] [Times: user=0.01 sys=0.00, real=0.00 secs] 
Heap after GC invocations=144 (full 0):
 PSYoungGen      total 170496K, used 886K [0x00000000f5800000, 0x0000000100000000, 0x0000000100000000)
  eden space 168960K, 0% used [0x00000000f5800000,0x00000000f5800000,0x00000000ffd00000)
  from space 1536K, 57% used [0x00000000ffe80000,0x00000000fff5db10,0x0000000100000000)
  to   space 1536K, 0% used [0x00000000ffd00000,0x00000000ffd00000,0x00000000ffe80000)
 ParOldGen       total 286720K, used 41103K [0x00000000e4000000, 0x00000000f5800000, 0x00000000f5800000)
  object space 286720K, 14% used [0x00000000e4000000,0x00000000e6823d70,0x00000000f5800000)
 Metaspace       used 58935K, capacity 62852K, committed 63104K, reserved 1103872K
  class space    used 7526K, capacity 8226K, committed 8320K, reserved 1048576K
}
{Heap before GC invocations=145 (full 0):
 PSYoungGen      total 170496K, used 169846K [0x00000000f5800000, 0x0000000100000000, 0x0000000100000000)
  eden space 168960K, 100% used [0x00000000f5800000,0x00000000ffd00000,0x00000000ffd00000)
  from space 1536K, 57% used [0x00000000ffe80000,0x00000000fff5db10,0x0000000100000000)
  to   space 1536K, 0% used [0x00000000ffd00000,0x00000000ffd00000,0x00000000ffe80000)
 ParOldGen       total 286720K, used 41103K [0x00000000e4000000, 0x00000000f5800000, 0x00000000f5800000)
  object space 286720K, 14% used [0x00000000e4000000,0x00000000e6823d70,0x00000000f5800000)
 Metaspace       used 58935K, capacity 62852K, committed 63104K, reserved 1103872K
  class space    used 7526K, capacity 8226K, committed 8320K, reserved 1048576K
2024-06-11T22:39:33.352+0800: 1392.440: [GC (Allocation Failure) [PSYoungGen: 169846K->512K(170496K)] 210950K->41623K(457216K), 0.0040015 secs] [Times: user=0.00 sys=0.00, real=0.00 secs] 
Heap after GC invocations=145 (full 0):
 PSYoungGen      total 170496K, used 512K [0x00000000f5800000, 0x0000000100000000, 0x0000000100000000)
  eden space 168960K, 0% used [0x00000000f5800000,0x00000000f5800000,0x00000000ffd00000)
  from space 1536K, 33% used [0x00000000ffd00000,0x00000000ffd80000,0x00000000ffe80000)
  to   space 1536K, 0% used [0x00000000ffe80000,0x00000000ffe80000,0x0000000100000000)
 ParOldGen       total 286720K, used 41111K [0x00000000e4000000, 0x00000000f5800000, 0x00000000f5800000)
  object space 286720K, 14% used [0x00000000e4000000,0x00000000e6825d70,0x00000000f5800000)
 Metaspace       used 58935K, capacity 62852K, committed 63104K, reserved 1103872K
  class space    used 7526K, capacity 8226K, committed 8320K, reserved 1048576K
}
{Heap before GC invocations=146 (full 0):
 PSYoungGen      total 170496K, used 169472K [0x00000000f5800000, 0x0000000100000000, 0x0000000100000000)
  eden space 168960K, 100% used [0x00000000f5800000,0x00000000ffd00000,0x00000000ffd00000)
  from space 1536K, 33% used [0x00000000ffd00000,0x00000000ffd80000,0x00000000ffe80000)
  to   space 1536K, 0% used [0x00000000ffe80000,0x00000000ffe80000,0x0000000100000000)
 ParOldGen       total 286720K, used 41111K [0x00000000e4000000, 0x00000000f5800000, 0x00000000f5800000)
  object space 286720K, 14% used [0x00000000e4000000,0x00000000e6825d70,0x00000000f5800000)
 Metaspace       used 58942K, capacity 62852K, committed 63104K, reserved 1103872K
  class space    used 7526K, capacity 8226K, committed 8320K, reserved 1048576K
2024-06-11T22:39:43.906+0800: 1402.995: [GC (Allocation Failure) [PSYoungGen: 169472K->1440K(169472K)] 210583K->42567K(456192K), 0.0049287 secs] [Times: user=0.00 sys=0.00, real=0.01 secs] 
Heap after GC invocations=146 (full 0):
 PSYoungGen      total 169472K, used 1440K [0x00000000f5800000, 0x0000000100000000, 0x0000000100000000)
  eden space 167936K, 0% used [0x00000000f5800000,0x00000000f5800000,0x00000000ffc00000)
  from space 1536K, 93% used [0x00000000ffe80000,0x00000000fffe8000,0x0000000100000000)
  to   space 2048K, 0% used [0x00000000ffc00000,0x00000000ffc00000,0x00000000ffe00000)
 ParOldGen       total 286720K, used 41127K [0x00000000e4000000, 0x00000000f5800000, 0x00000000f5800000)
  object space 286720K, 14% used [0x00000000e4000000,0x00000000e6829d70,0x00000000f5800000)
 Metaspace       used 58942K, capacity 62852K, committed 63104K, reserved 1103872K
  class space    used 7526K, capacity 8226K, committed 8320K, reserved 1048576K
}
{Heap before GC invocations=147 (full 0):
 PSYoungGen      total 169472K, used 169376K [0x00000000f5800000, 0x0000000100000000, 0x0000000100000000)
  eden space 167936K, 100% used [0x00000000f5800000,0x00000000ffc00000,0x00000000ffc00000)
  from space 1536K, 93% used [0x00000000ffe80000,0x00000000fffe8000,0x0000000100000000)
  to   space 2048K, 0% used [0x00000000ffc00000,0x00000000ffc00000,0x00000000ffe00000)
 ParOldGen       total 286720K, used 41127K [0x00000000e4000000, 0x00000000f5800000, 0x00000000f5800000)
  object space 286720K, 14% used [0x00000000e4000000,0x00000000e6829d70,0x00000000f5800000)
 Metaspace       used 58943K, capacity 62852K, committed 63104K, reserved 1103872K
  class space    used 7526K, capacity 8226K, committed 8320K, reserved 1048576K
2024-06-11T22:39:54.034+0800: 1413.123: [GC (Allocation Failure) [PSYoungGen: 169376K->128K(169984K)] 210503K->41615K(456704K), 0.0042580 secs] [Times: user=0.00 sys=0.01, real=0.00 secs] 
Heap after GC invocations=147 (full 0):
 PSYoungGen      total 169984K, used 128K [0x00000000f5800000, 0x0000000100000000, 0x0000000100000000)
  eden space 167936K, 0% used [0x00000000f5800000,0x00000000f5800000,0x00000000ffc00000)
  from space 2048K, 6% used [0x00000000ffc00000,0x00000000ffc20000,0x00000000ffe00000)
  to   space 2048K, 0% used [0x00000000ffe00000,0x00000000ffe00000,0x0000000100000000)
 ParOldGen       total 286720K, used 41487K [0x00000000e4000000, 0x00000000f5800000, 0x00000000f5800000)
  object space 286720K, 14% used [0x00000000e4000000,0x00000000e6883d70,0x00000000f5800000)
 Metaspace       used 58943K, capacity 62852K, committed 63104K, reserved 1103872K
  class space    used 7526K, capacity 8226K, committed 8320K, reserved 1048576K
}
{Heap before GC invocations=148 (full 0):
 PSYoungGen      total 169984K, used 168064K [0x00000000f5800000, 0x0000000100000000, 0x0000000100000000)
  eden space 167936K, 100% used [0x00000000f5800000,0x00000000ffc00000,0x00000000ffc00000)
  from space 2048K, 6% used [0x00000000ffc00000,0x00000000ffc20000,0x00000000ffe00000)
  to   space 2048K, 0% used [0x00000000ffe00000,0x00000000ffe00000,0x0000000100000000)
 ParOldGen       total 286720K, used 41487K [0x00000000e4000000, 0x00000000f5800000, 0x00000000f5800000)
  object space 286720K, 14% used [0x00000000e4000000,0x00000000e6883d70,0x00000000f5800000)
 Metaspace       used 58943K, capacity 62852K, committed 63104K, reserved 1103872K
  class space    used 7526K, capacity 8226K, committed 8320K, reserved 1048576K
2024-06-11T22:40:04.533+0800: 1423.622: [GC (Allocation Failure) [PSYoungGen: 168064K->1856K(169984K)] 209551K->43375K(456704K), 0.0061065 secs] [Times: user=0.01 sys=0.00, real=0.00 secs] 
Heap after GC invocations=148 (full 0):
 PSYoungGen      total 169984K, used 1856K [0x00000000f5800000, 0x0000000100000000, 0x0000000100000000)
  eden space 167936K, 0% used [0x00000000f5800000,0x00000000f5800000,0x00000000ffc00000)
  from space 2048K, 90% used [0x00000000ffe00000,0x00000000fffd0000,0x0000000100000000)
  to   space 2048K, 0% used [0x00000000ffc00000,0x00000000ffc00000,0x00000000ffe00000)
 ParOldGen       total 286720K, used 41519K [0x00000000e4000000, 0x00000000f5800000, 0x00000000f5800000)
  object space 286720K, 14% used [0x00000000e4000000,0x00000000e688bd70,0x00000000f5800000)
 Metaspace       used 58943K, capacity 62852K, committed 63104K, reserved 1103872K
  class space    used 7526K, capacity 8226K, committed 8320K, reserved 1048576K
}
{Heap before GC invocations=149 (full 0):
 PSYoungGen      total 169984K, used 169792K [0x00000000f5800000, 0x0000000100000000, 0x0000000100000000)
  eden space 167936K, 100% used [0x00000000f5800000,0x00000000ffc00000,0x00000000ffc00000)
  from space 2048K, 90% used [0x00000000ffe00000,0x00000000fffd0000,0x0000000100000000)
  to   space 2048K, 0% used [0x00000000ffc00000,0x00000000ffc00000,0x00000000ffe00000)
 ParOldGen       total 286720K, used 41519K [0x00000000e4000000, 0x00000000f5800000, 0x00000000f5800000)
  object space 286720K, 14% used [0x00000000e4000000,0x00000000e688bd70,0x00000000f5800000)
 Metaspace       used 58943K, capacity 62852K, committed 63104K, reserved 1103872K
  class space    used 7526K, capacity 8226K, committed 8320K, reserved 1048576K
2024-06-11T22:40:14.958+0800: 1434.047: [GC (Allocation Failure) [PSYoungGen: 169792K->608K(169984K)] 211311K->43359K(456704K), 0.0054716 secs] [Times: user=0.01 sys=0.00, real=0.01 secs] 
Heap after GC invocations=149 (full 0):
 PSYoungGen      total 169984K, used 608K [0x00000000f5800000, 0x0000000100000000, 0x0000000100000000)
  eden space 167936K, 0% used [0x00000000f5800000,0x00000000f5800000,0x00000000ffc00000)
  from space 2048K, 29% used [0x00000000ffc00000,0x00000000ffc98000,0x00000000ffe00000)
  to   space 2048K, 0% used [0x00000000ffe00000,0x00000000ffe00000,0x0000000100000000)
 ParOldGen       total 286720K, used 42751K [0x00000000e4000000, 0x00000000f5800000, 0x00000000f5800000)
  object space 286720K, 14% used [0x00000000e4000000,0x00000000e69bfd70,0x00000000f5800000)
 Metaspace       used 58943K, capacity 62852K, committed 63104K, reserved 1103872K
  class space    used 7526K, capacity 8226K, committed 8320K, reserved 1048576K
}
{Heap before GC invocations=150 (full 0):
 PSYoungGen      total 169984K, used 168544K [0x00000000f5800000, 0x0000000100000000, 0x0000000100000000)
  eden space 167936K, 100% used [0x00000000f5800000,0x00000000ffc00000,0x00000000ffc00000)
  from space 2048K, 29% used [0x00000000ffc00000,0x00000000ffc98000,0x00000000ffe00000)
  to   space 2048K, 0% used [0x00000000ffe00000,0x00000000ffe00000,0x0000000100000000)
 ParOldGen       total 286720K, used 42751K [0x00000000e4000000, 0x00000000f5800000, 0x00000000f5800000)
  object space 286720K, 14% used [0x00000000e4000000,0x00000000e69bfd70,0x00000000f5800000)
 Metaspace       used 58946K, capacity 62852K, committed 63104K, reserved 1103872K
  class space    used 7526K, capacity 8226K, committed 8320K, reserved 1048576K
2024-06-11T22:40:25.649+0800: 1444.738: [GC (Allocation Failure) [PSYoungGen: 168544K->608K(169984K)] 211295K->43367K(456704K), 0.0038949 secs] [Times: user=0.01 sys=0.00, real=0.01 secs] 
Heap after GC invocations=150 (full 0):
 PSYoungGen      total 169984K, used 608K [0x00000000f5800000, 0x0000000100000000, 0x0000000100000000)
  eden space 167936K, 0% used [0x00000000f5800000,0x00000000f5800000,0x00000000ffc00000)
  from space 2048K, 29% used [0x00000000ffe00000,0x00000000ffe98000,0x0000000100000000)
  to   space 2048K, 0% used [0x00000000ffc00000,0x00000000ffc00000,0x00000000ffe00000)
 ParOldGen       total 286720K, used 42759K [0x00000000e4000000, 0x00000000f5800000, 0x00000000f5800000)
  object space 286720K, 14% used [0x00000000e4000000,0x00000000e69c1d70,0x00000000f5800000)
 Metaspace       used 58946K, capacity 62852K, committed 63104K, reserved 1103872K
  class space    used 7526K, capacity 8226K, committed 8320K, reserved 1048576K
}
{Heap before GC invocations=151 (full 0):
 PSYoungGen      total 169984K, used 168544K [0x00000000f5800000, 0x0000000100000000, 0x0000000100000000)
  eden space 167936K, 100% used [0x00000000f5800000,0x00000000ffc00000,0x00000000ffc00000)
  from space 2048K, 29% used [0x00000000ffe00000,0x00000000ffe98000,0x0000000100000000)
  to   space 2048K, 0% used [0x00000000ffc00000,0x00000000ffc00000,0x00000000ffe00000)
 ParOldGen       total 286720K, used 42759K [0x00000000e4000000, 0x00000000f5800000, 0x00000000f5800000)
  object space 286720K, 14% used [0x00000000e4000000,0x00000000e69c1d70,0x00000000f5800000)
 Metaspace       used 58946K, capacity 62852K, committed 63104K, reserved 1103872K
  class space    used 7526K, capacity 8226K, committed 8320K, reserved 1048576K
2024-06-11T22:40:35.852+0800: 1454.941: [GC (Allocation Failure) [PSYoungGen: 168544K->608K(169984K)] 211303K->43375K(456704K), 0.0168098 secs] [Times: user=0.02 sys=0.01, real=0.01 secs] 
Heap after GC invocations=151 (full 0):
 PSYoungGen      total 169984K, used 608K [0x00000000f5800000, 0x0000000100000000, 0x0000000100000000)
  eden space 167936K, 0% used [0x00000000f5800000,0x00000000f5800000,0x00000000ffc00000)
  from space 2048K, 29% used [0x00000000ffc00000,0x00000000ffc98000,0x00000000ffe00000)
  to   space 2048K, 0% used [0x00000000ffe00000,0x00000000ffe00000,0x0000000100000000)
 ParOldGen       total 286720K, used 42767K [0x00000000e4000000, 0x00000000f5800000, 0x00000000f5800000)
  object space 286720K, 14% used [0x00000000e4000000,0x00000000e69c3d70,0x00000000f5800000)
 Metaspace       used 58946K, capacity 62852K, committed 63104K, reserved 1103872K
  class space    used 7526K, capacity 8226K, committed 8320K, reserved 1048576K
}
{Heap before GC invocations=152 (full 0):
 PSYoungGen      total 169984K, used 168544K [0x00000000f5800000, 0x0000000100000000, 0x0000000100000000)
  eden space 167936K, 100% used [0x00000000f5800000,0x00000000ffc00000,0x00000000ffc00000)
  from space 2048K, 29% used [0x00000000ffc00000,0x00000000ffc98000,0x00000000ffe00000)
  to   space 2048K, 0% used [0x00000000ffe00000,0x00000000ffe00000,0x0000000100000000)
 ParOldGen       total 286720K, used 42767K [0x00000000e4000000, 0x00000000f5800000, 0x00000000f5800000)
  object space 286720K, 14% used [0x00000000e4000000,0x00000000e69c3d70,0x00000000f5800000)
 Metaspace       used 58946K, capacity 62852K, committed 63104K, reserved 1103872K
  class space    used 7526K, capacity 8226K, committed 8320K, reserved 1048576K
2024-06-11T22:40:46.204+0800: 1465.293: [GC (Allocation Failure) [PSYoungGen: 168544K->608K(169984K)] 211311K->43375K(456704K), 0.0037717 secs] [Times: user=0.01 sys=0.00, real=0.00 secs] 
Heap after GC invocations=152 (full 0):
 PSYoungGen      total 169984K, used 608K [0x00000000f5800000, 0x0000000100000000, 0x0000000100000000)
  eden space 167936K, 0% used [0x00000000f5800000,0x00000000f5800000,0x00000000ffc00000)
  from space 2048K, 29% used [0x00000000ffe00000,0x00000000ffe98000,0x0000000100000000)
  to   space 2048K, 0% used [0x00000000ffc00000,0x00000000ffc00000,0x00000000ffe00000)
 ParOldGen       total 286720K, used 42767K [0x00000000e4000000, 0x00000000f5800000, 0x00000000f5800000)
  object space 286720K, 14% used [0x00000000e4000000,0x00000000e69c3d70,0x00000000f5800000)
 Metaspace       used 58946K, capacity 62852K, committed 63104K, reserved 1103872K
  class space    used 7526K, capacity 8226K, committed 8320K, reserved 1048576K
}
{Heap before GC invocations=153 (full 0):
 PSYoungGen      total 169984K, used 168544K [0x00000000f5800000, 0x0000000100000000, 0x0000000100000000)
  eden space 167936K, 100% used [0x00000000f5800000,0x00000000ffc00000,0x00000000ffc00000)
  from space 2048K, 29% used [0x00000000ffe00000,0x00000000ffe98000,0x0000000100000000)
  to   space 2048K, 0% used [0x00000000ffc00000,0x00000000ffc00000,0x00000000ffe00000)
 ParOldGen       total 286720K, used 42767K [0x00000000e4000000, 0x00000000f5800000, 0x00000000f5800000)
  object space 286720K, 14% used [0x00000000e4000000,0x00000000e69c3d70,0x00000000f5800000)
 Metaspace       used 58946K, capacity 62852K, committed 63104K, reserved 1103872K
  class space    used 7526K, capacity 8226K, committed 8320K, reserved 1048576K
2024-06-11T22:40:56.851+0800: 1475.940: [GC (Allocation Failure) [PSYoungGen: 168544K->896K(169984K)] 211311K->43671K(456704K), 0.0046135 secs] [Times: user=0.01 sys=0.00, real=0.00 secs] 
Heap after GC invocations=153 (full 0):
 PSYoungGen      total 169984K, used 896K [0x00000000f5800000, 0x0000000100000000, 0x0000000100000000)
  eden space 167936K, 0% used [0x00000000f5800000,0x00000000f5800000,0x00000000ffc00000)
  from space 2048K, 43% used [0x00000000ffc00000,0x00000000ffce0000,0x00000000ffe00000)
  to   space 2048K, 0% used [0x00000000ffe00000,0x00000000ffe00000,0x0000000100000000)
 ParOldGen       total 286720K, used 42775K [0x00000000e4000000, 0x00000000f5800000, 0x00000000f5800000)
  object space 286720K, 14% used [0x00000000e4000000,0x00000000e69c5d70,0x00000000f5800000)
 Metaspace       used 58946K, capacity 62852K, committed 63104K, reserved 1103872K
  class space    used 7526K, capacity 8226K, committed 8320K, reserved 1048576K
}
{Heap before GC invocations=154 (full 0):
 PSYoungGen      total 169984K, used 168832K [0x00000000f5800000, 0x0000000100000000, 0x0000000100000000)
  eden space 167936K, 100% used [0x00000000f5800000,0x00000000ffc00000,0x00000000ffc00000)
  from space 2048K, 43% used [0x00000000ffc00000,0x00000000ffce0000,0x00000000ffe00000)
  to   space 2048K, 0% used [0x00000000ffe00000,0x00000000ffe00000,0x0000000100000000)
 ParOldGen       total 286720K, used 42775K [0x00000000e4000000, 0x00000000f5800000, 0x00000000f5800000)
  object space 286720K, 14% used [0x00000000e4000000,0x00000000e69c5d70,0x00000000f5800000)
 Metaspace       used 58946K, capacity 62852K, committed 63104K, reserved 1103872K
  class space    used 7526K, capacity 8226K, committed 8320K, reserved 1048576K
2024-06-11T22:41:06.981+0800: 1486.069: [GC (Allocation Failure) [PSYoungGen: 168832K->1632K(169984K)] 211607K->44711K(456704K), 0.0065147 secs] [Times: user=0.01 sys=0.00, real=0.00 secs] 
Heap after GC invocations=154 (full 0):
 PSYoungGen      total 169984K, used 1632K [0x00000000f5800000, 0x0000000100000000, 0x0000000100000000)
  eden space 167936K, 0% used [0x00000000f5800000,0x00000000f5800000,0x00000000ffc00000)
  from space 2048K, 79% used [0x00000000ffe00000,0x00000000fff98000,0x0000000100000000)
  to   space 2048K, 0% used [0x00000000ffc00000,0x00000000ffc00000,0x00000000ffe00000)
 ParOldGen       total 286720K, used 43079K [0x00000000e4000000, 0x00000000f5800000, 0x00000000f5800000)
  object space 286720K, 15% used [0x00000000e4000000,0x00000000e6a11d70,0x00000000f5800000)
 Metaspace       used 58946K, capacity 62852K, committed 63104K, reserved 1103872K
  class space    used 7526K, capacity 8226K, committed 8320K, reserved 1048576K
}
{Heap before GC invocations=155 (full 0):
 PSYoungGen      total 169984K, used 169568K [0x00000000f5800000, 0x0000000100000000, 0x0000000100000000)
  eden space 167936K, 100% used [0x00000000f5800000,0x00000000ffc00000,0x00000000ffc00000)
  from space 2048K, 79% used [0x00000000ffe00000,0x00000000fff98000,0x0000000100000000)
  to   space 2048K, 0% used [0x00000000ffc00000,0x00000000ffc00000,0x00000000ffe00000)
 ParOldGen       total 286720K, used 43079K [0x00000000e4000000, 0x00000000f5800000, 0x00000000f5800000)
  object space 286720K, 15% used [0x00000000e4000000,0x00000000e6a11d70,0x00000000f5800000)
 Metaspace       used 58946K, capacity 62852K, committed 63104K, reserved 1103872K
  class space    used 7526K, capacity 8226K, committed 8320K, reserved 1048576K
2024-06-11T22:41:17.735+0800: 1496.824: [GC (Allocation Failure) [PSYoungGen: 169568K->640K(169984K)] 212647K->44727K(456704K), 0.0056770 secs] [Times: user=0.01 sys=0.00, real=0.01 secs] 
Heap after GC invocations=155 (full 0):
 PSYoungGen      total 169984K, used 640K [0x00000000f5800000, 0x0000000100000000, 0x0000000100000000)
  eden space 167936K, 0% used [0x00000000f5800000,0x00000000f5800000,0x00000000ffc00000)
  from space 2048K, 31% used [0x00000000ffc00000,0x00000000ffca0000,0x00000000ffe00000)
  to   space 2048K, 0% used [0x00000000ffe00000,0x00000000ffe00000,0x0000000100000000)
 ParOldGen       total 286720K, used 44087K [0x00000000e4000000, 0x00000000f5800000, 0x00000000f5800000)
  object space 286720K, 15% used [0x00000000e4000000,0x00000000e6b0dd70,0x00000000f5800000)
 Metaspace       used 58946K, capacity 62852K, committed 63104K, reserved 1103872K
  class space    used 7526K, capacity 8226K, committed 8320K, reserved 1048576K
}
{Heap before GC invocations=156 (full 0):
 PSYoungGen      total 169984K, used 168576K [0x00000000f5800000, 0x0000000100000000, 0x0000000100000000)
  eden space 167936K, 100% used [0x00000000f5800000,0x00000000ffc00000,0x00000000ffc00000)
  from space 2048K, 31% used [0x00000000ffc00000,0x00000000ffca0000,0x00000000ffe00000)
  to   space 2048K, 0% used [0x00000000ffe00000,0x00000000ffe00000,0x0000000100000000)
 ParOldGen       total 286720K, used 44087K [0x00000000e4000000, 0x00000000f5800000, 0x00000000f5800000)
  object space 286720K, 15% used [0x00000000e4000000,0x00000000e6b0dd70,0x00000000f5800000)
 Metaspace       used 58946K, capacity 62852K, committed 63104K, reserved 1103872K
  class space    used 7526K, capacity 8226K, committed 8320K, reserved 1048576K
2024-06-11T22:41:28.121+0800: 1507.210: [GC (Allocation Failure) [PSYoungGen: 168576K->640K(169984K)] 212663K->44735K(456704K), 0.0048449 secs] [Times: user=0.01 sys=0.00, real=0.00 secs] 
Heap after GC invocations=156 (full 0):
 PSYoungGen      total 169984K, used 640K [0x00000000f5800000, 0x0000000100000000, 0x0000000100000000)
  eden space 167936K, 0% used [0x00000000f5800000,0x00000000f5800000,0x00000000ffc00000)
  from space 2048K, 31% used [0x00000000ffe00000,0x00000000ffea0000,0x0000000100000000)
  to   space 2048K, 0% used [0x00000000ffc00000,0x00000000ffc00000,0x00000000ffe00000)
 ParOldGen       total 286720K, used 44095K [0x00000000e4000000, 0x00000000f5800000, 0x00000000f5800000)
  object space 286720K, 15% used [0x00000000e4000000,0x00000000e6b0fd70,0x00000000f5800000)
 Metaspace       used 58946K, capacity 62852K, committed 63104K, reserved 1103872K
  class space    used 7526K, capacity 8226K, committed 8320K, reserved 1048576K
}
{Heap before GC invocations=157 (full 0):
 PSYoungGen      total 169984K, used 168576K [0x00000000f5800000, 0x0000000100000000, 0x0000000100000000)
  eden space 167936K, 100% used [0x00000000f5800000,0x00000000ffc00000,0x00000000ffc00000)
  from space 2048K, 31% used [0x00000000ffe00000,0x00000000ffea0000,0x0000000100000000)
  to   space 2048K, 0% used [0x00000000ffc00000,0x00000000ffc00000,0x00000000ffe00000)
 ParOldGen       total 286720K, used 44095K [0x00000000e4000000, 0x00000000f5800000, 0x00000000f5800000)
  object space 286720K, 15% used [0x00000000e4000000,0x00000000e6b0fd70,0x00000000f5800000)
 Metaspace       used 58946K, capacity 62852K, committed 63104K, reserved 1103872K
  class space    used 7526K, capacity 8226K, committed 8320K, reserved 1048576K
2024-06-11T22:41:38.264+0800: 1517.353: [GC (Allocation Failure) [PSYoungGen: 168576K->1015K(169984K)] 212671K->45118K(456704K), 0.0053088 secs] [Times: user=0.01 sys=0.00, real=0.00 secs] 
Heap after GC invocations=157 (full 0):
 PSYoungGen      total 169984K, used 1015K [0x00000000f5800000, 0x0000000100000000, 0x0000000100000000)
  eden space 167936K, 0% used [0x00000000f5800000,0x00000000f5800000,0x00000000ffc00000)
  from space 2048K, 49% used [0x00000000ffc00000,0x00000000ffcfdcb0,0x00000000ffe00000)
  to   space 2048K, 0% used [0x00000000ffe00000,0x00000000ffe00000,0x0000000100000000)
 ParOldGen       total 286720K, used 44103K [0x00000000e4000000, 0x00000000f5800000, 0x00000000f5800000)
  object space 286720K, 15% used [0x00000000e4000000,0x00000000e6b11d70,0x00000000f5800000)
 Metaspace       used 58946K, capacity 62852K, committed 63104K, reserved 1103872K
  class space    used 7526K, capacity 8226K, committed 8320K, reserved 1048576K
}
{Heap before GC invocations=158 (full 0):
 PSYoungGen      total 169984K, used 168951K [0x00000000f5800000, 0x0000000100000000, 0x0000000100000000)
  eden space 167936K, 100% used [0x00000000f5800000,0x00000000ffc00000,0x00000000ffc00000)
  from space 2048K, 49% used [0x00000000ffc00000,0x00000000ffcfdcb0,0x00000000ffe00000)
  to   space 2048K, 0% used [0x00000000ffe00000,0x00000000ffe00000,0x0000000100000000)
 ParOldGen       total 286720K, used 44103K [0x00000000e4000000, 0x00000000f5800000, 0x00000000f5800000)
  object space 286720K, 15% used [0x00000000e4000000,0x00000000e6b11d70,0x00000000f5800000)
 Metaspace       used 58946K, capacity 62852K, committed 63104K, reserved 1103872K
  class space    used 7526K, capacity 8226K, committed 8320K, reserved 1048576K
2024-06-11T22:41:48.646+0800: 1527.735: [GC (Allocation Failure) [PSYoungGen: 168951K->576K(169984K)] 213054K->44687K(456704K), 0.0038187 secs] [Times: user=0.00 sys=0.00, real=0.00 secs] 
Heap after GC invocations=158 (full 0):
 PSYoungGen      total 169984K, used 576K [0x00000000f5800000, 0x0000000100000000, 0x0000000100000000)
  eden space 167936K, 0% used [0x00000000f5800000,0x00000000f5800000,0x00000000ffc00000)
  from space 2048K, 28% used [0x00000000ffe00000,0x00000000ffe90000,0x0000000100000000)
  to   space 2048K, 0% used [0x00000000ffc00000,0x00000000ffc00000,0x00000000ffe00000)
 ParOldGen       total 286720K, used 44111K [0x00000000e4000000, 0x00000000f5800000, 0x00000000f5800000)
  object space 286720K, 15% used [0x00000000e4000000,0x00000000e6b13d70,0x00000000f5800000)
 Metaspace       used 58946K, capacity 62852K, committed 63104K, reserved 1103872K
  class space    used 7526K, capacity 8226K, committed 8320K, reserved 1048576K
}
{Heap before GC invocations=159 (full 0):
 PSYoungGen      total 169984K, used 168512K [0x00000000f5800000, 0x0000000100000000, 0x0000000100000000)
  eden space 167936K, 100% used [0x00000000f5800000,0x00000000ffc00000,0x00000000ffc00000)
  from space 2048K, 28% used [0x00000000ffe00000,0x00000000ffe90000,0x0000000100000000)
  to   space 2048K, 0% used [0x00000000ffc00000,0x00000000ffc00000,0x00000000ffe00000)
 ParOldGen       total 286720K, used 44111K [0x00000000e4000000, 0x00000000f5800000, 0x00000000f5800000)
  object space 286720K, 15% used [0x00000000e4000000,0x00000000e6b13d70,0x00000000f5800000)
 Metaspace       used 58948K, capacity 62852K, committed 63104K, reserved 1103872K
  class space    used 7526K, capacity 8226K, committed 8320K, reserved 1048576K
2024-06-11T22:41:59.193+0800: 1538.282: [GC (Allocation Failure) [PSYoungGen: 168512K->1920K(169984K)] 212623K->46047K(456704K), 0.0061245 secs] [Times: user=0.01 sys=0.01, real=0.00 secs] 
Heap after GC invocations=159 (full 0):
 PSYoungGen      total 169984K, used 1920K [0x00000000f5800000, 0x0000000100000000, 0x0000000100000000)
  eden space 167936K, 0% used [0x00000000f5800000,0x00000000f5800000,0x00000000ffc00000)
  from space 2048K, 93% used [0x00000000ffc00000,0x00000000ffde0000,0x00000000ffe00000)
  to   space 2048K, 0% used [0x00000000ffe00000,0x00000000ffe00000,0x0000000100000000)
 ParOldGen       total 286720K, used 44127K [0x00000000e4000000, 0x00000000f5800000, 0x00000000f5800000)
  object space 286720K, 15% used [0x00000000e4000000,0x00000000e6b17d70,0x00000000f5800000)
 Metaspace       used 58948K, capacity 62852K, committed 63104K, reserved 1103872K
  class space    used 7526K, capacity 8226K, committed 8320K, reserved 1048576K
}
{Heap before GC invocations=160 (full 0):
 PSYoungGen      total 169984K, used 169856K [0x00000000f5800000, 0x0000000100000000, 0x0000000100000000)
  eden space 167936K, 100% used [0x00000000f5800000,0x00000000ffc00000,0x00000000ffc00000)
  from space 2048K, 93% used [0x00000000ffc00000,0x00000000ffde0000,0x00000000ffe00000)
  to   space 2048K, 0% used [0x00000000ffe00000,0x00000000ffe00000,0x0000000100000000)
 ParOldGen       total 286720K, used 44127K [0x00000000e4000000, 0x00000000f5800000, 0x00000000f5800000)
  object space 286720K, 15% used [0x00000000e4000000,0x00000000e6b17d70,0x00000000f5800000)
 Metaspace       used 58952K, capacity 62852K, committed 63104K, reserved 1103872K
  class space    used 7526K, capacity 8226K, committed 8320K, reserved 1048576K
2024-06-11T22:42:09.379+0800: 1548.468: [GC (Allocation Failure) [PSYoungGen: 169856K->608K(169984K)] 213983K->46039K(456704K), 0.0059563 secs] [Times: user=0.01 sys=0.00, real=0.01 secs] 
Heap after GC invocations=160 (full 0):
 PSYoungGen      total 169984K, used 608K [0x00000000f5800000, 0x0000000100000000, 0x0000000100000000)
  eden space 167936K, 0% used [0x00000000f5800000,0x00000000f5800000,0x00000000ffc00000)
  from space 2048K, 29% used [0x00000000ffe00000,0x00000000ffe98000,0x0000000100000000)
  to   space 2048K, 0% used [0x00000000ffc00000,0x00000000ffc00000,0x00000000ffe00000)
 ParOldGen       total 286720K, used 45431K [0x00000000e4000000, 0x00000000f5800000, 0x00000000f5800000)
  object space 286720K, 15% used [0x00000000e4000000,0x00000000e6c5dd70,0x00000000f5800000)
 Metaspace       used 58952K, capacity 62852K, committed 63104K, reserved 1103872K
  class space    used 7526K, capacity 8226K, committed 8320K, reserved 1048576K
}
{Heap before GC invocations=161 (full 0):
 PSYoungGen      total 169984K, used 168544K [0x00000000f5800000, 0x0000000100000000, 0x0000000100000000)
  eden space 167936K, 100% used [0x00000000f5800000,0x00000000ffc00000,0x00000000ffc00000)
  from space 2048K, 29% used [0x00000000ffe00000,0x00000000ffe98000,0x0000000100000000)
  to   space 2048K, 0% used [0x00000000ffc00000,0x00000000ffc00000,0x00000000ffe00000)
 ParOldGen       total 286720K, used 45431K [0x00000000e4000000, 0x00000000f5800000, 0x00000000f5800000)
  object space 286720K, 15% used [0x00000000e4000000,0x00000000e6c5dd70,0x00000000f5800000)
 Metaspace       used 58952K, capacity 62852K, committed 63104K, reserved 1103872K
  class space    used 7526K, capacity 8226K, committed 8320K, reserved 1048576K
2024-06-11T22:42:19.729+0800: 1558.818: [GC (Allocation Failure) [PSYoungGen: 168544K->608K(169984K)] 213975K->46055K(456704K), 0.0039085 secs] [Times: user=0.00 sys=0.00, real=0.01 secs] 
Heap after GC invocations=161 (full 0):
 PSYoungGen      total 169984K, used 608K [0x00000000f5800000, 0x0000000100000000, 0x0000000100000000)
  eden space 167936K, 0% used [0x00000000f5800000,0x00000000f5800000,0x00000000ffc00000)
  from space 2048K, 29% used [0x00000000ffc00000,0x00000000ffc98000,0x00000000ffe00000)
  to   space 2048K, 0% used [0x00000000ffe00000,0x00000000ffe00000,0x0000000100000000)
 ParOldGen       total 286720K, used 45447K [0x00000000e4000000, 0x00000000f5800000, 0x00000000f5800000)
  object space 286720K, 15% used [0x00000000e4000000,0x00000000e6c61d70,0x00000000f5800000)
 Metaspace       used 58952K, capacity 62852K, committed 63104K, reserved 1103872K
  class space    used 7526K, capacity 8226K, committed 8320K, reserved 1048576K
}
{Heap before GC invocations=162 (full 0):
 PSYoungGen      total 169984K, used 168544K [0x00000000f5800000, 0x0000000100000000, 0x0000000100000000)
  eden space 167936K, 100% used [0x00000000f5800000,0x00000000ffc00000,0x00000000ffc00000)
  from space 2048K, 29% used [0x00000000ffc00000,0x00000000ffc98000,0x00000000ffe00000)
  to   space 2048K, 0% used [0x00000000ffe00000,0x00000000ffe00000,0x0000000100000000)
 ParOldGen       total 286720K, used 45447K [0x00000000e4000000, 0x00000000f5800000, 0x00000000f5800000)
  object space 286720K, 15% used [0x00000000e4000000,0x00000000e6c61d70,0x00000000f5800000)
 Metaspace       used 58952K, capacity 62852K, committed 63104K, reserved 1103872K
  class space    used 7526K, capacity 8226K, committed 8320K, reserved 1048576K
2024-06-11T22:42:30.357+0800: 1569.446: [GC (Allocation Failure) [PSYoungGen: 168544K->640K(169984K)] 213991K->46087K(456704K), 0.0047426 secs] [Times: user=0.00 sys=0.00, real=0.01 secs] 
Heap after GC invocations=162 (full 0):
 PSYoungGen      total 169984K, used 640K [0x00000000f5800000, 0x0000000100000000, 0x0000000100000000)
  eden space 167936K, 0% used [0x00000000f5800000,0x00000000f5800000,0x00000000ffc00000)
  from space 2048K, 31% used [0x00000000ffe00000,0x00000000ffea0000,0x0000000100000000)
  to   space 2048K, 0% used [0x00000000ffc00000,0x00000000ffc00000,0x00000000ffe00000)
 ParOldGen       total 286720K, used 45447K [0x00000000e4000000, 0x00000000f5800000, 0x00000000f5800000)
  object space 286720K, 15% used [0x00000000e4000000,0x00000000e6c61d70,0x00000000f5800000)
 Metaspace       used 58952K, capacity 62852K, committed 63104K, reserved 1103872K
  class space    used 7526K, capacity 8226K, committed 8320K, reserved 1048576K
}
{Heap before GC invocations=163 (full 0):
 PSYoungGen      total 169984K, used 168576K [0x00000000f5800000, 0x0000000100000000, 0x0000000100000000)
  eden space 167936K, 100% used [0x00000000f5800000,0x00000000ffc00000,0x00000000ffc00000)
  from space 2048K, 31% used [0x00000000ffe00000,0x00000000ffea0000,0x0000000100000000)
  to   space 2048K, 0% used [0x00000000ffc00000,0x00000000ffc00000,0x00000000ffe00000)
 ParOldGen       total 286720K, used 45447K [0x00000000e4000000, 0x00000000f5800000, 0x00000000f5800000)
  object space 286720K, 15% used [0x00000000e4000000,0x00000000e6c61d70,0x00000000f5800000)
 Metaspace       used 58952K, capacity 62852K, committed 63104K, reserved 1103872K
  class space    used 7526K, capacity 8226K, committed 8320K, reserved 1048576K
2024-06-11T22:42:40.816+0800: 1579.905: [GC (Allocation Failure) [PSYoungGen: 168576K->608K(169984K)] 214023K->46063K(456704K), 0.0039058 secs] [Times: user=0.01 sys=0.00, real=0.00 secs] 
Heap after GC invocations=163 (full 0):
 PSYoungGen      total 169984K, used 608K [0x00000000f5800000, 0x0000000100000000, 0x0000000100000000)
  eden space 167936K, 0% used [0x00000000f5800000,0x00000000f5800000,0x00000000ffc00000)
  from space 2048K, 29% used [0x00000000ffc00000,0x00000000ffc98000,0x00000000ffe00000)
  to   space 2048K, 0% used [0x00000000ffe00000,0x00000000ffe00000,0x0000000100000000)
 ParOldGen       total 286720K, used 45455K [0x00000000e4000000, 0x00000000f5800000, 0x00000000f5800000)
  object space 286720K, 15% used [0x00000000e4000000,0x00000000e6c63d70,0x00000000f5800000)
 Metaspace       used 58952K, capacity 62852K, committed 63104K, reserved 1103872K
  class space    used 7526K, capacity 8226K, committed 8320K, reserved 1048576K
}
{Heap before GC invocations=164 (full 0):
 PSYoungGen      total 169984K, used 168544K [0x00000000f5800000, 0x0000000100000000, 0x0000000100000000)
  eden space 167936K, 100% used [0x00000000f5800000,0x00000000ffc00000,0x00000000ffc00000)
  from space 2048K, 29% used [0x00000000ffc00000,0x00000000ffc98000,0x00000000ffe00000)
  to   space 2048K, 0% used [0x00000000ffe00000,0x00000000ffe00000,0x0000000100000000)
 ParOldGen       total 286720K, used 45455K [0x00000000e4000000, 0x00000000f5800000, 0x00000000f5800000)
  object space 286720K, 15% used [0x00000000e4000000,0x00000000e6c63d70,0x00000000f5800000)
 Metaspace       used 58952K, capacity 62852K, committed 63104K, reserved 1103872K
  class space    used 7526K, capacity 8226K, committed 8320K, reserved 1048576K
2024-06-11T22:42:50.992+0800: 1590.081: [GC (Allocation Failure) [PSYoungGen: 168544K->640K(169984K)] 213999K->46103K(456704K), 0.0042098 secs] [Times: user=0.01 sys=0.00, real=0.00 secs] 
Heap after GC invocations=164 (full 0):
 PSYoungGen      total 169984K, used 640K [0x00000000f5800000, 0x0000000100000000, 0x0000000100000000)
  eden space 167936K, 0% used [0x00000000f5800000,0x00000000f5800000,0x00000000ffc00000)
  from space 2048K, 31% used [0x00000000ffe00000,0x00000000ffea0000,0x0000000100000000)
  to   space 2048K, 0% used [0x00000000ffc00000,0x00000000ffc00000,0x00000000ffe00000)
 ParOldGen       total 286720K, used 45463K [0x00000000e4000000, 0x00000000f5800000, 0x00000000f5800000)
  object space 286720K, 15% used [0x00000000e4000000,0x00000000e6c65d70,0x00000000f5800000)
 Metaspace       used 58952K, capacity 62852K, committed 63104K, reserved 1103872K
  class space    used 7526K, capacity 8226K, committed 8320K, reserved 1048576K
}
{Heap before GC invocations=165 (full 0):
 PSYoungGen      total 169984K, used 168576K [0x00000000f5800000, 0x0000000100000000, 0x0000000100000000)
  eden space 167936K, 100% used [0x00000000f5800000,0x00000000ffc00000,0x00000000ffc00000)
  from space 2048K, 31% used [0x00000000ffe00000,0x00000000ffea0000,0x0000000100000000)
  to   space 2048K, 0% used [0x00000000ffc00000,0x00000000ffc00000,0x00000000ffe00000)
 ParOldGen       total 286720K, used 45463K [0x00000000e4000000, 0x00000000f5800000, 0x00000000f5800000)
  object space 286720K, 15% used [0x00000000e4000000,0x00000000e6c65d70,0x00000000f5800000)
 Metaspace       used 58952K, capacity 62852K, committed 63104K, reserved 1103872K
  class space    used 7526K, capacity 8226K, committed 8320K, reserved 1048576K
2024-06-11T22:43:01.451+0800: 1600.540: [GC (Allocation Failure) [PSYoungGen: 168576K->1888K(169984K)] 214039K->47351K(456704K), 0.0055993 secs] [Times: user=0.01 sys=0.00, real=0.00 secs] 
Heap after GC invocations=165 (full 0):
 PSYoungGen      total 169984K, used 1888K [0x00000000f5800000, 0x0000000100000000, 0x0000000100000000)
  eden space 167936K, 0% used [0x00000000f5800000,0x00000000f5800000,0x00000000ffc00000)
  from space 2048K, 92% used [0x00000000ffc00000,0x00000000ffdd8000,0x00000000ffe00000)
  to   space 2048K, 0% used [0x00000000ffe00000,0x00000000ffe00000,0x0000000100000000)
 ParOldGen       total 286720K, used 45463K [0x00000000e4000000, 0x00000000f5800000, 0x00000000f5800000)
  object space 286720K, 15% used [0x00000000e4000000,0x00000000e6c65d70,0x00000000f5800000)
 Metaspace       used 58952K, capacity 62852K, committed 63104K, reserved 1103872K
  class space    used 7526K, capacity 8226K, committed 8320K, reserved 1048576K
}
{Heap before GC invocations=166 (full 0):
 PSYoungGen      total 169984K, used 169824K [0x00000000f5800000, 0x0000000100000000, 0x0000000100000000)
  eden space 167936K, 100% used [0x00000000f5800000,0x00000000ffc00000,0x00000000ffc00000)
  from space 2048K, 92% used [0x00000000ffc00000,0x00000000ffdd8000,0x00000000ffe00000)
  to   space 2048K, 0% used [0x00000000ffe00000,0x00000000ffe00000,0x0000000100000000)
 ParOldGen       total 286720K, used 45463K [0x00000000e4000000, 0x00000000f5800000, 0x00000000f5800000)
  object space 286720K, 15% used [0x00000000e4000000,0x00000000e6c65d70,0x00000000f5800000)
 Metaspace       used 58952K, capacity 62852K, committed 63104K, reserved 1103872K
  class space    used 7526K, capacity 8226K, committed 8320K, reserved 1048576K
2024-06-11T22:43:12.037+0800: 1611.126: [GC (Allocation Failure) [PSYoungGen: 169824K->640K(169984K)] 215287K->47407K(456704K), 0.0060302 secs] [Times: user=0.01 sys=0.00, real=0.01 secs] 
Heap after GC invocations=166 (full 0):
 PSYoungGen      total 169984K, used 640K [0x00000000f5800000, 0x0000000100000000, 0x0000000100000000)
  eden space 167936K, 0% used [0x00000000f5800000,0x00000000f5800000,0x00000000ffc00000)
  from space 2048K, 31% used [0x00000000ffe00000,0x00000000ffea0000,0x0000000100000000)
  to   space 2048K, 0% used [0x00000000ffc00000,0x00000000ffc00000,0x00000000ffe00000)
 ParOldGen       total 286720K, used 46767K [0x00000000e4000000, 0x00000000f5800000, 0x00000000f5800000)
  object space 286720K, 16% used [0x00000000e4000000,0x00000000e6dabd70,0x00000000f5800000)
 Metaspace       used 58952K, capacity 62852K, committed 63104K, reserved 1103872K
  class space    used 7526K, capacity 8226K, committed 8320K, reserved 1048576K
}
{Heap before GC invocations=167 (full 0):
 PSYoungGen      total 169984K, used 168576K [0x00000000f5800000, 0x0000000100000000, 0x0000000100000000)
  eden space 167936K, 100% used [0x00000000f5800000,0x00000000ffc00000,0x00000000ffc00000)
  from space 2048K, 31% used [0x00000000ffe00000,0x00000000ffea0000,0x0000000100000000)
  to   space 2048K, 0% used [0x00000000ffc00000,0x00000000ffc00000,0x00000000ffe00000)
 ParOldGen       total 286720K, used 46767K [0x00000000e4000000, 0x00000000f5800000, 0x00000000f5800000)
  object space 286720K, 16% used [0x00000000e4000000,0x00000000e6dabd70,0x00000000f5800000)
 Metaspace       used 58952K, capacity 62852K, committed 63104K, reserved 1103872K
  class space    used 7526K, capacity 8226K, committed 8320K, reserved 1048576K
2024-06-11T22:43:22.387+0800: 1621.476: [GC (Allocation Failure) [PSYoungGen: 168576K->640K(169984K)] 215343K->47423K(456704K), 0.0050869 secs] [Times: user=0.01 sys=0.00, real=0.01 secs] 
Heap after GC invocations=167 (full 0):
 PSYoungGen      total 169984K, used 640K [0x00000000f5800000, 0x0000000100000000, 0x0000000100000000)
  eden space 167936K, 0% used [0x00000000f5800000,0x00000000f5800000,0x00000000ffc00000)
  from space 2048K, 31% used [0x00000000ffc00000,0x00000000ffca0000,0x00000000ffe00000)
  to   space 2048K, 0% used [0x00000000ffe00000,0x00000000ffe00000,0x0000000100000000)
 ParOldGen       total 286720K, used 46783K [0x00000000e4000000, 0x00000000f5800000, 0x00000000f5800000)
  object space 286720K, 16% used [0x00000000e4000000,0x00000000e6dafd70,0x00000000f5800000)
 Metaspace       used 58952K, capacity 62852K, committed 63104K, reserved 1103872K
  class space    used 7526K, capacity 8226K, committed 8320K, reserved 1048576K
}
{Heap before GC invocations=168 (full 0):
 PSYoungGen      total 169984K, used 168576K [0x00000000f5800000, 0x0000000100000000, 0x0000000100000000)
  eden space 167936K, 100% used [0x00000000f5800000,0x00000000ffc00000,0x00000000ffc00000)
  from space 2048K, 31% used [0x00000000ffc00000,0x00000000ffca0000,0x00000000ffe00000)
  to   space 2048K, 0% used [0x00000000ffe00000,0x00000000ffe00000,0x0000000100000000)
 ParOldGen       total 286720K, used 46783K [0x00000000e4000000, 0x00000000f5800000, 0x00000000f5800000)
  object space 286720K, 16% used [0x00000000e4000000,0x00000000e6dafd70,0x00000000f5800000)
 Metaspace       used 58952K, capacity 62852K, committed 63104K, reserved 1103872K
  class space    used 7526K, capacity 8226K, committed 8320K, reserved 1048576K
2024-06-11T22:43:32.917+0800: 1632.006: [GC (Allocation Failure) [PSYoungGen: 168576K->640K(169984K)] 215359K->47423K(456704K), 0.0049386 secs] [Times: user=0.00 sys=0.00, real=0.01 secs] 
Heap after GC invocations=168 (full 0):
 PSYoungGen      total 169984K, used 640K [0x00000000f5800000, 0x0000000100000000, 0x0000000100000000)
  eden space 167936K, 0% used [0x00000000f5800000,0x00000000f5800000,0x00000000ffc00000)
  from space 2048K, 31% used [0x00000000ffe00000,0x00000000ffea0000,0x0000000100000000)
  to   space 2048K, 0% used [0x00000000ffc00000,0x00000000ffc00000,0x00000000ffe00000)
 ParOldGen       total 286720K, used 46783K [0x00000000e4000000, 0x00000000f5800000, 0x00000000f5800000)
  object space 286720K, 16% used [0x00000000e4000000,0x00000000e6dafd70,0x00000000f5800000)
 Metaspace       used 58952K, capacity 62852K, committed 63104K, reserved 1103872K
  class space    used 7526K, capacity 8226K, committed 8320K, reserved 1048576K
}
{Heap before GC invocations=169 (full 0):
 PSYoungGen      total 169984K, used 168576K [0x00000000f5800000, 0x0000000100000000, 0x0000000100000000)
  eden space 167936K, 100% used [0x00000000f5800000,0x00000000ffc00000,0x00000000ffc00000)
  from space 2048K, 31% used [0x00000000ffe00000,0x00000000ffea0000,0x0000000100000000)
  to   space 2048K, 0% used [0x00000000ffc00000,0x00000000ffc00000,0x00000000ffe00000)
 ParOldGen       total 286720K, used 46783K [0x00000000e4000000, 0x00000000f5800000, 0x00000000f5800000)
  object space 286720K, 16% used [0x00000000e4000000,0x00000000e6dafd70,0x00000000f5800000)
 Metaspace       used 58953K, capacity 62852K, committed 63104K, reserved 1103872K
  class space    used 7526K, capacity 8226K, committed 8320K, reserved 1048576K
2024-06-11T22:43:43.330+0800: 1642.419: [GC (Allocation Failure) [PSYoungGen: 168576K->640K(169984K)] 215359K->47431K(456704K), 0.0041163 secs] [Times: user=0.01 sys=0.00, real=0.01 secs] 
Heap after GC invocations=169 (full 0):
 PSYoungGen      total 169984K, used 640K [0x00000000f5800000, 0x0000000100000000, 0x0000000100000000)
  eden space 167936K, 0% used [0x00000000f5800000,0x00000000f5800000,0x00000000ffc00000)
  from space 2048K, 31% used [0x00000000ffc00000,0x00000000ffca0000,0x00000000ffe00000)
  to   space 2048K, 0% used [0x00000000ffe00000,0x00000000ffe00000,0x0000000100000000)
 ParOldGen       total 286720K, used 46791K [0x00000000e4000000, 0x00000000f5800000, 0x00000000f5800000)
  object space 286720K, 16% used [0x00000000e4000000,0x00000000e6db1d70,0x00000000f5800000)
 Metaspace       used 58953K, capacity 62852K, committed 63104K, reserved 1103872K
  class space    used 7526K, capacity 8226K, committed 8320K, reserved 1048576K
}
{Heap before GC invocations=170 (full 0):
 PSYoungGen      total 169984K, used 168576K [0x00000000f5800000, 0x0000000100000000, 0x0000000100000000)
  eden space 167936K, 100% used [0x00000000f5800000,0x00000000ffc00000,0x00000000ffc00000)
  from space 2048K, 31% used [0x00000000ffc00000,0x00000000ffca0000,0x00000000ffe00000)
  to   space 2048K, 0% used [0x00000000ffe00000,0x00000000ffe00000,0x0000000100000000)
 ParOldGen       total 286720K, used 46791K [0x00000000e4000000, 0x00000000f5800000, 0x00000000f5800000)
  object space 286720K, 16% used [0x00000000e4000000,0x00000000e6db1d70,0x00000000f5800000)
 Metaspace       used 58953K, capacity 62852K, committed 63104K, reserved 1103872K
  class space    used 7526K, capacity 8226K, committed 8320K, reserved 1048576K
2024-06-11T22:43:53.668+0800: 1652.757: [GC (Allocation Failure) [PSYoungGen: 168576K->1015K(169984K)] 215367K->47814K(456704K), 0.0049901 secs] [Times: user=0.01 sys=0.00, real=0.01 secs] 
Heap after GC invocations=170 (full 0):
 PSYoungGen      total 169984K, used 1015K [0x00000000f5800000, 0x0000000100000000, 0x0000000100000000)
  eden space 167936K, 0% used [0x00000000f5800000,0x00000000f5800000,0x00000000ffc00000)
  from space 2048K, 49% used [0x00000000ffe00000,0x00000000ffefdd50,0x0000000100000000)
  to   space 2048K, 0% used [0x00000000ffc00000,0x00000000ffc00000,0x00000000ffe00000)
 ParOldGen       total 286720K, used 46799K [0x00000000e4000000, 0x00000000f5800000, 0x00000000f5800000)
  object space 286720K, 16% used [0x00000000e4000000,0x00000000e6db3d70,0x00000000f5800000)
 Metaspace       used 58953K, capacity 62852K, committed 63104K, reserved 1103872K
  class space    used 7526K, capacity 8226K, committed 8320K, reserved 1048576K
}
{Heap before GC invocations=171 (full 0):
 PSYoungGen      total 169984K, used 168951K [0x00000000f5800000, 0x0000000100000000, 0x0000000100000000)
  eden space 167936K, 100% used [0x00000000f5800000,0x00000000ffc00000,0x00000000ffc00000)
  from space 2048K, 49% used [0x00000000ffe00000,0x00000000ffefdd50,0x0000000100000000)
  to   space 2048K, 0% used [0x00000000ffc00000,0x00000000ffc00000,0x00000000ffe00000)
 ParOldGen       total 286720K, used 46799K [0x00000000e4000000, 0x00000000f5800000, 0x00000000f5800000)
  object space 286720K, 16% used [0x00000000e4000000,0x00000000e6db3d70,0x00000000f5800000)
 Metaspace       used 58953K, capacity 62852K, committed 63104K, reserved 1103872K
  class space    used 7526K, capacity 8226K, committed 8320K, reserved 1048576K
2024-06-11T22:44:04.312+0800: 1663.401: [GC (Allocation Failure) [PSYoungGen: 168951K->1920K(169984K)] 215750K->48727K(456704K), 0.0056808 secs] [Times: user=0.01 sys=0.00, real=0.00 secs] 
Heap after GC invocations=171 (full 0):
 PSYoungGen      total 169984K, used 1920K [0x00000000f5800000, 0x0000000100000000, 0x0000000100000000)
  eden space 167936K, 0% used [0x00000000f5800000,0x00000000f5800000,0x00000000ffc00000)
  from space 2048K, 93% used [0x00000000ffc00000,0x00000000ffde0000,0x00000000ffe00000)
  to   space 2048K, 0% used [0x00000000ffe00000,0x00000000ffe00000,0x0000000100000000)
 ParOldGen       total 286720K, used 46807K [0x00000000e4000000, 0x00000000f5800000, 0x00000000f5800000)
  object space 286720K, 16% used [0x00000000e4000000,0x00000000e6db5d70,0x00000000f5800000)
 Metaspace       used 58953K, capacity 62852K, committed 63104K, reserved 1103872K
  class space    used 7526K, capacity 8226K, committed 8320K, reserved 1048576K
}
{Heap before GC invocations=172 (full 0):
 PSYoungGen      total 169984K, used 169856K [0x00000000f5800000, 0x0000000100000000, 0x0000000100000000)
  eden space 167936K, 100% used [0x00000000f5800000,0x00000000ffc00000,0x00000000ffc00000)
  from space 2048K, 93% used [0x00000000ffc00000,0x00000000ffde0000,0x00000000ffe00000)
  to   space 2048K, 0% used [0x00000000ffe00000,0x00000000ffe00000,0x0000000100000000)
 ParOldGen       total 286720K, used 46807K [0x00000000e4000000, 0x00000000f5800000, 0x00000000f5800000)
  object space 286720K, 16% used [0x00000000e4000000,0x00000000e6db5d70,0x00000000f5800000)
 Metaspace       used 58954K, capacity 62852K, committed 63104K, reserved 1103872K
  class space    used 7526K, capacity 8226K, committed 8320K, reserved 1048576K
2024-06-11T22:44:14.754+0800: 1673.843: [GC (Allocation Failure) [PSYoungGen: 169856K->608K(169984K)] 216663K->48719K(456704K), 0.0069825 secs] [Times: user=0.01 sys=0.00, real=0.01 secs] 
Heap after GC invocations=172 (full 0):
 PSYoungGen      total 169984K, used 608K [0x00000000f5800000, 0x0000000100000000, 0x0000000100000000)
  eden space 167936K, 0% used [0x00000000f5800000,0x00000000f5800000,0x00000000ffc00000)
  from space 2048K, 29% used [0x00000000ffe00000,0x00000000ffe98000,0x0000000100000000)
  to   space 2048K, 0% used [0x00000000ffc00000,0x00000000ffc00000,0x00000000ffe00000)
 ParOldGen       total 286720K, used 48111K [0x00000000e4000000, 0x00000000f5800000, 0x00000000f5800000)
  object space 286720K, 16% used [0x00000000e4000000,0x00000000e6efbd70,0x00000000f5800000)
 Metaspace       used 58954K, capacity 62852K, committed 63104K, reserved 1103872K
  class space    used 7526K, capacity 8226K, committed 8320K, reserved 1048576K
}
{Heap before GC invocations=173 (full 0):
 PSYoungGen      total 169984K, used 168544K [0x00000000f5800000, 0x0000000100000000, 0x0000000100000000)
  eden space 167936K, 100% used [0x00000000f5800000,0x00000000ffc00000,0x00000000ffc00000)
  from space 2048K, 29% used [0x00000000ffe00000,0x00000000ffe98000,0x0000000100000000)
  to   space 2048K, 0% used [0x00000000ffc00000,0x00000000ffc00000,0x00000000ffe00000)
 ParOldGen       total 286720K, used 48111K [0x00000000e4000000, 0x00000000f5800000, 0x00000000f5800000)
  object space 286720K, 16% used [0x00000000e4000000,0x00000000e6efbd70,0x00000000f5800000)
 Metaspace       used 58955K, capacity 62852K, committed 63104K, reserved 1103872K
  class space    used 7526K, capacity 8226K, committed 8320K, reserved 1048576K
2024-06-11T22:44:25.090+0800: 1684.179: [GC (Allocation Failure) [PSYoungGen: 168544K->608K(169984K)] 216655K->48727K(456704K), 0.0040036 secs] [Times: user=0.00 sys=0.00, real=0.01 secs] 
Heap after GC invocations=173 (full 0):
 PSYoungGen      total 169984K, used 608K [0x00000000f5800000, 0x0000000100000000, 0x0000000100000000)
  eden space 167936K, 0% used [0x00000000f5800000,0x00000000f5800000,0x00000000ffc00000)
  from space 2048K, 29% used [0x00000000ffc00000,0x00000000ffc98000,0x00000000ffe00000)
  to   space 2048K, 0% used [0x00000000ffe00000,0x00000000ffe00000,0x0000000100000000)
 ParOldGen       total 286720K, used 48119K [0x00000000e4000000, 0x00000000f5800000, 0x00000000f5800000)
  object space 286720K, 16% used [0x00000000e4000000,0x00000000e6efdd70,0x00000000f5800000)
 Metaspace       used 58955K, capacity 62852K, committed 63104K, reserved 1103872K
  class space    used 7526K, capacity 8226K, committed 8320K, reserved 1048576K
}
{Heap before GC invocations=174 (full 0):
 PSYoungGen      total 169984K, used 168544K [0x00000000f5800000, 0x0000000100000000, 0x0000000100000000)
  eden space 167936K, 100% used [0x00000000f5800000,0x00000000ffc00000,0x00000000ffc00000)
  from space 2048K, 29% used [0x00000000ffc00000,0x00000000ffc98000,0x00000000ffe00000)
  to   space 2048K, 0% used [0x00000000ffe00000,0x00000000ffe00000,0x0000000100000000)
 ParOldGen       total 286720K, used 48119K [0x00000000e4000000, 0x00000000f5800000, 0x00000000f5800000)
  object space 286720K, 16% used [0x00000000e4000000,0x00000000e6efdd70,0x00000000f5800000)
 Metaspace       used 58955K, capacity 62852K, committed 63104K, reserved 1103872K
  class space    used 7526K, capacity 8226K, committed 8320K, reserved 1048576K
2024-06-11T22:44:35.337+0800: 1694.426: [GC (Allocation Failure) [PSYoungGen: 168544K->640K(169984K)] 216663K->48767K(456704K), 0.0049568 secs] [Times: user=0.01 sys=0.00, real=0.01 secs] 
Heap after GC invocations=174 (full 0):
 PSYoungGen      total 169984K, used 640K [0x00000000f5800000, 0x0000000100000000, 0x0000000100000000)
  eden space 167936K, 0% used [0x00000000f5800000,0x00000000f5800000,0x00000000ffc00000)
  from space 2048K, 31% used [0x00000000ffe00000,0x00000000ffea0000,0x0000000100000000)
  to   space 2048K, 0% used [0x00000000ffc00000,0x00000000ffc00000,0x00000000ffe00000)
 ParOldGen       total 286720K, used 48127K [0x00000000e4000000, 0x00000000f5800000, 0x00000000f5800000)
  object space 286720K, 16% used [0x00000000e4000000,0x00000000e6effd70,0x00000000f5800000)
 Metaspace       used 58955K, capacity 62852K, committed 63104K, reserved 1103872K
  class space    used 7526K, capacity 8226K, committed 8320K, reserved 1048576K
}
{Heap before GC invocations=175 (full 0):
 PSYoungGen      total 169984K, used 168576K [0x00000000f5800000, 0x0000000100000000, 0x0000000100000000)
  eden space 167936K, 100% used [0x00000000f5800000,0x00000000ffc00000,0x00000000ffc00000)
  from space 2048K, 31% used [0x00000000ffe00000,0x00000000ffea0000,0x0000000100000000)
  to   space 2048K, 0% used [0x00000000ffc00000,0x00000000ffc00000,0x00000000ffe00000)
 ParOldGen       total 286720K, used 48127K [0x00000000e4000000, 0x00000000f5800000, 0x00000000f5800000)
  object space 286720K, 16% used [0x00000000e4000000,0x00000000e6effd70,0x00000000f5800000)
 Metaspace       used 58961K, capacity 62852K, committed 63104K, reserved 1103872K
  class space    used 7526K, capacity 8226K, committed 8320K, reserved 1048576K
2024-06-11T22:44:45.734+0800: 1704.823: [GC (Allocation Failure) [PSYoungGen: 168576K->608K(169984K)] 216703K->48743K(456704K), 0.0043764 secs] [Times: user=0.01 sys=0.00, real=0.00 secs] 
Heap after GC invocations=175 (full 0):
 PSYoungGen      total 169984K, used 608K [0x00000000f5800000, 0x0000000100000000, 0x0000000100000000)
  eden space 167936K, 0% used [0x00000000f5800000,0x00000000f5800000,0x00000000ffc00000)
  from space 2048K, 29% used [0x00000000ffc00000,0x00000000ffc98000,0x00000000ffe00000)
  to   space 2048K, 0% used [0x00000000ffe00000,0x00000000ffe00000,0x0000000100000000)
 ParOldGen       total 286720K, used 48135K [0x00000000e4000000, 0x00000000f5800000, 0x00000000f5800000)
  object space 286720K, 16% used [0x00000000e4000000,0x00000000e6f01d70,0x00000000f5800000)
 Metaspace       used 58961K, capacity 62852K, committed 63104K, reserved 1103872K
  class space    used 7526K, capacity 8226K, committed 8320K, reserved 1048576K
}
{Heap before GC invocations=176 (full 0):
 PSYoungGen      total 169984K, used 168544K [0x00000000f5800000, 0x0000000100000000, 0x0000000100000000)
  eden space 167936K, 100% used [0x00000000f5800000,0x00000000ffc00000,0x00000000ffc00000)
  from space 2048K, 29% used [0x00000000ffc00000,0x00000000ffc98000,0x00000000ffe00000)
  to   space 2048K, 0% used [0x00000000ffe00000,0x00000000ffe00000,0x0000000100000000)
 ParOldGen       total 286720K, used 48135K [0x00000000e4000000, 0x00000000f5800000, 0x00000000f5800000)
  object space 286720K, 16% used [0x00000000e4000000,0x00000000e6f01d70,0x00000000f5800000)
 Metaspace       used 58964K, capacity 62852K, committed 63104K, reserved 1103872K
  class space    used 7526K, capacity 8226K, committed 8320K, reserved 1048576K
2024-06-11T22:44:56.118+0800: 1715.206: [GC (Allocation Failure) [PSYoungGen: 168544K->640K(169984K)] 216679K->48791K(456704K), 0.0044044 secs] [Times: user=0.01 sys=0.00, real=0.01 secs] 
Heap after GC invocations=176 (full 0):
 PSYoungGen      total 169984K, used 640K [0x00000000f5800000, 0x0000000100000000, 0x0000000100000000)
  eden space 167936K, 0% used [0x00000000f5800000,0x00000000f5800000,0x00000000ffc00000)
  from space 2048K, 31% used [0x00000000ffe00000,0x00000000ffea0000,0x0000000100000000)
  to   space 2048K, 0% used [0x00000000ffc00000,0x00000000ffc00000,0x00000000ffe00000)
 ParOldGen       total 286720K, used 48151K [0x00000000e4000000, 0x00000000f5800000, 0x00000000f5800000)
  object space 286720K, 16% used [0x00000000e4000000,0x00000000e6f05d70,0x00000000f5800000)
 Metaspace       used 58964K, capacity 62852K, committed 63104K, reserved 1103872K
  class space    used 7526K, capacity 8226K, committed 8320K, reserved 1048576K
}
{Heap before GC invocations=177 (full 0):
 PSYoungGen      total 169984K, used 168576K [0x00000000f5800000, 0x0000000100000000, 0x0000000100000000)
  eden space 167936K, 100% used [0x00000000f5800000,0x00000000ffc00000,0x00000000ffc00000)
  from space 2048K, 31% used [0x00000000ffe00000,0x00000000ffea0000,0x0000000100000000)
  to   space 2048K, 0% used [0x00000000ffc00000,0x00000000ffc00000,0x00000000ffe00000)
 ParOldGen       total 286720K, used 48151K [0x00000000e4000000, 0x00000000f5800000, 0x00000000f5800000)
  object space 286720K, 16% used [0x00000000e4000000,0x00000000e6f05d70,0x00000000f5800000)
 Metaspace       used 58964K, capacity 62852K, committed 63104K, reserved 1103872K
  class space    used 7526K, capacity 8226K, committed 8320K, reserved 1048576K
2024-06-11T22:45:06.383+0800: 1725.471: [GC (Allocation Failure) [PSYoungGen: 168576K->1888K(169984K)] 216727K->50047K(456704K), 0.0057043 secs] [Times: user=0.01 sys=0.00, real=0.00 secs] 
Heap after GC invocations=177 (full 0):
 PSYoungGen      total 169984K, used 1888K [0x00000000f5800000, 0x0000000100000000, 0x0000000100000000)
  eden space 167936K, 0% used [0x00000000f5800000,0x00000000f5800000,0x00000000ffc00000)
  from space 2048K, 92% used [0x00000000ffc00000,0x00000000ffdd8000,0x00000000ffe00000)
  to   space 2048K, 0% used [0x00000000ffe00000,0x00000000ffe00000,0x0000000100000000)
 ParOldGen       total 286720K, used 48159K [0x00000000e4000000, 0x00000000f5800000, 0x00000000f5800000)
  object space 286720K, 16% used [0x00000000e4000000,0x00000000e6f07d70,0x00000000f5800000)
 Metaspace       used 58964K, capacity 62852K, committed 63104K, reserved 1103872K
  class space    used 7526K, capacity 8226K, committed 8320K, reserved 1048576K
}
{Heap before GC invocations=178 (full 0):
 PSYoungGen      total 169984K, used 169824K [0x00000000f5800000, 0x0000000100000000, 0x0000000100000000)
  eden space 167936K, 100% used [0x00000000f5800000,0x00000000ffc00000,0x00000000ffc00000)
  from space 2048K, 92% used [0x00000000ffc00000,0x00000000ffdd8000,0x00000000ffe00000)
  to   space 2048K, 0% used [0x00000000ffe00000,0x00000000ffe00000,0x0000000100000000)
 ParOldGen       total 286720K, used 48159K [0x00000000e4000000, 0x00000000f5800000, 0x00000000f5800000)
  object space 286720K, 16% used [0x00000000e4000000,0x00000000e6f07d70,0x00000000f5800000)
 Metaspace       used 58964K, capacity 62852K, committed 63104K, reserved 1103872K
  class space    used 7526K, capacity 8226K, committed 8320K, reserved 1048576K
2024-06-11T22:45:17.231+0800: 1736.320: [GC (Allocation Failure) [PSYoungGen: 169824K->608K(169984K)] 217983K->50071K(456704K), 0.0063856 secs] [Times: user=0.01 sys=0.00, real=0.00 secs] 
Heap after GC invocations=178 (full 0):
 PSYoungGen      total 169984K, used 608K [0x00000000f5800000, 0x0000000100000000, 0x0000000100000000)
  eden space 167936K, 0% used [0x00000000f5800000,0x00000000f5800000,0x00000000ffc00000)
  from space 2048K, 29% used [0x00000000ffe00000,0x00000000ffe98000,0x0000000100000000)
  to   space 2048K, 0% used [0x00000000ffc00000,0x00000000ffc00000,0x00000000ffe00000)
 ParOldGen       total 286720K, used 49463K [0x00000000e4000000, 0x00000000f5800000, 0x00000000f5800000)
  object space 286720K, 17% used [0x00000000e4000000,0x00000000e704dd70,0x00000000f5800000)
 Metaspace       used 58964K, capacity 62852K, committed 63104K, reserved 1103872K
  class space    used 7526K, capacity 8226K, committed 8320K, reserved 1048576K
}
{Heap before GC invocations=179 (full 0):
 PSYoungGen      total 169984K, used 168544K [0x00000000f5800000, 0x0000000100000000, 0x0000000100000000)
  eden space 167936K, 100% used [0x00000000f5800000,0x00000000ffc00000,0x00000000ffc00000)
  from space 2048K, 29% used [0x00000000ffe00000,0x00000000ffe98000,0x0000000100000000)
  to   space 2048K, 0% used [0x00000000ffc00000,0x00000000ffc00000,0x00000000ffe00000)
 ParOldGen       total 286720K, used 49463K [0x00000000e4000000, 0x00000000f5800000, 0x00000000f5800000)
  object space 286720K, 17% used [0x00000000e4000000,0x00000000e704dd70,0x00000000f5800000)
 Metaspace       used 58965K, capacity 62852K, committed 63104K, reserved 1103872K
  class space    used 7526K, capacity 8226K, committed 8320K, reserved 1048576K
2024-06-11T22:45:27.791+0800: 1746.879: [GC (Allocation Failure) [PSYoungGen: 168544K->608K(169984K)] 218007K->50079K(456704K), 0.0043530 secs] [Times: user=0.01 sys=0.00, real=0.00 secs] 
Heap after GC invocations=179 (full 0):
 PSYoungGen      total 169984K, used 608K [0x00000000f5800000, 0x0000000100000000, 0x0000000100000000)
  eden space 167936K, 0% used [0x00000000f5800000,0x00000000f5800000,0x00000000ffc00000)
  from space 2048K, 29% used [0x00000000ffc00000,0x00000000ffc98000,0x00000000ffe00000)
  to   space 2048K, 0% used [0x00000000ffe00000,0x00000000ffe00000,0x0000000100000000)
 ParOldGen       total 286720K, used 49471K [0x00000000e4000000, 0x00000000f5800000, 0x00000000f5800000)
  object space 286720K, 17% used [0x00000000e4000000,0x00000000e704fd70,0x00000000f5800000)
 Metaspace       used 58965K, capacity 62852K, committed 63104K, reserved 1103872K
  class space    used 7526K, capacity 8226K, committed 8320K, reserved 1048576K
}
{Heap before GC invocations=180 (full 0):
 PSYoungGen      total 169984K, used 168544K [0x00000000f5800000, 0x0000000100000000, 0x0000000100000000)
  eden space 167936K, 100% used [0x00000000f5800000,0x00000000ffc00000,0x00000000ffc00000)
  from space 2048K, 29% used [0x00000000ffc00000,0x00000000ffc98000,0x00000000ffe00000)
  to   space 2048K, 0% used [0x00000000ffe00000,0x00000000ffe00000,0x0000000100000000)
 ParOldGen       total 286720K, used 49471K [0x00000000e4000000, 0x00000000f5800000, 0x00000000f5800000)
  object space 286720K, 17% used [0x00000000e4000000,0x00000000e704fd70,0x00000000f5800000)
 Metaspace       used 58965K, capacity 62852K, committed 63104K, reserved 1103872K
  class space    used 7526K, capacity 8226K, committed 8320K, reserved 1048576K
2024-06-11T22:45:38.119+0800: 1757.208: [GC (Allocation Failure) [PSYoungGen: 168544K->1015K(169984K)] 218015K->50494K(456704K), 0.0041884 secs] [Times: user=0.01 sys=0.00, real=0.01 secs] 
Heap after GC invocations=180 (full 0):
 PSYoungGen      total 169984K, used 1015K [0x00000000f5800000, 0x0000000100000000, 0x0000000100000000)
  eden space 167936K, 0% used [0x00000000f5800000,0x00000000f5800000,0x00000000ffc00000)
  from space 2048K, 49% used [0x00000000ffe00000,0x00000000ffefdd60,0x0000000100000000)
  to   space 2048K, 0% used [0x00000000ffc00000,0x00000000ffc00000,0x00000000ffe00000)
 ParOldGen       total 286720K, used 49479K [0x00000000e4000000, 0x00000000f5800000, 0x00000000f5800000)
  object space 286720K, 17% used [0x00000000e4000000,0x00000000e7051d70,0x00000000f5800000)
 Metaspace       used 58965K, capacity 62852K, committed 63104K, reserved 1103872K
  class space    used 7526K, capacity 8226K, committed 8320K, reserved 1048576K
}
{Heap before GC invocations=181 (full 0):
 PSYoungGen      total 169984K, used 168951K [0x00000000f5800000, 0x0000000100000000, 0x0000000100000000)
  eden space 167936K, 100% used [0x00000000f5800000,0x00000000ffc00000,0x00000000ffc00000)
  from space 2048K, 49% used [0x00000000ffe00000,0x00000000ffefdd60,0x0000000100000000)
  to   space 2048K, 0% used [0x00000000ffc00000,0x00000000ffc00000,0x00000000ffe00000)
 ParOldGen       total 286720K, used 49479K [0x00000000e4000000, 0x00000000f5800000, 0x00000000f5800000)
  object space 286720K, 17% used [0x00000000e4000000,0x00000000e7051d70,0x00000000f5800000)
 Metaspace       used 58965K, capacity 62852K, committed 63104K, reserved 1103872K
  class space    used 7526K, capacity 8226K, committed 8320K, reserved 1048576K
2024-06-11T22:45:48.550+0800: 1767.638: [GC (Allocation Failure) [PSYoungGen: 168951K->640K(169984K)] 218430K->50127K(456704K), 0.0040069 secs] [Times: user=0.00 sys=0.00, real=0.01 secs] 
Heap after GC invocations=181 (full 0):
 PSYoungGen      total 169984K, used 640K [0x00000000f5800000, 0x0000000100000000, 0x0000000100000000)
  eden space 167936K, 0% used [0x00000000f5800000,0x00000000f5800000,0x00000000ffc00000)
  from space 2048K, 31% used [0x00000000ffc00000,0x00000000ffca0000,0x00000000ffe00000)
  to   space 2048K, 0% used [0x00000000ffe00000,0x00000000ffe00000,0x0000000100000000)
 ParOldGen       total 286720K, used 49487K [0x00000000e4000000, 0x00000000f5800000, 0x00000000f5800000)
  object space 286720K, 17% used [0x00000000e4000000,0x00000000e7053d70,0x00000000f5800000)
 Metaspace       used 58965K, capacity 62852K, committed 63104K, reserved 1103872K
  class space    used 7526K, capacity 8226K, committed 8320K, reserved 1048576K
}
{Heap before GC invocations=182 (full 0):
 PSYoungGen      total 169984K, used 168576K [0x00000000f5800000, 0x0000000100000000, 0x0000000100000000)
  eden space 167936K, 100% used [0x00000000f5800000,0x00000000ffc00000,0x00000000ffc00000)
  from space 2048K, 31% used [0x00000000ffc00000,0x00000000ffca0000,0x00000000ffe00000)
  to   space 2048K, 0% used [0x00000000ffe00000,0x00000000ffe00000,0x0000000100000000)
 ParOldGen       total 286720K, used 49487K [0x00000000e4000000, 0x00000000f5800000, 0x00000000f5800000)
  object space 286720K, 17% used [0x00000000e4000000,0x00000000e7053d70,0x00000000f5800000)
 Metaspace       used 58965K, capacity 62852K, committed 63104K, reserved 1103872K
  class space    used 7526K, capacity 8226K, committed 8320K, reserved 1048576K
2024-06-11T22:45:59.124+0800: 1778.213: [GC (Allocation Failure) [PSYoungGen: 168576K->1344K(169984K)] 218063K->50839K(456704K), 0.0064772 secs] [Times: user=0.01 sys=0.00, real=0.00 secs] 
Heap after GC invocations=182 (full 0):
 PSYoungGen      total 169984K, used 1344K [0x00000000f5800000, 0x0000000100000000, 0x0000000100000000)
  eden space 167936K, 0% used [0x00000000f5800000,0x00000000f5800000,0x00000000ffc00000)
  from space 2048K, 65% used [0x00000000ffe00000,0x00000000fff50000,0x0000000100000000)
  to   space 2048K, 0% used [0x00000000ffc00000,0x00000000ffc00000,0x00000000ffe00000)
 ParOldGen       total 286720K, used 49495K [0x00000000e4000000, 0x00000000f5800000, 0x00000000f5800000)
  object space 286720K, 17% used [0x00000000e4000000,0x00000000e7055d70,0x00000000f5800000)
 Metaspace       used 58965K, capacity 62852K, committed 63104K, reserved 1103872K
  class space    used 7526K, capacity 8226K, committed 8320K, reserved 1048576K
}
{Heap before GC invocations=183 (full 0):
 PSYoungGen      total 169984K, used 169280K [0x00000000f5800000, 0x0000000100000000, 0x0000000100000000)
  eden space 167936K, 100% used [0x00000000f5800000,0x00000000ffc00000,0x00000000ffc00000)
  from space 2048K, 65% used [0x00000000ffe00000,0x00000000fff50000,0x0000000100000000)
  to   space 2048K, 0% used [0x00000000ffc00000,0x00000000ffc00000,0x00000000ffe00000)
 ParOldGen       total 286720K, used 49495K [0x00000000e4000000, 0x00000000f5800000, 0x00000000f5800000)
  object space 286720K, 17% used [0x00000000e4000000,0x00000000e7055d70,0x00000000f5800000)
 Metaspace       used 58970K, capacity 62916K, committed 63104K, reserved 1103872K
  class space    used 7526K, capacity 8226K, committed 8320K, reserved 1048576K
2024-06-11T22:46:09.387+0800: 1788.476: [GC (Allocation Failure) [PSYoungGen: 169280K->1527K(169984K)] 218775K->51814K(456704K), 0.0061068 secs] [Times: user=0.01 sys=0.00, real=0.01 secs] 
Heap after GC invocations=183 (full 0):
 PSYoungGen      total 169984K, used 1527K [0x00000000f5800000, 0x0000000100000000, 0x0000000100000000)
  eden space 167936K, 0% used [0x00000000f5800000,0x00000000f5800000,0x00000000ffc00000)
  from space 2048K, 74% used [0x00000000ffc00000,0x00000000ffd7dd20,0x00000000ffe00000)
  to   space 2048K, 0% used [0x00000000ffe00000,0x00000000ffe00000,0x0000000100000000)
 ParOldGen       total 286720K, used 50287K [0x00000000e4000000, 0x00000000f5800000, 0x00000000f5800000)
  object space 286720K, 17% used [0x00000000e4000000,0x00000000e711bd70,0x00000000f5800000)
 Metaspace       used 58970K, capacity 62916K, committed 63104K, reserved 1103872K
  class space    used 7526K, capacity 8226K, committed 8320K, reserved 1048576K
}
{Heap before GC invocations=184 (full 0):
 PSYoungGen      total 169984K, used 169463K [0x00000000f5800000, 0x0000000100000000, 0x0000000100000000)
  eden space 167936K, 100% used [0x00000000f5800000,0x00000000ffc00000,0x00000000ffc00000)
  from space 2048K, 74% used [0x00000000ffc00000,0x00000000ffd7dd20,0x00000000ffe00000)
  to   space 2048K, 0% used [0x00000000ffe00000,0x00000000ffe00000,0x0000000100000000)
 ParOldGen       total 286720K, used 50287K [0x00000000e4000000, 0x00000000f5800000, 0x00000000f5800000)
  object space 286720K, 17% used [0x00000000e4000000,0x00000000e711bd70,0x00000000f5800000)
 Metaspace       used 58970K, capacity 62916K, committed 63104K, reserved 1103872K
  class space    used 7526K, capacity 8226K, committed 8320K, reserved 1048576K
2024-06-11T22:46:19.753+0800: 1798.842: [GC (Allocation Failure) [PSYoungGen: 169463K->608K(169984K)] 219750K->51407K(456704K), 0.0049544 secs] [Times: user=0.01 sys=0.00, real=0.00 secs] 
Heap after GC invocations=184 (full 0):
 PSYoungGen      total 169984K, used 608K [0x00000000f5800000, 0x0000000100000000, 0x0000000100000000)
  eden space 167936K, 0% used [0x00000000f5800000,0x00000000f5800000,0x00000000ffc00000)
  from space 2048K, 29% used [0x00000000ffe00000,0x00000000ffe98000,0x0000000100000000)
  to   space 2048K, 0% used [0x00000000ffc00000,0x00000000ffc00000,0x00000000ffe00000)
 ParOldGen       total 286720K, used 50799K [0x00000000e4000000, 0x00000000f5800000, 0x00000000f5800000)
  object space 286720K, 17% used [0x00000000e4000000,0x00000000e719bd70,0x00000000f5800000)
 Metaspace       used 58970K, capacity 62916K, committed 63104K, reserved 1103872K
  class space    used 7526K, capacity 8226K, committed 8320K, reserved 1048576K
}
{Heap before GC invocations=185 (full 0):
 PSYoungGen      total 169984K, used 168544K [0x00000000f5800000, 0x0000000100000000, 0x0000000100000000)
  eden space 167936K, 100% used [0x00000000f5800000,0x00000000ffc00000,0x00000000ffc00000)
  from space 2048K, 29% used [0x00000000ffe00000,0x00000000ffe98000,0x0000000100000000)
  to   space 2048K, 0% used [0x00000000ffc00000,0x00000000ffc00000,0x00000000ffe00000)
 ParOldGen       total 286720K, used 50799K [0x00000000e4000000, 0x00000000f5800000, 0x00000000f5800000)
  object space 286720K, 17% used [0x00000000e4000000,0x00000000e719bd70,0x00000000f5800000)
 Metaspace       used 58972K, capacity 62916K, committed 63104K, reserved 1103872K
  class space    used 7526K, capacity 8226K, committed 8320K, reserved 1048576K
2024-06-11T22:46:30.337+0800: 1809.426: [GC (Allocation Failure) [PSYoungGen: 168544K->640K(169984K)] 219343K->51447K(456704K), 0.0049372 secs] [Times: user=0.01 sys=0.00, real=0.01 secs] 
Heap after GC invocations=185 (full 0):
 PSYoungGen      total 169984K, used 640K [0x00000000f5800000, 0x0000000100000000, 0x0000000100000000)
  eden space 167936K, 0% used [0x00000000f5800000,0x00000000f5800000,0x00000000ffc00000)
  from space 2048K, 31% used [0x00000000ffc00000,0x00000000ffca0000,0x00000000ffe00000)
  to   space 2048K, 0% used [0x00000000ffe00000,0x00000000ffe00000,0x0000000100000000)
 ParOldGen       total 286720K, used 50807K [0x00000000e4000000, 0x00000000f5800000, 0x00000000f5800000)
  object space 286720K, 17% used [0x00000000e4000000,0x00000000e719dd70,0x00000000f5800000)
 Metaspace       used 58972K, capacity 62916K, committed 63104K, reserved 1103872K
  class space    used 7526K, capacity 8226K, committed 8320K, reserved 1048576K
}
{Heap before GC invocations=186 (full 0):
 PSYoungGen      total 169984K, used 168576K [0x00000000f5800000, 0x0000000100000000, 0x0000000100000000)
  eden space 167936K, 100% used [0x00000000f5800000,0x00000000ffc00000,0x00000000ffc00000)
  from space 2048K, 31% used [0x00000000ffc00000,0x00000000ffca0000,0x00000000ffe00000)
  to   space 2048K, 0% used [0x00000000ffe00000,0x00000000ffe00000,0x0000000100000000)
 ParOldGen       total 286720K, used 50807K [0x00000000e4000000, 0x00000000f5800000, 0x00000000f5800000)
  object space 286720K, 17% used [0x00000000e4000000,0x00000000e719dd70,0x00000000f5800000)
 Metaspace       used 58972K, capacity 62916K, committed 63104K, reserved 1103872K
  class space    used 7526K, capacity 8226K, committed 8320K, reserved 1048576K
2024-06-11T22:46:40.616+0800: 1819.704: [GC (Allocation Failure) [PSYoungGen: 168576K->608K(169984K)] 219383K->51423K(456704K), 0.0038246 secs] [Times: user=0.00 sys=0.00, real=0.00 secs] 
Heap after GC invocations=186 (full 0):
 PSYoungGen      total 169984K, used 608K [0x00000000f5800000, 0x0000000100000000, 0x0000000100000000)
  eden space 167936K, 0% used [0x00000000f5800000,0x00000000f5800000,0x00000000ffc00000)
  from space 2048K, 29% used [0x00000000ffe00000,0x00000000ffe98000,0x0000000100000000)
  to   space 2048K, 0% used [0x00000000ffc00000,0x00000000ffc00000,0x00000000ffe00000)
 ParOldGen       total 286720K, used 50815K [0x00000000e4000000, 0x00000000f5800000, 0x00000000f5800000)
  object space 286720K, 17% used [0x00000000e4000000,0x00000000e719fd70,0x00000000f5800000)
 Metaspace       used 58972K, capacity 62916K, committed 63104K, reserved 1103872K
  class space    used 7526K, capacity 8226K, committed 8320K, reserved 1048576K
}
{Heap before GC invocations=187 (full 0):
 PSYoungGen      total 169984K, used 168544K [0x00000000f5800000, 0x0000000100000000, 0x0000000100000000)
  eden space 167936K, 100% used [0x00000000f5800000,0x00000000ffc00000,0x00000000ffc00000)
  from space 2048K, 29% used [0x00000000ffe00000,0x00000000ffe98000,0x0000000100000000)
  to   space 2048K, 0% used [0x00000000ffc00000,0x00000000ffc00000,0x00000000ffe00000)
 ParOldGen       total 286720K, used 50815K [0x00000000e4000000, 0x00000000f5800000, 0x00000000f5800000)
  object space 286720K, 17% used [0x00000000e4000000,0x00000000e719fd70,0x00000000f5800000)
 Metaspace       used 58973K, capacity 62916K, committed 63104K, reserved 1103872K
  class space    used 7526K, capacity 8226K, committed 8320K, reserved 1048576K
2024-06-11T22:46:50.997+0800: 1830.086: [GC (Allocation Failure) [PSYoungGen: 168544K->640K(169984K)] 219359K->51471K(456704K), 0.0039733 secs] [Times: user=0.01 sys=0.00, real=0.01 secs] 
Heap after GC invocations=187 (full 0):
 PSYoungGen      total 169984K, used 640K [0x00000000f5800000, 0x0000000100000000, 0x0000000100000000)
  eden space 167936K, 0% used [0x00000000f5800000,0x00000000f5800000,0x00000000ffc00000)
  from space 2048K, 31% used [0x00000000ffc00000,0x00000000ffca0000,0x00000000ffe00000)
  to   space 2048K, 0% used [0x00000000ffe00000,0x00000000ffe00000,0x0000000100000000)
 ParOldGen       total 286720K, used 50831K [0x00000000e4000000, 0x00000000f5800000, 0x00000000f5800000)
  object space 286720K, 17% used [0x00000000e4000000,0x00000000e71a3d70,0x00000000f5800000)
 Metaspace       used 58973K, capacity 62916K, committed 63104K, reserved 1103872K
  class space    used 7526K, capacity 8226K, committed 8320K, reserved 1048576K
}
{Heap before GC invocations=188 (full 0):
 PSYoungGen      total 169984K, used 168576K [0x00000000f5800000, 0x0000000100000000, 0x0000000100000000)
  eden space 167936K, 100% used [0x00000000f5800000,0x00000000ffc00000,0x00000000ffc00000)
  from space 2048K, 31% used [0x00000000ffc00000,0x00000000ffca0000,0x00000000ffe00000)
  to   space 2048K, 0% used [0x00000000ffe00000,0x00000000ffe00000,0x0000000100000000)
 ParOldGen       total 286720K, used 50831K [0x00000000e4000000, 0x00000000f5800000, 0x00000000f5800000)
  object space 286720K, 17% used [0x00000000e4000000,0x00000000e71a3d70,0x00000000f5800000)
 Metaspace       used 58973K, capacity 62916K, committed 63104K, reserved 1103872K
  class space    used 7526K, capacity 8226K, committed 8320K, reserved 1048576K
2024-06-11T22:47:01.709+0800: 1840.798: [GC (Allocation Failure) [PSYoungGen: 168576K->1920K(168960K)] 219407K->52759K(455680K), 0.0062889 secs] [Times: user=0.02 sys=0.00, real=0.01 secs] 
Heap after GC invocations=188 (full 0):
 PSYoungGen      total 168960K, used 1920K [0x00000000f5800000, 0x0000000100000000, 0x0000000100000000)
  eden space 166912K, 0% used [0x00000000f5800000,0x00000000f5800000,0x00000000ffb00000)
  from space 2048K, 93% used [0x00000000ffe00000,0x00000000fffe0000,0x0000000100000000)
  to   space 2560K, 0% used [0x00000000ffb00000,0x00000000ffb00000,0x00000000ffd80000)
 ParOldGen       total 286720K, used 50839K [0x00000000e4000000, 0x00000000f5800000, 0x00000000f5800000)
  object space 286720K, 17% used [0x00000000e4000000,0x00000000e71a5d70,0x00000000f5800000)
 Metaspace       used 58973K, capacity 62916K, committed 63104K, reserved 1103872K
  class space    used 7526K, capacity 8226K, committed 8320K, reserved 1048576K
}
{Heap before GC invocations=189 (full 0):
 PSYoungGen      total 168960K, used 168832K [0x00000000f5800000, 0x0000000100000000, 0x0000000100000000)
  eden space 166912K, 100% used [0x00000000f5800000,0x00000000ffb00000,0x00000000ffb00000)
  from space 2048K, 93% used [0x00000000ffe00000,0x00000000fffe0000,0x0000000100000000)
  to   space 2560K, 0% used [0x00000000ffb00000,0x00000000ffb00000,0x00000000ffd80000)
 ParOldGen       total 286720K, used 50839K [0x00000000e4000000, 0x00000000f5800000, 0x00000000f5800000)
  object space 286720K, 17% used [0x00000000e4000000,0x00000000e71a5d70,0x00000000f5800000)
 Metaspace       used 58973K, capacity 62916K, committed 63104K, reserved 1103872K
  class space    used 7526K, capacity 8226K, committed 8320K, reserved 1048576K
2024-06-11T22:47:11.946+0800: 1851.035: [GC (Allocation Failure) [PSYoungGen: 168832K->640K(169472K)] 219671K->52775K(456192K), 0.0061512 secs] [Times: user=0.01 sys=0.00, real=0.01 secs] 
Heap after GC invocations=189 (full 0):
 PSYoungGen      total 169472K, used 640K [0x00000000f5800000, 0x0000000100000000, 0x0000000100000000)
  eden space 166912K, 0% used [0x00000000f5800000,0x00000000f5800000,0x00000000ffb00000)
  from space 2560K, 25% used [0x00000000ffb00000,0x00000000ffba0000,0x00000000ffd80000)
  to   space 2560K, 0% used [0x00000000ffd80000,0x00000000ffd80000,0x0000000100000000)
 ParOldGen       total 286720K, used 52135K [0x00000000e4000000, 0x00000000f5800000, 0x00000000f5800000)
  object space 286720K, 18% used [0x00000000e4000000,0x00000000e72e9d70,0x00000000f5800000)
 Metaspace       used 58973K, capacity 62916K, committed 63104K, reserved 1103872K
  class space    used 7526K, capacity 8226K, committed 8320K, reserved 1048576K
}
{Heap before GC invocations=190 (full 0):
 PSYoungGen      total 169472K, used 167552K [0x00000000f5800000, 0x0000000100000000, 0x0000000100000000)
  eden space 166912K, 100% used [0x00000000f5800000,0x00000000ffb00000,0x00000000ffb00000)
  from space 2560K, 25% used [0x00000000ffb00000,0x00000000ffba0000,0x00000000ffd80000)
  to   space 2560K, 0% used [0x00000000ffd80000,0x00000000ffd80000,0x0000000100000000)
 ParOldGen       total 286720K, used 52135K [0x00000000e4000000, 0x00000000f5800000, 0x00000000f5800000)
  object space 286720K, 18% used [0x00000000e4000000,0x00000000e72e9d70,0x00000000f5800000)
 Metaspace       used 58973K, capacity 62916K, committed 63104K, reserved 1103872K
  class space    used 7526K, capacity 8226K, committed 8320K, reserved 1048576K
2024-06-11T22:47:22.299+0800: 1861.388: [GC (Allocation Failure) [PSYoungGen: 167552K->640K(169984K)] 219687K->52791K(456704K), 0.0041447 secs] [Times: user=0.01 sys=0.00, real=0.01 secs] 
Heap after GC invocations=190 (full 0):
 PSYoungGen      total 169984K, used 640K [0x00000000f5800000, 0x0000000100000000, 0x0000000100000000)
  eden space 167424K, 0% used [0x00000000f5800000,0x00000000f5800000,0x00000000ffb80000)
  from space 2560K, 25% used [0x00000000ffd80000,0x00000000ffe20000,0x0000000100000000)
  to   space 2048K, 0% used [0x00000000ffb80000,0x00000000ffb80000,0x00000000ffd80000)
 ParOldGen       total 286720K, used 52151K [0x00000000e4000000, 0x00000000f5800000, 0x00000000f5800000)
  object space 286720K, 18% used [0x00000000e4000000,0x00000000e72edd70,0x00000000f5800000)
 Metaspace       used 58973K, capacity 62916K, committed 63104K, reserved 1103872K
  class space    used 7526K, capacity 8226K, committed 8320K, reserved 1048576K
}
{Heap before GC invocations=191 (full 0):
 PSYoungGen      total 169984K, used 168064K [0x00000000f5800000, 0x0000000100000000, 0x0000000100000000)
  eden space 167424K, 100% used [0x00000000f5800000,0x00000000ffb80000,0x00000000ffb80000)
  from space 2560K, 25% used [0x00000000ffd80000,0x00000000ffe20000,0x0000000100000000)
  to   space 2048K, 0% used [0x00000000ffb80000,0x00000000ffb80000,0x00000000ffd80000)
 ParOldGen       total 286720K, used 52151K [0x00000000e4000000, 0x00000000f5800000, 0x00000000f5800000)
  object space 286720K, 18% used [0x00000000e4000000,0x00000000e72edd70,0x00000000f5800000)
 Metaspace       used 58976K, capacity 62916K, committed 63104K, reserved 1103872K
  class space    used 7526K, capacity 8226K, committed 8320K, reserved 1048576K
2024-06-11T22:47:32.568+0800: 1871.657: [GC (Allocation Failure) [PSYoungGen: 168064K->640K(169472K)] 220215K->52799K(456192K), 0.0040635 secs] [Times: user=0.01 sys=0.00, real=0.01 secs] 
Heap after GC invocations=191 (full 0):
 PSYoungGen      total 169472K, used 640K [0x00000000f5800000, 0x0000000100000000, 0x0000000100000000)
  eden space 167424K, 0% used [0x00000000f5800000,0x00000000f5800000,0x00000000ffb80000)
  from space 2048K, 31% used [0x00000000ffb80000,0x00000000ffc20000,0x00000000ffd80000)
  to   space 2048K, 0% used [0x00000000ffe00000,0x00000000ffe00000,0x0000000100000000)
 ParOldGen       total 286720K, used 52159K [0x00000000e4000000, 0x00000000f5800000, 0x00000000f5800000)
  object space 286720K, 18% used [0x00000000e4000000,0x00000000e72efd70,0x00000000f5800000)
 Metaspace       used 58976K, capacity 62916K, committed 63104K, reserved 1103872K
  class space    used 7526K, capacity 8226K, committed 8320K, reserved 1048576K
}
{Heap before GC invocations=192 (full 0):
 PSYoungGen      total 169472K, used 168064K [0x00000000f5800000, 0x0000000100000000, 0x0000000100000000)
  eden space 167424K, 100% used [0x00000000f5800000,0x00000000ffb80000,0x00000000ffb80000)
  from space 2048K, 31% used [0x00000000ffb80000,0x00000000ffc20000,0x00000000ffd80000)
  to   space 2048K, 0% used [0x00000000ffe00000,0x00000000ffe00000,0x0000000100000000)
 ParOldGen       total 286720K, used 52159K [0x00000000e4000000, 0x00000000f5800000, 0x00000000f5800000)
  object space 286720K, 18% used [0x00000000e4000000,0x00000000e72efd70,0x00000000f5800000)
 Metaspace       used 58981K, capacity 62916K, committed 63104K, reserved 1103872K
  class space    used 7526K, capacity 8226K, committed 8320K, reserved 1048576K
2024-06-11T22:47:42.837+0800: 1881.926: [GC (Allocation Failure) [PSYoungGen: 168064K->608K(169984K)] 220223K->52783K(456704K), 0.0044266 secs] [Times: user=0.01 sys=0.00, real=0.01 secs] 
Heap after GC invocations=192 (full 0):
 PSYoungGen      total 169984K, used 608K [0x00000000f5800000, 0x0000000100000000, 0x0000000100000000)
  eden space 167936K, 0% used [0x00000000f5800000,0x00000000f5800000,0x00000000ffc00000)
  from space 2048K, 29% used [0x00000000ffe00000,0x00000000ffe98000,0x0000000100000000)
  to   space 2048K, 0% used [0x00000000ffc00000,0x00000000ffc00000,0x00000000ffe00000)
 ParOldGen       total 286720K, used 52175K [0x00000000e4000000, 0x00000000f5800000, 0x00000000f5800000)
  object space 286720K, 18% used [0x00000000e4000000,0x00000000e72f3d70,0x00000000f5800000)
 Metaspace       used 58981K, capacity 62916K, committed 63104K, reserved 1103872K
  class space    used 7526K, capacity 8226K, committed 8320K, reserved 1048576K
}
{Heap before GC invocations=193 (full 0):
 PSYoungGen      total 169984K, used 168544K [0x00000000f5800000, 0x0000000100000000, 0x0000000100000000)
  eden space 167936K, 100% used [0x00000000f5800000,0x00000000ffc00000,0x00000000ffc00000)
  from space 2048K, 29% used [0x00000000ffe00000,0x00000000ffe98000,0x0000000100000000)
  to   space 2048K, 0% used [0x00000000ffc00000,0x00000000ffc00000,0x00000000ffe00000)
 ParOldGen       total 286720K, used 52175K [0x00000000e4000000, 0x00000000f5800000, 0x00000000f5800000)
  object space 286720K, 18% used [0x00000000e4000000,0x00000000e72f3d70,0x00000000f5800000)
 Metaspace       used 58987K, capacity 62916K, committed 63104K, reserved 1103872K
  class space    used 7526K, capacity 8226K, committed 8320K, reserved 1048576K
2024-06-11T22:47:53.054+0800: 1892.143: [GC (Allocation Failure) [PSYoungGen: 168544K->1015K(169984K)] 220719K->53198K(456704K), 0.0162682 secs] [Times: user=0.03 sys=0.01, real=0.01 secs] 
Heap after GC invocations=193 (full 0):
 PSYoungGen      total 169984K, used 1015K [0x00000000f5800000, 0x0000000100000000, 0x0000000100000000)
  eden space 167936K, 0% used [0x00000000f5800000,0x00000000f5800000,0x00000000ffc00000)
  from space 2048K, 49% used [0x00000000ffc00000,0x00000000ffcfdd60,0x00000000ffe00000)
  to   space 2048K, 0% used [0x00000000ffe00000,0x00000000ffe00000,0x0000000100000000)
 ParOldGen       total 286720K, used 52183K [0x00000000e4000000, 0x00000000f5800000, 0x00000000f5800000)
  object space 286720K, 18% used [0x00000000e4000000,0x00000000e72f5d70,0x00000000f5800000)
 Metaspace       used 58987K, capacity 62916K, committed 63104K, reserved 1103872K
  class space    used 7526K, capacity 8226K, committed 8320K, reserved 1048576K
}
{Heap before GC invocations=194 (full 0):
 PSYoungGen      total 169984K, used 168951K [0x00000000f5800000, 0x0000000100000000, 0x0000000100000000)
  eden space 167936K, 100% used [0x00000000f5800000,0x00000000ffc00000,0x00000000ffc00000)
  from space 2048K, 49% used [0x00000000ffc00000,0x00000000ffcfdd60,0x00000000ffe00000)
  to   space 2048K, 0% used [0x00000000ffe00000,0x00000000ffe00000,0x0000000100000000)
 ParOldGen       total 286720K, used 52183K [0x00000000e4000000, 0x00000000f5800000, 0x00000000f5800000)
  object space 286720K, 18% used [0x00000000e4000000,0x00000000e72f5d70,0x00000000f5800000)
 Metaspace       used 58987K, capacity 62916K, committed 63104K, reserved 1103872K
  class space    used 7526K, capacity 8226K, committed 8320K, reserved 1048576K
2024-06-11T22:48:03.691+0800: 1902.780: [GC (Allocation Failure) [PSYoungGen: 168951K->1920K(168960K)] 221134K->54111K(455680K), 0.0056855 secs] [Times: user=0.01 sys=0.00, real=0.00 secs] 
Heap after GC invocations=194 (full 0):
 PSYoungGen      total 168960K, used 1920K [0x00000000f5800000, 0x0000000100000000, 0x0000000100000000)
  eden space 166912K, 0% used [0x00000000f5800000,0x00000000f5800000,0x00000000ffb00000)
  from space 2048K, 93% used [0x00000000ffe00000,0x00000000fffe0000,0x0000000100000000)
  to   space 2560K, 0% used [0x00000000ffb00000,0x00000000ffb00000,0x00000000ffd80000)
 ParOldGen       total 286720K, used 52191K [0x00000000e4000000, 0x00000000f5800000, 0x00000000f5800000)
  object space 286720K, 18% used [0x00000000e4000000,0x00000000e72f7d70,0x00000000f5800000)
 Metaspace       used 58987K, capacity 62916K, committed 63104K, reserved 1103872K
  class space    used 7526K, capacity 8226K, committed 8320K, reserved 1048576K
}
{Heap before GC invocations=195 (full 0):
 PSYoungGen      total 168960K, used 168832K [0x00000000f5800000, 0x0000000100000000, 0x0000000100000000)
  eden space 166912K, 100% used [0x00000000f5800000,0x00000000ffb00000,0x00000000ffb00000)
  from space 2048K, 93% used [0x00000000ffe00000,0x00000000fffe0000,0x0000000100000000)
  to   space 2560K, 0% used [0x00000000ffb00000,0x00000000ffb00000,0x00000000ffd80000)
 ParOldGen       total 286720K, used 52191K [0x00000000e4000000, 0x00000000f5800000, 0x00000000f5800000)
  object space 286720K, 18% used [0x00000000e4000000,0x00000000e72f7d70,0x00000000f5800000)
 Metaspace       used 58988K, capacity 62916K, committed 63104K, reserved 1103872K
  class space    used 7526K, capacity 8226K, committed 8320K, reserved 1048576K
2024-06-11T22:48:13.948+0800: 1913.036: [GC (Allocation Failure) [PSYoungGen: 168832K->608K(169472K)] 221023K->54095K(456192K), 0.0057460 secs] [Times: user=0.01 sys=0.00, real=0.01 secs] 
Heap after GC invocations=195 (full 0):
 PSYoungGen      total 169472K, used 608K [0x00000000f5800000, 0x0000000100000000, 0x0000000100000000)
  eden space 166912K, 0% used [0x00000000f5800000,0x00000000f5800000,0x00000000ffb00000)
  from space 2560K, 23% used [0x00000000ffb00000,0x00000000ffb98000,0x00000000ffd80000)
  to   space 2560K, 0% used [0x00000000ffd80000,0x00000000ffd80000,0x0000000100000000)
 ParOldGen       total 286720K, used 53487K [0x00000000e4000000, 0x00000000f5800000, 0x00000000f5800000)
  object space 286720K, 18% used [0x00000000e4000000,0x00000000e743bd70,0x00000000f5800000)
 Metaspace       used 58988K, capacity 62916K, committed 63104K, reserved 1103872K
  class space    used 7526K, capacity 8226K, committed 8320K, reserved 1048576K
}
{Heap before GC invocations=196 (full 0):
 PSYoungGen      total 169472K, used 167520K [0x00000000f5800000, 0x0000000100000000, 0x0000000100000000)
  eden space 166912K, 100% used [0x00000000f5800000,0x00000000ffb00000,0x00000000ffb00000)
  from space 2560K, 23% used [0x00000000ffb00000,0x00000000ffb98000,0x00000000ffd80000)
  to   space 2560K, 0% used [0x00000000ffd80000,0x00000000ffd80000,0x0000000100000000)
 ParOldGen       total 286720K, used 53487K [0x00000000e4000000, 0x00000000f5800000, 0x00000000f5800000)
  object space 286720K, 18% used [0x00000000e4000000,0x00000000e743bd70,0x00000000f5800000)
 Metaspace       used 59004K, capacity 62920K, committed 63104K, reserved 1103872K
  class space    used 7526K, capacity 8226K, committed 8320K, reserved 1048576K
2024-06-11T22:48:24.339+0800: 1923.428: [GC (Allocation Failure) [PSYoungGen: 167520K->640K(169984K)] 221007K->54143K(456704K), 0.0043549 secs] [Times: user=0.01 sys=0.00, real=0.01 secs] 
Heap after GC invocations=196 (full 0):
 PSYoungGen      total 169984K, used 640K [0x00000000f5800000, 0x0000000100000000, 0x0000000100000000)
  eden space 167424K, 0% used [0x00000000f5800000,0x00000000f5800000,0x00000000ffb80000)
  from space 2560K, 25% used [0x00000000ffd80000,0x00000000ffe20000,0x0000000100000000)
  to   space 2048K, 0% used [0x00000000ffb80000,0x00000000ffb80000,0x00000000ffd80000)
 ParOldGen       total 286720K, used 53503K [0x00000000e4000000, 0x00000000f5800000, 0x00000000f5800000)
  object space 286720K, 18% used [0x00000000e4000000,0x00000000e743fd70,0x00000000f5800000)
 Metaspace       used 59004K, capacity 62920K, committed 63104K, reserved 1103872K
  class space    used 7526K, capacity 8226K, committed 8320K, reserved 1048576K
}
{Heap before GC invocations=197 (full 0):
 PSYoungGen      total 169984K, used 168064K [0x00000000f5800000, 0x0000000100000000, 0x0000000100000000)
  eden space 167424K, 100% used [0x00000000f5800000,0x00000000ffb80000,0x00000000ffb80000)
  from space 2560K, 25% used [0x00000000ffd80000,0x00000000ffe20000,0x0000000100000000)
  to   space 2048K, 0% used [0x00000000ffb80000,0x00000000ffb80000,0x00000000ffd80000)
 ParOldGen       total 286720K, used 53503K [0x00000000e4000000, 0x00000000f5800000, 0x00000000f5800000)
  object space 286720K, 18% used [0x00000000e4000000,0x00000000e743fd70,0x00000000f5800000)
 Metaspace       used 59012K, capacity 62984K, committed 63104K, reserved 1103872K
  class space    used 7526K, capacity 8226K, committed 8320K, reserved 1048576K
2024-06-11T22:48:34.805+0800: 1933.894: [GC (Allocation Failure) [PSYoungGen: 168064K->640K(169472K)] 221567K->54159K(456192K), 0.0038892 secs] [Times: user=0.00 sys=0.00, real=0.00 secs] 
Heap after GC invocations=197 (full 0):
 PSYoungGen      total 169472K, used 640K [0x00000000f5800000, 0x0000000100000000, 0x0000000100000000)
  eden space 167424K, 0% used [0x00000000f5800000,0x00000000f5800000,0x00000000ffb80000)
  from space 2048K, 31% used [0x00000000ffb80000,0x00000000ffc20000,0x00000000ffd80000)
  to   space 2048K, 0% used [0x00000000ffe00000,0x00000000ffe00000,0x0000000100000000)
 ParOldGen       total 286720K, used 53519K [0x00000000e4000000, 0x00000000f5800000, 0x00000000f5800000)
  object space 286720K, 18% used [0x00000000e4000000,0x00000000e7443d70,0x00000000f5800000)
 Metaspace       used 59012K, capacity 62984K, committed 63104K, reserved 1103872K
  class space    used 7526K, capacity 8226K, committed 8320K, reserved 1048576K
}
{Heap before GC invocations=198 (full 0):
 PSYoungGen      total 169472K, used 168064K [0x00000000f5800000, 0x0000000100000000, 0x0000000100000000)
  eden space 167424K, 100% used [0x00000000f5800000,0x00000000ffb80000,0x00000000ffb80000)
  from space 2048K, 31% used [0x00000000ffb80000,0x00000000ffc20000,0x00000000ffd80000)
  to   space 2048K, 0% used [0x00000000ffe00000,0x00000000ffe00000,0x0000000100000000)
 ParOldGen       total 286720K, used 53519K [0x00000000e4000000, 0x00000000f5800000, 0x00000000f5800000)
  object space 286720K, 18% used [0x00000000e4000000,0x00000000e7443d70,0x00000000f5800000)
 Metaspace       used 59012K, capacity 62984K, committed 63104K, reserved 1103872K
  class space    used 7526K, capacity 8226K, committed 8320K, reserved 1048576K
2024-06-11T22:48:45.200+0800: 1944.288: [GC (Allocation Failure) [PSYoungGen: 168064K->640K(169984K)] 221583K->54167K(456704K), 0.0039682 secs] [Times: user=0.01 sys=0.00, real=0.01 secs] 
Heap after GC invocations=198 (full 0):
 PSYoungGen      total 169984K, used 640K [0x00000000f5800000, 0x0000000100000000, 0x0000000100000000)
  eden space 167936K, 0% used [0x00000000f5800000,0x00000000f5800000,0x00000000ffc00000)
  from space 2048K, 31% used [0x00000000ffe00000,0x00000000ffea0000,0x0000000100000000)
  to   space 2048K, 0% used [0x00000000ffc00000,0x00000000ffc00000,0x00000000ffe00000)
 ParOldGen       total 286720K, used 53527K [0x00000000e4000000, 0x00000000f5800000, 0x00000000f5800000)
  object space 286720K, 18% used [0x00000000e4000000,0x00000000e7445d70,0x00000000f5800000)
 Metaspace       used 59012K, capacity 62984K, committed 63104K, reserved 1103872K
  class space    used 7526K, capacity 8226K, committed 8320K, reserved 1048576K
}
{Heap before GC invocations=199 (full 0):
 PSYoungGen      total 169984K, used 168576K [0x00000000f5800000, 0x0000000100000000, 0x0000000100000000)
  eden space 167936K, 100% used [0x00000000f5800000,0x00000000ffc00000,0x00000000ffc00000)
  from space 2048K, 31% used [0x00000000ffe00000,0x00000000ffea0000,0x0000000100000000)
  to   space 2048K, 0% used [0x00000000ffc00000,0x00000000ffc00000,0x00000000ffe00000)
 ParOldGen       total 286720K, used 53527K [0x00000000e4000000, 0x00000000f5800000, 0x00000000f5800000)
  object space 286720K, 18% used [0x00000000e4000000,0x00000000e7445d70,0x00000000f5800000)
 Metaspace       used 59012K, capacity 62984K, committed 63104K, reserved 1103872K
  class space    used 7526K, capacity 8226K, committed 8320K, reserved 1048576K
2024-06-11T22:48:55.542+0800: 1954.630: [GC (Allocation Failure) [PSYoungGen: 168576K->640K(169984K)] 222103K->54183K(456704K), 0.0040112 secs] [Times: user=0.01 sys=0.00, real=0.00 secs] 
Heap after GC invocations=199 (full 0):
 PSYoungGen      total 169984K, used 640K [0x00000000f5800000, 0x0000000100000000, 0x0000000100000000)
  eden space 167936K, 0% used [0x00000000f5800000,0x00000000f5800000,0x00000000ffc00000)
  from space 2048K, 31% used [0x00000000ffc00000,0x00000000ffca0000,0x00000000ffe00000)
  to   space 2048K, 0% used [0x00000000ffe00000,0x00000000ffe00000,0x0000000100000000)
 ParOldGen       total 286720K, used 53543K [0x00000000e4000000, 0x00000000f5800000, 0x00000000f5800000)
  object space 286720K, 18% used [0x00000000e4000000,0x00000000e7449d70,0x00000000f5800000)
 Metaspace       used 59012K, capacity 62984K, committed 63104K, reserved 1103872K
  class space    used 7526K, capacity 8226K, committed 8320K, reserved 1048576K
}
{Heap before GC invocations=200 (full 0):
 PSYoungGen      total 169984K, used 168576K [0x00000000f5800000, 0x0000000100000000, 0x0000000100000000)
  eden space 167936K, 100% used [0x00000000f5800000,0x00000000ffc00000,0x00000000ffc00000)
  from space 2048K, 31% used [0x00000000ffc00000,0x00000000ffca0000,0x00000000ffe00000)
  to   space 2048K, 0% used [0x00000000ffe00000,0x00000000ffe00000,0x0000000100000000)
 ParOldGen       total 286720K, used 53543K [0x00000000e4000000, 0x00000000f5800000, 0x00000000f5800000)
  object space 286720K, 18% used [0x00000000e4000000,0x00000000e7449d70,0x00000000f5800000)
 Metaspace       used 59012K, capacity 62984K, committed 63104K, reserved 1103872K
  class space    used 7526K, capacity 8226K, committed 8320K, reserved 1048576K
2024-06-11T22:49:05.775+0800: 1964.864: [GC (Allocation Failure) [PSYoungGen: 168576K->1920K(168960K)] 222119K->55479K(455680K), 0.0060485 secs] [Times: user=0.01 sys=0.00, real=0.01 secs] 
Heap after GC invocations=200 (full 0):
 PSYoungGen      total 168960K, used 1920K [0x00000000f5800000, 0x0000000100000000, 0x0000000100000000)
  eden space 166912K, 0% used [0x00000000f5800000,0x00000000f5800000,0x00000000ffb00000)
  from space 2048K, 93% used [0x00000000ffe00000,0x00000000fffe0000,0x0000000100000000)
  to   space 2560K, 0% used [0x00000000ffb00000,0x00000000ffb00000,0x00000000ffd80000)
 ParOldGen       total 286720K, used 53559K [0x00000000e4000000, 0x00000000f5800000, 0x00000000f5800000)
  object space 286720K, 18% used [0x00000000e4000000,0x00000000e744dd70,0x00000000f5800000)
 Metaspace       used 59012K, capacity 62984K, committed 63104K, reserved 1103872K
  class space    used 7526K, capacity 8226K, committed 8320K, reserved 1048576K
}
{Heap before GC invocations=201 (full 0):
 PSYoungGen      total 168960K, used 168832K [0x00000000f5800000, 0x0000000100000000, 0x0000000100000000)
  eden space 166912K, 100% used [0x00000000f5800000,0x00000000ffb00000,0x00000000ffb00000)
  from space 2048K, 93% used [0x00000000ffe00000,0x00000000fffe0000,0x0000000100000000)
  to   space 2560K, 0% used [0x00000000ffb00000,0x00000000ffb00000,0x00000000ffd80000)
 ParOldGen       total 286720K, used 53559K [0x00000000e4000000, 0x00000000f5800000, 0x00000000f5800000)
  object space 286720K, 18% used [0x00000000e4000000,0x00000000e744dd70,0x00000000f5800000)
 Metaspace       used 59012K, capacity 62984K, committed 63104K, reserved 1103872K
  class space    used 7526K, capacity 8226K, committed 8320K, reserved 1048576K
2024-06-11T22:49:16.130+0800: 1975.219: [GC (Allocation Failure) [PSYoungGen: 168832K->640K(169472K)] 222391K->55503K(456192K), 0.0059588 secs] [Times: user=0.01 sys=0.00, real=0.01 secs] 
Heap after GC invocations=201 (full 0):
 PSYoungGen      total 169472K, used 640K [0x00000000f5800000, 0x0000000100000000, 0x0000000100000000)
  eden space 166912K, 0% used [0x00000000f5800000,0x00000000f5800000,0x00000000ffb00000)
  from space 2560K, 25% used [0x00000000ffb00000,0x00000000ffba0000,0x00000000ffd80000)
  to   space 2048K, 0% used [0x00000000ffe00000,0x00000000ffe00000,0x0000000100000000)
 ParOldGen       total 286720K, used 54863K [0x00000000e4000000, 0x00000000f5800000, 0x00000000f5800000)
  object space 286720K, 19% used [0x00000000e4000000,0x00000000e7593d70,0x00000000f5800000)
 Metaspace       used 59012K, capacity 62984K, committed 63104K, reserved 1103872K
  class space    used 7526K, capacity 8226K, committed 8320K, reserved 1048576K
}
{Heap before GC invocations=202 (full 0):
 PSYoungGen      total 169472K, used 167552K [0x00000000f5800000, 0x0000000100000000, 0x0000000100000000)
  eden space 166912K, 100% used [0x00000000f5800000,0x00000000ffb00000,0x00000000ffb00000)
  from space 2560K, 25% used [0x00000000ffb00000,0x00000000ffba0000,0x00000000ffd80000)
  to   space 2048K, 0% used [0x00000000ffe00000,0x00000000ffe00000,0x0000000100000000)
 ParOldGen       total 286720K, used 54863K [0x00000000e4000000, 0x00000000f5800000, 0x00000000f5800000)
  object space 286720K, 19% used [0x00000000e4000000,0x00000000e7593d70,0x00000000f5800000)
 Metaspace       used 59012K, capacity 62984K, committed 63104K, reserved 1103872K
  class space    used 7526K, capacity 8226K, committed 8320K, reserved 1048576K
2024-06-11T22:49:26.670+0800: 1985.759: [GC (Allocation Failure) [PSYoungGen: 167552K->608K(169984K)] 222415K->55479K(456704K), 0.0041022 secs] [Times: user=0.01 sys=0.00, real=0.01 secs] 
Heap after GC invocations=202 (full 0):
 PSYoungGen      total 169984K, used 608K [0x00000000f5800000, 0x0000000100000000, 0x0000000100000000)
  eden space 167936K, 0% used [0x00000000f5800000,0x00000000f5800000,0x00000000ffc00000)
  from space 2048K, 29% used [0x00000000ffe00000,0x00000000ffe98000,0x0000000100000000)
  to   space 2048K, 0% used [0x00000000ffc00000,0x00000000ffc00000,0x00000000ffe00000)
 ParOldGen       total 286720K, used 54871K [0x00000000e4000000, 0x00000000f5800000, 0x00000000f5800000)
  object space 286720K, 19% used [0x00000000e4000000,0x00000000e7595d70,0x00000000f5800000)
 Metaspace       used 59012K, capacity 62984K, committed 63104K, reserved 1103872K
  class space    used 7526K, capacity 8226K, committed 8320K, reserved 1048576K
}
{Heap before GC invocations=203 (full 0):
 PSYoungGen      total 169984K, used 168544K [0x00000000f5800000, 0x0000000100000000, 0x0000000100000000)
  eden space 167936K, 100% used [0x00000000f5800000,0x00000000ffc00000,0x00000000ffc00000)
  from space 2048K, 29% used [0x00000000ffe00000,0x00000000ffe98000,0x0000000100000000)
  to   space 2048K, 0% used [0x00000000ffc00000,0x00000000ffc00000,0x00000000ffe00000)
 ParOldGen       total 286720K, used 54871K [0x00000000e4000000, 0x00000000f5800000, 0x00000000f5800000)
  object space 286720K, 19% used [0x00000000e4000000,0x00000000e7595d70,0x00000000f5800000)
 Metaspace       used 59012K, capacity 62984K, committed 63104K, reserved 1103872K
  class space    used 7526K, capacity 8226K, committed 8320K, reserved 1048576K
2024-06-11T22:49:37.175+0800: 1996.264: [GC (Allocation Failure) [PSYoungGen: 168544K->640K(169984K)] 223415K->55519K(456704K), 0.0049192 secs] [Times: user=0.00 sys=0.00, real=0.00 secs] 
Heap after GC invocations=203 (full 0):
 PSYoungGen      total 169984K, used 640K [0x00000000f5800000, 0x0000000100000000, 0x0000000100000000)
  eden space 167936K, 0% used [0x00000000f5800000,0x00000000f5800000,0x00000000ffc00000)
  from space 2048K, 31% used [0x00000000ffc00000,0x00000000ffca0000,0x00000000ffe00000)
  to   space 2048K, 0% used [0x00000000ffe00000,0x00000000ffe00000,0x0000000100000000)
 ParOldGen       total 286720K, used 54879K [0x00000000e4000000, 0x00000000f5800000, 0x00000000f5800000)
  object space 286720K, 19% used [0x00000000e4000000,0x00000000e7597d70,0x00000000f5800000)
 Metaspace       used 59012K, capacity 62984K, committed 63104K, reserved 1103872K
  class space    used 7526K, capacity 8226K, committed 8320K, reserved 1048576K
}
{Heap before GC invocations=204 (full 0):
 PSYoungGen      total 169984K, used 168576K [0x00000000f5800000, 0x0000000100000000, 0x0000000100000000)
  eden space 167936K, 100% used [0x00000000f5800000,0x00000000ffc00000,0x00000000ffc00000)
  from space 2048K, 31% used [0x00000000ffc00000,0x00000000ffca0000,0x00000000ffe00000)
  to   space 2048K, 0% used [0x00000000ffe00000,0x00000000ffe00000,0x0000000100000000)
 ParOldGen       total 286720K, used 54879K [0x00000000e4000000, 0x00000000f5800000, 0x00000000f5800000)
  object space 286720K, 19% used [0x00000000e4000000,0x00000000e7597d70,0x00000000f5800000)
 Metaspace       used 59012K, capacity 62984K, committed 63104K, reserved 1103872K
  class space    used 7526K, capacity 8226K, committed 8320K, reserved 1048576K
2024-06-11T22:49:47.417+0800: 2006.506: [GC (Allocation Failure) [PSYoungGen: 168576K->608K(169984K)] 223455K->55487K(456704K), 0.0048489 secs] [Times: user=0.01 sys=0.00, real=0.01 secs] 
Heap after GC invocations=204 (full 0):
 PSYoungGen      total 169984K, used 608K [0x00000000f5800000, 0x0000000100000000, 0x0000000100000000)
  eden space 167936K, 0% used [0x00000000f5800000,0x00000000f5800000,0x00000000ffc00000)
  from space 2048K, 29% used [0x00000000ffe00000,0x00000000ffe98000,0x0000000100000000)
  to   space 2048K, 0% used [0x00000000ffc00000,0x00000000ffc00000,0x00000000ffe00000)
 ParOldGen       total 286720K, used 54879K [0x00000000e4000000, 0x00000000f5800000, 0x00000000f5800000)
  object space 286720K, 19% used [0x00000000e4000000,0x00000000e7597d70,0x00000000f5800000)
 Metaspace       used 59012K, capacity 62984K, committed 63104K, reserved 1103872K
  class space    used 7526K, capacity 8226K, committed 8320K, reserved 1048576K
}
{Heap before GC invocations=205 (full 0):
 PSYoungGen      total 169984K, used 168544K [0x00000000f5800000, 0x0000000100000000, 0x0000000100000000)
  eden space 167936K, 100% used [0x00000000f5800000,0x00000000ffc00000,0x00000000ffc00000)
  from space 2048K, 29% used [0x00000000ffe00000,0x00000000ffe98000,0x0000000100000000)
  to   space 2048K, 0% used [0x00000000ffc00000,0x00000000ffc00000,0x00000000ffe00000)
 ParOldGen       total 286720K, used 54879K [0x00000000e4000000, 0x00000000f5800000, 0x00000000f5800000)
  object space 286720K, 19% used [0x00000000e4000000,0x00000000e7597d70,0x00000000f5800000)
 Metaspace       used 59012K, capacity 62984K, committed 63104K, reserved 1103872K
  class space    used 7526K, capacity 8226K, committed 8320K, reserved 1048576K
2024-06-11T22:49:58.074+0800: 2017.163: [GC (Allocation Failure) [PSYoungGen: 168544K->640K(169984K)] 223423K->55527K(456704K), 0.0044234 secs] [Times: user=0.01 sys=0.00, real=0.00 secs] 
Heap after GC invocations=205 (full 0):
 PSYoungGen      total 169984K, used 640K [0x00000000f5800000, 0x0000000100000000, 0x0000000100000000)
  eden space 167936K, 0% used [0x00000000f5800000,0x00000000f5800000,0x00000000ffc00000)
  from space 2048K, 31% used [0x00000000ffc00000,0x00000000ffca0000,0x00000000ffe00000)
  to   space 2048K, 0% used [0x00000000ffe00000,0x00000000ffe00000,0x0000000100000000)
 ParOldGen       total 286720K, used 54887K [0x00000000e4000000, 0x00000000f5800000, 0x00000000f5800000)
  object space 286720K, 19% used [0x00000000e4000000,0x00000000e7599d70,0x00000000f5800000)
 Metaspace       used 59012K, capacity 62984K, committed 63104K, reserved 1103872K
  class space    used 7526K, capacity 8226K, committed 8320K, reserved 1048576K
}
{Heap before GC invocations=206 (full 0):
 PSYoungGen      total 169984K, used 168576K [0x00000000f5800000, 0x0000000100000000, 0x0000000100000000)
  eden space 167936K, 100% used [0x00000000f5800000,0x00000000ffc00000,0x00000000ffc00000)
  from space 2048K, 31% used [0x00000000ffc00000,0x00000000ffca0000,0x00000000ffe00000)
  to   space 2048K, 0% used [0x00000000ffe00000,0x00000000ffe00000,0x0000000100000000)
 ParOldGen       total 286720K, used 54887K [0x00000000e4000000, 0x00000000f5800000, 0x00000000f5800000)
  object space 286720K, 19% used [0x00000000e4000000,0x00000000e7599d70,0x00000000f5800000)
 Metaspace       used 59012K, capacity 62984K, committed 63104K, reserved 1103872K
  class space    used 7526K, capacity 8226K, committed 8320K, reserved 1048576K
2024-06-11T22:50:08.395+0800: 2027.483: [GC (Allocation Failure) [PSYoungGen: 168576K->1920K(168960K)] 223463K->56815K(455680K), 0.0061499 secs] [Times: user=0.01 sys=0.00, real=0.01 secs] 
Heap after GC invocations=206 (full 0):
 PSYoungGen      total 168960K, used 1920K [0x00000000f5800000, 0x0000000100000000, 0x0000000100000000)
  eden space 166912K, 0% used [0x00000000f5800000,0x00000000f5800000,0x00000000ffb00000)
  from space 2048K, 93% used [0x00000000ffe00000,0x00000000fffe0000,0x0000000100000000)
  to   space 2560K, 0% used [0x00000000ffb00000,0x00000000ffb00000,0x00000000ffd80000)
 ParOldGen       total 286720K, used 54895K [0x00000000e4000000, 0x00000000f5800000, 0x00000000f5800000)
  object space 286720K, 19% used [0x00000000e4000000,0x00000000e759bd70,0x00000000f5800000)
 Metaspace       used 59012K, capacity 62984K, committed 63104K, reserved 1103872K
  class space    used 7526K, capacity 8226K, committed 8320K, reserved 1048576K
}
{Heap before GC invocations=207 (full 0):
 PSYoungGen      total 168960K, used 168832K [0x00000000f5800000, 0x0000000100000000, 0x0000000100000000)
  eden space 166912K, 100% used [0x00000000f5800000,0x00000000ffb00000,0x00000000ffb00000)
  from space 2048K, 93% used [0x00000000ffe00000,0x00000000fffe0000,0x0000000100000000)
  to   space 2560K, 0% used [0x00000000ffb00000,0x00000000ffb00000,0x00000000ffd80000)
 ParOldGen       total 286720K, used 54895K [0x00000000e4000000, 0x00000000f5800000, 0x00000000f5800000)
  object space 286720K, 19% used [0x00000000e4000000,0x00000000e759bd70,0x00000000f5800000)
 Metaspace       used 59012K, capacity 62984K, committed 63104K, reserved 1103872K
  class space    used 7526K, capacity 8226K, committed 8320K, reserved 1048576K
2024-06-11T22:50:18.873+0800: 2037.962: [GC (Allocation Failure) [PSYoungGen: 168832K->640K(169472K)] 223727K->56839K(456192K), 0.0061811 secs] [Times: user=0.01 sys=0.00, real=0.00 secs] 
Heap after GC invocations=207 (full 0):
 PSYoungGen      total 169472K, used 640K [0x00000000f5800000, 0x0000000100000000, 0x0000000100000000)
  eden space 166912K, 0% used [0x00000000f5800000,0x00000000f5800000,0x00000000ffb00000)
  from space 2560K, 25% used [0x00000000ffb00000,0x00000000ffba0000,0x00000000ffd80000)
  to   space 2048K, 0% used [0x00000000ffe00000,0x00000000ffe00000,0x0000000100000000)
 ParOldGen       total 286720K, used 56199K [0x00000000e4000000, 0x00000000f5800000, 0x00000000f5800000)
  object space 286720K, 19% used [0x00000000e4000000,0x00000000e76e1d70,0x00000000f5800000)
 Metaspace       used 59012K, capacity 62984K, committed 63104K, reserved 1103872K
  class space    used 7526K, capacity 8226K, committed 8320K, reserved 1048576K
}
{Heap before GC invocations=208 (full 0):
 PSYoungGen      total 169472K, used 167552K [0x00000000f5800000, 0x0000000100000000, 0x0000000100000000)
  eden space 166912K, 100% used [0x00000000f5800000,0x00000000ffb00000,0x00000000ffb00000)
  from space 2560K, 25% used [0x00000000ffb00000,0x00000000ffba0000,0x00000000ffd80000)
  to   space 2048K, 0% used [0x00000000ffe00000,0x00000000ffe00000,0x0000000100000000)
 ParOldGen       total 286720K, used 56199K [0x00000000e4000000, 0x00000000f5800000, 0x00000000f5800000)
  object space 286720K, 19% used [0x00000000e4000000,0x00000000e76e1d70,0x00000000f5800000)
 Metaspace       used 59012K, capacity 62984K, committed 63104K, reserved 1103872K
  class space    used 7526K, capacity 8226K, committed 8320K, reserved 1048576K
2024-06-11T22:50:29.195+0800: 2048.284: [GC (Allocation Failure) [PSYoungGen: 167552K->608K(169984K)] 223751K->56815K(456704K), 0.0039618 secs] [Times: user=0.01 sys=0.00, real=0.00 secs] 
Heap after GC invocations=208 (full 0):
 PSYoungGen      total 169984K, used 608K [0x00000000f5800000, 0x0000000100000000, 0x0000000100000000)
  eden space 167936K, 0% used [0x00000000f5800000,0x00000000f5800000,0x00000000ffc00000)
  from space 2048K, 29% used [0x00000000ffe00000,0x00000000ffe98000,0x0000000100000000)
  to   space 2048K, 0% used [0x00000000ffc00000,0x00000000ffc00000,0x00000000ffe00000)
 ParOldGen       total 286720K, used 56207K [0x00000000e4000000, 0x00000000f5800000, 0x00000000f5800000)
  object space 286720K, 19% used [0x00000000e4000000,0x00000000e76e3d70,0x00000000f5800000)
 Metaspace       used 59012K, capacity 62984K, committed 63104K, reserved 1103872K
  class space    used 7526K, capacity 8226K, committed 8320K, reserved 1048576K
}
{Heap before GC invocations=209 (full 0):
 PSYoungGen      total 169984K, used 168544K [0x00000000f5800000, 0x0000000100000000, 0x0000000100000000)
  eden space 167936K, 100% used [0x00000000f5800000,0x00000000ffc00000,0x00000000ffc00000)
  from space 2048K, 29% used [0x00000000ffe00000,0x00000000ffe98000,0x0000000100000000)
  to   space 2048K, 0% used [0x00000000ffc00000,0x00000000ffc00000,0x00000000ffe00000)
 ParOldGen       total 286720K, used 56207K [0x00000000e4000000, 0x00000000f5800000, 0x00000000f5800000)
  object space 286720K, 19% used [0x00000000e4000000,0x00000000e76e3d70,0x00000000f5800000)
 Metaspace       used 59012K, capacity 62984K, committed 63104K, reserved 1103872K
  class space    used 7526K, capacity 8226K, committed 8320K, reserved 1048576K
2024-06-11T22:50:39.777+0800: 2058.866: [GC (Allocation Failure) [PSYoungGen: 168544K->608K(169984K)] 224751K->56823K(456704K), 0.0063734 secs] [Times: user=0.01 sys=0.00, real=0.01 secs] 
Heap after GC invocations=209 (full 0):
 PSYoungGen      total 169984K, used 608K [0x00000000f5800000, 0x0000000100000000, 0x0000000100000000)
  eden space 167936K, 0% used [0x00000000f5800000,0x00000000f5800000,0x00000000ffc00000)
  from space 2048K, 29% used [0x00000000ffc00000,0x00000000ffc98000,0x00000000ffe00000)
  to   space 2048K, 0% used [0x00000000ffe00000,0x00000000ffe00000,0x0000000100000000)
 ParOldGen       total 286720K, used 56215K [0x00000000e4000000, 0x00000000f5800000, 0x00000000f5800000)
  object space 286720K, 19% used [0x00000000e4000000,0x00000000e76e5d70,0x00000000f5800000)
 Metaspace       used 59012K, capacity 62984K, committed 63104K, reserved 1103872K
  class space    used 7526K, capacity 8226K, committed 8320K, reserved 1048576K
}
{Heap before GC invocations=210 (full 0):
 PSYoungGen      total 169984K, used 168544K [0x00000000f5800000, 0x0000000100000000, 0x0000000100000000)
  eden space 167936K, 100% used [0x00000000f5800000,0x00000000ffc00000,0x00000000ffc00000)
  from space 2048K, 29% used [0x00000000ffc00000,0x00000000ffc98000,0x00000000ffe00000)
  to   space 2048K, 0% used [0x00000000ffe00000,0x00000000ffe00000,0x0000000100000000)
 ParOldGen       total 286720K, used 56215K [0x00000000e4000000, 0x00000000f5800000, 0x00000000f5800000)
  object space 286720K, 19% used [0x00000000e4000000,0x00000000e76e5d70,0x00000000f5800000)
 Metaspace       used 59013K, capacity 62984K, committed 63104K, reserved 1103872K
  class space    used 7526K, capacity 8226K, committed 8320K, reserved 1048576K
2024-06-11T22:50:50.419+0800: 2069.508: [GC (Allocation Failure) [PSYoungGen: 168544K->608K(169984K)] 224759K->56831K(456704K), 0.0039808 secs] [Times: user=0.01 sys=0.00, real=0.01 secs] 
Heap after GC invocations=210 (full 0):
 PSYoungGen      total 169984K, used 608K [0x00000000f5800000, 0x0000000100000000, 0x0000000100000000)
  eden space 167936K, 0% used [0x00000000f5800000,0x00000000f5800000,0x00000000ffc00000)
  from space 2048K, 29% used [0x00000000ffe00000,0x00000000ffe98000,0x0000000100000000)
  to   space 2048K, 0% used [0x00000000ffc00000,0x00000000ffc00000,0x00000000ffe00000)
 ParOldGen       total 286720K, used 56223K [0x00000000e4000000, 0x00000000f5800000, 0x00000000f5800000)
  object space 286720K, 19% used [0x00000000e4000000,0x00000000e76e7d70,0x00000000f5800000)
 Metaspace       used 59013K, capacity 62984K, committed 63104K, reserved 1103872K
  class space    used 7526K, capacity 8226K, committed 8320K, reserved 1048576K
}
{Heap before GC invocations=211 (full 0):
 PSYoungGen      total 169984K, used 168544K [0x00000000f5800000, 0x0000000100000000, 0x0000000100000000)
  eden space 167936K, 100% used [0x00000000f5800000,0x00000000ffc00000,0x00000000ffc00000)
  from space 2048K, 29% used [0x00000000ffe00000,0x00000000ffe98000,0x0000000100000000)
  to   space 2048K, 0% used [0x00000000ffc00000,0x00000000ffc00000,0x00000000ffe00000)
 ParOldGen       total 286720K, used 56223K [0x00000000e4000000, 0x00000000f5800000, 0x00000000f5800000)
  object space 286720K, 19% used [0x00000000e4000000,0x00000000e76e7d70,0x00000000f5800000)
 Metaspace       used 59013K, capacity 62984K, committed 63104K, reserved 1103872K
  class space    used 7526K, capacity 8226K, committed 8320K, reserved 1048576K
2024-06-11T22:51:00.975+0800: 2080.064: [GC (Allocation Failure) [PSYoungGen: 168544K->1376K(169984K)] 224767K->57599K(456704K), 0.0053089 secs] [Times: user=0.01 sys=0.00, real=0.01 secs] 
Heap after GC invocations=211 (full 0):
 PSYoungGen      total 169984K, used 1376K [0x00000000f5800000, 0x0000000100000000, 0x0000000100000000)
  eden space 167936K, 0% used [0x00000000f5800000,0x00000000f5800000,0x00000000ffc00000)
  from space 2048K, 67% used [0x00000000ffc00000,0x00000000ffd58000,0x00000000ffe00000)
  to   space 2048K, 0% used [0x00000000ffe00000,0x00000000ffe00000,0x0000000100000000)
 ParOldGen       total 286720K, used 56223K [0x00000000e4000000, 0x00000000f5800000, 0x00000000f5800000)
  object space 286720K, 19% used [0x00000000e4000000,0x00000000e76e7d70,0x00000000f5800000)
 Metaspace       used 59013K, capacity 62984K, committed 63104K, reserved 1103872K
  class space    used 7526K, capacity 8226K, committed 8320K, reserved 1048576K
}
{Heap before GC invocations=212 (full 0):
 PSYoungGen      total 169984K, used 169312K [0x00000000f5800000, 0x0000000100000000, 0x0000000100000000)
  eden space 167936K, 100% used [0x00000000f5800000,0x00000000ffc00000,0x00000000ffc00000)
  from space 2048K, 67% used [0x00000000ffc00000,0x00000000ffd58000,0x00000000ffe00000)
  to   space 2048K, 0% used [0x00000000ffe00000,0x00000000ffe00000,0x0000000100000000)
 ParOldGen       total 286720K, used 56223K [0x00000000e4000000, 0x00000000f5800000, 0x00000000f5800000)
  object space 286720K, 19% used [0x00000000e4000000,0x00000000e76e7d70,0x00000000f5800000)
 Metaspace       used 59013K, capacity 62984K, committed 63104K, reserved 1103872K
  class space    used 7526K, capacity 8226K, committed 8320K, reserved 1048576K
2024-06-11T22:51:11.259+0800: 2090.348: [GC (Allocation Failure) [PSYoungGen: 169312K->1088K(169984K)] 225535K->58119K(456704K), 0.0075572 secs] [Times: user=0.01 sys=0.00, real=0.01 secs] 
Heap after GC invocations=212 (full 0):
 PSYoungGen      total 169984K, used 1088K [0x00000000f5800000, 0x0000000100000000, 0x0000000100000000)
  eden space 167936K, 0% used [0x00000000f5800000,0x00000000f5800000,0x00000000ffc00000)
  from space 2048K, 53% used [0x00000000ffe00000,0x00000000fff10000,0x0000000100000000)
  to   space 2048K, 0% used [0x00000000ffc00000,0x00000000ffc00000,0x00000000ffe00000)
 ParOldGen       total 286720K, used 57031K [0x00000000e4000000, 0x00000000f5800000, 0x00000000f5800000)
  object space 286720K, 19% used [0x00000000e4000000,0x00000000e77b1d70,0x00000000f5800000)
 Metaspace       used 59013K, capacity 62984K, committed 63104K, reserved 1103872K
  class space    used 7526K, capacity 8226K, committed 8320K, reserved 1048576K
}
{Heap before GC invocations=213 (full 0):
 PSYoungGen      total 169984K, used 169024K [0x00000000f5800000, 0x0000000100000000, 0x0000000100000000)
  eden space 167936K, 100% used [0x00000000f5800000,0x00000000ffc00000,0x00000000ffc00000)
  from space 2048K, 53% used [0x00000000ffe00000,0x00000000fff10000,0x0000000100000000)
  to   space 2048K, 0% used [0x00000000ffc00000,0x00000000ffc00000,0x00000000ffe00000)
 ParOldGen       total 286720K, used 57031K [0x00000000e4000000, 0x00000000f5800000, 0x00000000f5800000)
  object space 286720K, 19% used [0x00000000e4000000,0x00000000e77b1d70,0x00000000f5800000)
 Metaspace       used 59013K, capacity 62984K, committed 63104K, reserved 1103872K
  class space    used 7526K, capacity 8226K, committed 8320K, reserved 1048576K
2024-06-11T22:51:21.803+0800: 2100.892: [GC (Allocation Failure) [PSYoungGen: 169024K->608K(169984K)] 226055K->58135K(456704K), 0.0055387 secs] [Times: user=0.00 sys=0.00, real=0.00 secs] 
Heap after GC invocations=213 (full 0):
 PSYoungGen      total 169984K, used 608K [0x00000000f5800000, 0x0000000100000000, 0x0000000100000000)
  eden space 167936K, 0% used [0x00000000f5800000,0x00000000f5800000,0x00000000ffc00000)
  from space 2048K, 29% used [0x00000000ffc00000,0x00000000ffc98000,0x00000000ffe00000)
  to   space 2048K, 0% used [0x00000000ffe00000,0x00000000ffe00000,0x0000000100000000)
 ParOldGen       total 286720K, used 57527K [0x00000000e4000000, 0x00000000f5800000, 0x00000000f5800000)
  object space 286720K, 20% used [0x00000000e4000000,0x00000000e782dd70,0x00000000f5800000)
 Metaspace       used 59013K, capacity 62984K, committed 63104K, reserved 1103872K
  class space    used 7526K, capacity 8226K, committed 8320K, reserved 1048576K
}
{Heap before GC invocations=214 (full 0):
 PSYoungGen      total 169984K, used 168544K [0x00000000f5800000, 0x0000000100000000, 0x0000000100000000)
  eden space 167936K, 100% used [0x00000000f5800000,0x00000000ffc00000,0x00000000ffc00000)
  from space 2048K, 29% used [0x00000000ffc00000,0x00000000ffc98000,0x00000000ffe00000)
  to   space 2048K, 0% used [0x00000000ffe00000,0x00000000ffe00000,0x0000000100000000)
 ParOldGen       total 286720K, used 57527K [0x00000000e4000000, 0x00000000f5800000, 0x00000000f5800000)
  object space 286720K, 20% used [0x00000000e4000000,0x00000000e782dd70,0x00000000f5800000)
 Metaspace       used 59013K, capacity 62984K, committed 63104K, reserved 1103872K
  class space    used 7526K, capacity 8226K, committed 8320K, reserved 1048576K
2024-06-11T22:51:31.937+0800: 2111.025: [GC (Allocation Failure) [PSYoungGen: 168544K->608K(169984K)] 226071K->58135K(456704K), 0.0039070 secs] [Times: user=0.01 sys=0.00, real=0.01 secs] 
Heap after GC invocations=214 (full 0):
 PSYoungGen      total 169984K, used 608K [0x00000000f5800000, 0x0000000100000000, 0x0000000100000000)
  eden space 167936K, 0% used [0x00000000f5800000,0x00000000f5800000,0x00000000ffc00000)
  from space 2048K, 29% used [0x00000000ffe00000,0x00000000ffe98000,0x0000000100000000)
  to   space 2048K, 0% used [0x00000000ffc00000,0x00000000ffc00000,0x00000000ffe00000)
 ParOldGen       total 286720K, used 57527K [0x00000000e4000000, 0x00000000f5800000, 0x00000000f5800000)
  object space 286720K, 20% used [0x00000000e4000000,0x00000000e782dd70,0x00000000f5800000)
 Metaspace       used 59013K, capacity 62984K, committed 63104K, reserved 1103872K
  class space    used 7526K, capacity 8226K, committed 8320K, reserved 1048576K
}
{Heap before GC invocations=215 (full 0):
 PSYoungGen      total 169984K, used 168544K [0x00000000f5800000, 0x0000000100000000, 0x0000000100000000)
  eden space 167936K, 100% used [0x00000000f5800000,0x00000000ffc00000,0x00000000ffc00000)
  from space 2048K, 29% used [0x00000000ffe00000,0x00000000ffe98000,0x0000000100000000)
  to   space 2048K, 0% used [0x00000000ffc00000,0x00000000ffc00000,0x00000000ffe00000)
 ParOldGen       total 286720K, used 57527K [0x00000000e4000000, 0x00000000f5800000, 0x00000000f5800000)
  object space 286720K, 20% used [0x00000000e4000000,0x00000000e782dd70,0x00000000f5800000)
 Metaspace       used 59013K, capacity 62984K, committed 63104K, reserved 1103872K
  class space    used 7526K, capacity 8226K, committed 8320K, reserved 1048576K
2024-06-11T22:51:42.387+0800: 2121.476: [GC (Allocation Failure) [PSYoungGen: 168544K->352K(169984K)] 226071K->57895K(456704K), 0.0038251 secs] [Times: user=0.00 sys=0.00, real=0.01 secs] 
Heap after GC invocations=215 (full 0):
 PSYoungGen      total 169984K, used 352K [0x00000000f5800000, 0x0000000100000000, 0x0000000100000000)
  eden space 167936K, 0% used [0x00000000f5800000,0x00000000f5800000,0x00000000ffc00000)
  from space 2048K, 17% used [0x00000000ffc00000,0x00000000ffc58000,0x00000000ffe00000)
  to   space 2048K, 0% used [0x00000000ffe00000,0x00000000ffe00000,0x0000000100000000)
 ParOldGen       total 286720K, used 57543K [0x00000000e4000000, 0x00000000f5800000, 0x00000000f5800000)
  object space 286720K, 20% used [0x00000000e4000000,0x00000000e7831d70,0x00000000f5800000)
 Metaspace       used 59013K, capacity 62984K, committed 63104K, reserved 1103872K
  class space    used 7526K, capacity 8226K, committed 8320K, reserved 1048576K
}
{Heap before GC invocations=216 (full 0):
 PSYoungGen      total 169984K, used 168288K [0x00000000f5800000, 0x0000000100000000, 0x0000000100000000)
  eden space 167936K, 100% used [0x00000000f5800000,0x00000000ffc00000,0x00000000ffc00000)
  from space 2048K, 17% used [0x00000000ffc00000,0x00000000ffc58000,0x00000000ffe00000)
  to   space 2048K, 0% used [0x00000000ffe00000,0x00000000ffe00000,0x0000000100000000)
 ParOldGen       total 286720K, used 57543K [0x00000000e4000000, 0x00000000f5800000, 0x00000000f5800000)
  object space 286720K, 20% used [0x00000000e4000000,0x00000000e7831d70,0x00000000f5800000)
 Metaspace       used 59013K, capacity 62984K, committed 63104K, reserved 1103872K
  class space    used 7526K, capacity 8226K, committed 8320K, reserved 1048576K
2024-06-11T22:51:52.598+0800: 2131.686: [GC (Allocation Failure) [PSYoungGen: 168288K->2048K(168960K)] 225831K->59751K(455680K), 0.0059629 secs] [Times: user=0.01 sys=0.01, real=0.01 secs] 
Heap after GC invocations=216 (full 0):
 PSYoungGen      total 168960K, used 2048K [0x00000000f5800000, 0x0000000100000000, 0x0000000100000000)
  eden space 166912K, 0% used [0x00000000f5800000,0x00000000f5800000,0x00000000ffb00000)
  from space 2048K, 100% used [0x00000000ffe00000,0x0000000100000000,0x0000000100000000)
  to   space 2560K, 0% used [0x00000000ffb00000,0x00000000ffb00000,0x00000000ffd80000)
 ParOldGen       total 286720K, used 57703K [0x00000000e4000000, 0x00000000f5800000, 0x00000000f5800000)
  object space 286720K, 20% used [0x00000000e4000000,0x00000000e7859d70,0x00000000f5800000)
 Metaspace       used 59013K, capacity 62984K, committed 63104K, reserved 1103872K
  class space    used 7526K, capacity 8226K, committed 8320K, reserved 1048576K
}
{Heap before GC invocations=217 (full 0):
 PSYoungGen      total 168960K, used 168960K [0x00000000f5800000, 0x0000000100000000, 0x0000000100000000)
  eden space 166912K, 100% used [0x00000000f5800000,0x00000000ffb00000,0x00000000ffb00000)
  from space 2048K, 100% used [0x00000000ffe00000,0x0000000100000000,0x0000000100000000)
  to   space 2560K, 0% used [0x00000000ffb00000,0x00000000ffb00000,0x00000000ffd80000)
 ParOldGen       total 286720K, used 57703K [0x00000000e4000000, 0x00000000f5800000, 0x00000000f5800000)
  object space 286720K, 20% used [0x00000000e4000000,0x00000000e7859d70,0x00000000f5800000)
 Metaspace       used 70458K, capacity 74482K, committed 74880K, reserved 1114112K
  class space    used 9056K, capacity 9765K, committed 9856K, reserved 1048576K
2024-06-11T22:51:59.009+0800: 2138.098: [GC (Allocation Failure) [PSYoungGen: 168960K->2544K(164864K)] 226663K->80361K(451584K), 0.0221213 secs] [Times: user=0.03 sys=0.01, real=0.03 secs] 
Heap after GC invocations=217 (full 0):
 PSYoungGen      total 164864K, used 2544K [0x00000000f5800000, 0x0000000100000000, 0x0000000100000000)
  eden space 162304K, 0% used [0x00000000f5800000,0x00000000f5800000,0x00000000ff680000)
  from space 2560K, 99% used [0x00000000ffb00000,0x00000000ffd7c0c0,0x00000000ffd80000)
  to   space 2560K, 0% used [0x00000000ffd80000,0x00000000ffd80000,0x0000000100000000)
 ParOldGen       total 286720K, used 77817K [0x00000000e4000000, 0x00000000f5800000, 0x00000000f5800000)
  object space 286720K, 27% used [0x00000000e4000000,0x00000000e8bfe518,0x00000000f5800000)
 Metaspace       used 70458K, capacity 74482K, committed 74880K, reserved 1114112K
  class space    used 9056K, capacity 9765K, committed 9856K, reserved 1048576K
}
{Heap before GC invocations=218 (full 0):
 PSYoungGen      total 164864K, used 164848K [0x00000000f5800000, 0x0000000100000000, 0x0000000100000000)
  eden space 162304K, 100% used [0x00000000f5800000,0x00000000ff680000,0x00000000ff680000)
  from space 2560K, 99% used [0x00000000ffb00000,0x00000000ffd7c0c0,0x00000000ffd80000)
  to   space 2560K, 0% used [0x00000000ffd80000,0x00000000ffd80000,0x0000000100000000)
 ParOldGen       total 286720K, used 77817K [0x00000000e4000000, 0x00000000f5800000, 0x00000000f5800000)
  object space 286720K, 27% used [0x00000000e4000000,0x00000000e8bfe518,0x00000000f5800000)
 Metaspace       used 70832K, capacity 74866K, committed 75136K, reserved 1114112K
  class space    used 9101K, capacity 9829K, committed 9856K, reserved 1048576K
2024-06-11T22:52:08.964+0800: 2148.053: [GC (Allocation Failure) [PSYoungGen: 164848K->1879K(155136K)] 242665K->81929K(441856K), 0.0084017 secs] [Times: user=0.02 sys=0.00, real=0.01 secs] 
Heap after GC invocations=218 (full 0):
 PSYoungGen      total 155136K, used 1879K [0x00000000f5800000, 0x0000000100000000, 0x0000000100000000)
  eden space 152576K, 0% used [0x00000000f5800000,0x00000000f5800000,0x00000000fed00000)
  from space 2560K, 73% used [0x00000000ffd80000,0x00000000fff55d60,0x0000000100000000)
  to   space 9728K, 0% used [0x00000000fed00000,0x00000000fed00000,0x00000000ff680000)
 ParOldGen       total 286720K, used 80049K [0x00000000e4000000, 0x00000000f5800000, 0x00000000f5800000)
  object space 286720K, 27% used [0x00000000e4000000,0x00000000e8e2c798,0x00000000f5800000)
 Metaspace       used 70832K, capacity 74866K, committed 75136K, reserved 1114112K
  class space    used 9101K, capacity 9829K, committed 9856K, reserved 1048576K
}
{Heap before GC invocations=219 (full 0):
 PSYoungGen      total 155136K, used 154455K [0x00000000f5800000, 0x0000000100000000, 0x0000000100000000)
  eden space 152576K, 100% used [0x00000000f5800000,0x00000000fed00000,0x00000000fed00000)
  from space 2560K, 73% used [0x00000000ffd80000,0x00000000fff55d60,0x0000000100000000)
  to   space 9728K, 0% used [0x00000000fed00000,0x00000000fed00000,0x00000000ff680000)
 ParOldGen       total 286720K, used 80049K [0x00000000e4000000, 0x00000000f5800000, 0x00000000f5800000)
  object space 286720K, 27% used [0x00000000e4000000,0x00000000e8e2c798,0x00000000f5800000)
 Metaspace       used 70897K, capacity 74930K, committed 75136K, reserved 1114112K
  class space    used 9103K, capacity 9829K, committed 9856K, reserved 1048576K
2024-06-11T22:52:18.293+0800: 2157.382: [GC (Allocation Failure) [PSYoungGen: 154455K->896K(162304K)] 234505K->81451K(449024K), 0.0068826 secs] [Times: user=0.00 sys=0.00, real=0.00 secs] 
Heap after GC invocations=219 (full 0):
 PSYoungGen      total 162304K, used 896K [0x00000000f5800000, 0x0000000100000000, 0x0000000100000000)
  eden space 152576K, 0% used [0x00000000f5800000,0x00000000f5800000,0x00000000fed00000)
  from space 9728K, 9% used [0x00000000fed00000,0x00000000fede0000,0x00000000ff680000)
  to   space 9728K, 0% used [0x00000000ff680000,0x00000000ff680000,0x0000000100000000)
 ParOldGen       total 286720K, used 80555K [0x00000000e4000000, 0x00000000f5800000, 0x00000000f5800000)
  object space 286720K, 28% used [0x00000000e4000000,0x00000000e8eaafa8,0x00000000f5800000)
 Metaspace       used 70897K, capacity 74930K, committed 75136K, reserved 1114112K
  class space    used 9103K, capacity 9829K, committed 9856K, reserved 1048576K
}
{Heap before GC invocations=220 (full 0):
 PSYoungGen      total 162304K, used 153472K [0x00000000f5800000, 0x0000000100000000, 0x0000000100000000)
  eden space 152576K, 100% used [0x00000000f5800000,0x00000000fed00000,0x00000000fed00000)
  from space 9728K, 9% used [0x00000000fed00000,0x00000000fede0000,0x00000000ff680000)
  to   space 9728K, 0% used [0x00000000ff680000,0x00000000ff680000,0x0000000100000000)
 ParOldGen       total 286720K, used 80555K [0x00000000e4000000, 0x00000000f5800000, 0x00000000f5800000)
  object space 286720K, 28% used [0x00000000e4000000,0x00000000e8eaafa8,0x00000000f5800000)
 Metaspace       used 70917K, capacity 74994K, committed 75136K, reserved 1114112K
  class space    used 9103K, capacity 9829K, committed 9856K, reserved 1048576K
2024-06-11T22:52:27.824+0800: 2166.912: [GC (Allocation Failure) [PSYoungGen: 153472K->896K(162816K)] 234027K->81619K(449536K), 0.0071527 secs] [Times: user=0.01 sys=0.00, real=0.01 secs] 
Heap after GC invocations=220 (full 0):
 PSYoungGen      total 162816K, used 896K [0x00000000f5800000, 0x0000000100000000, 0x0000000100000000)
  eden space 153088K, 0% used [0x00000000f5800000,0x00000000f5800000,0x00000000fed80000)
  from space 9728K, 9% used [0x00000000ff680000,0x00000000ff760000,0x0000000100000000)
  to   space 9216K, 0% used [0x00000000fed80000,0x00000000fed80000,0x00000000ff680000)
 ParOldGen       total 286720K, used 80723K [0x00000000e4000000, 0x00000000f5800000, 0x00000000f5800000)
  object space 286720K, 28% used [0x00000000e4000000,0x00000000e8ed4fa8,0x00000000f5800000)
 Metaspace       used 70917K, capacity 74994K, committed 75136K, reserved 1114112K
  class space    used 9103K, capacity 9829K, committed 9856K, reserved 1048576K
}
{Heap before GC invocations=221 (full 0):
 PSYoungGen      total 162816K, used 153984K [0x00000000f5800000, 0x0000000100000000, 0x0000000100000000)
  eden space 153088K, 100% used [0x00000000f5800000,0x00000000fed80000,0x00000000fed80000)
  from space 9728K, 9% used [0x00000000ff680000,0x00000000ff760000,0x0000000100000000)
  to   space 9216K, 0% used [0x00000000fed80000,0x00000000fed80000,0x00000000ff680000)
 ParOldGen       total 286720K, used 80723K [0x00000000e4000000, 0x00000000f5800000, 0x00000000f5800000)
  object space 286720K, 28% used [0x00000000e4000000,0x00000000e8ed4fa8,0x00000000f5800000)
 Metaspace       used 70928K, capacity 74994K, committed 75136K, reserved 1114112K
  class space    used 9103K, capacity 9829K, committed 9856K, reserved 1048576K
2024-06-11T22:52:37.572+0800: 2176.660: [GC (Allocation Failure) [PSYoungGen: 153984K->896K(162304K)] 234707K->81787K(449024K), 0.0053341 secs] [Times: user=0.00 sys=0.00, real=0.00 secs] 
Heap after GC invocations=221 (full 0):
 PSYoungGen      total 162304K, used 896K [0x00000000f5800000, 0x0000000100000000, 0x0000000100000000)
  eden space 153088K, 0% used [0x00000000f5800000,0x00000000f5800000,0x00000000fed80000)
  from space 9216K, 9% used [0x00000000fed80000,0x00000000fee60000,0x00000000ff680000)
  to   space 8704K, 0% used [0x00000000ff780000,0x00000000ff780000,0x0000000100000000)
 ParOldGen       total 286720K, used 80891K [0x00000000e4000000, 0x00000000f5800000, 0x00000000f5800000)
  object space 286720K, 28% used [0x00000000e4000000,0x00000000e8efefa8,0x00000000f5800000)
 Metaspace       used 70928K, capacity 74994K, committed 75136K, reserved 1114112K
  class space    used 9103K, capacity 9829K, committed 9856K, reserved 1048576K
}
{Heap before GC invocations=222 (full 0):
 PSYoungGen      total 162304K, used 153984K [0x00000000f5800000, 0x0000000100000000, 0x0000000100000000)
  eden space 153088K, 100% used [0x00000000f5800000,0x00000000fed80000,0x00000000fed80000)
  from space 9216K, 9% used [0x00000000fed80000,0x00000000fee60000,0x00000000ff680000)
  to   space 8704K, 0% used [0x00000000ff780000,0x00000000ff780000,0x0000000100000000)
 ParOldGen       total 286720K, used 80891K [0x00000000e4000000, 0x00000000f5800000, 0x00000000f5800000)
  object space 286720K, 28% used [0x00000000e4000000,0x00000000e8efefa8,0x00000000f5800000)
 Metaspace       used 71042K, capacity 75122K, committed 75392K, reserved 1114112K
  class space    used 9103K, capacity 9829K, committed 9856K, reserved 1048576K
2024-06-11T22:52:47.123+0800: 2186.212: [GC (Allocation Failure) [PSYoungGen: 153984K->2432K(163840K)] 234875K->83491K(450560K), 0.0074949 secs] [Times: user=0.01 sys=0.00, real=0.00 secs] 
Heap after GC invocations=222 (full 0):
 PSYoungGen      total 163840K, used 2432K [0x00000000f5800000, 0x0000000100000000, 0x0000000100000000)
  eden space 155136K, 0% used [0x00000000f5800000,0x00000000f5800000,0x00000000fef80000)
  from space 8704K, 27% used [0x00000000ff780000,0x00000000ff9e0000,0x0000000100000000)
  to   space 8192K, 0% used [0x00000000fef80000,0x00000000fef80000,0x00000000ff780000)
 ParOldGen       total 286720K, used 81059K [0x00000000e4000000, 0x00000000f5800000, 0x00000000f5800000)
  object space 286720K, 28% used [0x00000000e4000000,0x00000000e8f28fa8,0x00000000f5800000)
 Metaspace       used 71042K, capacity 75122K, committed 75392K, reserved 1114112K
  class space    used 9103K, capacity 9829K, committed 9856K, reserved 1048576K
}
{Heap before GC invocations=223 (full 0):
 PSYoungGen      total 163840K, used 157568K [0x00000000f5800000, 0x0000000100000000, 0x0000000100000000)
  eden space 155136K, 100% used [0x00000000f5800000,0x00000000fef80000,0x00000000fef80000)
  from space 8704K, 27% used [0x00000000ff780000,0x00000000ff9e0000,0x0000000100000000)
  to   space 8192K, 0% used [0x00000000fef80000,0x00000000fef80000,0x00000000ff780000)
 ParOldGen       total 286720K, used 81059K [0x00000000e4000000, 0x00000000f5800000, 0x00000000f5800000)
  object space 286720K, 28% used [0x00000000e4000000,0x00000000e8f28fa8,0x00000000f5800000)
 Metaspace       used 71052K, capacity 75122K, committed 75392K, reserved 1114112K
  class space    used 9103K, capacity 9829K, committed 9856K, reserved 1048576K
2024-06-11T22:52:56.671+0800: 2195.760: [GC (Allocation Failure) [PSYoungGen: 157568K->928K(163328K)] 238627K->83691K(450048K), 0.0090442 secs] [Times: user=0.01 sys=0.00, real=0.01 secs] 
Heap after GC invocations=223 (full 0):
 PSYoungGen      total 163328K, used 928K [0x00000000f5800000, 0x0000000100000000, 0x0000000100000000)
  eden space 155136K, 0% used [0x00000000f5800000,0x00000000f5800000,0x00000000fef80000)
  from space 8192K, 11% used [0x00000000fef80000,0x00000000ff068000,0x00000000ff780000)
  to   space 8192K, 0% used [0x00000000ff800000,0x00000000ff800000,0x0000000100000000)
 ParOldGen       total 286720K, used 82763K [0x00000000e4000000, 0x00000000f5800000, 0x00000000f5800000)
  object space 286720K, 28% used [0x00000000e4000000,0x00000000e90d2fa8,0x00000000f5800000)
 Metaspace       used 71052K, capacity 75122K, committed 75392K, reserved 1114112K
  class space    used 9103K, capacity 9829K, committed 9856K, reserved 1048576K
}
{Heap before GC invocations=224 (full 0):
 PSYoungGen      total 163328K, used 156064K [0x00000000f5800000, 0x0000000100000000, 0x0000000100000000)
  eden space 155136K, 100% used [0x00000000f5800000,0x00000000fef80000,0x00000000fef80000)
  from space 8192K, 11% used [0x00000000fef80000,0x00000000ff068000,0x00000000ff780000)
  to   space 8192K, 0% used [0x00000000ff800000,0x00000000ff800000,0x0000000100000000)
 ParOldGen       total 286720K, used 82763K [0x00000000e4000000, 0x00000000f5800000, 0x00000000f5800000)
  object space 286720K, 28% used [0x00000000e4000000,0x00000000e90d2fa8,0x00000000f5800000)
 Metaspace       used 71061K, capacity 75122K, committed 75392K, reserved 1114112K
  class space    used 9103K, capacity 9829K, committed 9856K, reserved 1048576K
2024-06-11T22:53:06.312+0800: 2205.401: [GC (Allocation Failure) [PSYoungGen: 156064K->896K(164352K)] 238827K->83835K(451072K), 0.0112243 secs] [Times: user=0.01 sys=0.00, real=0.01 secs] 
Heap after GC invocations=224 (full 0):
 PSYoungGen      total 164352K, used 896K [0x00000000f5800000, 0x0000000100000000, 0x0000000100000000)
  eden space 156160K, 0% used [0x00000000f5800000,0x00000000f5800000,0x00000000ff080000)
  from space 8192K, 10% used [0x00000000ff800000,0x00000000ff8e0000,0x0000000100000000)
  to   space 7680K, 0% used [0x00000000ff080000,0x00000000ff080000,0x00000000ff800000)
 ParOldGen       total 286720K, used 82939K [0x00000000e4000000, 0x00000000f5800000, 0x00000000f5800000)
  object space 286720K, 28% used [0x00000000e4000000,0x00000000e90fefa8,0x00000000f5800000)
 Metaspace       used 71061K, capacity 75122K, committed 75392K, reserved 1114112K
  class space    used 9103K, capacity 9829K, committed 9856K, reserved 1048576K
}
{Heap before GC invocations=225 (full 0):
 PSYoungGen      total 164352K, used 157056K [0x00000000f5800000, 0x0000000100000000, 0x0000000100000000)
  eden space 156160K, 100% used [0x00000000f5800000,0x00000000ff080000,0x00000000ff080000)
  from space 8192K, 10% used [0x00000000ff800000,0x00000000ff8e0000,0x0000000100000000)
  to   space 7680K, 0% used [0x00000000ff080000,0x00000000ff080000,0x00000000ff800000)
 ParOldGen       total 286720K, used 82939K [0x00000000e4000000, 0x00000000f5800000, 0x00000000f5800000)
  object space 286720K, 28% used [0x00000000e4000000,0x00000000e90fefa8,0x00000000f5800000)
 Metaspace       used 71094K, capacity 75186K, committed 75392K, reserved 1114112K
  class space    used 9106K, capacity 9829K, committed 9856K, reserved 1048576K
2024-06-11T22:53:16.327+0800: 2215.415: [GC (Allocation Failure) [PSYoungGen: 157056K->928K(163840K)] 239995K->84035K(450560K), 0.0051418 secs] [Times: user=0.00 sys=0.00, real=0.01 secs] 
Heap after GC invocations=225 (full 0):
 PSYoungGen      total 163840K, used 928K [0x00000000f5800000, 0x0000000100000000, 0x0000000100000000)
  eden space 156160K, 0% used [0x00000000f5800000,0x00000000f5800000,0x00000000ff080000)
  from space 7680K, 12% used [0x00000000ff080000,0x00000000ff168000,0x00000000ff800000)
  to   space 7168K, 0% used [0x00000000ff900000,0x00000000ff900000,0x0000000100000000)
 ParOldGen       total 286720K, used 83107K [0x00000000e4000000, 0x00000000f5800000, 0x00000000f5800000)
  object space 286720K, 28% used [0x00000000e4000000,0x00000000e9128fa8,0x00000000f5800000)
 Metaspace       used 71094K, capacity 75186K, committed 75392K, reserved 1114112K
  class space    used 9106K, capacity 9829K, committed 9856K, reserved 1048576K
}
{Heap before GC invocations=226 (full 0):
 PSYoungGen      total 163840K, used 157088K [0x00000000f5800000, 0x0000000100000000, 0x0000000100000000)
  eden space 156160K, 100% used [0x00000000f5800000,0x00000000ff080000,0x00000000ff080000)
  from space 7680K, 12% used [0x00000000ff080000,0x00000000ff168000,0x00000000ff800000)
  to   space 7168K, 0% used [0x00000000ff900000,0x00000000ff900000,0x0000000100000000)
 ParOldGen       total 286720K, used 83107K [0x00000000e4000000, 0x00000000f5800000, 0x00000000f5800000)
  object space 286720K, 28% used [0x00000000e4000000,0x00000000e9128fa8,0x00000000f5800000)
 Metaspace       used 71102K, capacity 75186K, committed 75392K, reserved 1114112K
  class space    used 9107K, capacity 9829K, committed 9856K, reserved 1048576K
2024-06-11T22:53:26.260+0800: 2225.349: [GC (Allocation Failure) [PSYoungGen: 157088K->928K(164864K)] 240195K->84219K(451584K), 0.0061066 secs] [Times: user=0.01 sys=0.00, real=0.01 secs] 
Heap after GC invocations=226 (full 0):
 PSYoungGen      total 164864K, used 928K [0x00000000f5800000, 0x0000000100000000, 0x0000000100000000)
  eden space 157696K, 0% used [0x00000000f5800000,0x00000000f5800000,0x00000000ff200000)
  from space 7168K, 12% used [0x00000000ff900000,0x00000000ff9e8000,0x0000000100000000)
  to   space 7168K, 0% used [0x00000000ff200000,0x00000000ff200000,0x00000000ff900000)
 ParOldGen       total 286720K, used 83291K [0x00000000e4000000, 0x00000000f5800000, 0x00000000f5800000)
  object space 286720K, 29% used [0x00000000e4000000,0x00000000e9156fa8,0x00000000f5800000)
 Metaspace       used 71102K, capacity 75186K, committed 75392K, reserved 1114112K
  class space    used 9107K, capacity 9829K, committed 9856K, reserved 1048576K
}
{Heap before GC invocations=227 (full 0):
 PSYoungGen      total 164864K, used 158624K [0x00000000f5800000, 0x0000000100000000, 0x0000000100000000)
  eden space 157696K, 100% used [0x00000000f5800000,0x00000000ff200000,0x00000000ff200000)
  from space 7168K, 12% used [0x00000000ff900000,0x00000000ff9e8000,0x0000000100000000)
  to   space 7168K, 0% used [0x00000000ff200000,0x00000000ff200000,0x00000000ff900000)
 ParOldGen       total 286720K, used 83291K [0x00000000e4000000, 0x00000000f5800000, 0x00000000f5800000)
  object space 286720K, 29% used [0x00000000e4000000,0x00000000e9156fa8,0x00000000f5800000)
 Metaspace       used 71102K, capacity 75186K, committed 75392K, reserved 1114112K
  class space    used 9107K, capacity 9829K, committed 9856K, reserved 1048576K
2024-06-11T22:53:35.892+0800: 2234.981: [GC (Allocation Failure) [PSYoungGen: 158624K->864K(164864K)] 241915K->84331K(451584K), 0.0057306 secs] [Times: user=0.01 sys=0.00, real=0.00 secs] 
Heap after GC invocations=227 (full 0):
 PSYoungGen      total 164864K, used 864K [0x00000000f5800000, 0x0000000100000000, 0x0000000100000000)
  eden space 157696K, 0% used [0x00000000f5800000,0x00000000f5800000,0x00000000ff200000)
  from space 7168K, 12% used [0x00000000ff200000,0x00000000ff2d8000,0x00000000ff900000)
  to   space 6656K, 0% used [0x00000000ff980000,0x00000000ff980000,0x0000000100000000)
 ParOldGen       total 286720K, used 83467K [0x00000000e4000000, 0x00000000f5800000, 0x00000000f5800000)
  object space 286720K, 29% used [0x00000000e4000000,0x00000000e9182fa8,0x00000000f5800000)
 Metaspace       used 71102K, capacity 75186K, committed 75392K, reserved 1114112K
  class space    used 9107K, capacity 9829K, committed 9856K, reserved 1048576K
}
{Heap before GC invocations=228 (full 0):
 PSYoungGen      total 164864K, used 158560K [0x00000000f5800000, 0x0000000100000000, 0x0000000100000000)
  eden space 157696K, 100% used [0x00000000f5800000,0x00000000ff200000,0x00000000ff200000)
  from space 7168K, 12% used [0x00000000ff200000,0x00000000ff2d8000,0x00000000ff900000)
  to   space 6656K, 0% used [0x00000000ff980000,0x00000000ff980000,0x0000000100000000)
 ParOldGen       total 286720K, used 83467K [0x00000000e4000000, 0x00000000f5800000, 0x00000000f5800000)
  object space 286720K, 29% used [0x00000000e4000000,0x00000000e9182fa8,0x00000000f5800000)
 Metaspace       used 71103K, capacity 75186K, committed 75392K, reserved 1114112K
  class space    used 9107K, capacity 9829K, committed 9856K, reserved 1048576K
2024-06-11T22:53:45.644+0800: 2244.733: [GC (Allocation Failure) [PSYoungGen: 158560K->1824K(165888K)] 242027K->85459K(452608K), 0.0066155 secs] [Times: user=0.01 sys=0.00, real=0.01 secs] 
Heap after GC invocations=228 (full 0):
 PSYoungGen      total 165888K, used 1824K [0x00000000f5800000, 0x0000000100000000, 0x0000000100000000)
  eden space 159232K, 0% used [0x00000000f5800000,0x00000000f5800000,0x00000000ff380000)
  from space 6656K, 27% used [0x00000000ff980000,0x00000000ffb48000,0x0000000100000000)
  to   space 6144K, 0% used [0x00000000ff380000,0x00000000ff380000,0x00000000ff980000)
 ParOldGen       total 286720K, used 83635K [0x00000000e4000000, 0x00000000f5800000, 0x00000000f5800000)
  object space 286720K, 29% used [0x00000000e4000000,0x00000000e91acfa8,0x00000000f5800000)
 Metaspace       used 71103K, capacity 75186K, committed 75392K, reserved 1114112K
  class space    used 9107K, capacity 9829K, committed 9856K, reserved 1048576K
}
{Heap before GC invocations=229 (full 0):
 PSYoungGen      total 165888K, used 161056K [0x00000000f5800000, 0x0000000100000000, 0x0000000100000000)
  eden space 159232K, 100% used [0x00000000f5800000,0x00000000ff380000,0x00000000ff380000)
  from space 6656K, 27% used [0x00000000ff980000,0x00000000ffb48000,0x0000000100000000)
  to   space 6144K, 0% used [0x00000000ff380000,0x00000000ff380000,0x00000000ff980000)
 ParOldGen       total 286720K, used 83635K [0x00000000e4000000, 0x00000000f5800000, 0x00000000f5800000)
  object space 286720K, 29% used [0x00000000e4000000,0x00000000e91acfa8,0x00000000f5800000)
 Metaspace       used 71103K, capacity 75186K, committed 75392K, reserved 1114112K
  class space    used 9107K, capacity 9829K, committed 9856K, reserved 1048576K
2024-06-11T22:53:55.602+0800: 2254.690: [GC (Allocation Failure) [PSYoungGen: 161056K->1408K(165376K)] 244691K->86251K(452096K), 0.0075749 secs] [Times: user=0.01 sys=0.00, real=0.00 secs] 
Heap after GC invocations=229 (full 0):
 PSYoungGen      total 165376K, used 1408K [0x00000000f5800000, 0x0000000100000000, 0x0000000100000000)
  eden space 159232K, 0% used [0x00000000f5800000,0x00000000f5800000,0x00000000ff380000)
  from space 6144K, 22% used [0x00000000ff380000,0x00000000ff4e0000,0x00000000ff980000)
  to   space 6144K, 0% used [0x00000000ffa00000,0x00000000ffa00000,0x0000000100000000)
 ParOldGen       total 286720K, used 84843K [0x00000000e4000000, 0x00000000f5800000, 0x00000000f5800000)
  object space 286720K, 29% used [0x00000000e4000000,0x00000000e92dafa8,0x00000000f5800000)
 Metaspace       used 71103K, capacity 75186K, committed 75392K, reserved 1114112K
  class space    used 9107K, capacity 9829K, committed 9856K, reserved 1048576K
}
{Heap before GC invocations=230 (full 0):
 PSYoungGen      total 165376K, used 160640K [0x00000000f5800000, 0x0000000100000000, 0x0000000100000000)
  eden space 159232K, 100% used [0x00000000f5800000,0x00000000ff380000,0x00000000ff380000)
  from space 6144K, 22% used [0x00000000ff380000,0x00000000ff4e0000,0x00000000ff980000)
  to   space 6144K, 0% used [0x00000000ffa00000,0x00000000ffa00000,0x0000000100000000)
 ParOldGen       total 286720K, used 84843K [0x00000000e4000000, 0x00000000f5800000, 0x00000000f5800000)
  object space 286720K, 29% used [0x00000000e4000000,0x00000000e92dafa8,0x00000000f5800000)
 Metaspace       used 71103K, capacity 75186K, committed 75392K, reserved 1114112K
  class space    used 9107K, capacity 9829K, committed 9856K, reserved 1048576K
2024-06-11T22:54:05.346+0800: 2264.435: [GC (Allocation Failure) [PSYoungGen: 160640K->896K(166400K)] 245483K->86419K(453120K), 0.0058330 secs] [Times: user=0.01 sys=0.00, real=0.01 secs] 
Heap after GC invocations=230 (full 0):
 PSYoungGen      total 166400K, used 896K [0x00000000f5800000, 0x0000000100000000, 0x0000000100000000)
  eden space 160256K, 0% used [0x00000000f5800000,0x00000000f5800000,0x00000000ff480000)
  from space 6144K, 14% used [0x00000000ffa00000,0x00000000ffae0000,0x0000000100000000)
  to   space 5632K, 0% used [0x00000000ff480000,0x00000000ff480000,0x00000000ffa00000)
 ParOldGen       total 286720K, used 85523K [0x00000000e4000000, 0x00000000f5800000, 0x00000000f5800000)
  object space 286720K, 29% used [0x00000000e4000000,0x00000000e9384fa8,0x00000000f5800000)
 Metaspace       used 71103K, capacity 75186K, committed 75392K, reserved 1114112K
  class space    used 9107K, capacity 9829K, committed 9856K, reserved 1048576K
}
{Heap before GC invocations=231 (full 0):
 PSYoungGen      total 166400K, used 161152K [0x00000000f5800000, 0x0000000100000000, 0x0000000100000000)
  eden space 160256K, 100% used [0x00000000f5800000,0x00000000ff480000,0x00000000ff480000)
  from space 6144K, 14% used [0x00000000ffa00000,0x00000000ffae0000,0x0000000100000000)
  to   space 5632K, 0% used [0x00000000ff480000,0x00000000ff480000,0x00000000ffa00000)
 ParOldGen       total 286720K, used 85523K [0x00000000e4000000, 0x00000000f5800000, 0x00000000f5800000)
  object space 286720K, 29% used [0x00000000e4000000,0x00000000e9384fa8,0x00000000f5800000)
 Metaspace       used 71103K, capacity 75186K, committed 75392K, reserved 1114112K
  class space    used 9107K, capacity 9829K, committed 9856K, reserved 1048576K
2024-06-11T22:54:15.321+0800: 2274.409: [GC (Allocation Failure) [PSYoungGen: 161152K->896K(165888K)] 246675K->86587K(452608K), 0.0051190 secs] [Times: user=0.01 sys=0.00, real=0.00 secs] 
Heap after GC invocations=231 (full 0):
 PSYoungGen      total 165888K, used 896K [0x00000000f5800000, 0x0000000100000000, 0x0000000100000000)
  eden space 160256K, 0% used [0x00000000f5800000,0x00000000f5800000,0x00000000ff480000)
  from space 5632K, 15% used [0x00000000ff480000,0x00000000ff560000,0x00000000ffa00000)
  to   space 5632K, 0% used [0x00000000ffa80000,0x00000000ffa80000,0x0000000100000000)
 ParOldGen       total 286720K, used 85691K [0x00000000e4000000, 0x00000000f5800000, 0x00000000f5800000)
  object space 286720K, 29% used [0x00000000e4000000,0x00000000e93aefa8,0x00000000f5800000)
 Metaspace       used 71103K, capacity 75186K, committed 75392K, reserved 1114112K
  class space    used 9107K, capacity 9829K, committed 9856K, reserved 1048576K
}
{Heap before GC invocations=232 (full 0):
 PSYoungGen      total 165888K, used 161152K [0x00000000f5800000, 0x0000000100000000, 0x0000000100000000)
  eden space 160256K, 100% used [0x00000000f5800000,0x00000000ff480000,0x00000000ff480000)
  from space 5632K, 15% used [0x00000000ff480000,0x00000000ff560000,0x00000000ffa00000)
  to   space 5632K, 0% used [0x00000000ffa80000,0x00000000ffa80000,0x0000000100000000)
 ParOldGen       total 286720K, used 85691K [0x00000000e4000000, 0x00000000f5800000, 0x00000000f5800000)
  object space 286720K, 29% used [0x00000000e4000000,0x00000000e93aefa8,0x00000000f5800000)
 Metaspace       used 71103K, capacity 75186K, committed 75392K, reserved 1114112K
  class space    used 9107K, capacity 9829K, committed 9856K, reserved 1048576K
2024-06-11T22:54:25.380+0800: 2284.469: [GC (Allocation Failure) [PSYoungGen: 161152K->896K(166912K)] 246843K->86763K(453632K), 0.0050627 secs] [Times: user=0.01 sys=0.00, real=0.01 secs] 
Heap after GC invocations=232 (full 0):
 PSYoungGen      total 166912K, used 896K [0x00000000f5800000, 0x0000000100000000, 0x0000000100000000)
  eden space 161280K, 0% used [0x00000000f5800000,0x00000000f5800000,0x00000000ff580000)
  from space 5632K, 15% used [0x00000000ffa80000,0x00000000ffb60000,0x0000000100000000)
  to   space 5120K, 0% used [0x00000000ff580000,0x00000000ff580000,0x00000000ffa80000)
 ParOldGen       total 286720K, used 85867K [0x00000000e4000000, 0x00000000f5800000, 0x00000000f5800000)
  object space 286720K, 29% used [0x00000000e4000000,0x00000000e93dafa8,0x00000000f5800000)
 Metaspace       used 71103K, capacity 75186K, committed 75392K, reserved 1114112K
  class space    used 9107K, capacity 9829K, committed 9856K, reserved 1048576K
}
{Heap before GC invocations=233 (full 0):
 PSYoungGen      total 166912K, used 162176K [0x00000000f5800000, 0x0000000100000000, 0x0000000100000000)
  eden space 161280K, 100% used [0x00000000f5800000,0x00000000ff580000,0x00000000ff580000)
  from space 5632K, 15% used [0x00000000ffa80000,0x00000000ffb60000,0x0000000100000000)
  to   space 5120K, 0% used [0x00000000ff580000,0x00000000ff580000,0x00000000ffa80000)
 ParOldGen       total 286720K, used 85867K [0x00000000e4000000, 0x00000000f5800000, 0x00000000f5800000)
  object space 286720K, 29% used [0x00000000e4000000,0x00000000e93dafa8,0x00000000f5800000)
 Metaspace       used 71103K, capacity 75186K, committed 75392K, reserved 1114112K
  class space    used 9107K, capacity 9829K, committed 9856K, reserved 1048576K
2024-06-11T22:54:35.400+0800: 2294.489: [GC (Allocation Failure) [PSYoungGen: 162176K->864K(166400K)] 248043K->86907K(453120K), 0.0049021 secs] [Times: user=0.00 sys=0.00, real=0.01 secs] 
Heap after GC invocations=233 (full 0):
 PSYoungGen      total 166400K, used 864K [0x00000000f5800000, 0x0000000100000000, 0x0000000100000000)
  eden space 161280K, 0% used [0x00000000f5800000,0x00000000f5800000,0x00000000ff580000)
  from space 5120K, 16% used [0x00000000ff580000,0x00000000ff658000,0x00000000ffa80000)
  to   space 5120K, 0% used [0x00000000ffb00000,0x00000000ffb00000,0x0000000100000000)
 ParOldGen       total 286720K, used 86043K [0x00000000e4000000, 0x00000000f5800000, 0x00000000f5800000)
  object space 286720K, 30% used [0x00000000e4000000,0x00000000e9406fa8,0x00000000f5800000)
 Metaspace       used 71103K, capacity 75186K, committed 75392K, reserved 1114112K
  class space    used 9107K, capacity 9829K, committed 9856K, reserved 1048576K
}
{Heap before GC invocations=234 (full 0):
 PSYoungGen      total 166400K, used 162144K [0x00000000f5800000, 0x0000000100000000, 0x0000000100000000)
  eden space 161280K, 100% used [0x00000000f5800000,0x00000000ff580000,0x00000000ff580000)
  from space 5120K, 16% used [0x00000000ff580000,0x00000000ff658000,0x00000000ffa80000)
  to   space 5120K, 0% used [0x00000000ffb00000,0x00000000ffb00000,0x0000000100000000)
 ParOldGen       total 286720K, used 86043K [0x00000000e4000000, 0x00000000f5800000, 0x00000000f5800000)
  object space 286720K, 30% used [0x00000000e4000000,0x00000000e9406fa8,0x00000000f5800000)
 Metaspace       used 71103K, capacity 75186K, committed 75392K, reserved 1114112K
  class space    used 9107K, capacity 9829K, committed 9856K, reserved 1048576K
2024-06-11T22:54:45.597+0800: 2304.685: [GC (Allocation Failure) [PSYoungGen: 162144K->1504K(167424K)] 248187K->87715K(454144K), 0.0064883 secs] [Times: user=0.01 sys=0.00, real=0.01 secs] 
Heap after GC invocations=234 (full 0):
 PSYoungGen      total 167424K, used 1504K [0x00000000f5800000, 0x0000000100000000, 0x0000000100000000)
  eden space 162304K, 0% used [0x00000000f5800000,0x00000000f5800000,0x00000000ff680000)
  from space 5120K, 29% used [0x00000000ffb00000,0x00000000ffc78000,0x0000000100000000)
  to   space 4608K, 0% used [0x00000000ff680000,0x00000000ff680000,0x00000000ffb00000)
 ParOldGen       total 286720K, used 86211K [0x00000000e4000000, 0x00000000f5800000, 0x00000000f5800000)
  object space 286720K, 30% used [0x00000000e4000000,0x00000000e9430fa8,0x00000000f5800000)
 Metaspace       used 71103K, capacity 75186K, committed 75392K, reserved 1114112K
  class space    used 9107K, capacity 9829K, committed 9856K, reserved 1048576K
}
{Heap before GC invocations=235 (full 0):
 PSYoungGen      total 167424K, used 163808K [0x00000000f5800000, 0x0000000100000000, 0x0000000100000000)
  eden space 162304K, 100% used [0x00000000f5800000,0x00000000ff680000,0x00000000ff680000)
  from space 5120K, 29% used [0x00000000ffb00000,0x00000000ffc78000,0x0000000100000000)
  to   space 4608K, 0% used [0x00000000ff680000,0x00000000ff680000,0x00000000ffb00000)
 ParOldGen       total 286720K, used 86211K [0x00000000e4000000, 0x00000000f5800000, 0x00000000f5800000)
  object space 286720K, 30% used [0x00000000e4000000,0x00000000e9430fa8,0x00000000f5800000)
 Metaspace       used 71103K, capacity 75186K, committed 75392K, reserved 1114112K
  class space    used 9107K, capacity 9829K, committed 9856K, reserved 1048576K
2024-06-11T22:54:55.772+0800: 2314.861: [GC (Allocation Failure) [PSYoungGen: 163808K->1760K(166912K)] 250019K->88803K(453632K), 0.0097631 secs] [Times: user=0.01 sys=0.00, real=0.01 secs] 
Heap after GC invocations=235 (full 0):
 PSYoungGen      total 166912K, used 1760K [0x00000000f5800000, 0x0000000100000000, 0x0000000100000000)
  eden space 162304K, 0% used [0x00000000f5800000,0x00000000f5800000,0x00000000ff680000)
  from space 4608K, 38% used [0x00000000ff680000,0x00000000ff838000,0x00000000ffb00000)
  to   space 4608K, 0% used [0x00000000ffb80000,0x00000000ffb80000,0x0000000100000000)
 ParOldGen       total 286720K, used 87043K [0x00000000e4000000, 0x00000000f5800000, 0x00000000f5800000)
  object space 286720K, 30% used [0x00000000e4000000,0x00000000e9500fa8,0x00000000f5800000)
 Metaspace       used 71103K, capacity 75186K, committed 75392K, reserved 1114112K
  class space    used 9107K, capacity 9829K, committed 9856K, reserved 1048576K
}
{Heap before GC invocations=236 (full 0):
 PSYoungGen      total 166912K, used 164064K [0x00000000f5800000, 0x0000000100000000, 0x0000000100000000)
  eden space 162304K, 100% used [0x00000000f5800000,0x00000000ff680000,0x00000000ff680000)
  from space 4608K, 38% used [0x00000000ff680000,0x00000000ff838000,0x00000000ffb00000)
  to   space 4608K, 0% used [0x00000000ffb80000,0x00000000ffb80000,0x0000000100000000)
 ParOldGen       total 286720K, used 87043K [0x00000000e4000000, 0x00000000f5800000, 0x00000000f5800000)
  object space 286720K, 30% used [0x00000000e4000000,0x00000000e9500fa8,0x00000000f5800000)
 Metaspace       used 71103K, capacity 75186K, committed 75392K, reserved 1114112K
  class space    used 9107K, capacity 9829K, committed 9856K, reserved 1048576K
2024-06-11T22:55:06.057+0800: 2325.146: [GC (Allocation Failure) [PSYoungGen: 164064K->896K(167936K)] 251107K->89003K(454656K), 0.0072050 secs] [Times: user=0.01 sys=0.01, real=0.01 secs] 
Heap after GC invocations=236 (full 0):
 PSYoungGen      total 167936K, used 896K [0x00000000f5800000, 0x0000000100000000, 0x0000000100000000)
  eden space 163328K, 0% used [0x00000000f5800000,0x00000000f5800000,0x00000000ff780000)
  from space 4608K, 19% used [0x00000000ffb80000,0x00000000ffc60000,0x0000000100000000)
  to   space 4096K, 0% used [0x00000000ff780000,0x00000000ff780000,0x00000000ffb80000)
 ParOldGen       total 286720K, used 88107K [0x00000000e4000000, 0x00000000f5800000, 0x00000000f5800000)
  object space 286720K, 30% used [0x00000000e4000000,0x00000000e960afa8,0x00000000f5800000)
 Metaspace       used 71103K, capacity 75186K, committed 75392K, reserved 1114112K
  class space    used 9107K, capacity 9829K, committed 9856K, reserved 1048576K
}
{Heap before GC invocations=237 (full 0):
 PSYoungGen      total 167936K, used 164224K [0x00000000f5800000, 0x0000000100000000, 0x0000000100000000)
  eden space 163328K, 100% used [0x00000000f5800000,0x00000000ff780000,0x00000000ff780000)
  from space 4608K, 19% used [0x00000000ffb80000,0x00000000ffc60000,0x0000000100000000)
  to   space 4096K, 0% used [0x00000000ff780000,0x00000000ff780000,0x00000000ffb80000)
 ParOldGen       total 286720K, used 88107K [0x00000000e4000000, 0x00000000f5800000, 0x00000000f5800000)
  object space 286720K, 30% used [0x00000000e4000000,0x00000000e960afa8,0x00000000f5800000)
 Metaspace       used 71103K, capacity 75186K, committed 75392K, reserved 1114112K
  class space    used 9107K, capacity 9829K, committed 9856K, reserved 1048576K
2024-06-11T22:55:16.293+0800: 2335.382: [GC (Allocation Failure) [PSYoungGen: 164224K->864K(167424K)] 252331K->89155K(454144K), 0.0052160 secs] [Times: user=0.01 sys=0.00, real=0.00 secs] 
Heap after GC invocations=237 (full 0):
 PSYoungGen      total 167424K, used 864K [0x00000000f5800000, 0x0000000100000000, 0x0000000100000000)
  eden space 163328K, 0% used [0x00000000f5800000,0x00000000f5800000,0x00000000ff780000)
  from space 4096K, 21% used [0x00000000ff780000,0x00000000ff858000,0x00000000ffb80000)
  to   space 4096K, 0% used [0x00000000ffc00000,0x00000000ffc00000,0x0000000100000000)
 ParOldGen       total 286720K, used 88291K [0x00000000e4000000, 0x00000000f5800000, 0x00000000f5800000)
  object space 286720K, 30% used [0x00000000e4000000,0x00000000e9638fa8,0x00000000f5800000)
 Metaspace       used 71103K, capacity 75186K, committed 75392K, reserved 1114112K
  class space    used 9107K, capacity 9829K, committed 9856K, reserved 1048576K
}
{Heap before GC invocations=238 (full 0):
 PSYoungGen      total 167424K, used 164192K [0x00000000f5800000, 0x0000000100000000, 0x0000000100000000)
  eden space 163328K, 100% used [0x00000000f5800000,0x00000000ff780000,0x00000000ff780000)
  from space 4096K, 21% used [0x00000000ff780000,0x00000000ff858000,0x00000000ffb80000)
  to   space 4096K, 0% used [0x00000000ffc00000,0x00000000ffc00000,0x0000000100000000)
 ParOldGen       total 286720K, used 88291K [0x00000000e4000000, 0x00000000f5800000, 0x00000000f5800000)
  object space 286720K, 30% used [0x00000000e4000000,0x00000000e9638fa8,0x00000000f5800000)
 Metaspace       used 71103K, capacity 75186K, committed 75392K, reserved 1114112K
  class space    used 9107K, capacity 9829K, committed 9856K, reserved 1048576K
2024-06-11T22:55:26.353+0800: 2345.442: [GC (Allocation Failure) [PSYoungGen: 164192K->896K(167936K)] 252483K->89371K(454656K), 0.0055112 secs] [Times: user=0.00 sys=0.00, real=0.00 secs] 
Heap after GC invocations=238 (full 0):
 PSYoungGen      total 167936K, used 896K [0x00000000f5800000, 0x0000000100000000, 0x0000000100000000)
  eden space 163840K, 0% used [0x00000000f5800000,0x00000000f5800000,0x00000000ff800000)
  from space 4096K, 21% used [0x00000000ffc00000,0x00000000ffce0000,0x0000000100000000)
  to   space 4096K, 0% used [0x00000000ff800000,0x00000000ff800000,0x00000000ffc00000)
 ParOldGen       total 286720K, used 88475K [0x00000000e4000000, 0x00000000f5800000, 0x00000000f5800000)
  object space 286720K, 30% used [0x00000000e4000000,0x00000000e9666fa8,0x00000000f5800000)
 Metaspace       used 71103K, capacity 75186K, committed 75392K, reserved 1114112K
  class space    used 9107K, capacity 9829K, committed 9856K, reserved 1048576K
}
{Heap before GC invocations=239 (full 0):
 PSYoungGen      total 167936K, used 164736K [0x00000000f5800000, 0x0000000100000000, 0x0000000100000000)
  eden space 163840K, 100% used [0x00000000f5800000,0x00000000ff800000,0x00000000ff800000)
  from space 4096K, 21% used [0x00000000ffc00000,0x00000000ffce0000,0x0000000100000000)
  to   space 4096K, 0% used [0x00000000ff800000,0x00000000ff800000,0x00000000ffc00000)
 ParOldGen       total 286720K, used 88475K [0x00000000e4000000, 0x00000000f5800000, 0x00000000f5800000)
  object space 286720K, 30% used [0x00000000e4000000,0x00000000e9666fa8,0x00000000f5800000)
 Metaspace       used 71104K, capacity 75186K, committed 75392K, reserved 1114112K
  class space    used 9107K, capacity 9829K, committed 9856K, reserved 1048576K
2024-06-11T22:55:36.505+0800: 2355.594: [GC (Allocation Failure) [PSYoungGen: 164736K->864K(167936K)] 253211K->89515K(454656K), 0.0093140 secs] [Times: user=0.02 sys=0.00, real=0.01 secs] 
Heap after GC invocations=239 (full 0):
 PSYoungGen      total 167936K, used 864K [0x00000000f5800000, 0x0000000100000000, 0x0000000100000000)
  eden space 163840K, 0% used [0x00000000f5800000,0x00000000f5800000,0x00000000ff800000)
  from space 4096K, 21% used [0x00000000ff800000,0x00000000ff8d8000,0x00000000ffc00000)
  to   space 3584K, 0% used [0x00000000ffc80000,0x00000000ffc80000,0x0000000100000000)
 ParOldGen       total 286720K, used 88651K [0x00000000e4000000, 0x00000000f5800000, 0x00000000f5800000)
  object space 286720K, 30% used [0x00000000e4000000,0x00000000e9692fa8,0x00000000f5800000)
 Metaspace       used 71104K, capacity 75186K, committed 75392K, reserved 1114112K
  class space    used 9107K, capacity 9829K, committed 9856K, reserved 1048576K
}
{Heap before GC invocations=240 (full 0):
 PSYoungGen      total 167936K, used 164704K [0x00000000f5800000, 0x0000000100000000, 0x0000000100000000)
  eden space 163840K, 100% used [0x00000000f5800000,0x00000000ff800000,0x00000000ff800000)
  from space 4096K, 21% used [0x00000000ff800000,0x00000000ff8d8000,0x00000000ffc00000)
  to   space 3584K, 0% used [0x00000000ffc80000,0x00000000ffc80000,0x0000000100000000)
 ParOldGen       total 286720K, used 88651K [0x00000000e4000000, 0x00000000f5800000, 0x00000000f5800000)
  object space 286720K, 30% used [0x00000000e4000000,0x00000000e9692fa8,0x00000000f5800000)
 Metaspace       used 71104K, capacity 75186K, committed 75392K, reserved 1114112K
  class space    used 9107K, capacity 9829K, committed 9856K, reserved 1048576K
2024-06-11T22:55:46.945+0800: 2366.034: [GC (Allocation Failure) [PSYoungGen: 164704K->2112K(167424K)] 253355K->90939K(454144K), 0.0071009 secs] [Times: user=0.02 sys=0.00, real=0.01 secs] 
Heap after GC invocations=240 (full 0):
 PSYoungGen      total 167424K, used 2112K [0x00000000f5800000, 0x0000000100000000, 0x0000000100000000)
  eden space 163840K, 0% used [0x00000000f5800000,0x00000000f5800000,0x00000000ff800000)
  from space 3584K, 58% used [0x00000000ffc80000,0x00000000ffe90000,0x0000000100000000)
  to   space 4096K, 0% used [0x00000000ff800000,0x00000000ff800000,0x00000000ffc00000)
 ParOldGen       total 286720K, used 88827K [0x00000000e4000000, 0x00000000f5800000, 0x00000000f5800000)
  object space 286720K, 30% used [0x00000000e4000000,0x00000000e96befa8,0x00000000f5800000)
 Metaspace       used 71104K, capacity 75186K, committed 75392K, reserved 1114112K
  class space    used 9107K, capacity 9829K, committed 9856K, reserved 1048576K
}
{Heap before GC invocations=241 (full 0):
 PSYoungGen      total 167424K, used 165952K [0x00000000f5800000, 0x0000000100000000, 0x0000000100000000)
  eden space 163840K, 100% used [0x00000000f5800000,0x00000000ff800000,0x00000000ff800000)
  from space 3584K, 58% used [0x00000000ffc80000,0x00000000ffe90000,0x0000000100000000)
  to   space 4096K, 0% used [0x00000000ff800000,0x00000000ff800000,0x00000000ffc00000)
 ParOldGen       total 286720K, used 88827K [0x00000000e4000000, 0x00000000f5800000, 0x00000000f5800000)
  object space 286720K, 30% used [0x00000000e4000000,0x00000000e96befa8,0x00000000f5800000)
 Metaspace       used 71104K, capacity 75186K, committed 75392K, reserved 1114112K
  class space    used 9107K, capacity 9829K, committed 9856K, reserved 1048576K
2024-06-11T22:55:56.903+0800: 2375.992: [GC (Allocation Failure) [PSYoungGen: 165952K->1152K(167936K)] 254779K->91459K(454656K), 0.0074788 secs] [Times: user=0.01 sys=0.00, real=0.00 secs] 
Heap after GC invocations=241 (full 0):
 PSYoungGen      total 167936K, used 1152K [0x00000000f5800000, 0x0000000100000000, 0x0000000100000000)
  eden space 163840K, 0% used [0x00000000f5800000,0x00000000f5800000,0x00000000ff800000)
  from space 4096K, 28% used [0x00000000ff800000,0x00000000ff920000,0x00000000ffc00000)
  to   space 3584K, 0% used [0x00000000ffc80000,0x00000000ffc80000,0x0000000100000000)
 ParOldGen       total 286720K, used 90307K [0x00000000e4000000, 0x00000000f5800000, 0x00000000f5800000)
  object space 286720K, 31% used [0x00000000e4000000,0x00000000e9830fa8,0x00000000f5800000)
 Metaspace       used 71104K, capacity 75186K, committed 75392K, reserved 1114112K
  class space    used 9107K, capacity 9829K, committed 9856K, reserved 1048576K
}
{Heap before GC invocations=242 (full 0):
 PSYoungGen      total 167936K, used 164992K [0x00000000f5800000, 0x0000000100000000, 0x0000000100000000)
  eden space 163840K, 100% used [0x00000000f5800000,0x00000000ff800000,0x00000000ff800000)
  from space 4096K, 28% used [0x00000000ff800000,0x00000000ff920000,0x00000000ffc00000)
  to   space 3584K, 0% used [0x00000000ffc80000,0x00000000ffc80000,0x0000000100000000)
 ParOldGen       total 286720K, used 90307K [0x00000000e4000000, 0x00000000f5800000, 0x00000000f5800000)
  object space 286720K, 31% used [0x00000000e4000000,0x00000000e9830fa8,0x00000000f5800000)
 Metaspace       used 71104K, capacity 75186K, committed 75392K, reserved 1114112K
  class space    used 9107K, capacity 9829K, committed 9856K, reserved 1048576K
2024-06-11T22:56:06.982+0800: 2386.070: [GC (Allocation Failure) [PSYoungGen: 164992K->864K(168448K)] 255299K->91595K(455168K), 0.0058469 secs] [Times: user=0.01 sys=0.00, real=0.00 secs] 
Heap after GC invocations=242 (full 0):
 PSYoungGen      total 168448K, used 864K [0x00000000f5800000, 0x0000000100000000, 0x0000000100000000)
  eden space 164864K, 0% used [0x00000000f5800000,0x00000000f5800000,0x00000000ff900000)
  from space 3584K, 24% used [0x00000000ffc80000,0x00000000ffd58000,0x0000000100000000)
  to   space 3584K, 0% used [0x00000000ff900000,0x00000000ff900000,0x00000000ffc80000)
 ParOldGen       total 286720K, used 90731K [0x00000000e4000000, 0x00000000f5800000, 0x00000000f5800000)
  object space 286720K, 31% used [0x00000000e4000000,0x00000000e989afa8,0x00000000f5800000)
 Metaspace       used 71104K, capacity 75186K, committed 75392K, reserved 1114112K
  class space    used 9107K, capacity 9829K, committed 9856K, reserved 1048576K
}
{Heap before GC invocations=243 (full 0):
 PSYoungGen      total 168448K, used 165728K [0x00000000f5800000, 0x0000000100000000, 0x0000000100000000)
  eden space 164864K, 100% used [0x00000000f5800000,0x00000000ff900000,0x00000000ff900000)
  from space 3584K, 24% used [0x00000000ffc80000,0x00000000ffd58000,0x0000000100000000)
  to   space 3584K, 0% used [0x00000000ff900000,0x00000000ff900000,0x00000000ffc80000)
 ParOldGen       total 286720K, used 90731K [0x00000000e4000000, 0x00000000f5800000, 0x00000000f5800000)
  object space 286720K, 31% used [0x00000000e4000000,0x00000000e989afa8,0x00000000f5800000)
 Metaspace       used 71104K, capacity 75186K, committed 75392K, reserved 1114112K
  class space    used 9107K, capacity 9829K, committed 9856K, reserved 1048576K
2024-06-11T22:56:17.424+0800: 2396.512: [GC (Allocation Failure) [PSYoungGen: 165728K->896K(168448K)] 256459K->91803K(455168K), 0.0053791 secs] [Times: user=0.01 sys=0.00, real=0.00 secs] 
Heap after GC invocations=243 (full 0):
 PSYoungGen      total 168448K, used 896K [0x00000000f5800000, 0x0000000100000000, 0x0000000100000000)
  eden space 164864K, 0% used [0x00000000f5800000,0x00000000f5800000,0x00000000ff900000)
  from space 3584K, 25% used [0x00000000ff900000,0x00000000ff9e0000,0x00000000ffc80000)
  to   space 3584K, 0% used [0x00000000ffc80000,0x00000000ffc80000,0x0000000100000000)
 ParOldGen       total 286720K, used 90907K [0x00000000e4000000, 0x00000000f5800000, 0x00000000f5800000)
  object space 286720K, 31% used [0x00000000e4000000,0x00000000e98c6fa8,0x00000000f5800000)
 Metaspace       used 71104K, capacity 75186K, committed 75392K, reserved 1114112K
  class space    used 9107K, capacity 9829K, committed 9856K, reserved 1048576K
}
{Heap before GC invocations=244 (full 0):
 PSYoungGen      total 168448K, used 165760K [0x00000000f5800000, 0x0000000100000000, 0x0000000100000000)
  eden space 164864K, 100% used [0x00000000f5800000,0x00000000ff900000,0x00000000ff900000)
  from space 3584K, 25% used [0x00000000ff900000,0x00000000ff9e0000,0x00000000ffc80000)
  to   space 3584K, 0% used [0x00000000ffc80000,0x00000000ffc80000,0x0000000100000000)
 ParOldGen       total 286720K, used 90907K [0x00000000e4000000, 0x00000000f5800000, 0x00000000f5800000)
  object space 286720K, 31% used [0x00000000e4000000,0x00000000e98c6fa8,0x00000000f5800000)
 Metaspace       used 71104K, capacity 75186K, committed 75392K, reserved 1114112K
  class space    used 9107K, capacity 9829K, committed 9856K, reserved 1048576K
2024-06-11T22:56:27.859+0800: 2406.947: [GC (Allocation Failure) [PSYoungGen: 165760K->896K(168960K)] 256667K->91987K(455680K), 0.0052828 secs] [Times: user=0.01 sys=0.00, real=0.01 secs] 
Heap after GC invocations=244 (full 0):
 PSYoungGen      total 168960K, used 896K [0x00000000f5800000, 0x0000000100000000, 0x0000000100000000)
  eden space 165376K, 0% used [0x00000000f5800000,0x00000000f5800000,0x00000000ff980000)
  from space 3584K, 25% used [0x00000000ffc80000,0x00000000ffd60000,0x0000000100000000)
  to   space 3072K, 0% used [0x00000000ff980000,0x00000000ff980000,0x00000000ffc80000)
 ParOldGen       total 286720K, used 91091K [0x00000000e4000000, 0x00000000f5800000, 0x00000000f5800000)
  object space 286720K, 31% used [0x00000000e4000000,0x00000000e98f4fa8,0x00000000f5800000)
 Metaspace       used 71104K, capacity 75186K, committed 75392K, reserved 1114112K
  class space    used 9107K, capacity 9829K, committed 9856K, reserved 1048576K
}
{Heap before GC invocations=245 (full 0):
 PSYoungGen      total 168960K, used 166124K [0x00000000f5800000, 0x0000000100000000, 0x0000000100000000)
  eden space 165376K, 99% used [0x00000000f5800000,0x00000000ff95b160,0x00000000ff980000)
  from space 3584K, 25% used [0x00000000ffc80000,0x00000000ffd60000,0x0000000100000000)
  to   space 3072K, 0% used [0x00000000ff980000,0x00000000ff980000,0x00000000ffc80000)
 ParOldGen       total 286720K, used 91091K [0x00000000e4000000, 0x00000000f5800000, 0x00000000f5800000)
  object space 286720K, 31% used [0x00000000e4000000,0x00000000e98f4fa8,0x00000000f5800000)
 Metaspace       used 71104K, capacity 75186K, committed 75392K, reserved 1114112K
  class space    used 9107K, capacity 9829K, committed 9856K, reserved 1048576K
2024-06-11T22:56:37.741+0800: 2416.830: [GC (Allocation Failure) [PSYoungGen: 166124K->1085K(168448K)] 257216K->92361K(455168K), 0.0052547 secs] [Times: user=0.01 sys=0.00, real=0.00 secs] 
Heap after GC invocations=245 (full 0):
 PSYoungGen      total 168448K, used 1085K [0x00000000f5800000, 0x0000000100000000, 0x0000000100000000)
  eden space 165376K, 0% used [0x00000000f5800000,0x00000000f5800000,0x00000000ff980000)
  from space 3072K, 35% used [0x00000000ff980000,0x00000000ffa8f6a8,0x00000000ffc80000)
  to   space 3072K, 0% used [0x00000000ffd00000,0x00000000ffd00000,0x0000000100000000)
 ParOldGen       total 286720K, used 91275K [0x00000000e4000000, 0x00000000f5800000, 0x00000000f5800000)
  object space 286720K, 31% used [0x00000000e4000000,0x00000000e9922fa8,0x00000000f5800000)
 Metaspace       used 71104K, capacity 75186K, committed 75392K, reserved 1114112K
  class space    used 9107K, capacity 9829K, committed 9856K, reserved 1048576K
}
{Heap before GC invocations=246 (full 0):
 PSYoungGen      total 168448K, used 166461K [0x00000000f5800000, 0x0000000100000000, 0x0000000100000000)
  eden space 165376K, 100% used [0x00000000f5800000,0x00000000ff980000,0x00000000ff980000)
  from space 3072K, 35% used [0x00000000ff980000,0x00000000ffa8f6a8,0x00000000ffc80000)
  to   space 3072K, 0% used [0x00000000ffd00000,0x00000000ffd00000,0x0000000100000000)
 ParOldGen       total 286720K, used 91275K [0x00000000e4000000, 0x00000000f5800000, 0x00000000f5800000)
  object space 286720K, 31% used [0x00000000e4000000,0x00000000e9922fa8,0x00000000f5800000)
 Metaspace       used 71104K, capacity 75186K, committed 75392K, reserved 1114112K
  class space    used 9107K, capacity 9829K, committed 9856K, reserved 1048576K
2024-06-11T22:56:48.150+0800: 2427.239: [GC (Allocation Failure) [PSYoungGen: 166461K->2368K(167936K)] 257737K->93819K(454656K), 0.0074213 secs] [Times: user=0.02 sys=0.01, real=0.01 secs] 
Heap after GC invocations=246 (full 0):
 PSYoungGen      total 167936K, used 2368K [0x00000000f5800000, 0x0000000100000000, 0x0000000100000000)
  eden space 164864K, 0% used [0x00000000f5800000,0x00000000f5800000,0x00000000ff900000)
  from space 3072K, 77% used [0x00000000ffd00000,0x00000000fff50000,0x0000000100000000)
  to   space 3584K, 0% used [0x00000000ff900000,0x00000000ff900000,0x00000000ffc80000)
 ParOldGen       total 286720K, used 91451K [0x00000000e4000000, 0x00000000f5800000, 0x00000000f5800000)
  object space 286720K, 31% used [0x00000000e4000000,0x00000000e994efa8,0x00000000f5800000)
 Metaspace       used 71104K, capacity 75186K, committed 75392K, reserved 1114112K
  class space    used 9107K, capacity 9829K, committed 9856K, reserved 1048576K
}
{Heap before GC invocations=247 (full 0):
 PSYoungGen      total 167936K, used 167232K [0x00000000f5800000, 0x0000000100000000, 0x0000000100000000)
  eden space 164864K, 100% used [0x00000000f5800000,0x00000000ff900000,0x00000000ff900000)
  from space 3072K, 77% used [0x00000000ffd00000,0x00000000fff50000,0x0000000100000000)
  to   space 3584K, 0% used [0x00000000ff900000,0x00000000ff900000,0x00000000ffc80000)
 ParOldGen       total 286720K, used 91451K [0x00000000e4000000, 0x00000000f5800000, 0x00000000f5800000)
  object space 286720K, 31% used [0x00000000e4000000,0x00000000e994efa8,0x00000000f5800000)
 Metaspace       used 71104K, capacity 75186K, committed 75392K, reserved 1114112K
  class space    used 9107K, capacity 9829K, committed 9856K, reserved 1048576K
2024-06-11T22:56:58.410+0800: 2437.498: [GC (Allocation Failure) [PSYoungGen: 167232K->960K(168448K)] 258683K->94091K(455168K), 0.0077835 secs] [Times: user=0.02 sys=0.00, real=0.01 secs] 
Heap after GC invocations=247 (full 0):
 PSYoungGen      total 168448K, used 960K [0x00000000f5800000, 0x0000000100000000, 0x0000000100000000)
  eden space 164864K, 0% used [0x00000000f5800000,0x00000000f5800000,0x00000000ff900000)
  from space 3584K, 26% used [0x00000000ff900000,0x00000000ff9f0000,0x00000000ffc80000)
  to   space 3072K, 0% used [0x00000000ffd00000,0x00000000ffd00000,0x0000000100000000)
 ParOldGen       total 286720K, used 93131K [0x00000000e4000000, 0x00000000f5800000, 0x00000000f5800000)
  object space 286720K, 32% used [0x00000000e4000000,0x00000000e9af2fa8,0x00000000f5800000)
 Metaspace       used 71104K, capacity 75186K, committed 75392K, reserved 1114112K
  class space    used 9107K, capacity 9829K, committed 9856K, reserved 1048576K
}
{Heap before GC invocations=248 (full 0):
 PSYoungGen      total 168448K, used 165824K [0x00000000f5800000, 0x0000000100000000, 0x0000000100000000)
  eden space 164864K, 100% used [0x00000000f5800000,0x00000000ff900000,0x00000000ff900000)
  from space 3584K, 26% used [0x00000000ff900000,0x00000000ff9f0000,0x00000000ffc80000)
  to   space 3072K, 0% used [0x00000000ffd00000,0x00000000ffd00000,0x0000000100000000)
 ParOldGen       total 286720K, used 93131K [0x00000000e4000000, 0x00000000f5800000, 0x00000000f5800000)
  object space 286720K, 32% used [0x00000000e4000000,0x00000000e9af2fa8,0x00000000f5800000)
 Metaspace       used 71104K, capacity 75186K, committed 75392K, reserved 1114112K
  class space    used 9107K, capacity 9829K, committed 9856K, reserved 1048576K
2024-06-11T22:57:08.599+0800: 2447.688: [GC (Allocation Failure) [PSYoungGen: 165824K->1239K(168960K)] 258955K->94595K(455680K), 0.0054097 secs] [Times: user=0.01 sys=0.00, real=0.01 secs] 
Heap after GC invocations=248 (full 0):
 PSYoungGen      total 168960K, used 1239K [0x00000000f5800000, 0x0000000100000000, 0x0000000100000000)
  eden space 165888K, 0% used [0x00000000f5800000,0x00000000f5800000,0x00000000ffa00000)
  from space 3072K, 40% used [0x00000000ffd00000,0x00000000ffe35d30,0x0000000100000000)
  to   space 3072K, 0% used [0x00000000ffa00000,0x00000000ffa00000,0x00000000ffd00000)
 ParOldGen       total 286720K, used 93355K [0x00000000e4000000, 0x00000000f5800000, 0x00000000f5800000)
  object space 286720K, 32% used [0x00000000e4000000,0x00000000e9b2afa8,0x00000000f5800000)
 Metaspace       used 71104K, capacity 75186K, committed 75392K, reserved 1114112K
  class space    used 9107K, capacity 9829K, committed 9856K, reserved 1048576K
}
{Heap before GC invocations=249 (full 0):
 PSYoungGen      total 168960K, used 167127K [0x00000000f5800000, 0x0000000100000000, 0x0000000100000000)
  eden space 165888K, 100% used [0x00000000f5800000,0x00000000ffa00000,0x00000000ffa00000)
  from space 3072K, 40% used [0x00000000ffd00000,0x00000000ffe35d30,0x0000000100000000)
  to   space 3072K, 0% used [0x00000000ffa00000,0x00000000ffa00000,0x00000000ffd00000)
 ParOldGen       total 286720K, used 93355K [0x00000000e4000000, 0x00000000f5800000, 0x00000000f5800000)
  object space 286720K, 32% used [0x00000000e4000000,0x00000000e9b2afa8,0x00000000f5800000)
 Metaspace       used 71104K, capacity 75186K, committed 75392K, reserved 1114112K
  class space    used 9107K, capacity 9829K, committed 9856K, reserved 1048576K
2024-06-11T22:57:19.233+0800: 2458.322: [GC (Allocation Failure) [PSYoungGen: 167127K->896K(168960K)] 260483K->94435K(455680K), 0.0065685 secs] [Times: user=0.01 sys=0.00, real=0.00 secs] 
Heap after GC invocations=249 (full 0):
 PSYoungGen      total 168960K, used 896K [0x00000000f5800000, 0x0000000100000000, 0x0000000100000000)
  eden space 165888K, 0% used [0x00000000f5800000,0x00000000f5800000,0x00000000ffa00000)
  from space 3072K, 29% used [0x00000000ffa00000,0x00000000ffae0000,0x00000000ffd00000)
  to   space 3072K, 0% used [0x00000000ffd00000,0x00000000ffd00000,0x0000000100000000)
 ParOldGen       total 286720K, used 93539K [0x00000000e4000000, 0x00000000f5800000, 0x00000000f5800000)
  object space 286720K, 32% used [0x00000000e4000000,0x00000000e9b58fa8,0x00000000f5800000)
 Metaspace       used 71104K, capacity 75186K, committed 75392K, reserved 1114112K
  class space    used 9107K, capacity 9829K, committed 9856K, reserved 1048576K
}
{Heap before GC invocations=250 (full 0):
 PSYoungGen      total 168960K, used 166784K [0x00000000f5800000, 0x0000000100000000, 0x0000000100000000)
  eden space 165888K, 100% used [0x00000000f5800000,0x00000000ffa00000,0x00000000ffa00000)
  from space 3072K, 29% used [0x00000000ffa00000,0x00000000ffae0000,0x00000000ffd00000)
  to   space 3072K, 0% used [0x00000000ffd00000,0x00000000ffd00000,0x0000000100000000)
 ParOldGen       total 286720K, used 93539K [0x00000000e4000000, 0x00000000f5800000, 0x00000000f5800000)
  object space 286720K, 32% used [0x00000000e4000000,0x00000000e9b58fa8,0x00000000f5800000)
 Metaspace       used 71104K, capacity 75186K, committed 75392K, reserved 1114112K
  class space    used 9107K, capacity 9829K, committed 9856K, reserved 1048576K
2024-06-11T22:57:29.432+0800: 2468.521: [GC (Allocation Failure) [PSYoungGen: 166784K->864K(168960K)] 260323K->94587K(455680K), 0.0058806 secs] [Times: user=0.01 sys=0.00, real=0.00 secs] 
Heap after GC invocations=250 (full 0):
 PSYoungGen      total 168960K, used 864K [0x00000000f5800000, 0x0000000100000000, 0x0000000100000000)
  eden space 165888K, 0% used [0x00000000f5800000,0x00000000f5800000,0x00000000ffa00000)
  from space 3072K, 28% used [0x00000000ffd00000,0x00000000ffdd8000,0x0000000100000000)
  to   space 3072K, 0% used [0x00000000ffa00000,0x00000000ffa00000,0x00000000ffd00000)
 ParOldGen       total 286720K, used 93723K [0x00000000e4000000, 0x00000000f5800000, 0x00000000f5800000)
  object space 286720K, 32% used [0x00000000e4000000,0x00000000e9b86fa8,0x00000000f5800000)
 Metaspace       used 71104K, capacity 75186K, committed 75392K, reserved 1114112K
  class space    used 9107K, capacity 9829K, committed 9856K, reserved 1048576K
}
{Heap before GC invocations=251 (full 0):
 PSYoungGen      total 168960K, used 166752K [0x00000000f5800000, 0x0000000100000000, 0x0000000100000000)
  eden space 165888K, 100% used [0x00000000f5800000,0x00000000ffa00000,0x00000000ffa00000)
  from space 3072K, 28% used [0x00000000ffd00000,0x00000000ffdd8000,0x0000000100000000)
  to   space 3072K, 0% used [0x00000000ffa00000,0x00000000ffa00000,0x00000000ffd00000)
 ParOldGen       total 286720K, used 93723K [0x00000000e4000000, 0x00000000f5800000, 0x00000000f5800000)
  object space 286720K, 32% used [0x00000000e4000000,0x00000000e9b86fa8,0x00000000f5800000)
 Metaspace       used 71104K, capacity 75186K, committed 75392K, reserved 1114112K
  class space    used 9107K, capacity 9829K, committed 9856K, reserved 1048576K
2024-06-11T22:57:39.769+0800: 2478.858: [GC (Allocation Failure) [PSYoungGen: 166752K->896K(168960K)] 260475K->94803K(455680K), 0.0053205 secs] [Times: user=0.00 sys=0.00, real=0.01 secs] 
Heap after GC invocations=251 (full 0):
 PSYoungGen      total 168960K, used 896K [0x00000000f5800000, 0x0000000100000000, 0x0000000100000000)
  eden space 165888K, 0% used [0x00000000f5800000,0x00000000f5800000,0x00000000ffa00000)
  from space 3072K, 29% used [0x00000000ffa00000,0x00000000ffae0000,0x00000000ffd00000)
  to   space 3072K, 0% used [0x00000000ffd00000,0x00000000ffd00000,0x0000000100000000)
 ParOldGen       total 286720K, used 93907K [0x00000000e4000000, 0x00000000f5800000, 0x00000000f5800000)
  object space 286720K, 32% used [0x00000000e4000000,0x00000000e9bb4fa8,0x00000000f5800000)
 Metaspace       used 71104K, capacity 75186K, committed 75392K, reserved 1114112K
  class space    used 9107K, capacity 9829K, committed 9856K, reserved 1048576K
}
{Heap before GC invocations=252 (full 0):
 PSYoungGen      total 168960K, used 166784K [0x00000000f5800000, 0x0000000100000000, 0x0000000100000000)
  eden space 165888K, 100% used [0x00000000f5800000,0x00000000ffa00000,0x00000000ffa00000)
  from space 3072K, 29% used [0x00000000ffa00000,0x00000000ffae0000,0x00000000ffd00000)
  to   space 3072K, 0% used [0x00000000ffd00000,0x00000000ffd00000,0x0000000100000000)
 ParOldGen       total 286720K, used 93907K [0x00000000e4000000, 0x00000000f5800000, 0x00000000f5800000)
  object space 286720K, 32% used [0x00000000e4000000,0x00000000e9bb4fa8,0x00000000f5800000)
 Metaspace       used 71104K, capacity 75186K, committed 75392K, reserved 1114112K
  class space    used 9107K, capacity 9829K, committed 9856K, reserved 1048576K
2024-06-11T22:57:49.853+0800: 2488.941: [GC (Allocation Failure) [PSYoungGen: 166784K->2368K(168960K)] 260691K->96459K(455680K), 0.0079668 secs] [Times: user=0.02 sys=0.00, real=0.01 secs] 
Heap after GC invocations=252 (full 0):
 PSYoungGen      total 168960K, used 2368K [0x00000000f5800000, 0x0000000100000000, 0x0000000100000000)
  eden space 165888K, 0% used [0x00000000f5800000,0x00000000f5800000,0x00000000ffa00000)
  from space 3072K, 77% used [0x00000000ffd00000,0x00000000fff50000,0x0000000100000000)
  to   space 3072K, 0% used [0x00000000ffa00000,0x00000000ffa00000,0x00000000ffd00000)
 ParOldGen       total 286720K, used 94091K [0x00000000e4000000, 0x00000000f5800000, 0x00000000f5800000)
  object space 286720K, 32% used [0x00000000e4000000,0x00000000e9be2fa8,0x00000000f5800000)
 Metaspace       used 71104K, capacity 75186K, committed 75392K, reserved 1114112K
  class space    used 9107K, capacity 9829K, committed 9856K, reserved 1048576K
}
{Heap before GC invocations=253 (full 0):
 PSYoungGen      total 168960K, used 168256K [0x00000000f5800000, 0x0000000100000000, 0x0000000100000000)
  eden space 165888K, 100% used [0x00000000f5800000,0x00000000ffa00000,0x00000000ffa00000)
  from space 3072K, 77% used [0x00000000ffd00000,0x00000000fff50000,0x0000000100000000)
  to   space 3072K, 0% used [0x00000000ffa00000,0x00000000ffa00000,0x00000000ffd00000)
 ParOldGen       total 286720K, used 94091K [0x00000000e4000000, 0x00000000f5800000, 0x00000000f5800000)
  object space 286720K, 32% used [0x00000000e4000000,0x00000000e9be2fa8,0x00000000f5800000)
 Metaspace       used 71105K, capacity 75186K, committed 75392K, reserved 1114112K
  class space    used 9107K, capacity 9829K, committed 9856K, reserved 1048576K
2024-06-11T22:58:00.271+0800: 2499.360: [GC (Allocation Failure) [PSYoungGen: 168256K->896K(168960K)] 262347K->96683K(455680K), 0.0084031 secs] [Times: user=0.01 sys=0.00, real=0.00 secs] 
Heap after GC invocations=253 (full 0):
 PSYoungGen      total 168960K, used 896K [0x00000000f5800000, 0x0000000100000000, 0x0000000100000000)
  eden space 165888K, 0% used [0x00000000f5800000,0x00000000f5800000,0x00000000ffa00000)
  from space 3072K, 29% used [0x00000000ffa00000,0x00000000ffae0000,0x00000000ffd00000)
  to   space 3072K, 0% used [0x00000000ffd00000,0x00000000ffd00000,0x0000000100000000)
 ParOldGen       total 286720K, used 95787K [0x00000000e4000000, 0x00000000f5800000, 0x00000000f5800000)
  object space 286720K, 33% used [0x00000000e4000000,0x00000000e9d8afa8,0x00000000f5800000)
 Metaspace       used 71105K, capacity 75186K, committed 75392K, reserved 1114112K
  class space    used 9107K, capacity 9829K, committed 9856K, reserved 1048576K
}
{Heap before GC invocations=254 (full 0):
 PSYoungGen      total 168960K, used 166784K [0x00000000f5800000, 0x0000000100000000, 0x0000000100000000)
  eden space 165888K, 100% used [0x00000000f5800000,0x00000000ffa00000,0x00000000ffa00000)
  from space 3072K, 29% used [0x00000000ffa00000,0x00000000ffae0000,0x00000000ffd00000)
  to   space 3072K, 0% used [0x00000000ffd00000,0x00000000ffd00000,0x0000000100000000)
 ParOldGen       total 286720K, used 95787K [0x00000000e4000000, 0x00000000f5800000, 0x00000000f5800000)
  object space 286720K, 33% used [0x00000000e4000000,0x00000000e9d8afa8,0x00000000f5800000)
 Metaspace       used 71106K, capacity 75186K, committed 75392K, reserved 1114112K
  class space    used 9107K, capacity 9829K, committed 9856K, reserved 1048576K
2024-06-11T22:58:10.488+0800: 2509.577: [GC (Allocation Failure) [PSYoungGen: 166784K->832K(168960K)] 262571K->96827K(455680K), 0.0066247 secs] [Times: user=0.01 sys=0.00, real=0.01 secs] 
Heap after GC invocations=254 (full 0):
 PSYoungGen      total 168960K, used 832K [0x00000000f5800000, 0x0000000100000000, 0x0000000100000000)
  eden space 165888K, 0% used [0x00000000f5800000,0x00000000f5800000,0x00000000ffa00000)
  from space 3072K, 27% used [0x00000000ffd00000,0x00000000ffdd0000,0x0000000100000000)
  to   space 3072K, 0% used [0x00000000ffa00000,0x00000000ffa00000,0x00000000ffd00000)
 ParOldGen       total 286720K, used 95995K [0x00000000e4000000, 0x00000000f5800000, 0x00000000f5800000)
  object space 286720K, 33% used [0x00000000e4000000,0x00000000e9dbefa8,0x00000000f5800000)
 Metaspace       used 71106K, capacity 75186K, committed 75392K, reserved 1114112K
  class space    used 9107K, capacity 9829K, committed 9856K, reserved 1048576K
}
{Heap before GC invocations=255 (full 0):
 PSYoungGen      total 168960K, used 166720K [0x00000000f5800000, 0x0000000100000000, 0x0000000100000000)
  eden space 165888K, 100% used [0x00000000f5800000,0x00000000ffa00000,0x00000000ffa00000)
  from space 3072K, 27% used [0x00000000ffd00000,0x00000000ffdd0000,0x0000000100000000)
  to   space 3072K, 0% used [0x00000000ffa00000,0x00000000ffa00000,0x00000000ffd00000)
 ParOldGen       total 286720K, used 95995K [0x00000000e4000000, 0x00000000f5800000, 0x00000000f5800000)
  object space 286720K, 33% used [0x00000000e4000000,0x00000000e9dbefa8,0x00000000f5800000)
 Metaspace       used 71106K, capacity 75186K, committed 75392K, reserved 1114112K
  class space    used 9107K, capacity 9829K, committed 9856K, reserved 1048576K
2024-06-11T22:58:21.047+0800: 2520.136: [GC (Allocation Failure) [PSYoungGen: 166720K->896K(168960K)] 262715K->97075K(455680K), 0.0051541 secs] [Times: user=0.01 sys=0.00, real=0.01 secs] 
Heap after GC invocations=255 (full 0):
 PSYoungGen      total 168960K, used 896K [0x00000000f5800000, 0x0000000100000000, 0x0000000100000000)
  eden space 165888K, 0% used [0x00000000f5800000,0x00000000f5800000,0x00000000ffa00000)
  from space 3072K, 29% used [0x00000000ffa00000,0x00000000ffae0000,0x00000000ffd00000)
  to   space 3072K, 0% used [0x00000000ffd00000,0x00000000ffd00000,0x0000000100000000)
 ParOldGen       total 286720K, used 96179K [0x00000000e4000000, 0x00000000f5800000, 0x00000000f5800000)
  object space 286720K, 33% used [0x00000000e4000000,0x00000000e9decfa8,0x00000000f5800000)
 Metaspace       used 71106K, capacity 75186K, committed 75392K, reserved 1114112K
  class space    used 9107K, capacity 9829K, committed 9856K, reserved 1048576K
}
{Heap before GC invocations=256 (full 0):
 PSYoungGen      total 168960K, used 166784K [0x00000000f5800000, 0x0000000100000000, 0x0000000100000000)
  eden space 165888K, 100% used [0x00000000f5800000,0x00000000ffa00000,0x00000000ffa00000)
  from space 3072K, 29% used [0x00000000ffa00000,0x00000000ffae0000,0x00000000ffd00000)
  to   space 3072K, 0% used [0x00000000ffd00000,0x00000000ffd00000,0x0000000100000000)
 ParOldGen       total 286720K, used 96179K [0x00000000e4000000, 0x00000000f5800000, 0x00000000f5800000)
  object space 286720K, 33% used [0x00000000e4000000,0x00000000e9decfa8,0x00000000f5800000)
 Metaspace       used 71106K, capacity 75186K, committed 75392K, reserved 1114112K
  class space    used 9107K, capacity 9829K, committed 9856K, reserved 1048576K
2024-06-11T22:58:31.170+0800: 2530.259: [GC (Allocation Failure) [PSYoungGen: 166784K->896K(169472K)] 262963K->97251K(456192K), 0.0050542 secs] [Times: user=0.01 sys=0.00, real=0.01 secs] 
Heap after GC invocations=256 (full 0):
 PSYoungGen      total 169472K, used 896K [0x00000000f5800000, 0x0000000100000000, 0x0000000100000000)
  eden space 166400K, 0% used [0x00000000f5800000,0x00000000f5800000,0x00000000ffa80000)
  from space 3072K, 29% used [0x00000000ffd00000,0x00000000ffde0000,0x0000000100000000)
  to   space 2560K, 0% used [0x00000000ffa80000,0x00000000ffa80000,0x00000000ffd00000)
 ParOldGen       total 286720K, used 96355K [0x00000000e4000000, 0x00000000f5800000, 0x00000000f5800000)
  object space 286720K, 33% used [0x00000000e4000000,0x00000000e9e18fa8,0x00000000f5800000)
 Metaspace       used 71106K, capacity 75186K, committed 75392K, reserved 1114112K
  class space    used 9107K, capacity 9829K, committed 9856K, reserved 1048576K
}
{Heap before GC invocations=257 (full 0):
 PSYoungGen      total 169472K, used 167296K [0x00000000f5800000, 0x0000000100000000, 0x0000000100000000)
  eden space 166400K, 100% used [0x00000000f5800000,0x00000000ffa80000,0x00000000ffa80000)
  from space 3072K, 29% used [0x00000000ffd00000,0x00000000ffde0000,0x0000000100000000)
  to   space 2560K, 0% used [0x00000000ffa80000,0x00000000ffa80000,0x00000000ffd00000)
 ParOldGen       total 286720K, used 96355K [0x00000000e4000000, 0x00000000f5800000, 0x00000000f5800000)
  object space 286720K, 33% used [0x00000000e4000000,0x00000000e9e18fa8,0x00000000f5800000)
 Metaspace       used 71106K, capacity 75186K, committed 75392K, reserved 1114112K
  class space    used 9107K, capacity 9829K, committed 9856K, reserved 1048576K
2024-06-11T22:58:41.585+0800: 2540.674: [GC (Allocation Failure) [PSYoungGen: 167296K->896K(168960K)] 263651K->97435K(455680K), 0.0061818 secs] [Times: user=0.01 sys=0.00, real=0.01 secs] 
Heap after GC invocations=257 (full 0):
 PSYoungGen      total 168960K, used 896K [0x00000000f5800000, 0x0000000100000000, 0x0000000100000000)
  eden space 166400K, 0% used [0x00000000f5800000,0x00000000f5800000,0x00000000ffa80000)
  from space 2560K, 35% used [0x00000000ffa80000,0x00000000ffb60000,0x00000000ffd00000)
  to   space 2560K, 0% used [0x00000000ffd80000,0x00000000ffd80000,0x0000000100000000)
 ParOldGen       total 286720K, used 96539K [0x00000000e4000000, 0x00000000f5800000, 0x00000000f5800000)
  object space 286720K, 33% used [0x00000000e4000000,0x00000000e9e46fa8,0x00000000f5800000)
 Metaspace       used 71106K, capacity 75186K, committed 75392K, reserved 1114112K
  class space    used 9107K, capacity 9829K, committed 9856K, reserved 1048576K
}
{Heap before GC invocations=258 (full 0):
 PSYoungGen      total 168960K, used 167296K [0x00000000f5800000, 0x0000000100000000, 0x0000000100000000)
  eden space 166400K, 100% used [0x00000000f5800000,0x00000000ffa80000,0x00000000ffa80000)
  from space 2560K, 35% used [0x00000000ffa80000,0x00000000ffb60000,0x00000000ffd00000)
  to   space 2560K, 0% used [0x00000000ffd80000,0x00000000ffd80000,0x0000000100000000)
 ParOldGen       total 286720K, used 96539K [0x00000000e4000000, 0x00000000f5800000, 0x00000000f5800000)
  object space 286720K, 33% used [0x00000000e4000000,0x00000000e9e46fa8,0x00000000f5800000)
 Metaspace       used 71106K, capacity 75186K, committed 75392K, reserved 1114112K
  class space    used 9107K, capacity 9829K, committed 9856K, reserved 1048576K
2024-06-11T22:58:52.021+0800: 2551.110: [GC (Allocation Failure) [PSYoungGen: 167296K->2400K(168448K)] 263835K->99123K(455168K), 0.0073884 secs] [Times: user=0.01 sys=0.01, real=0.00 secs] 
Heap after GC invocations=258 (full 0):
 PSYoungGen      total 168448K, used 2400K [0x00000000f5800000, 0x0000000100000000, 0x0000000100000000)
  eden space 165888K, 0% used [0x00000000f5800000,0x00000000f5800000,0x00000000ffa00000)
  from space 2560K, 93% used [0x00000000ffd80000,0x00000000fffd8000,0x0000000100000000)
  to   space 3072K, 0% used [0x00000000ffa00000,0x00000000ffa00000,0x00000000ffd00000)
 ParOldGen       total 286720K, used 96723K [0x00000000e4000000, 0x00000000f5800000, 0x00000000f5800000)
  object space 286720K, 33% used [0x00000000e4000000,0x00000000e9e74fa8,0x00000000f5800000)
 Metaspace       used 71106K, capacity 75186K, committed 75392K, reserved 1114112K
  class space    used 9107K, capacity 9829K, committed 9856K, reserved 1048576K
}
{Heap before GC invocations=259 (full 0):
 PSYoungGen      total 168448K, used 168288K [0x00000000f5800000, 0x0000000100000000, 0x0000000100000000)
  eden space 165888K, 100% used [0x00000000f5800000,0x00000000ffa00000,0x00000000ffa00000)
  from space 2560K, 93% used [0x00000000ffd80000,0x00000000fffd8000,0x0000000100000000)
  to   space 3072K, 0% used [0x00000000ffa00000,0x00000000ffa00000,0x00000000ffd00000)
 ParOldGen       total 286720K, used 96723K [0x00000000e4000000, 0x00000000f5800000, 0x00000000f5800000)
  object space 286720K, 33% used [0x00000000e4000000,0x00000000e9e74fa8,0x00000000f5800000)
 Metaspace       used 71106K, capacity 75186K, committed 75392K, reserved 1114112K
  class space    used 9107K, capacity 9829K, committed 9856K, reserved 1048576K
2024-06-11T22:59:02.570+0800: 2561.659: [GC (Allocation Failure) [PSYoungGen: 168288K->864K(168960K)] 265011K->99299K(455680K), 0.0077111 secs] [Times: user=0.02 sys=0.00, real=0.01 secs] 
Heap after GC invocations=259 (full 0):
 PSYoungGen      total 168960K, used 864K [0x00000000f5800000, 0x0000000100000000, 0x0000000100000000)
  eden space 165888K, 0% used [0x00000000f5800000,0x00000000f5800000,0x00000000ffa00000)
  from space 3072K, 28% used [0x00000000ffa00000,0x00000000ffad8000,0x00000000ffd00000)
  to   space 3072K, 0% used [0x00000000ffd00000,0x00000000ffd00000,0x0000000100000000)
 ParOldGen       total 286720K, used 98435K [0x00000000e4000000, 0x00000000f5800000, 0x00000000f5800000)
  object space 286720K, 34% used [0x00000000e4000000,0x00000000ea020fa8,0x00000000f5800000)
 Metaspace       used 71106K, capacity 75186K, committed 75392K, reserved 1114112K
  class space    used 9107K, capacity 9829K, committed 9856K, reserved 1048576K
}
{Heap before GC invocations=260 (full 0):
 PSYoungGen      total 168960K, used 166752K [0x00000000f5800000, 0x0000000100000000, 0x0000000100000000)
  eden space 165888K, 100% used [0x00000000f5800000,0x00000000ffa00000,0x00000000ffa00000)
  from space 3072K, 28% used [0x00000000ffa00000,0x00000000ffad8000,0x00000000ffd00000)
  to   space 3072K, 0% used [0x00000000ffd00000,0x00000000ffd00000,0x0000000100000000)
 ParOldGen       total 286720K, used 98435K [0x00000000e4000000, 0x00000000f5800000, 0x00000000f5800000)
  object space 286720K, 34% used [0x00000000e4000000,0x00000000ea020fa8,0x00000000f5800000)
 Metaspace       used 71114K, capacity 75186K, committed 75392K, reserved 1114112K
  class space    used 9107K, capacity 9829K, committed 9856K, reserved 1048576K
2024-06-11T22:59:12.935+0800: 2572.024: [GC (Allocation Failure) [PSYoungGen: 166752K->896K(168960K)] 265187K->99515K(455680K), 0.0053314 secs] [Times: user=0.00 sys=0.00, real=0.00 secs] 
Heap after GC invocations=260 (full 0):
 PSYoungGen      total 168960K, used 896K [0x00000000f5800000, 0x0000000100000000, 0x0000000100000000)
  eden space 165888K, 0% used [0x00000000f5800000,0x00000000f5800000,0x00000000ffa00000)
  from space 3072K, 29% used [0x00000000ffd00000,0x00000000ffde0000,0x0000000100000000)
  to   space 3072K, 0% used [0x00000000ffa00000,0x00000000ffa00000,0x00000000ffd00000)
 ParOldGen       total 286720K, used 98619K [0x00000000e4000000, 0x00000000f5800000, 0x00000000f5800000)
  object space 286720K, 34% used [0x00000000e4000000,0x00000000ea04efa8,0x00000000f5800000)
 Metaspace       used 71114K, capacity 75186K, committed 75392K, reserved 1114112K
  class space    used 9107K, capacity 9829K, committed 9856K, reserved 1048576K
}
{Heap before GC invocations=261 (full 0):
 PSYoungGen      total 168960K, used 166784K [0x00000000f5800000, 0x0000000100000000, 0x0000000100000000)
  eden space 165888K, 100% used [0x00000000f5800000,0x00000000ffa00000,0x00000000ffa00000)
  from space 3072K, 29% used [0x00000000ffd00000,0x00000000ffde0000,0x0000000100000000)
  to   space 3072K, 0% used [0x00000000ffa00000,0x00000000ffa00000,0x00000000ffd00000)
 ParOldGen       total 286720K, used 98619K [0x00000000e4000000, 0x00000000f5800000, 0x00000000f5800000)
  object space 286720K, 34% used [0x00000000e4000000,0x00000000ea04efa8,0x00000000f5800000)
 Metaspace       used 71121K, capacity 75186K, committed 75392K, reserved 1114112K
  class space    used 9107K, capacity 9829K, committed 9856K, reserved 1048576K
2024-06-11T22:59:23.445+0800: 2582.534: [GC (Allocation Failure) [PSYoungGen: 166784K->896K(168960K)] 265403K->99707K(455680K), 0.0053385 secs] [Times: user=0.00 sys=0.00, real=0.00 secs] 
Heap after GC invocations=261 (full 0):
 PSYoungGen      total 168960K, used 896K [0x00000000f5800000, 0x0000000100000000, 0x0000000100000000)
  eden space 165888K, 0% used [0x00000000f5800000,0x00000000f5800000,0x00000000ffa00000)
  from space 3072K, 29% used [0x00000000ffa00000,0x00000000ffae0000,0x00000000ffd00000)
  to   space 2560K, 0% used [0x00000000ffd80000,0x00000000ffd80000,0x0000000100000000)
 ParOldGen       total 286720K, used 98811K [0x00000000e4000000, 0x00000000f5800000, 0x00000000f5800000)
  object space 286720K, 34% used [0x00000000e4000000,0x00000000ea07efa8,0x00000000f5800000)
 Metaspace       used 71121K, capacity 75186K, committed 75392K, reserved 1114112K
  class space    used 9107K, capacity 9829K, committed 9856K, reserved 1048576K
}
{Heap before GC invocations=262 (full 0):
 PSYoungGen      total 168960K, used 166784K [0x00000000f5800000, 0x0000000100000000, 0x0000000100000000)
  eden space 165888K, 100% used [0x00000000f5800000,0x00000000ffa00000,0x00000000ffa00000)
  from space 3072K, 29% used [0x00000000ffa00000,0x00000000ffae0000,0x00000000ffd00000)
  to   space 2560K, 0% used [0x00000000ffd80000,0x00000000ffd80000,0x0000000100000000)
 ParOldGen       total 286720K, used 98811K [0x00000000e4000000, 0x00000000f5800000, 0x00000000f5800000)
  object space 286720K, 34% used [0x00000000e4000000,0x00000000ea07efa8,0x00000000f5800000)
 Metaspace       used 71121K, capacity 75186K, committed 75392K, reserved 1114112K
  class space    used 9107K, capacity 9829K, committed 9856K, reserved 1048576K
2024-06-11T22:59:33.612+0800: 2592.701: [GC (Allocation Failure) [PSYoungGen: 166784K->896K(169472K)] 265595K->99891K(456192K), 0.0052392 secs] [Times: user=0.00 sys=0.00, real=0.00 secs] 
Heap after GC invocations=262 (full 0):
 PSYoungGen      total 169472K, used 896K [0x00000000f5800000, 0x0000000100000000, 0x0000000100000000)
  eden space 166912K, 0% used [0x00000000f5800000,0x00000000f5800000,0x00000000ffb00000)
  from space 2560K, 35% used [0x00000000ffd80000,0x00000000ffe60000,0x0000000100000000)
  to   space 2560K, 0% used [0x00000000ffb00000,0x00000000ffb00000,0x00000000ffd80000)
 ParOldGen       total 286720K, used 98995K [0x00000000e4000000, 0x00000000f5800000, 0x00000000f5800000)
  object space 286720K, 34% used [0x00000000e4000000,0x00000000ea0acfa8,0x00000000f5800000)
 Metaspace       used 71121K, capacity 75186K, committed 75392K, reserved 1114112K
  class space    used 9107K, capacity 9829K, committed 9856K, reserved 1048576K
}
{Heap before GC invocations=263 (full 0):
 PSYoungGen      total 169472K, used 167808K [0x00000000f5800000, 0x0000000100000000, 0x0000000100000000)
  eden space 166912K, 100% used [0x00000000f5800000,0x00000000ffb00000,0x00000000ffb00000)
  from space 2560K, 35% used [0x00000000ffd80000,0x00000000ffe60000,0x0000000100000000)
  to   space 2560K, 0% used [0x00000000ffb00000,0x00000000ffb00000,0x00000000ffd80000)
 ParOldGen       total 286720K, used 98995K [0x00000000e4000000, 0x00000000f5800000, 0x00000000f5800000)
  object space 286720K, 34% used [0x00000000e4000000,0x00000000ea0acfa8,0x00000000f5800000)
 Metaspace       used 71122K, capacity 75186K, committed 75392K, reserved 1114112K
  class space    used 9107K, capacity 9829K, committed 9856K, reserved 1048576K
2024-06-11T22:59:43.989+0800: 2603.077: [GC (Allocation Failure) [PSYoungGen: 167808K->864K(169472K)] 266803K->100043K(456192K), 0.0053182 secs] [Times: user=0.01 sys=0.00, real=0.01 secs] 
Heap after GC invocations=263 (full 0):
 PSYoungGen      total 169472K, used 864K [0x00000000f5800000, 0x0000000100000000, 0x0000000100000000)
  eden space 166912K, 0% used [0x00000000f5800000,0x00000000f5800000,0x00000000ffb00000)
  from space 2560K, 33% used [0x00000000ffb00000,0x00000000ffbd8000,0x00000000ffd80000)
  to   space 2560K, 0% used [0x00000000ffd80000,0x00000000ffd80000,0x0000000100000000)
 ParOldGen       total 286720K, used 99179K [0x00000000e4000000, 0x00000000f5800000, 0x00000000f5800000)
  object space 286720K, 34% used [0x00000000e4000000,0x00000000ea0dafa8,0x00000000f5800000)
 Metaspace       used 71122K, capacity 75186K, committed 75392K, reserved 1114112K
  class space    used 9107K, capacity 9829K, committed 9856K, reserved 1048576K
}
{Heap before GC invocations=264 (full 0):
 PSYoungGen      total 169472K, used 167776K [0x00000000f5800000, 0x0000000100000000, 0x0000000100000000)
  eden space 166912K, 100% used [0x00000000f5800000,0x00000000ffb00000,0x00000000ffb00000)
  from space 2560K, 33% used [0x00000000ffb00000,0x00000000ffbd8000,0x00000000ffd80000)
  to   space 2560K, 0% used [0x00000000ffd80000,0x00000000ffd80000,0x0000000100000000)
 ParOldGen       total 286720K, used 99179K [0x00000000e4000000, 0x00000000f5800000, 0x00000000f5800000)
  object space 286720K, 34% used [0x00000000e4000000,0x00000000ea0dafa8,0x00000000f5800000)
 Metaspace       used 71122K, capacity 75186K, committed 75392K, reserved 1114112K
  class space    used 9107K, capacity 9829K, committed 9856K, reserved 1048576K
2024-06-11T22:59:54.280+0800: 2613.368: [GC (Allocation Failure) [PSYoungGen: 167776K->2400K(168448K)] 266955K->101763K(455168K), 0.0081842 secs] [Times: user=0.01 sys=0.00, real=0.01 secs] 
Heap after GC invocations=264 (full 0):
 PSYoungGen      total 168448K, used 2400K [0x00000000f5800000, 0x0000000100000000, 0x0000000100000000)
  eden space 165888K, 0% used [0x00000000f5800000,0x00000000f5800000,0x00000000ffa00000)
  from space 2560K, 93% used [0x00000000ffd80000,0x00000000fffd8000,0x0000000100000000)
  to   space 3072K, 0% used [0x00000000ffa00000,0x00000000ffa00000,0x00000000ffd00000)
 ParOldGen       total 286720K, used 99363K [0x00000000e4000000, 0x00000000f5800000, 0x00000000f5800000)
  object space 286720K, 34% used [0x00000000e4000000,0x00000000ea108fa8,0x00000000f5800000)
 Metaspace       used 71122K, capacity 75186K, committed 75392K, reserved 1114112K
  class space    used 9107K, capacity 9829K, committed 9856K, reserved 1048576K
}
{Heap before GC invocations=265 (full 0):
 PSYoungGen      total 168448K, used 168288K [0x00000000f5800000, 0x0000000100000000, 0x0000000100000000)
  eden space 165888K, 100% used [0x00000000f5800000,0x00000000ffa00000,0x00000000ffa00000)
  from space 2560K, 93% used [0x00000000ffd80000,0x00000000fffd8000,0x0000000100000000)
  to   space 3072K, 0% used [0x00000000ffa00000,0x00000000ffa00000,0x00000000ffd00000)
 ParOldGen       total 286720K, used 99363K [0x00000000e4000000, 0x00000000f5800000, 0x00000000f5800000)
  object space 286720K, 34% used [0x00000000e4000000,0x00000000ea108fa8,0x00000000f5800000)
 Metaspace       used 71122K, capacity 75186K, committed 75392K, reserved 1114112K
  class space    used 9107K, capacity 9829K, committed 9856K, reserved 1048576K
2024-06-11T23:00:04.766+0800: 2623.854: [GC (Allocation Failure) [PSYoungGen: 168288K->896K(168960K)] 267651K->101971K(455680K), 0.0076228 secs] [Times: user=0.01 sys=0.01, real=0.01 secs] 
Heap after GC invocations=265 (full 0):
 PSYoungGen      total 168960K, used 896K [0x00000000f5800000, 0x0000000100000000, 0x0000000100000000)
  eden space 165888K, 0% used [0x00000000f5800000,0x00000000f5800000,0x00000000ffa00000)
  from space 3072K, 29% used [0x00000000ffa00000,0x00000000ffae0000,0x00000000ffd00000)
  to   space 3072K, 0% used [0x00000000ffd00000,0x00000000ffd00000,0x0000000100000000)
 ParOldGen       total 286720K, used 101075K [0x00000000e4000000, 0x00000000f5800000, 0x00000000f5800000)
  object space 286720K, 35% used [0x00000000e4000000,0x00000000ea2b4fa8,0x00000000f5800000)
 Metaspace       used 71122K, capacity 75186K, committed 75392K, reserved 1114112K
  class space    used 9107K, capacity 9829K, committed 9856K, reserved 1048576K
}
{Heap before GC invocations=266 (full 0):
 PSYoungGen      total 168960K, used 166784K [0x00000000f5800000, 0x0000000100000000, 0x0000000100000000)
  eden space 165888K, 100% used [0x00000000f5800000,0x00000000ffa00000,0x00000000ffa00000)
  from space 3072K, 29% used [0x00000000ffa00000,0x00000000ffae0000,0x00000000ffd00000)
  to   space 3072K, 0% used [0x00000000ffd00000,0x00000000ffd00000,0x0000000100000000)
 ParOldGen       total 286720K, used 101075K [0x00000000e4000000, 0x00000000f5800000, 0x00000000f5800000)
  object space 286720K, 35% used [0x00000000e4000000,0x00000000ea2b4fa8,0x00000000f5800000)
 Metaspace       used 71122K, capacity 75186K, committed 75392K, reserved 1114112K
  class space    used 9107K, capacity 9829K, committed 9856K, reserved 1048576K
2024-06-11T23:00:15.282+0800: 2634.370: [GC (Allocation Failure) [PSYoungGen: 166784K->928K(169472K)] 267859K->102195K(456192K), 0.0059519 secs] [Times: user=0.01 sys=0.00, real=0.00 secs] 
Heap after GC invocations=266 (full 0):
 PSYoungGen      total 169472K, used 928K [0x00000000f5800000, 0x0000000100000000, 0x0000000100000000)
  eden space 166400K, 0% used [0x00000000f5800000,0x00000000f5800000,0x00000000ffa80000)
  from space 3072K, 30% used [0x00000000ffd00000,0x00000000ffde8000,0x0000000100000000)
  to   space 2560K, 0% used [0x00000000ffa80000,0x00000000ffa80000,0x00000000ffd00000)
 ParOldGen       total 286720K, used 101267K [0x00000000e4000000, 0x00000000f5800000, 0x00000000f5800000)
  object space 286720K, 35% used [0x00000000e4000000,0x00000000ea2e4fa8,0x00000000f5800000)
 Metaspace       used 71122K, capacity 75186K, committed 75392K, reserved 1114112K
  class space    used 9107K, capacity 9829K, committed 9856K, reserved 1048576K
}
{Heap before GC invocations=267 (full 0):
 PSYoungGen      total 169472K, used 167328K [0x00000000f5800000, 0x0000000100000000, 0x0000000100000000)
  eden space 166400K, 100% used [0x00000000f5800000,0x00000000ffa80000,0x00000000ffa80000)
  from space 3072K, 30% used [0x00000000ffd00000,0x00000000ffde8000,0x0000000100000000)
  to   space 2560K, 0% used [0x00000000ffa80000,0x00000000ffa80000,0x00000000ffd00000)
 ParOldGen       total 286720K, used 101267K [0x00000000e4000000, 0x00000000f5800000, 0x00000000f5800000)
  object space 286720K, 35% used [0x00000000e4000000,0x00000000ea2e4fa8,0x00000000f5800000)
 Metaspace       used 71122K, capacity 75186K, committed 75392K, reserved 1114112K
  class space    used 9107K, capacity 9829K, committed 9856K, reserved 1048576K
2024-06-11T23:00:25.951+0800: 2645.040: [GC (Allocation Failure) [PSYoungGen: 167328K->864K(168960K)] 268595K->102323K(455680K), 0.0056027 secs] [Times: user=0.01 sys=0.00, real=0.00 secs] 
Heap after GC invocations=267 (full 0):
 PSYoungGen      total 168960K, used 864K [0x00000000f5800000, 0x0000000100000000, 0x0000000100000000)
  eden space 166400K, 0% used [0x00000000f5800000,0x00000000f5800000,0x00000000ffa80000)
  from space 2560K, 33% used [0x00000000ffa80000,0x00000000ffb58000,0x00000000ffd00000)
  to   space 2560K, 0% used [0x00000000ffd80000,0x00000000ffd80000,0x0000000100000000)
 ParOldGen       total 286720K, used 101459K [0x00000000e4000000, 0x00000000f5800000, 0x00000000f5800000)
  object space 286720K, 35% used [0x00000000e4000000,0x00000000ea314fa8,0x00000000f5800000)
 Metaspace       used 71122K, capacity 75186K, committed 75392K, reserved 1114112K
  class space    used 9107K, capacity 9829K, committed 9856K, reserved 1048576K
}
{Heap before GC invocations=268 (full 0):
 PSYoungGen      total 168960K, used 167264K [0x00000000f5800000, 0x0000000100000000, 0x0000000100000000)
  eden space 166400K, 100% used [0x00000000f5800000,0x00000000ffa80000,0x00000000ffa80000)
  from space 2560K, 33% used [0x00000000ffa80000,0x00000000ffb58000,0x00000000ffd00000)
  to   space 2560K, 0% used [0x00000000ffd80000,0x00000000ffd80000,0x0000000100000000)
 ParOldGen       total 286720K, used 101459K [0x00000000e4000000, 0x00000000f5800000, 0x00000000f5800000)
  object space 286720K, 35% used [0x00000000e4000000,0x00000000ea314fa8,0x00000000f5800000)
 Metaspace       used 71122K, capacity 75186K, committed 75392K, reserved 1114112K
  class space    used 9107K, capacity 9829K, committed 9856K, reserved 1048576K
2024-06-11T23:00:36.107+0800: 2655.195: [GC (Allocation Failure) [PSYoungGen: 167264K->864K(169472K)] 268723K->102507K(456192K), 0.0062146 secs] [Times: user=0.01 sys=0.00, real=0.01 secs] 
Heap after GC invocations=268 (full 0):
 PSYoungGen      total 169472K, used 864K [0x00000000f5800000, 0x0000000100000000, 0x0000000100000000)
  eden space 166912K, 0% used [0x00000000f5800000,0x00000000f5800000,0x00000000ffb00000)
  from space 2560K, 33% used [0x00000000ffd80000,0x00000000ffe58000,0x0000000100000000)
  to   space 2560K, 0% used [0x00000000ffb00000,0x00000000ffb00000,0x00000000ffd80000)
 ParOldGen       total 286720K, used 101643K [0x00000000e4000000, 0x00000000f5800000, 0x00000000f5800000)
  object space 286720K, 35% used [0x00000000e4000000,0x00000000ea342fa8,0x00000000f5800000)
 Metaspace       used 71122K, capacity 75186K, committed 75392K, reserved 1114112K
  class space    used 9107K, capacity 9829K, committed 9856K, reserved 1048576K
}
{Heap before GC invocations=269 (full 0):
 PSYoungGen      total 169472K, used 167776K [0x00000000f5800000, 0x0000000100000000, 0x0000000100000000)
  eden space 166912K, 100% used [0x00000000f5800000,0x00000000ffb00000,0x00000000ffb00000)
  from space 2560K, 33% used [0x00000000ffd80000,0x00000000ffe58000,0x0000000100000000)
  to   space 2560K, 0% used [0x00000000ffb00000,0x00000000ffb00000,0x00000000ffd80000)
 ParOldGen       total 286720K, used 101643K [0x00000000e4000000, 0x00000000f5800000, 0x00000000f5800000)
  object space 286720K, 35% used [0x00000000e4000000,0x00000000ea342fa8,0x00000000f5800000)
 Metaspace       used 71123K, capacity 75186K, committed 75392K, reserved 1114112K
  class space    used 9107K, capacity 9829K, committed 9856K, reserved 1048576K
2024-06-11T23:00:46.679+0800: 2665.767: [GC (Allocation Failure) [PSYoungGen: 167776K->960K(169472K)] 269419K->102779K(456192K), 0.0066436 secs] [Times: user=0.01 sys=0.00, real=0.01 secs] 
Heap after GC invocations=269 (full 0):
 PSYoungGen      total 169472K, used 960K [0x00000000f5800000, 0x0000000100000000, 0x0000000100000000)
  eden space 166912K, 0% used [0x00000000f5800000,0x00000000f5800000,0x00000000ffb00000)
  from space 2560K, 37% used [0x00000000ffb00000,0x00000000ffbf0000,0x00000000ffd80000)
  to   space 2560K, 0% used [0x00000000ffd80000,0x00000000ffd80000,0x0000000100000000)
 ParOldGen       total 286720K, used 101819K [0x00000000e4000000, 0x00000000f5800000, 0x00000000f5800000)
  object space 286720K, 35% used [0x00000000e4000000,0x00000000ea36efa8,0x00000000f5800000)
 Metaspace       used 71123K, capacity 75186K, committed 75392K, reserved 1114112K
  class space    used 9107K, capacity 9829K, committed 9856K, reserved 1048576K
}
{Heap before GC invocations=270 (full 0):
 PSYoungGen      total 169472K, used 167872K [0x00000000f5800000, 0x0000000100000000, 0x0000000100000000)
  eden space 166912K, 100% used [0x00000000f5800000,0x00000000ffb00000,0x00000000ffb00000)
  from space 2560K, 37% used [0x00000000ffb00000,0x00000000ffbf0000,0x00000000ffd80000)
  to   space 2560K, 0% used [0x00000000ffd80000,0x00000000ffd80000,0x0000000100000000)
 ParOldGen       total 286720K, used 101819K [0x00000000e4000000, 0x00000000f5800000, 0x00000000f5800000)
  object space 286720K, 35% used [0x00000000e4000000,0x00000000ea36efa8,0x00000000f5800000)
 Metaspace       used 71123K, capacity 75186K, committed 75392K, reserved 1114112K
  class space    used 9107K, capacity 9829K, committed 9856K, reserved 1048576K
2024-06-11T23:00:56.946+0800: 2676.035: [GC (Allocation Failure) [PSYoungGen: 167872K->2336K(168448K)] 269691K->104419K(455168K), 0.0073348 secs] [Times: user=0.02 sys=0.00, real=0.01 secs] 
Heap after GC invocations=270 (full 0):
 PSYoungGen      total 168448K, used 2336K [0x00000000f5800000, 0x0000000100000000, 0x0000000100000000)
  eden space 165888K, 0% used [0x00000000f5800000,0x00000000f5800000,0x00000000ffa00000)
  from space 2560K, 91% used [0x00000000ffd80000,0x00000000fffc8000,0x0000000100000000)
  to   space 3072K, 0% used [0x00000000ffa00000,0x00000000ffa00000,0x00000000ffd00000)
 ParOldGen       total 286720K, used 102083K [0x00000000e4000000, 0x00000000f5800000, 0x00000000f5800000)
  object space 286720K, 35% used [0x00000000e4000000,0x00000000ea3b0fa8,0x00000000f5800000)
 Metaspace       used 71123K, capacity 75186K, committed 75392K, reserved 1114112K
  class space    used 9107K, capacity 9829K, committed 9856K, reserved 1048576K
}
{Heap before GC invocations=271 (full 0):
 PSYoungGen      total 168448K, used 168224K [0x00000000f5800000, 0x0000000100000000, 0x0000000100000000)
  eden space 165888K, 100% used [0x00000000f5800000,0x00000000ffa00000,0x00000000ffa00000)
  from space 2560K, 91% used [0x00000000ffd80000,0x00000000fffc8000,0x0000000100000000)
  to   space 3072K, 0% used [0x00000000ffa00000,0x00000000ffa00000,0x00000000ffd00000)
 ParOldGen       total 286720K, used 102083K [0x00000000e4000000, 0x00000000f5800000, 0x00000000f5800000)
  object space 286720K, 35% used [0x00000000e4000000,0x00000000ea3b0fa8,0x00000000f5800000)
 Metaspace       used 71123K, capacity 75186K, committed 75392K, reserved 1114112K
  class space    used 9107K, capacity 9829K, committed 9856K, reserved 1048576K
2024-06-11T23:01:07.314+0800: 2686.403: [GC (Allocation Failure) [PSYoungGen: 168224K->896K(168960K)] 270307K->104619K(455680K), 0.0082754 secs] [Times: user=0.01 sys=0.00, real=0.01 secs] 
Heap after GC invocations=271 (full 0):
 PSYoungGen      total 168960K, used 896K [0x00000000f5800000, 0x0000000100000000, 0x0000000100000000)
  eden space 165888K, 0% used [0x00000000f5800000,0x00000000f5800000,0x00000000ffa00000)
  from space 3072K, 29% used [0x00000000ffa00000,0x00000000ffae0000,0x00000000ffd00000)
  to   space 2560K, 0% used [0x00000000ffd80000,0x00000000ffd80000,0x0000000100000000)
 ParOldGen       total 286720K, used 103723K [0x00000000e4000000, 0x00000000f5800000, 0x00000000f5800000)
  object space 286720K, 36% used [0x00000000e4000000,0x00000000ea54afa8,0x00000000f5800000)
 Metaspace       used 71123K, capacity 75186K, committed 75392K, reserved 1114112K
  class space    used 9107K, capacity 9829K, committed 9856K, reserved 1048576K
}
{Heap before GC invocations=272 (full 0):
 PSYoungGen      total 168960K, used 166784K [0x00000000f5800000, 0x0000000100000000, 0x0000000100000000)
  eden space 165888K, 100% used [0x00000000f5800000,0x00000000ffa00000,0x00000000ffa00000)
  from space 3072K, 29% used [0x00000000ffa00000,0x00000000ffae0000,0x00000000ffd00000)
  to   space 2560K, 0% used [0x00000000ffd80000,0x00000000ffd80000,0x0000000100000000)
 ParOldGen       total 286720K, used 103723K [0x00000000e4000000, 0x00000000f5800000, 0x00000000f5800000)
  object space 286720K, 36% used [0x00000000e4000000,0x00000000ea54afa8,0x00000000f5800000)
 Metaspace       used 71123K, capacity 75186K, committed 75392K, reserved 1114112K
  class space    used 9107K, capacity 9829K, committed 9856K, reserved 1048576K
2024-06-11T23:01:17.644+0800: 2696.733: [GC (Allocation Failure) [PSYoungGen: 166784K->896K(169472K)] 270507K->104803K(456192K), 0.0064966 secs] [Times: user=0.01 sys=0.00, real=0.01 secs] 
Heap after GC invocations=272 (full 0):
 PSYoungGen      total 169472K, used 896K [0x00000000f5800000, 0x0000000100000000, 0x0000000100000000)
  eden space 166912K, 0% used [0x00000000f5800000,0x00000000f5800000,0x00000000ffb00000)
  from space 2560K, 35% used [0x00000000ffd80000,0x00000000ffe60000,0x0000000100000000)
  to   space 2560K, 0% used [0x00000000ffb00000,0x00000000ffb00000,0x00000000ffd80000)
 ParOldGen       total 286720K, used 103907K [0x00000000e4000000, 0x00000000f5800000, 0x00000000f5800000)
  object space 286720K, 36% used [0x00000000e4000000,0x00000000ea578fa8,0x00000000f5800000)
 Metaspace       used 71123K, capacity 75186K, committed 75392K, reserved 1114112K
  class space    used 9107K, capacity 9829K, committed 9856K, reserved 1048576K
}
{Heap before GC invocations=273 (full 0):
 PSYoungGen      total 169472K, used 167808K [0x00000000f5800000, 0x0000000100000000, 0x0000000100000000)
  eden space 166912K, 100% used [0x00000000f5800000,0x00000000ffb00000,0x00000000ffb00000)
  from space 2560K, 35% used [0x00000000ffd80000,0x00000000ffe60000,0x0000000100000000)
  to   space 2560K, 0% used [0x00000000ffb00000,0x00000000ffb00000,0x00000000ffd80000)
 ParOldGen       total 286720K, used 103907K [0x00000000e4000000, 0x00000000f5800000, 0x00000000f5800000)
  object space 286720K, 36% used [0x00000000e4000000,0x00000000ea578fa8,0x00000000f5800000)
 Metaspace       used 71123K, capacity 75186K, committed 75392K, reserved 1114112K
  class space    used 9107K, capacity 9829K, committed 9856K, reserved 1048576K
2024-06-11T23:01:28.211+0800: 2707.299: [GC (Allocation Failure) [PSYoungGen: 167808K->896K(169472K)] 271715K->104987K(456192K), 0.0052424 secs] [Times: user=0.01 sys=0.00, real=0.00 secs] 
Heap after GC invocations=273 (full 0):
 PSYoungGen      total 169472K, used 896K [0x00000000f5800000, 0x0000000100000000, 0x0000000100000000)
  eden space 166912K, 0% used [0x00000000f5800000,0x00000000f5800000,0x00000000ffb00000)
  from space 2560K, 35% used [0x00000000ffb00000,0x00000000ffbe0000,0x00000000ffd80000)
  to   space 2560K, 0% used [0x00000000ffd80000,0x00000000ffd80000,0x0000000100000000)
 ParOldGen       total 286720K, used 104091K [0x00000000e4000000, 0x00000000f5800000, 0x00000000f5800000)
  object space 286720K, 36% used [0x00000000e4000000,0x00000000ea5a6fa8,0x00000000f5800000)
 Metaspace       used 71123K, capacity 75186K, committed 75392K, reserved 1114112K
  class space    used 9107K, capacity 9829K, committed 9856K, reserved 1048576K
}
{Heap before GC invocations=274 (full 0):
 PSYoungGen      total 169472K, used 167808K [0x00000000f5800000, 0x0000000100000000, 0x0000000100000000)
  eden space 166912K, 100% used [0x00000000f5800000,0x00000000ffb00000,0x00000000ffb00000)
  from space 2560K, 35% used [0x00000000ffb00000,0x00000000ffbe0000,0x00000000ffd80000)
  to   space 2560K, 0% used [0x00000000ffd80000,0x00000000ffd80000,0x0000000100000000)
 ParOldGen       total 286720K, used 104091K [0x00000000e4000000, 0x00000000f5800000, 0x00000000f5800000)
  object space 286720K, 36% used [0x00000000e4000000,0x00000000ea5a6fa8,0x00000000f5800000)
 Metaspace       used 71123K, capacity 75186K, committed 75392K, reserved 1114112K
  class space    used 9107K, capacity 9829K, committed 9856K, reserved 1048576K
2024-06-11T23:01:38.472+0800: 2717.561: [GC (Allocation Failure) [PSYoungGen: 167808K->896K(169472K)] 271899K->105171K(456192K), 0.0055212 secs] [Times: user=0.01 sys=0.00, real=0.00 secs] 
Heap after GC invocations=274 (full 0):
 PSYoungGen      total 169472K, used 896K [0x00000000f5800000, 0x0000000100000000, 0x0000000100000000)
  eden space 166912K, 0% used [0x00000000f5800000,0x00000000f5800000,0x00000000ffb00000)
  from space 2560K, 35% used [0x00000000ffd80000,0x00000000ffe60000,0x0000000100000000)
  to   space 2560K, 0% used [0x00000000ffb00000,0x00000000ffb00000,0x00000000ffd80000)
 ParOldGen       total 286720K, used 104275K [0x00000000e4000000, 0x00000000f5800000, 0x00000000f5800000)
  object space 286720K, 36% used [0x00000000e4000000,0x00000000ea5d4fa8,0x00000000f5800000)
 Metaspace       used 71123K, capacity 75186K, committed 75392K, reserved 1114112K
  class space    used 9107K, capacity 9829K, committed 9856K, reserved 1048576K
}
{Heap before GC invocations=275 (full 0):
 PSYoungGen      total 169472K, used 167808K [0x00000000f5800000, 0x0000000100000000, 0x0000000100000000)
  eden space 166912K, 100% used [0x00000000f5800000,0x00000000ffb00000,0x00000000ffb00000)
  from space 2560K, 35% used [0x00000000ffd80000,0x00000000ffe60000,0x0000000100000000)
  to   space 2560K, 0% used [0x00000000ffb00000,0x00000000ffb00000,0x00000000ffd80000)
 ParOldGen       total 286720K, used 104275K [0x00000000e4000000, 0x00000000f5800000, 0x00000000f5800000)
  object space 286720K, 36% used [0x00000000e4000000,0x00000000ea5d4fa8,0x00000000f5800000)
 Metaspace       used 71123K, capacity 75186K, committed 75392K, reserved 1114112K
  class space    used 9107K, capacity 9829K, committed 9856K, reserved 1048576K
2024-06-11T23:01:48.817+0800: 2727.906: [GC (Allocation Failure) [PSYoungGen: 167808K->1664K(169472K)] 272083K->106123K(456192K), 0.0064382 secs] [Times: user=0.01 sys=0.00, real=0.01 secs] 
Heap after GC invocations=275 (full 0):
 PSYoungGen      total 169472K, used 1664K [0x00000000f5800000, 0x0000000100000000, 0x0000000100000000)
  eden space 166912K, 0% used [0x00000000f5800000,0x00000000f5800000,0x00000000ffb00000)
  from space 2560K, 65% used [0x00000000ffb00000,0x00000000ffca0000,0x00000000ffd80000)
  to   space 2560K, 0% used [0x00000000ffd80000,0x00000000ffd80000,0x0000000100000000)
 ParOldGen       total 286720K, used 104459K [0x00000000e4000000, 0x00000000f5800000, 0x00000000f5800000)
  object space 286720K, 36% used [0x00000000e4000000,0x00000000ea602fa8,0x00000000f5800000)
 Metaspace       used 71123K, capacity 75186K, committed 75392K, reserved 1114112K
  class space    used 9107K, capacity 9829K, committed 9856K, reserved 1048576K
}
{Heap before GC invocations=276 (full 0):
 PSYoungGen      total 169472K, used 168576K [0x00000000f5800000, 0x0000000100000000, 0x0000000100000000)
  eden space 166912K, 100% used [0x00000000f5800000,0x00000000ffb00000,0x00000000ffb00000)
  from space 2560K, 65% used [0x00000000ffb00000,0x00000000ffca0000,0x00000000ffd80000)
  to   space 2560K, 0% used [0x00000000ffd80000,0x00000000ffd80000,0x0000000100000000)
 ParOldGen       total 286720K, used 104459K [0x00000000e4000000, 0x00000000f5800000, 0x00000000f5800000)
  object space 286720K, 36% used [0x00000000e4000000,0x00000000ea602fa8,0x00000000f5800000)
 Metaspace       used 71124K, capacity 75186K, committed 75392K, reserved 1114112K
  class space    used 9107K, capacity 9829K, committed 9856K, reserved 1048576K
2024-06-11T23:01:59.158+0800: 2738.247: [GC (Allocation Failure) [PSYoungGen: 168576K->1600K(169472K)] 273035K->107059K(456192K), 0.0077668 secs] [Times: user=0.01 sys=0.00, real=0.01 secs] 
Heap after GC invocations=276 (full 0):
 PSYoungGen      total 169472K, used 1600K [0x00000000f5800000, 0x0000000100000000, 0x0000000100000000)
  eden space 166912K, 0% used [0x00000000f5800000,0x00000000f5800000,0x00000000ffb00000)
  from space 2560K, 62% used [0x00000000ffd80000,0x00000000fff10000,0x0000000100000000)
  to   space 2560K, 0% used [0x00000000ffb00000,0x00000000ffb00000,0x00000000ffd80000)
 ParOldGen       total 286720K, used 105459K [0x00000000e4000000, 0x00000000f5800000, 0x00000000f5800000)
  object space 286720K, 36% used [0x00000000e4000000,0x00000000ea6fcfa8,0x00000000f5800000)
 Metaspace       used 71124K, capacity 75186K, committed 75392K, reserved 1114112K
  class space    used 9107K, capacity 9829K, committed 9856K, reserved 1048576K
}
{Heap before GC invocations=277 (full 0):
 PSYoungGen      total 169472K, used 168512K [0x00000000f5800000, 0x0000000100000000, 0x0000000100000000)
  eden space 166912K, 100% used [0x00000000f5800000,0x00000000ffb00000,0x00000000ffb00000)
  from space 2560K, 62% used [0x00000000ffd80000,0x00000000fff10000,0x0000000100000000)
  to   space 2560K, 0% used [0x00000000ffb00000,0x00000000ffb00000,0x00000000ffd80000)
 ParOldGen       total 286720K, used 105459K [0x00000000e4000000, 0x00000000f5800000, 0x00000000f5800000)
  object space 286720K, 36% used [0x00000000e4000000,0x00000000ea6fcfa8,0x00000000f5800000)
 Metaspace       used 71125K, capacity 75186K, committed 75392K, reserved 1114112K
  class space    used 9107K, capacity 9829K, committed 9856K, reserved 1048576K
2024-06-11T23:02:10.002+0800: 2749.091: [GC (Allocation Failure) [PSYoungGen: 168512K->1271K(169472K)] 273971K->107627K(456192K), 0.0068285 secs] [Times: user=0.02 sys=0.00, real=0.00 secs] 
Heap after GC invocations=277 (full 0):
 PSYoungGen      total 169472K, used 1271K [0x00000000f5800000, 0x0000000100000000, 0x0000000100000000)
  eden space 166912K, 0% used [0x00000000f5800000,0x00000000f5800000,0x00000000ffb00000)
  from space 2560K, 49% used [0x00000000ffb00000,0x00000000ffc3dd80,0x00000000ffd80000)
  to   space 2560K, 0% used [0x00000000ffd80000,0x00000000ffd80000,0x0000000100000000)
 ParOldGen       total 286720K, used 106355K [0x00000000e4000000, 0x00000000f5800000, 0x00000000f5800000)
  object space 286720K, 37% used [0x00000000e4000000,0x00000000ea7dcfa8,0x00000000f5800000)
 Metaspace       used 71125K, capacity 75186K, committed 75392K, reserved 1114112K
  class space    used 9107K, capacity 9829K, committed 9856K, reserved 1048576K
}
{Heap before GC invocations=278 (full 0):
 PSYoungGen      total 169472K, used 168183K [0x00000000f5800000, 0x0000000100000000, 0x0000000100000000)
  eden space 166912K, 100% used [0x00000000f5800000,0x00000000ffb00000,0x00000000ffb00000)
  from space 2560K, 49% used [0x00000000ffb00000,0x00000000ffc3dd80,0x00000000ffd80000)
  to   space 2560K, 0% used [0x00000000ffd80000,0x00000000ffd80000,0x0000000100000000)
 ParOldGen       total 286720K, used 106355K [0x00000000e4000000, 0x00000000f5800000, 0x00000000f5800000)
  object space 286720K, 37% used [0x00000000e4000000,0x00000000ea7dcfa8,0x00000000f5800000)
 Metaspace       used 71126K, capacity 75186K, committed 75392K, reserved 1114112K
  class space    used 9108K, capacity 9829K, committed 9856K, reserved 1048576K
2024-06-11T23:02:20.445+0800: 2759.534: [GC (Allocation Failure) [PSYoungGen: 168183K->864K(169472K)] 274539K->107411K(456192K), 0.0062281 secs] [Times: user=0.01 sys=0.00, real=0.01 secs] 
Heap after GC invocations=278 (full 0):
 PSYoungGen      total 169472K, used 864K [0x00000000f5800000, 0x0000000100000000, 0x0000000100000000)
  eden space 166912K, 0% used [0x00000000f5800000,0x00000000f5800000,0x00000000ffb00000)
  from space 2560K, 33% used [0x00000000ffd80000,0x00000000ffe58000,0x0000000100000000)
  to   space 2560K, 0% used [0x00000000ffb00000,0x00000000ffb00000,0x00000000ffd80000)
 ParOldGen       total 286720K, used 106547K [0x00000000e4000000, 0x00000000f5800000, 0x00000000f5800000)
  object space 286720K, 37% used [0x00000000e4000000,0x00000000ea80cfa8,0x00000000f5800000)
 Metaspace       used 71126K, capacity 75186K, committed 75392K, reserved 1114112K
  class space    used 9108K, capacity 9829K, committed 9856K, reserved 1048576K
}
{Heap before GC invocations=279 (full 0):
 PSYoungGen      total 169472K, used 167776K [0x00000000f5800000, 0x0000000100000000, 0x0000000100000000)
  eden space 166912K, 100% used [0x00000000f5800000,0x00000000ffb00000,0x00000000ffb00000)
  from space 2560K, 33% used [0x00000000ffd80000,0x00000000ffe58000,0x0000000100000000)
  to   space 2560K, 0% used [0x00000000ffb00000,0x00000000ffb00000,0x00000000ffd80000)
 ParOldGen       total 286720K, used 106547K [0x00000000e4000000, 0x00000000f5800000, 0x00000000f5800000)
  object space 286720K, 37% used [0x00000000e4000000,0x00000000ea80cfa8,0x00000000f5800000)
 Metaspace       used 71126K, capacity 75186K, committed 75392K, reserved 1114112K
  class space    used 9108K, capacity 9829K, committed 9856K, reserved 1048576K
2024-06-11T23:02:30.899+0800: 2769.987: [GC (Allocation Failure) [PSYoungGen: 167776K->896K(169472K)] 274323K->107635K(456192K), 0.0056067 secs] [Times: user=0.01 sys=0.00, real=0.01 secs] 
Heap after GC invocations=279 (full 0):
 PSYoungGen      total 169472K, used 896K [0x00000000f5800000, 0x0000000100000000, 0x0000000100000000)
  eden space 166912K, 0% used [0x00000000f5800000,0x00000000f5800000,0x00000000ffb00000)
  from space 2560K, 35% used [0x00000000ffb00000,0x00000000ffbe0000,0x00000000ffd80000)
  to   space 2560K, 0% used [0x00000000ffd80000,0x00000000ffd80000,0x0000000100000000)
 ParOldGen       total 286720K, used 106739K [0x00000000e4000000, 0x00000000f5800000, 0x00000000f5800000)
  object space 286720K, 37% used [0x00000000e4000000,0x00000000ea83cfa8,0x00000000f5800000)
 Metaspace       used 71126K, capacity 75186K, committed 75392K, reserved 1114112K
  class space    used 9108K, capacity 9829K, committed 9856K, reserved 1048576K
}
{Heap before GC invocations=280 (full 0):
 PSYoungGen      total 169472K, used 167808K [0x00000000f5800000, 0x0000000100000000, 0x0000000100000000)
  eden space 166912K, 100% used [0x00000000f5800000,0x00000000ffb00000,0x00000000ffb00000)
  from space 2560K, 35% used [0x00000000ffb00000,0x00000000ffbe0000,0x00000000ffd80000)
  to   space 2560K, 0% used [0x00000000ffd80000,0x00000000ffd80000,0x0000000100000000)
 ParOldGen       total 286720K, used 106739K [0x00000000e4000000, 0x00000000f5800000, 0x00000000f5800000)
  object space 286720K, 37% used [0x00000000e4000000,0x00000000ea83cfa8,0x00000000f5800000)
 Metaspace       used 71126K, capacity 75186K, committed 75392K, reserved 1114112K
  class space    used 9108K, capacity 9829K, committed 9856K, reserved 1048576K
2024-06-11T23:02:41.626+0800: 2780.715: [GC (Allocation Failure) [PSYoungGen: 167808K->864K(169472K)] 274547K->107787K(456192K), 0.0057011 secs] [Times: user=0.01 sys=0.00, real=0.01 secs] 
Heap after GC invocations=280 (full 0):
 PSYoungGen      total 169472K, used 864K [0x00000000f5800000, 0x0000000100000000, 0x0000000100000000)
  eden space 166912K, 0% used [0x00000000f5800000,0x00000000f5800000,0x00000000ffb00000)
  from space 2560K, 33% used [0x00000000ffd80000,0x00000000ffe58000,0x0000000100000000)
  to   space 2560K, 0% used [0x00000000ffb00000,0x00000000ffb00000,0x00000000ffd80000)
 ParOldGen       total 286720K, used 106923K [0x00000000e4000000, 0x00000000f5800000, 0x00000000f5800000)
  object space 286720K, 37% used [0x00000000e4000000,0x00000000ea86afa8,0x00000000f5800000)
 Metaspace       used 71126K, capacity 75186K, committed 75392K, reserved 1114112K
  class space    used 9108K, capacity 9829K, committed 9856K, reserved 1048576K
}
{Heap before GC invocations=281 (full 0):
 PSYoungGen      total 169472K, used 167776K [0x00000000f5800000, 0x0000000100000000, 0x0000000100000000)
  eden space 166912K, 100% used [0x00000000f5800000,0x00000000ffb00000,0x00000000ffb00000)
  from space 2560K, 33% used [0x00000000ffd80000,0x00000000ffe58000,0x0000000100000000)
  to   space 2560K, 0% used [0x00000000ffb00000,0x00000000ffb00000,0x00000000ffd80000)
 ParOldGen       total 286720K, used 106923K [0x00000000e4000000, 0x00000000f5800000, 0x00000000f5800000)
  object space 286720K, 37% used [0x00000000e4000000,0x00000000ea86afa8,0x00000000f5800000)
 Metaspace       used 71126K, capacity 75186K, committed 75392K, reserved 1114112K
  class space    used 9108K, capacity 9829K, committed 9856K, reserved 1048576K
2024-06-11T23:02:52.001+0800: 2791.090: [GC (Allocation Failure) [PSYoungGen: 167776K->2400K(169472K)] 274699K->109507K(456192K), 0.0083027 secs] [Times: user=0.01 sys=0.00, real=0.00 secs] 
Heap after GC invocations=281 (full 0):
 PSYoungGen      total 169472K, used 2400K [0x00000000f5800000, 0x0000000100000000, 0x0000000100000000)
  eden space 166912K, 0% used [0x00000000f5800000,0x00000000f5800000,0x00000000ffb00000)
  from space 2560K, 93% used [0x00000000ffb00000,0x00000000ffd58000,0x00000000ffd80000)
  to   space 2560K, 0% used [0x00000000ffd80000,0x00000000ffd80000,0x0000000100000000)
 ParOldGen       total 286720K, used 107107K [0x00000000e4000000, 0x00000000f5800000, 0x00000000f5800000)
  object space 286720K, 37% used [0x00000000e4000000,0x00000000ea898fa8,0x00000000f5800000)
 Metaspace       used 71126K, capacity 75186K, committed 75392K, reserved 1114112K
  class space    used 9108K, capacity 9829K, committed 9856K, reserved 1048576K
}
{Heap before GC invocations=282 (full 0):
 PSYoungGen      total 169472K, used 169312K [0x00000000f5800000, 0x0000000100000000, 0x0000000100000000)
  eden space 166912K, 100% used [0x00000000f5800000,0x00000000ffb00000,0x00000000ffb00000)
  from space 2560K, 93% used [0x00000000ffb00000,0x00000000ffd58000,0x00000000ffd80000)
  to   space 2560K, 0% used [0x00000000ffd80000,0x00000000ffd80000,0x0000000100000000)
 ParOldGen       total 286720K, used 107107K [0x00000000e4000000, 0x00000000f5800000, 0x00000000f5800000)
  object space 286720K, 37% used [0x00000000e4000000,0x00000000ea898fa8,0x00000000f5800000)
 Metaspace       used 71128K, capacity 75186K, committed 75392K, reserved 1114112K
  class space    used 9108K, capacity 9829K, committed 9856K, reserved 1048576K
2024-06-11T23:03:02.460+0800: 2801.549: [GC (Allocation Failure) [PSYoungGen: 169312K->928K(169472K)] 276419K->109723K(456192K), 0.0084618 secs] [Times: user=0.01 sys=0.00, real=0.01 secs] 
Heap after GC invocations=282 (full 0):
 PSYoungGen      total 169472K, used 928K [0x00000000f5800000, 0x0000000100000000, 0x0000000100000000)
  eden space 166912K, 0% used [0x00000000f5800000,0x00000000f5800000,0x00000000ffb00000)
  from space 2560K, 36% used [0x00000000ffd80000,0x00000000ffe68000,0x0000000100000000)
  to   space 2560K, 0% used [0x00000000ffb00000,0x00000000ffb00000,0x00000000ffd80000)
 ParOldGen       total 286720K, used 108795K [0x00000000e4000000, 0x00000000f5800000, 0x00000000f5800000)
  object space 286720K, 37% used [0x00000000e4000000,0x00000000eaa3efa8,0x00000000f5800000)
 Metaspace       used 71128K, capacity 75186K, committed 75392K, reserved 1114112K
  class space    used 9108K, capacity 9829K, committed 9856K, reserved 1048576K
}
{Heap before GC invocations=283 (full 0):
 PSYoungGen      total 169472K, used 167840K [0x00000000f5800000, 0x0000000100000000, 0x0000000100000000)
  eden space 166912K, 100% used [0x00000000f5800000,0x00000000ffb00000,0x00000000ffb00000)
  from space 2560K, 36% used [0x00000000ffd80000,0x00000000ffe68000,0x0000000100000000)
  to   space 2560K, 0% used [0x00000000ffb00000,0x00000000ffb00000,0x00000000ffd80000)
 ParOldGen       total 286720K, used 108795K [0x00000000e4000000, 0x00000000f5800000, 0x00000000f5800000)
  object space 286720K, 37% used [0x00000000e4000000,0x00000000eaa3efa8,0x00000000f5800000)
 Metaspace       used 71131K, capacity 75186K, committed 75392K, reserved 1114112K
  class space    used 9108K, capacity 9829K, committed 9856K, reserved 1048576K
2024-06-11T23:03:12.992+0800: 2812.081: [GC (Allocation Failure) [PSYoungGen: 167840K->896K(169472K)] 276635K->109907K(456192K), 0.0053108 secs] [Times: user=0.01 sys=0.00, real=0.00 secs] 
Heap after GC invocations=283 (full 0):
 PSYoungGen      total 169472K, used 896K [0x00000000f5800000, 0x0000000100000000, 0x0000000100000000)
  eden space 166912K, 0% used [0x00000000f5800000,0x00000000f5800000,0x00000000ffb00000)
  from space 2560K, 35% used [0x00000000ffb00000,0x00000000ffbe0000,0x00000000ffd80000)
  to   space 2560K, 0% used [0x00000000ffd80000,0x00000000ffd80000,0x0000000100000000)
 ParOldGen       total 286720K, used 109011K [0x00000000e4000000, 0x00000000f5800000, 0x00000000f5800000)
  object space 286720K, 38% used [0x00000000e4000000,0x00000000eaa74fa8,0x00000000f5800000)
 Metaspace       used 71131K, capacity 75186K, committed 75392K, reserved 1114112K
  class space    used 9108K, capacity 9829K, committed 9856K, reserved 1048576K
}
{Heap before GC invocations=284 (full 0):
 PSYoungGen      total 169472K, used 167808K [0x00000000f5800000, 0x0000000100000000, 0x0000000100000000)
  eden space 166912K, 100% used [0x00000000f5800000,0x00000000ffb00000,0x00000000ffb00000)
  from space 2560K, 35% used [0x00000000ffb00000,0x00000000ffbe0000,0x00000000ffd80000)
  to   space 2560K, 0% used [0x00000000ffd80000,0x00000000ffd80000,0x0000000100000000)
 ParOldGen       total 286720K, used 109011K [0x00000000e4000000, 0x00000000f5800000, 0x00000000f5800000)
  object space 286720K, 38% used [0x00000000e4000000,0x00000000eaa74fa8,0x00000000f5800000)
 Metaspace       used 71131K, capacity 75186K, committed 75392K, reserved 1114112K
  class space    used 9108K, capacity 9829K, committed 9856K, reserved 1048576K
2024-06-11T23:03:23.359+0800: 2822.448: [GC (Allocation Failure) [PSYoungGen: 167808K->1271K(169472K)] 276819K->110475K(456192K), 0.0058054 secs] [Times: user=0.01 sys=0.00, real=0.01 secs] 
Heap after GC invocations=284 (full 0):
 PSYoungGen      total 169472K, used 1271K [0x00000000f5800000, 0x0000000100000000, 0x0000000100000000)
  eden space 166912K, 0% used [0x00000000f5800000,0x00000000f5800000,0x00000000ffb00000)
  from space 2560K, 49% used [0x00000000ffd80000,0x00000000ffebdd40,0x0000000100000000)
  to   space 2560K, 0% used [0x00000000ffb00000,0x00000000ffb00000,0x00000000ffd80000)
 ParOldGen       total 286720K, used 109203K [0x00000000e4000000, 0x00000000f5800000, 0x00000000f5800000)
  object space 286720K, 38% used [0x00000000e4000000,0x00000000eaaa4fa8,0x00000000f5800000)
 Metaspace       used 71131K, capacity 75186K, committed 75392K, reserved 1114112K
  class space    used 9108K, capacity 9829K, committed 9856K, reserved 1048576K
}
{Heap before GC invocations=285 (full 0):
 PSYoungGen      total 169472K, used 168183K [0x00000000f5800000, 0x0000000100000000, 0x0000000100000000)
  eden space 166912K, 100% used [0x00000000f5800000,0x00000000ffb00000,0x00000000ffb00000)
  from space 2560K, 49% used [0x00000000ffd80000,0x00000000ffebdd40,0x0000000100000000)
  to   space 2560K, 0% used [0x00000000ffb00000,0x00000000ffb00000,0x00000000ffd80000)
 ParOldGen       total 286720K, used 109203K [0x00000000e4000000, 0x00000000f5800000, 0x00000000f5800000)
  object space 286720K, 38% used [0x00000000e4000000,0x00000000eaaa4fa8,0x00000000f5800000)
 Metaspace       used 71131K, capacity 75186K, committed 75392K, reserved 1114112K
  class space    used 9108K, capacity 9829K, committed 9856K, reserved 1048576K
2024-06-11T23:03:34.231+0800: 2833.320: [GC (Allocation Failure) [PSYoungGen: 168183K->864K(169472K)] 277387K->110251K(456192K), 0.0060620 secs] [Times: user=0.00 sys=0.00, real=0.00 secs] 
Heap after GC invocations=285 (full 0):
 PSYoungGen      total 169472K, used 864K [0x00000000f5800000, 0x0000000100000000, 0x0000000100000000)
  eden space 166912K, 0% used [0x00000000f5800000,0x00000000f5800000,0x00000000ffb00000)
  from space 2560K, 33% used [0x00000000ffb00000,0x00000000ffbd8000,0x00000000ffd80000)
  to   space 2560K, 0% used [0x00000000ffd80000,0x00000000ffd80000,0x0000000100000000)
 ParOldGen       total 286720K, used 109387K [0x00000000e4000000, 0x00000000f5800000, 0x00000000f5800000)
  object space 286720K, 38% used [0x00000000e4000000,0x00000000eaad2fa8,0x00000000f5800000)
 Metaspace       used 71131K, capacity 75186K, committed 75392K, reserved 1114112K
  class space    used 9108K, capacity 9829K, committed 9856K, reserved 1048576K
}
{Heap before GC invocations=286 (full 0):
 PSYoungGen      total 169472K, used 167776K [0x00000000f5800000, 0x0000000100000000, 0x0000000100000000)
  eden space 166912K, 100% used [0x00000000f5800000,0x00000000ffb00000,0x00000000ffb00000)
  from space 2560K, 33% used [0x00000000ffb00000,0x00000000ffbd8000,0x00000000ffd80000)
  to   space 2560K, 0% used [0x00000000ffd80000,0x00000000ffd80000,0x0000000100000000)
 ParOldGen       total 286720K, used 109387K [0x00000000e4000000, 0x00000000f5800000, 0x00000000f5800000)
  object space 286720K, 38% used [0x00000000e4000000,0x00000000eaad2fa8,0x00000000f5800000)
 Metaspace       used 71134K, capacity 75186K, committed 75392K, reserved 1114112K
  class space    used 9108K, capacity 9829K, committed 9856K, reserved 1048576K
2024-06-11T23:03:44.598+0800: 2843.686: [GC (Allocation Failure) [PSYoungGen: 167776K->896K(169472K)] 277163K->110467K(456192K), 0.0054586 secs] [Times: user=0.01 sys=0.00, real=0.01 secs] 
Heap after GC invocations=286 (full 0):
 PSYoungGen      total 169472K, used 896K [0x00000000f5800000, 0x0000000100000000, 0x0000000100000000)
  eden space 166912K, 0% used [0x00000000f5800000,0x00000000f5800000,0x00000000ffb00000)
  from space 2560K, 35% used [0x00000000ffd80000,0x00000000ffe60000,0x0000000100000000)
  to   space 2560K, 0% used [0x00000000ffb00000,0x00000000ffb00000,0x00000000ffd80000)
 ParOldGen       total 286720K, used 109571K [0x00000000e4000000, 0x00000000f5800000, 0x00000000f5800000)
  object space 286720K, 38% used [0x00000000e4000000,0x00000000eab00fa8,0x00000000f5800000)
 Metaspace       used 71134K, capacity 75186K, committed 75392K, reserved 1114112K
  class space    used 9108K, capacity 9829K, committed 9856K, reserved 1048576K
}
{Heap before GC invocations=287 (full 0):
 PSYoungGen      total 169472K, used 167808K [0x00000000f5800000, 0x0000000100000000, 0x0000000100000000)
  eden space 166912K, 100% used [0x00000000f5800000,0x00000000ffb00000,0x00000000ffb00000)
  from space 2560K, 35% used [0x00000000ffd80000,0x00000000ffe60000,0x0000000100000000)
  to   space 2560K, 0% used [0x00000000ffb00000,0x00000000ffb00000,0x00000000ffd80000)
 ParOldGen       total 286720K, used 109571K [0x00000000e4000000, 0x00000000f5800000, 0x00000000f5800000)
  object space 286720K, 38% used [0x00000000e4000000,0x00000000eab00fa8,0x00000000f5800000)
 Metaspace       used 71140K, capacity 75186K, committed 75392K, reserved 1114112K
  class space    used 9108K, capacity 9829K, committed 9856K, reserved 1048576K
2024-06-11T23:03:55.355+0800: 2854.444: [GC (Allocation Failure) [PSYoungGen: 167808K->2432K(169472K)] 277379K->112187K(456192K), 0.0076745 secs] [Times: user=0.01 sys=0.00, real=0.01 secs] 
Heap after GC invocations=287 (full 0):
 PSYoungGen      total 169472K, used 2432K [0x00000000f5800000, 0x0000000100000000, 0x0000000100000000)
  eden space 166912K, 0% used [0x00000000f5800000,0x00000000f5800000,0x00000000ffb00000)
  from space 2560K, 95% used [0x00000000ffb00000,0x00000000ffd60000,0x00000000ffd80000)
  to   space 2560K, 0% used [0x00000000ffd80000,0x00000000ffd80000,0x0000000100000000)
 ParOldGen       total 286720K, used 109755K [0x00000000e4000000, 0x00000000f5800000, 0x00000000f5800000)
  object space 286720K, 38% used [0x00000000e4000000,0x00000000eab2efa8,0x00000000f5800000)
 Metaspace       used 71140K, capacity 75186K, committed 75392K, reserved 1114112K
  class space    used 9108K, capacity 9829K, committed 9856K, reserved 1048576K
}
{Heap before GC invocations=288 (full 0):
 PSYoungGen      total 169472K, used 169344K [0x00000000f5800000, 0x0000000100000000, 0x0000000100000000)
  eden space 166912K, 100% used [0x00000000f5800000,0x00000000ffb00000,0x00000000ffb00000)
  from space 2560K, 95% used [0x00000000ffb00000,0x00000000ffd60000,0x00000000ffd80000)
  to   space 2560K, 0% used [0x00000000ffd80000,0x00000000ffd80000,0x0000000100000000)
 ParOldGen       total 286720K, used 109755K [0x00000000e4000000, 0x00000000f5800000, 0x00000000f5800000)
  object space 286720K, 38% used [0x00000000e4000000,0x00000000eab2efa8,0x00000000f5800000)
 Metaspace       used 71140K, capacity 75186K, committed 75392K, reserved 1114112K
  class space    used 9108K, capacity 9829K, committed 9856K, reserved 1048576K
2024-06-11T23:04:05.631+0800: 2864.720: [GC (Allocation Failure) [PSYoungGen: 169344K->928K(169472K)] 279099K->112387K(456192K), 0.0076061 secs] [Times: user=0.01 sys=0.00, real=0.00 secs] 
Heap after GC invocations=288 (full 0):
 PSYoungGen      total 169472K, used 928K [0x00000000f5800000, 0x0000000100000000, 0x0000000100000000)
  eden space 166912K, 0% used [0x00000000f5800000,0x00000000f5800000,0x00000000ffb00000)
  from space 2560K, 36% used [0x00000000ffd80000,0x00000000ffe68000,0x0000000100000000)
  to   space 2560K, 0% used [0x00000000ffb00000,0x00000000ffb00000,0x00000000ffd80000)
 ParOldGen       total 286720K, used 111459K [0x00000000e4000000, 0x00000000f5800000, 0x00000000f5800000)
  object space 286720K, 38% used [0x00000000e4000000,0x00000000eacd8fa8,0x00000000f5800000)
 Metaspace       used 71140K, capacity 75186K, committed 75392K, reserved 1114112K
  class space    used 9108K, capacity 9829K, committed 9856K, reserved 1048576K
}
{Heap before GC invocations=289 (full 0):
 PSYoungGen      total 169472K, used 167840K [0x00000000f5800000, 0x0000000100000000, 0x0000000100000000)
  eden space 166912K, 100% used [0x00000000f5800000,0x00000000ffb00000,0x00000000ffb00000)
  from space 2560K, 36% used [0x00000000ffd80000,0x00000000ffe68000,0x0000000100000000)
  to   space 2560K, 0% used [0x00000000ffb00000,0x00000000ffb00000,0x00000000ffd80000)
 ParOldGen       total 286720K, used 111459K [0x00000000e4000000, 0x00000000f5800000, 0x00000000f5800000)
  object space 286720K, 38% used [0x00000000e4000000,0x00000000eacd8fa8,0x00000000f5800000)
 Metaspace       used 71143K, capacity 75186K, committed 75392K, reserved 1114112K
  class space    used 9108K, capacity 9829K, committed 9856K, reserved 1048576K
2024-06-11T23:04:16.039+0800: 2875.128: [GC (Allocation Failure) [PSYoungGen: 167840K->896K(169472K)] 279299K->112555K(456192K), 0.0052331 secs] [Times: user=0.01 sys=0.00, real=0.01 secs] 
Heap after GC invocations=289 (full 0):
 PSYoungGen      total 169472K, used 896K [0x00000000f5800000, 0x0000000100000000, 0x0000000100000000)
  eden space 166912K, 0% used [0x00000000f5800000,0x00000000f5800000,0x00000000ffb00000)
  from space 2560K, 35% used [0x00000000ffb00000,0x00000000ffbe0000,0x00000000ffd80000)
  to   space 2560K, 0% used [0x00000000ffd80000,0x00000000ffd80000,0x0000000100000000)
 ParOldGen       total 286720K, used 111659K [0x00000000e4000000, 0x00000000f5800000, 0x00000000f5800000)
  object space 286720K, 38% used [0x00000000e4000000,0x00000000ead0afa8,0x00000000f5800000)
 Metaspace       used 71143K, capacity 75186K, committed 75392K, reserved 1114112K
  class space    used 9108K, capacity 9829K, committed 9856K, reserved 1048576K
}
{Heap before GC invocations=290 (full 0):
 PSYoungGen      total 169472K, used 167808K [0x00000000f5800000, 0x0000000100000000, 0x0000000100000000)
  eden space 166912K, 100% used [0x00000000f5800000,0x00000000ffb00000,0x00000000ffb00000)
  from space 2560K, 35% used [0x00000000ffb00000,0x00000000ffbe0000,0x00000000ffd80000)
  to   space 2560K, 0% used [0x00000000ffd80000,0x00000000ffd80000,0x0000000100000000)
 ParOldGen       total 286720K, used 111659K [0x00000000e4000000, 0x00000000f5800000, 0x00000000f5800000)
  object space 286720K, 38% used [0x00000000e4000000,0x00000000ead0afa8,0x00000000f5800000)
 Metaspace       used 71149K, capacity 75186K, committed 75392K, reserved 1114112K
  class space    used 9108K, capacity 9829K, committed 9856K, reserved 1048576K
2024-06-11T23:04:26.435+0800: 2885.524: [GC (Allocation Failure) [PSYoungGen: 167808K->896K(169472K)] 279467K->112747K(456192K), 0.0061770 secs] [Times: user=0.01 sys=0.00, real=0.01 secs] 
Heap after GC invocations=290 (full 0):
 PSYoungGen      total 169472K, used 896K [0x00000000f5800000, 0x0000000100000000, 0x0000000100000000)
  eden space 166912K, 0% used [0x00000000f5800000,0x00000000f5800000,0x00000000ffb00000)
  from space 2560K, 35% used [0x00000000ffd80000,0x00000000ffe60000,0x0000000100000000)
  to   space 2560K, 0% used [0x00000000ffb00000,0x00000000ffb00000,0x00000000ffd80000)
 ParOldGen       total 286720K, used 111851K [0x00000000e4000000, 0x00000000f5800000, 0x00000000f5800000)
  object space 286720K, 39% used [0x00000000e4000000,0x00000000ead3afa8,0x00000000f5800000)
 Metaspace       used 71149K, capacity 75186K, committed 75392K, reserved 1114112K
  class space    used 9108K, capacity 9829K, committed 9856K, reserved 1048576K
}
{Heap before GC invocations=291 (full 0):
 PSYoungGen      total 169472K, used 167808K [0x00000000f5800000, 0x0000000100000000, 0x0000000100000000)
  eden space 166912K, 100% used [0x00000000f5800000,0x00000000ffb00000,0x00000000ffb00000)
  from space 2560K, 35% used [0x00000000ffd80000,0x00000000ffe60000,0x0000000100000000)
  to   space 2560K, 0% used [0x00000000ffb00000,0x00000000ffb00000,0x00000000ffd80000)
 ParOldGen       total 286720K, used 111851K [0x00000000e4000000, 0x00000000f5800000, 0x00000000f5800000)
  object space 286720K, 39% used [0x00000000e4000000,0x00000000ead3afa8,0x00000000f5800000)
 Metaspace       used 71149K, capacity 75186K, committed 75392K, reserved 1114112K
  class space    used 9108K, capacity 9829K, committed 9856K, reserved 1048576K
2024-06-11T23:04:36.908+0800: 2895.996: [GC (Allocation Failure) [PSYoungGen: 167808K->896K(169472K)] 279659K->112931K(456192K), 0.0064042 secs] [Times: user=0.01 sys=0.00, real=0.01 secs] 
Heap after GC invocations=291 (full 0):
 PSYoungGen      total 169472K, used 896K [0x00000000f5800000, 0x0000000100000000, 0x0000000100000000)
  eden space 166912K, 0% used [0x00000000f5800000,0x00000000f5800000,0x00000000ffb00000)
  from space 2560K, 35% used [0x00000000ffb00000,0x00000000ffbe0000,0x00000000ffd80000)
  to   space 2560K, 0% used [0x00000000ffd80000,0x00000000ffd80000,0x0000000100000000)
 ParOldGen       total 286720K, used 112035K [0x00000000e4000000, 0x00000000f5800000, 0x00000000f5800000)
  object space 286720K, 39% used [0x00000000e4000000,0x00000000ead68fa8,0x00000000f5800000)
 Metaspace       used 71149K, capacity 75186K, committed 75392K, reserved 1114112K
  class space    used 9108K, capacity 9829K, committed 9856K, reserved 1048576K
}
{Heap before GC invocations=292 (full 0):
 PSYoungGen      total 169472K, used 167808K [0x00000000f5800000, 0x0000000100000000, 0x0000000100000000)
  eden space 166912K, 100% used [0x00000000f5800000,0x00000000ffb00000,0x00000000ffb00000)
  from space 2560K, 35% used [0x00000000ffb00000,0x00000000ffbe0000,0x00000000ffd80000)
  to   space 2560K, 0% used [0x00000000ffd80000,0x00000000ffd80000,0x0000000100000000)
 ParOldGen       total 286720K, used 112035K [0x00000000e4000000, 0x00000000f5800000, 0x00000000f5800000)
  object space 286720K, 39% used [0x00000000e4000000,0x00000000ead68fa8,0x00000000f5800000)
 Metaspace       used 71149K, capacity 75186K, committed 75392K, reserved 1114112K
  class space    used 9108K, capacity 9829K, committed 9856K, reserved 1048576K
2024-06-11T23:04:47.337+0800: 2906.426: [GC (Allocation Failure) [PSYoungGen: 167808K->896K(169472K)] 279843K->113115K(456192K), 0.0058986 secs] [Times: user=0.01 sys=0.00, real=0.01 secs] 
Heap after GC invocations=292 (full 0):
 PSYoungGen      total 169472K, used 896K [0x00000000f5800000, 0x0000000100000000, 0x0000000100000000)
  eden space 166912K, 0% used [0x00000000f5800000,0x00000000f5800000,0x00000000ffb00000)
  from space 2560K, 35% used [0x00000000ffd80000,0x00000000ffe60000,0x0000000100000000)
  to   space 2560K, 0% used [0x00000000ffb00000,0x00000000ffb00000,0x00000000ffd80000)
 ParOldGen       total 286720K, used 112219K [0x00000000e4000000, 0x00000000f5800000, 0x00000000f5800000)
  object space 286720K, 39% used [0x00000000e4000000,0x00000000ead96fa8,0x00000000f5800000)
 Metaspace       used 71149K, capacity 75186K, committed 75392K, reserved 1114112K
  class space    used 9108K, capacity 9829K, committed 9856K, reserved 1048576K
}
{Heap before GC invocations=293 (full 0):
 PSYoungGen      total 169472K, used 167808K [0x00000000f5800000, 0x0000000100000000, 0x0000000100000000)
  eden space 166912K, 100% used [0x00000000f5800000,0x00000000ffb00000,0x00000000ffb00000)
  from space 2560K, 35% used [0x00000000ffd80000,0x00000000ffe60000,0x0000000100000000)
  to   space 2560K, 0% used [0x00000000ffb00000,0x00000000ffb00000,0x00000000ffd80000)
 ParOldGen       total 286720K, used 112219K [0x00000000e4000000, 0x00000000f5800000, 0x00000000f5800000)
  object space 286720K, 39% used [0x00000000e4000000,0x00000000ead96fa8,0x00000000f5800000)
 Metaspace       used 71149K, capacity 75186K, committed 75392K, reserved 1114112K
  class space    used 9108K, capacity 9829K, committed 9856K, reserved 1048576K
2024-06-11T23:04:57.766+0800: 2916.855: [GC (Allocation Failure) [PSYoungGen: 167808K->2400K(169472K)] 280027K->114819K(456192K), 0.0075772 secs] [Times: user=0.02 sys=0.00, real=0.01 secs] 
Heap after GC invocations=293 (full 0):
 PSYoungGen      total 169472K, used 2400K [0x00000000f5800000, 0x0000000100000000, 0x0000000100000000)
  eden space 166912K, 0% used [0x00000000f5800000,0x00000000f5800000,0x00000000ffb00000)
  from space 2560K, 93% used [0x00000000ffb00000,0x00000000ffd58000,0x00000000ffd80000)
  to   space 2560K, 0% used [0x00000000ffd80000,0x00000000ffd80000,0x0000000100000000)
 ParOldGen       total 286720K, used 112419K [0x00000000e4000000, 0x00000000f5800000, 0x00000000f5800000)
  object space 286720K, 39% used [0x00000000e4000000,0x00000000eadc8fa8,0x00000000f5800000)
 Metaspace       used 71149K, capacity 75186K, committed 75392K, reserved 1114112K
  class space    used 9108K, capacity 9829K, committed 9856K, reserved 1048576K
}
{Heap before GC invocations=294 (full 0):
 PSYoungGen      total 169472K, used 169312K [0x00000000f5800000, 0x0000000100000000, 0x0000000100000000)
  eden space 166912K, 100% used [0x00000000f5800000,0x00000000ffb00000,0x00000000ffb00000)
  from space 2560K, 93% used [0x00000000ffb00000,0x00000000ffd58000,0x00000000ffd80000)
  to   space 2560K, 0% used [0x00000000ffd80000,0x00000000ffd80000,0x0000000100000000)
 ParOldGen       total 286720K, used 112419K [0x00000000e4000000, 0x00000000f5800000, 0x00000000f5800000)
  object space 286720K, 39% used [0x00000000e4000000,0x00000000eadc8fa8,0x00000000f5800000)
 Metaspace       used 71149K, capacity 75186K, committed 75392K, reserved 1114112K
  class space    used 9108K, capacity 9829K, committed 9856K, reserved 1048576K
2024-06-11T23:05:08.085+0800: 2927.174: [GC (Allocation Failure) [PSYoungGen: 169312K->1303K(169472K)] 281731K->115419K(456192K), 0.0076964 secs] [Times: user=0.01 sys=0.00, real=0.01 secs] 
Heap after GC invocations=294 (full 0):
 PSYoungGen      total 169472K, used 1303K [0x00000000f5800000, 0x0000000100000000, 0x0000000100000000)
  eden space 166912K, 0% used [0x00000000f5800000,0x00000000f5800000,0x00000000ffb00000)
  from space 2560K, 50% used [0x00000000ffd80000,0x00000000ffec5d70,0x0000000100000000)
  to   space 2560K, 0% used [0x00000000ffb00000,0x00000000ffb00000,0x00000000ffd80000)
 ParOldGen       total 286720K, used 114115K [0x00000000e4000000, 0x00000000f5800000, 0x00000000f5800000)
  object space 286720K, 39% used [0x00000000e4000000,0x00000000eaf70fa8,0x00000000f5800000)
 Metaspace       used 71149K, capacity 75186K, committed 75392K, reserved 1114112K
  class space    used 9108K, capacity 9829K, committed 9856K, reserved 1048576K
}
{Heap before GC invocations=295 (full 0):
 PSYoungGen      total 169472K, used 168215K [0x00000000f5800000, 0x0000000100000000, 0x0000000100000000)
  eden space 166912K, 100% used [0x00000000f5800000,0x00000000ffb00000,0x00000000ffb00000)
  from space 2560K, 50% used [0x00000000ffd80000,0x00000000ffec5d70,0x0000000100000000)
  to   space 2560K, 0% used [0x00000000ffb00000,0x00000000ffb00000,0x00000000ffd80000)
 ParOldGen       total 286720K, used 114115K [0x00000000e4000000, 0x00000000f5800000, 0x00000000f5800000)
  object space 286720K, 39% used [0x00000000e4000000,0x00000000eaf70fa8,0x00000000f5800000)
 Metaspace       used 71149K, capacity 75186K, committed 75392K, reserved 1114112K
  class space    used 9108K, capacity 9829K, committed 9856K, reserved 1048576K
2024-06-11T23:05:18.611+0800: 2937.699: [GC (Allocation Failure) [PSYoungGen: 168215K->896K(169472K)] 282331K->115203K(456192K), 0.0069004 secs] [Times: user=0.01 sys=0.00, real=0.00 secs] 
Heap after GC invocations=295 (full 0):
 PSYoungGen      total 169472K, used 896K [0x00000000f5800000, 0x0000000100000000, 0x0000000100000000)
  eden space 166912K, 0% used [0x00000000f5800000,0x00000000f5800000,0x00000000ffb00000)
  from space 2560K, 35% used [0x00000000ffb00000,0x00000000ffbe0000,0x00000000ffd80000)
  to   space 2560K, 0% used [0x00000000ffd80000,0x00000000ffd80000,0x0000000100000000)
 ParOldGen       total 286720K, used 114307K [0x00000000e4000000, 0x00000000f5800000, 0x00000000f5800000)
  object space 286720K, 39% used [0x00000000e4000000,0x00000000eafa0fa8,0x00000000f5800000)
 Metaspace       used 71149K, capacity 75186K, committed 75392K, reserved 1114112K
  class space    used 9108K, capacity 9829K, committed 9856K, reserved 1048576K
}
{Heap before GC invocations=296 (full 0):
 PSYoungGen      total 169472K, used 167808K [0x00000000f5800000, 0x0000000100000000, 0x0000000100000000)
  eden space 166912K, 100% used [0x00000000f5800000,0x00000000ffb00000,0x00000000ffb00000)
  from space 2560K, 35% used [0x00000000ffb00000,0x00000000ffbe0000,0x00000000ffd80000)
  to   space 2560K, 0% used [0x00000000ffd80000,0x00000000ffd80000,0x0000000100000000)
 ParOldGen       total 286720K, used 114307K [0x00000000e4000000, 0x00000000f5800000, 0x00000000f5800000)
  object space 286720K, 39% used [0x00000000e4000000,0x00000000eafa0fa8,0x00000000f5800000)
 Metaspace       used 71149K, capacity 75186K, committed 75392K, reserved 1114112K
  class space    used 9108K, capacity 9829K, committed 9856K, reserved 1048576K
2024-06-11T23:05:29.179+0800: 2948.267: [GC (Allocation Failure) [PSYoungGen: 167808K->896K(169472K)] 282115K->115387K(456192K), 0.0054890 secs] [Times: user=0.01 sys=0.00, real=0.01 secs] 
Heap after GC invocations=296 (full 0):
 PSYoungGen      total 169472K, used 896K [0x00000000f5800000, 0x0000000100000000, 0x0000000100000000)
  eden space 166912K, 0% used [0x00000000f5800000,0x00000000f5800000,0x00000000ffb00000)
  from space 2560K, 35% used [0x00000000ffd80000,0x00000000ffe60000,0x0000000100000000)
  to   space 2560K, 0% used [0x00000000ffb00000,0x00000000ffb00000,0x00000000ffd80000)
 ParOldGen       total 286720K, used 114491K [0x00000000e4000000, 0x00000000f5800000, 0x00000000f5800000)
  object space 286720K, 39% used [0x00000000e4000000,0x00000000eafcefa8,0x00000000f5800000)
 Metaspace       used 71149K, capacity 75186K, committed 75392K, reserved 1114112K
  class space    used 9108K, capacity 9829K, committed 9856K, reserved 1048576K
}
{Heap before GC invocations=297 (full 0):
 PSYoungGen      total 169472K, used 167808K [0x00000000f5800000, 0x0000000100000000, 0x0000000100000000)
  eden space 166912K, 100% used [0x00000000f5800000,0x00000000ffb00000,0x00000000ffb00000)
  from space 2560K, 35% used [0x00000000ffd80000,0x00000000ffe60000,0x0000000100000000)
  to   space 2560K, 0% used [0x00000000ffb00000,0x00000000ffb00000,0x00000000ffd80000)
 ParOldGen       total 286720K, used 114491K [0x00000000e4000000, 0x00000000f5800000, 0x00000000f5800000)
  object space 286720K, 39% used [0x00000000e4000000,0x00000000eafcefa8,0x00000000f5800000)
 Metaspace       used 71150K, capacity 75186K, committed 75392K, reserved 1114112K
  class space    used 9108K, capacity 9829K, committed 9856K, reserved 1048576K
2024-06-11T23:05:39.699+0800: 2958.788: [GC (Allocation Failure) [PSYoungGen: 167808K->864K(169472K)] 282299K->115539K(456192K), 0.0068188 secs] [Times: user=0.01 sys=0.00, real=0.01 secs] 
Heap after GC invocations=297 (full 0):
 PSYoungGen      total 169472K, used 864K [0x00000000f5800000, 0x0000000100000000, 0x0000000100000000)
  eden space 166912K, 0% used [0x00000000f5800000,0x00000000f5800000,0x00000000ffb00000)
  from space 2560K, 33% used [0x00000000ffb00000,0x00000000ffbd8000,0x00000000ffd80000)
  to   space 2560K, 0% used [0x00000000ffd80000,0x00000000ffd80000,0x0000000100000000)
 ParOldGen       total 286720K, used 114675K [0x00000000e4000000, 0x00000000f5800000, 0x00000000f5800000)
  object space 286720K, 39% used [0x00000000e4000000,0x00000000eaffcfa8,0x00000000f5800000)
 Metaspace       used 71150K, capacity 75186K, committed 75392K, reserved 1114112K
  class space    used 9108K, capacity 9829K, committed 9856K, reserved 1048576K
}
{Heap before GC invocations=298 (full 0):
 PSYoungGen      total 169472K, used 167776K [0x00000000f5800000, 0x0000000100000000, 0x0000000100000000)
  eden space 166912K, 100% used [0x00000000f5800000,0x00000000ffb00000,0x00000000ffb00000)
  from space 2560K, 33% used [0x00000000ffb00000,0x00000000ffbd8000,0x00000000ffd80000)
  to   space 2560K, 0% used [0x00000000ffd80000,0x00000000ffd80000,0x0000000100000000)
 ParOldGen       total 286720K, used 114675K [0x00000000e4000000, 0x00000000f5800000, 0x00000000f5800000)
  object space 286720K, 39% used [0x00000000e4000000,0x00000000eaffcfa8,0x00000000f5800000)
 Metaspace       used 71150K, capacity 75186K, committed 75392K, reserved 1114112K
  class space    used 9108K, capacity 9829K, committed 9856K, reserved 1048576K
2024-06-11T23:05:49.962+0800: 2969.051: [GC (Allocation Failure) [PSYoungGen: 167776K->1184K(169472K)] 282451K->116043K(456192K), 0.0058186 secs] [Times: user=0.01 sys=0.00, real=0.00 secs] 
Heap after GC invocations=298 (full 0):
 PSYoungGen      total 169472K, used 1184K [0x00000000f5800000, 0x0000000100000000, 0x0000000100000000)
  eden space 166912K, 0% used [0x00000000f5800000,0x00000000f5800000,0x00000000ffb00000)
  from space 2560K, 46% used [0x00000000ffd80000,0x00000000ffea8000,0x0000000100000000)
  to   space 2560K, 0% used [0x00000000ffb00000,0x00000000ffb00000,0x00000000ffd80000)
 ParOldGen       total 286720K, used 114859K [0x00000000e4000000, 0x00000000f5800000, 0x00000000f5800000)
  object space 286720K, 40% used [0x00000000e4000000,0x00000000eb02afa8,0x00000000f5800000)
 Metaspace       used 71150K, capacity 75186K, committed 75392K, reserved 1114112K
  class space    used 9108K, capacity 9829K, committed 9856K, reserved 1048576K
}
{Heap before GC invocations=299 (full 0):
 PSYoungGen      total 169472K, used 168096K [0x00000000f5800000, 0x0000000100000000, 0x0000000100000000)
  eden space 166912K, 100% used [0x00000000f5800000,0x00000000ffb00000,0x00000000ffb00000)
  from space 2560K, 46% used [0x00000000ffd80000,0x00000000ffea8000,0x0000000100000000)
  to   space 2560K, 0% used [0x00000000ffb00000,0x00000000ffb00000,0x00000000ffd80000)
 ParOldGen       total 286720K, used 114859K [0x00000000e4000000, 0x00000000f5800000, 0x00000000f5800000)
  object space 286720K, 40% used [0x00000000e4000000,0x00000000eb02afa8,0x00000000f5800000)
 Metaspace       used 71150K, capacity 75186K, committed 75392K, reserved 1114112K
  class space    used 9108K, capacity 9829K, committed 9856K, reserved 1048576K
2024-06-11T23:06:00.913+0800: 2980.002: [GC (Allocation Failure) [PSYoungGen: 168096K->2080K(169472K)] 282955K->117339K(456192K), 0.0072695 secs] [Times: user=0.01 sys=0.00, real=0.00 secs] 
Heap after GC invocations=299 (full 0):
 PSYoungGen      total 169472K, used 2080K [0x00000000f5800000, 0x0000000100000000, 0x0000000100000000)
  eden space 166912K, 0% used [0x00000000f5800000,0x00000000f5800000,0x00000000ffb00000)
  from space 2560K, 81% used [0x00000000ffb00000,0x00000000ffd08000,0x00000000ffd80000)
  to   space 2560K, 0% used [0x00000000ffd80000,0x00000000ffd80000,0x0000000100000000)
 ParOldGen       total 286720K, used 115259K [0x00000000e4000000, 0x00000000f5800000, 0x00000000f5800000)
  object space 286720K, 40% used [0x00000000e4000000,0x00000000eb08efa8,0x00000000f5800000)
 Metaspace       used 71150K, capacity 75186K, committed 75392K, reserved 1114112K
  class space    used 9108K, capacity 9829K, committed 9856K, reserved 1048576K
}
{Heap before GC invocations=300 (full 0):
 PSYoungGen      total 169472K, used 168992K [0x00000000f5800000, 0x0000000100000000, 0x0000000100000000)
  eden space 166912K, 100% used [0x00000000f5800000,0x00000000ffb00000,0x00000000ffb00000)
  from space 2560K, 81% used [0x00000000ffb00000,0x00000000ffd08000,0x00000000ffd80000)
  to   space 2560K, 0% used [0x00000000ffd80000,0x00000000ffd80000,0x0000000100000000)
 ParOldGen       total 286720K, used 115259K [0x00000000e4000000, 0x00000000f5800000, 0x00000000f5800000)
  object space 286720K, 40% used [0x00000000e4000000,0x00000000eb08efa8,0x00000000f5800000)
 Metaspace       used 71150K, capacity 75186K, committed 75392K, reserved 1114112K
  class space    used 9108K, capacity 9829K, committed 9856K, reserved 1048576K
2024-06-11T23:06:12.191+0800: 2991.280: [GC (Allocation Failure) [PSYoungGen: 168992K->1632K(169472K)] 284251K->118459K(456192K), 0.0083247 secs] [Times: user=0.01 sys=0.00, real=0.00 secs] 
Heap after GC invocations=300 (full 0):
 PSYoungGen      total 169472K, used 1632K [0x00000000f5800000, 0x0000000100000000, 0x0000000100000000)
  eden space 166912K, 0% used [0x00000000f5800000,0x00000000f5800000,0x00000000ffb00000)
  from space 2560K, 63% used [0x00000000ffd80000,0x00000000fff18000,0x0000000100000000)
  to   space 2560K, 0% used [0x00000000ffb00000,0x00000000ffb00000,0x00000000ffd80000)
 ParOldGen       total 286720K, used 116827K [0x00000000e4000000, 0x00000000f5800000, 0x00000000f5800000)
  object space 286720K, 40% used [0x00000000e4000000,0x00000000eb216fa8,0x00000000f5800000)
 Metaspace       used 71150K, capacity 75186K, committed 75392K, reserved 1114112K
  class space    used 9108K, capacity 9829K, committed 9856K, reserved 1048576K
}
{Heap before GC invocations=301 (full 0):
 PSYoungGen      total 169472K, used 168544K [0x00000000f5800000, 0x0000000100000000, 0x0000000100000000)
  eden space 166912K, 100% used [0x00000000f5800000,0x00000000ffb00000,0x00000000ffb00000)
  from space 2560K, 63% used [0x00000000ffd80000,0x00000000fff18000,0x0000000100000000)
  to   space 2560K, 0% used [0x00000000ffb00000,0x00000000ffb00000,0x00000000ffd80000)
 ParOldGen       total 286720K, used 116827K [0x00000000e4000000, 0x00000000f5800000, 0x00000000f5800000)
  object space 286720K, 40% used [0x00000000e4000000,0x00000000eb216fa8,0x00000000f5800000)
 Metaspace       used 71150K, capacity 75186K, committed 75392K, reserved 1114112K
  class space    used 9108K, capacity 9829K, committed 9856K, reserved 1048576K
2024-06-11T23:06:22.623+0800: 3001.712: [GC (Allocation Failure) [PSYoungGen: 168544K->992K(169472K)] 285371K->118659K(456192K), 0.0066147 secs] [Times: user=0.01 sys=0.00, real=0.00 secs] 
Heap after GC invocations=301 (full 0):
 PSYoungGen      total 169472K, used 992K [0x00000000f5800000, 0x0000000100000000, 0x0000000100000000)
  eden space 166912K, 0% used [0x00000000f5800000,0x00000000f5800000,0x00000000ffb00000)
  from space 2560K, 38% used [0x00000000ffb00000,0x00000000ffbf8000,0x00000000ffd80000)
  to   space 2560K, 0% used [0x00000000ffd80000,0x00000000ffd80000,0x0000000100000000)
 ParOldGen       total 286720K, used 117667K [0x00000000e4000000, 0x00000000f5800000, 0x00000000f5800000)
  object space 286720K, 41% used [0x00000000e4000000,0x00000000eb2e8fa8,0x00000000f5800000)
 Metaspace       used 71150K, capacity 75186K, committed 75392K, reserved 1114112K
  class space    used 9108K, capacity 9829K, committed 9856K, reserved 1048576K
}
{Heap before GC invocations=302 (full 0):
 PSYoungGen      total 169472K, used 167904K [0x00000000f5800000, 0x0000000100000000, 0x0000000100000000)
  eden space 166912K, 100% used [0x00000000f5800000,0x00000000ffb00000,0x00000000ffb00000)
  from space 2560K, 38% used [0x00000000ffb00000,0x00000000ffbf8000,0x00000000ffd80000)
  to   space 2560K, 0% used [0x00000000ffd80000,0x00000000ffd80000,0x0000000100000000)
 ParOldGen       total 286720K, used 117667K [0x00000000e4000000, 0x00000000f5800000, 0x00000000f5800000)
  object space 286720K, 41% used [0x00000000e4000000,0x00000000eb2e8fa8,0x00000000f5800000)
 Metaspace       used 71150K, capacity 75186K, committed 75392K, reserved 1114112K
  class space    used 9108K, capacity 9829K, committed 9856K, reserved 1048576K
2024-06-11T23:06:33.029+0800: 3012.118: [GC (Allocation Failure) [PSYoungGen: 167904K->992K(169472K)] 285571K->118835K(456192K), 0.0055520 secs] [Times: user=0.00 sys=0.00, real=0.01 secs] 
Heap after GC invocations=302 (full 0):
 PSYoungGen      total 169472K, used 992K [0x00000000f5800000, 0x0000000100000000, 0x0000000100000000)
  eden space 166912K, 0% used [0x00000000f5800000,0x00000000f5800000,0x00000000ffb00000)
  from space 2560K, 38% used [0x00000000ffd80000,0x00000000ffe78000,0x0000000100000000)
  to   space 2560K, 0% used [0x00000000ffb00000,0x00000000ffb00000,0x00000000ffd80000)
 ParOldGen       total 286720K, used 117843K [0x00000000e4000000, 0x00000000f5800000, 0x00000000f5800000)
  object space 286720K, 41% used [0x00000000e4000000,0x00000000eb314fa8,0x00000000f5800000)
 Metaspace       used 71150K, capacity 75186K, committed 75392K, reserved 1114112K
  class space    used 9108K, capacity 9829K, committed 9856K, reserved 1048576K
}
{Heap before GC invocations=303 (full 0):
 PSYoungGen      total 169472K, used 167904K [0x00000000f5800000, 0x0000000100000000, 0x0000000100000000)
  eden space 166912K, 100% used [0x00000000f5800000,0x00000000ffb00000,0x00000000ffb00000)
  from space 2560K, 38% used [0x00000000ffd80000,0x00000000ffe78000,0x0000000100000000)
  to   space 2560K, 0% used [0x00000000ffb00000,0x00000000ffb00000,0x00000000ffd80000)
 ParOldGen       total 286720K, used 117843K [0x00000000e4000000, 0x00000000f5800000, 0x00000000f5800000)
  object space 286720K, 41% used [0x00000000e4000000,0x00000000eb314fa8,0x00000000f5800000)
 Metaspace       used 71150K, capacity 75186K, committed 75392K, reserved 1114112K
  class space    used 9108K, capacity 9829K, committed 9856K, reserved 1048576K
2024-06-11T23:06:43.630+0800: 3022.719: [GC (Allocation Failure) [PSYoungGen: 167904K->1024K(169472K)] 285747K->119051K(456192K), 0.0054311 secs] [Times: user=0.01 sys=0.00, real=0.01 secs] 
Heap after GC invocations=303 (full 0):
 PSYoungGen      total 169472K, used 1024K [0x00000000f5800000, 0x0000000100000000, 0x0000000100000000)
  eden space 166912K, 0% used [0x00000000f5800000,0x00000000f5800000,0x00000000ffb00000)
  from space 2560K, 40% used [0x00000000ffb00000,0x00000000ffc00000,0x00000000ffd80000)
  to   space 2560K, 0% used [0x00000000ffd80000,0x00000000ffd80000,0x0000000100000000)
 ParOldGen       total 286720K, used 118027K [0x00000000e4000000, 0x00000000f5800000, 0x00000000f5800000)
  object space 286720K, 41% used [0x00000000e4000000,0x00000000eb342fa8,0x00000000f5800000)
 Metaspace       used 71150K, capacity 75186K, committed 75392K, reserved 1114112K
  class space    used 9108K, capacity 9829K, committed 9856K, reserved 1048576K
}
{Heap before GC invocations=304 (full 0):
 PSYoungGen      total 169472K, used 167936K [0x00000000f5800000, 0x0000000100000000, 0x0000000100000000)
  eden space 166912K, 100% used [0x00000000f5800000,0x00000000ffb00000,0x00000000ffb00000)
  from space 2560K, 40% used [0x00000000ffb00000,0x00000000ffc00000,0x00000000ffd80000)
  to   space 2560K, 0% used [0x00000000ffd80000,0x00000000ffd80000,0x0000000100000000)
 ParOldGen       total 286720K, used 118027K [0x00000000e4000000, 0x00000000f5800000, 0x00000000f5800000)
  object space 286720K, 41% used [0x00000000e4000000,0x00000000eb342fa8,0x00000000f5800000)
 Metaspace       used 71150K, capacity 75186K, committed 75392K, reserved 1114112K
  class space    used 9108K, capacity 9829K, committed 9856K, reserved 1048576K
2024-06-11T23:06:53.915+0800: 3033.004: [GC (Allocation Failure) [PSYoungGen: 167936K->1399K(169472K)] 285963K->119611K(456192K), 0.0065015 secs] [Times: user=0.01 sys=0.00, real=0.01 secs] 
Heap after GC invocations=304 (full 0):
 PSYoungGen      total 169472K, used 1399K [0x00000000f5800000, 0x0000000100000000, 0x0000000100000000)
  eden space 166912K, 0% used [0x00000000f5800000,0x00000000f5800000,0x00000000ffb00000)
  from space 2560K, 54% used [0x00000000ffd80000,0x00000000ffeddd40,0x0000000100000000)
  to   space 2560K, 0% used [0x00000000ffb00000,0x00000000ffb00000,0x00000000ffd80000)
 ParOldGen       total 286720K, used 118211K [0x00000000e4000000, 0x00000000f5800000, 0x00000000f5800000)
  object space 286720K, 41% used [0x00000000e4000000,0x00000000eb370fa8,0x00000000f5800000)
 Metaspace       used 71150K, capacity 75186K, committed 75392K, reserved 1114112K
  class space    used 9108K, capacity 9829K, committed 9856K, reserved 1048576K
}
{Heap before GC invocations=305 (full 0):
 PSYoungGen      total 169472K, used 168311K [0x00000000f5800000, 0x0000000100000000, 0x0000000100000000)
  eden space 166912K, 100% used [0x00000000f5800000,0x00000000ffb00000,0x00000000ffb00000)
  from space 2560K, 54% used [0x00000000ffd80000,0x00000000ffeddd40,0x0000000100000000)
  to   space 2560K, 0% used [0x00000000ffb00000,0x00000000ffb00000,0x00000000ffd80000)
 ParOldGen       total 286720K, used 118211K [0x00000000e4000000, 0x00000000f5800000, 0x00000000f5800000)
  object space 286720K, 41% used [0x00000000e4000000,0x00000000eb370fa8,0x00000000f5800000)
 Metaspace       used 71150K, capacity 75186K, committed 75392K, reserved 1114112K
  class space    used 9108K, capacity 9829K, committed 9856K, reserved 1048576K
2024-06-11T23:07:04.329+0800: 3043.418: [GC (Allocation Failure) [PSYoungGen: 168311K->2560K(169472K)] 286523K->121171K(456192K), 0.0083445 secs] [Times: user=0.01 sys=0.00, real=0.01 secs] 
Heap after GC invocations=305 (full 0):
 PSYoungGen      total 169472K, used 2560K [0x00000000f5800000, 0x0000000100000000, 0x0000000100000000)
  eden space 166912K, 0% used [0x00000000f5800000,0x00000000f5800000,0x00000000ffb00000)
  from space 2560K, 100% used [0x00000000ffb00000,0x00000000ffd80000,0x00000000ffd80000)
  to   space 2560K, 0% used [0x00000000ffd80000,0x00000000ffd80000,0x0000000100000000)
 ParOldGen       total 286720K, used 118611K [0x00000000e4000000, 0x00000000f5800000, 0x00000000f5800000)
  object space 286720K, 41% used [0x00000000e4000000,0x00000000eb3d4fa8,0x00000000f5800000)
 Metaspace       used 71150K, capacity 75186K, committed 75392K, reserved 1114112K
  class space    used 9108K, capacity 9829K, committed 9856K, reserved 1048576K
}
{Heap before GC invocations=306 (full 0):
 PSYoungGen      total 169472K, used 169472K [0x00000000f5800000, 0x0000000100000000, 0x0000000100000000)
  eden space 166912K, 100% used [0x00000000f5800000,0x00000000ffb00000,0x00000000ffb00000)
  from space 2560K, 100% used [0x00000000ffb00000,0x00000000ffd80000,0x00000000ffd80000)
  to   space 2560K, 0% used [0x00000000ffd80000,0x00000000ffd80000,0x0000000100000000)
 ParOldGen       total 286720K, used 118611K [0x00000000e4000000, 0x00000000f5800000, 0x00000000f5800000)
  object space 286720K, 41% used [0x00000000e4000000,0x00000000eb3d4fa8,0x00000000f5800000)
 Metaspace       used 71150K, capacity 75186K, committed 75392K, reserved 1114112K
  class space    used 9108K, capacity 9829K, committed 9856K, reserved 1048576K
2024-06-11T23:07:14.802+0800: 3053.891: [GC (Allocation Failure) [PSYoungGen: 169472K->1504K(168448K)] 288083K->122507K(455168K), 0.0123196 secs] [Times: user=0.01 sys=0.00, real=0.01 secs] 
Heap after GC invocations=306 (full 0):
 PSYoungGen      total 168448K, used 1504K [0x00000000f5800000, 0x0000000100000000, 0x0000000100000000)
  eden space 165888K, 0% used [0x00000000f5800000,0x00000000f5800000,0x00000000ffa00000)
  from space 2560K, 58% used [0x00000000ffd80000,0x00000000ffef8000,0x0000000100000000)
  to   space 3072K, 0% used [0x00000000ffa00000,0x00000000ffa00000,0x00000000ffd00000)
 ParOldGen       total 286720K, used 121003K [0x00000000e4000000, 0x00000000f5800000, 0x00000000f5800000)
  object space 286720K, 42% used [0x00000000e4000000,0x00000000eb62afa8,0x00000000f5800000)
 Metaspace       used 71150K, capacity 75186K, committed 75392K, reserved 1114112K
  class space    used 9108K, capacity 9829K, committed 9856K, reserved 1048576K
}
{Heap before GC invocations=307 (full 0):
 PSYoungGen      total 168448K, used 167392K [0x00000000f5800000, 0x0000000100000000, 0x0000000100000000)
  eden space 165888K, 100% used [0x00000000f5800000,0x00000000ffa00000,0x00000000ffa00000)
  from space 2560K, 58% used [0x00000000ffd80000,0x00000000ffef8000,0x0000000100000000)
  to   space 3072K, 0% used [0x00000000ffa00000,0x00000000ffa00000,0x00000000ffd00000)
 ParOldGen       total 286720K, used 121003K [0x00000000e4000000, 0x00000000f5800000, 0x00000000f5800000)
  object space 286720K, 42% used [0x00000000e4000000,0x00000000eb62afa8,0x00000000f5800000)
 Metaspace       used 71150K, capacity 75186K, committed 75392K, reserved 1114112K
  class space    used 9108K, capacity 9829K, committed 9856K, reserved 1048576K
2024-06-11T23:07:25.050+0800: 3064.139: [GC (Allocation Failure) [PSYoungGen: 167392K->992K(168960K)] 288395K->122683K(455680K), 0.0061079 secs] [Times: user=0.01 sys=0.00, real=0.01 secs] 
Heap after GC invocations=307 (full 0):
 PSYoungGen      total 168960K, used 992K [0x00000000f5800000, 0x0000000100000000, 0x0000000100000000)
  eden space 165888K, 0% used [0x00000000f5800000,0x00000000f5800000,0x00000000ffa00000)
  from space 3072K, 32% used [0x00000000ffa00000,0x00000000ffaf8000,0x00000000ffd00000)
  to   space 3072K, 0% used [0x00000000ffd00000,0x00000000ffd00000,0x0000000100000000)
 ParOldGen       total 286720K, used 121691K [0x00000000e4000000, 0x00000000f5800000, 0x00000000f5800000)
  object space 286720K, 42% used [0x00000000e4000000,0x00000000eb6d6fa8,0x00000000f5800000)
 Metaspace       used 71150K, capacity 75186K, committed 75392K, reserved 1114112K
  class space    used 9108K, capacity 9829K, committed 9856K, reserved 1048576K
}
{Heap before GC invocations=308 (full 0):
 PSYoungGen      total 168960K, used 166880K [0x00000000f5800000, 0x0000000100000000, 0x0000000100000000)
  eden space 165888K, 100% used [0x00000000f5800000,0x00000000ffa00000,0x00000000ffa00000)
  from space 3072K, 32% used [0x00000000ffa00000,0x00000000ffaf8000,0x00000000ffd00000)
  to   space 3072K, 0% used [0x00000000ffd00000,0x00000000ffd00000,0x0000000100000000)
 ParOldGen       total 286720K, used 121691K [0x00000000e4000000, 0x00000000f5800000, 0x00000000f5800000)
  object space 286720K, 42% used [0x00000000e4000000,0x00000000eb6d6fa8,0x00000000f5800000)
 Metaspace       used 71150K, capacity 75186K, committed 75392K, reserved 1114112K
  class space    used 9108K, capacity 9829K, committed 9856K, reserved 1048576K
2024-06-11T23:07:35.276+0800: 3074.365: [GC (Allocation Failure) [PSYoungGen: 166880K->992K(169472K)] 288571K->122867K(456192K), 0.0054350 secs] [Times: user=0.00 sys=0.00, real=0.01 secs] 
Heap after GC invocations=308 (full 0):
 PSYoungGen      total 169472K, used 992K [0x00000000f5800000, 0x0000000100000000, 0x0000000100000000)
  eden space 166400K, 0% used [0x00000000f5800000,0x00000000f5800000,0x00000000ffa80000)
  from space 3072K, 32% used [0x00000000ffd00000,0x00000000ffdf8000,0x0000000100000000)
  to   space 2560K, 0% used [0x00000000ffa80000,0x00000000ffa80000,0x00000000ffd00000)
 ParOldGen       total 286720K, used 121875K [0x00000000e4000000, 0x00000000f5800000, 0x00000000f5800000)
  object space 286720K, 42% used [0x00000000e4000000,0x00000000eb704fa8,0x00000000f5800000)
 Metaspace       used 71150K, capacity 75186K, committed 75392K, reserved 1114112K
  class space    used 9108K, capacity 9829K, committed 9856K, reserved 1048576K
}
{Heap before GC invocations=309 (full 0):
 PSYoungGen      total 169472K, used 167392K [0x00000000f5800000, 0x0000000100000000, 0x0000000100000000)
  eden space 166400K, 100% used [0x00000000f5800000,0x00000000ffa80000,0x00000000ffa80000)
  from space 3072K, 32% used [0x00000000ffd00000,0x00000000ffdf8000,0x0000000100000000)
  to   space 2560K, 0% used [0x00000000ffa80000,0x00000000ffa80000,0x00000000ffd00000)
 ParOldGen       total 286720K, used 121875K [0x00000000e4000000, 0x00000000f5800000, 0x00000000f5800000)
  object space 286720K, 42% used [0x00000000e4000000,0x00000000eb704fa8,0x00000000f5800000)
 Metaspace       used 71158K, capacity 75186K, committed 75392K, reserved 1114112K
  class space    used 9108K, capacity 9829K, committed 9856K, reserved 1048576K
2024-06-11T23:07:45.566+0800: 3084.655: [GC (Allocation Failure) [PSYoungGen: 167392K->992K(168960K)] 289267K->123043K(455680K), 0.0069699 secs] [Times: user=0.01 sys=0.00, real=0.01 secs] 
Heap after GC invocations=309 (full 0):
 PSYoungGen      total 168960K, used 992K [0x00000000f5800000, 0x0000000100000000, 0x0000000100000000)
  eden space 166400K, 0% used [0x00000000f5800000,0x00000000f5800000,0x00000000ffa80000)
  from space 2560K, 38% used [0x00000000ffa80000,0x00000000ffb78000,0x00000000ffd00000)
  to   space 2560K, 0% used [0x00000000ffd80000,0x00000000ffd80000,0x0000000100000000)
 ParOldGen       total 286720K, used 122051K [0x00000000e4000000, 0x00000000f5800000, 0x00000000f5800000)
  object space 286720K, 42% used [0x00000000e4000000,0x00000000eb730fa8,0x00000000f5800000)
 Metaspace       used 71158K, capacity 75186K, committed 75392K, reserved 1114112K
  class space    used 9108K, capacity 9829K, committed 9856K, reserved 1048576K
}
{Heap before GC invocations=310 (full 0):
 PSYoungGen      total 168960K, used 167392K [0x00000000f5800000, 0x0000000100000000, 0x0000000100000000)
  eden space 166400K, 100% used [0x00000000f5800000,0x00000000ffa80000,0x00000000ffa80000)
  from space 2560K, 38% used [0x00000000ffa80000,0x00000000ffb78000,0x00000000ffd00000)
  to   space 2560K, 0% used [0x00000000ffd80000,0x00000000ffd80000,0x0000000100000000)
 ParOldGen       total 286720K, used 122051K [0x00000000e4000000, 0x00000000f5800000, 0x00000000f5800000)
  object space 286720K, 42% used [0x00000000e4000000,0x00000000eb730fa8,0x00000000f5800000)
 Metaspace       used 71158K, capacity 75186K, committed 75392K, reserved 1114112K
  class space    used 9108K, capacity 9829K, committed 9856K, reserved 1048576K
2024-06-11T23:07:55.781+0800: 3094.870: [GC (Allocation Failure) [PSYoungGen: 167392K->960K(169472K)] 289443K->123187K(456192K), 0.0106482 secs] [Times: user=0.01 sys=0.00, real=0.01 secs] 
Heap after GC invocations=310 (full 0):
 PSYoungGen      total 169472K, used 960K [0x00000000f5800000, 0x0000000100000000, 0x0000000100000000)
  eden space 166912K, 0% used [0x00000000f5800000,0x00000000f5800000,0x00000000ffb00000)
  from space 2560K, 37% used [0x00000000ffd80000,0x00000000ffe70000,0x0000000100000000)
  to   space 2560K, 0% used [0x00000000ffb00000,0x00000000ffb00000,0x00000000ffd80000)
 ParOldGen       total 286720K, used 122227K [0x00000000e4000000, 0x00000000f5800000, 0x00000000f5800000)
  object space 286720K, 42% used [0x00000000e4000000,0x00000000eb75cfa8,0x00000000f5800000)
 Metaspace       used 71158K, capacity 75186K, committed 75392K, reserved 1114112K
  class space    used 9108K, capacity 9829K, committed 9856K, reserved 1048576K
}
{Heap before GC invocations=311 (full 0):
 PSYoungGen      total 169472K, used 167872K [0x00000000f5800000, 0x0000000100000000, 0x0000000100000000)
  eden space 166912K, 100% used [0x00000000f5800000,0x00000000ffb00000,0x00000000ffb00000)
  from space 2560K, 37% used [0x00000000ffd80000,0x00000000ffe70000,0x0000000100000000)
  to   space 2560K, 0% used [0x00000000ffb00000,0x00000000ffb00000,0x00000000ffd80000)
 ParOldGen       total 286720K, used 122227K [0x00000000e4000000, 0x00000000f5800000, 0x00000000f5800000)
  object space 286720K, 42% used [0x00000000e4000000,0x00000000eb75cfa8,0x00000000f5800000)
 Metaspace       used 71158K, capacity 75186K, committed 75392K, reserved 1114112K
  class space    used 9108K, capacity 9829K, committed 9856K, reserved 1048576K
2024-06-11T23:08:06.306+0800: 3105.395: [GC (Allocation Failure) [PSYoungGen: 167872K->2560K(169472K)] 290099K->125187K(456192K), 0.0079236 secs] [Times: user=0.01 sys=0.00, real=0.01 secs] 
Heap after GC invocations=311 (full 0):
 PSYoungGen      total 169472K, used 2560K [0x00000000f5800000, 0x0000000100000000, 0x0000000100000000)
  eden space 166912K, 0% used [0x00000000f5800000,0x00000000f5800000,0x00000000ffb00000)
  from space 2560K, 100% used [0x00000000ffb00000,0x00000000ffd80000,0x00000000ffd80000)
  to   space 2560K, 0% used [0x00000000ffd80000,0x00000000ffd80000,0x0000000100000000)
 ParOldGen       total 286720K, used 122627K [0x00000000e4000000, 0x00000000f5800000, 0x00000000f5800000)
  object space 286720K, 42% used [0x00000000e4000000,0x00000000eb7c0fa8,0x00000000f5800000)
 Metaspace       used 71158K, capacity 75186K, committed 75392K, reserved 1114112K
  class space    used 9108K, capacity 9829K, committed 9856K, reserved 1048576K
}
{Heap before GC invocations=312 (full 0):
 PSYoungGen      total 169472K, used 169472K [0x00000000f5800000, 0x0000000100000000, 0x0000000100000000)
  eden space 166912K, 100% used [0x00000000f5800000,0x00000000ffb00000,0x00000000ffb00000)
  from space 2560K, 100% used [0x00000000ffb00000,0x00000000ffd80000,0x00000000ffd80000)
  to   space 2560K, 0% used [0x00000000ffd80000,0x00000000ffd80000,0x0000000100000000)
 ParOldGen       total 286720K, used 122627K [0x00000000e4000000, 0x00000000f5800000, 0x00000000f5800000)
  object space 286720K, 42% used [0x00000000e4000000,0x00000000eb7c0fa8,0x00000000f5800000)
 Metaspace       used 71158K, capacity 75186K, committed 75392K, reserved 1114112K
  class space    used 9108K, capacity 9829K, committed 9856K, reserved 1048576K
2024-06-11T23:08:16.850+0800: 3115.939: [GC (Allocation Failure) [PSYoungGen: 169472K->1504K(168448K)] 292099K->126547K(455168K), 0.0106939 secs] [Times: user=0.02 sys=0.00, real=0.02 secs] 
Heap after GC invocations=312 (full 0):
 PSYoungGen      total 168448K, used 1504K [0x00000000f5800000, 0x0000000100000000, 0x0000000100000000)
  eden space 165888K, 0% used [0x00000000f5800000,0x00000000f5800000,0x00000000ffa00000)
  from space 2560K, 58% used [0x00000000ffd80000,0x00000000ffef8000,0x0000000100000000)
  to   space 3072K, 0% used [0x00000000ffa00000,0x00000000ffa00000,0x00000000ffd00000)
 ParOldGen       total 286720K, used 125043K [0x00000000e4000000, 0x00000000f5800000, 0x00000000f5800000)
  object space 286720K, 43% used [0x00000000e4000000,0x00000000eba1cfa8,0x00000000f5800000)
 Metaspace       used 71158K, capacity 75186K, committed 75392K, reserved 1114112K
  class space    used 9108K, capacity 9829K, committed 9856K, reserved 1048576K
}
{Heap before GC invocations=313 (full 0):
 PSYoungGen      total 168448K, used 167392K [0x00000000f5800000, 0x0000000100000000, 0x0000000100000000)
  eden space 165888K, 100% used [0x00000000f5800000,0x00000000ffa00000,0x00000000ffa00000)
  from space 2560K, 58% used [0x00000000ffd80000,0x00000000ffef8000,0x0000000100000000)
  to   space 3072K, 0% used [0x00000000ffa00000,0x00000000ffa00000,0x00000000ffd00000)
 ParOldGen       total 286720K, used 125043K [0x00000000e4000000, 0x00000000f5800000, 0x00000000f5800000)
  object space 286720K, 43% used [0x00000000e4000000,0x00000000eba1cfa8,0x00000000f5800000)
 Metaspace       used 71159K, capacity 75190K, committed 75392K, reserved 1114112K
  class space    used 9108K, capacity 9829K, committed 9856K, reserved 1048576K
2024-06-11T23:08:27.268+0800: 3126.357: [GC (Allocation Failure) [PSYoungGen: 167392K->992K(168960K)] 292435K->126723K(455680K), 0.0060350 secs] [Times: user=0.01 sys=0.01, real=0.01 secs] 
Heap after GC invocations=313 (full 0):
 PSYoungGen      total 168960K, used 992K [0x00000000f5800000, 0x0000000100000000, 0x0000000100000000)
  eden space 165888K, 0% used [0x00000000f5800000,0x00000000f5800000,0x00000000ffa00000)
  from space 3072K, 32% used [0x00000000ffa00000,0x00000000ffaf8000,0x00000000ffd00000)
  to   space 3072K, 0% used [0x00000000ffd00000,0x00000000ffd00000,0x0000000100000000)
 ParOldGen       total 286720K, used 125731K [0x00000000e4000000, 0x00000000f5800000, 0x00000000f5800000)
  object space 286720K, 43% used [0x00000000e4000000,0x00000000ebac8fa8,0x00000000f5800000)
 Metaspace       used 71159K, capacity 75190K, committed 75392K, reserved 1114112K
  class space    used 9108K, capacity 9829K, committed 9856K, reserved 1048576K
}
{Heap before GC invocations=314 (full 0):
 PSYoungGen      total 168960K, used 166809K [0x00000000f5800000, 0x0000000100000000, 0x0000000100000000)
  eden space 165888K, 99% used [0x00000000f5800000,0x00000000ff9ee638,0x00000000ffa00000)
  from space 3072K, 32% used [0x00000000ffa00000,0x00000000ffaf8000,0x00000000ffd00000)
  to   space 3072K, 0% used [0x00000000ffd00000,0x00000000ffd00000,0x0000000100000000)
 ParOldGen       total 286720K, used 125731K [0x00000000e4000000, 0x00000000f5800000, 0x00000000f5800000)
  object space 286720K, 43% used [0x00000000e4000000,0x00000000ebac8fa8,0x00000000f5800000)
 Metaspace       used 71159K, capacity 75190K, committed 75392K, reserved 1114112K
  class space    used 9108K, capacity 9829K, committed 9856K, reserved 1048576K
2024-06-11T23:08:37.766+0800: 3136.855: [GC (Allocation Failure) [PSYoungGen: 166809K->1493K(168960K)] 292541K->127409K(455680K), 0.0057069 secs] [Times: user=0.00 sys=0.00, real=0.01 secs] 
Heap after GC invocations=314 (full 0):
 PSYoungGen      total 168960K, used 1493K [0x00000000f5800000, 0x0000000100000000, 0x0000000100000000)
  eden space 165888K, 0% used [0x00000000f5800000,0x00000000f5800000,0x00000000ffa00000)
  from space 3072K, 48% used [0x00000000ffd00000,0x00000000ffe754d8,0x0000000100000000)
  to   space 3072K, 0% used [0x00000000ffa00000,0x00000000ffa00000,0x00000000ffd00000)
 ParOldGen       total 286720K, used 125915K [0x00000000e4000000, 0x00000000f5800000, 0x00000000f5800000)
  object space 286720K, 43% used [0x00000000e4000000,0x00000000ebaf6fa8,0x00000000f5800000)
 Metaspace       used 71159K, capacity 75190K, committed 75392K, reserved 1114112K
  class space    used 9108K, capacity 9829K, committed 9856K, reserved 1048576K
}
{Heap before GC invocations=315 (full 0):
 PSYoungGen      total 168960K, used 167381K [0x00000000f5800000, 0x0000000100000000, 0x0000000100000000)
  eden space 165888K, 100% used [0x00000000f5800000,0x00000000ffa00000,0x00000000ffa00000)
  from space 3072K, 48% used [0x00000000ffd00000,0x00000000ffe754d8,0x0000000100000000)
  to   space 3072K, 0% used [0x00000000ffa00000,0x00000000ffa00000,0x00000000ffd00000)
 ParOldGen       total 286720K, used 125915K [0x00000000e4000000, 0x00000000f5800000, 0x00000000f5800000)
  object space 286720K, 43% used [0x00000000e4000000,0x00000000ebaf6fa8,0x00000000f5800000)
 Metaspace       used 71159K, capacity 75190K, committed 75392K, reserved 1114112K
  class space    used 9108K, capacity 9829K, committed 9856K, reserved 1048576K
2024-06-11T23:08:48.389+0800: 3147.478: [GC (Allocation Failure) [PSYoungGen: 167381K->992K(168960K)] 293297K->127083K(455680K), 0.0064964 secs] [Times: user=0.01 sys=0.01, real=0.01 secs] 
Heap after GC invocations=315 (full 0):
 PSYoungGen      total 168960K, used 992K [0x00000000f5800000, 0x0000000100000000, 0x0000000100000000)
  eden space 165888K, 0% used [0x00000000f5800000,0x00000000f5800000,0x00000000ffa00000)
  from space 3072K, 32% used [0x00000000ffa00000,0x00000000ffaf8000,0x00000000ffd00000)
  to   space 3072K, 0% used [0x00000000ffd00000,0x00000000ffd00000,0x0000000100000000)
 ParOldGen       total 286720K, used 126091K [0x00000000e4000000, 0x00000000f5800000, 0x00000000f5800000)
  object space 286720K, 43% used [0x00000000e4000000,0x00000000ebb22fa8,0x00000000f5800000)
 Metaspace       used 71159K, capacity 75190K, committed 75392K, reserved 1114112K
  class space    used 9108K, capacity 9829K, committed 9856K, reserved 1048576K
}
{Heap before GC invocations=316 (full 0):
 PSYoungGen      total 168960K, used 166880K [0x00000000f5800000, 0x0000000100000000, 0x0000000100000000)
  eden space 165888K, 100% used [0x00000000f5800000,0x00000000ffa00000,0x00000000ffa00000)
  from space 3072K, 32% used [0x00000000ffa00000,0x00000000ffaf8000,0x00000000ffd00000)
  to   space 3072K, 0% used [0x00000000ffd00000,0x00000000ffd00000,0x0000000100000000)
 ParOldGen       total 286720K, used 126091K [0x00000000e4000000, 0x00000000f5800000, 0x00000000f5800000)
  object space 286720K, 43% used [0x00000000e4000000,0x00000000ebb22fa8,0x00000000f5800000)
 Metaspace       used 71159K, capacity 75190K, committed 75392K, reserved 1114112K
  class space    used 9108K, capacity 9829K, committed 9856K, reserved 1048576K
2024-06-11T23:08:58.708+0800: 3157.796: [GC (Allocation Failure) [PSYoungGen: 166880K->992K(169472K)] 292971K->127267K(456192K), 0.0058521 secs] [Times: user=0.01 sys=0.00, real=0.01 secs] 
Heap after GC invocations=316 (full 0):
 PSYoungGen      total 169472K, used 992K [0x00000000f5800000, 0x0000000100000000, 0x0000000100000000)
  eden space 166400K, 0% used [0x00000000f5800000,0x00000000f5800000,0x00000000ffa80000)
  from space 3072K, 32% used [0x00000000ffd00000,0x00000000ffdf8000,0x0000000100000000)
  to   space 2560K, 0% used [0x00000000ffa80000,0x00000000ffa80000,0x00000000ffd00000)
 ParOldGen       total 286720K, used 126275K [0x00000000e4000000, 0x00000000f5800000, 0x00000000f5800000)
  object space 286720K, 44% used [0x00000000e4000000,0x00000000ebb50fa8,0x00000000f5800000)
 Metaspace       used 71159K, capacity 75190K, committed 75392K, reserved 1114112K
  class space    used 9108K, capacity 9829K, committed 9856K, reserved 1048576K
}
{Heap before GC invocations=317 (full 0):
 PSYoungGen      total 169472K, used 167392K [0x00000000f5800000, 0x0000000100000000, 0x0000000100000000)
  eden space 166400K, 100% used [0x00000000f5800000,0x00000000ffa80000,0x00000000ffa80000)
  from space 3072K, 32% used [0x00000000ffd00000,0x00000000ffdf8000,0x0000000100000000)
  to   space 2560K, 0% used [0x00000000ffa80000,0x00000000ffa80000,0x00000000ffd00000)
 ParOldGen       total 286720K, used 126275K [0x00000000e4000000, 0x00000000f5800000, 0x00000000f5800000)
  object space 286720K, 44% used [0x00000000e4000000,0x00000000ebb50fa8,0x00000000f5800000)
 Metaspace       used 71160K, capacity 75190K, committed 75392K, reserved 1114112K
  class space    used 9108K, capacity 9829K, committed 9856K, reserved 1048576K
2024-06-11T23:09:09.073+0800: 3168.161: [GC (Allocation Failure) [PSYoungGen: 167392K->2560K(168960K)] 293667K->129235K(455680K), 0.0081791 secs] [Times: user=0.01 sys=0.00, real=0.01 secs] 
Heap after GC invocations=317 (full 0):
 PSYoungGen      total 168960K, used 2560K [0x00000000f5800000, 0x0000000100000000, 0x0000000100000000)
  eden space 166400K, 0% used [0x00000000f5800000,0x00000000f5800000,0x00000000ffa80000)
  from space 2560K, 100% used [0x00000000ffa80000,0x00000000ffd00000,0x00000000ffd00000)
  to   space 3072K, 0% used [0x00000000ffd00000,0x00000000ffd00000,0x0000000100000000)
 ParOldGen       total 286720K, used 126675K [0x00000000e4000000, 0x00000000f5800000, 0x00000000f5800000)
  object space 286720K, 44% used [0x00000000e4000000,0x00000000ebbb4fa8,0x00000000f5800000)
 Metaspace       used 71160K, capacity 75190K, committed 75392K, reserved 1114112K
  class space    used 9108K, capacity 9829K, committed 9856K, reserved 1048576K
}
{Heap before GC invocations=318 (full 0):
 PSYoungGen      total 168960K, used 168960K [0x00000000f5800000, 0x0000000100000000, 0x0000000100000000)
  eden space 166400K, 100% used [0x00000000f5800000,0x00000000ffa80000,0x00000000ffa80000)
  from space 2560K, 100% used [0x00000000ffa80000,0x00000000ffd00000,0x00000000ffd00000)
  to   space 3072K, 0% used [0x00000000ffd00000,0x00000000ffd00000,0x0000000100000000)
 ParOldGen       total 286720K, used 126675K [0x00000000e4000000, 0x00000000f5800000, 0x00000000f5800000)
  object space 286720K, 44% used [0x00000000e4000000,0x00000000ebbb4fa8,0x00000000f5800000)
 Metaspace       used 71160K, capacity 75190K, committed 75392K, reserved 1114112K
  class space    used 9108K, capacity 9829K, committed 9856K, reserved 1048576K
2024-06-11T23:09:19.329+0800: 3178.417: [GC (Allocation Failure) [PSYoungGen: 168960K->1536K(168960K)] 295635K->130643K(455680K), 0.0097496 secs] [Times: user=0.02 sys=0.00, real=0.01 secs] 
Heap after GC invocations=318 (full 0):
 PSYoungGen      total 168960K, used 1536K [0x00000000f5800000, 0x0000000100000000, 0x0000000100000000)
  eden space 165888K, 0% used [0x00000000f5800000,0x00000000f5800000,0x00000000ffa00000)
  from space 3072K, 50% used [0x00000000ffd00000,0x00000000ffe80000,0x0000000100000000)
  to   space 3072K, 0% used [0x00000000ffa00000,0x00000000ffa00000,0x00000000ffd00000)
 ParOldGen       total 286720K, used 129107K [0x00000000e4000000, 0x00000000f5800000, 0x00000000f5800000)
  object space 286720K, 45% used [0x00000000e4000000,0x00000000ebe14fa8,0x00000000f5800000)
 Metaspace       used 71160K, capacity 75190K, committed 75392K, reserved 1114112K
  class space    used 9108K, capacity 9829K, committed 9856K, reserved 1048576K
}
{Heap before GC invocations=319 (full 0):
 PSYoungGen      total 168960K, used 167424K [0x00000000f5800000, 0x0000000100000000, 0x0000000100000000)
  eden space 165888K, 100% used [0x00000000f5800000,0x00000000ffa00000,0x00000000ffa00000)
  from space 3072K, 50% used [0x00000000ffd00000,0x00000000ffe80000,0x0000000100000000)
  to   space 3072K, 0% used [0x00000000ffa00000,0x00000000ffa00000,0x00000000ffd00000)
 ParOldGen       total 286720K, used 129107K [0x00000000e4000000, 0x00000000f5800000, 0x00000000f5800000)
  object space 286720K, 45% used [0x00000000e4000000,0x00000000ebe14fa8,0x00000000f5800000)
 Metaspace       used 71160K, capacity 75190K, committed 75392K, reserved 1114112K
  class space    used 9108K, capacity 9829K, committed 9856K, reserved 1048576K
2024-06-11T23:09:29.487+0800: 3188.576: [GC (Allocation Failure) [PSYoungGen: 167424K->992K(168960K)] 296531K->130803K(455680K), 0.0065121 secs] [Times: user=0.01 sys=0.00, real=0.01 secs] 
Heap after GC invocations=319 (full 0):
 PSYoungGen      total 168960K, used 992K [0x00000000f5800000, 0x0000000100000000, 0x0000000100000000)
  eden space 165888K, 0% used [0x00000000f5800000,0x00000000f5800000,0x00000000ffa00000)
  from space 3072K, 32% used [0x00000000ffa00000,0x00000000ffaf8000,0x00000000ffd00000)
  to   space 3072K, 0% used [0x00000000ffd00000,0x00000000ffd00000,0x0000000100000000)
 ParOldGen       total 286720K, used 129811K [0x00000000e4000000, 0x00000000f5800000, 0x00000000f5800000)
  object space 286720K, 45% used [0x00000000e4000000,0x00000000ebec4fa8,0x00000000f5800000)
 Metaspace       used 71160K, capacity 75190K, committed 75392K, reserved 1114112K
  class space    used 9108K, capacity 9829K, committed 9856K, reserved 1048576K
}
{Heap before GC invocations=320 (full 0):
 PSYoungGen      total 168960K, used 166880K [0x00000000f5800000, 0x0000000100000000, 0x0000000100000000)
  eden space 165888K, 100% used [0x00000000f5800000,0x00000000ffa00000,0x00000000ffa00000)
  from space 3072K, 32% used [0x00000000ffa00000,0x00000000ffaf8000,0x00000000ffd00000)
  to   space 3072K, 0% used [0x00000000ffd00000,0x00000000ffd00000,0x0000000100000000)
 ParOldGen       total 286720K, used 129811K [0x00000000e4000000, 0x00000000f5800000, 0x00000000f5800000)
  object space 286720K, 45% used [0x00000000e4000000,0x00000000ebec4fa8,0x00000000f5800000)
 Metaspace       used 71160K, capacity 75190K, committed 75392K, reserved 1114112K
  class space    used 9108K, capacity 9829K, committed 9856K, reserved 1048576K
2024-06-11T23:09:39.770+0800: 3198.859: [GC (Allocation Failure) [PSYoungGen: 166880K->992K(168960K)] 296691K->130987K(455680K), 0.0056235 secs] [Times: user=0.01 sys=0.00, real=0.01 secs] 
Heap after GC invocations=320 (full 0):
 PSYoungGen      total 168960K, used 992K [0x00000000f5800000, 0x0000000100000000, 0x0000000100000000)
  eden space 165888K, 0% used [0x00000000f5800000,0x00000000f5800000,0x00000000ffa00000)
  from space 3072K, 32% used [0x00000000ffd00000,0x00000000ffdf8000,0x0000000100000000)
  to   space 3072K, 0% used [0x00000000ffa00000,0x00000000ffa00000,0x00000000ffd00000)
 ParOldGen       total 286720K, used 129995K [0x00000000e4000000, 0x00000000f5800000, 0x00000000f5800000)
  object space 286720K, 45% used [0x00000000e4000000,0x00000000ebef2fa8,0x00000000f5800000)
 Metaspace       used 71160K, capacity 75190K, committed 75392K, reserved 1114112K
  class space    used 9108K, capacity 9829K, committed 9856K, reserved 1048576K
}
{Heap before GC invocations=321 (full 0):
 PSYoungGen      total 168960K, used 166880K [0x00000000f5800000, 0x0000000100000000, 0x0000000100000000)
  eden space 165888K, 100% used [0x00000000f5800000,0x00000000ffa00000,0x00000000ffa00000)
  from space 3072K, 32% used [0x00000000ffd00000,0x00000000ffdf8000,0x0000000100000000)
  to   space 3072K, 0% used [0x00000000ffa00000,0x00000000ffa00000,0x00000000ffd00000)
 ParOldGen       total 286720K, used 129995K [0x00000000e4000000, 0x00000000f5800000, 0x00000000f5800000)
  object space 286720K, 45% used [0x00000000e4000000,0x00000000ebef2fa8,0x00000000f5800000)
 Metaspace       used 71160K, capacity 75190K, committed 75392K, reserved 1114112K
  class space    used 9108K, capacity 9829K, committed 9856K, reserved 1048576K
2024-06-11T23:09:50.196+0800: 3209.285: [GC (Allocation Failure) [PSYoungGen: 166880K->992K(168960K)] 296875K->131171K(455680K), 0.0057384 secs] [Times: user=0.00 sys=0.00, real=0.01 secs] 
Heap after GC invocations=321 (full 0):
 PSYoungGen      total 168960K, used 992K [0x00000000f5800000, 0x0000000100000000, 0x0000000100000000)
  eden space 165888K, 0% used [0x00000000f5800000,0x00000000f5800000,0x00000000ffa00000)
  from space 3072K, 32% used [0x00000000ffa00000,0x00000000ffaf8000,0x00000000ffd00000)
  to   space 3072K, 0% used [0x00000000ffd00000,0x00000000ffd00000,0x0000000100000000)
 ParOldGen       total 286720K, used 130179K [0x00000000e4000000, 0x00000000f5800000, 0x00000000f5800000)
  object space 286720K, 45% used [0x00000000e4000000,0x00000000ebf20fa8,0x00000000f5800000)
 Metaspace       used 71160K, capacity 75190K, committed 75392K, reserved 1114112K
  class space    used 9108K, capacity 9829K, committed 9856K, reserved 1048576K
}
{Heap before GC invocations=322 (full 0):
 PSYoungGen      total 168960K, used 166880K [0x00000000f5800000, 0x0000000100000000, 0x0000000100000000)
  eden space 165888K, 100% used [0x00000000f5800000,0x00000000ffa00000,0x00000000ffa00000)
  from space 3072K, 32% used [0x00000000ffa00000,0x00000000ffaf8000,0x00000000ffd00000)
  to   space 3072K, 0% used [0x00000000ffd00000,0x00000000ffd00000,0x0000000100000000)
 ParOldGen       total 286720K, used 130179K [0x00000000e4000000, 0x00000000f5800000, 0x00000000f5800000)
  object space 286720K, 45% used [0x00000000e4000000,0x00000000ebf20fa8,0x00000000f5800000)
 Metaspace       used 71160K, capacity 75190K, committed 75392K, reserved 1114112K
  class space    used 9108K, capacity 9829K, committed 9856K, reserved 1048576K
2024-06-11T23:10:00.607+0800: 3219.696: [GC (Allocation Failure) [PSYoungGen: 166880K->992K(168960K)] 297059K->131347K(455680K), 0.0056705 secs] [Times: user=0.01 sys=0.00, real=0.01 secs] 
Heap after GC invocations=322 (full 0):
 PSYoungGen      total 168960K, used 992K [0x00000000f5800000, 0x0000000100000000, 0x0000000100000000)
  eden space 165888K, 0% used [0x00000000f5800000,0x00000000f5800000,0x00000000ffa00000)
  from space 3072K, 32% used [0x00000000ffd00000,0x00000000ffdf8000,0x0000000100000000)
  to   space 3072K, 0% used [0x00000000ffa00000,0x00000000ffa00000,0x00000000ffd00000)
 ParOldGen       total 286720K, used 130355K [0x00000000e4000000, 0x00000000f5800000, 0x00000000f5800000)
  object space 286720K, 45% used [0x00000000e4000000,0x00000000ebf4cfa8,0x00000000f5800000)
 Metaspace       used 71160K, capacity 75190K, committed 75392K, reserved 1114112K
  class space    used 9108K, capacity 9829K, committed 9856K, reserved 1048576K
}
{Heap before GC invocations=323 (full 0):
 PSYoungGen      total 168960K, used 166880K [0x00000000f5800000, 0x0000000100000000, 0x0000000100000000)
  eden space 165888K, 100% used [0x00000000f5800000,0x00000000ffa00000,0x00000000ffa00000)
  from space 3072K, 32% used [0x00000000ffd00000,0x00000000ffdf8000,0x0000000100000000)
  to   space 3072K, 0% used [0x00000000ffa00000,0x00000000ffa00000,0x00000000ffd00000)
 ParOldGen       total 286720K, used 130355K [0x00000000e4000000, 0x00000000f5800000, 0x00000000f5800000)
  object space 286720K, 45% used [0x00000000e4000000,0x00000000ebf4cfa8,0x00000000f5800000)
 Metaspace       used 71161K, capacity 75190K, committed 75392K, reserved 1114112K
  class space    used 9108K, capacity 9829K, committed 9856K, reserved 1048576K
2024-06-11T23:10:10.704+0800: 3229.793: [GC (Allocation Failure) [PSYoungGen: 166880K->2784K(168960K)] 297235K->133323K(455680K), 0.0088098 secs] [Times: user=0.01 sys=0.00, real=0.01 secs] 
Heap after GC invocations=323 (full 0):
 PSYoungGen      total 168960K, used 2784K [0x00000000f5800000, 0x0000000100000000, 0x0000000100000000)
  eden space 165888K, 0% used [0x00000000f5800000,0x00000000f5800000,0x00000000ffa00000)
  from space 3072K, 90% used [0x00000000ffa00000,0x00000000ffcb8000,0x00000000ffd00000)
  to   space 3072K, 0% used [0x00000000ffd00000,0x00000000ffd00000,0x0000000100000000)
 ParOldGen       total 286720K, used 130539K [0x00000000e4000000, 0x00000000f5800000, 0x00000000f5800000)
  object space 286720K, 45% used [0x00000000e4000000,0x00000000ebf7afa8,0x00000000f5800000)
 Metaspace       used 71161K, capacity 75190K, committed 75392K, reserved 1114112K
  class space    used 9108K, capacity 9829K, committed 9856K, reserved 1048576K
}
{Heap before GC invocations=324 (full 0):
 PSYoungGen      total 168960K, used 168672K [0x00000000f5800000, 0x0000000100000000, 0x0000000100000000)
  eden space 165888K, 100% used [0x00000000f5800000,0x00000000ffa00000,0x00000000ffa00000)
  from space 3072K, 90% used [0x00000000ffa00000,0x00000000ffcb8000,0x00000000ffd00000)
  to   space 3072K, 0% used [0x00000000ffd00000,0x00000000ffd00000,0x0000000100000000)
 ParOldGen       total 286720K, used 130539K [0x00000000e4000000, 0x00000000f5800000, 0x00000000f5800000)
  object space 286720K, 45% used [0x00000000e4000000,0x00000000ebf7afa8,0x00000000f5800000)
 Metaspace       used 71161K, capacity 75190K, committed 75392K, reserved 1114112K
  class space    used 9108K, capacity 9829K, committed 9856K, reserved 1048576K
2024-06-11T23:10:20.950+0800: 3240.039: [GC (Allocation Failure) [PSYoungGen: 168672K->1024K(168960K)] 299211K->133555K(455680K), 0.0084945 secs] [Times: user=0.01 sys=0.00, real=0.01 secs] 
Heap after GC invocations=324 (full 0):
 PSYoungGen      total 168960K, used 1024K [0x00000000f5800000, 0x0000000100000000, 0x0000000100000000)
  eden space 165888K, 0% used [0x00000000f5800000,0x00000000f5800000,0x00000000ffa00000)
  from space 3072K, 33% used [0x00000000ffd00000,0x00000000ffe00000,0x0000000100000000)
  to   space 3072K, 0% used [0x00000000ffa00000,0x00000000ffa00000,0x00000000ffd00000)
 ParOldGen       total 286720K, used 132531K [0x00000000e4000000, 0x00000000f5800000, 0x00000000f5800000)
  object space 286720K, 46% used [0x00000000e4000000,0x00000000ec16cfa8,0x00000000f5800000)
 Metaspace       used 71161K, capacity 75190K, committed 75392K, reserved 1114112K
  class space    used 9108K, capacity 9829K, committed 9856K, reserved 1048576K
}
{Heap before GC invocations=325 (full 0):
 PSYoungGen      total 168960K, used 166912K [0x00000000f5800000, 0x0000000100000000, 0x0000000100000000)
  eden space 165888K, 100% used [0x00000000f5800000,0x00000000ffa00000,0x00000000ffa00000)
  from space 3072K, 33% used [0x00000000ffd00000,0x00000000ffe00000,0x0000000100000000)
  to   space 3072K, 0% used [0x00000000ffa00000,0x00000000ffa00000,0x00000000ffd00000)
 ParOldGen       total 286720K, used 132531K [0x00000000e4000000, 0x00000000f5800000, 0x00000000f5800000)
  object space 286720K, 46% used [0x00000000e4000000,0x00000000ec16cfa8,0x00000000f5800000)
 Metaspace       used 71162K, capacity 75190K, committed 75392K, reserved 1114112K
  class space    used 9108K, capacity 9829K, committed 9856K, reserved 1048576K
2024-06-11T23:10:31.308+0800: 3250.397: [GC (Allocation Failure) [PSYoungGen: 166912K->992K(168960K)] 299443K->133699K(455680K), 0.0067490 secs] [Times: user=0.01 sys=0.00, real=0.01 secs] 
Heap after GC invocations=325 (full 0):
 PSYoungGen      total 168960K, used 992K [0x00000000f5800000, 0x0000000100000000, 0x0000000100000000)
  eden space 165888K, 0% used [0x00000000f5800000,0x00000000f5800000,0x00000000ffa00000)
  from space 3072K, 32% used [0x00000000ffa00000,0x00000000ffaf8000,0x00000000ffd00000)
  to   space 3072K, 0% used [0x00000000ffd00000,0x00000000ffd00000,0x0000000100000000)
 ParOldGen       total 286720K, used 132707K [0x00000000e4000000, 0x00000000f5800000, 0x00000000f5800000)
  object space 286720K, 46% used [0x00000000e4000000,0x00000000ec198fa8,0x00000000f5800000)
 Metaspace       used 71162K, capacity 75190K, committed 75392K, reserved 1114112K
  class space    used 9108K, capacity 9829K, committed 9856K, reserved 1048576K
}
{Heap before GC invocations=326 (full 0):
 PSYoungGen      total 168960K, used 166880K [0x00000000f5800000, 0x0000000100000000, 0x0000000100000000)
  eden space 165888K, 100% used [0x00000000f5800000,0x00000000ffa00000,0x00000000ffa00000)
  from space 3072K, 32% used [0x00000000ffa00000,0x00000000ffaf8000,0x00000000ffd00000)
  to   space 3072K, 0% used [0x00000000ffd00000,0x00000000ffd00000,0x0000000100000000)
 ParOldGen       total 286720K, used 132707K [0x00000000e4000000, 0x00000000f5800000, 0x00000000f5800000)
  object space 286720K, 46% used [0x00000000e4000000,0x00000000ec198fa8,0x00000000f5800000)
 Metaspace       used 71165K, capacity 75194K, committed 75392K, reserved 1114112K
  class space    used 9108K, capacity 9829K, committed 9856K, reserved 1048576K
2024-06-11T23:10:41.534+0800: 3260.623: [GC (Allocation Failure) [PSYoungGen: 166880K->1024K(168960K)] 299587K->133915K(455680K), 0.0058498 secs] [Times: user=0.01 sys=0.00, real=0.00 secs] 
Heap after GC invocations=326 (full 0):
 PSYoungGen      total 168960K, used 1024K [0x00000000f5800000, 0x0000000100000000, 0x0000000100000000)
  eden space 165888K, 0% used [0x00000000f5800000,0x00000000f5800000,0x00000000ffa00000)
  from space 3072K, 33% used [0x00000000ffd00000,0x00000000ffe00000,0x0000000100000000)
  to   space 3072K, 0% used [0x00000000ffa00000,0x00000000ffa00000,0x00000000ffd00000)
 ParOldGen       total 286720K, used 132891K [0x00000000e4000000, 0x00000000f5800000, 0x00000000f5800000)
  object space 286720K, 46% used [0x00000000e4000000,0x00000000ec1c6fa8,0x00000000f5800000)
 Metaspace       used 71165K, capacity 75194K, committed 75392K, reserved 1114112K
  class space    used 9108K, capacity 9829K, committed 9856K, reserved 1048576K
}
{Heap before GC invocations=327 (full 0):
 PSYoungGen      total 168960K, used 166912K [0x00000000f5800000, 0x0000000100000000, 0x0000000100000000)
  eden space 165888K, 100% used [0x00000000f5800000,0x00000000ffa00000,0x00000000ffa00000)
  from space 3072K, 33% used [0x00000000ffd00000,0x00000000ffe00000,0x0000000100000000)
  to   space 3072K, 0% used [0x00000000ffa00000,0x00000000ffa00000,0x00000000ffd00000)
 ParOldGen       total 286720K, used 132891K [0x00000000e4000000, 0x00000000f5800000, 0x00000000f5800000)
  object space 286720K, 46% used [0x00000000e4000000,0x00000000ec1c6fa8,0x00000000f5800000)
 Metaspace       used 71165K, capacity 75194K, committed 75392K, reserved 1114112K
  class space    used 9108K, capacity 9829K, committed 9856K, reserved 1048576K
2024-06-11T23:10:51.669+0800: 3270.758: [GC (Allocation Failure) [PSYoungGen: 166912K->992K(168960K)] 299803K->134067K(455680K), 0.0057263 secs] [Times: user=0.01 sys=0.00, real=0.01 secs] 
Heap after GC invocations=327 (full 0):
 PSYoungGen      total 168960K, used 992K [0x00000000f5800000, 0x0000000100000000, 0x0000000100000000)
  eden space 165888K, 0% used [0x00000000f5800000,0x00000000f5800000,0x00000000ffa00000)
  from space 3072K, 32% used [0x00000000ffa00000,0x00000000ffaf8000,0x00000000ffd00000)
  to   space 3072K, 0% used [0x00000000ffd00000,0x00000000ffd00000,0x0000000100000000)
 ParOldGen       total 286720K, used 133075K [0x00000000e4000000, 0x00000000f5800000, 0x00000000f5800000)
  object space 286720K, 46% used [0x00000000e4000000,0x00000000ec1f4fa8,0x00000000f5800000)
 Metaspace       used 71165K, capacity 75194K, committed 75392K, reserved 1114112K
  class space    used 9108K, capacity 9829K, committed 9856K, reserved 1048576K
}
{Heap before GC invocations=328 (full 0):
 PSYoungGen      total 168960K, used 166880K [0x00000000f5800000, 0x0000000100000000, 0x0000000100000000)
  eden space 165888K, 100% used [0x00000000f5800000,0x00000000ffa00000,0x00000000ffa00000)
  from space 3072K, 32% used [0x00000000ffa00000,0x00000000ffaf8000,0x00000000ffd00000)
  to   space 3072K, 0% used [0x00000000ffd00000,0x00000000ffd00000,0x0000000100000000)
 ParOldGen       total 286720K, used 133075K [0x00000000e4000000, 0x00000000f5800000, 0x00000000f5800000)
  object space 286720K, 46% used [0x00000000e4000000,0x00000000ec1f4fa8,0x00000000f5800000)
 Metaspace       used 71165K, capacity 75194K, committed 75392K, reserved 1114112K
  class space    used 9108K, capacity 9829K, committed 9856K, reserved 1048576K
2024-06-11T23:11:02.084+0800: 3281.173: [GC (Allocation Failure) [PSYoungGen: 166880K->1024K(168960K)] 299955K->134275K(455680K), 0.0058004 secs] [Times: user=0.01 sys=0.00, real=0.00 secs] 
Heap after GC invocations=328 (full 0):
 PSYoungGen      total 168960K, used 1024K [0x00000000f5800000, 0x0000000100000000, 0x0000000100000000)
  eden space 165888K, 0% used [0x00000000f5800000,0x00000000f5800000,0x00000000ffa00000)
  from space 3072K, 33% used [0x00000000ffd00000,0x00000000ffe00000,0x0000000100000000)
  to   space 3072K, 0% used [0x00000000ffa00000,0x00000000ffa00000,0x00000000ffd00000)
 ParOldGen       total 286720K, used 133251K [0x00000000e4000000, 0x00000000f5800000, 0x00000000f5800000)
  object space 286720K, 46% used [0x00000000e4000000,0x00000000ec220fa8,0x00000000f5800000)
 Metaspace       used 71165K, capacity 75194K, committed 75392K, reserved 1114112K
  class space    used 9108K, capacity 9829K, committed 9856K, reserved 1048576K
}
{Heap before GC invocations=329 (full 0):
 PSYoungGen      total 168960K, used 166912K [0x00000000f5800000, 0x0000000100000000, 0x0000000100000000)
  eden space 165888K, 100% used [0x00000000f5800000,0x00000000ffa00000,0x00000000ffa00000)
  from space 3072K, 33% used [0x00000000ffd00000,0x00000000ffe00000,0x0000000100000000)
  to   space 3072K, 0% used [0x00000000ffa00000,0x00000000ffa00000,0x00000000ffd00000)
 ParOldGen       total 286720K, used 133251K [0x00000000e4000000, 0x00000000f5800000, 0x00000000f5800000)
  object space 286720K, 46% used [0x00000000e4000000,0x00000000ec220fa8,0x00000000f5800000)
 Metaspace       used 71165K, capacity 75194K, committed 75392K, reserved 1114112K
  class space    used 9108K, capacity 9829K, committed 9856K, reserved 1048576K
2024-06-11T23:11:12.310+0800: 3291.398: [GC (Allocation Failure) [PSYoungGen: 166912K->2752K(168960K)] 300163K->136235K(455680K), 0.0081928 secs] [Times: user=0.01 sys=0.00, real=0.01 secs] 
Heap after GC invocations=329 (full 0):
 PSYoungGen      total 168960K, used 2752K [0x00000000f5800000, 0x0000000100000000, 0x0000000100000000)
  eden space 165888K, 0% used [0x00000000f5800000,0x00000000f5800000,0x00000000ffa00000)
  from space 3072K, 89% used [0x00000000ffa00000,0x00000000ffcb0000,0x00000000ffd00000)
  to   space 3072K, 0% used [0x00000000ffd00000,0x00000000ffd00000,0x0000000100000000)
 ParOldGen       total 286720K, used 133483K [0x00000000e4000000, 0x00000000f5800000, 0x00000000f5800000)
  object space 286720K, 46% used [0x00000000e4000000,0x00000000ec25afa8,0x00000000f5800000)
 Metaspace       used 71165K, capacity 75194K, committed 75392K, reserved 1114112K
  class space    used 9108K, capacity 9829K, committed 9856K, reserved 1048576K
}
{Heap before GC invocations=330 (full 0):
 PSYoungGen      total 168960K, used 168640K [0x00000000f5800000, 0x0000000100000000, 0x0000000100000000)
  eden space 165888K, 100% used [0x00000000f5800000,0x00000000ffa00000,0x00000000ffa00000)
  from space 3072K, 89% used [0x00000000ffa00000,0x00000000ffcb0000,0x00000000ffd00000)
  to   space 3072K, 0% used [0x00000000ffd00000,0x00000000ffd00000,0x0000000100000000)
 ParOldGen       total 286720K, used 133483K [0x00000000e4000000, 0x00000000f5800000, 0x00000000f5800000)
  object space 286720K, 46% used [0x00000000e4000000,0x00000000ec25afa8,0x00000000f5800000)
 Metaspace       used 71165K, capacity 75194K, committed 75392K, reserved 1114112K
  class space    used 9108K, capacity 9829K, committed 9856K, reserved 1048576K
2024-06-11T23:11:22.469+0800: 3301.558: [GC (Allocation Failure) [PSYoungGen: 168640K->992K(168960K)] 302123K->136419K(455680K), 0.0080336 secs] [Times: user=0.02 sys=0.00, real=0.01 secs] 
Heap after GC invocations=330 (full 0):
 PSYoungGen      total 168960K, used 992K [0x00000000f5800000, 0x0000000100000000, 0x0000000100000000)
  eden space 165888K, 0% used [0x00000000f5800000,0x00000000f5800000,0x00000000ffa00000)
  from space 3072K, 32% used [0x00000000ffd00000,0x00000000ffdf8000,0x0000000100000000)
  to   space 3072K, 0% used [0x00000000ffa00000,0x00000000ffa00000,0x00000000ffd00000)
 ParOldGen       total 286720K, used 135427K [0x00000000e4000000, 0x00000000f5800000, 0x00000000f5800000)
  object space 286720K, 47% used [0x00000000e4000000,0x00000000ec440fa8,0x00000000f5800000)
 Metaspace       used 71165K, capacity 75194K, committed 75392K, reserved 1114112K
  class space    used 9108K, capacity 9829K, committed 9856K, reserved 1048576K
}
{Heap before GC invocations=331 (full 0):
 PSYoungGen      total 168960K, used 166880K [0x00000000f5800000, 0x0000000100000000, 0x0000000100000000)
  eden space 165888K, 100% used [0x00000000f5800000,0x00000000ffa00000,0x00000000ffa00000)
  from space 3072K, 32% used [0x00000000ffd00000,0x00000000ffdf8000,0x0000000100000000)
  to   space 3072K, 0% used [0x00000000ffa00000,0x00000000ffa00000,0x00000000ffd00000)
 ParOldGen       total 286720K, used 135427K [0x00000000e4000000, 0x00000000f5800000, 0x00000000f5800000)
  object space 286720K, 47% used [0x00000000e4000000,0x00000000ec440fa8,0x00000000f5800000)
 Metaspace       used 71165K, capacity 75194K, committed 75392K, reserved 1114112K
  class space    used 9108K, capacity 9829K, committed 9856K, reserved 1048576K
2024-06-11T23:11:32.931+0800: 3312.020: [GC (Allocation Failure) [PSYoungGen: 166880K->992K(168960K)] 302307K->136611K(455680K), 0.0054801 secs] [Times: user=0.00 sys=0.00, real=0.00 secs] 
Heap after GC invocations=331 (full 0):
 PSYoungGen      total 168960K, used 992K [0x00000000f5800000, 0x0000000100000000, 0x0000000100000000)
  eden space 165888K, 0% used [0x00000000f5800000,0x00000000f5800000,0x00000000ffa00000)
  from space 3072K, 32% used [0x00000000ffa00000,0x00000000ffaf8000,0x00000000ffd00000)
  to   space 3072K, 0% used [0x00000000ffd00000,0x00000000ffd00000,0x0000000100000000)
 ParOldGen       total 286720K, used 135619K [0x00000000e4000000, 0x00000000f5800000, 0x00000000f5800000)
  object space 286720K, 47% used [0x00000000e4000000,0x00000000ec470fa8,0x00000000f5800000)
 Metaspace       used 71165K, capacity 75194K, committed 75392K, reserved 1114112K
  class space    used 9108K, capacity 9829K, committed 9856K, reserved 1048576K
}
{Heap before GC invocations=332 (full 0):
 PSYoungGen      total 168960K, used 166880K [0x00000000f5800000, 0x0000000100000000, 0x0000000100000000)
  eden space 165888K, 100% used [0x00000000f5800000,0x00000000ffa00000,0x00000000ffa00000)
  from space 3072K, 32% used [0x00000000ffa00000,0x00000000ffaf8000,0x00000000ffd00000)
  to   space 3072K, 0% used [0x00000000ffd00000,0x00000000ffd00000,0x0000000100000000)
 ParOldGen       total 286720K, used 135619K [0x00000000e4000000, 0x00000000f5800000, 0x00000000f5800000)
  object space 286720K, 47% used [0x00000000e4000000,0x00000000ec470fa8,0x00000000f5800000)
 Metaspace       used 71165K, capacity 75194K, committed 75392K, reserved 1114112K
  class space    used 9108K, capacity 9829K, committed 9856K, reserved 1048576K
2024-06-11T23:11:43.578+0800: 3322.667: [GC (Allocation Failure) [PSYoungGen: 166880K->992K(168960K)] 302499K->136795K(455680K), 0.0068565 secs] [Times: user=0.01 sys=0.00, real=0.01 secs] 
Heap after GC invocations=332 (full 0):
 PSYoungGen      total 168960K, used 992K [0x00000000f5800000, 0x0000000100000000, 0x0000000100000000)
  eden space 165888K, 0% used [0x00000000f5800000,0x00000000f5800000,0x00000000ffa00000)
  from space 3072K, 32% used [0x00000000ffd00000,0x00000000ffdf8000,0x0000000100000000)
  to   space 3072K, 0% used [0x00000000ffa00000,0x00000000ffa00000,0x00000000ffd00000)
 ParOldGen       total 286720K, used 135803K [0x00000000e4000000, 0x00000000f5800000, 0x00000000f5800000)
  object space 286720K, 47% used [0x00000000e4000000,0x00000000ec49efa8,0x00000000f5800000)
 Metaspace       used 71165K, capacity 75194K, committed 75392K, reserved 1114112K
  class space    used 9108K, capacity 9829K, committed 9856K, reserved 1048576K
}
{Heap before GC invocations=333 (full 0):
 PSYoungGen      total 168960K, used 166880K [0x00000000f5800000, 0x0000000100000000, 0x0000000100000000)
  eden space 165888K, 100% used [0x00000000f5800000,0x00000000ffa00000,0x00000000ffa00000)
  from space 3072K, 32% used [0x00000000ffd00000,0x00000000ffdf8000,0x0000000100000000)
  to   space 3072K, 0% used [0x00000000ffa00000,0x00000000ffa00000,0x00000000ffd00000)
 ParOldGen       total 286720K, used 135803K [0x00000000e4000000, 0x00000000f5800000, 0x00000000f5800000)
  object space 286720K, 47% used [0x00000000e4000000,0x00000000ec49efa8,0x00000000f5800000)
 Metaspace       used 71168K, capacity 75194K, committed 75392K, reserved 1114112K
  class space    used 9108K, capacity 9829K, committed 9856K, reserved 1048576K
2024-06-11T23:11:53.877+0800: 3332.966: [GC (Allocation Failure) [PSYoungGen: 166880K->992K(168960K)] 302683K->136979K(455680K), 0.0060731 secs] [Times: user=0.01 sys=0.00, real=0.01 secs] 
Heap after GC invocations=333 (full 0):
 PSYoungGen      total 168960K, used 992K [0x00000000f5800000, 0x0000000100000000, 0x0000000100000000)
  eden space 165888K, 0% used [0x00000000f5800000,0x00000000f5800000,0x00000000ffa00000)
  from space 3072K, 32% used [0x00000000ffa00000,0x00000000ffaf8000,0x00000000ffd00000)
  to   space 3072K, 0% used [0x00000000ffd00000,0x00000000ffd00000,0x0000000100000000)
 ParOldGen       total 286720K, used 135987K [0x00000000e4000000, 0x00000000f5800000, 0x00000000f5800000)
  object space 286720K, 47% used [0x00000000e4000000,0x00000000ec4ccfa8,0x00000000f5800000)
 Metaspace       used 71168K, capacity 75194K, committed 75392K, reserved 1114112K
  class space    used 9108K, capacity 9829K, committed 9856K, reserved 1048576K
}
{Heap before GC invocations=334 (full 0):
 PSYoungGen      total 168960K, used 166880K [0x00000000f5800000, 0x0000000100000000, 0x0000000100000000)
  eden space 165888K, 100% used [0x00000000f5800000,0x00000000ffa00000,0x00000000ffa00000)
  from space 3072K, 32% used [0x00000000ffa00000,0x00000000ffaf8000,0x00000000ffd00000)
  to   space 3072K, 0% used [0x00000000ffd00000,0x00000000ffd00000,0x0000000100000000)
 ParOldGen       total 286720K, used 135987K [0x00000000e4000000, 0x00000000f5800000, 0x00000000f5800000)
  object space 286720K, 47% used [0x00000000e4000000,0x00000000ec4ccfa8,0x00000000f5800000)
 Metaspace       used 71168K, capacity 75194K, committed 75392K, reserved 1114112K
  class space    used 9108K, capacity 9829K, committed 9856K, reserved 1048576K
2024-06-11T23:12:04.085+0800: 3343.174: [GC (Allocation Failure) [PSYoungGen: 166880K->1920K(168960K)] 302867K->138091K(455680K), 0.0069202 secs] [Times: user=0.01 sys=0.00, real=0.01 secs] 
Heap after GC invocations=334 (full 0):
 PSYoungGen      total 168960K, used 1920K [0x00000000f5800000, 0x0000000100000000, 0x0000000100000000)
  eden space 165888K, 0% used [0x00000000f5800000,0x00000000f5800000,0x00000000ffa00000)
  from space 3072K, 62% used [0x00000000ffd00000,0x00000000ffee0000,0x0000000100000000)
  to   space 3072K, 0% used [0x00000000ffa00000,0x00000000ffa00000,0x00000000ffd00000)
 ParOldGen       total 286720K, used 136171K [0x00000000e4000000, 0x00000000f5800000, 0x00000000f5800000)
  object space 286720K, 47% used [0x00000000e4000000,0x00000000ec4fafa8,0x00000000f5800000)
 Metaspace       used 71168K, capacity 75194K, committed 75392K, reserved 1114112K
  class space    used 9108K, capacity 9829K, committed 9856K, reserved 1048576K
}
{Heap before GC invocations=335 (full 0):
 PSYoungGen      total 168960K, used 167808K [0x00000000f5800000, 0x0000000100000000, 0x0000000100000000)
  eden space 165888K, 100% used [0x00000000f5800000,0x00000000ffa00000,0x00000000ffa00000)
  from space 3072K, 62% used [0x00000000ffd00000,0x00000000ffee0000,0x0000000100000000)
  to   space 3072K, 0% used [0x00000000ffa00000,0x00000000ffa00000,0x00000000ffd00000)
 ParOldGen       total 286720K, used 136171K [0x00000000e4000000, 0x00000000f5800000, 0x00000000f5800000)
  object space 286720K, 47% used [0x00000000e4000000,0x00000000ec4fafa8,0x00000000f5800000)
 Metaspace       used 71168K, capacity 75194K, committed 75392K, reserved 1114112K
  class space    used 9108K, capacity 9829K, committed 9856K, reserved 1048576K
2024-06-11T23:12:14.262+0800: 3353.351: [GC (Allocation Failure) [PSYoungGen: 167808K->1728K(168960K)] 303979K->139123K(455680K), 0.0080681 secs] [Times: user=0.01 sys=0.01, real=0.00 secs] 
Heap after GC invocations=335 (full 0):
 PSYoungGen      total 168960K, used 1728K [0x00000000f5800000, 0x0000000100000000, 0x0000000100000000)
  eden space 165888K, 0% used [0x00000000f5800000,0x00000000f5800000,0x00000000ffa00000)
  from space 3072K, 56% used [0x00000000ffa00000,0x00000000ffbb0000,0x00000000ffd00000)
  to   space 3072K, 0% used [0x00000000ffd00000,0x00000000ffd00000,0x0000000100000000)
 ParOldGen       total 286720K, used 137395K [0x00000000e4000000, 0x00000000f5800000, 0x00000000f5800000)
  object space 286720K, 47% used [0x00000000e4000000,0x00000000ec62cfa8,0x00000000f5800000)
 Metaspace       used 71168K, capacity 75194K, committed 75392K, reserved 1114112K
  class space    used 9108K, capacity 9829K, committed 9856K, reserved 1048576K
}
{Heap before GC invocations=336 (full 0):
 PSYoungGen      total 168960K, used 167616K [0x00000000f5800000, 0x0000000100000000, 0x0000000100000000)
  eden space 165888K, 100% used [0x00000000f5800000,0x00000000ffa00000,0x00000000ffa00000)
  from space 3072K, 56% used [0x00000000ffa00000,0x00000000ffbb0000,0x00000000ffd00000)
  to   space 3072K, 0% used [0x00000000ffd00000,0x00000000ffd00000,0x0000000100000000)
 ParOldGen       total 286720K, used 137395K [0x00000000e4000000, 0x00000000f5800000, 0x00000000f5800000)
  object space 286720K, 47% used [0x00000000e4000000,0x00000000ec62cfa8,0x00000000f5800000)
 Metaspace       used 71168K, capacity 75194K, committed 75392K, reserved 1114112K
  class space    used 9108K, capacity 9829K, committed 9856K, reserved 1048576K
2024-06-11T23:12:24.758+0800: 3363.846: [GC (Allocation Failure) [PSYoungGen: 167616K->1024K(168960K)] 305011K->139371K(455680K), 0.0068769 secs] [Times: user=0.01 sys=0.00, real=0.01 secs] 
Heap after GC invocations=336 (full 0):
 PSYoungGen      total 168960K, used 1024K [0x00000000f5800000, 0x0000000100000000, 0x0000000100000000)
  eden space 165888K, 0% used [0x00000000f5800000,0x00000000f5800000,0x00000000ffa00000)
  from space 3072K, 33% used [0x00000000ffd00000,0x00000000ffe00000,0x0000000100000000)
  to   space 3072K, 0% used [0x00000000ffa00000,0x00000000ffa00000,0x00000000ffd00000)
 ParOldGen       total 286720K, used 138347K [0x00000000e4000000, 0x00000000f5800000, 0x00000000f5800000)
  object space 286720K, 48% used [0x00000000e4000000,0x00000000ec71afa8,0x00000000f5800000)
 Metaspace       used 71168K, capacity 75194K, committed 75392K, reserved 1114112K
  class space    used 9108K, capacity 9829K, committed 9856K, reserved 1048576K
}
{Heap before GC invocations=337 (full 0):
 PSYoungGen      total 168960K, used 166912K [0x00000000f5800000, 0x0000000100000000, 0x0000000100000000)
  eden space 165888K, 100% used [0x00000000f5800000,0x00000000ffa00000,0x00000000ffa00000)
  from space 3072K, 33% used [0x00000000ffd00000,0x00000000ffe00000,0x0000000100000000)
  to   space 3072K, 0% used [0x00000000ffa00000,0x00000000ffa00000,0x00000000ffd00000)
 ParOldGen       total 286720K, used 138347K [0x00000000e4000000, 0x00000000f5800000, 0x00000000f5800000)
  object space 286720K, 48% used [0x00000000e4000000,0x00000000ec71afa8,0x00000000f5800000)
 Metaspace       used 71168K, capacity 75194K, committed 75392K, reserved 1114112K
  class space    used 9108K, capacity 9829K, committed 9856K, reserved 1048576K
2024-06-11T23:12:35.113+0800: 3374.202: [GC (Allocation Failure) [PSYoungGen: 166912K->992K(168960K)] 305259K->139523K(455680K), 0.0056444 secs] [Times: user=0.01 sys=0.00, real=0.00 secs] 
Heap after GC invocations=337 (full 0):
 PSYoungGen      total 168960K, used 992K [0x00000000f5800000, 0x0000000100000000, 0x0000000100000000)
  eden space 165888K, 0% used [0x00000000f5800000,0x00000000f5800000,0x00000000ffa00000)
  from space 3072K, 32% used [0x00000000ffa00000,0x00000000ffaf8000,0x00000000ffd00000)
  to   space 3072K, 0% used [0x00000000ffd00000,0x00000000ffd00000,0x0000000100000000)
 ParOldGen       total 286720K, used 138531K [0x00000000e4000000, 0x00000000f5800000, 0x00000000f5800000)
  object space 286720K, 48% used [0x00000000e4000000,0x00000000ec748fa8,0x00000000f5800000)
 Metaspace       used 71168K, capacity 75194K, committed 75392K, reserved 1114112K
  class space    used 9108K, capacity 9829K, committed 9856K, reserved 1048576K
}
{Heap before GC invocations=338 (full 0):
 PSYoungGen      total 168960K, used 166880K [0x00000000f5800000, 0x0000000100000000, 0x0000000100000000)
  eden space 165888K, 100% used [0x00000000f5800000,0x00000000ffa00000,0x00000000ffa00000)
  from space 3072K, 32% used [0x00000000ffa00000,0x00000000ffaf8000,0x00000000ffd00000)
  to   space 3072K, 0% used [0x00000000ffd00000,0x00000000ffd00000,0x0000000100000000)
 ParOldGen       total 286720K, used 138531K [0x00000000e4000000, 0x00000000f5800000, 0x00000000f5800000)
  object space 286720K, 48% used [0x00000000e4000000,0x00000000ec748fa8,0x00000000f5800000)
 Metaspace       used 71168K, capacity 75194K, committed 75392K, reserved 1114112K
  class space    used 9108K, capacity 9829K, committed 9856K, reserved 1048576K
2024-06-11T23:12:45.572+0800: 3384.661: [GC (Allocation Failure) [PSYoungGen: 166880K->992K(169472K)] 305411K->139699K(456192K), 0.0054397 secs] [Times: user=0.01 sys=0.00, real=0.00 secs] 
Heap after GC invocations=338 (full 0):
 PSYoungGen      total 169472K, used 992K [0x00000000f5800000, 0x0000000100000000, 0x0000000100000000)
  eden space 166400K, 0% used [0x00000000f5800000,0x00000000f5800000,0x00000000ffa80000)
  from space 3072K, 32% used [0x00000000ffd00000,0x00000000ffdf8000,0x0000000100000000)
  to   space 2560K, 0% used [0x00000000ffa80000,0x00000000ffa80000,0x00000000ffd00000)
 ParOldGen       total 286720K, used 138707K [0x00000000e4000000, 0x00000000f5800000, 0x00000000f5800000)
  object space 286720K, 48% used [0x00000000e4000000,0x00000000ec774fa8,0x00000000f5800000)
 Metaspace       used 71168K, capacity 75194K, committed 75392K, reserved 1114112K
  class space    used 9108K, capacity 9829K, committed 9856K, reserved 1048576K
}
{Heap before GC invocations=339 (full 0):
 PSYoungGen      total 169472K, used 167392K [0x00000000f5800000, 0x0000000100000000, 0x0000000100000000)
  eden space 166400K, 100% used [0x00000000f5800000,0x00000000ffa80000,0x00000000ffa80000)
  from space 3072K, 32% used [0x00000000ffd00000,0x00000000ffdf8000,0x0000000100000000)
  to   space 2560K, 0% used [0x00000000ffa80000,0x00000000ffa80000,0x00000000ffd00000)
 ParOldGen       total 286720K, used 138707K [0x00000000e4000000, 0x00000000f5800000, 0x00000000f5800000)
  object space 286720K, 48% used [0x00000000e4000000,0x00000000ec774fa8,0x00000000f5800000)
 Metaspace       used 71168K, capacity 75194K, committed 75392K, reserved 1114112K
  class space    used 9108K, capacity 9829K, committed 9856K, reserved 1048576K
2024-06-11T23:12:55.772+0800: 3394.861: [GC (Allocation Failure) [PSYoungGen: 167392K->1024K(168960K)] 306099K->139915K(455680K), 0.0060412 secs] [Times: user=0.01 sys=0.00, real=0.00 secs] 
Heap after GC invocations=339 (full 0):
 PSYoungGen      total 168960K, used 1024K [0x00000000f5800000, 0x0000000100000000, 0x0000000100000000)
  eden space 166400K, 0% used [0x00000000f5800000,0x00000000f5800000,0x00000000ffa80000)
  from space 2560K, 40% used [0x00000000ffa80000,0x00000000ffb80000,0x00000000ffd00000)
  to   space 2560K, 0% used [0x00000000ffd80000,0x00000000ffd80000,0x0000000100000000)
 ParOldGen       total 286720K, used 138891K [0x00000000e4000000, 0x00000000f5800000, 0x00000000f5800000)
  object space 286720K, 48% used [0x00000000e4000000,0x00000000ec7a2fa8,0x00000000f5800000)
 Metaspace       used 71168K, capacity 75194K, committed 75392K, reserved 1114112K
  class space    used 9108K, capacity 9829K, committed 9856K, reserved 1048576K
}
{Heap before GC invocations=340 (full 0):
 PSYoungGen      total 168960K, used 167424K [0x00000000f5800000, 0x0000000100000000, 0x0000000100000000)
  eden space 166400K, 100% used [0x00000000f5800000,0x00000000ffa80000,0x00000000ffa80000)
  from space 2560K, 40% used [0x00000000ffa80000,0x00000000ffb80000,0x00000000ffd00000)
  to   space 2560K, 0% used [0x00000000ffd80000,0x00000000ffd80000,0x0000000100000000)
 ParOldGen       total 286720K, used 138891K [0x00000000e4000000, 0x00000000f5800000, 0x00000000f5800000)
  object space 286720K, 48% used [0x00000000e4000000,0x00000000ec7a2fa8,0x00000000f5800000)
 Metaspace       used 71168K, capacity 75194K, committed 75392K, reserved 1114112K
  class space    used 9108K, capacity 9829K, committed 9856K, reserved 1048576K
2024-06-11T23:13:06.118+0800: 3405.207: [GC (Allocation Failure) [PSYoungGen: 167424K->2560K(168448K)] 306315K->141771K(455168K), 0.0078369 secs] [Times: user=0.02 sys=0.00, real=0.01 secs] 
Heap after GC invocations=340 (full 0):
 PSYoungGen      total 168448K, used 2560K [0x00000000f5800000, 0x0000000100000000, 0x0000000100000000)
  eden space 165888K, 0% used [0x00000000f5800000,0x00000000f5800000,0x00000000ffa00000)
  from space 2560K, 100% used [0x00000000ffd80000,0x0000000100000000,0x0000000100000000)
  to   space 3072K, 0% used [0x00000000ffa00000,0x00000000ffa00000,0x00000000ffd00000)
 ParOldGen       total 286720K, used 139211K [0x00000000e4000000, 0x00000000f5800000, 0x00000000f5800000)
  object space 286720K, 48% used [0x00000000e4000000,0x00000000ec7f2fa8,0x00000000f5800000)
 Metaspace       used 71168K, capacity 75194K, committed 75392K, reserved 1114112K
  class space    used 9108K, capacity 9829K, committed 9856K, reserved 1048576K
}
{Heap before GC invocations=341 (full 0):
 PSYoungGen      total 168448K, used 168448K [0x00000000f5800000, 0x0000000100000000, 0x0000000100000000)
  eden space 165888K, 100% used [0x00000000f5800000,0x00000000ffa00000,0x00000000ffa00000)
  from space 2560K, 100% used [0x00000000ffd80000,0x0000000100000000,0x0000000100000000)
  to   space 3072K, 0% used [0x00000000ffa00000,0x00000000ffa00000,0x00000000ffd00000)
 ParOldGen       total 286720K, used 139211K [0x00000000e4000000, 0x00000000f5800000, 0x00000000f5800000)
  object space 286720K, 48% used [0x00000000e4000000,0x00000000ec7f2fa8,0x00000000f5800000)
 Metaspace       used 71168K, capacity 75194K, committed 75392K, reserved 1114112K
  class space    used 9108K, capacity 9829K, committed 9856K, reserved 1048576K
2024-06-11T23:13:16.366+0800: 3415.455: [GC (Allocation Failure) [PSYoungGen: 168448K->1536K(168960K)] 307659K->143187K(455680K), 0.0104411 secs] [Times: user=0.02 sys=0.00, real=0.01 secs] 
Heap after GC invocations=341 (full 0):
 PSYoungGen      total 168960K, used 1536K [0x00000000f5800000, 0x0000000100000000, 0x0000000100000000)
  eden space 165888K, 0% used [0x00000000f5800000,0x00000000f5800000,0x00000000ffa00000)
  from space 3072K, 50% used [0x00000000ffa00000,0x00000000ffb80000,0x00000000ffd00000)
  to   space 3072K, 0% used [0x00000000ffd00000,0x00000000ffd00000,0x0000000100000000)
 ParOldGen       total 286720K, used 141651K [0x00000000e4000000, 0x00000000f5800000, 0x00000000f5800000)
  object space 286720K, 49% used [0x00000000e4000000,0x00000000eca54fa8,0x00000000f5800000)
 Metaspace       used 71168K, capacity 75194K, committed 75392K, reserved 1114112K
  class space    used 9108K, capacity 9829K, committed 9856K, reserved 1048576K
}
{Heap before GC invocations=342 (full 0):
 PSYoungGen      total 168960K, used 167424K [0x00000000f5800000, 0x0000000100000000, 0x0000000100000000)
  eden space 165888K, 100% used [0x00000000f5800000,0x00000000ffa00000,0x00000000ffa00000)
  from space 3072K, 50% used [0x00000000ffa00000,0x00000000ffb80000,0x00000000ffd00000)
  to   space 3072K, 0% used [0x00000000ffd00000,0x00000000ffd00000,0x0000000100000000)
 ParOldGen       total 286720K, used 141651K [0x00000000e4000000, 0x00000000f5800000, 0x00000000f5800000)
  object space 286720K, 49% used [0x00000000e4000000,0x00000000eca54fa8,0x00000000f5800000)
 Metaspace       used 71169K, capacity 75194K, committed 75392K, reserved 1114112K
  class space    used 9108K, capacity 9829K, committed 9856K, reserved 1048576K
2024-06-11T23:13:26.579+0800: 3425.667: [GC (Allocation Failure) [PSYoungGen: 167424K->992K(168960K)] 309075K->143371K(455680K), 0.0065945 secs] [Times: user=0.01 sys=0.00, real=0.01 secs] 
Heap after GC invocations=342 (full 0):
 PSYoungGen      total 168960K, used 992K [0x00000000f5800000, 0x0000000100000000, 0x0000000100000000)
  eden space 165888K, 0% used [0x00000000f5800000,0x00000000f5800000,0x00000000ffa00000)
  from space 3072K, 32% used [0x00000000ffd00000,0x00000000ffdf8000,0x0000000100000000)
  to   space 3072K, 0% used [0x00000000ffa00000,0x00000000ffa00000,0x00000000ffd00000)
 ParOldGen       total 286720K, used 142379K [0x00000000e4000000, 0x00000000f5800000, 0x00000000f5800000)
  object space 286720K, 49% used [0x00000000e4000000,0x00000000ecb0afa8,0x00000000f5800000)
 Metaspace       used 71169K, capacity 75194K, committed 75392K, reserved 1114112K
  class space    used 9108K, capacity 9829K, committed 9856K, reserved 1048576K
}
{Heap before GC invocations=343 (full 0):
 PSYoungGen      total 168960K, used 166880K [0x00000000f5800000, 0x0000000100000000, 0x0000000100000000)
  eden space 165888K, 100% used [0x00000000f5800000,0x00000000ffa00000,0x00000000ffa00000)
  from space 3072K, 32% used [0x00000000ffd00000,0x00000000ffdf8000,0x0000000100000000)
  to   space 3072K, 0% used [0x00000000ffa00000,0x00000000ffa00000,0x00000000ffd00000)
 ParOldGen       total 286720K, used 142379K [0x00000000e4000000, 0x00000000f5800000, 0x00000000f5800000)
  object space 286720K, 49% used [0x00000000e4000000,0x00000000ecb0afa8,0x00000000f5800000)
 Metaspace       used 71169K, capacity 75194K, committed 75392K, reserved 1114112K
  class space    used 9108K, capacity 9829K, committed 9856K, reserved 1048576K
2024-06-11T23:13:37.035+0800: 3436.124: [GC (Allocation Failure) [PSYoungGen: 166880K->992K(168960K)] 309259K->143555K(455680K), 0.0070236 secs] [Times: user=0.01 sys=0.00, real=0.01 secs] 
Heap after GC invocations=343 (full 0):
 PSYoungGen      total 168960K, used 992K [0x00000000f5800000, 0x0000000100000000, 0x0000000100000000)
  eden space 165888K, 0% used [0x00000000f5800000,0x00000000f5800000,0x00000000ffa00000)
  from space 3072K, 32% used [0x00000000ffa00000,0x00000000ffaf8000,0x00000000ffd00000)
  to   space 3072K, 0% used [0x00000000ffd00000,0x00000000ffd00000,0x0000000100000000)
 ParOldGen       total 286720K, used 142563K [0x00000000e4000000, 0x00000000f5800000, 0x00000000f5800000)
  object space 286720K, 49% used [0x00000000e4000000,0x00000000ecb38fa8,0x00000000f5800000)
 Metaspace       used 71169K, capacity 75194K, committed 75392K, reserved 1114112K
  class space    used 9108K, capacity 9829K, committed 9856K, reserved 1048576K
}
{Heap before GC invocations=344 (full 0):
 PSYoungGen      total 168960K, used 166880K [0x00000000f5800000, 0x0000000100000000, 0x0000000100000000)
  eden space 165888K, 100% used [0x00000000f5800000,0x00000000ffa00000,0x00000000ffa00000)
  from space 3072K, 32% used [0x00000000ffa00000,0x00000000ffaf8000,0x00000000ffd00000)
  to   space 3072K, 0% used [0x00000000ffd00000,0x00000000ffd00000,0x0000000100000000)
 ParOldGen       total 286720K, used 142563K [0x00000000e4000000, 0x00000000f5800000, 0x00000000f5800000)
  object space 286720K, 49% used [0x00000000e4000000,0x00000000ecb38fa8,0x00000000f5800000)
 Metaspace       used 71169K, capacity 75194K, committed 75392K, reserved 1114112K
  class space    used 9108K, capacity 9829K, committed 9856K, reserved 1048576K
2024-06-11T23:13:47.174+0800: 3446.262: [GC (Allocation Failure) [PSYoungGen: 166880K->992K(168960K)] 309443K->143731K(455680K), 0.0057375 secs] [Times: user=0.01 sys=0.00, real=0.00 secs] 
Heap after GC invocations=344 (full 0):
 PSYoungGen      total 168960K, used 992K [0x00000000f5800000, 0x0000000100000000, 0x0000000100000000)
  eden space 165888K, 0% used [0x00000000f5800000,0x00000000f5800000,0x00000000ffa00000)
  from space 3072K, 32% used [0x00000000ffd00000,0x00000000ffdf8000,0x0000000100000000)
  to   space 3072K, 0% used [0x00000000ffa00000,0x00000000ffa00000,0x00000000ffd00000)
 ParOldGen       total 286720K, used 142739K [0x00000000e4000000, 0x00000000f5800000, 0x00000000f5800000)
  object space 286720K, 49% used [0x00000000e4000000,0x00000000ecb64fa8,0x00000000f5800000)
 Metaspace       used 71169K, capacity 75194K, committed 75392K, reserved 1114112K
  class space    used 9108K, capacity 9829K, committed 9856K, reserved 1048576K
}
{Heap before GC invocations=345 (full 0):
 PSYoungGen      total 168960K, used 166880K [0x00000000f5800000, 0x0000000100000000, 0x0000000100000000)
  eden space 165888K, 100% used [0x00000000f5800000,0x00000000ffa00000,0x00000000ffa00000)
  from space 3072K, 32% used [0x00000000ffd00000,0x00000000ffdf8000,0x0000000100000000)
  to   space 3072K, 0% used [0x00000000ffa00000,0x00000000ffa00000,0x00000000ffd00000)
 ParOldGen       total 286720K, used 142739K [0x00000000e4000000, 0x00000000f5800000, 0x00000000f5800000)
  object space 286720K, 49% used [0x00000000e4000000,0x00000000ecb64fa8,0x00000000f5800000)
 Metaspace       used 71169K, capacity 75194K, committed 75392K, reserved 1114112K
  class space    used 9108K, capacity 9829K, committed 9856K, reserved 1048576K
2024-06-11T23:13:57.586+0800: 3456.674: [GC (Allocation Failure) [PSYoungGen: 166880K->992K(168960K)] 309619K->143915K(455680K), 0.0066169 secs] [Times: user=0.01 sys=0.00, real=0.01 secs] 
Heap after GC invocations=345 (full 0):
 PSYoungGen      total 168960K, used 992K [0x00000000f5800000, 0x0000000100000000, 0x0000000100000000)
  eden space 165888K, 0% used [0x00000000f5800000,0x00000000f5800000,0x00000000ffa00000)
  from space 3072K, 32% used [0x00000000ffa00000,0x00000000ffaf8000,0x00000000ffd00000)
  to   space 2560K, 0% used [0x00000000ffd80000,0x00000000ffd80000,0x0000000100000000)
 ParOldGen       total 286720K, used 142923K [0x00000000e4000000, 0x00000000f5800000, 0x00000000f5800000)
  object space 286720K, 49% used [0x00000000e4000000,0x00000000ecb92fa8,0x00000000f5800000)
 Metaspace       used 71169K, capacity 75194K, committed 75392K, reserved 1114112K
  class space    used 9108K, capacity 9829K, committed 9856K, reserved 1048576K
}
{Heap before GC invocations=346 (full 0):
 PSYoungGen      total 168960K, used 166748K [0x00000000f5800000, 0x0000000100000000, 0x0000000100000000)
  eden space 165888K, 99% used [0x00000000f5800000,0x00000000ff9df0b8,0x00000000ffa00000)
  from space 3072K, 32% used [0x00000000ffa00000,0x00000000ffaf8000,0x00000000ffd00000)
  to   space 2560K, 0% used [0x00000000ffd80000,0x00000000ffd80000,0x0000000100000000)
 ParOldGen       total 286720K, used 142923K [0x00000000e4000000, 0x00000000f5800000, 0x00000000f5800000)
  object space 286720K, 49% used [0x00000000e4000000,0x00000000ecb92fa8,0x00000000f5800000)
 Metaspace       used 71169K, capacity 75194K, committed 75392K, reserved 1114112K
  class space    used 9108K, capacity 9829K, committed 9856K, reserved 1048576K
2024-06-11T23:14:07.741+0800: 3466.829: [GC (Allocation Failure) [PSYoungGen: 166748K->2560K(167424K)] 309672K->146089K(454144K), 0.0081900 secs] [Times: user=0.02 sys=0.00, real=0.00 secs] 
Heap after GC invocations=346 (full 0):
 PSYoungGen      total 167424K, used 2560K [0x00000000f5800000, 0x0000000100000000, 0x0000000100000000)
  eden space 164864K, 0% used [0x00000000f5800000,0x00000000f5800000,0x00000000ff900000)
  from space 2560K, 100% used [0x00000000ffd80000,0x0000000100000000,0x0000000100000000)
  to   space 3584K, 0% used [0x00000000ff900000,0x00000000ff900000,0x00000000ffc80000)
 ParOldGen       total 286720K, used 143529K [0x00000000e4000000, 0x00000000f5800000, 0x00000000f5800000)
  object space 286720K, 50% used [0x00000000e4000000,0x00000000ecc2a668,0x00000000f5800000)
 Metaspace       used 71169K, capacity 75194K, committed 75392K, reserved 1114112K
  class space    used 9108K, capacity 9829K, committed 9856K, reserved 1048576K
}
{Heap before GC invocations=347 (full 0):
 PSYoungGen      total 167424K, used 167424K [0x00000000f5800000, 0x0000000100000000, 0x0000000100000000)
  eden space 164864K, 100% used [0x00000000f5800000,0x00000000ff900000,0x00000000ff900000)
  from space 2560K, 100% used [0x00000000ffd80000,0x0000000100000000,0x0000000100000000)
  to   space 3584K, 0% used [0x00000000ff900000,0x00000000ff900000,0x00000000ffc80000)
 ParOldGen       total 286720K, used 143529K [0x00000000e4000000, 0x00000000f5800000, 0x00000000f5800000)
  object space 286720K, 50% used [0x00000000e4000000,0x00000000ecc2a668,0x00000000f5800000)
 Metaspace       used 71169K, capacity 75194K, committed 75392K, reserved 1114112K
  class space    used 9108K, capacity 9829K, committed 9856K, reserved 1048576K
2024-06-11T23:14:17.935+0800: 3477.023: [GC (Allocation Failure) [PSYoungGen: 167424K->1504K(168448K)] 310953K->147457K(455168K), 0.0102635 secs] [Times: user=0.02 sys=0.01, real=0.01 secs] 
Heap after GC invocations=347 (full 0):
 PSYoungGen      total 168448K, used 1504K [0x00000000f5800000, 0x0000000100000000, 0x0000000100000000)
  eden space 164864K, 0% used [0x00000000f5800000,0x00000000f5800000,0x00000000ff900000)
  from space 3584K, 41% used [0x00000000ff900000,0x00000000ffa78000,0x00000000ffc80000)
  to   space 3072K, 0% used [0x00000000ffd00000,0x00000000ffd00000,0x0000000100000000)
 ParOldGen       total 286720K, used 145953K [0x00000000e4000000, 0x00000000f5800000, 0x00000000f5800000)
  object space 286720K, 50% used [0x00000000e4000000,0x00000000ece88668,0x00000000f5800000)
 Metaspace       used 71169K, capacity 75194K, committed 75392K, reserved 1114112K
  class space    used 9108K, capacity 9829K, committed 9856K, reserved 1048576K
}
{Heap before GC invocations=348 (full 0):
 PSYoungGen      total 168448K, used 166368K [0x00000000f5800000, 0x0000000100000000, 0x0000000100000000)
  eden space 164864K, 100% used [0x00000000f5800000,0x00000000ff900000,0x00000000ff900000)
  from space 3584K, 41% used [0x00000000ff900000,0x00000000ffa78000,0x00000000ffc80000)
  to   space 3072K, 0% used [0x00000000ffd00000,0x00000000ffd00000,0x0000000100000000)
 ParOldGen       total 286720K, used 145953K [0x00000000e4000000, 0x00000000f5800000, 0x00000000f5800000)
  object space 286720K, 50% used [0x00000000e4000000,0x00000000ece88668,0x00000000f5800000)
 Metaspace       used 71169K, capacity 75194K, committed 75392K, reserved 1114112K
  class space    used 9108K, capacity 9829K, committed 9856K, reserved 1048576K
2024-06-11T23:14:28.381+0800: 3487.470: [GC (Allocation Failure) [PSYoungGen: 166368K->1024K(168960K)] 312321K->147689K(455680K), 0.0064998 secs] [Times: user=0.01 sys=0.00, real=0.00 secs] 
Heap after GC invocations=348 (full 0):
 PSYoungGen      total 168960K, used 1024K [0x00000000f5800000, 0x0000000100000000, 0x0000000100000000)
  eden space 165888K, 0% used [0x00000000f5800000,0x00000000f5800000,0x00000000ffa00000)
  from space 3072K, 33% used [0x00000000ffd00000,0x00000000ffe00000,0x0000000100000000)
  to   space 3072K, 0% used [0x00000000ffa00000,0x00000000ffa00000,0x00000000ffd00000)
 ParOldGen       total 286720K, used 146665K [0x00000000e4000000, 0x00000000f5800000, 0x00000000f5800000)
  object space 286720K, 51% used [0x00000000e4000000,0x00000000ecf3a668,0x00000000f5800000)
 Metaspace       used 71169K, capacity 75194K, committed 75392K, reserved 1114112K
  class space    used 9108K, capacity 9829K, committed 9856K, reserved 1048576K
}
{Heap before GC invocations=349 (full 0):
 PSYoungGen      total 168960K, used 166912K [0x00000000f5800000, 0x0000000100000000, 0x0000000100000000)
  eden space 165888K, 100% used [0x00000000f5800000,0x00000000ffa00000,0x00000000ffa00000)
  from space 3072K, 33% used [0x00000000ffd00000,0x00000000ffe00000,0x0000000100000000)
  to   space 3072K, 0% used [0x00000000ffa00000,0x00000000ffa00000,0x00000000ffd00000)
 ParOldGen       total 286720K, used 146665K [0x00000000e4000000, 0x00000000f5800000, 0x00000000f5800000)
  object space 286720K, 51% used [0x00000000e4000000,0x00000000ecf3a668,0x00000000f5800000)
 Metaspace       used 71169K, capacity 75194K, committed 75392K, reserved 1114112K
  class space    used 9108K, capacity 9829K, committed 9856K, reserved 1048576K
2024-06-11T23:14:38.422+0800: 3497.511: [GC (Allocation Failure) [PSYoungGen: 166912K->1367K(168960K)] 313577K->148216K(455680K), 0.0059998 secs] [Times: user=0.02 sys=0.00, real=0.00 secs] 
Heap after GC invocations=349 (full 0):
 PSYoungGen      total 168960K, used 1367K [0x00000000f5800000, 0x0000000100000000, 0x0000000100000000)
  eden space 165888K, 0% used [0x00000000f5800000,0x00000000f5800000,0x00000000ffa00000)
  from space 3072K, 44% used [0x00000000ffa00000,0x00000000ffb55d80,0x00000000ffd00000)
  to   space 3072K, 0% used [0x00000000ffd00000,0x00000000ffd00000,0x0000000100000000)
 ParOldGen       total 286720K, used 146849K [0x00000000e4000000, 0x00000000f5800000, 0x00000000f5800000)
  object space 286720K, 51% used [0x00000000e4000000,0x00000000ecf68668,0x00000000f5800000)
 Metaspace       used 71169K, capacity 75194K, committed 75392K, reserved 1114112K
  class space    used 9108K, capacity 9829K, committed 9856K, reserved 1048576K
}
{Heap before GC invocations=350 (full 0):
 PSYoungGen      total 168960K, used 167255K [0x00000000f5800000, 0x0000000100000000, 0x0000000100000000)
  eden space 165888K, 100% used [0x00000000f5800000,0x00000000ffa00000,0x00000000ffa00000)
  from space 3072K, 44% used [0x00000000ffa00000,0x00000000ffb55d80,0x00000000ffd00000)
  to   space 3072K, 0% used [0x00000000ffd00000,0x00000000ffd00000,0x0000000100000000)
 ParOldGen       total 286720K, used 146849K [0x00000000e4000000, 0x00000000f5800000, 0x00000000f5800000)
  object space 286720K, 51% used [0x00000000e4000000,0x00000000ecf68668,0x00000000f5800000)
 Metaspace       used 71169K, capacity 75194K, committed 75392K, reserved 1114112K
  class space    used 9108K, capacity 9829K, committed 9856K, reserved 1048576K
2024-06-11T23:14:48.816+0800: 3507.905: [GC (Allocation Failure) [PSYoungGen: 167255K->992K(168960K)] 314104K->148025K(455680K), 0.0076048 secs] [Times: user=0.01 sys=0.00, real=0.01 secs] 
Heap after GC invocations=350 (full 0):
 PSYoungGen      total 168960K, used 992K [0x00000000f5800000, 0x0000000100000000, 0x0000000100000000)
  eden space 165888K, 0% used [0x00000000f5800000,0x00000000f5800000,0x00000000ffa00000)
  from space 3072K, 32% used [0x00000000ffd00000,0x00000000ffdf8000,0x0000000100000000)
  to   space 3072K, 0% used [0x00000000ffa00000,0x00000000ffa00000,0x00000000ffd00000)
 ParOldGen       total 286720K, used 147033K [0x00000000e4000000, 0x00000000f5800000, 0x00000000f5800000)
  object space 286720K, 51% used [0x00000000e4000000,0x00000000ecf96668,0x00000000f5800000)
 Metaspace       used 71169K, capacity 75194K, committed 75392K, reserved 1114112K
  class space    used 9108K, capacity 9829K, committed 9856K, reserved 1048576K
}
{Heap before GC invocations=351 (full 0):
 PSYoungGen      total 168960K, used 166880K [0x00000000f5800000, 0x0000000100000000, 0x0000000100000000)
  eden space 165888K, 100% used [0x00000000f5800000,0x00000000ffa00000,0x00000000ffa00000)
  from space 3072K, 32% used [0x00000000ffd00000,0x00000000ffdf8000,0x0000000100000000)
  to   space 3072K, 0% used [0x00000000ffa00000,0x00000000ffa00000,0x00000000ffd00000)
 ParOldGen       total 286720K, used 147033K [0x00000000e4000000, 0x00000000f5800000, 0x00000000f5800000)
  object space 286720K, 51% used [0x00000000e4000000,0x00000000ecf96668,0x00000000f5800000)
 Metaspace       used 71169K, capacity 75194K, committed 75392K, reserved 1114112K
  class space    used 9108K, capacity 9829K, committed 9856K, reserved 1048576K
2024-06-11T23:14:59.100+0800: 3518.189: [GC (Allocation Failure) [PSYoungGen: 166880K->1024K(168960K)] 313913K->148241K(455680K), 0.0057900 secs] [Times: user=0.01 sys=0.00, real=0.01 secs] 
Heap after GC invocations=351 (full 0):
 PSYoungGen      total 168960K, used 1024K [0x00000000f5800000, 0x0000000100000000, 0x0000000100000000)
  eden space 165888K, 0% used [0x00000000f5800000,0x00000000f5800000,0x00000000ffa00000)
  from space 3072K, 33% used [0x00000000ffa00000,0x00000000ffb00000,0x00000000ffd00000)
  to   space 3072K, 0% used [0x00000000ffd00000,0x00000000ffd00000,0x0000000100000000)
 ParOldGen       total 286720K, used 147217K [0x00000000e4000000, 0x00000000f5800000, 0x00000000f5800000)
  object space 286720K, 51% used [0x00000000e4000000,0x00000000ecfc4668,0x00000000f5800000)
 Metaspace       used 71169K, capacity 75194K, committed 75392K, reserved 1114112K
  class space    used 9108K, capacity 9829K, committed 9856K, reserved 1048576K
}
{Heap before GC invocations=352 (full 0):
 PSYoungGen      total 168960K, used 166912K [0x00000000f5800000, 0x0000000100000000, 0x0000000100000000)
  eden space 165888K, 100% used [0x00000000f5800000,0x00000000ffa00000,0x00000000ffa00000)
  from space 3072K, 33% used [0x00000000ffa00000,0x00000000ffb00000,0x00000000ffd00000)
  to   space 3072K, 0% used [0x00000000ffd00000,0x00000000ffd00000,0x0000000100000000)
 ParOldGen       total 286720K, used 147217K [0x00000000e4000000, 0x00000000f5800000, 0x00000000f5800000)
  object space 286720K, 51% used [0x00000000e4000000,0x00000000ecfc4668,0x00000000f5800000)
 Metaspace       used 71169K, capacity 75194K, committed 75392K, reserved 1114112K
  class space    used 9108K, capacity 9829K, committed 9856K, reserved 1048576K
2024-06-11T23:15:09.448+0800: 3528.537: [GC (Allocation Failure) [PSYoungGen: 166912K->2784K(168960K)] 314129K->150185K(455680K), 0.0086411 secs] [Times: user=0.02 sys=0.00, real=0.01 secs] 
Heap after GC invocations=352 (full 0):
 PSYoungGen      total 168960K, used 2784K [0x00000000f5800000, 0x0000000100000000, 0x0000000100000000)
  eden space 165888K, 0% used [0x00000000f5800000,0x00000000f5800000,0x00000000ffa00000)
  from space 3072K, 90% used [0x00000000ffd00000,0x00000000fffb8000,0x0000000100000000)
  to   space 3072K, 0% used [0x00000000ffa00000,0x00000000ffa00000,0x00000000ffd00000)
 ParOldGen       total 286720K, used 147401K [0x00000000e4000000, 0x00000000f5800000, 0x00000000f5800000)
  object space 286720K, 51% used [0x00000000e4000000,0x00000000ecff2668,0x00000000f5800000)
 Metaspace       used 71169K, capacity 75194K, committed 75392K, reserved 1114112K
  class space    used 9108K, capacity 9829K, committed 9856K, reserved 1048576K
}
{Heap before GC invocations=353 (full 0):
 PSYoungGen      total 168960K, used 168672K [0x00000000f5800000, 0x0000000100000000, 0x0000000100000000)
  eden space 165888K, 100% used [0x00000000f5800000,0x00000000ffa00000,0x00000000ffa00000)
  from space 3072K, 90% used [0x00000000ffd00000,0x00000000fffb8000,0x0000000100000000)
  to   space 3072K, 0% used [0x00000000ffa00000,0x00000000ffa00000,0x00000000ffd00000)
 ParOldGen       total 286720K, used 147401K [0x00000000e4000000, 0x00000000f5800000, 0x00000000f5800000)
  object space 286720K, 51% used [0x00000000e4000000,0x00000000ecff2668,0x00000000f5800000)
 Metaspace       used 71169K, capacity 75194K, committed 75392K, reserved 1114112K
  class space    used 9108K, capacity 9829K, committed 9856K, reserved 1048576K
2024-06-11T23:15:19.729+0800: 3538.818: [GC (Allocation Failure) [PSYoungGen: 168672K->960K(168960K)] 316073K->150353K(455680K), 0.0086166 secs] [Times: user=0.01 sys=0.00, real=0.01 secs] 
Heap after GC invocations=353 (full 0):
 PSYoungGen      total 168960K, used 960K [0x00000000f5800000, 0x0000000100000000, 0x0000000100000000)
  eden space 165888K, 0% used [0x00000000f5800000,0x00000000f5800000,0x00000000ffa00000)
  from space 3072K, 31% used [0x00000000ffa00000,0x00000000ffaf0000,0x00000000ffd00000)
  to   space 3072K, 0% used [0x00000000ffd00000,0x00000000ffd00000,0x0000000100000000)
 ParOldGen       total 286720K, used 149393K [0x00000000e4000000, 0x00000000f5800000, 0x00000000f5800000)
  object space 286720K, 52% used [0x00000000e4000000,0x00000000ed1e4668,0x00000000f5800000)
 Metaspace       used 71169K, capacity 75194K, committed 75392K, reserved 1114112K
  class space    used 9108K, capacity 9829K, committed 9856K, reserved 1048576K
}
{Heap before GC invocations=354 (full 0):
 PSYoungGen      total 168960K, used 166848K [0x00000000f5800000, 0x0000000100000000, 0x0000000100000000)
  eden space 165888K, 100% used [0x00000000f5800000,0x00000000ffa00000,0x00000000ffa00000)
  from space 3072K, 31% used [0x00000000ffa00000,0x00000000ffaf0000,0x00000000ffd00000)
  to   space 3072K, 0% used [0x00000000ffd00000,0x00000000ffd00000,0x0000000100000000)
 ParOldGen       total 286720K, used 149393K [0x00000000e4000000, 0x00000000f5800000, 0x00000000f5800000)
  object space 286720K, 52% used [0x00000000e4000000,0x00000000ed1e4668,0x00000000f5800000)
 Metaspace       used 71169K, capacity 75194K, committed 75392K, reserved 1114112K
  class space    used 9108K, capacity 9829K, committed 9856K, reserved 1048576K
2024-06-11T23:15:29.971+0800: 3549.060: [GC (Allocation Failure) [PSYoungGen: 166848K->1024K(168960K)] 316241K->150593K(455680K), 0.0055847 secs] [Times: user=0.01 sys=0.00, real=0.00 secs] 
Heap after GC invocations=354 (full 0):
 PSYoungGen      total 168960K, used 1024K [0x00000000f5800000, 0x0000000100000000, 0x0000000100000000)
  eden space 165888K, 0% used [0x00000000f5800000,0x00000000f5800000,0x00000000ffa00000)
  from space 3072K, 33% used [0x00000000ffd00000,0x00000000ffe00000,0x0000000100000000)
  to   space 3072K, 0% used [0x00000000ffa00000,0x00000000ffa00000,0x00000000ffd00000)
 ParOldGen       total 286720K, used 149569K [0x00000000e4000000, 0x00000000f5800000, 0x00000000f5800000)
  object space 286720K, 52% used [0x00000000e4000000,0x00000000ed210668,0x00000000f5800000)
 Metaspace       used 71169K, capacity 75194K, committed 75392K, reserved 1114112K
  class space    used 9108K, capacity 9829K, committed 9856K, reserved 1048576K
}
{Heap before GC invocations=355 (full 0):
 PSYoungGen      total 168960K, used 166912K [0x00000000f5800000, 0x0000000100000000, 0x0000000100000000)
  eden space 165888K, 100% used [0x00000000f5800000,0x00000000ffa00000,0x00000000ffa00000)
  from space 3072K, 33% used [0x00000000ffd00000,0x00000000ffe00000,0x0000000100000000)
  to   space 3072K, 0% used [0x00000000ffa00000,0x00000000ffa00000,0x00000000ffd00000)
 ParOldGen       total 286720K, used 149569K [0x00000000e4000000, 0x00000000f5800000, 0x00000000f5800000)
  object space 286720K, 52% used [0x00000000e4000000,0x00000000ed210668,0x00000000f5800000)
 Metaspace       used 71169K, capacity 75194K, committed 75392K, reserved 1114112K
  class space    used 9108K, capacity 9829K, committed 9856K, reserved 1048576K
2024-06-11T23:15:40.134+0800: 3559.223: [GC (Allocation Failure) [PSYoungGen: 166912K->992K(168960K)] 316481K->150745K(455680K), 0.0065476 secs] [Times: user=0.01 sys=0.00, real=0.01 secs] 
Heap after GC invocations=355 (full 0):
 PSYoungGen      total 168960K, used 992K [0x00000000f5800000, 0x0000000100000000, 0x0000000100000000)
  eden space 165888K, 0% used [0x00000000f5800000,0x00000000f5800000,0x00000000ffa00000)
  from space 3072K, 32% used [0x00000000ffa00000,0x00000000ffaf8000,0x00000000ffd00000)
  to   space 3072K, 0% used [0x00000000ffd00000,0x00000000ffd00000,0x0000000100000000)
 ParOldGen       total 286720K, used 149753K [0x00000000e4000000, 0x00000000f5800000, 0x00000000f5800000)
  object space 286720K, 52% used [0x00000000e4000000,0x00000000ed23e668,0x00000000f5800000)
 Metaspace       used 71169K, capacity 75194K, committed 75392K, reserved 1114112K
  class space    used 9108K, capacity 9829K, committed 9856K, reserved 1048576K
}
{Heap before GC invocations=356 (full 0):
 PSYoungGen      total 168960K, used 166880K [0x00000000f5800000, 0x0000000100000000, 0x0000000100000000)
  eden space 165888K, 100% used [0x00000000f5800000,0x00000000ffa00000,0x00000000ffa00000)
  from space 3072K, 32% used [0x00000000ffa00000,0x00000000ffaf8000,0x00000000ffd00000)
  to   space 3072K, 0% used [0x00000000ffd00000,0x00000000ffd00000,0x0000000100000000)
 ParOldGen       total 286720K, used 149753K [0x00000000e4000000, 0x00000000f5800000, 0x00000000f5800000)
  object space 286720K, 52% used [0x00000000e4000000,0x00000000ed23e668,0x00000000f5800000)
 Metaspace       used 71169K, capacity 75194K, committed 75392K, reserved 1114112K
  class space    used 9108K, capacity 9829K, committed 9856K, reserved 1048576K
2024-06-11T23:15:50.500+0800: 3569.589: [GC (Allocation Failure) [PSYoungGen: 166880K->992K(168960K)] 316633K->150929K(455680K), 0.0056821 secs] [Times: user=0.01 sys=0.00, real=0.01 secs] 
Heap after GC invocations=356 (full 0):
 PSYoungGen      total 168960K, used 992K [0x00000000f5800000, 0x0000000100000000, 0x0000000100000000)
  eden space 165888K, 0% used [0x00000000f5800000,0x00000000f5800000,0x00000000ffa00000)
  from space 3072K, 32% used [0x00000000ffd00000,0x00000000ffdf8000,0x0000000100000000)
  to   space 3072K, 0% used [0x00000000ffa00000,0x00000000ffa00000,0x00000000ffd00000)
 ParOldGen       total 286720K, used 149937K [0x00000000e4000000, 0x00000000f5800000, 0x00000000f5800000)
  object space 286720K, 52% used [0x00000000e4000000,0x00000000ed26c668,0x00000000f5800000)
 Metaspace       used 71169K, capacity 75194K, committed 75392K, reserved 1114112K
  class space    used 9108K, capacity 9829K, committed 9856K, reserved 1048576K
}
{Heap before GC invocations=357 (full 0):
 PSYoungGen      total 168960K, used 166880K [0x00000000f5800000, 0x0000000100000000, 0x0000000100000000)
  eden space 165888K, 100% used [0x00000000f5800000,0x00000000ffa00000,0x00000000ffa00000)
  from space 3072K, 32% used [0x00000000ffd00000,0x00000000ffdf8000,0x0000000100000000)
  to   space 3072K, 0% used [0x00000000ffa00000,0x00000000ffa00000,0x00000000ffd00000)
 ParOldGen       total 286720K, used 149937K [0x00000000e4000000, 0x00000000f5800000, 0x00000000f5800000)
  object space 286720K, 52% used [0x00000000e4000000,0x00000000ed26c668,0x00000000f5800000)
 Metaspace       used 71169K, capacity 75194K, committed 75392K, reserved 1114112K
  class space    used 9108K, capacity 9829K, committed 9856K, reserved 1048576K
2024-06-11T23:16:00.785+0800: 3579.874: [GC (Allocation Failure) [PSYoungGen: 166880K->992K(168960K)] 316817K->151105K(455680K), 0.0056184 secs] [Times: user=0.01 sys=0.00, real=0.01 secs] 
Heap after GC invocations=357 (full 0):
 PSYoungGen      total 168960K, used 992K [0x00000000f5800000, 0x0000000100000000, 0x0000000100000000)
  eden space 165888K, 0% used [0x00000000f5800000,0x00000000f5800000,0x00000000ffa00000)
  from space 3072K, 32% used [0x00000000ffa00000,0x00000000ffaf8000,0x00000000ffd00000)
  to   space 3072K, 0% used [0x00000000ffd00000,0x00000000ffd00000,0x0000000100000000)
 ParOldGen       total 286720K, used 150113K [0x00000000e4000000, 0x00000000f5800000, 0x00000000f5800000)
  object space 286720K, 52% used [0x00000000e4000000,0x00000000ed298668,0x00000000f5800000)
 Metaspace       used 71169K, capacity 75194K, committed 75392K, reserved 1114112K
  class space    used 9108K, capacity 9829K, committed 9856K, reserved 1048576K
}
{Heap before GC invocations=358 (full 0):
 PSYoungGen      total 168960K, used 166880K [0x00000000f5800000, 0x0000000100000000, 0x0000000100000000)
  eden space 165888K, 100% used [0x00000000f5800000,0x00000000ffa00000,0x00000000ffa00000)
  from space 3072K, 32% used [0x00000000ffa00000,0x00000000ffaf8000,0x00000000ffd00000)
  to   space 3072K, 0% used [0x00000000ffd00000,0x00000000ffd00000,0x0000000100000000)
 ParOldGen       total 286720K, used 150113K [0x00000000e4000000, 0x00000000f5800000, 0x00000000f5800000)
  object space 286720K, 52% used [0x00000000e4000000,0x00000000ed298668,0x00000000f5800000)
 Metaspace       used 71169K, capacity 75194K, committed 75392K, reserved 1114112K
  class space    used 9108K, capacity 9829K, committed 9856K, reserved 1048576K
2024-06-11T23:16:11.030+0800: 3590.119: [GC (Allocation Failure) [PSYoungGen: 166880K->2784K(168960K)] 316993K->153081K(455680K), 0.0087837 secs] [Times: user=0.01 sys=0.01, real=0.01 secs] 
Heap after GC invocations=358 (full 0):
 PSYoungGen      total 168960K, used 2784K [0x00000000f5800000, 0x0000000100000000, 0x0000000100000000)
  eden space 165888K, 0% used [0x00000000f5800000,0x00000000f5800000,0x00000000ffa00000)
  from space 3072K, 90% used [0x00000000ffd00000,0x00000000fffb8000,0x0000000100000000)
  to   space 3072K, 0% used [0x00000000ffa00000,0x00000000ffa00000,0x00000000ffd00000)
 ParOldGen       total 286720K, used 150297K [0x00000000e4000000, 0x00000000f5800000, 0x00000000f5800000)
  object space 286720K, 52% used [0x00000000e4000000,0x00000000ed2c6668,0x00000000f5800000)
 Metaspace       used 71169K, capacity 75194K, committed 75392K, reserved 1114112K
  class space    used 9108K, capacity 9829K, committed 9856K, reserved 1048576K
}
{Heap before GC invocations=359 (full 0):
 PSYoungGen      total 168960K, used 168672K [0x00000000f5800000, 0x0000000100000000, 0x0000000100000000)
  eden space 165888K, 100% used [0x00000000f5800000,0x00000000ffa00000,0x00000000ffa00000)
  from space 3072K, 90% used [0x00000000ffd00000,0x00000000fffb8000,0x0000000100000000)
  to   space 3072K, 0% used [0x00000000ffa00000,0x00000000ffa00000,0x00000000ffd00000)
 ParOldGen       total 286720K, used 150297K [0x00000000e4000000, 0x00000000f5800000, 0x00000000f5800000)
  object space 286720K, 52% used [0x00000000e4000000,0x00000000ed2c6668,0x00000000f5800000)
 Metaspace       used 71170K, capacity 75194K, committed 75392K, reserved 1114112K
  class space    used 9108K, capacity 9829K, committed 9856K, reserved 1048576K
2024-06-11T23:16:21.126+0800: 3600.215: [GC (Allocation Failure) [PSYoungGen: 168672K->992K(168960K)] 318969K->153273K(455680K), 0.0086687 secs] [Times: user=0.01 sys=0.00, real=0.01 secs] 
Heap after GC invocations=359 (full 0):
 PSYoungGen      total 168960K, used 992K [0x00000000f5800000, 0x0000000100000000, 0x0000000100000000)
  eden space 165888K, 0% used [0x00000000f5800000,0x00000000f5800000,0x00000000ffa00000)
  from space 3072K, 32% used [0x00000000ffa00000,0x00000000ffaf8000,0x00000000ffd00000)
  to   space 3072K, 0% used [0x00000000ffd00000,0x00000000ffd00000,0x0000000100000000)
 ParOldGen       total 286720K, used 152281K [0x00000000e4000000, 0x00000000f5800000, 0x00000000f5800000)
  object space 286720K, 53% used [0x00000000e4000000,0x00000000ed4b6668,0x00000000f5800000)
 Metaspace       used 71170K, capacity 75194K, committed 75392K, reserved 1114112K
  class space    used 9108K, capacity 9829K, committed 9856K, reserved 1048576K
}
{Heap before GC invocations=360 (full 0):
 PSYoungGen      total 168960K, used 166880K [0x00000000f5800000, 0x0000000100000000, 0x0000000100000000)
  eden space 165888K, 100% used [0x00000000f5800000,0x00000000ffa00000,0x00000000ffa00000)
  from space 3072K, 32% used [0x00000000ffa00000,0x00000000ffaf8000,0x00000000ffd00000)
  to   space 3072K, 0% used [0x00000000ffd00000,0x00000000ffd00000,0x0000000100000000)
 ParOldGen       total 286720K, used 152281K [0x00000000e4000000, 0x00000000f5800000, 0x00000000f5800000)
  object space 286720K, 53% used [0x00000000e4000000,0x00000000ed4b6668,0x00000000f5800000)
 Metaspace       used 71172K, capacity 75258K, committed 75392K, reserved 1114112K
  class space    used 9108K, capacity 9829K, committed 9856K, reserved 1048576K
2024-06-11T23:16:31.382+0800: 3610.471: [GC (Allocation Failure) [PSYoungGen: 166880K->992K(168960K)] 319161K->153449K(455680K), 0.0058473 secs] [Times: user=0.01 sys=0.00, real=0.00 secs] 
Heap after GC invocations=360 (full 0):
 PSYoungGen      total 168960K, used 992K [0x00000000f5800000, 0x0000000100000000, 0x0000000100000000)
  eden space 165888K, 0% used [0x00000000f5800000,0x00000000f5800000,0x00000000ffa00000)
  from space 3072K, 32% used [0x00000000ffd00000,0x00000000ffdf8000,0x0000000100000000)
  to   space 3072K, 0% used [0x00000000ffa00000,0x00000000ffa00000,0x00000000ffd00000)
 ParOldGen       total 286720K, used 152457K [0x00000000e4000000, 0x00000000f5800000, 0x00000000f5800000)
  object space 286720K, 53% used [0x00000000e4000000,0x00000000ed4e2668,0x00000000f5800000)
 Metaspace       used 71172K, capacity 75258K, committed 75392K, reserved 1114112K
  class space    used 9108K, capacity 9829K, committed 9856K, reserved 1048576K
}
{Heap before GC invocations=361 (full 0):
 PSYoungGen      total 168960K, used 166880K [0x00000000f5800000, 0x0000000100000000, 0x0000000100000000)
  eden space 165888K, 100% used [0x00000000f5800000,0x00000000ffa00000,0x00000000ffa00000)
  from space 3072K, 32% used [0x00000000ffd00000,0x00000000ffdf8000,0x0000000100000000)
  to   space 3072K, 0% used [0x00000000ffa00000,0x00000000ffa00000,0x00000000ffd00000)
 ParOldGen       total 286720K, used 152457K [0x00000000e4000000, 0x00000000f5800000, 0x00000000f5800000)
  object space 286720K, 53% used [0x00000000e4000000,0x00000000ed4e2668,0x00000000f5800000)
 Metaspace       used 71173K, capacity 75258K, committed 75392K, reserved 1114112K
  class space    used 9108K, capacity 9829K, committed 9856K, reserved 1048576K
2024-06-11T23:16:41.830+0800: 3620.919: [GC (Allocation Failure) [PSYoungGen: 166880K->1024K(168960K)] 319337K->153665K(455680K), 0.0062970 secs] [Times: user=0.01 sys=0.00, real=0.01 secs] 
Heap after GC invocations=361 (full 0):
 PSYoungGen      total 168960K, used 1024K [0x00000000f5800000, 0x0000000100000000, 0x0000000100000000)
  eden space 165888K, 0% used [0x00000000f5800000,0x00000000f5800000,0x00000000ffa00000)
  from space 3072K, 33% used [0x00000000ffa00000,0x00000000ffb00000,0x00000000ffd00000)
  to   space 3072K, 0% used [0x00000000ffd00000,0x00000000ffd00000,0x0000000100000000)
 ParOldGen       total 286720K, used 152641K [0x00000000e4000000, 0x00000000f5800000, 0x00000000f5800000)
  object space 286720K, 53% used [0x00000000e4000000,0x00000000ed510668,0x00000000f5800000)
 Metaspace       used 71173K, capacity 75258K, committed 75392K, reserved 1114112K
  class space    used 9108K, capacity 9829K, committed 9856K, reserved 1048576K
}
{Heap before GC invocations=362 (full 0):
 PSYoungGen      total 168960K, used 166912K [0x00000000f5800000, 0x0000000100000000, 0x0000000100000000)
  eden space 165888K, 100% used [0x00000000f5800000,0x00000000ffa00000,0x00000000ffa00000)
  from space 3072K, 33% used [0x00000000ffa00000,0x00000000ffb00000,0x00000000ffd00000)
  to   space 3072K, 0% used [0x00000000ffd00000,0x00000000ffd00000,0x0000000100000000)
 ParOldGen       total 286720K, used 152641K [0x00000000e4000000, 0x00000000f5800000, 0x00000000f5800000)
  object space 286720K, 53% used [0x00000000e4000000,0x00000000ed510668,0x00000000f5800000)
 Metaspace       used 71173K, capacity 75258K, committed 75392K, reserved 1114112K
  class space    used 9108K, capacity 9829K, committed 9856K, reserved 1048576K
2024-06-11T23:16:51.796+0800: 3630.884: [GC (Allocation Failure) [PSYoungGen: 166912K->1024K(168960K)] 319553K->153849K(455680K), 0.0057905 secs] [Times: user=0.00 sys=0.00, real=0.01 secs] 
Heap after GC invocations=362 (full 0):
 PSYoungGen      total 168960K, used 1024K [0x00000000f5800000, 0x0000000100000000, 0x0000000100000000)
  eden space 165888K, 0% used [0x00000000f5800000,0x00000000f5800000,0x00000000ffa00000)
  from space 3072K, 33% used [0x00000000ffd00000,0x00000000ffe00000,0x0000000100000000)
  to   space 3072K, 0% used [0x00000000ffa00000,0x00000000ffa00000,0x00000000ffd00000)
 ParOldGen       total 286720K, used 152825K [0x00000000e4000000, 0x00000000f5800000, 0x00000000f5800000)
  object space 286720K, 53% used [0x00000000e4000000,0x00000000ed53e668,0x00000000f5800000)
 Metaspace       used 71173K, capacity 75258K, committed 75392K, reserved 1114112K
  class space    used 9108K, capacity 9829K, committed 9856K, reserved 1048576K
}
{Heap before GC invocations=363 (full 0):
 PSYoungGen      total 168960K, used 166912K [0x00000000f5800000, 0x0000000100000000, 0x0000000100000000)
  eden space 165888K, 100% used [0x00000000f5800000,0x00000000ffa00000,0x00000000ffa00000)
  from space 3072K, 33% used [0x00000000ffd00000,0x00000000ffe00000,0x0000000100000000)
  to   space 3072K, 0% used [0x00000000ffa00000,0x00000000ffa00000,0x00000000ffd00000)
 ParOldGen       total 286720K, used 152825K [0x00000000e4000000, 0x00000000f5800000, 0x00000000f5800000)
  object space 286720K, 53% used [0x00000000e4000000,0x00000000ed53e668,0x00000000f5800000)
 Metaspace       used 71174K, capacity 75258K, committed 75392K, reserved 1114112K
  class space    used 9108K, capacity 9829K, committed 9856K, reserved 1048576K
2024-06-11T23:17:02.181+0800: 3641.270: [GC (Allocation Failure) [PSYoungGen: 166912K->992K(168960K)] 319737K->153993K(455680K), 0.0057952 secs] [Times: user=0.01 sys=0.00, real=0.00 secs] 
Heap after GC invocations=363 (full 0):
 PSYoungGen      total 168960K, used 992K [0x00000000f5800000, 0x0000000100000000, 0x0000000100000000)
  eden space 165888K, 0% used [0x00000000f5800000,0x00000000f5800000,0x00000000ffa00000)
  from space 3072K, 32% used [0x00000000ffa00000,0x00000000ffaf8000,0x00000000ffd00000)
  to   space 3072K, 0% used [0x00000000ffd00000,0x00000000ffd00000,0x0000000100000000)
 ParOldGen       total 286720K, used 153001K [0x00000000e4000000, 0x00000000f5800000, 0x00000000f5800000)
  object space 286720K, 53% used [0x00000000e4000000,0x00000000ed56a668,0x00000000f5800000)
 Metaspace       used 71174K, capacity 75258K, committed 75392K, reserved 1114112K
  class space    used 9108K, capacity 9829K, committed 9856K, reserved 1048576K
}
{Heap before GC invocations=364 (full 0):
 PSYoungGen      total 168960K, used 166880K [0x00000000f5800000, 0x0000000100000000, 0x0000000100000000)
  eden space 165888K, 100% used [0x00000000f5800000,0x00000000ffa00000,0x00000000ffa00000)
  from space 3072K, 32% used [0x00000000ffa00000,0x00000000ffaf8000,0x00000000ffd00000)
  to   space 3072K, 0% used [0x00000000ffd00000,0x00000000ffd00000,0x0000000100000000)
 ParOldGen       total 286720K, used 153001K [0x00000000e4000000, 0x00000000f5800000, 0x00000000f5800000)
  object space 286720K, 53% used [0x00000000e4000000,0x00000000ed56a668,0x00000000f5800000)
 Metaspace       used 71174K, capacity 75258K, committed 75392K, reserved 1114112K
  class space    used 9108K, capacity 9829K, committed 9856K, reserved 1048576K
2024-06-11T23:17:12.264+0800: 3651.353: [GC (Allocation Failure) [PSYoungGen: 166880K->2816K(168960K)] 319881K->156001K(455680K), 0.0084215 secs] [Times: user=0.01 sys=0.00, real=0.01 secs] 
Heap after GC invocations=364 (full 0):
 PSYoungGen      total 168960K, used 2816K [0x00000000f5800000, 0x0000000100000000, 0x0000000100000000)
  eden space 165888K, 0% used [0x00000000f5800000,0x00000000f5800000,0x00000000ffa00000)
  from space 3072K, 91% used [0x00000000ffd00000,0x00000000fffc0000,0x0000000100000000)
  to   space 3072K, 0% used [0x00000000ffa00000,0x00000000ffa00000,0x00000000ffd00000)
 ParOldGen       total 286720K, used 153185K [0x00000000e4000000, 0x00000000f5800000, 0x00000000f5800000)
  object space 286720K, 53% used [0x00000000e4000000,0x00000000ed598668,0x00000000f5800000)
 Metaspace       used 71174K, capacity 75258K, committed 75392K, reserved 1114112K
  class space    used 9108K, capacity 9829K, committed 9856K, reserved 1048576K
}
{Heap before GC invocations=365 (full 0):
 PSYoungGen      total 168960K, used 168704K [0x00000000f5800000, 0x0000000100000000, 0x0000000100000000)
  eden space 165888K, 100% used [0x00000000f5800000,0x00000000ffa00000,0x00000000ffa00000)
  from space 3072K, 91% used [0x00000000ffd00000,0x00000000fffc0000,0x0000000100000000)
  to   space 3072K, 0% used [0x00000000ffa00000,0x00000000ffa00000,0x00000000ffd00000)
 ParOldGen       total 286720K, used 153185K [0x00000000e4000000, 0x00000000f5800000, 0x00000000f5800000)
  object space 286720K, 53% used [0x00000000e4000000,0x00000000ed598668,0x00000000f5800000)
 Metaspace       used 71174K, capacity 75258K, committed 75392K, reserved 1114112K
  class space    used 9108K, capacity 9829K, committed 9856K, reserved 1048576K
2024-06-11T23:17:22.631+0800: 3661.720: [GC (Allocation Failure) [PSYoungGen: 168704K->992K(168960K)] 321889K->156161K(455680K), 0.0081267 secs] [Times: user=0.02 sys=0.00, real=0.00 secs] 
Heap after GC invocations=365 (full 0):
 PSYoungGen      total 168960K, used 992K [0x00000000f5800000, 0x0000000100000000, 0x0000000100000000)
  eden space 165888K, 0% used [0x00000000f5800000,0x00000000f5800000,0x00000000ffa00000)
  from space 3072K, 32% used [0x00000000ffa00000,0x00000000ffaf8000,0x00000000ffd00000)
  to   space 3072K, 0% used [0x00000000ffd00000,0x00000000ffd00000,0x0000000100000000)
 ParOldGen       total 286720K, used 155169K [0x00000000e4000000, 0x00000000f5800000, 0x00000000f5800000)
  object space 286720K, 54% used [0x00000000e4000000,0x00000000ed788668,0x00000000f5800000)
 Metaspace       used 71174K, capacity 75258K, committed 75392K, reserved 1114112K
  class space    used 9108K, capacity 9829K, committed 9856K, reserved 1048576K
}
{Heap before GC invocations=366 (full 0):
 PSYoungGen      total 168960K, used 166880K [0x00000000f5800000, 0x0000000100000000, 0x0000000100000000)
  eden space 165888K, 100% used [0x00000000f5800000,0x00000000ffa00000,0x00000000ffa00000)
  from space 3072K, 32% used [0x00000000ffa00000,0x00000000ffaf8000,0x00000000ffd00000)
  to   space 3072K, 0% used [0x00000000ffd00000,0x00000000ffd00000,0x0000000100000000)
 ParOldGen       total 286720K, used 155169K [0x00000000e4000000, 0x00000000f5800000, 0x00000000f5800000)
  object space 286720K, 54% used [0x00000000e4000000,0x00000000ed788668,0x00000000f5800000)
 Metaspace       used 71179K, capacity 75258K, committed 75392K, reserved 1114112K
  class space    used 9108K, capacity 9829K, committed 9856K, reserved 1048576K
2024-06-11T23:17:33.376+0800: 3672.464: [GC (Allocation Failure) [PSYoungGen: 166880K->1024K(168960K)] 322049K->156369K(455680K), 0.0055768 secs] [Times: user=0.01 sys=0.00, real=0.01 secs] 
Heap after GC invocations=366 (full 0):
 PSYoungGen      total 168960K, used 1024K [0x00000000f5800000, 0x0000000100000000, 0x0000000100000000)
  eden space 165888K, 0% used [0x00000000f5800000,0x00000000f5800000,0x00000000ffa00000)
  from space 3072K, 33% used [0x00000000ffd00000,0x00000000ffe00000,0x0000000100000000)
  to   space 3072K, 0% used [0x00000000ffa00000,0x00000000ffa00000,0x00000000ffd00000)
 ParOldGen       total 286720K, used 155345K [0x00000000e4000000, 0x00000000f5800000, 0x00000000f5800000)
  object space 286720K, 54% used [0x00000000e4000000,0x00000000ed7b4668,0x00000000f5800000)
 Metaspace       used 71179K, capacity 75258K, committed 75392K, reserved 1114112K
  class space    used 9108K, capacity 9829K, committed 9856K, reserved 1048576K
}
{Heap before GC invocations=367 (full 0):
 PSYoungGen      total 168960K, used 166912K [0x00000000f5800000, 0x0000000100000000, 0x0000000100000000)
  eden space 165888K, 100% used [0x00000000f5800000,0x00000000ffa00000,0x00000000ffa00000)
  from space 3072K, 33% used [0x00000000ffd00000,0x00000000ffe00000,0x0000000100000000)
  to   space 3072K, 0% used [0x00000000ffa00000,0x00000000ffa00000,0x00000000ffd00000)
 ParOldGen       total 286720K, used 155345K [0x00000000e4000000, 0x00000000f5800000, 0x00000000f5800000)
  object space 286720K, 54% used [0x00000000e4000000,0x00000000ed7b4668,0x00000000f5800000)
 Metaspace       used 71180K, capacity 75258K, committed 75392K, reserved 1114112K
  class space    used 9108K, capacity 9829K, committed 9856K, reserved 1048576K
2024-06-11T23:17:43.463+0800: 3682.552: [GC (Allocation Failure) [PSYoungGen: 166912K->992K(168960K)] 322257K->156521K(455680K), 0.0057567 secs] [Times: user=0.01 sys=0.00, real=0.00 secs] 
Heap after GC invocations=367 (full 0):
 PSYoungGen      total 168960K, used 992K [0x00000000f5800000, 0x0000000100000000, 0x0000000100000000)
  eden space 165888K, 0% used [0x00000000f5800000,0x00000000f5800000,0x00000000ffa00000)
  from space 3072K, 32% used [0x00000000ffa00000,0x00000000ffaf8000,0x00000000ffd00000)
  to   space 3072K, 0% used [0x00000000ffd00000,0x00000000ffd00000,0x0000000100000000)
 ParOldGen       total 286720K, used 155529K [0x00000000e4000000, 0x00000000f5800000, 0x00000000f5800000)
  object space 286720K, 54% used [0x00000000e4000000,0x00000000ed7e2668,0x00000000f5800000)
 Metaspace       used 71180K, capacity 75258K, committed 75392K, reserved 1114112K
  class space    used 9108K, capacity 9829K, committed 9856K, reserved 1048576K
}
{Heap before GC invocations=368 (full 0):
 PSYoungGen      total 168960K, used 166880K [0x00000000f5800000, 0x0000000100000000, 0x0000000100000000)
  eden space 165888K, 100% used [0x00000000f5800000,0x00000000ffa00000,0x00000000ffa00000)
  from space 3072K, 32% used [0x00000000ffa00000,0x00000000ffaf8000,0x00000000ffd00000)
  to   space 3072K, 0% used [0x00000000ffd00000,0x00000000ffd00000,0x0000000100000000)
 ParOldGen       total 286720K, used 155529K [0x00000000e4000000, 0x00000000f5800000, 0x00000000f5800000)
  object space 286720K, 54% used [0x00000000e4000000,0x00000000ed7e2668,0x00000000f5800000)
 Metaspace       used 71181K, capacity 75258K, committed 75392K, reserved 1114112K
  class space    used 9108K, capacity 9829K, committed 9856K, reserved 1048576K
2024-06-11T23:17:53.882+0800: 3692.971: [GC (Allocation Failure) [PSYoungGen: 166880K->992K(168960K)] 322409K->156697K(455680K), 0.0088036 secs] [Times: user=0.01 sys=0.00, real=0.01 secs] 
Heap after GC invocations=368 (full 0):
 PSYoungGen      total 168960K, used 992K [0x00000000f5800000, 0x0000000100000000, 0x0000000100000000)
  eden space 165888K, 0% used [0x00000000f5800000,0x00000000f5800000,0x00000000ffa00000)
  from space 3072K, 32% used [0x00000000ffd00000,0x00000000ffdf8000,0x0000000100000000)
  to   space 3072K, 0% used [0x00000000ffa00000,0x00000000ffa00000,0x00000000ffd00000)
 ParOldGen       total 286720K, used 155705K [0x00000000e4000000, 0x00000000f5800000, 0x00000000f5800000)
  object space 286720K, 54% used [0x00000000e4000000,0x00000000ed80e668,0x00000000f5800000)
 Metaspace       used 71181K, capacity 75258K, committed 75392K, reserved 1114112K
  class space    used 9108K, capacity 9829K, committed 9856K, reserved 1048576K
}
{Heap before GC invocations=369 (full 0):
 PSYoungGen      total 168960K, used 166880K [0x00000000f5800000, 0x0000000100000000, 0x0000000100000000)
  eden space 165888K, 100% used [0x00000000f5800000,0x00000000ffa00000,0x00000000ffa00000)
  from space 3072K, 32% used [0x00000000ffd00000,0x00000000ffdf8000,0x0000000100000000)
  to   space 3072K, 0% used [0x00000000ffa00000,0x00000000ffa00000,0x00000000ffd00000)
 ParOldGen       total 286720K, used 155705K [0x00000000e4000000, 0x00000000f5800000, 0x00000000f5800000)
  object space 286720K, 54% used [0x00000000e4000000,0x00000000ed80e668,0x00000000f5800000)
 Metaspace       used 71181K, capacity 75258K, committed 75392K, reserved 1114112K
  class space    used 9108K, capacity 9829K, committed 9856K, reserved 1048576K
2024-06-11T23:18:04.392+0800: 3703.481: [GC (Allocation Failure) [PSYoungGen: 166880K->1024K(168960K)] 322585K->156913K(455680K), 0.0058071 secs] [Times: user=0.01 sys=0.00, real=0.00 secs] 
Heap after GC invocations=369 (full 0):
 PSYoungGen      total 168960K, used 1024K [0x00000000f5800000, 0x0000000100000000, 0x0000000100000000)
  eden space 165888K, 0% used [0x00000000f5800000,0x00000000f5800000,0x00000000ffa00000)
  from space 3072K, 33% used [0x00000000ffa00000,0x00000000ffb00000,0x00000000ffd00000)
  to   space 3072K, 0% used [0x00000000ffd00000,0x00000000ffd00000,0x0000000100000000)
 ParOldGen       total 286720K, used 155889K [0x00000000e4000000, 0x00000000f5800000, 0x00000000f5800000)
  object space 286720K, 54% used [0x00000000e4000000,0x00000000ed83c668,0x00000000f5800000)
 Metaspace       used 71181K, capacity 75258K, committed 75392K, reserved 1114112K
  class space    used 9108K, capacity 9829K, committed 9856K, reserved 1048576K
}
{Heap before GC invocations=370 (full 0):
 PSYoungGen      total 168960K, used 166912K [0x00000000f5800000, 0x0000000100000000, 0x0000000100000000)
  eden space 165888K, 100% used [0x00000000f5800000,0x00000000ffa00000,0x00000000ffa00000)
  from space 3072K, 33% used [0x00000000ffa00000,0x00000000ffb00000,0x00000000ffd00000)
  to   space 3072K, 0% used [0x00000000ffd00000,0x00000000ffd00000,0x0000000100000000)
 ParOldGen       total 286720K, used 155889K [0x00000000e4000000, 0x00000000f5800000, 0x00000000f5800000)
  object space 286720K, 54% used [0x00000000e4000000,0x00000000ed83c668,0x00000000f5800000)
 Metaspace       used 71181K, capacity 75258K, committed 75392K, reserved 1114112K
  class space    used 9108K, capacity 9829K, committed 9856K, reserved 1048576K
2024-06-11T23:18:14.649+0800: 3713.738: [GC (Allocation Failure) [PSYoungGen: 166912K->2752K(168960K)] 322801K->158833K(455680K), 0.0085456 secs] [Times: user=0.01 sys=0.00, real=0.01 secs] 
Heap after GC invocations=370 (full 0):
 PSYoungGen      total 168960K, used 2752K [0x00000000f5800000, 0x0000000100000000, 0x0000000100000000)
  eden space 165888K, 0% used [0x00000000f5800000,0x00000000f5800000,0x00000000ffa00000)
  from space 3072K, 89% used [0x00000000ffd00000,0x00000000fffb0000,0x0000000100000000)
  to   space 3072K, 0% used [0x00000000ffa00000,0x00000000ffa00000,0x00000000ffd00000)
 ParOldGen       total 286720K, used 156081K [0x00000000e4000000, 0x00000000f5800000, 0x00000000f5800000)
  object space 286720K, 54% used [0x00000000e4000000,0x00000000ed86c668,0x00000000f5800000)
 Metaspace       used 71181K, capacity 75258K, committed 75392K, reserved 1114112K
  class space    used 9108K, capacity 9829K, committed 9856K, reserved 1048576K
}
{Heap before GC invocations=371 (full 0):
 PSYoungGen      total 168960K, used 168640K [0x00000000f5800000, 0x0000000100000000, 0x0000000100000000)
  eden space 165888K, 100% used [0x00000000f5800000,0x00000000ffa00000,0x00000000ffa00000)
  from space 3072K, 89% used [0x00000000ffd00000,0x00000000fffb0000,0x0000000100000000)
  to   space 3072K, 0% used [0x00000000ffa00000,0x00000000ffa00000,0x00000000ffd00000)
 ParOldGen       total 286720K, used 156081K [0x00000000e4000000, 0x00000000f5800000, 0x00000000f5800000)
  object space 286720K, 54% used [0x00000000e4000000,0x00000000ed86c668,0x00000000f5800000)
 Metaspace       used 71181K, capacity 75258K, committed 75392K, reserved 1114112K
  class space    used 9108K, capacity 9829K, committed 9856K, reserved 1048576K
2024-06-11T23:18:24.788+0800: 3723.877: [GC (Allocation Failure) [PSYoungGen: 168640K->992K(168960K)] 324721K->159049K(455680K), 0.0081194 secs] [Times: user=0.01 sys=0.00, real=0.01 secs] 
Heap after GC invocations=371 (full 0):
 PSYoungGen      total 168960K, used 992K [0x00000000f5800000, 0x0000000100000000, 0x0000000100000000)
  eden space 165888K, 0% used [0x00000000f5800000,0x00000000f5800000,0x00000000ffa00000)
  from space 3072K, 32% used [0x00000000ffa00000,0x00000000ffaf8000,0x00000000ffd00000)
  to   space 3072K, 0% used [0x00000000ffd00000,0x00000000ffd00000,0x0000000100000000)
 ParOldGen       total 286720K, used 158057K [0x00000000e4000000, 0x00000000f5800000, 0x00000000f5800000)
  object space 286720K, 55% used [0x00000000e4000000,0x00000000eda5a668,0x00000000f5800000)
 Metaspace       used 71181K, capacity 75258K, committed 75392K, reserved 1114112K
  class space    used 9108K, capacity 9829K, committed 9856K, reserved 1048576K
}
{Heap before GC invocations=372 (full 0):
 PSYoungGen      total 168960K, used 166880K [0x00000000f5800000, 0x0000000100000000, 0x0000000100000000)
  eden space 165888K, 100% used [0x00000000f5800000,0x00000000ffa00000,0x00000000ffa00000)
  from space 3072K, 32% used [0x00000000ffa00000,0x00000000ffaf8000,0x00000000ffd00000)
  to   space 3072K, 0% used [0x00000000ffd00000,0x00000000ffd00000,0x0000000100000000)
 ParOldGen       total 286720K, used 158057K [0x00000000e4000000, 0x00000000f5800000, 0x00000000f5800000)
  object space 286720K, 55% used [0x00000000e4000000,0x00000000eda5a668,0x00000000f5800000)
 Metaspace       used 71181K, capacity 75258K, committed 75392K, reserved 1114112K
  class space    used 9108K, capacity 9829K, committed 9856K, reserved 1048576K
2024-06-11T23:18:34.900+0800: 3733.989: [GC (Allocation Failure) [PSYoungGen: 166880K->992K(168960K)] 324937K->159233K(455680K), 0.0061241 secs] [Times: user=0.01 sys=0.00, real=0.01 secs] 
Heap after GC invocations=372 (full 0):
 PSYoungGen      total 168960K, used 992K [0x00000000f5800000, 0x0000000100000000, 0x0000000100000000)
  eden space 165888K, 0% used [0x00000000f5800000,0x00000000f5800000,0x00000000ffa00000)
  from space 3072K, 32% used [0x00000000ffd00000,0x00000000ffdf8000,0x0000000100000000)
  to   space 3072K, 0% used [0x00000000ffa00000,0x00000000ffa00000,0x00000000ffd00000)
 ParOldGen       total 286720K, used 158241K [0x00000000e4000000, 0x00000000f5800000, 0x00000000f5800000)
  object space 286720K, 55% used [0x00000000e4000000,0x00000000eda88668,0x00000000f5800000)
 Metaspace       used 71181K, capacity 75258K, committed 75392K, reserved 1114112K
  class space    used 9108K, capacity 9829K, committed 9856K, reserved 1048576K
}
{Heap before GC invocations=373 (full 0):
 PSYoungGen      total 168960K, used 166880K [0x00000000f5800000, 0x0000000100000000, 0x0000000100000000)
  eden space 165888K, 100% used [0x00000000f5800000,0x00000000ffa00000,0x00000000ffa00000)
  from space 3072K, 32% used [0x00000000ffd00000,0x00000000ffdf8000,0x0000000100000000)
  to   space 3072K, 0% used [0x00000000ffa00000,0x00000000ffa00000,0x00000000ffd00000)
 ParOldGen       total 286720K, used 158241K [0x00000000e4000000, 0x00000000f5800000, 0x00000000f5800000)
  object space 286720K, 55% used [0x00000000e4000000,0x00000000eda88668,0x00000000f5800000)
 Metaspace       used 71181K, capacity 75258K, committed 75392K, reserved 1114112K
  class space    used 9108K, capacity 9829K, committed 9856K, reserved 1048576K
2024-06-11T23:18:45.425+0800: 3744.514: [GC (Allocation Failure) [PSYoungGen: 166880K->992K(168960K)] 325121K->159409K(455680K), 0.0058016 secs] [Times: user=0.01 sys=0.00, real=0.01 secs] 
Heap after GC invocations=373 (full 0):
 PSYoungGen      total 168960K, used 992K [0x00000000f5800000, 0x0000000100000000, 0x0000000100000000)
  eden space 165888K, 0% used [0x00000000f5800000,0x00000000f5800000,0x00000000ffa00000)
  from space 3072K, 32% used [0x00000000ffa00000,0x00000000ffaf8000,0x00000000ffd00000)
  to   space 3072K, 0% used [0x00000000ffd00000,0x00000000ffd00000,0x0000000100000000)
 ParOldGen       total 286720K, used 158417K [0x00000000e4000000, 0x00000000f5800000, 0x00000000f5800000)
  object space 286720K, 55% used [0x00000000e4000000,0x00000000edab4668,0x00000000f5800000)
 Metaspace       used 71181K, capacity 75258K, committed 75392K, reserved 1114112K
  class space    used 9108K, capacity 9829K, committed 9856K, reserved 1048576K
}
{Heap before GC invocations=374 (full 0):
 PSYoungGen      total 168960K, used 166880K [0x00000000f5800000, 0x0000000100000000, 0x0000000100000000)
  eden space 165888K, 100% used [0x00000000f5800000,0x00000000ffa00000,0x00000000ffa00000)
  from space 3072K, 32% used [0x00000000ffa00000,0x00000000ffaf8000,0x00000000ffd00000)
  to   space 3072K, 0% used [0x00000000ffd00000,0x00000000ffd00000,0x0000000100000000)
 ParOldGen       total 286720K, used 158417K [0x00000000e4000000, 0x00000000f5800000, 0x00000000f5800000)
  object space 286720K, 55% used [0x00000000e4000000,0x00000000edab4668,0x00000000f5800000)
 Metaspace       used 71182K, capacity 75258K, committed 75392K, reserved 1114112K
  class space    used 9108K, capacity 9829K, committed 9856K, reserved 1048576K
2024-06-11T23:18:55.456+0800: 3754.544: [GC (Allocation Failure) [PSYoungGen: 166880K->992K(168960K)] 325297K->159593K(455680K), 0.0056827 secs] [Times: user=0.01 sys=0.00, real=0.01 secs] 
Heap after GC invocations=374 (full 0):
 PSYoungGen      total 168960K, used 992K [0x00000000f5800000, 0x0000000100000000, 0x0000000100000000)
  eden space 165888K, 0% used [0x00000000f5800000,0x00000000f5800000,0x00000000ffa00000)
  from space 3072K, 32% used [0x00000000ffd00000,0x00000000ffdf8000,0x0000000100000000)
  to   space 3072K, 0% used [0x00000000ffa00000,0x00000000ffa00000,0x00000000ffd00000)
 ParOldGen       total 286720K, used 158601K [0x00000000e4000000, 0x00000000f5800000, 0x00000000f5800000)
  object space 286720K, 55% used [0x00000000e4000000,0x00000000edae2668,0x00000000f5800000)
 Metaspace       used 71182K, capacity 75258K, committed 75392K, reserved 1114112K
  class space    used 9108K, capacity 9829K, committed 9856K, reserved 1048576K
}
{Heap before GC invocations=375 (full 0):
 PSYoungGen      total 168960K, used 166880K [0x00000000f5800000, 0x0000000100000000, 0x0000000100000000)
  eden space 165888K, 100% used [0x00000000f5800000,0x00000000ffa00000,0x00000000ffa00000)
  from space 3072K, 32% used [0x00000000ffd00000,0x00000000ffdf8000,0x0000000100000000)
  to   space 3072K, 0% used [0x00000000ffa00000,0x00000000ffa00000,0x00000000ffd00000)
 ParOldGen       total 286720K, used 158601K [0x00000000e4000000, 0x00000000f5800000, 0x00000000f5800000)
  object space 286720K, 55% used [0x00000000e4000000,0x00000000edae2668,0x00000000f5800000)
 Metaspace       used 71182K, capacity 75258K, committed 75392K, reserved 1114112K
  class space    used 9108K, capacity 9829K, committed 9856K, reserved 1048576K
2024-06-11T23:19:05.834+0800: 3764.923: [GC (Allocation Failure) [PSYoungGen: 166880K->1088K(168960K)] 325481K->159873K(455680K), 0.0058271 secs] [Times: user=0.01 sys=0.01, real=0.00 secs] 
Heap after GC invocations=375 (full 0):
 PSYoungGen      total 168960K, used 1088K [0x00000000f5800000, 0x0000000100000000, 0x0000000100000000)
  eden space 165888K, 0% used [0x00000000f5800000,0x00000000f5800000,0x00000000ffa00000)
  from space 3072K, 35% used [0x00000000ffa00000,0x00000000ffb10000,0x00000000ffd00000)
  to   space 2560K, 0% used [0x00000000ffd80000,0x00000000ffd80000,0x0000000100000000)
 ParOldGen       total 286720K, used 158785K [0x00000000e4000000, 0x00000000f5800000, 0x00000000f5800000)
  object space 286720K, 55% used [0x00000000e4000000,0x00000000edb10668,0x00000000f5800000)
 Metaspace       used 71182K, capacity 75258K, committed 75392K, reserved 1114112K
  class space    used 9108K, capacity 9829K, committed 9856K, reserved 1048576K
}
{Heap before GC invocations=376 (full 0):
 PSYoungGen      total 168960K, used 166976K [0x00000000f5800000, 0x0000000100000000, 0x0000000100000000)
  eden space 165888K, 100% used [0x00000000f5800000,0x00000000ffa00000,0x00000000ffa00000)
  from space 3072K, 35% used [0x00000000ffa00000,0x00000000ffb10000,0x00000000ffd00000)
  to   space 2560K, 0% used [0x00000000ffd80000,0x00000000ffd80000,0x0000000100000000)
 ParOldGen       total 286720K, used 158785K [0x00000000e4000000, 0x00000000f5800000, 0x00000000f5800000)
  object space 286720K, 55% used [0x00000000e4000000,0x00000000edb10668,0x00000000f5800000)
 Metaspace       used 71183K, capacity 75258K, committed 75392K, reserved 1114112K
  class space    used 9108K, capacity 9829K, committed 9856K, reserved 1048576K
2024-06-11T23:19:16.104+0800: 3775.192: [GC (Allocation Failure) [PSYoungGen: 166976K->2560K(168448K)] 325761K->161753K(455168K), 0.0084722 secs] [Times: user=0.02 sys=0.00, real=0.01 secs] 
Heap after GC invocations=376 (full 0):
 PSYoungGen      total 168448K, used 2560K [0x00000000f5800000, 0x0000000100000000, 0x0000000100000000)
  eden space 165888K, 0% used [0x00000000f5800000,0x00000000f5800000,0x00000000ffa00000)
  from space 2560K, 100% used [0x00000000ffd80000,0x0000000100000000,0x0000000100000000)
  to   space 3072K, 0% used [0x00000000ffa00000,0x00000000ffa00000,0x00000000ffd00000)
 ParOldGen       total 286720K, used 159193K [0x00000000e4000000, 0x00000000f5800000, 0x00000000f5800000)
  object space 286720K, 55% used [0x00000000e4000000,0x00000000edb76668,0x00000000f5800000)
 Metaspace       used 71183K, capacity 75258K, committed 75392K, reserved 1114112K
  class space    used 9108K, capacity 9829K, committed 9856K, reserved 1048576K
}
{Heap before GC invocations=377 (full 0):
 PSYoungGen      total 168448K, used 168448K [0x00000000f5800000, 0x0000000100000000, 0x0000000100000000)
  eden space 165888K, 100% used [0x00000000f5800000,0x00000000ffa00000,0x00000000ffa00000)
  from space 2560K, 100% used [0x00000000ffd80000,0x0000000100000000,0x0000000100000000)
  to   space 3072K, 0% used [0x00000000ffa00000,0x00000000ffa00000,0x00000000ffd00000)
 ParOldGen       total 286720K, used 159193K [0x00000000e4000000, 0x00000000f5800000, 0x00000000f5800000)
  object space 286720K, 55% used [0x00000000e4000000,0x00000000edb76668,0x00000000f5800000)
 Metaspace       used 71187K, capacity 75258K, committed 75392K, reserved 1114112K
  class space    used 9108K, capacity 9829K, committed 9856K, reserved 1048576K
2024-06-11T23:19:26.439+0800: 3785.528: [GC (Allocation Failure) [PSYoungGen: 168448K->1504K(168960K)] 327641K->163089K(455680K), 0.0101611 secs] [Times: user=0.01 sys=0.00, real=0.01 secs] 
Heap after GC invocations=377 (full 0):
 PSYoungGen      total 168960K, used 1504K [0x00000000f5800000, 0x0000000100000000, 0x0000000100000000)
  eden space 165888K, 0% used [0x00000000f5800000,0x00000000f5800000,0x00000000ffa00000)
  from space 3072K, 48% used [0x00000000ffa00000,0x00000000ffb78000,0x00000000ffd00000)
  to   space 3072K, 0% used [0x00000000ffd00000,0x00000000ffd00000,0x0000000100000000)
 ParOldGen       total 286720K, used 161585K [0x00000000e4000000, 0x00000000f5800000, 0x00000000f5800000)
  object space 286720K, 56% used [0x00000000e4000000,0x00000000eddcc668,0x00000000f5800000)
 Metaspace       used 71187K, capacity 75258K, committed 75392K, reserved 1114112K
  class space    used 9108K, capacity 9829K, committed 9856K, reserved 1048576K
}
{Heap before GC invocations=378 (full 0):
 PSYoungGen      total 168960K, used 167392K [0x00000000f5800000, 0x0000000100000000, 0x0000000100000000)
  eden space 165888K, 100% used [0x00000000f5800000,0x00000000ffa00000,0x00000000ffa00000)
  from space 3072K, 48% used [0x00000000ffa00000,0x00000000ffb78000,0x00000000ffd00000)
  to   space 3072K, 0% used [0x00000000ffd00000,0x00000000ffd00000,0x0000000100000000)
 ParOldGen       total 286720K, used 161585K [0x00000000e4000000, 0x00000000f5800000, 0x00000000f5800000)
  object space 286720K, 56% used [0x00000000e4000000,0x00000000eddcc668,0x00000000f5800000)
 Metaspace       used 71187K, capacity 75258K, committed 75392K, reserved 1114112K
  class space    used 9108K, capacity 9829K, committed 9856K, reserved 1048576K
2024-06-11T23:19:36.527+0800: 3795.616: [GC (Allocation Failure) [PSYoungGen: 167392K->960K(168960K)] 328977K->163225K(455680K), 0.0069597 secs] [Times: user=0.02 sys=0.00, real=0.01 secs] 
Heap after GC invocations=378 (full 0):
 PSYoungGen      total 168960K, used 960K [0x00000000f5800000, 0x0000000100000000, 0x0000000100000000)
  eden space 165888K, 0% used [0x00000000f5800000,0x00000000f5800000,0x00000000ffa00000)
  from space 3072K, 31% used [0x00000000ffd00000,0x00000000ffdf0000,0x0000000100000000)
  to   space 3072K, 0% used [0x00000000ffa00000,0x00000000ffa00000,0x00000000ffd00000)
 ParOldGen       total 286720K, used 162265K [0x00000000e4000000, 0x00000000f5800000, 0x00000000f5800000)
  object space 286720K, 56% used [0x00000000e4000000,0x00000000ede76668,0x00000000f5800000)
 Metaspace       used 71187K, capacity 75258K, committed 75392K, reserved 1114112K
  class space    used 9108K, capacity 9829K, committed 9856K, reserved 1048576K
}
{Heap before GC invocations=379 (full 0):
 PSYoungGen      total 168960K, used 166848K [0x00000000f5800000, 0x0000000100000000, 0x0000000100000000)
  eden space 165888K, 100% used [0x00000000f5800000,0x00000000ffa00000,0x00000000ffa00000)
  from space 3072K, 31% used [0x00000000ffd00000,0x00000000ffdf0000,0x0000000100000000)
  to   space 3072K, 0% used [0x00000000ffa00000,0x00000000ffa00000,0x00000000ffd00000)
 ParOldGen       total 286720K, used 162265K [0x00000000e4000000, 0x00000000f5800000, 0x00000000f5800000)
  object space 286720K, 56% used [0x00000000e4000000,0x00000000ede76668,0x00000000f5800000)
 Metaspace       used 71191K, capacity 75258K, committed 75392K, reserved 1114112K
  class space    used 9108K, capacity 9829K, committed 9856K, reserved 1048576K
2024-06-11T23:19:47.161+0800: 3806.250: [GC (Allocation Failure) [PSYoungGen: 166848K->992K(168960K)] 329113K->163433K(455680K), 0.0062619 secs] [Times: user=0.01 sys=0.00, real=0.00 secs] 
Heap after GC invocations=379 (full 0):
 PSYoungGen      total 168960K, used 992K [0x00000000f5800000, 0x0000000100000000, 0x0000000100000000)
  eden space 165888K, 0% used [0x00000000f5800000,0x00000000f5800000,0x00000000ffa00000)
  from space 3072K, 32% used [0x00000000ffa00000,0x00000000ffaf8000,0x00000000ffd00000)
  to   space 3072K, 0% used [0x00000000ffd00000,0x00000000ffd00000,0x0000000100000000)
 ParOldGen       total 286720K, used 162441K [0x00000000e4000000, 0x00000000f5800000, 0x00000000f5800000)
  object space 286720K, 56% used [0x00000000e4000000,0x00000000edea2668,0x00000000f5800000)
 Metaspace       used 71191K, capacity 75258K, committed 75392K, reserved 1114112K
  class space    used 9108K, capacity 9829K, committed 9856K, reserved 1048576K
}
{Heap before GC invocations=380 (full 0):
 PSYoungGen      total 168960K, used 166880K [0x00000000f5800000, 0x0000000100000000, 0x0000000100000000)
  eden space 165888K, 100% used [0x00000000f5800000,0x00000000ffa00000,0x00000000ffa00000)
  from space 3072K, 32% used [0x00000000ffa00000,0x00000000ffaf8000,0x00000000ffd00000)
  to   space 3072K, 0% used [0x00000000ffd00000,0x00000000ffd00000,0x0000000100000000)
 ParOldGen       total 286720K, used 162441K [0x00000000e4000000, 0x00000000f5800000, 0x00000000f5800000)
  object space 286720K, 56% used [0x00000000e4000000,0x00000000edea2668,0x00000000f5800000)
 Metaspace       used 71219K, capacity 75258K, committed 75392K, reserved 1114112K
  class space    used 9108K, capacity 9829K, committed 9856K, reserved 1048576K
2024-06-11T23:19:57.287+0800: 3816.375: [GC (Allocation Failure) [PSYoungGen: 166880K->992K(168960K)] 329321K->163617K(455680K), 0.0068612 secs] [Times: user=0.01 sys=0.00, real=0.01 secs] 
Heap after GC invocations=380 (full 0):
 PSYoungGen      total 168960K, used 992K [0x00000000f5800000, 0x0000000100000000, 0x0000000100000000)
  eden space 165888K, 0% used [0x00000000f5800000,0x00000000f5800000,0x00000000ffa00000)
  from space 3072K, 32% used [0x00000000ffd00000,0x00000000ffdf8000,0x0000000100000000)
  to   space 3072K, 0% used [0x00000000ffa00000,0x00000000ffa00000,0x00000000ffd00000)
 ParOldGen       total 286720K, used 162625K [0x00000000e4000000, 0x00000000f5800000, 0x00000000f5800000)
  object space 286720K, 56% used [0x00000000e4000000,0x00000000eded0668,0x00000000f5800000)
 Metaspace       used 71219K, capacity 75258K, committed 75392K, reserved 1114112K
  class space    used 9108K, capacity 9829K, committed 9856K, reserved 1048576K
}
{Heap before GC invocations=381 (full 0):
 PSYoungGen      total 168960K, used 166880K [0x00000000f5800000, 0x0000000100000000, 0x0000000100000000)
  eden space 165888K, 100% used [0x00000000f5800000,0x00000000ffa00000,0x00000000ffa00000)
  from space 3072K, 32% used [0x00000000ffd00000,0x00000000ffdf8000,0x0000000100000000)
  to   space 3072K, 0% used [0x00000000ffa00000,0x00000000ffa00000,0x00000000ffd00000)
 ParOldGen       total 286720K, used 162625K [0x00000000e4000000, 0x00000000f5800000, 0x00000000f5800000)
  object space 286720K, 56% used [0x00000000e4000000,0x00000000eded0668,0x00000000f5800000)
 Metaspace       used 71219K, capacity 75258K, committed 75392K, reserved 1114112K
  class space    used 9108K, capacity 9829K, committed 9856K, reserved 1048576K
2024-06-11T23:20:07.614+0800: 3826.703: [GC (Allocation Failure) [PSYoungGen: 166880K->1536K(168960K)] 329505K->164345K(455680K), 0.0063888 secs] [Times: user=0.01 sys=0.00, real=0.00 secs] 
Heap after GC invocations=381 (full 0):
 PSYoungGen      total 168960K, used 1536K [0x00000000f5800000, 0x0000000100000000, 0x0000000100000000)
  eden space 165888K, 0% used [0x00000000f5800000,0x00000000f5800000,0x00000000ffa00000)
  from space 3072K, 50% used [0x00000000ffa00000,0x00000000ffb80000,0x00000000ffd00000)
  to   space 3072K, 0% used [0x00000000ffd00000,0x00000000ffd00000,0x0000000100000000)
 ParOldGen       total 286720K, used 162809K [0x00000000e4000000, 0x00000000f5800000, 0x00000000f5800000)
  object space 286720K, 56% used [0x00000000e4000000,0x00000000edefe668,0x00000000f5800000)
 Metaspace       used 71219K, capacity 75258K, committed 75392K, reserved 1114112K
  class space    used 9108K, capacity 9829K, committed 9856K, reserved 1048576K
}
{Heap before GC invocations=382 (full 0):
 PSYoungGen      total 168960K, used 167424K [0x00000000f5800000, 0x0000000100000000, 0x0000000100000000)
  eden space 165888K, 100% used [0x00000000f5800000,0x00000000ffa00000,0x00000000ffa00000)
  from space 3072K, 50% used [0x00000000ffa00000,0x00000000ffb80000,0x00000000ffd00000)
  to   space 3072K, 0% used [0x00000000ffd00000,0x00000000ffd00000,0x0000000100000000)
 ParOldGen       total 286720K, used 162809K [0x00000000e4000000, 0x00000000f5800000, 0x00000000f5800000)
  object space 286720K, 56% used [0x00000000e4000000,0x00000000edefe668,0x00000000f5800000)
 Metaspace       used 71224K, capacity 75266K, committed 75392K, reserved 1114112K
  class space    used 9108K, capacity 9829K, committed 9856K, reserved 1048576K
2024-06-11T23:20:17.663+0800: 3836.752: [GC (Allocation Failure) [PSYoungGen: 167424K->2240K(168960K)] 330233K->165777K(455680K), 0.0085520 secs] [Times: user=0.01 sys=0.00, real=0.01 secs] 
Heap after GC invocations=382 (full 0):
 PSYoungGen      total 168960K, used 2240K [0x00000000f5800000, 0x0000000100000000, 0x0000000100000000)
  eden space 165888K, 0% used [0x00000000f5800000,0x00000000f5800000,0x00000000ffa00000)
  from space 3072K, 72% used [0x00000000ffd00000,0x00000000fff30000,0x0000000100000000)
  to   space 3072K, 0% used [0x00000000ffa00000,0x00000000ffa00000,0x00000000ffd00000)
 ParOldGen       total 286720K, used 163537K [0x00000000e4000000, 0x00000000f5800000, 0x00000000f5800000)
  object space 286720K, 57% used [0x00000000e4000000,0x00000000edfb4668,0x00000000f5800000)
 Metaspace       used 71224K, capacity 75266K, committed 75392K, reserved 1114112K
  class space    used 9108K, capacity 9829K, committed 9856K, reserved 1048576K
}
{Heap before GC invocations=383 (full 0):
 PSYoungGen      total 168960K, used 168128K [0x00000000f5800000, 0x0000000100000000, 0x0000000100000000)
  eden space 165888K, 100% used [0x00000000f5800000,0x00000000ffa00000,0x00000000ffa00000)
  from space 3072K, 72% used [0x00000000ffd00000,0x00000000fff30000,0x0000000100000000)
  to   space 3072K, 0% used [0x00000000ffa00000,0x00000000ffa00000,0x00000000ffd00000)
 ParOldGen       total 286720K, used 163537K [0x00000000e4000000, 0x00000000f5800000, 0x00000000f5800000)
  object space 286720K, 57% used [0x00000000e4000000,0x00000000edfb4668,0x00000000f5800000)
 Metaspace       used 71242K, capacity 75286K, committed 75392K, reserved 1114112K
  class space    used 9108K, capacity 9829K, committed 9856K, reserved 1048576K
2024-06-11T23:20:27.967+0800: 3847.056: [GC (Allocation Failure) [PSYoungGen: 168128K->992K(168960K)] 331665K->165977K(455680K), 0.0075922 secs] [Times: user=0.01 sys=0.00, real=0.01 secs] 
Heap after GC invocations=383 (full 0):
 PSYoungGen      total 168960K, used 992K [0x00000000f5800000, 0x0000000100000000, 0x0000000100000000)
  eden space 165888K, 0% used [0x00000000f5800000,0x00000000f5800000,0x00000000ffa00000)
  from space 3072K, 32% used [0x00000000ffa00000,0x00000000ffaf8000,0x00000000ffd00000)
  to   space 3072K, 0% used [0x00000000ffd00000,0x00000000ffd00000,0x0000000100000000)
 ParOldGen       total 286720K, used 164985K [0x00000000e4000000, 0x00000000f5800000, 0x00000000f5800000)
  object space 286720K, 57% used [0x00000000e4000000,0x00000000ee11e668,0x00000000f5800000)
 Metaspace       used 71242K, capacity 75286K, committed 75392K, reserved 1114112K
  class space    used 9108K, capacity 9829K, committed 9856K, reserved 1048576K
}
{Heap before GC invocations=384 (full 0):
 PSYoungGen      total 168960K, used 166880K [0x00000000f5800000, 0x0000000100000000, 0x0000000100000000)
  eden space 165888K, 100% used [0x00000000f5800000,0x00000000ffa00000,0x00000000ffa00000)
  from space 3072K, 32% used [0x00000000ffa00000,0x00000000ffaf8000,0x00000000ffd00000)
  to   space 3072K, 0% used [0x00000000ffd00000,0x00000000ffd00000,0x0000000100000000)
 ParOldGen       total 286720K, used 164985K [0x00000000e4000000, 0x00000000f5800000, 0x00000000f5800000)
  object space 286720K, 57% used [0x00000000e4000000,0x00000000ee11e668,0x00000000f5800000)
 Metaspace       used 71243K, capacity 75286K, committed 75392K, reserved 1114112K
  class space    used 9108K, capacity 9829K, committed 9856K, reserved 1048576K
2024-06-11T23:20:38.327+0800: 3857.416: [GC (Allocation Failure) [PSYoungGen: 166880K->1367K(168960K)] 331865K->166536K(455680K), 0.0067832 secs] [Times: user=0.01 sys=0.00, real=0.01 secs] 
Heap after GC invocations=384 (full 0):
 PSYoungGen      total 168960K, used 1367K [0x00000000f5800000, 0x0000000100000000, 0x0000000100000000)
  eden space 165888K, 0% used [0x00000000f5800000,0x00000000f5800000,0x00000000ffa00000)
  from space 3072K, 44% used [0x00000000ffd00000,0x00000000ffe55d80,0x0000000100000000)
  to   space 3072K, 0% used [0x00000000ffa00000,0x00000000ffa00000,0x00000000ffd00000)
 ParOldGen       total 286720K, used 165169K [0x00000000e4000000, 0x00000000f5800000, 0x00000000f5800000)
  object space 286720K, 57% used [0x00000000e4000000,0x00000000ee14c668,0x00000000f5800000)
 Metaspace       used 71243K, capacity 75286K, committed 75392K, reserved 1114112K
  class space    used 9108K, capacity 9829K, committed 9856K, reserved 1048576K
}
{Heap before GC invocations=385 (full 0):
 PSYoungGen      total 168960K, used 167255K [0x00000000f5800000, 0x0000000100000000, 0x0000000100000000)
  eden space 165888K, 100% used [0x00000000f5800000,0x00000000ffa00000,0x00000000ffa00000)
  from space 3072K, 44% used [0x00000000ffd00000,0x00000000ffe55d80,0x0000000100000000)
  to   space 3072K, 0% used [0x00000000ffa00000,0x00000000ffa00000,0x00000000ffd00000)
 ParOldGen       total 286720K, used 165169K [0x00000000e4000000, 0x00000000f5800000, 0x00000000f5800000)
  object space 286720K, 57% used [0x00000000e4000000,0x00000000ee14c668,0x00000000f5800000)
 Metaspace       used 71243K, capacity 75286K, committed 75392K, reserved 1114112K
  class space    used 9108K, capacity 9829K, committed 9856K, reserved 1048576K
2024-06-11T23:20:48.570+0800: 3867.659: [GC (Allocation Failure) [PSYoungGen: 167255K->992K(168960K)] 332424K->166337K(455680K), 0.0058195 secs] [Times: user=0.01 sys=0.00, real=0.01 secs] 
Heap after GC invocations=385 (full 0):
 PSYoungGen      total 168960K, used 992K [0x00000000f5800000, 0x0000000100000000, 0x0000000100000000)
  eden space 165888K, 0% used [0x00000000f5800000,0x00000000f5800000,0x00000000ffa00000)
  from space 3072K, 32% used [0x00000000ffa00000,0x00000000ffaf8000,0x00000000ffd00000)
  to   space 3072K, 0% used [0x00000000ffd00000,0x00000000ffd00000,0x0000000100000000)
 ParOldGen       total 286720K, used 165345K [0x00000000e4000000, 0x00000000f5800000, 0x00000000f5800000)
  object space 286720K, 57% used [0x00000000e4000000,0x00000000ee178668,0x00000000f5800000)
 Metaspace       used 71243K, capacity 75286K, committed 75392K, reserved 1114112K
  class space    used 9108K, capacity 9829K, committed 9856K, reserved 1048576K
}
{Heap before GC invocations=386 (full 0):
 PSYoungGen      total 168960K, used 166880K [0x00000000f5800000, 0x0000000100000000, 0x0000000100000000)
  eden space 165888K, 100% used [0x00000000f5800000,0x00000000ffa00000,0x00000000ffa00000)
  from space 3072K, 32% used [0x00000000ffa00000,0x00000000ffaf8000,0x00000000ffd00000)
  to   space 3072K, 0% used [0x00000000ffd00000,0x00000000ffd00000,0x0000000100000000)
 ParOldGen       total 286720K, used 165345K [0x00000000e4000000, 0x00000000f5800000, 0x00000000f5800000)
  object space 286720K, 57% used [0x00000000e4000000,0x00000000ee178668,0x00000000f5800000)
 Metaspace       used 71243K, capacity 75286K, committed 75392K, reserved 1114112K
  class space    used 9108K, capacity 9829K, committed 9856K, reserved 1048576K
2024-06-11T23:20:58.797+0800: 3877.886: [GC (Allocation Failure) [PSYoungGen: 166880K->992K(169472K)] 332225K->166521K(456192K), 0.0063053 secs] [Times: user=0.01 sys=0.00, real=0.01 secs] 
Heap after GC invocations=386 (full 0):
 PSYoungGen      total 169472K, used 992K [0x00000000f5800000, 0x0000000100000000, 0x0000000100000000)
  eden space 166400K, 0% used [0x00000000f5800000,0x00000000f5800000,0x00000000ffa80000)
  from space 3072K, 32% used [0x00000000ffd00000,0x00000000ffdf8000,0x0000000100000000)
  to   space 2560K, 0% used [0x00000000ffa80000,0x00000000ffa80000,0x00000000ffd00000)
 ParOldGen       total 286720K, used 165529K [0x00000000e4000000, 0x00000000f5800000, 0x00000000f5800000)
  object space 286720K, 57% used [0x00000000e4000000,0x00000000ee1a6668,0x00000000f5800000)
 Metaspace       used 71243K, capacity 75286K, committed 75392K, reserved 1114112K
  class space    used 9108K, capacity 9829K, committed 9856K, reserved 1048576K
}
{Heap before GC invocations=387 (full 0):
 PSYoungGen      total 169472K, used 167392K [0x00000000f5800000, 0x0000000100000000, 0x0000000100000000)
  eden space 166400K, 100% used [0x00000000f5800000,0x00000000ffa80000,0x00000000ffa80000)
  from space 3072K, 32% used [0x00000000ffd00000,0x00000000ffdf8000,0x0000000100000000)
  to   space 2560K, 0% used [0x00000000ffa80000,0x00000000ffa80000,0x00000000ffd00000)
 ParOldGen       total 286720K, used 165529K [0x00000000e4000000, 0x00000000f5800000, 0x00000000f5800000)
  object space 286720K, 57% used [0x00000000e4000000,0x00000000ee1a6668,0x00000000f5800000)
 Metaspace       used 71243K, capacity 75286K, committed 75392K, reserved 1114112K
  class space    used 9108K, capacity 9829K, committed 9856K, reserved 1048576K
2024-06-11T23:21:09.242+0800: 3888.331: [GC (Allocation Failure) [PSYoungGen: 167392K->2048K(168960K)] 332921K->167761K(455680K), 0.0075715 secs] [Times: user=0.01 sys=0.00, real=0.00 secs] 
Heap after GC invocations=387 (full 0):
 PSYoungGen      total 168960K, used 2048K [0x00000000f5800000, 0x0000000100000000, 0x0000000100000000)
  eden space 166400K, 0% used [0x00000000f5800000,0x00000000f5800000,0x00000000ffa80000)
  from space 2560K, 80% used [0x00000000ffa80000,0x00000000ffc80000,0x00000000ffd00000)
  to   space 3072K, 0% used [0x00000000ffd00000,0x00000000ffd00000,0x0000000100000000)
 ParOldGen       total 286720K, used 165713K [0x00000000e4000000, 0x00000000f5800000, 0x00000000f5800000)
  object space 286720K, 57% used [0x00000000e4000000,0x00000000ee1d4668,0x00000000f5800000)
 Metaspace       used 71243K, capacity 75286K, committed 75392K, reserved 1114112K
  class space    used 9108K, capacity 9829K, committed 9856K, reserved 1048576K
}
{Heap before GC invocations=388 (full 0):
 PSYoungGen      total 168960K, used 168448K [0x00000000f5800000, 0x0000000100000000, 0x0000000100000000)
  eden space 166400K, 100% used [0x00000000f5800000,0x00000000ffa80000,0x00000000ffa80000)
  from space 2560K, 80% used [0x00000000ffa80000,0x00000000ffc80000,0x00000000ffd00000)
  to   space 3072K, 0% used [0x00000000ffd00000,0x00000000ffd00000,0x0000000100000000)
 ParOldGen       total 286720K, used 165713K [0x00000000e4000000, 0x00000000f5800000, 0x00000000f5800000)
  object space 286720K, 57% used [0x00000000e4000000,0x00000000ee1d4668,0x00000000f5800000)
 Metaspace       used 71243K, capacity 75286K, committed 75392K, reserved 1114112K
  class space    used 9108K, capacity 9829K, committed 9856K, reserved 1048576K
2024-06-11T23:21:19.380+0800: 3898.469: [GC (Allocation Failure) [PSYoungGen: 168448K->1696K(168960K)] 334161K->168697K(455680K), 0.0088878 secs] [Times: user=0.02 sys=0.00, real=0.01 secs] 
Heap after GC invocations=388 (full 0):
 PSYoungGen      total 168960K, used 1696K [0x00000000f5800000, 0x0000000100000000, 0x0000000100000000)
  eden space 165888K, 0% used [0x00000000f5800000,0x00000000f5800000,0x00000000ffa00000)
  from space 3072K, 55% used [0x00000000ffd00000,0x00000000ffea8000,0x0000000100000000)
  to   space 3072K, 0% used [0x00000000ffa00000,0x00000000ffa00000,0x00000000ffd00000)
 ParOldGen       total 286720K, used 167001K [0x00000000e4000000, 0x00000000f5800000, 0x00000000f5800000)
  object space 286720K, 58% used [0x00000000e4000000,0x00000000ee316668,0x00000000f5800000)
 Metaspace       used 71243K, capacity 75286K, committed 75392K, reserved 1114112K
  class space    used 9108K, capacity 9829K, committed 9856K, reserved 1048576K
}
{Heap before GC invocations=389 (full 0):
 PSYoungGen      total 168960K, used 167584K [0x00000000f5800000, 0x0000000100000000, 0x0000000100000000)
  eden space 165888K, 100% used [0x00000000f5800000,0x00000000ffa00000,0x00000000ffa00000)
  from space 3072K, 55% used [0x00000000ffd00000,0x00000000ffea8000,0x0000000100000000)
  to   space 3072K, 0% used [0x00000000ffa00000,0x00000000ffa00000,0x00000000ffd00000)
 ParOldGen       total 286720K, used 167001K [0x00000000e4000000, 0x00000000f5800000, 0x00000000f5800000)
  object space 286720K, 58% used [0x00000000e4000000,0x00000000ee316668,0x00000000f5800000)
 Metaspace       used 71248K, capacity 75286K, committed 75392K, reserved 1114112K
  class space    used 9108K, capacity 9829K, committed 9856K, reserved 1048576K
2024-06-11T23:21:29.672+0800: 3908.761: [GC (Allocation Failure) [PSYoungGen: 167584K->1024K(168960K)] 334585K->168913K(455680K), 0.0086816 secs] [Times: user=0.01 sys=0.00, real=0.01 secs] 
Heap after GC invocations=389 (full 0):
 PSYoungGen      total 168960K, used 1024K [0x00000000f5800000, 0x0000000100000000, 0x0000000100000000)
  eden space 165888K, 0% used [0x00000000f5800000,0x00000000f5800000,0x00000000ffa00000)
  from space 3072K, 33% used [0x00000000ffa00000,0x00000000ffb00000,0x00000000ffd00000)
  to   space 3072K, 0% used [0x00000000ffd00000,0x00000000ffd00000,0x0000000100000000)
 ParOldGen       total 286720K, used 167889K [0x00000000e4000000, 0x00000000f5800000, 0x00000000f5800000)
  object space 286720K, 58% used [0x00000000e4000000,0x00000000ee3f4668,0x00000000f5800000)
 Metaspace       used 71248K, capacity 75286K, committed 75392K, reserved 1114112K
  class space    used 9108K, capacity 9829K, committed 9856K, reserved 1048576K
}
{Heap before GC invocations=390 (full 0):
 PSYoungGen      total 168960K, used 166912K [0x00000000f5800000, 0x0000000100000000, 0x0000000100000000)
  eden space 165888K, 100% used [0x00000000f5800000,0x00000000ffa00000,0x00000000ffa00000)
  from space 3072K, 33% used [0x00000000ffa00000,0x00000000ffb00000,0x00000000ffd00000)
  to   space 3072K, 0% used [0x00000000ffd00000,0x00000000ffd00000,0x0000000100000000)
 ParOldGen       total 286720K, used 167889K [0x00000000e4000000, 0x00000000f5800000, 0x00000000f5800000)
  object space 286720K, 58% used [0x00000000e4000000,0x00000000ee3f4668,0x00000000f5800000)
 Metaspace       used 71248K, capacity 75286K, committed 75392K, reserved 1114112K
  class space    used 9108K, capacity 9829K, committed 9856K, reserved 1048576K
2024-06-11T23:21:40.052+0800: 3919.141: [GC (Allocation Failure) [PSYoungGen: 166912K->992K(169472K)] 334801K->169065K(456192K), 0.0068170 secs] [Times: user=0.01 sys=0.00, real=0.00 secs] 
Heap after GC invocations=390 (full 0):
 PSYoungGen      total 169472K, used 992K [0x00000000f5800000, 0x0000000100000000, 0x0000000100000000)
  eden space 166400K, 0% used [0x00000000f5800000,0x00000000f5800000,0x00000000ffa80000)
  from space 3072K, 32% used [0x00000000ffd00000,0x00000000ffdf8000,0x0000000100000000)
  to   space 2560K, 0% used [0x00000000ffa80000,0x00000000ffa80000,0x00000000ffd00000)
 ParOldGen       total 286720K, used 168073K [0x00000000e4000000, 0x00000000f5800000, 0x00000000f5800000)
  object space 286720K, 58% used [0x00000000e4000000,0x00000000ee422668,0x00000000f5800000)
 Metaspace       used 71248K, capacity 75286K, committed 75392K, reserved 1114112K
  class space    used 9108K, capacity 9829K, committed 9856K, reserved 1048576K
}
{Heap before GC invocations=391 (full 0):
 PSYoungGen      total 169472K, used 167392K [0x00000000f5800000, 0x0000000100000000, 0x0000000100000000)
  eden space 166400K, 100% used [0x00000000f5800000,0x00000000ffa80000,0x00000000ffa80000)
  from space 3072K, 32% used [0x00000000ffd00000,0x00000000ffdf8000,0x0000000100000000)
  to   space 2560K, 0% used [0x00000000ffa80000,0x00000000ffa80000,0x00000000ffd00000)
 ParOldGen       total 286720K, used 168073K [0x00000000e4000000, 0x00000000f5800000, 0x00000000f5800000)
  object space 286720K, 58% used [0x00000000e4000000,0x00000000ee422668,0x00000000f5800000)
 Metaspace       used 71248K, capacity 75286K, committed 75392K, reserved 1114112K
  class space    used 9108K, capacity 9829K, committed 9856K, reserved 1048576K
2024-06-11T23:21:50.172+0800: 3929.260: [GC (Allocation Failure) [PSYoungGen: 167392K->992K(168960K)] 335465K->169249K(455680K), 0.0061606 secs] [Times: user=0.01 sys=0.01, real=0.00 secs] 
Heap after GC invocations=391 (full 0):
 PSYoungGen      total 168960K, used 992K [0x00000000f5800000, 0x0000000100000000, 0x0000000100000000)
  eden space 166400K, 0% used [0x00000000f5800000,0x00000000f5800000,0x00000000ffa80000)
  from space 2560K, 38% used [0x00000000ffa80000,0x00000000ffb78000,0x00000000ffd00000)
  to   space 2560K, 0% used [0x00000000ffd80000,0x00000000ffd80000,0x0000000100000000)
 ParOldGen       total 286720K, used 168257K [0x00000000e4000000, 0x00000000f5800000, 0x00000000f5800000)
  object space 286720K, 58% used [0x00000000e4000000,0x00000000ee450668,0x00000000f5800000)
 Metaspace       used 71248K, capacity 75286K, committed 75392K, reserved 1114112K
  class space    used 9108K, capacity 9829K, committed 9856K, reserved 1048576K
}
{Heap before GC invocations=392 (full 0):
 PSYoungGen      total 168960K, used 167392K [0x00000000f5800000, 0x0000000100000000, 0x0000000100000000)
  eden space 166400K, 100% used [0x00000000f5800000,0x00000000ffa80000,0x00000000ffa80000)
  from space 2560K, 38% used [0x00000000ffa80000,0x00000000ffb78000,0x00000000ffd00000)
  to   space 2560K, 0% used [0x00000000ffd80000,0x00000000ffd80000,0x0000000100000000)
 ParOldGen       total 286720K, used 168257K [0x00000000e4000000, 0x00000000f5800000, 0x00000000f5800000)
  object space 286720K, 58% used [0x00000000e4000000,0x00000000ee450668,0x00000000f5800000)
 Metaspace       used 71248K, capacity 75286K, committed 75392K, reserved 1114112K
  class space    used 9108K, capacity 9829K, committed 9856K, reserved 1048576K
2024-06-11T23:22:00.748+0800: 3939.837: [GC (Allocation Failure) [PSYoungGen: 167392K->992K(169472K)] 335649K->169425K(456192K), 0.0059881 secs] [Times: user=0.01 sys=0.00, real=0.01 secs] 
Heap after GC invocations=392 (full 0):
 PSYoungGen      total 169472K, used 992K [0x00000000f5800000, 0x0000000100000000, 0x0000000100000000)
  eden space 166912K, 0% used [0x00000000f5800000,0x00000000f5800000,0x00000000ffb00000)
  from space 2560K, 38% used [0x00000000ffd80000,0x00000000ffe78000,0x0000000100000000)
  to   space 2560K, 0% used [0x00000000ffb00000,0x00000000ffb00000,0x00000000ffd80000)
 ParOldGen       total 286720K, used 168433K [0x00000000e4000000, 0x00000000f5800000, 0x00000000f5800000)
  object space 286720K, 58% used [0x00000000e4000000,0x00000000ee47c668,0x00000000f5800000)
 Metaspace       used 71248K, capacity 75286K, committed 75392K, reserved 1114112K
  class space    used 9108K, capacity 9829K, committed 9856K, reserved 1048576K
}
{Heap before GC invocations=393 (full 0):
 PSYoungGen      total 169472K, used 167904K [0x00000000f5800000, 0x0000000100000000, 0x0000000100000000)
  eden space 166912K, 100% used [0x00000000f5800000,0x00000000ffb00000,0x00000000ffb00000)
  from space 2560K, 38% used [0x00000000ffd80000,0x00000000ffe78000,0x0000000100000000)
  to   space 2560K, 0% used [0x00000000ffb00000,0x00000000ffb00000,0x00000000ffd80000)
 ParOldGen       total 286720K, used 168433K [0x00000000e4000000, 0x00000000f5800000, 0x00000000f5800000)
  object space 286720K, 58% used [0x00000000e4000000,0x00000000ee47c668,0x00000000f5800000)
 Metaspace       used 71248K, capacity 75286K, committed 75392K, reserved 1114112K
  class space    used 9108K, capacity 9829K, committed 9856K, reserved 1048576K
2024-06-11T23:22:10.955+0800: 3950.044: [GC (Allocation Failure) [PSYoungGen: 167904K->2560K(169472K)] 336337K->171217K(456192K), 0.0083667 secs] [Times: user=0.01 sys=0.01, real=0.01 secs] 
Heap after GC invocations=393 (full 0):
 PSYoungGen      total 169472K, used 2560K [0x00000000f5800000, 0x0000000100000000, 0x0000000100000000)
  eden space 166912K, 0% used [0x00000000f5800000,0x00000000f5800000,0x00000000ffb00000)
  from space 2560K, 100% used [0x00000000ffb00000,0x00000000ffd80000,0x00000000ffd80000)
  to   space 2560K, 0% used [0x00000000ffd80000,0x00000000ffd80000,0x0000000100000000)
 ParOldGen       total 286720K, used 168657K [0x00000000e4000000, 0x00000000f5800000, 0x00000000f5800000)
  object space 286720K, 58% used [0x00000000e4000000,0x00000000ee4b4668,0x00000000f5800000)
 Metaspace       used 71248K, capacity 75286K, committed 75392K, reserved 1114112K
  class space    used 9108K, capacity 9829K, committed 9856K, reserved 1048576K
}
{Heap before GC invocations=394 (full 0):
 PSYoungGen      total 169472K, used 169472K [0x00000000f5800000, 0x0000000100000000, 0x0000000100000000)
  eden space 166912K, 100% used [0x00000000f5800000,0x00000000ffb00000,0x00000000ffb00000)
  from space 2560K, 100% used [0x00000000ffb00000,0x00000000ffd80000,0x00000000ffd80000)
  to   space 2560K, 0% used [0x00000000ffd80000,0x00000000ffd80000,0x0000000100000000)
 ParOldGen       total 286720K, used 168657K [0x00000000e4000000, 0x00000000f5800000, 0x00000000f5800000)
  object space 286720K, 58% used [0x00000000e4000000,0x00000000ee4b4668,0x00000000f5800000)
 Metaspace       used 71248K, capacity 75286K, committed 75392K, reserved 1114112K
  class space    used 9108K, capacity 9829K, committed 9856K, reserved 1048576K
2024-06-11T23:22:21.223+0800: 3960.311: [GC (Allocation Failure) [PSYoungGen: 169472K->1600K(168448K)] 338129K->172673K(455168K), 0.0103074 secs] [Times: user=0.02 sys=0.00, real=0.01 secs] 
Heap after GC invocations=394 (full 0):
 PSYoungGen      total 168448K, used 1600K [0x00000000f5800000, 0x0000000100000000, 0x0000000100000000)
  eden space 165888K, 0% used [0x00000000f5800000,0x00000000f5800000,0x00000000ffa00000)
  from space 2560K, 62% used [0x00000000ffd80000,0x00000000fff10000,0x0000000100000000)
  to   space 3072K, 0% used [0x00000000ffa00000,0x00000000ffa00000,0x00000000ffd00000)
 ParOldGen       total 286720K, used 171073K [0x00000000e4000000, 0x00000000f5800000, 0x00000000f5800000)
  object space 286720K, 59% used [0x00000000e4000000,0x00000000ee710668,0x00000000f5800000)
 Metaspace       used 71248K, capacity 75286K, committed 75392K, reserved 1114112K
  class space    used 9108K, capacity 9829K, committed 9856K, reserved 1048576K
}
{Heap before GC invocations=395 (full 0):
 PSYoungGen      total 168448K, used 167488K [0x00000000f5800000, 0x0000000100000000, 0x0000000100000000)
  eden space 165888K, 100% used [0x00000000f5800000,0x00000000ffa00000,0x00000000ffa00000)
  from space 2560K, 62% used [0x00000000ffd80000,0x00000000fff10000,0x0000000100000000)
  to   space 3072K, 0% used [0x00000000ffa00000,0x00000000ffa00000,0x00000000ffd00000)
 ParOldGen       total 286720K, used 171073K [0x00000000e4000000, 0x00000000f5800000, 0x00000000f5800000)
  object space 286720K, 59% used [0x00000000e4000000,0x00000000ee710668,0x00000000f5800000)
 Metaspace       used 71248K, capacity 75286K, committed 75392K, reserved 1114112K
  class space    used 9108K, capacity 9829K, committed 9856K, reserved 1048576K
2024-06-11T23:22:31.613+0800: 3970.702: [GC (Allocation Failure) [PSYoungGen: 167488K->672K(168960K)] 338561K->172545K(455680K), 0.0067279 secs] [Times: user=0.01 sys=0.00, real=0.00 secs] 
