Java HotSpot(TM) 64-Bit Server VM (25.281-b09) for linux-amd64 JRE (1.8.0_281-b09), built on Dec  9 2020 12:37:33 by "java_re" with gcc 7.3.0
Memory: 4k page, physical 3782684k(1662068k free), swap 0k(0k free)
CommandLine flags: -XX:CompressedClassSpaceSize=125829120 -XX:+HeapDumpOnOutOfMemoryError -XX:HeapDumpPath=/root/logs/java_heapdump.hprof -XX:InitialHeapSize=192937984 -XX:MaxHeapSize=192937984 -XX:MaxMetaspaceSize=134217728 -XX:MaxNewSize=75497472 -XX:MetaspaceSize=134217728 -XX:NewSize=75497472 -XX:-OmitStackTraceInFastThrow -XX:+PrintGC -XX:+PrintGCDateStamps -XX:+PrintGCDetails -XX:+PrintGCTimeStamps -XX:+PrintHeapAtGC -XX:+UseCompressedClassPointers -XX:+UseCompressedOops -XX:-UseLargePages -XX:+UseParallelGC 
{Heap before GC invocations=1 (full 0):
 PSYoungGen      total 64512K, used 55296K [0x00000000fb800000, 0x0000000100000000, 0x0000000100000000)
  eden space 55296K, 100% used [0x00000000fb800000,0x00000000fee00000,0x00000000fee00000)
  from space 9216K, 0% used [0x00000000ff700000,0x00000000ff700000,0x0000000100000000)
  to   space 9216K, 0% used [0x00000000fee00000,0x00000000fee00000,0x00000000ff700000)
 ParOldGen       total 114688K, used 0K [0x00000000f4800000, 0x00000000fb800000, 0x00000000fb800000)
  object space 114688K, 0% used [0x00000000f4800000,0x00000000f4800000,0x00000000fb800000)
 Metaspace       used 9881K, capacity 10220K, committed 10496K, reserved 1058816K
  class space    used 1141K, capacity 1250K, committed 1280K, reserved 1048576K
2024-06-11T20:39:01.541+0800: 0.754: [GC (Allocation Failure) [PSYoungGen: 55296K->3040K(64512K)] 55296K->3048K(179200K), 0.0100567 secs] [Times: user=0.02 sys=0.00, real=0.01 secs] 
Heap after GC invocations=1 (full 0):
 PSYoungGen      total 64512K, used 3040K [0x00000000fb800000, 0x0000000100000000, 0x0000000100000000)
  eden space 55296K, 0% used [0x00000000fb800000,0x00000000fb800000,0x00000000fee00000)
  from space 9216K, 32% used [0x00000000fee00000,0x00000000ff0f8138,0x00000000ff700000)
  to   space 9216K, 0% used [0x00000000ff700000,0x00000000ff700000,0x0000000100000000)
 ParOldGen       total 114688K, used 8K [0x00000000f4800000, 0x00000000fb800000, 0x00000000fb800000)
  object space 114688K, 0% used [0x00000000f4800000,0x00000000f4802000,0x00000000fb800000)
 Metaspace       used 9881K, capacity 10220K, committed 10496K, reserved 1058816K
  class space    used 1141K, capacity 1250K, committed 1280K, reserved 1048576K
}
{Heap before GC invocations=2 (full 0):
 PSYoungGen      total 64512K, used 58336K [0x00000000fb800000, 0x0000000100000000, 0x0000000100000000)
  eden space 55296K, 100% used [0x00000000fb800000,0x00000000fee00000,0x00000000fee00000)
  from space 9216K, 32% used [0x00000000fee00000,0x00000000ff0f8138,0x00000000ff700000)
  to   space 9216K, 0% used [0x00000000ff700000,0x00000000ff700000,0x0000000100000000)
 ParOldGen       total 114688K, used 8K [0x00000000f4800000, 0x00000000fb800000, 0x00000000fb800000)
  object space 114688K, 0% used [0x00000000f4800000,0x00000000f4802000,0x00000000fb800000)
 Metaspace       used 15368K, capacity 16094K, committed 16256K, reserved 1062912K
  class space    used 1866K, capacity 2055K, committed 2176K, reserved 1048576K
2024-06-11T20:39:02.127+0800: 1.340: [GC (Allocation Failure) [PSYoungGen: 58336K->4080K(64512K)] 58344K->4104K(179200K), 0.0083705 secs] [Times: user=0.02 sys=0.00, real=0.01 secs] 
Heap after GC invocations=2 (full 0):
 PSYoungGen      total 64512K, used 4080K [0x00000000fb800000, 0x0000000100000000, 0x0000000100000000)
  eden space 55296K, 0% used [0x00000000fb800000,0x00000000fb800000,0x00000000fee00000)
  from space 9216K, 44% used [0x00000000ff700000,0x00000000ffafc010,0x0000000100000000)
  to   space 9216K, 0% used [0x00000000fee00000,0x00000000fee00000,0x00000000ff700000)
 ParOldGen       total 114688K, used 24K [0x00000000f4800000, 0x00000000fb800000, 0x00000000fb800000)
  object space 114688K, 0% used [0x00000000f4800000,0x00000000f4806000,0x00000000fb800000)
 Metaspace       used 15368K, capacity 16094K, committed 16256K, reserved 1062912K
  class space    used 1866K, capacity 2055K, committed 2176K, reserved 1048576K
}
{Heap before GC invocations=3 (full 0):
 PSYoungGen      total 64512K, used 59376K [0x00000000fb800000, 0x0000000100000000, 0x0000000100000000)
  eden space 55296K, 100% used [0x00000000fb800000,0x00000000fee00000,0x00000000fee00000)
  from space 9216K, 44% used [0x00000000ff700000,0x00000000ffafc010,0x0000000100000000)
  to   space 9216K, 0% used [0x00000000fee00000,0x00000000fee00000,0x00000000ff700000)
 ParOldGen       total 114688K, used 24K [0x00000000f4800000, 0x00000000fb800000, 0x00000000fb800000)
  object space 114688K, 0% used [0x00000000f4800000,0x00000000f4806000,0x00000000fb800000)
 Metaspace       used 19257K, capacity 20154K, committed 20352K, reserved 1067008K
  class space    used 2390K, capacity 2579K, committed 2688K, reserved 1048576K
2024-06-11T20:39:02.529+0800: 1.742: [GC (Allocation Failure) [PSYoungGen: 59376K->5679K(64512K)] 59400K->5711K(179200K), 0.0088005 secs] [Times: user=0.02 sys=0.00, real=0.01 secs] 
Heap after GC invocations=3 (full 0):
 PSYoungGen      total 64512K, used 5679K [0x00000000fb800000, 0x0000000100000000, 0x0000000100000000)
  eden space 55296K, 0% used [0x00000000fb800000,0x00000000fb800000,0x00000000fee00000)
  from space 9216K, 61% used [0x00000000fee00000,0x00000000ff38bf60,0x00000000ff700000)
  to   space 9216K, 0% used [0x00000000ff700000,0x00000000ff700000,0x0000000100000000)
 ParOldGen       total 114688K, used 32K [0x00000000f4800000, 0x00000000fb800000, 0x00000000fb800000)
  object space 114688K, 0% used [0x00000000f4800000,0x00000000f4808000,0x00000000fb800000)
 Metaspace       used 19257K, capacity 20154K, committed 20352K, reserved 1067008K
  class space    used 2390K, capacity 2579K, committed 2688K, reserved 1048576K
}
{Heap before GC invocations=4 (full 0):
 PSYoungGen      total 64512K, used 60975K [0x00000000fb800000, 0x0000000100000000, 0x0000000100000000)
  eden space 55296K, 100% used [0x00000000fb800000,0x00000000fee00000,0x00000000fee00000)
  from space 9216K, 61% used [0x00000000fee00000,0x00000000ff38bf60,0x00000000ff700000)
  to   space 9216K, 0% used [0x00000000ff700000,0x00000000ff700000,0x0000000100000000)
 ParOldGen       total 114688K, used 32K [0x00000000f4800000, 0x00000000fb800000, 0x00000000fb800000)
  object space 114688K, 0% used [0x00000000f4800000,0x00000000f4808000,0x00000000fb800000)
 Metaspace       used 20543K, capacity 21494K, committed 21760K, reserved 1069056K
  class space    used 2539K, capacity 2759K, committed 2816K, reserved 1048576K
2024-06-11T20:39:02.860+0800: 2.073: [GC (Allocation Failure) [PSYoungGen: 60975K->6945K(64512K)] 61007K->6985K(179200K), 0.0099044 secs] [Times: user=0.02 sys=0.00, real=0.01 secs] 
Heap after GC invocations=4 (full 0):
 PSYoungGen      total 64512K, used 6945K [0x00000000fb800000, 0x0000000100000000, 0x0000000100000000)
  eden space 55296K, 0% used [0x00000000fb800000,0x00000000fb800000,0x00000000fee00000)
  from space 9216K, 75% used [0x00000000ff700000,0x00000000ffdc8450,0x0000000100000000)
  to   space 9216K, 0% used [0x00000000fee00000,0x00000000fee00000,0x00000000ff700000)
 ParOldGen       total 114688K, used 40K [0x00000000f4800000, 0x00000000fb800000, 0x00000000fb800000)
  object space 114688K, 0% used [0x00000000f4800000,0x00000000f480a000,0x00000000fb800000)
 Metaspace       used 20543K, capacity 21494K, committed 21760K, reserved 1069056K
  class space    used 2539K, capacity 2759K, committed 2816K, reserved 1048576K
}
{Heap before GC invocations=5 (full 0):
 PSYoungGen      total 64512K, used 62241K [0x00000000fb800000, 0x0000000100000000, 0x0000000100000000)
  eden space 55296K, 100% used [0x00000000fb800000,0x00000000fee00000,0x00000000fee00000)
  from space 9216K, 75% used [0x00000000ff700000,0x00000000ffdc8450,0x0000000100000000)
  to   space 9216K, 0% used [0x00000000fee00000,0x00000000fee00000,0x00000000ff700000)
 ParOldGen       total 114688K, used 40K [0x00000000f4800000, 0x00000000fb800000, 0x00000000fb800000)
  object space 114688K, 0% used [0x00000000f4800000,0x00000000f480a000,0x00000000fb800000)
 Metaspace       used 21909K, capacity 23000K, committed 23168K, reserved 1069056K
  class space    used 2682K, capacity 2940K, committed 2944K, reserved 1048576K
2024-06-11T20:39:03.150+0800: 2.363: [GC (Allocation Failure) [PSYoungGen: 62241K->8001K(63488K)] 62281K->8049K(178176K), 0.0204154 secs] [Times: user=0.04 sys=0.00, real=0.02 secs] 
Heap after GC invocations=5 (full 0):
 PSYoungGen      total 63488K, used 8001K [0x00000000fb800000, 0x0000000100000000, 0x0000000100000000)
  eden space 55296K, 0% used [0x00000000fb800000,0x00000000fb800000,0x00000000fee00000)
  from space 8192K, 97% used [0x00000000fee00000,0x00000000ff5d0628,0x00000000ff600000)
  to   space 9728K, 0% used [0x00000000ff680000,0x00000000ff680000,0x0000000100000000)
 ParOldGen       total 114688K, used 48K [0x00000000f4800000, 0x00000000fb800000, 0x00000000fb800000)
  object space 114688K, 0% used [0x00000000f4800000,0x00000000f480c000,0x00000000fb800000)
 Metaspace       used 21909K, capacity 23000K, committed 23168K, reserved 1069056K
  class space    used 2682K, capacity 2940K, committed 2944K, reserved 1048576K
}
{Heap before GC invocations=6 (full 0):
 PSYoungGen      total 63488K, used 63297K [0x00000000fb800000, 0x0000000100000000, 0x0000000100000000)
  eden space 55296K, 100% used [0x00000000fb800000,0x00000000fee00000,0x00000000fee00000)
  from space 8192K, 97% used [0x00000000fee00000,0x00000000ff5d0628,0x00000000ff600000)
  to   space 9728K, 0% used [0x00000000ff680000,0x00000000ff680000,0x0000000100000000)
 ParOldGen       total 114688K, used 48K [0x00000000f4800000, 0x00000000fb800000, 0x00000000fb800000)
  object space 114688K, 0% used [0x00000000f4800000,0x00000000f480c000,0x00000000fb800000)
 Metaspace       used 23851K, capacity 25032K, committed 25344K, reserved 1071104K
  class space    used 2948K, capacity 3202K, committed 3328K, reserved 1048576K
2024-06-11T20:39:03.607+0800: 2.820: [GC (Allocation Failure) [PSYoungGen: 63297K->8081K(62976K)] 63345K->8137K(177664K), 0.0147612 secs] [Times: user=0.03 sys=0.00, real=0.02 secs] 
Heap after GC invocations=6 (full 0):
 PSYoungGen      total 62976K, used 8081K [0x00000000fb800000, 0x0000000100000000, 0x0000000100000000)
  eden space 53248K, 0% used [0x00000000fb800000,0x00000000fb800000,0x00000000fec00000)
  from space 9728K, 83% used [0x00000000ff680000,0x00000000ffe64638,0x0000000100000000)
  to   space 10240K, 0% used [0x00000000fec00000,0x00000000fec00000,0x00000000ff600000)
 ParOldGen       total 114688K, used 56K [0x00000000f4800000, 0x00000000fb800000, 0x00000000fb800000)
  object space 114688K, 0% used [0x00000000f4800000,0x00000000f480e000,0x00000000fb800000)
 Metaspace       used 23851K, capacity 25032K, committed 25344K, reserved 1071104K
  class space    used 2948K, capacity 3202K, committed 3328K, reserved 1048576K
}
{Heap before GC invocations=7 (full 0):
 PSYoungGen      total 62976K, used 61329K [0x00000000fb800000, 0x0000000100000000, 0x0000000100000000)
  eden space 53248K, 100% used [0x00000000fb800000,0x00000000fec00000,0x00000000fec00000)
  from space 9728K, 83% used [0x00000000ff680000,0x00000000ffe64638,0x0000000100000000)
  to   space 10240K, 0% used [0x00000000fec00000,0x00000000fec00000,0x00000000ff600000)
 ParOldGen       total 114688K, used 56K [0x00000000f4800000, 0x00000000fb800000, 0x00000000fb800000)
  object space 114688K, 0% used [0x00000000f4800000,0x00000000f480e000,0x00000000fb800000)
 Metaspace       used 25965K, capacity 27278K, committed 27392K, reserved 1073152K
  class space    used 3253K, capacity 3535K, committed 3584K, reserved 1048576K
2024-06-11T20:39:03.983+0800: 3.196: [GC (Allocation Failure) [PSYoungGen: 61329K->5332K(63488K)] 61385K->9042K(178176K), 0.0130066 secs] [Times: user=0.02 sys=0.00, real=0.01 secs] 
Heap after GC invocations=7 (full 0):
 PSYoungGen      total 63488K, used 5332K [0x00000000fb800000, 0x0000000100000000, 0x0000000100000000)
  eden space 53248K, 0% used [0x00000000fb800000,0x00000000fb800000,0x00000000fec00000)
  from space 10240K, 52% used [0x00000000fec00000,0x00000000ff135040,0x00000000ff600000)
  to   space 10240K, 0% used [0x00000000ff600000,0x00000000ff600000,0x0000000100000000)
 ParOldGen       total 114688K, used 3710K [0x00000000f4800000, 0x00000000fb800000, 0x00000000fb800000)
  object space 114688K, 3% used [0x00000000f4800000,0x00000000f4b9f950,0x00000000fb800000)
 Metaspace       used 25965K, capacity 27278K, committed 27392K, reserved 1073152K
  class space    used 3253K, capacity 3535K, committed 3584K, reserved 1048576K
}
{Heap before GC invocations=8 (full 0):
 PSYoungGen      total 63488K, used 58580K [0x00000000fb800000, 0x0000000100000000, 0x0000000100000000)
  eden space 53248K, 100% used [0x00000000fb800000,0x00000000fec00000,0x00000000fec00000)
  from space 10240K, 52% used [0x00000000fec00000,0x00000000ff135040,0x00000000ff600000)
  to   space 10240K, 0% used [0x00000000ff600000,0x00000000ff600000,0x0000000100000000)
 ParOldGen       total 114688K, used 3710K [0x00000000f4800000, 0x00000000fb800000, 0x00000000fb800000)
  object space 114688K, 3% used [0x00000000f4800000,0x00000000f4b9f950,0x00000000fb800000)
 Metaspace       used 27513K, capacity 28932K, committed 29312K, reserved 1075200K
  class space    used 3563K, capacity 3866K, committed 3968K, reserved 1048576K
2024-06-11T20:39:04.366+0800: 3.579: [GC (Allocation Failure) [PSYoungGen: 58580K->4436K(64000K)] 62290K->9930K(178688K), 0.0192661 secs] [Times: user=0.04 sys=0.00, real=0.02 secs] 
Heap after GC invocations=8 (full 0):
 PSYoungGen      total 64000K, used 4436K [0x00000000fb800000, 0x0000000100000000, 0x0000000100000000)
  eden space 53760K, 0% used [0x00000000fb800000,0x00000000fb800000,0x00000000fec80000)
  from space 10240K, 43% used [0x00000000ff600000,0x00000000ffa55040,0x0000000100000000)
  to   space 9728K, 0% used [0x00000000fec80000,0x00000000fec80000,0x00000000ff600000)
 ParOldGen       total 114688K, used 5494K [0x00000000f4800000, 0x00000000fb800000, 0x00000000fb800000)
  object space 114688K, 4% used [0x00000000f4800000,0x00000000f4d5d8a8,0x00000000fb800000)
 Metaspace       used 27513K, capacity 28932K, committed 29312K, reserved 1075200K
  class space    used 3563K, capacity 3866K, committed 3968K, reserved 1048576K
}
{Heap before GC invocations=9 (full 0):
 PSYoungGen      total 64000K, used 58196K [0x00000000fb800000, 0x0000000100000000, 0x0000000100000000)
  eden space 53760K, 100% used [0x00000000fb800000,0x00000000fec80000,0x00000000fec80000)
  from space 10240K, 43% used [0x00000000ff600000,0x00000000ffa55040,0x0000000100000000)
  to   space 9728K, 0% used [0x00000000fec80000,0x00000000fec80000,0x00000000ff600000)
 ParOldGen       total 114688K, used 5494K [0x00000000f4800000, 0x00000000fb800000, 0x00000000fb800000)
  object space 114688K, 4% used [0x00000000f4800000,0x00000000f4d5d8a8,0x00000000fb800000)
 Metaspace       used 31350K, capacity 33372K, committed 33536K, reserved 1079296K
  class space    used 4161K, capacity 4526K, committed 4608K, reserved 1048576K
2024-06-11T20:39:04.893+0800: 4.106: [GC (Allocation Failure) [PSYoungGen: 58196K->3808K(63488K)] 63690K->11446K(178176K), 0.0186414 secs] [Times: user=0.03 sys=0.00, real=0.02 secs] 
Heap after GC invocations=9 (full 0):
 PSYoungGen      total 63488K, used 3808K [0x00000000fb800000, 0x0000000100000000, 0x0000000100000000)
  eden space 53760K, 0% used [0x00000000fb800000,0x00000000fb800000,0x00000000fec80000)
  from space 9728K, 39% used [0x00000000fec80000,0x00000000ff038010,0x00000000ff600000)
  to   space 9728K, 0% used [0x00000000ff680000,0x00000000ff680000,0x0000000100000000)
 ParOldGen       total 114688K, used 7638K [0x00000000f4800000, 0x00000000fb800000, 0x00000000fb800000)
  object space 114688K, 6% used [0x00000000f4800000,0x00000000f4f758c8,0x00000000fb800000)
 Metaspace       used 31350K, capacity 33372K, committed 33536K, reserved 1079296K
  class space    used 4161K, capacity 4526K, committed 4608K, reserved 1048576K
}
{Heap before GC invocations=10 (full 0):
 PSYoungGen      total 63488K, used 57568K [0x00000000fb800000, 0x0000000100000000, 0x0000000100000000)
  eden space 53760K, 100% used [0x00000000fb800000,0x00000000fec80000,0x00000000fec80000)
  from space 9728K, 39% used [0x00000000fec80000,0x00000000ff038010,0x00000000ff600000)
  to   space 9728K, 0% used [0x00000000ff680000,0x00000000ff680000,0x0000000100000000)
 ParOldGen       total 114688K, used 7638K [0x00000000f4800000, 0x00000000fb800000, 0x00000000fb800000)
  object space 114688K, 6% used [0x00000000f4800000,0x00000000f4f758c8,0x00000000fb800000)
 Metaspace       used 36356K, capacity 38714K, committed 38912K, reserved 1083392K
  class space    used 4888K, capacity 5325K, committed 5376K, reserved 1048576K
2024-06-11T20:39:05.406+0800: 4.619: [GC (Allocation Failure) [PSYoungGen: 57568K->3216K(64000K)] 65206K->12898K(178688K), 0.0185978 secs] [Times: user=0.03 sys=0.00, real=0.02 secs] 
Heap after GC invocations=10 (full 0):
 PSYoungGen      total 64000K, used 3216K [0x00000000fb800000, 0x0000000100000000, 0x0000000100000000)
  eden space 54272K, 0% used [0x00000000fb800000,0x00000000fb800000,0x00000000fed00000)
  from space 9728K, 33% used [0x00000000ff680000,0x00000000ff9a4020,0x0000000100000000)
  to   space 9728K, 0% used [0x00000000fed00000,0x00000000fed00000,0x00000000ff680000)
 ParOldGen       total 114688K, used 9682K [0x00000000f4800000, 0x00000000fb800000, 0x00000000fb800000)
  object space 114688K, 8% used [0x00000000f4800000,0x00000000f51748f8,0x00000000fb800000)
 Metaspace       used 36356K, capacity 38714K, committed 38912K, reserved 1083392K
  class space    used 4888K, capacity 5325K, committed 5376K, reserved 1048576K
}
{Heap before GC invocations=11 (full 0):
 PSYoungGen      total 64000K, used 57488K [0x00000000fb800000, 0x0000000100000000, 0x0000000100000000)
  eden space 54272K, 100% used [0x00000000fb800000,0x00000000fed00000,0x00000000fed00000)
  from space 9728K, 33% used [0x00000000ff680000,0x00000000ff9a4020,0x0000000100000000)
  to   space 9728K, 0% used [0x00000000fed00000,0x00000000fed00000,0x00000000ff680000)
 ParOldGen       total 114688K, used 9682K [0x00000000f4800000, 0x00000000fb800000, 0x00000000fb800000)
  object space 114688K, 8% used [0x00000000f4800000,0x00000000f51748f8,0x00000000fb800000)
 Metaspace       used 38477K, capacity 40904K, committed 40960K, reserved 1085440K
  class space    used 5176K, capacity 5628K, committed 5632K, reserved 1048576K
2024-06-11T20:39:05.720+0800: 4.933: [GC (Allocation Failure) [PSYoungGen: 57488K->992K(55296K)] 67170K->13742K(169984K), 0.0082203 secs] [Times: user=0.02 sys=0.00, real=0.01 secs] 
Heap after GC invocations=11 (full 0):
 PSYoungGen      total 55296K, used 992K [0x00000000fb800000, 0x0000000100000000, 0x0000000100000000)
  eden space 54272K, 0% used [0x00000000fb800000,0x00000000fb800000,0x00000000fed00000)
  from space 1024K, 96% used [0x00000000fed00000,0x00000000fedf8010,0x00000000fee00000)
  to   space 10240K, 0% used [0x00000000ff600000,0x00000000ff600000,0x0000000100000000)
 ParOldGen       total 114688K, used 12750K [0x00000000f4800000, 0x00000000fb800000, 0x00000000fb800000)
  object space 114688K, 11% used [0x00000000f4800000,0x00000000f5473948,0x00000000fb800000)
 Metaspace       used 38477K, capacity 40904K, committed 40960K, reserved 1085440K
  class space    used 5176K, capacity 5628K, committed 5632K, reserved 1048576K
}
{Heap before GC invocations=12 (full 0):
 PSYoungGen      total 55296K, used 55264K [0x00000000fb800000, 0x0000000100000000, 0x0000000100000000)
  eden space 54272K, 100% used [0x00000000fb800000,0x00000000fed00000,0x00000000fed00000)
  from space 1024K, 96% used [0x00000000fed00000,0x00000000fedf8010,0x00000000fee00000)
  to   space 10240K, 0% used [0x00000000ff600000,0x00000000ff600000,0x0000000100000000)
 ParOldGen       total 114688K, used 12750K [0x00000000f4800000, 0x00000000fb800000, 0x00000000fb800000)
  object space 114688K, 11% used [0x00000000f4800000,0x00000000f5473948,0x00000000fb800000)
 Metaspace       used 41314K, capacity 43942K, committed 44160K, reserved 1087488K
  class space    used 5537K, capacity 6013K, committed 6016K, reserved 1048576K
2024-06-11T20:39:06.017+0800: 5.231: [GC (Allocation Failure) [PSYoungGen: 55264K->672K(63488K)] 68014K->14230K(178176K), 0.0121512 secs] [Times: user=0.02 sys=0.00, real=0.01 secs] 
Heap after GC invocations=12 (full 0):
 PSYoungGen      total 63488K, used 672K [0x00000000fb800000, 0x0000000100000000, 0x0000000100000000)
  eden space 53248K, 0% used [0x00000000fb800000,0x00000000fb800000,0x00000000fec00000)
  from space 10240K, 6% used [0x00000000ff600000,0x00000000ff6a8000,0x0000000100000000)
  to   space 10240K, 0% used [0x00000000fec00000,0x00000000fec00000,0x00000000ff600000)
 ParOldGen       total 114688K, used 13558K [0x00000000f4800000, 0x00000000fb800000, 0x00000000fb800000)
  object space 114688K, 11% used [0x00000000f4800000,0x00000000f553d958,0x00000000fb800000)
 Metaspace       used 41314K, capacity 43942K, committed 44160K, reserved 1087488K
  class space    used 5537K, capacity 6013K, committed 6016K, reserved 1048576K
}
{Heap before GC invocations=13 (full 0):
 PSYoungGen      total 63488K, used 53920K [0x00000000fb800000, 0x0000000100000000, 0x0000000100000000)
  eden space 53248K, 100% used [0x00000000fb800000,0x00000000fec00000,0x00000000fec00000)
  from space 10240K, 6% used [0x00000000ff600000,0x00000000ff6a8000,0x0000000100000000)
  to   space 10240K, 0% used [0x00000000fec00000,0x00000000fec00000,0x00000000ff600000)
 ParOldGen       total 114688K, used 13558K [0x00000000f4800000, 0x00000000fb800000, 0x00000000fb800000)
  object space 114688K, 11% used [0x00000000f4800000,0x00000000f553d958,0x00000000fb800000)
 Metaspace       used 43369K, capacity 46214K, committed 46336K, reserved 1089536K
  class space    used 5849K, capacity 6359K, committed 6400K, reserved 1048576K
2024-06-11T20:39:06.423+0800: 5.637: [GC (Allocation Failure) [PSYoungGen: 53920K->2360K(63488K)] 67478K->16470K(178176K), 0.0126442 secs] [Times: user=0.02 sys=0.00, real=0.01 secs] 
Heap after GC invocations=13 (full 0):
 PSYoungGen      total 63488K, used 2360K [0x00000000fb800000, 0x0000000100000000, 0x0000000100000000)
  eden space 53248K, 0% used [0x00000000fb800000,0x00000000fb800000,0x00000000fec00000)
  from space 10240K, 23% used [0x00000000fec00000,0x00000000fee4e040,0x00000000ff600000)
  to   space 10240K, 0% used [0x00000000ff600000,0x00000000ff600000,0x0000000100000000)
 ParOldGen       total 114688K, used 14110K [0x00000000f4800000, 0x00000000fb800000, 0x00000000fb800000)
  object space 114688K, 12% used [0x00000000f4800000,0x00000000f55c7988,0x00000000fb800000)
 Metaspace       used 43369K, capacity 46214K, committed 46336K, reserved 1089536K
  class space    used 5849K, capacity 6359K, committed 6400K, reserved 1048576K
}
{Heap before GC invocations=14 (full 0):
 PSYoungGen      total 63488K, used 55608K [0x00000000fb800000, 0x0000000100000000, 0x0000000100000000)
  eden space 53248K, 100% used [0x00000000fb800000,0x00000000fec00000,0x00000000fec00000)
  from space 10240K, 23% used [0x00000000fec00000,0x00000000fee4e040,0x00000000ff600000)
  to   space 10240K, 0% used [0x00000000ff600000,0x00000000ff600000,0x0000000100000000)
 ParOldGen       total 114688K, used 14110K [0x00000000f4800000, 0x00000000fb800000, 0x00000000fb800000)
  object space 114688K, 12% used [0x00000000f4800000,0x00000000f55c7988,0x00000000fb800000)
 Metaspace       used 45292K, capacity 48492K, committed 48768K, reserved 1091584K
  class space    used 6123K, capacity 6708K, committed 6784K, reserved 1048576K
2024-06-11T20:39:06.871+0800: 6.085: [GC (Allocation Failure) [PSYoungGen: 55608K->1984K(64000K)] 69718K->18262K(178688K), 0.0105515 secs] [Times: user=0.02 sys=0.00, real=0.01 secs] 
Heap after GC invocations=14 (full 0):
 PSYoungGen      total 64000K, used 1984K [0x00000000fb800000, 0x0000000100000000, 0x0000000100000000)
  eden space 53760K, 0% used [0x00000000fb800000,0x00000000fb800000,0x00000000fec80000)
  from space 10240K, 19% used [0x00000000ff600000,0x00000000ff7f0020,0x0000000100000000)
  to   space 9728K, 0% used [0x00000000fec80000,0x00000000fec80000,0x00000000ff600000)
 ParOldGen       total 114688K, used 16278K [0x00000000f4800000, 0x00000000fb800000, 0x00000000fb800000)
  object space 114688K, 14% used [0x00000000f4800000,0x00000000f57e59d8,0x00000000fb800000)
 Metaspace       used 45292K, capacity 48492K, committed 48768K, reserved 1091584K
  class space    used 6123K, capacity 6708K, committed 6784K, reserved 1048576K
}
{Heap before GC invocations=15 (full 0):
 PSYoungGen      total 64000K, used 55744K [0x00000000fb800000, 0x0000000100000000, 0x0000000100000000)
  eden space 53760K, 100% used [0x00000000fb800000,0x00000000fec80000,0x00000000fec80000)
  from space 10240K, 19% used [0x00000000ff600000,0x00000000ff7f0020,0x0000000100000000)
  to   space 9728K, 0% used [0x00000000fec80000,0x00000000fec80000,0x00000000ff600000)
 ParOldGen       total 114688K, used 16278K [0x00000000f4800000, 0x00000000fb800000, 0x00000000fb800000)
  object space 114688K, 14% used [0x00000000f4800000,0x00000000f57e59d8,0x00000000fb800000)
 Metaspace       used 47839K, capacity 51106K, committed 51328K, reserved 1093632K
  class space    used 6453K, capacity 7031K, committed 7040K, reserved 1048576K
2024-06-11T20:39:07.248+0800: 6.462: [GC (Allocation Failure) [PSYoungGen: 55744K->2272K(63488K)] 72022K->20390K(178176K), 0.0095785 secs] [Times: user=0.02 sys=0.00, real=0.01 secs] 
Heap after GC invocations=15 (full 0):
 PSYoungGen      total 63488K, used 2272K [0x00000000fb800000, 0x0000000100000000, 0x0000000100000000)
  eden space 53760K, 0% used [0x00000000fb800000,0x00000000fb800000,0x00000000fec80000)
  from space 9728K, 23% used [0x00000000fec80000,0x00000000feeb8030,0x00000000ff600000)
  to   space 9728K, 0% used [0x00000000ff680000,0x00000000ff680000,0x0000000100000000)
 ParOldGen       total 114688K, used 18118K [0x00000000f4800000, 0x00000000fb800000, 0x00000000fb800000)
  object space 114688K, 15% used [0x00000000f4800000,0x00000000f59b19f8,0x00000000fb800000)
 Metaspace       used 47839K, capacity 51106K, committed 51328K, reserved 1093632K
  class space    used 6453K, capacity 7031K, committed 7040K, reserved 1048576K
}
{Heap before GC invocations=16 (full 0):
 PSYoungGen      total 63488K, used 56032K [0x00000000fb800000, 0x0000000100000000, 0x0000000100000000)
  eden space 53760K, 100% used [0x00000000fb800000,0x00000000fec80000,0x00000000fec80000)
  from space 9728K, 23% used [0x00000000fec80000,0x00000000feeb8030,0x00000000ff600000)
  to   space 9728K, 0% used [0x00000000ff680000,0x00000000ff680000,0x0000000100000000)
 ParOldGen       total 114688K, used 18118K [0x00000000f4800000, 0x00000000fb800000, 0x00000000fb800000)
  object space 114688K, 15% used [0x00000000f4800000,0x00000000f59b19f8,0x00000000fb800000)
 Metaspace       used 50599K, capacity 54076K, committed 54400K, reserved 1095680K
  class space    used 6825K, capacity 7436K, committed 7552K, reserved 1048576K
2024-06-11T20:39:48.705+0800: 47.918: [GC (Allocation Failure) [PSYoungGen: 56032K->2514K(64512K)] 74150K->22520K(179200K), 0.0103194 secs] [Times: user=0.02 sys=0.00, real=0.01 secs] 
Heap after GC invocations=16 (full 0):
 PSYoungGen      total 64512K, used 2514K [0x00000000fb800000, 0x0000000100000000, 0x0000000100000000)
  eden space 54784K, 0% used [0x00000000fb800000,0x00000000fb800000,0x00000000fed80000)
  from space 9728K, 25% used [0x00000000ff680000,0x00000000ff8f4878,0x0000000100000000)
  to   space 9216K, 0% used [0x00000000fed80000,0x00000000fed80000,0x00000000ff680000)
 ParOldGen       total 114688K, used 20006K [0x00000000f4800000, 0x00000000fb800000, 0x00000000fb800000)
  object space 114688K, 17% used [0x00000000f4800000,0x00000000f5b89a28,0x00000000fb800000)
 Metaspace       used 50599K, capacity 54076K, committed 54400K, reserved 1095680K
  class space    used 6825K, capacity 7436K, committed 7552K, reserved 1048576K
}
{Heap before GC invocations=17 (full 0):
 PSYoungGen      total 64512K, used 57298K [0x00000000fb800000, 0x0000000100000000, 0x0000000100000000)
  eden space 54784K, 100% used [0x00000000fb800000,0x00000000fed80000,0x00000000fed80000)
  from space 9728K, 25% used [0x00000000ff680000,0x00000000ff8f4878,0x0000000100000000)
  to   space 9216K, 0% used [0x00000000fed80000,0x00000000fed80000,0x00000000ff680000)
 ParOldGen       total 114688K, used 20006K [0x00000000f4800000, 0x00000000fb800000, 0x00000000fb800000)
  object space 114688K, 17% used [0x00000000f4800000,0x00000000f5b89a28,0x00000000fb800000)
 Metaspace       used 54065K, capacity 57794K, committed 57856K, reserved 1099776K
  class space    used 7263K, capacity 7897K, committed 7936K, reserved 1048576K
2024-06-11T20:39:49.122+0800: 48.335: [GC (Allocation Failure) [PSYoungGen: 57298K->1344K(64000K)] 77304K->23417K(178688K), 0.0087227 secs] [Times: user=0.01 sys=0.00, real=0.00 secs] 
Heap after GC invocations=17 (full 0):
 PSYoungGen      total 64000K, used 1344K [0x00000000fb800000, 0x0000000100000000, 0x0000000100000000)
  eden space 54784K, 0% used [0x00000000fb800000,0x00000000fb800000,0x00000000fed80000)
  from space 9216K, 14% used [0x00000000fed80000,0x00000000feed0020,0x00000000ff680000)
  to   space 9216K, 0% used [0x00000000ff700000,0x00000000ff700000,0x0000000100000000)
 ParOldGen       total 114688K, used 22073K [0x00000000f4800000, 0x00000000fb800000, 0x00000000fb800000)
  object space 114688K, 19% used [0x00000000f4800000,0x00000000f5d8e608,0x00000000fb800000)
 Metaspace       used 54065K, capacity 57794K, committed 57856K, reserved 1099776K
  class space    used 7263K, capacity 7897K, committed 7936K, reserved 1048576K
}
{Heap before GC invocations=18 (full 0):
 PSYoungGen      total 64000K, used 56128K [0x00000000fb800000, 0x0000000100000000, 0x0000000100000000)
  eden space 54784K, 100% used [0x00000000fb800000,0x00000000fed80000,0x00000000fed80000)
  from space 9216K, 14% used [0x00000000fed80000,0x00000000feed0020,0x00000000ff680000)
  to   space 9216K, 0% used [0x00000000ff700000,0x00000000ff700000,0x0000000100000000)
 ParOldGen       total 114688K, used 22073K [0x00000000f4800000, 0x00000000fb800000, 0x00000000fb800000)
  object space 114688K, 19% used [0x00000000f4800000,0x00000000f5d8e608,0x00000000fb800000)
 Metaspace       used 60762K, capacity 64658K, committed 64896K, reserved 1105920K
  class space    used 8065K, capacity 8745K, committed 8832K, reserved 1048576K
2024-06-11T20:39:50.051+0800: 49.264: [GC (Allocation Failure) [PSYoungGen: 56128K->4709K(64512K)] 78201K->28001K(179200K), 0.0192799 secs] [Times: user=0.04 sys=0.00, real=0.01 secs] 
Heap after GC invocations=18 (full 0):
 PSYoungGen      total 64512K, used 4709K [0x00000000fb800000, 0x0000000100000000, 0x0000000100000000)
  eden space 55296K, 0% used [0x00000000fb800000,0x00000000fb800000,0x00000000fee00000)
  from space 9216K, 51% used [0x00000000ff700000,0x00000000ffb99730,0x0000000100000000)
  to   space 9216K, 0% used [0x00000000fee00000,0x00000000fee00000,0x00000000ff700000)
 ParOldGen       total 114688K, used 23291K [0x00000000f4800000, 0x00000000fb800000, 0x00000000fb800000)
  object space 114688K, 20% used [0x00000000f4800000,0x00000000f5ebedb8,0x00000000fb800000)
 Metaspace       used 60762K, capacity 64658K, committed 64896K, reserved 1105920K
  class space    used 8065K, capacity 8745K, committed 8832K, reserved 1048576K
}
{Heap before GC invocations=19 (full 0):
 PSYoungGen      total 64512K, used 60005K [0x00000000fb800000, 0x0000000100000000, 0x0000000100000000)
  eden space 55296K, 100% used [0x00000000fb800000,0x00000000fee00000,0x00000000fee00000)
  from space 9216K, 51% used [0x00000000ff700000,0x00000000ffb99730,0x0000000100000000)
  to   space 9216K, 0% used [0x00000000fee00000,0x00000000fee00000,0x00000000ff700000)
 ParOldGen       total 114688K, used 23291K [0x00000000f4800000, 0x00000000fb800000, 0x00000000fb800000)
  object space 114688K, 20% used [0x00000000f4800000,0x00000000f5ebedb8,0x00000000fb800000)
 Metaspace       used 64015K, capacity 68102K, committed 68224K, reserved 1107968K
  class space    used 8351K, capacity 9084K, committed 9088K, reserved 1048576K
2024-06-11T20:39:50.888+0800: 50.102: [GC (Allocation Failure) [PSYoungGen: 60005K->1984K(64512K)] 83297K->29467K(179200K), 0.0106800 secs] [Times: user=0.02 sys=0.00, real=0.01 secs] 
Heap after GC invocations=19 (full 0):
 PSYoungGen      total 64512K, used 1984K [0x00000000fb800000, 0x0000000100000000, 0x0000000100000000)
  eden space 55296K, 0% used [0x00000000fb800000,0x00000000fb800000,0x00000000fee00000)
  from space 9216K, 21% used [0x00000000fee00000,0x00000000feff0060,0x00000000ff700000)
  to   space 8704K, 0% used [0x00000000ff780000,0x00000000ff780000,0x0000000100000000)
 ParOldGen       total 114688K, used 27483K [0x00000000f4800000, 0x00000000fb800000, 0x00000000fb800000)
  object space 114688K, 23% used [0x00000000f4800000,0x00000000f62d6db0,0x00000000fb800000)
 Metaspace       used 64015K, capacity 68102K, committed 68224K, reserved 1107968K
  class space    used 8351K, capacity 9084K, committed 9088K, reserved 1048576K
}
{Heap before GC invocations=20 (full 0):
 PSYoungGen      total 64512K, used 57280K [0x00000000fb800000, 0x0000000100000000, 0x0000000100000000)
  eden space 55296K, 100% used [0x00000000fb800000,0x00000000fee00000,0x00000000fee00000)
  from space 9216K, 21% used [0x00000000fee00000,0x00000000feff0060,0x00000000ff700000)
  to   space 8704K, 0% used [0x00000000ff780000,0x00000000ff780000,0x0000000100000000)
 ParOldGen       total 114688K, used 27483K [0x00000000f4800000, 0x00000000fb800000, 0x00000000fb800000)
  object space 114688K, 23% used [0x00000000f4800000,0x00000000f62d6db0,0x00000000fb800000)
 Metaspace       used 65454K, capacity 69582K, committed 69760K, reserved 1110016K
  class space    used 8356K, capacity 9088K, committed 9088K, reserved 1048576K
2024-06-11T20:39:53.368+0800: 52.581: [GC (Allocation Failure) [PSYoungGen: 57280K->938K(65024K)] 84763K->30081K(179712K), 0.0060612 secs] [Times: user=0.00 sys=0.01, real=0.01 secs] 
Heap after GC invocations=20 (full 0):
 PSYoungGen      total 65024K, used 938K [0x00000000fb800000, 0x0000000100000000, 0x0000000100000000)
  eden space 56320K, 0% used [0x00000000fb800000,0x00000000fb800000,0x00000000fef00000)
  from space 8704K, 10% used [0x00000000ff780000,0x00000000ff86a9c0,0x0000000100000000)
  to   space 8704K, 0% used [0x00000000fef00000,0x00000000fef00000,0x00000000ff780000)
 ParOldGen       total 114688K, used 29142K [0x00000000f4800000, 0x00000000fb800000, 0x00000000fb800000)
  object space 114688K, 25% used [0x00000000f4800000,0x00000000f6475a40,0x00000000fb800000)
 Metaspace       used 65454K, capacity 69582K, committed 69760K, reserved 1110016K
  class space    used 8356K, capacity 9088K, committed 9088K, reserved 1048576K
}
{Heap before GC invocations=21 (full 0):
 PSYoungGen      total 65024K, used 57258K [0x00000000fb800000, 0x0000000100000000, 0x0000000100000000)
  eden space 56320K, 100% used [0x00000000fb800000,0x00000000fef00000,0x00000000fef00000)
  from space 8704K, 10% used [0x00000000ff780000,0x00000000ff86a9c0,0x0000000100000000)
  to   space 8704K, 0% used [0x00000000fef00000,0x00000000fef00000,0x00000000ff780000)
 ParOldGen       total 114688K, used 29142K [0x00000000f4800000, 0x00000000fb800000, 0x00000000fb800000)
  object space 114688K, 25% used [0x00000000f4800000,0x00000000f6475a40,0x00000000fb800000)
 Metaspace       used 65733K, capacity 69902K, committed 70016K, reserved 1110016K
  class space    used 8358K, capacity 9088K, committed 9088K, reserved 1048576K
2024-06-11T20:39:56.545+0800: 55.758: [GC (Allocation Failure) [PSYoungGen: 57258K->256K(65024K)] 86401K->29606K(179712K), 0.0065931 secs] [Times: user=0.01 sys=0.00, real=0.01 secs] 
Heap after GC invocations=21 (full 0):
 PSYoungGen      total 65024K, used 256K [0x00000000fb800000, 0x0000000100000000, 0x0000000100000000)
  eden space 56320K, 0% used [0x00000000fb800000,0x00000000fb800000,0x00000000fef00000)
  from space 8704K, 2% used [0x00000000fef00000,0x00000000fef40000,0x00000000ff780000)
  to   space 8704K, 0% used [0x00000000ff780000,0x00000000ff780000,0x0000000100000000)
 ParOldGen       total 114688K, used 29350K [0x00000000f4800000, 0x00000000fb800000, 0x00000000fb800000)
  object space 114688K, 25% used [0x00000000f4800000,0x00000000f64a9a50,0x00000000fb800000)
 Metaspace       used 65733K, capacity 69902K, committed 70016K, reserved 1110016K
  class space    used 8358K, capacity 9088K, committed 9088K, reserved 1048576K
}
{Heap before GC invocations=22 (full 0):
 PSYoungGen      total 65024K, used 56576K [0x00000000fb800000, 0x0000000100000000, 0x0000000100000000)
  eden space 56320K, 100% used [0x00000000fb800000,0x00000000fef00000,0x00000000fef00000)
  from space 8704K, 2% used [0x00000000fef00000,0x00000000fef40000,0x00000000ff780000)
  to   space 8704K, 0% used [0x00000000ff780000,0x00000000ff780000,0x0000000100000000)
 ParOldGen       total 114688K, used 29350K [0x00000000f4800000, 0x00000000fb800000, 0x00000000fb800000)
  object space 114688K, 25% used [0x00000000f4800000,0x00000000f64a9a50,0x00000000fb800000)
 Metaspace       used 65747K, capacity 69934K, committed 70144K, reserved 1110016K
  class space    used 8358K, capacity 9120K, committed 9216K, reserved 1048576K
2024-06-11T20:39:59.804+0800: 59.018: [GC (Allocation Failure) [PSYoungGen: 56576K->256K(65024K)] 85926K->29702K(179712K), 0.0072374 secs] [Times: user=0.01 sys=0.00, real=0.01 secs] 
Heap after GC invocations=22 (full 0):
 PSYoungGen      total 65024K, used 256K [0x00000000fb800000, 0x0000000100000000, 0x0000000100000000)
  eden space 56320K, 0% used [0x00000000fb800000,0x00000000fb800000,0x00000000fef00000)
  from space 8704K, 2% used [0x00000000ff780000,0x00000000ff7c0000,0x0000000100000000)
  to   space 8704K, 0% used [0x00000000fef00000,0x00000000fef00000,0x00000000ff780000)
 ParOldGen       total 114688K, used 29446K [0x00000000f4800000, 0x00000000fb800000, 0x00000000fb800000)
  object space 114688K, 25% used [0x00000000f4800000,0x00000000f64c1a50,0x00000000fb800000)
 Metaspace       used 65747K, capacity 69934K, committed 70144K, reserved 1110016K
  class space    used 8358K, capacity 9120K, committed 9216K, reserved 1048576K
}
{Heap before GC invocations=23 (full 0):
 PSYoungGen      total 65024K, used 56576K [0x00000000fb800000, 0x0000000100000000, 0x0000000100000000)
  eden space 56320K, 100% used [0x00000000fb800000,0x00000000fef00000,0x00000000fef00000)
  from space 8704K, 2% used [0x00000000ff780000,0x00000000ff7c0000,0x0000000100000000)
  to   space 8704K, 0% used [0x00000000fef00000,0x00000000fef00000,0x00000000ff780000)
 ParOldGen       total 114688K, used 29446K [0x00000000f4800000, 0x00000000fb800000, 0x00000000fb800000)
  object space 114688K, 25% used [0x00000000f4800000,0x00000000f64c1a50,0x00000000fb800000)
 Metaspace       used 65789K, capacity 69934K, committed 70144K, reserved 1110016K
  class space    used 8364K, capacity 9120K, committed 9216K, reserved 1048576K
2024-06-11T20:40:03.335+0800: 62.548: [GC (Allocation Failure) [PSYoungGen: 56576K->256K(65024K)] 86022K->29782K(179712K), 0.0036880 secs] [Times: user=0.01 sys=0.00, real=0.00 secs] 
Heap after GC invocations=23 (full 0):
 PSYoungGen      total 65024K, used 256K [0x00000000fb800000, 0x0000000100000000, 0x0000000100000000)
  eden space 56320K, 0% used [0x00000000fb800000,0x00000000fb800000,0x00000000fef00000)
  from space 8704K, 2% used [0x00000000fef00000,0x00000000fef40000,0x00000000ff780000)
  to   space 8192K, 0% used [0x00000000ff800000,0x00000000ff800000,0x0000000100000000)
 ParOldGen       total 114688K, used 29526K [0x00000000f4800000, 0x00000000fb800000, 0x00000000fb800000)
  object space 114688K, 25% used [0x00000000f4800000,0x00000000f64d5a50,0x00000000fb800000)
 Metaspace       used 65789K, capacity 69934K, committed 70144K, reserved 1110016K
  class space    used 8364K, capacity 9120K, committed 9216K, reserved 1048576K
}
{Heap before GC invocations=24 (full 0):
 PSYoungGen      total 65024K, used 56576K [0x00000000fb800000, 0x0000000100000000, 0x0000000100000000)
  eden space 56320K, 100% used [0x00000000fb800000,0x00000000fef00000,0x00000000fef00000)
  from space 8704K, 2% used [0x00000000fef00000,0x00000000fef40000,0x00000000ff780000)
  to   space 8192K, 0% used [0x00000000ff800000,0x00000000ff800000,0x0000000100000000)
 ParOldGen       total 114688K, used 29526K [0x00000000f4800000, 0x00000000fb800000, 0x00000000fb800000)
  object space 114688K, 25% used [0x00000000f4800000,0x00000000f64d5a50,0x00000000fb800000)
 Metaspace       used 65939K, capacity 70102K, committed 70400K, reserved 1110016K
  class space    used 8385K, capacity 9128K, committed 9216K, reserved 1048576K
2024-06-11T20:40:06.762+0800: 65.975: [GC (Allocation Failure) [PSYoungGen: 56576K->320K(65536K)] 86102K->29918K(180224K), 0.0048960 secs] [Times: user=0.00 sys=0.01, real=0.00 secs] 
Heap after GC invocations=24 (full 0):
 PSYoungGen      total 65536K, used 320K [0x00000000fb800000, 0x0000000100000000, 0x0000000100000000)
  eden space 57344K, 0% used [0x00000000fb800000,0x00000000fb800000,0x00000000ff000000)
  from space 8192K, 3% used [0x00000000ff800000,0x00000000ff850000,0x0000000100000000)
  to   space 8192K, 0% used [0x00000000ff000000,0x00000000ff000000,0x00000000ff800000)
 ParOldGen       total 114688K, used 29598K [0x00000000f4800000, 0x00000000fb800000, 0x00000000fb800000)
  object space 114688K, 25% used [0x00000000f4800000,0x00000000f64e7a50,0x00000000fb800000)
 Metaspace       used 65939K, capacity 70102K, committed 70400K, reserved 1110016K
  class space    used 8385K, capacity 9128K, committed 9216K, reserved 1048576K
}
{Heap before GC invocations=25 (full 0):
 PSYoungGen      total 65536K, used 57664K [0x00000000fb800000, 0x0000000100000000, 0x0000000100000000)
  eden space 57344K, 100% used [0x00000000fb800000,0x00000000ff000000,0x00000000ff000000)
  from space 8192K, 3% used [0x00000000ff800000,0x00000000ff850000,0x0000000100000000)
  to   space 8192K, 0% used [0x00000000ff000000,0x00000000ff000000,0x00000000ff800000)
 ParOldGen       total 114688K, used 29598K [0x00000000f4800000, 0x00000000fb800000, 0x00000000fb800000)
  object space 114688K, 25% used [0x00000000f4800000,0x00000000f64e7a50,0x00000000fb800000)
 Metaspace       used 65967K, capacity 70170K, committed 70400K, reserved 1110016K
  class space    used 8385K, capacity 9128K, committed 9216K, reserved 1048576K
2024-06-11T20:40:10.174+0800: 69.387: [GC (Allocation Failure) [PSYoungGen: 57664K->192K(65536K)] 87262K->29910K(180224K), 0.0048504 secs] [Times: user=0.01 sys=0.00, real=0.00 secs] 
Heap after GC invocations=25 (full 0):
 PSYoungGen      total 65536K, used 192K [0x00000000fb800000, 0x0000000100000000, 0x0000000100000000)
  eden space 57344K, 0% used [0x00000000fb800000,0x00000000fb800000,0x00000000ff000000)
  from space 8192K, 2% used [0x00000000ff000000,0x00000000ff030000,0x00000000ff800000)
  to   space 7680K, 0% used [0x00000000ff880000,0x00000000ff880000,0x0000000100000000)
 ParOldGen       total 114688K, used 29718K [0x00000000f4800000, 0x00000000fb800000, 0x00000000fb800000)
  object space 114688K, 25% used [0x00000000f4800000,0x00000000f6505a50,0x00000000fb800000)
 Metaspace       used 65967K, capacity 70170K, committed 70400K, reserved 1110016K
  class space    used 8385K, capacity 9128K, committed 9216K, reserved 1048576K
}
{Heap before GC invocations=26 (full 0):
 PSYoungGen      total 65536K, used 57536K [0x00000000fb800000, 0x0000000100000000, 0x0000000100000000)
  eden space 57344K, 100% used [0x00000000fb800000,0x00000000ff000000,0x00000000ff000000)
  from space 8192K, 2% used [0x00000000ff000000,0x00000000ff030000,0x00000000ff800000)
  to   space 7680K, 0% used [0x00000000ff880000,0x00000000ff880000,0x0000000100000000)
 ParOldGen       total 114688K, used 29718K [0x00000000f4800000, 0x00000000fb800000, 0x00000000fb800000)
  object space 114688K, 25% used [0x00000000f4800000,0x00000000f6505a50,0x00000000fb800000)
 Metaspace       used 65976K, capacity 70170K, committed 70400K, reserved 1110016K
  class space    used 8386K, capacity 9128K, committed 9216K, reserved 1048576K
2024-06-11T20:40:13.798+0800: 73.011: [GC (Allocation Failure) [PSYoungGen: 57536K->224K(66048K)] 87254K->29998K(180736K), 0.0035238 secs] [Times: user=0.00 sys=0.00, real=0.01 secs] 
Heap after GC invocations=26 (full 0):
 PSYoungGen      total 66048K, used 224K [0x00000000fb800000, 0x0000000100000000, 0x0000000100000000)
  eden space 58368K, 0% used [0x00000000fb800000,0x00000000fb800000,0x00000000ff100000)
  from space 7680K, 2% used [0x00000000ff880000,0x00000000ff8b8000,0x0000000100000000)
  to   space 7680K, 0% used [0x00000000ff100000,0x00000000ff100000,0x00000000ff880000)
 ParOldGen       total 114688K, used 29774K [0x00000000f4800000, 0x00000000fb800000, 0x00000000fb800000)
  object space 114688K, 25% used [0x00000000f4800000,0x00000000f6513a50,0x00000000fb800000)
 Metaspace       used 65976K, capacity 70170K, committed 70400K, reserved 1110016K
  class space    used 8386K, capacity 9128K, committed 9216K, reserved 1048576K
}
{Heap before GC invocations=27 (full 0):
 PSYoungGen      total 66048K, used 58592K [0x00000000fb800000, 0x0000000100000000, 0x0000000100000000)
  eden space 58368K, 100% used [0x00000000fb800000,0x00000000ff100000,0x00000000ff100000)
  from space 7680K, 2% used [0x00000000ff880000,0x00000000ff8b8000,0x0000000100000000)
  to   space 7680K, 0% used [0x00000000ff100000,0x00000000ff100000,0x00000000ff880000)
 ParOldGen       total 114688K, used 29774K [0x00000000f4800000, 0x00000000fb800000, 0x00000000fb800000)
  object space 114688K, 25% used [0x00000000f4800000,0x00000000f6513a50,0x00000000fb800000)
 Metaspace       used 65983K, capacity 70170K, committed 70400K, reserved 1110016K
  class space    used 8386K, capacity 9128K, committed 9216K, reserved 1048576K
2024-06-11T20:40:17.483+0800: 76.696: [GC (Allocation Failure) [PSYoungGen: 58592K->256K(66048K)] 88366K->30094K(180736K), 0.0042384 secs] [Times: user=0.00 sys=0.00, real=0.00 secs] 
Heap after GC invocations=27 (full 0):
 PSYoungGen      total 66048K, used 256K [0x00000000fb800000, 0x0000000100000000, 0x0000000100000000)
  eden space 58368K, 0% used [0x00000000fb800000,0x00000000fb800000,0x00000000ff100000)
  from space 7680K, 3% used [0x00000000ff100000,0x00000000ff140000,0x00000000ff880000)
  to   space 7168K, 0% used [0x00000000ff900000,0x00000000ff900000,0x0000000100000000)
 ParOldGen       total 114688K, used 29838K [0x00000000f4800000, 0x00000000fb800000, 0x00000000fb800000)
  object space 114688K, 26% used [0x00000000f4800000,0x00000000f6523a50,0x00000000fb800000)
 Metaspace       used 65983K, capacity 70170K, committed 70400K, reserved 1110016K
  class space    used 8386K, capacity 9128K, committed 9216K, reserved 1048576K
}
{Heap before GC invocations=28 (full 0):
 PSYoungGen      total 66048K, used 58624K [0x00000000fb800000, 0x0000000100000000, 0x0000000100000000)
  eden space 58368K, 100% used [0x00000000fb800000,0x00000000ff100000,0x00000000ff100000)
  from space 7680K, 3% used [0x00000000ff100000,0x00000000ff140000,0x00000000ff880000)
  to   space 7168K, 0% used [0x00000000ff900000,0x00000000ff900000,0x0000000100000000)
 ParOldGen       total 114688K, used 29838K [0x00000000f4800000, 0x00000000fb800000, 0x00000000fb800000)
  object space 114688K, 26% used [0x00000000f4800000,0x00000000f6523a50,0x00000000fb800000)
 Metaspace       used 65984K, capacity 70170K, committed 70400K, reserved 1110016K
  class space    used 8386K, capacity 9128K, committed 9216K, reserved 1048576K
2024-06-11T20:40:21.019+0800: 80.232: [GC (Allocation Failure) [PSYoungGen: 58624K->256K(66560K)] 88462K->30158K(181248K), 0.0043640 secs] [Times: user=0.00 sys=0.00, real=0.01 secs] 
Heap after GC invocations=28 (full 0):
 PSYoungGen      total 66560K, used 256K [0x00000000fb800000, 0x0000000100000000, 0x0000000100000000)
  eden space 59392K, 0% used [0x00000000fb800000,0x00000000fb800000,0x00000000ff200000)
  from space 7168K, 3% used [0x00000000ff900000,0x00000000ff940000,0x0000000100000000)
  to   space 7168K, 0% used [0x00000000ff200000,0x00000000ff200000,0x00000000ff900000)
 ParOldGen       total 114688K, used 29902K [0x00000000f4800000, 0x00000000fb800000, 0x00000000fb800000)
  object space 114688K, 26% used [0x00000000f4800000,0x00000000f6533a50,0x00000000fb800000)
 Metaspace       used 65984K, capacity 70170K, committed 70400K, reserved 1110016K
  class space    used 8386K, capacity 9128K, committed 9216K, reserved 1048576K
}
{Heap before GC invocations=29 (full 0):
 PSYoungGen      total 66560K, used 59648K [0x00000000fb800000, 0x0000000100000000, 0x0000000100000000)
  eden space 59392K, 100% used [0x00000000fb800000,0x00000000ff200000,0x00000000ff200000)
  from space 7168K, 3% used [0x00000000ff900000,0x00000000ff940000,0x0000000100000000)
  to   space 7168K, 0% used [0x00000000ff200000,0x00000000ff200000,0x00000000ff900000)
 ParOldGen       total 114688K, used 29902K [0x00000000f4800000, 0x00000000fb800000, 0x00000000fb800000)
  object space 114688K, 26% used [0x00000000f4800000,0x00000000f6533a50,0x00000000fb800000)
 Metaspace       used 65996K, capacity 70176K, committed 70400K, reserved 1110016K
  class space    used 8387K, capacity 9129K, committed 9216K, reserved 1048576K
2024-06-11T20:40:24.802+0800: 84.015: [GC (Allocation Failure) [PSYoungGen: 59648K->780K(66560K)] 89550K->30739K(181248K), 0.0047578 secs] [Times: user=0.00 sys=0.00, real=0.00 secs] 
Heap after GC invocations=29 (full 0):
 PSYoungGen      total 66560K, used 780K [0x00000000fb800000, 0x0000000100000000, 0x0000000100000000)
  eden space 59392K, 0% used [0x00000000fb800000,0x00000000fb800000,0x00000000ff200000)
  from space 7168K, 10% used [0x00000000ff200000,0x00000000ff2c32f0,0x00000000ff900000)
  to   space 6656K, 0% used [0x00000000ff980000,0x00000000ff980000,0x0000000100000000)
 ParOldGen       total 114688K, used 29958K [0x00000000f4800000, 0x00000000fb800000, 0x00000000fb800000)
  object space 114688K, 26% used [0x00000000f4800000,0x00000000f6541a50,0x00000000fb800000)
 Metaspace       used 65996K, capacity 70176K, committed 70400K, reserved 1110016K
  class space    used 8387K, capacity 9129K, committed 9216K, reserved 1048576K
}
{Heap before GC invocations=30 (full 0):
 PSYoungGen      total 66560K, used 60172K [0x00000000fb800000, 0x0000000100000000, 0x0000000100000000)
  eden space 59392K, 100% used [0x00000000fb800000,0x00000000ff200000,0x00000000ff200000)
  from space 7168K, 10% used [0x00000000ff200000,0x00000000ff2c32f0,0x00000000ff900000)
  to   space 6656K, 0% used [0x00000000ff980000,0x00000000ff980000,0x0000000100000000)
 ParOldGen       total 114688K, used 29958K [0x00000000f4800000, 0x00000000fb800000, 0x00000000fb800000)
  object space 114688K, 26% used [0x00000000f4800000,0x00000000f6541a50,0x00000000fb800000)
 Metaspace       used 65996K, capacity 70176K, committed 70400K, reserved 1110016K
  class space    used 8387K, capacity 9129K, committed 9216K, reserved 1048576K
2024-06-11T20:40:28.334+0800: 87.548: [GC (Allocation Failure) [PSYoungGen: 60172K->160K(67584K)] 90131K->30699K(182272K), 0.0036092 secs] [Times: user=0.01 sys=0.00, real=0.00 secs] 
Heap after GC invocations=30 (full 0):
 PSYoungGen      total 67584K, used 160K [0x00000000fb800000, 0x0000000100000000, 0x0000000100000000)
  eden space 60928K, 0% used [0x00000000fb800000,0x00000000fb800000,0x00000000ff380000)
  from space 6656K, 2% used [0x00000000ff980000,0x00000000ff9a8000,0x0000000100000000)
  to   space 6144K, 0% used [0x00000000ff380000,0x00000000ff380000,0x00000000ff980000)
 ParOldGen       total 114688K, used 30539K [0x00000000f4800000, 0x00000000fb800000, 0x00000000fb800000)
  object space 114688K, 26% used [0x00000000f4800000,0x00000000f65d2d50,0x00000000fb800000)
 Metaspace       used 65996K, capacity 70176K, committed 70400K, reserved 1110016K
  class space    used 8387K, capacity 9129K, committed 9216K, reserved 1048576K
}
{Heap before GC invocations=31 (full 0):
 PSYoungGen      total 67584K, used 61088K [0x00000000fb800000, 0x0000000100000000, 0x0000000100000000)
  eden space 60928K, 100% used [0x00000000fb800000,0x00000000ff380000,0x00000000ff380000)
  from space 6656K, 2% used [0x00000000ff980000,0x00000000ff9a8000,0x0000000100000000)
  to   space 6144K, 0% used [0x00000000ff380000,0x00000000ff380000,0x00000000ff980000)
 ParOldGen       total 114688K, used 30539K [0x00000000f4800000, 0x00000000fb800000, 0x00000000fb800000)
  object space 114688K, 26% used [0x00000000f4800000,0x00000000f65d2d50,0x00000000fb800000)
 Metaspace       used 66008K, capacity 70176K, committed 70400K, reserved 1110016K
  class space    used 8387K, capacity 9129K, committed 9216K, reserved 1048576K
2024-06-11T20:40:32.294+0800: 91.507: [GC (Allocation Failure) [PSYoungGen: 61088K->128K(67072K)] 91627K->30723K(181760K), 0.0032792 secs] [Times: user=0.00 sys=0.00, real=0.00 secs] 
Heap after GC invocations=31 (full 0):
 PSYoungGen      total 67072K, used 128K [0x00000000fb800000, 0x0000000100000000, 0x0000000100000000)
  eden space 60928K, 0% used [0x00000000fb800000,0x00000000fb800000,0x00000000ff380000)
  from space 6144K, 2% used [0x00000000ff380000,0x00000000ff3a0000,0x00000000ff980000)
  to   space 6144K, 0% used [0x00000000ffa00000,0x00000000ffa00000,0x0000000100000000)
 ParOldGen       total 114688K, used 30595K [0x00000000f4800000, 0x00000000fb800000, 0x00000000fb800000)
  object space 114688K, 26% used [0x00000000f4800000,0x00000000f65e0d50,0x00000000fb800000)
 Metaspace       used 66008K, capacity 70176K, committed 70400K, reserved 1110016K
  class space    used 8387K, capacity 9129K, committed 9216K, reserved 1048576K
}
{Heap before GC invocations=32 (full 0):
 PSYoungGen      total 67072K, used 61056K [0x00000000fb800000, 0x0000000100000000, 0x0000000100000000)
  eden space 60928K, 100% used [0x00000000fb800000,0x00000000ff380000,0x00000000ff380000)
  from space 6144K, 2% used [0x00000000ff380000,0x00000000ff3a0000,0x00000000ff980000)
  to   space 6144K, 0% used [0x00000000ffa00000,0x00000000ffa00000,0x0000000100000000)
 ParOldGen       total 114688K, used 30595K [0x00000000f4800000, 0x00000000fb800000, 0x00000000fb800000)
  object space 114688K, 26% used [0x00000000f4800000,0x00000000f65e0d50,0x00000000fb800000)
 Metaspace       used 66010K, capacity 70176K, committed 70400K, reserved 1110016K
  class space    used 8387K, capacity 9129K, committed 9216K, reserved 1048576K
2024-06-11T20:40:36.364+0800: 95.577: [GC (Allocation Failure) [PSYoungGen: 61056K->64K(68096K)] 91651K->30707K(182784K), 0.0031009 secs] [Times: user=0.00 sys=0.00, real=0.00 secs] 
Heap after GC invocations=32 (full 0):
 PSYoungGen      total 68096K, used 64K [0x00000000fb800000, 0x0000000100000000, 0x0000000100000000)
  eden space 61952K, 0% used [0x00000000fb800000,0x00000000fb800000,0x00000000ff480000)
  from space 6144K, 1% used [0x00000000ffa00000,0x00000000ffa10000,0x0000000100000000)
  to   space 5632K, 0% used [0x00000000ff480000,0x00000000ff480000,0x00000000ffa00000)
 ParOldGen       total 114688K, used 30643K [0x00000000f4800000, 0x00000000fb800000, 0x00000000fb800000)
  object space 114688K, 26% used [0x00000000f4800000,0x00000000f65ecd50,0x00000000fb800000)
 Metaspace       used 66010K, capacity 70176K, committed 70400K, reserved 1110016K
  class space    used 8387K, capacity 9129K, committed 9216K, reserved 1048576K
}
{Heap before GC invocations=33 (full 0):
 PSYoungGen      total 68096K, used 62016K [0x00000000fb800000, 0x0000000100000000, 0x0000000100000000)
  eden space 61952K, 100% used [0x00000000fb800000,0x00000000ff480000,0x00000000ff480000)
  from space 6144K, 1% used [0x00000000ffa00000,0x00000000ffa10000,0x0000000100000000)
  to   space 5632K, 0% used [0x00000000ff480000,0x00000000ff480000,0x00000000ffa00000)
 ParOldGen       total 114688K, used 30643K [0x00000000f4800000, 0x00000000fb800000, 0x00000000fb800000)
  object space 114688K, 26% used [0x00000000f4800000,0x00000000f65ecd50,0x00000000fb800000)
 Metaspace       used 66016K, capacity 70176K, committed 70400K, reserved 1110016K
  class space    used 8387K, capacity 9129K, committed 9216K, reserved 1048576K
2024-06-11T20:40:40.496+0800: 99.709: [GC (Allocation Failure) [PSYoungGen: 62016K->748K(67584K)] 92659K->31408K(182272K), 0.0039095 secs] [Times: user=0.00 sys=0.01, real=0.00 secs] 
Heap after GC invocations=33 (full 0):
 PSYoungGen      total 67584K, used 748K [0x00000000fb800000, 0x0000000100000000, 0x0000000100000000)
  eden space 61952K, 0% used [0x00000000fb800000,0x00000000fb800000,0x00000000ff480000)
  from space 5632K, 13% used [0x00000000ff480000,0x00000000ff53b310,0x00000000ffa00000)
  to   space 5632K, 0% used [0x00000000ffa80000,0x00000000ffa80000,0x0000000100000000)
 ParOldGen       total 114688K, used 30659K [0x00000000f4800000, 0x00000000fb800000, 0x00000000fb800000)
  object space 114688K, 26% used [0x00000000f4800000,0x00000000f65f0d50,0x00000000fb800000)
 Metaspace       used 66016K, capacity 70176K, committed 70400K, reserved 1110016K
  class space    used 8387K, capacity 9129K, committed 9216K, reserved 1048576K
}
{Heap before GC invocations=34 (full 0):
 PSYoungGen      total 67584K, used 62700K [0x00000000fb800000, 0x0000000100000000, 0x0000000100000000)
  eden space 61952K, 100% used [0x00000000fb800000,0x00000000ff480000,0x00000000ff480000)
  from space 5632K, 13% used [0x00000000ff480000,0x00000000ff53b310,0x00000000ffa00000)
  to   space 5632K, 0% used [0x00000000ffa80000,0x00000000ffa80000,0x0000000100000000)
 ParOldGen       total 114688K, used 30659K [0x00000000f4800000, 0x00000000fb800000, 0x00000000fb800000)
  object space 114688K, 26% used [0x00000000f4800000,0x00000000f65f0d50,0x00000000fb800000)
 Metaspace       used 66016K, capacity 70176K, committed 70400K, reserved 1110016K
  class space    used 8387K, capacity 9129K, committed 9216K, reserved 1048576K
2024-06-11T20:40:44.319+0800: 103.533: [GC (Allocation Failure) [PSYoungGen: 62700K->256K(68608K)] 93360K->30979K(183296K), 0.0036439 secs] [Times: user=0.01 sys=0.00, real=0.01 secs] 
Heap after GC invocations=34 (full 0):
 PSYoungGen      total 68608K, used 256K [0x00000000fb800000, 0x0000000100000000, 0x0000000100000000)
  eden space 62976K, 0% used [0x00000000fb800000,0x00000000fb800000,0x00000000ff580000)
  from space 5632K, 4% used [0x00000000ffa80000,0x00000000ffac0000,0x0000000100000000)
  to   space 5120K, 0% used [0x00000000ff580000,0x00000000ff580000,0x00000000ffa80000)
 ParOldGen       total 114688K, used 30723K [0x00000000f4800000, 0x00000000fb800000, 0x00000000fb800000)
  object space 114688K, 26% used [0x00000000f4800000,0x00000000f6600d50,0x00000000fb800000)
 Metaspace       used 66016K, capacity 70176K, committed 70400K, reserved 1110016K
  class space    used 8387K, capacity 9129K, committed 9216K, reserved 1048576K
}
{Heap before GC invocations=35 (full 0):
 PSYoungGen      total 68608K, used 63232K [0x00000000fb800000, 0x0000000100000000, 0x0000000100000000)
  eden space 62976K, 100% used [0x00000000fb800000,0x00000000ff580000,0x00000000ff580000)
  from space 5632K, 4% used [0x00000000ffa80000,0x00000000ffac0000,0x0000000100000000)
  to   space 5120K, 0% used [0x00000000ff580000,0x00000000ff580000,0x00000000ffa80000)
 ParOldGen       total 114688K, used 30723K [0x00000000f4800000, 0x00000000fb800000, 0x00000000fb800000)
  object space 114688K, 26% used [0x00000000f4800000,0x00000000f6600d50,0x00000000fb800000)
 Metaspace       used 66021K, capacity 70176K, committed 70400K, reserved 1110016K
  class space    used 8387K, capacity 9129K, committed 9216K, reserved 1048576K
2024-06-11T20:40:48.303+0800: 107.516: [GC (Allocation Failure) [PSYoungGen: 63232K->256K(68096K)] 93955K->31059K(182784K), 0.0039875 secs] [Times: user=0.00 sys=0.00, real=0.00 secs] 
Heap after GC invocations=35 (full 0):
 PSYoungGen      total 68096K, used 256K [0x00000000fb800000, 0x0000000100000000, 0x0000000100000000)
  eden space 62976K, 0% used [0x00000000fb800000,0x00000000fb800000,0x00000000ff580000)
  from space 5120K, 5% used [0x00000000ff580000,0x00000000ff5c0000,0x00000000ffa80000)
  to   space 5120K, 0% used [0x00000000ffb00000,0x00000000ffb00000,0x0000000100000000)
 ParOldGen       total 114688K, used 30803K [0x00000000f4800000, 0x00000000fb800000, 0x00000000fb800000)
  object space 114688K, 26% used [0x00000000f4800000,0x00000000f6614d50,0x00000000fb800000)
 Metaspace       used 66021K, capacity 70176K, committed 70400K, reserved 1110016K
  class space    used 8387K, capacity 9129K, committed 9216K, reserved 1048576K
}
{Heap before GC invocations=36 (full 0):
 PSYoungGen      total 68096K, used 63232K [0x00000000fb800000, 0x0000000100000000, 0x0000000100000000)
  eden space 62976K, 100% used [0x00000000fb800000,0x00000000ff580000,0x00000000ff580000)
  from space 5120K, 5% used [0x00000000ff580000,0x00000000ff5c0000,0x00000000ffa80000)
  to   space 5120K, 0% used [0x00000000ffb00000,0x00000000ffb00000,0x0000000100000000)
 ParOldGen       total 114688K, used 30803K [0x00000000f4800000, 0x00000000fb800000, 0x00000000fb800000)
  object space 114688K, 26% used [0x00000000f4800000,0x00000000f6614d50,0x00000000fb800000)
 Metaspace       used 66059K, capacity 70240K, committed 70400K, reserved 1110016K
  class space    used 8387K, capacity 9129K, committed 9216K, reserved 1048576K
2024-06-11T20:40:52.049+0800: 111.262: [GC (Allocation Failure) [PSYoungGen: 63232K->544K(69120K)] 94035K->31427K(183808K), 0.0040238 secs] [Times: user=0.01 sys=0.00, real=0.01 secs] 
Heap after GC invocations=36 (full 0):
 PSYoungGen      total 69120K, used 544K [0x00000000fb800000, 0x0000000100000000, 0x0000000100000000)
  eden space 64000K, 0% used [0x00000000fb800000,0x00000000fb800000,0x00000000ff680000)
  from space 5120K, 10% used [0x00000000ffb00000,0x00000000ffb88000,0x0000000100000000)
  to   space 4608K, 0% used [0x00000000ff680000,0x00000000ff680000,0x00000000ffb00000)
 ParOldGen       total 114688K, used 30883K [0x00000000f4800000, 0x00000000fb800000, 0x00000000fb800000)
  object space 114688K, 26% used [0x00000000f4800000,0x00000000f6628d50,0x00000000fb800000)
 Metaspace       used 66059K, capacity 70240K, committed 70400K, reserved 1110016K
  class space    used 8387K, capacity 9129K, committed 9216K, reserved 1048576K
}
{Heap before GC invocations=37 (full 0):
 PSYoungGen      total 69120K, used 64544K [0x00000000fb800000, 0x0000000100000000, 0x0000000100000000)
  eden space 64000K, 100% used [0x00000000fb800000,0x00000000ff680000,0x00000000ff680000)
  from space 5120K, 10% used [0x00000000ffb00000,0x00000000ffb88000,0x0000000100000000)
  to   space 4608K, 0% used [0x00000000ff680000,0x00000000ff680000,0x00000000ffb00000)
 ParOldGen       total 114688K, used 30883K [0x00000000f4800000, 0x00000000fb800000, 0x00000000fb800000)
  object space 114688K, 26% used [0x00000000f4800000,0x00000000f6628d50,0x00000000fb800000)
 Metaspace       used 66073K, capacity 70240K, committed 70400K, reserved 1110016K
  class space    used 8387K, capacity 9129K, committed 9216K, reserved 1048576K
2024-06-11T20:40:56.113+0800: 115.326: [GC (Allocation Failure) [PSYoungGen: 64544K->256K(68608K)] 95427K->31483K(183296K), 0.0039016 secs] [Times: user=0.01 sys=0.00, real=0.00 secs] 
Heap after GC invocations=37 (full 0):
 PSYoungGen      total 68608K, used 256K [0x00000000fb800000, 0x0000000100000000, 0x0000000100000000)
  eden space 64000K, 0% used [0x00000000fb800000,0x00000000fb800000,0x00000000ff680000)
  from space 4608K, 5% used [0x00000000ff680000,0x00000000ff6c0000,0x00000000ffb00000)
  to   space 4096K, 0% used [0x00000000ffc00000,0x00000000ffc00000,0x0000000100000000)
 ParOldGen       total 114688K, used 31227K [0x00000000f4800000, 0x00000000fb800000, 0x00000000fb800000)
  object space 114688K, 27% used [0x00000000f4800000,0x00000000f667ed50,0x00000000fb800000)
 Metaspace       used 66073K, capacity 70240K, committed 70400K, reserved 1110016K
  class space    used 8387K, capacity 9129K, committed 9216K, reserved 1048576K
}
{Heap before GC invocations=38 (full 0):
 PSYoungGen      total 68608K, used 64256K [0x00000000fb800000, 0x0000000100000000, 0x0000000100000000)
  eden space 64000K, 100% used [0x00000000fb800000,0x00000000ff680000,0x00000000ff680000)
  from space 4608K, 5% used [0x00000000ff680000,0x00000000ff6c0000,0x00000000ffb00000)
  to   space 4096K, 0% used [0x00000000ffc00000,0x00000000ffc00000,0x0000000100000000)
 ParOldGen       total 114688K, used 31227K [0x00000000f4800000, 0x00000000fb800000, 0x00000000fb800000)
  object space 114688K, 27% used [0x00000000f4800000,0x00000000f667ed50,0x00000000fb800000)
 Metaspace       used 66073K, capacity 70240K, committed 70400K, reserved 1110016K
  class space    used 8387K, capacity 9129K, committed 9216K, reserved 1048576K
2024-06-11T20:40:59.887+0800: 119.101: [GC (Allocation Failure) [PSYoungGen: 64256K->256K(69632K)] 95483K->31563K(184320K), 0.0036228 secs] [Times: user=0.01 sys=0.00, real=0.01 secs] 
Heap after GC invocations=38 (full 0):
 PSYoungGen      total 69632K, used 256K [0x00000000fb800000, 0x0000000100000000, 0x0000000100000000)
  eden space 65536K, 0% used [0x00000000fb800000,0x00000000fb800000,0x00000000ff800000)
  from space 4096K, 6% used [0x00000000ffc00000,0x00000000ffc40000,0x0000000100000000)
  to   space 4096K, 0% used [0x00000000ff800000,0x00000000ff800000,0x00000000ffc00000)
 ParOldGen       total 114688K, used 31307K [0x00000000f4800000, 0x00000000fb800000, 0x00000000fb800000)
  object space 114688K, 27% used [0x00000000f4800000,0x00000000f6692d50,0x00000000fb800000)
 Metaspace       used 66073K, capacity 70240K, committed 70400K, reserved 1110016K
  class space    used 8387K, capacity 9129K, committed 9216K, reserved 1048576K
}
{Heap before GC invocations=39 (full 0):
 PSYoungGen      total 69632K, used 65792K [0x00000000fb800000, 0x0000000100000000, 0x0000000100000000)
  eden space 65536K, 100% used [0x00000000fb800000,0x00000000ff800000,0x00000000ff800000)
  from space 4096K, 6% used [0x00000000ffc00000,0x00000000ffc40000,0x0000000100000000)
  to   space 4096K, 0% used [0x00000000ff800000,0x00000000ff800000,0x00000000ffc00000)
 ParOldGen       total 114688K, used 31307K [0x00000000f4800000, 0x00000000fb800000, 0x00000000fb800000)
  object space 114688K, 27% used [0x00000000f4800000,0x00000000f6692d50,0x00000000fb800000)
 Metaspace       used 66089K, capacity 70240K, committed 70400K, reserved 1110016K
  class space    used 8387K, capacity 9129K, committed 9216K, reserved 1048576K
2024-06-11T20:41:03.976+0800: 123.190: [GC (Allocation Failure) [PSYoungGen: 65792K->288K(69632K)] 97099K->31675K(184320K), 0.0036290 secs] [Times: user=0.01 sys=0.00, real=0.00 secs] 
Heap after GC invocations=39 (full 0):
 PSYoungGen      total 69632K, used 288K [0x00000000fb800000, 0x0000000100000000, 0x0000000100000000)
  eden space 65536K, 0% used [0x00000000fb800000,0x00000000fb800000,0x00000000ff800000)
  from space 4096K, 7% used [0x00000000ff800000,0x00000000ff848000,0x00000000ffc00000)
  to   space 4096K, 0% used [0x00000000ffc00000,0x00000000ffc00000,0x0000000100000000)
 ParOldGen       total 114688K, used 31387K [0x00000000f4800000, 0x00000000fb800000, 0x00000000fb800000)
  object space 114688K, 27% used [0x00000000f4800000,0x00000000f66a6d50,0x00000000fb800000)
 Metaspace       used 66089K, capacity 70240K, committed 70400K, reserved 1110016K
  class space    used 8387K, capacity 9129K, committed 9216K, reserved 1048576K
}
{Heap before GC invocations=40 (full 0):
 PSYoungGen      total 69632K, used 65824K [0x00000000fb800000, 0x0000000100000000, 0x0000000100000000)
  eden space 65536K, 100% used [0x00000000fb800000,0x00000000ff800000,0x00000000ff800000)
  from space 4096K, 7% used [0x00000000ff800000,0x00000000ff848000,0x00000000ffc00000)
  to   space 4096K, 0% used [0x00000000ffc00000,0x00000000ffc00000,0x0000000100000000)
 ParOldGen       total 114688K, used 31387K [0x00000000f4800000, 0x00000000fb800000, 0x00000000fb800000)
  object space 114688K, 27% used [0x00000000f4800000,0x00000000f66a6d50,0x00000000fb800000)
 Metaspace       used 66137K, capacity 70304K, committed 70400K, reserved 1110016K
  class space    used 8396K, capacity 9129K, committed 9216K, reserved 1048576K
2024-06-11T20:41:07.792+0800: 127.005: [GC (Allocation Failure) [PSYoungGen: 65824K->811K(70144K)] 97211K->32287K(184832K), 0.0037805 secs] [Times: user=0.01 sys=0.00, real=0.00 secs] 
Heap after GC invocations=40 (full 0):
 PSYoungGen      total 70144K, used 811K [0x00000000fb800000, 0x0000000100000000, 0x0000000100000000)
  eden space 66048K, 0% used [0x00000000fb800000,0x00000000fb800000,0x00000000ff880000)
  from space 4096K, 19% used [0x00000000ffc00000,0x00000000ffccaf80,0x0000000100000000)
  to   space 3584K, 0% used [0x00000000ff880000,0x00000000ff880000,0x00000000ffc00000)
 ParOldGen       total 114688K, used 31475K [0x00000000f4800000, 0x00000000fb800000, 0x00000000fb800000)
  object space 114688K, 27% used [0x00000000f4800000,0x00000000f66bcd50,0x00000000fb800000)
 Metaspace       used 66137K, capacity 70304K, committed 70400K, reserved 1110016K
  class space    used 8396K, capacity 9129K, committed 9216K, reserved 1048576K
}
{Heap before GC invocations=41 (full 0):
 PSYoungGen      total 70144K, used 66859K [0x00000000fb800000, 0x0000000100000000, 0x0000000100000000)
  eden space 66048K, 100% used [0x00000000fb800000,0x00000000ff880000,0x00000000ff880000)
  from space 4096K, 19% used [0x00000000ffc00000,0x00000000ffccaf80,0x0000000100000000)
  to   space 3584K, 0% used [0x00000000ff880000,0x00000000ff880000,0x00000000ffc00000)
 ParOldGen       total 114688K, used 31475K [0x00000000f4800000, 0x00000000fb800000, 0x00000000fb800000)
  object space 114688K, 27% used [0x00000000f4800000,0x00000000f66bcd50,0x00000000fb800000)
 Metaspace       used 66143K, capacity 70304K, committed 70400K, reserved 1110016K
  class space    used 8396K, capacity 9129K, committed 9216K, reserved 1048576K
2024-06-11T20:41:12.040+0800: 131.254: [GC (Allocation Failure) [PSYoungGen: 66859K->256K(69632K)] 98335K->31811K(184320K), 0.0039398 secs] [Times: user=0.00 sys=0.00, real=0.01 secs] 
Heap after GC invocations=41 (full 0):
 PSYoungGen      total 69632K, used 256K [0x00000000fb800000, 0x0000000100000000, 0x0000000100000000)
  eden space 66048K, 0% used [0x00000000fb800000,0x00000000fb800000,0x00000000ff880000)
  from space 3584K, 7% used [0x00000000ff880000,0x00000000ff8c0000,0x00000000ffc00000)
  to   space 3584K, 0% used [0x00000000ffc80000,0x00000000ffc80000,0x0000000100000000)
 ParOldGen       total 114688K, used 31555K [0x00000000f4800000, 0x00000000fb800000, 0x00000000fb800000)
  object space 114688K, 27% used [0x00000000f4800000,0x00000000f66d0d50,0x00000000fb800000)
 Metaspace       used 66143K, capacity 70304K, committed 70400K, reserved 1110016K
  class space    used 8396K, capacity 9129K, committed 9216K, reserved 1048576K
}
{Heap before GC invocations=42 (full 0):
 PSYoungGen      total 69632K, used 66304K [0x00000000fb800000, 0x0000000100000000, 0x0000000100000000)
  eden space 66048K, 100% used [0x00000000fb800000,0x00000000ff880000,0x00000000ff880000)
  from space 3584K, 7% used [0x00000000ff880000,0x00000000ff8c0000,0x00000000ffc00000)
  to   space 3584K, 0% used [0x00000000ffc80000,0x00000000ffc80000,0x0000000100000000)
 ParOldGen       total 114688K, used 31555K [0x00000000f4800000, 0x00000000fb800000, 0x00000000fb800000)
  object space 114688K, 27% used [0x00000000f4800000,0x00000000f66d0d50,0x00000000fb800000)
 Metaspace       used 66148K, capacity 70304K, committed 70400K, reserved 1110016K
  class space    used 8396K, capacity 9129K, committed 9216K, reserved 1048576K
2024-06-11T20:41:16.056+0800: 135.269: [GC (Allocation Failure) [PSYoungGen: 66304K->256K(70656K)] 97859K->31883K(185344K), 0.0035210 secs] [Times: user=0.00 sys=0.00, real=0.00 secs] 
Heap after GC invocations=42 (full 0):
 PSYoungGen      total 70656K, used 256K [0x00000000fb800000, 0x0000000100000000, 0x0000000100000000)
  eden space 67072K, 0% used [0x00000000fb800000,0x00000000fb800000,0x00000000ff980000)
  from space 3584K, 7% used [0x00000000ffc80000,0x00000000ffcc0000,0x0000000100000000)
  to   space 3072K, 0% used [0x00000000ff980000,0x00000000ff980000,0x00000000ffc80000)
 ParOldGen       total 114688K, used 31627K [0x00000000f4800000, 0x00000000fb800000, 0x00000000fb800000)
  object space 114688K, 27% used [0x00000000f4800000,0x00000000f66e2d50,0x00000000fb800000)
 Metaspace       used 66148K, capacity 70304K, committed 70400K, reserved 1110016K
  class space    used 8396K, capacity 9129K, committed 9216K, reserved 1048576K
}
{Heap before GC invocations=43 (full 0):
 PSYoungGen      total 70656K, used 67328K [0x00000000fb800000, 0x0000000100000000, 0x0000000100000000)
  eden space 67072K, 100% used [0x00000000fb800000,0x00000000ff980000,0x00000000ff980000)
  from space 3584K, 7% used [0x00000000ffc80000,0x00000000ffcc0000,0x0000000100000000)
  to   space 3072K, 0% used [0x00000000ff980000,0x00000000ff980000,0x00000000ffc80000)
 ParOldGen       total 114688K, used 31627K [0x00000000f4800000, 0x00000000fb800000, 0x00000000fb800000)
  object space 114688K, 27% used [0x00000000f4800000,0x00000000f66e2d50,0x00000000fb800000)
 Metaspace       used 66148K, capacity 70304K, committed 70400K, reserved 1110016K
  class space    used 8396K, capacity 9129K, committed 9216K, reserved 1048576K
2024-06-11T20:41:20.031+0800: 139.244: [GC (Allocation Failure) [PSYoungGen: 67328K->256K(70144K)] 98955K->31955K(184832K), 0.0046482 secs] [Times: user=0.00 sys=0.00, real=0.01 secs] 
Heap after GC invocations=43 (full 0):
 PSYoungGen      total 70144K, used 256K [0x00000000fb800000, 0x0000000100000000, 0x0000000100000000)
  eden space 67072K, 0% used [0x00000000fb800000,0x00000000fb800000,0x00000000ff980000)
  from space 3072K, 8% used [0x00000000ff980000,0x00000000ff9c0000,0x00000000ffc80000)
  to   space 3072K, 0% used [0x00000000ffd00000,0x00000000ffd00000,0x0000000100000000)
 ParOldGen       total 114688K, used 31699K [0x00000000f4800000, 0x00000000fb800000, 0x00000000fb800000)
  object space 114688K, 27% used [0x00000000f4800000,0x00000000f66f4d50,0x00000000fb800000)
 Metaspace       used 66148K, capacity 70304K, committed 70400K, reserved 1110016K
  class space    used 8396K, capacity 9129K, committed 9216K, reserved 1048576K
}
{Heap before GC invocations=44 (full 0):
 PSYoungGen      total 70144K, used 67328K [0x00000000fb800000, 0x0000000100000000, 0x0000000100000000)
  eden space 67072K, 100% used [0x00000000fb800000,0x00000000ff980000,0x00000000ff980000)
  from space 3072K, 8% used [0x00000000ff980000,0x00000000ff9c0000,0x00000000ffc80000)
  to   space 3072K, 0% used [0x00000000ffd00000,0x00000000ffd00000,0x0000000100000000)
 ParOldGen       total 114688K, used 31699K [0x00000000f4800000, 0x00000000fb800000, 0x00000000fb800000)
  object space 114688K, 27% used [0x00000000f4800000,0x00000000f66f4d50,0x00000000fb800000)
 Metaspace       used 66161K, capacity 70304K, committed 70400K, reserved 1110016K
  class space    used 8396K, capacity 9129K, committed 9216K, reserved 1048576K
2024-06-11T20:41:24.195+0800: 143.408: [GC (Allocation Failure) [PSYoungGen: 67328K->256K(70656K)] 99027K->32027K(185344K), 0.0037391 secs] [Times: user=0.00 sys=0.00, real=0.00 secs] 
Heap after GC invocations=44 (full 0):
 PSYoungGen      total 70656K, used 256K [0x00000000fb800000, 0x0000000100000000, 0x0000000100000000)
  eden space 67584K, 0% used [0x00000000fb800000,0x00000000fb800000,0x00000000ffa00000)
  from space 3072K, 8% used [0x00000000ffd00000,0x00000000ffd40000,0x0000000100000000)
  to   space 3072K, 0% used [0x00000000ffa00000,0x00000000ffa00000,0x00000000ffd00000)
 ParOldGen       total 114688K, used 31771K [0x00000000f4800000, 0x00000000fb800000, 0x00000000fb800000)
  object space 114688K, 27% used [0x00000000f4800000,0x00000000f6706d50,0x00000000fb800000)
 Metaspace       used 66161K, capacity 70304K, committed 70400K, reserved 1110016K
  class space    used 8396K, capacity 9129K, committed 9216K, reserved 1048576K
}
{Heap before GC invocations=45 (full 0):
 PSYoungGen      total 70656K, used 67840K [0x00000000fb800000, 0x0000000100000000, 0x0000000100000000)
  eden space 67584K, 100% used [0x00000000fb800000,0x00000000ffa00000,0x00000000ffa00000)
  from space 3072K, 8% used [0x00000000ffd00000,0x00000000ffd40000,0x0000000100000000)
  to   space 3072K, 0% used [0x00000000ffa00000,0x00000000ffa00000,0x00000000ffd00000)
 ParOldGen       total 114688K, used 31771K [0x00000000f4800000, 0x00000000fb800000, 0x00000000fb800000)
  object space 114688K, 27% used [0x00000000f4800000,0x00000000f6706d50,0x00000000fb800000)
 Metaspace       used 66162K, capacity 70304K, committed 70400K, reserved 1110016K
  class space    used 8396K, capacity 9129K, committed 9216K, reserved 1048576K
2024-06-11T20:41:28.220+0800: 147.433: [GC (Allocation Failure) [PSYoungGen: 67840K->224K(70656K)] 99611K->32075K(185344K), 0.0035297 secs] [Times: user=0.01 sys=0.00, real=0.01 secs] 
Heap after GC invocations=45 (full 0):
 PSYoungGen      total 70656K, used 224K [0x00000000fb800000, 0x0000000100000000, 0x0000000100000000)
  eden space 67584K, 0% used [0x00000000fb800000,0x00000000fb800000,0x00000000ffa00000)
  from space 3072K, 7% used [0x00000000ffa00000,0x00000000ffa38000,0x00000000ffd00000)
  to   space 2560K, 0% used [0x00000000ffd80000,0x00000000ffd80000,0x0000000100000000)
 ParOldGen       total 114688K, used 31851K [0x00000000f4800000, 0x00000000fb800000, 0x00000000fb800000)
  object space 114688K, 27% used [0x00000000f4800000,0x00000000f671ad50,0x00000000fb800000)
 Metaspace       used 66162K, capacity 70304K, committed 70400K, reserved 1110016K
  class space    used 8396K, capacity 9129K, committed 9216K, reserved 1048576K
}
{Heap before GC invocations=46 (full 0):
 PSYoungGen      total 70656K, used 67808K [0x00000000fb800000, 0x0000000100000000, 0x0000000100000000)
  eden space 67584K, 100% used [0x00000000fb800000,0x00000000ffa00000,0x00000000ffa00000)
  from space 3072K, 7% used [0x00000000ffa00000,0x00000000ffa38000,0x00000000ffd00000)
  to   space 2560K, 0% used [0x00000000ffd80000,0x00000000ffd80000,0x0000000100000000)
 ParOldGen       total 114688K, used 31851K [0x00000000f4800000, 0x00000000fb800000, 0x00000000fb800000)
  object space 114688K, 27% used [0x00000000f4800000,0x00000000f671ad50,0x00000000fb800000)
 Metaspace       used 66164K, capacity 70304K, committed 70400K, reserved 1110016K
  class space    used 8396K, capacity 9129K, committed 9216K, reserved 1048576K
2024-06-11T20:41:32.424+0800: 151.637: [GC (Allocation Failure) [PSYoungGen: 67808K->288K(71168K)] 99659K->32211K(185856K), 0.0036316 secs] [Times: user=0.00 sys=0.00, real=0.00 secs] 
Heap after GC invocations=46 (full 0):
 PSYoungGen      total 71168K, used 288K [0x00000000fb800000, 0x0000000100000000, 0x0000000100000000)
  eden space 68608K, 0% used [0x00000000fb800000,0x00000000fb800000,0x00000000ffb00000)
  from space 2560K, 11% used [0x00000000ffd80000,0x00000000ffdc8000,0x0000000100000000)
  to   space 2560K, 0% used [0x00000000ffb00000,0x00000000ffb00000,0x00000000ffd80000)
 ParOldGen       total 114688K, used 31923K [0x00000000f4800000, 0x00000000fb800000, 0x00000000fb800000)
  object space 114688K, 27% used [0x00000000f4800000,0x00000000f672cd50,0x00000000fb800000)
 Metaspace       used 66164K, capacity 70304K, committed 70400K, reserved 1110016K
  class space    used 8396K, capacity 9129K, committed 9216K, reserved 1048576K
}
{Heap before GC invocations=47 (full 0):
 PSYoungGen      total 71168K, used 68896K [0x00000000fb800000, 0x0000000100000000, 0x0000000100000000)
  eden space 68608K, 100% used [0x00000000fb800000,0x00000000ffb00000,0x00000000ffb00000)
  from space 2560K, 11% used [0x00000000ffd80000,0x00000000ffdc8000,0x0000000100000000)
  to   space 2560K, 0% used [0x00000000ffb00000,0x00000000ffb00000,0x00000000ffd80000)
 ParOldGen       total 114688K, used 31923K [0x00000000f4800000, 0x00000000fb800000, 0x00000000fb800000)
  object space 114688K, 27% used [0x00000000f4800000,0x00000000f672cd50,0x00000000fb800000)
 Metaspace       used 66164K, capacity 70304K, committed 70400K, reserved 1110016K
  class space    used 8396K, capacity 9129K, committed 9216K, reserved 1048576K
2024-06-11T20:41:36.610+0800: 155.823: [GC (Allocation Failure) [PSYoungGen: 68896K->256K(71168K)] 100819K->32251K(185856K), 0.0038531 secs] [Times: user=0.01 sys=0.00, real=0.01 secs] 
Heap after GC invocations=47 (full 0):
 PSYoungGen      total 71168K, used 256K [0x00000000fb800000, 0x0000000100000000, 0x0000000100000000)
  eden space 68608K, 0% used [0x00000000fb800000,0x00000000fb800000,0x00000000ffb00000)
  from space 2560K, 10% used [0x00000000ffb00000,0x00000000ffb40000,0x00000000ffd80000)
  to   space 2560K, 0% used [0x00000000ffd80000,0x00000000ffd80000,0x0000000100000000)
 ParOldGen       total 114688K, used 31995K [0x00000000f4800000, 0x00000000fb800000, 0x00000000fb800000)
  object space 114688K, 27% used [0x00000000f4800000,0x00000000f673ed50,0x00000000fb800000)
 Metaspace       used 66164K, capacity 70304K, committed 70400K, reserved 1110016K
  class space    used 8396K, capacity 9129K, committed 9216K, reserved 1048576K
}
{Heap before GC invocations=48 (full 0):
 PSYoungGen      total 71168K, used 68864K [0x00000000fb800000, 0x0000000100000000, 0x0000000100000000)
  eden space 68608K, 100% used [0x00000000fb800000,0x00000000ffb00000,0x00000000ffb00000)
  from space 2560K, 10% used [0x00000000ffb00000,0x00000000ffb40000,0x00000000ffd80000)
  to   space 2560K, 0% used [0x00000000ffd80000,0x00000000ffd80000,0x0000000100000000)
 ParOldGen       total 114688K, used 31995K [0x00000000f4800000, 0x00000000fb800000, 0x00000000fb800000)
  object space 114688K, 27% used [0x00000000f4800000,0x00000000f673ed50,0x00000000fb800000)
 Metaspace       used 66175K, capacity 70304K, committed 70400K, reserved 1110016K
  class space    used 8396K, capacity 9129K, committed 9216K, reserved 1048576K
2024-06-11T20:41:40.890+0800: 160.104: [GC (Allocation Failure) [PSYoungGen: 68864K->256K(71168K)] 100859K->32331K(185856K), 0.0036480 secs] [Times: user=0.01 sys=0.00, real=0.01 secs] 
Heap after GC invocations=48 (full 0):
 PSYoungGen      total 71168K, used 256K [0x00000000fb800000, 0x0000000100000000, 0x0000000100000000)
  eden space 68608K, 0% used [0x00000000fb800000,0x00000000fb800000,0x00000000ffb00000)
  from space 2560K, 10% used [0x00000000ffd80000,0x00000000ffdc0000,0x0000000100000000)
  to   space 2560K, 0% used [0x00000000ffb00000,0x00000000ffb00000,0x00000000ffd80000)
 ParOldGen       total 114688K, used 32075K [0x00000000f4800000, 0x00000000fb800000, 0x00000000fb800000)
  object space 114688K, 27% used [0x00000000f4800000,0x00000000f6752d50,0x00000000fb800000)
 Metaspace       used 66175K, capacity 70304K, committed 70400K, reserved 1110016K
  class space    used 8396K, capacity 9129K, committed 9216K, reserved 1048576K
}
{Heap before GC invocations=49 (full 0):
 PSYoungGen      total 71168K, used 68864K [0x00000000fb800000, 0x0000000100000000, 0x0000000100000000)
  eden space 68608K, 100% used [0x00000000fb800000,0x00000000ffb00000,0x00000000ffb00000)
  from space 2560K, 10% used [0x00000000ffd80000,0x00000000ffdc0000,0x0000000100000000)
  to   space 2560K, 0% used [0x00000000ffb00000,0x00000000ffb00000,0x00000000ffd80000)
 ParOldGen       total 114688K, used 32075K [0x00000000f4800000, 0x00000000fb800000, 0x00000000fb800000)
  object space 114688K, 27% used [0x00000000f4800000,0x00000000f6752d50,0x00000000fb800000)
 Metaspace       used 66176K, capacity 70304K, committed 70400K, reserved 1110016K
  class space    used 8396K, capacity 9129K, committed 9216K, reserved 1048576K
2024-06-11T20:41:44.825+0800: 164.038: [GC (Allocation Failure) [PSYoungGen: 68864K->160K(71168K)] 100939K->32315K(185856K), 0.0037986 secs] [Times: user=0.01 sys=0.00, real=0.00 secs] 
Heap after GC invocations=49 (full 0):
 PSYoungGen      total 71168K, used 160K [0x00000000fb800000, 0x0000000100000000, 0x0000000100000000)
  eden space 68608K, 0% used [0x00000000fb800000,0x00000000fb800000,0x00000000ffb00000)
  from space 2560K, 6% used [0x00000000ffb00000,0x00000000ffb28000,0x00000000ffd80000)
  to   space 2048K, 0% used [0x00000000ffe00000,0x00000000ffe00000,0x0000000100000000)
 ParOldGen       total 114688K, used 32155K [0x00000000f4800000, 0x00000000fb800000, 0x00000000fb800000)
  object space 114688K, 28% used [0x00000000f4800000,0x00000000f6766d50,0x00000000fb800000)
 Metaspace       used 66176K, capacity 70304K, committed 70400K, reserved 1110016K
  class space    used 8396K, capacity 9129K, committed 9216K, reserved 1048576K
}
{Heap before GC invocations=50 (full 0):
 PSYoungGen      total 71168K, used 68768K [0x00000000fb800000, 0x0000000100000000, 0x0000000100000000)
  eden space 68608K, 100% used [0x00000000fb800000,0x00000000ffb00000,0x00000000ffb00000)
  from space 2560K, 6% used [0x00000000ffb00000,0x00000000ffb28000,0x00000000ffd80000)
  to   space 2048K, 0% used [0x00000000ffe00000,0x00000000ffe00000,0x0000000100000000)
 ParOldGen       total 114688K, used 32155K [0x00000000f4800000, 0x00000000fb800000, 0x00000000fb800000)
  object space 114688K, 28% used [0x00000000f4800000,0x00000000f6766d50,0x00000000fb800000)
 Metaspace       used 66178K, capacity 70304K, committed 70400K, reserved 1110016K
  class space    used 8396K, capacity 9129K, committed 9216K, reserved 1048576K
2024-06-11T20:41:49.409+0800: 168.623: [GC (Allocation Failure) [PSYoungGen: 68768K->128K(71680K)] 100923K->32363K(186368K), 0.0032176 secs] [Times: user=0.00 sys=0.00, real=0.01 secs] 
Heap after GC invocations=50 (full 0):
 PSYoungGen      total 71680K, used 128K [0x00000000fb800000, 0x0000000100000000, 0x0000000100000000)
  eden space 69632K, 0% used [0x00000000fb800000,0x00000000fb800000,0x00000000ffc00000)
  from space 2048K, 6% used [0x00000000ffe00000,0x00000000ffe20000,0x0000000100000000)
  to   space 2048K, 0% used [0x00000000ffc00000,0x00000000ffc00000,0x00000000ffe00000)
 ParOldGen       total 114688K, used 32235K [0x00000000f4800000, 0x00000000fb800000, 0x00000000fb800000)
  object space 114688K, 28% used [0x00000000f4800000,0x00000000f677ad50,0x00000000fb800000)
 Metaspace       used 66178K, capacity 70304K, committed 70400K, reserved 1110016K
  class space    used 8396K, capacity 9129K, committed 9216K, reserved 1048576K
}
{Heap before GC invocations=51 (full 0):
 PSYoungGen      total 71680K, used 69760K [0x00000000fb800000, 0x0000000100000000, 0x0000000100000000)
  eden space 69632K, 100% used [0x00000000fb800000,0x00000000ffc00000,0x00000000ffc00000)
  from space 2048K, 6% used [0x00000000ffe00000,0x00000000ffe20000,0x0000000100000000)
  to   space 2048K, 0% used [0x00000000ffc00000,0x00000000ffc00000,0x00000000ffe00000)
 ParOldGen       total 114688K, used 32235K [0x00000000f4800000, 0x00000000fb800000, 0x00000000fb800000)
  object space 114688K, 28% used [0x00000000f4800000,0x00000000f677ad50,0x00000000fb800000)
 Metaspace       used 66213K, capacity 70368K, committed 70656K, reserved 1110016K
  class space    used 8396K, capacity 9129K, committed 9216K, reserved 1048576K
2024-06-11T20:41:53.896+0800: 173.110: [GC (Allocation Failure) [PSYoungGen: 69760K->907K(71680K)] 101995K->33223K(186368K), 0.0039541 secs] [Times: user=0.00 sys=0.00, real=0.00 secs] 
Heap after GC invocations=51 (full 0):
 PSYoungGen      total 71680K, used 907K [0x00000000fb800000, 0x0000000100000000, 0x0000000100000000)
  eden space 69632K, 0% used [0x00000000fb800000,0x00000000fb800000,0x00000000ffc00000)
  from space 2048K, 44% used [0x00000000ffc00000,0x00000000ffce2fa0,0x00000000ffe00000)
  to   space 2048K, 0% used [0x00000000ffe00000,0x00000000ffe00000,0x0000000100000000)
 ParOldGen       total 114688K, used 32315K [0x00000000f4800000, 0x00000000fb800000, 0x00000000fb800000)
  object space 114688K, 28% used [0x00000000f4800000,0x00000000f678ed50,0x00000000fb800000)
 Metaspace       used 66213K, capacity 70368K, committed 70656K, reserved 1110016K
  class space    used 8396K, capacity 9129K, committed 9216K, reserved 1048576K
}
{Heap before GC invocations=52 (full 0):
 PSYoungGen      total 71680K, used 70539K [0x00000000fb800000, 0x0000000100000000, 0x0000000100000000)
  eden space 69632K, 100% used [0x00000000fb800000,0x00000000ffc00000,0x00000000ffc00000)
  from space 2048K, 44% used [0x00000000ffc00000,0x00000000ffce2fa0,0x00000000ffe00000)
  to   space 2048K, 0% used [0x00000000ffe00000,0x00000000ffe00000,0x0000000100000000)
 ParOldGen       total 114688K, used 32315K [0x00000000f4800000, 0x00000000fb800000, 0x00000000fb800000)
  object space 114688K, 28% used [0x00000000f4800000,0x00000000f678ed50,0x00000000fb800000)
 Metaspace       used 66216K, capacity 70368K, committed 70656K, reserved 1110016K
  class space    used 8396K, capacity 9129K, committed 9216K, reserved 1048576K
2024-06-11T20:41:58.345+0800: 177.558: [GC (Allocation Failure) [PSYoungGen: 70539K->288K(71680K)] 102855K->32843K(186368K), 0.0044137 secs] [Times: user=0.01 sys=0.00, real=0.00 secs] 
Heap after GC invocations=52 (full 0):
 PSYoungGen      total 71680K, used 288K [0x00000000fb800000, 0x0000000100000000, 0x0000000100000000)
  eden space 69632K, 0% used [0x00000000fb800000,0x00000000fb800000,0x00000000ffc00000)
  from space 2048K, 14% used [0x00000000ffe00000,0x00000000ffe48000,0x0000000100000000)
  to   space 2048K, 0% used [0x00000000ffc00000,0x00000000ffc00000,0x00000000ffe00000)
 ParOldGen       total 114688K, used 32555K [0x00000000f4800000, 0x00000000fb800000, 0x00000000fb800000)
  object space 114688K, 28% used [0x00000000f4800000,0x00000000f67cad50,0x00000000fb800000)
 Metaspace       used 66216K, capacity 70368K, committed 70656K, reserved 1110016K
  class space    used 8396K, capacity 9129K, committed 9216K, reserved 1048576K
}
{Heap before GC invocations=53 (full 0):
 PSYoungGen      total 71680K, used 69920K [0x00000000fb800000, 0x0000000100000000, 0x0000000100000000)
  eden space 69632K, 100% used [0x00000000fb800000,0x00000000ffc00000,0x00000000ffc00000)
  from space 2048K, 14% used [0x00000000ffe00000,0x00000000ffe48000,0x0000000100000000)
  to   space 2048K, 0% used [0x00000000ffc00000,0x00000000ffc00000,0x00000000ffe00000)
 ParOldGen       total 114688K, used 32555K [0x00000000f4800000, 0x00000000fb800000, 0x00000000fb800000)
  object space 114688K, 28% used [0x00000000f4800000,0x00000000f67cad50,0x00000000fb800000)
 Metaspace       used 66221K, capacity 70368K, committed 70656K, reserved 1110016K
  class space    used 8396K, capacity 9129K, committed 9216K, reserved 1048576K
2024-06-11T20:42:02.465+0800: 181.678: [GC (Allocation Failure) [PSYoungGen: 69920K->256K(71680K)] 102475K->32915K(186368K), 0.0035558 secs] [Times: user=0.01 sys=0.00, real=0.00 secs] 
Heap after GC invocations=53 (full 0):
 PSYoungGen      total 71680K, used 256K [0x00000000fb800000, 0x0000000100000000, 0x0000000100000000)
  eden space 69632K, 0% used [0x00000000fb800000,0x00000000fb800000,0x00000000ffc00000)
  from space 2048K, 12% used [0x00000000ffc00000,0x00000000ffc40000,0x00000000ffe00000)
  to   space 2048K, 0% used [0x00000000ffe00000,0x00000000ffe00000,0x0000000100000000)
 ParOldGen       total 114688K, used 32659K [0x00000000f4800000, 0x00000000fb800000, 0x00000000fb800000)
  object space 114688K, 28% used [0x00000000f4800000,0x00000000f67e4d50,0x00000000fb800000)
 Metaspace       used 66221K, capacity 70368K, committed 70656K, reserved 1110016K
  class space    used 8396K, capacity 9129K, committed 9216K, reserved 1048576K
}
{Heap before GC invocations=54 (full 0):
 PSYoungGen      total 71680K, used 69888K [0x00000000fb800000, 0x0000000100000000, 0x0000000100000000)
  eden space 69632K, 100% used [0x00000000fb800000,0x00000000ffc00000,0x00000000ffc00000)
  from space 2048K, 12% used [0x00000000ffc00000,0x00000000ffc40000,0x00000000ffe00000)
  to   space 2048K, 0% used [0x00000000ffe00000,0x00000000ffe00000,0x0000000100000000)
 ParOldGen       total 114688K, used 32659K [0x00000000f4800000, 0x00000000fb800000, 0x00000000fb800000)
  object space 114688K, 28% used [0x00000000f4800000,0x00000000f67e4d50,0x00000000fb800000)
 Metaspace       used 66221K, capacity 70368K, committed 70656K, reserved 1110016K
  class space    used 8396K, capacity 9129K, committed 9216K, reserved 1048576K
2024-06-11T20:42:06.567+0800: 185.780: [GC (Allocation Failure) [PSYoungGen: 69888K->224K(71680K)] 102547K->32971K(186368K), 0.0035668 secs] [Times: user=0.01 sys=0.00, real=0.00 secs] 
Heap after GC invocations=54 (full 0):
 PSYoungGen      total 71680K, used 224K [0x00000000fb800000, 0x0000000100000000, 0x0000000100000000)
  eden space 69632K, 0% used [0x00000000fb800000,0x00000000fb800000,0x00000000ffc00000)
  from space 2048K, 10% used [0x00000000ffe00000,0x00000000ffe38000,0x0000000100000000)
  to   space 2048K, 0% used [0x00000000ffc00000,0x00000000ffc00000,0x00000000ffe00000)
 ParOldGen       total 114688K, used 32747K [0x00000000f4800000, 0x00000000fb800000, 0x00000000fb800000)
  object space 114688K, 28% used [0x00000000f4800000,0x00000000f67fad50,0x00000000fb800000)
 Metaspace       used 66221K, capacity 70368K, committed 70656K, reserved 1110016K
  class space    used 8396K, capacity 9129K, committed 9216K, reserved 1048576K
}
{Heap before GC invocations=55 (full 0):
 PSYoungGen      total 71680K, used 69856K [0x00000000fb800000, 0x0000000100000000, 0x0000000100000000)
  eden space 69632K, 100% used [0x00000000fb800000,0x00000000ffc00000,0x00000000ffc00000)
  from space 2048K, 10% used [0x00000000ffe00000,0x00000000ffe38000,0x0000000100000000)
  to   space 2048K, 0% used [0x00000000ffc00000,0x00000000ffc00000,0x00000000ffe00000)
 ParOldGen       total 114688K, used 32747K [0x00000000f4800000, 0x00000000fb800000, 0x00000000fb800000)
  object space 114688K, 28% used [0x00000000f4800000,0x00000000f67fad50,0x00000000fb800000)
 Metaspace       used 66237K, capacity 70436K, committed 70656K, reserved 1110016K
  class space    used 8396K, capacity 9129K, committed 9216K, reserved 1048576K
2024-06-11T20:42:11.340+0800: 190.554: [GC (Allocation Failure) [PSYoungGen: 69856K->96K(71680K)] 102603K->32923K(186368K), 0.0217756 secs] [Times: user=0.02 sys=0.01, real=0.03 secs] 
Heap after GC invocations=55 (full 0):
 PSYoungGen      total 71680K, used 96K [0x00000000fb800000, 0x0000000100000000, 0x0000000100000000)
  eden space 69632K, 0% used [0x00000000fb800000,0x00000000fb800000,0x00000000ffc00000)
  from space 2048K, 4% used [0x00000000ffc00000,0x00000000ffc18000,0x00000000ffe00000)
  to   space 1536K, 0% used [0x00000000ffe80000,0x00000000ffe80000,0x0000000100000000)
 ParOldGen       total 114688K, used 32827K [0x00000000f4800000, 0x00000000fb800000, 0x00000000fb800000)
  object space 114688K, 28% used [0x00000000f4800000,0x00000000f680ed50,0x00000000fb800000)
 Metaspace       used 66237K, capacity 70436K, committed 70656K, reserved 1110016K
  class space    used 8396K, capacity 9129K, committed 9216K, reserved 1048576K
}
{Heap before GC invocations=56 (full 0):
 PSYoungGen      total 71680K, used 69728K [0x00000000fb800000, 0x0000000100000000, 0x0000000100000000)
  eden space 69632K, 100% used [0x00000000fb800000,0x00000000ffc00000,0x00000000ffc00000)
  from space 2048K, 4% used [0x00000000ffc00000,0x00000000ffc18000,0x00000000ffe00000)
  to   space 1536K, 0% used [0x00000000ffe80000,0x00000000ffe80000,0x0000000100000000)
 ParOldGen       total 114688K, used 32827K [0x00000000f4800000, 0x00000000fb800000, 0x00000000fb800000)
  object space 114688K, 28% used [0x00000000f4800000,0x00000000f680ed50,0x00000000fb800000)
 Metaspace       used 66255K, capacity 70436K, committed 70656K, reserved 1110016K
  class space    used 8396K, capacity 9129K, committed 9216K, reserved 1048576K
2024-06-11T20:42:16.306+0800: 195.519: [GC (Allocation Failure) [PSYoungGen: 69728K->800K(71168K)] 102555K->33659K(185856K), 0.0043132 secs] [Times: user=0.01 sys=0.00, real=0.00 secs] 
Heap after GC invocations=56 (full 0):
 PSYoungGen      total 71168K, used 800K [0x00000000fb800000, 0x0000000100000000, 0x0000000100000000)
  eden space 69632K, 0% used [0x00000000fb800000,0x00000000fb800000,0x00000000ffc00000)
  from space 1536K, 52% used [0x00000000ffe80000,0x00000000fff48000,0x0000000100000000)
  to   space 2048K, 0% used [0x00000000ffc00000,0x00000000ffc00000,0x00000000ffe00000)
 ParOldGen       total 114688K, used 32859K [0x00000000f4800000, 0x00000000fb800000, 0x00000000fb800000)
  object space 114688K, 28% used [0x00000000f4800000,0x00000000f6816d50,0x00000000fb800000)
 Metaspace       used 66255K, capacity 70436K, committed 70656K, reserved 1110016K
  class space    used 8396K, capacity 9129K, committed 9216K, reserved 1048576K
}
{Heap before GC invocations=57 (full 0):
 PSYoungGen      total 71168K, used 70432K [0x00000000fb800000, 0x0000000100000000, 0x0000000100000000)
  eden space 69632K, 100% used [0x00000000fb800000,0x00000000ffc00000,0x00000000ffc00000)
  from space 1536K, 52% used [0x00000000ffe80000,0x00000000fff48000,0x0000000100000000)
  to   space 2048K, 0% used [0x00000000ffc00000,0x00000000ffc00000,0x00000000ffe00000)
 ParOldGen       total 114688K, used 32859K [0x00000000f4800000, 0x00000000fb800000, 0x00000000fb800000)
  object space 114688K, 28% used [0x00000000f4800000,0x00000000f6816d50,0x00000000fb800000)
 Metaspace       used 66255K, capacity 70436K, committed 70656K, reserved 1110016K
  class space    used 8396K, capacity 9129K, committed 9216K, reserved 1048576K
2024-06-11T20:42:20.458+0800: 199.671: [GC (Allocation Failure) [PSYoungGen: 70432K->352K(71680K)] 103291K->33763K(186368K), 0.0044870 secs] [Times: user=0.00 sys=0.00, real=0.01 secs] 
Heap after GC invocations=57 (full 0):
 PSYoungGen      total 71680K, used 352K [0x00000000fb800000, 0x0000000100000000, 0x0000000100000000)
  eden space 69632K, 0% used [0x00000000fb800000,0x00000000fb800000,0x00000000ffc00000)
  from space 2048K, 17% used [0x00000000ffc00000,0x00000000ffc58000,0x00000000ffe00000)
  to   space 1536K, 0% used [0x00000000ffe80000,0x00000000ffe80000,0x0000000100000000)
 ParOldGen       total 114688K, used 33411K [0x00000000f4800000, 0x00000000fb800000, 0x00000000fb800000)
  object space 114688K, 29% used [0x00000000f4800000,0x00000000f68a0d50,0x00000000fb800000)
 Metaspace       used 66255K, capacity 70436K, committed 70656K, reserved 1110016K
  class space    used 8396K, capacity 9129K, committed 9216K, reserved 1048576K
}
{Heap before GC invocations=58 (full 0):
 PSYoungGen      total 71680K, used 69984K [0x00000000fb800000, 0x0000000100000000, 0x0000000100000000)
  eden space 69632K, 100% used [0x00000000fb800000,0x00000000ffc00000,0x00000000ffc00000)
  from space 2048K, 17% used [0x00000000ffc00000,0x00000000ffc58000,0x00000000ffe00000)
  to   space 1536K, 0% used [0x00000000ffe80000,0x00000000ffe80000,0x0000000100000000)
 ParOldGen       total 114688K, used 33411K [0x00000000f4800000, 0x00000000fb800000, 0x00000000fb800000)
  object space 114688K, 29% used [0x00000000f4800000,0x00000000f68a0d50,0x00000000fb800000)
 Metaspace       used 66265K, capacity 70436K, committed 70656K, reserved 1110016K
  class space    used 8396K, capacity 9129K, committed 9216K, reserved 1048576K
2024-06-11T20:42:24.983+0800: 204.196: [GC (Allocation Failure) [PSYoungGen: 69984K->352K(72192K)] 103395K->33851K(186880K), 0.0040560 secs] [Times: user=0.01 sys=0.00, real=0.00 secs] 
Heap after GC invocations=58 (full 0):
 PSYoungGen      total 72192K, used 352K [0x00000000fb800000, 0x0000000100000000, 0x0000000100000000)
  eden space 70656K, 0% used [0x00000000fb800000,0x00000000fb800000,0x00000000ffd00000)
  from space 1536K, 22% used [0x00000000ffe80000,0x00000000ffed8000,0x0000000100000000)
  to   space 1536K, 0% used [0x00000000ffd00000,0x00000000ffd00000,0x00000000ffe80000)
 ParOldGen       total 114688K, used 33499K [0x00000000f4800000, 0x00000000fb800000, 0x00000000fb800000)
  object space 114688K, 29% used [0x00000000f4800000,0x00000000f68b6d50,0x00000000fb800000)
 Metaspace       used 66265K, capacity 70436K, committed 70656K, reserved 1110016K
  class space    used 8396K, capacity 9129K, committed 9216K, reserved 1048576K
}
{Heap before GC invocations=59 (full 0):
 PSYoungGen      total 72192K, used 71008K [0x00000000fb800000, 0x0000000100000000, 0x0000000100000000)
  eden space 70656K, 100% used [0x00000000fb800000,0x00000000ffd00000,0x00000000ffd00000)
  from space 1536K, 22% used [0x00000000ffe80000,0x00000000ffed8000,0x0000000100000000)
  to   space 1536K, 0% used [0x00000000ffd00000,0x00000000ffd00000,0x00000000ffe80000)
 ParOldGen       total 114688K, used 33499K [0x00000000f4800000, 0x00000000fb800000, 0x00000000fb800000)
  object space 114688K, 29% used [0x00000000f4800000,0x00000000f68b6d50,0x00000000fb800000)
 Metaspace       used 66266K, capacity 70436K, committed 70656K, reserved 1110016K
  class space    used 8396K, capacity 9129K, committed 9216K, reserved 1048576K
2024-06-11T20:42:29.178+0800: 208.392: [GC (Allocation Failure) [PSYoungGen: 71008K->384K(72192K)] 104507K->33963K(186880K), 0.0038343 secs] [Times: user=0.00 sys=0.00, real=0.01 secs] 
Heap after GC invocations=59 (full 0):
 PSYoungGen      total 72192K, used 384K [0x00000000fb800000, 0x0000000100000000, 0x0000000100000000)
  eden space 70656K, 0% used [0x00000000fb800000,0x00000000fb800000,0x00000000ffd00000)
  from space 1536K, 25% used [0x00000000ffd00000,0x00000000ffd60000,0x00000000ffe80000)
  to   space 1536K, 0% used [0x00000000ffe80000,0x00000000ffe80000,0x0000000100000000)
 ParOldGen       total 114688K, used 33579K [0x00000000f4800000, 0x00000000fb800000, 0x00000000fb800000)
  object space 114688K, 29% used [0x00000000f4800000,0x00000000f68cad50,0x00000000fb800000)
 Metaspace       used 66266K, capacity 70436K, committed 70656K, reserved 1110016K
  class space    used 8396K, capacity 9129K, committed 9216K, reserved 1048576K
}
{Heap before GC invocations=60 (full 0):
 PSYoungGen      total 72192K, used 71040K [0x00000000fb800000, 0x0000000100000000, 0x0000000100000000)
  eden space 70656K, 100% used [0x00000000fb800000,0x00000000ffd00000,0x00000000ffd00000)
  from space 1536K, 25% used [0x00000000ffd00000,0x00000000ffd60000,0x00000000ffe80000)
  to   space 1536K, 0% used [0x00000000ffe80000,0x00000000ffe80000,0x0000000100000000)
 ParOldGen       total 114688K, used 33579K [0x00000000f4800000, 0x00000000fb800000, 0x00000000fb800000)
  object space 114688K, 29% used [0x00000000f4800000,0x00000000f68cad50,0x00000000fb800000)
 Metaspace       used 66267K, capacity 70436K, committed 70656K, reserved 1110016K
  class space    used 8396K, capacity 9129K, committed 9216K, reserved 1048576K
2024-06-11T20:42:33.485+0800: 212.698: [GC (Allocation Failure) [PSYoungGen: 71040K->384K(72192K)] 104619K->34043K(186880K), 0.0039860 secs] [Times: user=0.01 sys=0.00, real=0.00 secs] 
Heap after GC invocations=60 (full 0):
 PSYoungGen      total 72192K, used 384K [0x00000000fb800000, 0x0000000100000000, 0x0000000100000000)
  eden space 70656K, 0% used [0x00000000fb800000,0x00000000fb800000,0x00000000ffd00000)
  from space 1536K, 25% used [0x00000000ffe80000,0x00000000ffee0000,0x0000000100000000)
  to   space 1536K, 0% used [0x00000000ffd00000,0x00000000ffd00000,0x00000000ffe80000)
 ParOldGen       total 114688K, used 33659K [0x00000000f4800000, 0x00000000fb800000, 0x00000000fb800000)
  object space 114688K, 29% used [0x00000000f4800000,0x00000000f68ded50,0x00000000fb800000)
 Metaspace       used 66267K, capacity 70436K, committed 70656K, reserved 1110016K
  class space    used 8396K, capacity 9129K, committed 9216K, reserved 1048576K
}
{Heap before GC invocations=61 (full 0):
 PSYoungGen      total 72192K, used 71040K [0x00000000fb800000, 0x0000000100000000, 0x0000000100000000)
  eden space 70656K, 100% used [0x00000000fb800000,0x00000000ffd00000,0x00000000ffd00000)
  from space 1536K, 25% used [0x00000000ffe80000,0x00000000ffee0000,0x0000000100000000)
  to   space 1536K, 0% used [0x00000000ffd00000,0x00000000ffd00000,0x00000000ffe80000)
 ParOldGen       total 114688K, used 33659K [0x00000000f4800000, 0x00000000fb800000, 0x00000000fb800000)
  object space 114688K, 29% used [0x00000000f4800000,0x00000000f68ded50,0x00000000fb800000)
 Metaspace       used 66268K, capacity 70436K, committed 70656K, reserved 1110016K
  class space    used 8396K, capacity 9129K, committed 9216K, reserved 1048576K
2024-06-11T20:42:37.742+0800: 216.955: [GC (Allocation Failure) [PSYoungGen: 71040K->632K(72192K)] 104699K->34371K(186880K), 0.0039391 secs] [Times: user=0.00 sys=0.00, real=0.00 secs] 
Heap after GC invocations=61 (full 0):
 PSYoungGen      total 72192K, used 632K [0x00000000fb800000, 0x0000000100000000, 0x0000000100000000)
  eden space 70656K, 0% used [0x00000000fb800000,0x00000000fb800000,0x00000000ffd00000)
  from space 1536K, 41% used [0x00000000ffd00000,0x00000000ffd9e0d8,0x00000000ffe80000)
  to   space 1536K, 0% used [0x00000000ffe80000,0x00000000ffe80000,0x0000000100000000)
 ParOldGen       total 114688K, used 33739K [0x00000000f4800000, 0x00000000fb800000, 0x00000000fb800000)
  object space 114688K, 29% used [0x00000000f4800000,0x00000000f68f2d50,0x00000000fb800000)
 Metaspace       used 66268K, capacity 70436K, committed 70656K, reserved 1110016K
  class space    used 8396K, capacity 9129K, committed 9216K, reserved 1048576K
}
{Heap before GC invocations=62 (full 0):
 PSYoungGen      total 72192K, used 71288K [0x00000000fb800000, 0x0000000100000000, 0x0000000100000000)
  eden space 70656K, 100% used [0x00000000fb800000,0x00000000ffd00000,0x00000000ffd00000)
  from space 1536K, 41% used [0x00000000ffd00000,0x00000000ffd9e0d8,0x00000000ffe80000)
  to   space 1536K, 0% used [0x00000000ffe80000,0x00000000ffe80000,0x0000000100000000)
 ParOldGen       total 114688K, used 33739K [0x00000000f4800000, 0x00000000fb800000, 0x00000000fb800000)
  object space 114688K, 29% used [0x00000000f4800000,0x00000000f68f2d50,0x00000000fb800000)
 Metaspace       used 66272K, capacity 70436K, committed 70656K, reserved 1110016K
  class space    used 8396K, capacity 9129K, committed 9216K, reserved 1048576K
2024-06-11T20:42:42.224+0800: 221.437: [GC (Allocation Failure) [PSYoungGen: 71288K->384K(72192K)] 105027K->34211K(186880K), 0.0039002 secs] [Times: user=0.01 sys=0.00, real=0.00 secs] 
Heap after GC invocations=62 (full 0):
 PSYoungGen      total 72192K, used 384K [0x00000000fb800000, 0x0000000100000000, 0x0000000100000000)
  eden space 70656K, 0% used [0x00000000fb800000,0x00000000fb800000,0x00000000ffd00000)
  from space 1536K, 25% used [0x00000000ffe80000,0x00000000ffee0000,0x0000000100000000)
  to   space 1536K, 0% used [0x00000000ffd00000,0x00000000ffd00000,0x00000000ffe80000)
 ParOldGen       total 114688K, used 33827K [0x00000000f4800000, 0x00000000fb800000, 0x00000000fb800000)
  object space 114688K, 29% used [0x00000000f4800000,0x00000000f6908d50,0x00000000fb800000)
 Metaspace       used 66272K, capacity 70436K, committed 70656K, reserved 1110016K
  class space    used 8396K, capacity 9129K, committed 9216K, reserved 1048576K
}
{Heap before GC invocations=63 (full 0):
 PSYoungGen      total 72192K, used 71040K [0x00000000fb800000, 0x0000000100000000, 0x0000000100000000)
  eden space 70656K, 100% used [0x00000000fb800000,0x00000000ffd00000,0x00000000ffd00000)
  from space 1536K, 25% used [0x00000000ffe80000,0x00000000ffee0000,0x0000000100000000)
  to   space 1536K, 0% used [0x00000000ffd00000,0x00000000ffd00000,0x00000000ffe80000)
 ParOldGen       total 114688K, used 33827K [0x00000000f4800000, 0x00000000fb800000, 0x00000000fb800000)
  object space 114688K, 29% used [0x00000000f4800000,0x00000000f6908d50,0x00000000fb800000)
 Metaspace       used 66273K, capacity 70436K, committed 70656K, reserved 1110016K
  class space    used 8396K, capacity 9129K, committed 9216K, reserved 1048576K
2024-06-11T20:42:46.551+0800: 225.765: [GC (Allocation Failure) [PSYoungGen: 71040K->352K(72192K)] 104867K->34259K(186880K), 0.0047288 secs] [Times: user=0.01 sys=0.00, real=0.00 secs] 
Heap after GC invocations=63 (full 0):
 PSYoungGen      total 72192K, used 352K [0x00000000fb800000, 0x0000000100000000, 0x0000000100000000)
  eden space 70656K, 0% used [0x00000000fb800000,0x00000000fb800000,0x00000000ffd00000)
  from space 1536K, 22% used [0x00000000ffd00000,0x00000000ffd58000,0x00000000ffe80000)
  to   space 1536K, 0% used [0x00000000ffe80000,0x00000000ffe80000,0x0000000100000000)
 ParOldGen       total 114688K, used 33907K [0x00000000f4800000, 0x00000000fb800000, 0x00000000fb800000)
  object space 114688K, 29% used [0x00000000f4800000,0x00000000f691cd50,0x00000000fb800000)
 Metaspace       used 66273K, capacity 70436K, committed 70656K, reserved 1110016K
  class space    used 8396K, capacity 9129K, committed 9216K, reserved 1048576K
}
{Heap before GC invocations=64 (full 0):
 PSYoungGen      total 72192K, used 71008K [0x00000000fb800000, 0x0000000100000000, 0x0000000100000000)
  eden space 70656K, 100% used [0x00000000fb800000,0x00000000ffd00000,0x00000000ffd00000)
  from space 1536K, 22% used [0x00000000ffd00000,0x00000000ffd58000,0x00000000ffe80000)
  to   space 1536K, 0% used [0x00000000ffe80000,0x00000000ffe80000,0x0000000100000000)
 ParOldGen       total 114688K, used 33907K [0x00000000f4800000, 0x00000000fb800000, 0x00000000fb800000)
  object space 114688K, 29% used [0x00000000f4800000,0x00000000f691cd50,0x00000000fb800000)
 Metaspace       used 66273K, capacity 70436K, committed 70656K, reserved 1110016K
  class space    used 8396K, capacity 9129K, committed 9216K, reserved 1048576K
2024-06-11T20:42:50.883+0800: 230.096: [GC (Allocation Failure) [PSYoungGen: 71008K->352K(72704K)] 104915K->34339K(187392K), 0.0046554 secs] [Times: user=0.01 sys=0.00, real=0.00 secs] 
Heap after GC invocations=64 (full 0):
 PSYoungGen      total 72704K, used 352K [0x00000000fb800000, 0x0000000100000000, 0x0000000100000000)
  eden space 71168K, 0% used [0x00000000fb800000,0x00000000fb800000,0x00000000ffd80000)
  from space 1536K, 22% used [0x00000000ffe80000,0x00000000ffed8000,0x0000000100000000)
  to   space 1024K, 0% used [0x00000000ffd80000,0x00000000ffd80000,0x00000000ffe80000)
 ParOldGen       total 114688K, used 33987K [0x00000000f4800000, 0x00000000fb800000, 0x00000000fb800000)
  object space 114688K, 29% used [0x00000000f4800000,0x00000000f6930d50,0x00000000fb800000)
 Metaspace       used 66273K, capacity 70436K, committed 70656K, reserved 1110016K
  class space    used 8396K, capacity 9129K, committed 9216K, reserved 1048576K
}
{Heap before GC invocations=65 (full 0):
 PSYoungGen      total 72704K, used 71520K [0x00000000fb800000, 0x0000000100000000, 0x0000000100000000)
  eden space 71168K, 100% used [0x00000000fb800000,0x00000000ffd80000,0x00000000ffd80000)
  from space 1536K, 22% used [0x00000000ffe80000,0x00000000ffed8000,0x0000000100000000)
  to   space 1024K, 0% used [0x00000000ffd80000,0x00000000ffd80000,0x00000000ffe80000)
 ParOldGen       total 114688K, used 33987K [0x00000000f4800000, 0x00000000fb800000, 0x00000000fb800000)
  object space 114688K, 29% used [0x00000000f4800000,0x00000000f6930d50,0x00000000fb800000)
 Metaspace       used 66298K, capacity 70472K, committed 70656K, reserved 1110016K
  class space    used 8399K, capacity 9135K, committed 9216K, reserved 1048576K
2024-06-11T20:42:55.394+0800: 234.607: [GC (Allocation Failure) [PSYoungGen: 71520K->384K(72192K)] 105507K->34459K(186880K), 0.0039978 secs] [Times: user=0.01 sys=0.00, real=0.00 secs] 
Heap after GC invocations=65 (full 0):
 PSYoungGen      total 72192K, used 384K [0x00000000fb800000, 0x0000000100000000, 0x0000000100000000)
  eden space 71168K, 0% used [0x00000000fb800000,0x00000000fb800000,0x00000000ffd80000)
  from space 1024K, 37% used [0x00000000ffd80000,0x00000000ffde0000,0x00000000ffe80000)
  to   space 1024K, 0% used [0x00000000fff00000,0x00000000fff00000,0x0000000100000000)
 ParOldGen       total 114688K, used 34075K [0x00000000f4800000, 0x00000000fb800000, 0x00000000fb800000)
  object space 114688K, 29% used [0x00000000f4800000,0x00000000f6946d50,0x00000000fb800000)
 Metaspace       used 66298K, capacity 70472K, committed 70656K, reserved 1110016K
  class space    used 8399K, capacity 9135K, committed 9216K, reserved 1048576K
}
{Heap before GC invocations=66 (full 0):
 PSYoungGen      total 72192K, used 71552K [0x00000000fb800000, 0x0000000100000000, 0x0000000100000000)
  eden space 71168K, 100% used [0x00000000fb800000,0x00000000ffd80000,0x00000000ffd80000)
  from space 1024K, 37% used [0x00000000ffd80000,0x00000000ffde0000,0x00000000ffe80000)
  to   space 1024K, 0% used [0x00000000fff00000,0x00000000fff00000,0x0000000100000000)
 ParOldGen       total 114688K, used 34075K [0x00000000f4800000, 0x00000000fb800000, 0x00000000fb800000)
  object space 114688K, 29% used [0x00000000f4800000,0x00000000f6946d50,0x00000000fb800000)
 Metaspace       used 66298K, capacity 70472K, committed 70656K, reserved 1110016K
  class space    used 8399K, capacity 9135K, committed 9216K, reserved 1048576K
2024-06-11T20:42:59.753+0800: 238.966: [GC (Allocation Failure) [PSYoungGen: 71552K->384K(72704K)] 105627K->34547K(187392K), 0.0039933 secs] [Times: user=0.01 sys=0.00, real=0.00 secs] 
Heap after GC invocations=66 (full 0):
 PSYoungGen      total 72704K, used 384K [0x00000000fb800000, 0x0000000100000000, 0x0000000100000000)
  eden space 71680K, 0% used [0x00000000fb800000,0x00000000fb800000,0x00000000ffe00000)
  from space 1024K, 37% used [0x00000000fff00000,0x00000000fff60000,0x0000000100000000)
  to   space 1024K, 0% used [0x00000000ffe00000,0x00000000ffe00000,0x00000000fff00000)
 ParOldGen       total 114688K, used 34163K [0x00000000f4800000, 0x00000000fb800000, 0x00000000fb800000)
  object space 114688K, 29% used [0x00000000f4800000,0x00000000f695cd50,0x00000000fb800000)
 Metaspace       used 66298K, capacity 70472K, committed 70656K, reserved 1110016K
  class space    used 8399K, capacity 9135K, committed 9216K, reserved 1048576K
}
{Heap before GC invocations=67 (full 0):
 PSYoungGen      total 72704K, used 72064K [0x00000000fb800000, 0x0000000100000000, 0x0000000100000000)
  eden space 71680K, 100% used [0x00000000fb800000,0x00000000ffe00000,0x00000000ffe00000)
  from space 1024K, 37% used [0x00000000fff00000,0x00000000fff60000,0x0000000100000000)
  to   space 1024K, 0% used [0x00000000ffe00000,0x00000000ffe00000,0x00000000fff00000)
 ParOldGen       total 114688K, used 34163K [0x00000000f4800000, 0x00000000fb800000, 0x00000000fb800000)
  object space 114688K, 29% used [0x00000000f4800000,0x00000000f695cd50,0x00000000fb800000)
 Metaspace       used 66299K, capacity 70472K, committed 70656K, reserved 1110016K
  class space    used 8399K, capacity 9135K, committed 9216K, reserved 1048576K
2024-06-11T20:43:03.968+0800: 243.182: [GC (Allocation Failure) [PSYoungGen: 72064K->352K(72704K)] 106227K->34595K(187392K), 0.0048732 secs] [Times: user=0.01 sys=0.00, real=0.01 secs] 
Heap after GC invocations=67 (full 0):
 PSYoungGen      total 72704K, used 352K [0x00000000fb800000, 0x0000000100000000, 0x0000000100000000)
  eden space 71680K, 0% used [0x00000000fb800000,0x00000000fb800000,0x00000000ffe00000)
  from space 1024K, 34% used [0x00000000ffe00000,0x00000000ffe58000,0x00000000fff00000)
  to   space 1024K, 0% used [0x00000000fff00000,0x00000000fff00000,0x0000000100000000)
 ParOldGen       total 114688K, used 34243K [0x00000000f4800000, 0x00000000fb800000, 0x00000000fb800000)
  object space 114688K, 29% used [0x00000000f4800000,0x00000000f6970d50,0x00000000fb800000)
 Metaspace       used 66299K, capacity 70472K, committed 70656K, reserved 1110016K
  class space    used 8399K, capacity 9135K, committed 9216K, reserved 1048576K
}
{Heap before GC invocations=68 (full 0):
 PSYoungGen      total 72704K, used 72032K [0x00000000fb800000, 0x0000000100000000, 0x0000000100000000)
  eden space 71680K, 100% used [0x00000000fb800000,0x00000000ffe00000,0x00000000ffe00000)
  from space 1024K, 34% used [0x00000000ffe00000,0x00000000ffe58000,0x00000000fff00000)
  to   space 1024K, 0% used [0x00000000fff00000,0x00000000fff00000,0x0000000100000000)
 ParOldGen       total 114688K, used 34243K [0x00000000f4800000, 0x00000000fb800000, 0x00000000fb800000)
  object space 114688K, 29% used [0x00000000f4800000,0x00000000f6970d50,0x00000000fb800000)
 Metaspace       used 73007K, capacity 77258K, committed 77440K, reserved 1116160K
  class space    used 9296K, capacity 10048K, committed 10112K, reserved 1048576K
2024-06-11T20:43:06.323+0800: 245.536: [GC (Allocation Failure) [PSYoungGen: 72032K->1003K(66560K)] 106275K->42705K(181248K), 0.0114310 secs] [Times: user=0.02 sys=0.01, real=0.01 secs] 
Heap after GC invocations=68 (full 0):
 PSYoungGen      total 66560K, used 1003K [0x00000000fb800000, 0x0000000100000000, 0x0000000100000000)
  eden space 65536K, 0% used [0x00000000fb800000,0x00000000fb800000,0x00000000ff800000)
  from space 1024K, 97% used [0x00000000fff00000,0x00000000fffface8,0x0000000100000000)
  to   space 4096K, 0% used [0x00000000ff800000,0x00000000ff800000,0x00000000ffc00000)
 ParOldGen       total 114688K, used 41701K [0x00000000f4800000, 0x00000000fb800000, 0x00000000fb800000)
  object space 114688K, 36% used [0x00000000f4800000,0x00000000f70b9740,0x00000000fb800000)
 Metaspace       used 73007K, capacity 77258K, committed 77440K, reserved 1116160K
  class space    used 9296K, capacity 10048K, committed 10112K, reserved 1048576K
}
{Heap before GC invocations=69 (full 0):
 PSYoungGen      total 66560K, used 66539K [0x00000000fb800000, 0x0000000100000000, 0x0000000100000000)
  eden space 65536K, 100% used [0x00000000fb800000,0x00000000ff800000,0x00000000ff800000)
  from space 1024K, 97% used [0x00000000fff00000,0x00000000fffface8,0x0000000100000000)
  to   space 4096K, 0% used [0x00000000ff800000,0x00000000ff800000,0x00000000ffc00000)
 ParOldGen       total 114688K, used 41701K [0x00000000f4800000, 0x00000000fb800000, 0x00000000fb800000)
  object space 114688K, 36% used [0x00000000f4800000,0x00000000f70b9740,0x00000000fb800000)
 Metaspace       used 74099K, capacity 78314K, committed 78592K, reserved 1118208K
  class space    used 9464K, capacity 10208K, committed 10240K, reserved 1048576K
2024-06-11T20:43:09.658+0800: 248.871: [GC (Allocation Failure) [PSYoungGen: 66539K->4064K(68096K)] 108241K->52021K(182784K), 0.0083425 secs] [Times: user=0.01 sys=0.01, real=0.01 secs] 
Heap after GC invocations=69 (full 0):
 PSYoungGen      total 68096K, used 4064K [0x00000000fb800000, 0x0000000100000000, 0x0000000100000000)
  eden space 64000K, 0% used [0x00000000fb800000,0x00000000fb800000,0x00000000ff680000)
  from space 4096K, 99% used [0x00000000ff800000,0x00000000ffbf80b0,0x00000000ffc00000)
  to   space 4096K, 0% used [0x00000000ffc00000,0x00000000ffc00000,0x0000000100000000)
 ParOldGen       total 114688K, used 47956K [0x00000000f4800000, 0x00000000fb800000, 0x00000000fb800000)
  object space 114688K, 41% used [0x00000000f4800000,0x00000000f76d53c0,0x00000000fb800000)
 Metaspace       used 74099K, capacity 78314K, committed 78592K, reserved 1118208K
  class space    used 9464K, capacity 10208K, committed 10240K, reserved 1048576K
}
{Heap before GC invocations=70 (full 0):
 PSYoungGen      total 68096K, used 68064K [0x00000000fb800000, 0x0000000100000000, 0x0000000100000000)
  eden space 64000K, 100% used [0x00000000fb800000,0x00000000ff680000,0x00000000ff680000)
  from space 4096K, 99% used [0x00000000ff800000,0x00000000ffbf80b0,0x00000000ffc00000)
  to   space 4096K, 0% used [0x00000000ffc00000,0x00000000ffc00000,0x0000000100000000)
 ParOldGen       total 114688K, used 47956K [0x00000000f4800000, 0x00000000fb800000, 0x00000000fb800000)
  object space 114688K, 41% used [0x00000000f4800000,0x00000000f76d53c0,0x00000000fb800000)
 Metaspace       used 74140K, capacity 78314K, committed 78592K, reserved 1118208K
  class space    used 9467K, capacity 10208K, committed 10240K, reserved 1048576K
2024-06-11T20:43:13.543+0800: 252.756: [GC (Allocation Failure) [PSYoungGen: 68064K->512K(63488K)] 116021K->52183K(178176K), 0.0062442 secs] [Times: user=0.01 sys=0.00, real=0.00 secs] 
Heap after GC invocations=70 (full 0):
 PSYoungGen      total 63488K, used 512K [0x00000000fb800000, 0x0000000100000000, 0x0000000100000000)
  eden space 59392K, 0% used [0x00000000fb800000,0x00000000fb800000,0x00000000ff200000)
  from space 4096K, 12% used [0x00000000ffc00000,0x00000000ffc80000,0x0000000100000000)
  to   space 7168K, 0% used [0x00000000ff200000,0x00000000ff200000,0x00000000ff900000)
 ParOldGen       total 114688K, used 51671K [0x00000000f4800000, 0x00000000fb800000, 0x00000000fb800000)
  object space 114688K, 45% used [0x00000000f4800000,0x00000000f7a75cf0,0x00000000fb800000)
 Metaspace       used 74140K, capacity 78314K, committed 78592K, reserved 1118208K
  class space    used 9467K, capacity 10208K, committed 10240K, reserved 1048576K
}
{Heap before GC invocations=71 (full 0):
 PSYoungGen      total 63488K, used 59904K [0x00000000fb800000, 0x0000000100000000, 0x0000000100000000)
  eden space 59392K, 100% used [0x00000000fb800000,0x00000000ff200000,0x00000000ff200000)
  from space 4096K, 12% used [0x00000000ffc00000,0x00000000ffc80000,0x0000000100000000)
  to   space 7168K, 0% used [0x00000000ff200000,0x00000000ff200000,0x00000000ff900000)
 ParOldGen       total 114688K, used 51671K [0x00000000f4800000, 0x00000000fb800000, 0x00000000fb800000)
  object space 114688K, 45% used [0x00000000f4800000,0x00000000f7a75cf0,0x00000000fb800000)
 Metaspace       used 74494K, capacity 78698K, committed 78976K, reserved 1118208K
  class space    used 9511K, capacity 10272K, committed 10368K, reserved 1048576K
2024-06-11T20:43:17.070+0800: 256.283: [GC (Allocation Failure) [PSYoungGen: 59904K->1136K(66560K)] 111575K->53023K(181248K), 0.0048877 secs] [Times: user=0.01 sys=0.00, real=0.01 secs] 
Heap after GC invocations=71 (full 0):
 PSYoungGen      total 66560K, used 1136K [0x00000000fb800000, 0x0000000100000000, 0x0000000100000000)
  eden space 59392K, 0% used [0x00000000fb800000,0x00000000fb800000,0x00000000ff200000)
  from space 7168K, 15% used [0x00000000ff200000,0x00000000ff31c048,0x00000000ff900000)
  to   space 6656K, 0% used [0x00000000ff980000,0x00000000ff980000,0x0000000100000000)
 ParOldGen       total 114688K, used 51887K [0x00000000f4800000, 0x00000000fb800000, 0x00000000fb800000)
  object space 114688K, 45% used [0x00000000f4800000,0x00000000f7aabcf0,0x00000000fb800000)
 Metaspace       used 74494K, capacity 78698K, committed 78976K, reserved 1118208K
  class space    used 9511K, capacity 10272K, committed 10368K, reserved 1048576K
}
{Heap before GC invocations=72 (full 0):
 PSYoungGen      total 66560K, used 60528K [0x00000000fb800000, 0x0000000100000000, 0x0000000100000000)
  eden space 59392K, 100% used [0x00000000fb800000,0x00000000ff200000,0x00000000ff200000)
  from space 7168K, 15% used [0x00000000ff200000,0x00000000ff31c048,0x00000000ff900000)
  to   space 6656K, 0% used [0x00000000ff980000,0x00000000ff980000,0x0000000100000000)
 ParOldGen       total 114688K, used 51887K [0x00000000f4800000, 0x00000000fb800000, 0x00000000fb800000)
  object space 114688K, 45% used [0x00000000f4800000,0x00000000f7aabcf0,0x00000000fb800000)
 Metaspace       used 74508K, capacity 78762K, committed 78976K, reserved 1118208K
  class space    used 9512K, capacity 10272K, committed 10368K, reserved 1048576K
2024-06-11T20:43:20.773+0800: 259.986: [GC (Allocation Failure) [PSYoungGen: 60528K->384K(67072K)] 112415K->52825K(181760K), 0.0058047 secs] [Times: user=0.01 sys=0.00, real=0.00 secs] 
Heap after GC invocations=72 (full 0):
 PSYoungGen      total 67072K, used 384K [0x00000000fb800000, 0x0000000100000000, 0x0000000100000000)
  eden space 60416K, 0% used [0x00000000fb800000,0x00000000fb800000,0x00000000ff300000)
  from space 6656K, 5% used [0x00000000ff980000,0x00000000ff9e0000,0x0000000100000000)
  to   space 6656K, 0% used [0x00000000ff300000,0x00000000ff300000,0x00000000ff980000)
 ParOldGen       total 114688K, used 52441K [0x00000000f4800000, 0x00000000fb800000, 0x00000000fb800000)
  object space 114688K, 45% used [0x00000000f4800000,0x00000000f7b36500,0x00000000fb800000)
 Metaspace       used 74508K, capacity 78762K, committed 78976K, reserved 1118208K
  class space    used 9512K, capacity 10272K, committed 10368K, reserved 1048576K
}
{Heap before GC invocations=73 (full 0):
 PSYoungGen      total 67072K, used 60800K [0x00000000fb800000, 0x0000000100000000, 0x0000000100000000)
  eden space 60416K, 100% used [0x00000000fb800000,0x00000000ff300000,0x00000000ff300000)
  from space 6656K, 5% used [0x00000000ff980000,0x00000000ff9e0000,0x0000000100000000)
  to   space 6656K, 0% used [0x00000000ff300000,0x00000000ff300000,0x00000000ff980000)
 ParOldGen       total 114688K, used 52441K [0x00000000f4800000, 0x00000000fb800000, 0x00000000fb800000)
  object space 114688K, 45% used [0x00000000f4800000,0x00000000f7b36500,0x00000000fb800000)
 Metaspace       used 74546K, capacity 78826K, committed 78976K, reserved 1118208K
  class space    used 9512K, capacity 10272K, committed 10368K, reserved 1048576K
2024-06-11T20:43:24.377+0800: 263.590: [GC (Allocation Failure) [PSYoungGen: 60800K->384K(67072K)] 113241K->52897K(181760K), 0.0050808 secs] [Times: user=0.01 sys=0.00, real=0.01 secs] 
Heap after GC invocations=73 (full 0):
 PSYoungGen      total 67072K, used 384K [0x00000000fb800000, 0x0000000100000000, 0x0000000100000000)
  eden space 60416K, 0% used [0x00000000fb800000,0x00000000fb800000,0x00000000ff300000)
  from space 6656K, 5% used [0x00000000ff300000,0x00000000ff360000,0x00000000ff980000)
  to   space 6144K, 0% used [0x00000000ffa00000,0x00000000ffa00000,0x0000000100000000)
 ParOldGen       total 114688K, used 52513K [0x00000000f4800000, 0x00000000fb800000, 0x00000000fb800000)
  object space 114688K, 45% used [0x00000000f4800000,0x00000000f7b48500,0x00000000fb800000)
 Metaspace       used 74546K, capacity 78826K, committed 78976K, reserved 1118208K
  class space    used 9512K, capacity 10272K, committed 10368K, reserved 1048576K
}
{Heap before GC invocations=74 (full 0):
 PSYoungGen      total 67072K, used 60800K [0x00000000fb800000, 0x0000000100000000, 0x0000000100000000)
  eden space 60416K, 100% used [0x00000000fb800000,0x00000000ff300000,0x00000000ff300000)
  from space 6656K, 5% used [0x00000000ff300000,0x00000000ff360000,0x00000000ff980000)
  to   space 6144K, 0% used [0x00000000ffa00000,0x00000000ffa00000,0x0000000100000000)
 ParOldGen       total 114688K, used 52513K [0x00000000f4800000, 0x00000000fb800000, 0x00000000fb800000)
  object space 114688K, 45% used [0x00000000f4800000,0x00000000f7b48500,0x00000000fb800000)
 Metaspace       used 74547K, capacity 78826K, committed 78976K, reserved 1118208K
  class space    used 9512K, capacity 10272K, committed 10368K, reserved 1048576K
2024-06-11T20:43:28.191+0800: 267.404: [GC (Allocation Failure) [PSYoungGen: 60800K->320K(67584K)] 113313K->52905K(182272K), 0.0178223 secs] [Times: user=0.03 sys=0.00, real=0.01 secs] 
Heap after GC invocations=74 (full 0):
 PSYoungGen      total 67584K, used 320K [0x00000000fb800000, 0x0000000100000000, 0x0000000100000000)
  eden space 61440K, 0% used [0x00000000fb800000,0x00000000fb800000,0x00000000ff400000)
  from space 6144K, 5% used [0x00000000ffa00000,0x00000000ffa50000,0x0000000100000000)
  to   space 6144K, 0% used [0x00000000ff400000,0x00000000ff400000,0x00000000ffa00000)
 ParOldGen       total 114688K, used 52585K [0x00000000f4800000, 0x00000000fb800000, 0x00000000fb800000)
  object space 114688K, 45% used [0x00000000f4800000,0x00000000f7b5a500,0x00000000fb800000)
 Metaspace       used 74547K, capacity 78826K, committed 78976K, reserved 1118208K
  class space    used 9512K, capacity 10272K, committed 10368K, reserved 1048576K
}
{Heap before GC invocations=75 (full 0):
 PSYoungGen      total 67584K, used 61760K [0x00000000fb800000, 0x0000000100000000, 0x0000000100000000)
  eden space 61440K, 100% used [0x00000000fb800000,0x00000000ff400000,0x00000000ff400000)
  from space 6144K, 5% used [0x00000000ffa00000,0x00000000ffa50000,0x0000000100000000)
  to   space 6144K, 0% used [0x00000000ff400000,0x00000000ff400000,0x00000000ffa00000)
 ParOldGen       total 114688K, used 52585K [0x00000000f4800000, 0x00000000fb800000, 0x00000000fb800000)
  object space 114688K, 45% used [0x00000000f4800000,0x00000000f7b5a500,0x00000000fb800000)
 Metaspace       used 74566K, capacity 78826K, committed 78976K, reserved 1118208K
  class space    used 9512K, capacity 10272K, committed 10368K, reserved 1048576K
2024-06-11T20:43:31.751+0800: 270.964: [GC (Allocation Failure) [PSYoungGen: 61760K->384K(67584K)] 114345K->53033K(182272K), 0.0041596 secs] [Times: user=0.00 sys=0.00, real=0.00 secs] 
Heap after GC invocations=75 (full 0):
 PSYoungGen      total 67584K, used 384K [0x00000000fb800000, 0x0000000100000000, 0x0000000100000000)
  eden space 61440K, 0% used [0x00000000fb800000,0x00000000fb800000,0x00000000ff400000)
  from space 6144K, 6% used [0x00000000ff400000,0x00000000ff460000,0x00000000ffa00000)
  to   space 5632K, 0% used [0x00000000ffa80000,0x00000000ffa80000,0x0000000100000000)
 ParOldGen       total 114688K, used 52649K [0x00000000f4800000, 0x00000000fb800000, 0x00000000fb800000)
  object space 114688K, 45% used [0x00000000f4800000,0x00000000f7b6a500,0x00000000fb800000)
 Metaspace       used 74566K, capacity 78826K, committed 78976K, reserved 1118208K
  class space    used 9512K, capacity 10272K, committed 10368K, reserved 1048576K
}
{Heap before GC invocations=76 (full 0):
 PSYoungGen      total 67584K, used 61824K [0x00000000fb800000, 0x0000000100000000, 0x0000000100000000)
  eden space 61440K, 100% used [0x00000000fb800000,0x00000000ff400000,0x00000000ff400000)
  from space 6144K, 6% used [0x00000000ff400000,0x00000000ff460000,0x00000000ffa00000)
  to   space 5632K, 0% used [0x00000000ffa80000,0x00000000ffa80000,0x0000000100000000)
 ParOldGen       total 114688K, used 52649K [0x00000000f4800000, 0x00000000fb800000, 0x00000000fb800000)
  object space 114688K, 45% used [0x00000000f4800000,0x00000000f7b6a500,0x00000000fb800000)
 Metaspace       used 74584K, capacity 78890K, committed 79232K, reserved 1118208K
  class space    used 9512K, capacity 10272K, committed 10368K, reserved 1048576K
2024-06-11T20:43:35.635+0800: 274.848: [GC (Allocation Failure) [PSYoungGen: 61824K->384K(68096K)] 114473K->53105K(182784K), 0.0042135 secs] [Times: user=0.01 sys=0.00, real=0.00 secs] 
Heap after GC invocations=76 (full 0):
 PSYoungGen      total 68096K, used 384K [0x00000000fb800000, 0x0000000100000000, 0x0000000100000000)
  eden space 62464K, 0% used [0x00000000fb800000,0x00000000fb800000,0x00000000ff500000)
  from space 5632K, 6% used [0x00000000ffa80000,0x00000000ffae0000,0x0000000100000000)
  to   space 5632K, 0% used [0x00000000ff500000,0x00000000ff500000,0x00000000ffa80000)
 ParOldGen       total 114688K, used 52721K [0x00000000f4800000, 0x00000000fb800000, 0x00000000fb800000)
  object space 114688K, 45% used [0x00000000f4800000,0x00000000f7b7c500,0x00000000fb800000)
 Metaspace       used 74584K, capacity 78890K, committed 79232K, reserved 1118208K
  class space    used 9512K, capacity 10272K, committed 10368K, reserved 1048576K
}
{Heap before GC invocations=77 (full 0):
 PSYoungGen      total 68096K, used 62848K [0x00000000fb800000, 0x0000000100000000, 0x0000000100000000)
  eden space 62464K, 100% used [0x00000000fb800000,0x00000000ff500000,0x00000000ff500000)
  from space 5632K, 6% used [0x00000000ffa80000,0x00000000ffae0000,0x0000000100000000)
  to   space 5632K, 0% used [0x00000000ff500000,0x00000000ff500000,0x00000000ffa80000)
 ParOldGen       total 114688K, used 52721K [0x00000000f4800000, 0x00000000fb800000, 0x00000000fb800000)
  object space 114688K, 45% used [0x00000000f4800000,0x00000000f7b7c500,0x00000000fb800000)
 Metaspace       used 74600K, capacity 78890K, committed 79232K, reserved 1118208K
  class space    used 9512K, capacity 10272K, committed 10368K, reserved 1048576K
2024-06-11T20:43:39.375+0800: 278.589: [GC (Allocation Failure) [PSYoungGen: 62848K->384K(68096K)] 115569K->53185K(182784K), 0.0043245 secs] [Times: user=0.01 sys=0.00, real=0.00 secs] 
Heap after GC invocations=77 (full 0):
 PSYoungGen      total 68096K, used 384K [0x00000000fb800000, 0x0000000100000000, 0x0000000100000000)
  eden space 62464K, 0% used [0x00000000fb800000,0x00000000fb800000,0x00000000ff500000)
  from space 5632K, 6% used [0x00000000ff500000,0x00000000ff560000,0x00000000ffa80000)
  to   space 5120K, 0% used [0x00000000ffb00000,0x00000000ffb00000,0x0000000100000000)
 ParOldGen       total 114688K, used 52801K [0x00000000f4800000, 0x00000000fb800000, 0x00000000fb800000)
  object space 114688K, 46% used [0x00000000f4800000,0x00000000f7b90500,0x00000000fb800000)
 Metaspace       used 74600K, capacity 78890K, committed 79232K, reserved 1118208K
  class space    used 9512K, capacity 10272K, committed 10368K, reserved 1048576K
}
{Heap before GC invocations=78 (full 0):
 PSYoungGen      total 68096K, used 62848K [0x00000000fb800000, 0x0000000100000000, 0x0000000100000000)
  eden space 62464K, 100% used [0x00000000fb800000,0x00000000ff500000,0x00000000ff500000)
  from space 5632K, 6% used [0x00000000ff500000,0x00000000ff560000,0x00000000ffa80000)
  to   space 5120K, 0% used [0x00000000ffb00000,0x00000000ffb00000,0x0000000100000000)
 ParOldGen       total 114688K, used 52801K [0x00000000f4800000, 0x00000000fb800000, 0x00000000fb800000)
  object space 114688K, 46% used [0x00000000f4800000,0x00000000f7b90500,0x00000000fb800000)
 Metaspace       used 74603K, capacity 78890K, committed 79232K, reserved 1118208K
  class space    used 9512K, capacity 10272K, committed 10368K, reserved 1048576K
2024-06-11T20:43:43.205+0800: 282.418: [GC (Allocation Failure) [PSYoungGen: 62848K->352K(68608K)] 115649K->53233K(183296K), 0.0041644 secs] [Times: user=0.01 sys=0.00, real=0.00 secs] 
Heap after GC invocations=78 (full 0):
 PSYoungGen      total 68608K, used 352K [0x00000000fb800000, 0x0000000100000000, 0x0000000100000000)
  eden space 63488K, 0% used [0x00000000fb800000,0x00000000fb800000,0x00000000ff600000)
  from space 5120K, 6% used [0x00000000ffb00000,0x00000000ffb58000,0x0000000100000000)
  to   space 5120K, 0% used [0x00000000ff600000,0x00000000ff600000,0x00000000ffb00000)
 ParOldGen       total 114688K, used 52881K [0x00000000f4800000, 0x00000000fb800000, 0x00000000fb800000)
  object space 114688K, 46% used [0x00000000f4800000,0x00000000f7ba4500,0x00000000fb800000)
 Metaspace       used 74603K, capacity 78890K, committed 79232K, reserved 1118208K
  class space    used 9512K, capacity 10272K, committed 10368K, reserved 1048576K
}
{Heap before GC invocations=79 (full 0):
 PSYoungGen      total 68608K, used 63840K [0x00000000fb800000, 0x0000000100000000, 0x0000000100000000)
  eden space 63488K, 100% used [0x00000000fb800000,0x00000000ff600000,0x00000000ff600000)
  from space 5120K, 6% used [0x00000000ffb00000,0x00000000ffb58000,0x0000000100000000)
  to   space 5120K, 0% used [0x00000000ff600000,0x00000000ff600000,0x00000000ffb00000)
 ParOldGen       total 114688K, used 52881K [0x00000000f4800000, 0x00000000fb800000, 0x00000000fb800000)
  object space 114688K, 46% used [0x00000000f4800000,0x00000000f7ba4500,0x00000000fb800000)
 Metaspace       used 74610K, capacity 78890K, committed 79232K, reserved 1118208K
  class space    used 9512K, capacity 10272K, committed 10368K, reserved 1048576K
2024-06-11T20:43:47.087+0800: 286.300: [GC (Allocation Failure) [PSYoungGen: 63840K->384K(68608K)] 116721K->53345K(183296K), 0.0045486 secs] [Times: user=0.00 sys=0.00, real=0.01 secs] 
Heap after GC invocations=79 (full 0):
 PSYoungGen      total 68608K, used 384K [0x00000000fb800000, 0x0000000100000000, 0x0000000100000000)
  eden space 63488K, 0% used [0x00000000fb800000,0x00000000fb800000,0x00000000ff600000)
  from space 5120K, 7% used [0x00000000ff600000,0x00000000ff660000,0x00000000ffb00000)
  to   space 4608K, 0% used [0x00000000ffb80000,0x00000000ffb80000,0x0000000100000000)
 ParOldGen       total 114688K, used 52961K [0x00000000f4800000, 0x00000000fb800000, 0x00000000fb800000)
  object space 114688K, 46% used [0x00000000f4800000,0x00000000f7bb8500,0x00000000fb800000)
 Metaspace       used 74610K, capacity 78890K, committed 79232K, reserved 1118208K
  class space    used 9512K, capacity 10272K, committed 10368K, reserved 1048576K
}
{Heap before GC invocations=80 (full 0):
 PSYoungGen      total 68608K, used 63872K [0x00000000fb800000, 0x0000000100000000, 0x0000000100000000)
  eden space 63488K, 100% used [0x00000000fb800000,0x00000000ff600000,0x00000000ff600000)
  from space 5120K, 7% used [0x00000000ff600000,0x00000000ff660000,0x00000000ffb00000)
  to   space 4608K, 0% used [0x00000000ffb80000,0x00000000ffb80000,0x0000000100000000)
 ParOldGen       total 114688K, used 52961K [0x00000000f4800000, 0x00000000fb800000, 0x00000000fb800000)
  object space 114688K, 46% used [0x00000000f4800000,0x00000000f7bb8500,0x00000000fb800000)
 Metaspace       used 74687K, capacity 78954K, committed 79232K, reserved 1118208K
  class space    used 9512K, capacity 10272K, committed 10368K, reserved 1048576K
2024-06-11T20:43:50.961+0800: 290.174: [GC (Allocation Failure) [PSYoungGen: 63872K->384K(69120K)] 116833K->53417K(183808K), 0.0049211 secs] [Times: user=0.01 sys=0.00, real=0.00 secs] 
Heap after GC invocations=80 (full 0):
 PSYoungGen      total 69120K, used 384K [0x00000000fb800000, 0x0000000100000000, 0x0000000100000000)
  eden space 64512K, 0% used [0x00000000fb800000,0x00000000fb800000,0x00000000ff700000)
  from space 4608K, 8% used [0x00000000ffb80000,0x00000000ffbe0000,0x0000000100000000)
  to   space 4608K, 0% used [0x00000000ff700000,0x00000000ff700000,0x00000000ffb80000)
 ParOldGen       total 114688K, used 53033K [0x00000000f4800000, 0x00000000fb800000, 0x00000000fb800000)
  object space 114688K, 46% used [0x00000000f4800000,0x00000000f7bca500,0x00000000fb800000)
 Metaspace       used 74687K, capacity 78954K, committed 79232K, reserved 1118208K
  class space    used 9512K, capacity 10272K, committed 10368K, reserved 1048576K
}
{Heap before GC invocations=81 (full 0):
 PSYoungGen      total 69120K, used 64896K [0x00000000fb800000, 0x0000000100000000, 0x0000000100000000)
  eden space 64512K, 100% used [0x00000000fb800000,0x00000000ff700000,0x00000000ff700000)
  from space 4608K, 8% used [0x00000000ffb80000,0x00000000ffbe0000,0x0000000100000000)
  to   space 4608K, 0% used [0x00000000ff700000,0x00000000ff700000,0x00000000ffb80000)
 ParOldGen       total 114688K, used 53033K [0x00000000f4800000, 0x00000000fb800000, 0x00000000fb800000)
  object space 114688K, 46% used [0x00000000f4800000,0x00000000f7bca500,0x00000000fb800000)
 Metaspace       used 74708K, capacity 78954K, committed 79232K, reserved 1118208K
  class space    used 9512K, capacity 10272K, committed 10368K, reserved 1048576K
2024-06-11T20:43:54.800+0800: 294.013: [GC (Allocation Failure) [PSYoungGen: 64896K->384K(69120K)] 117929K->53497K(183808K), 0.0042195 secs] [Times: user=0.00 sys=0.00, real=0.01 secs] 
Heap after GC invocations=81 (full 0):
 PSYoungGen      total 69120K, used 384K [0x00000000fb800000, 0x0000000100000000, 0x0000000100000000)
  eden space 64512K, 0% used [0x00000000fb800000,0x00000000fb800000,0x00000000ff700000)
  from space 4608K, 8% used [0x00000000ff700000,0x00000000ff760000,0x00000000ffb80000)
  to   space 4096K, 0% used [0x00000000ffc00000,0x00000000ffc00000,0x0000000100000000)
 ParOldGen       total 114688K, used 53113K [0x00000000f4800000, 0x00000000fb800000, 0x00000000fb800000)
  object space 114688K, 46% used [0x00000000f4800000,0x00000000f7bde500,0x00000000fb800000)
 Metaspace       used 74708K, capacity 78954K, committed 79232K, reserved 1118208K
  class space    used 9512K, capacity 10272K, committed 10368K, reserved 1048576K
}
{Heap before GC invocations=82 (full 0):
 PSYoungGen      total 69120K, used 64896K [0x00000000fb800000, 0x0000000100000000, 0x0000000100000000)
  eden space 64512K, 100% used [0x00000000fb800000,0x00000000ff700000,0x00000000ff700000)
  from space 4608K, 8% used [0x00000000ff700000,0x00000000ff760000,0x00000000ffb80000)
  to   space 4096K, 0% used [0x00000000ffc00000,0x00000000ffc00000,0x0000000100000000)
 ParOldGen       total 114688K, used 53113K [0x00000000f4800000, 0x00000000fb800000, 0x00000000fb800000)
  object space 114688K, 46% used [0x00000000f4800000,0x00000000f7bde500,0x00000000fb800000)
 Metaspace       used 74709K, capacity 78954K, committed 79232K, reserved 1118208K
  class space    used 9512K, capacity 10272K, committed 10368K, reserved 1048576K
2024-06-11T20:43:58.726+0800: 297.940: [GC (Allocation Failure) [PSYoungGen: 64896K->416K(69632K)] 118009K->53609K(184320K), 0.0042427 secs] [Times: user=0.01 sys=0.00, real=0.01 secs] 
Heap after GC invocations=82 (full 0):
 PSYoungGen      total 69632K, used 416K [0x00000000fb800000, 0x0000000100000000, 0x0000000100000000)
  eden space 65536K, 0% used [0x00000000fb800000,0x00000000fb800000,0x00000000ff800000)
  from space 4096K, 10% used [0x00000000ffc00000,0x00000000ffc68000,0x0000000100000000)
  to   space 4096K, 0% used [0x00000000ff800000,0x00000000ff800000,0x00000000ffc00000)
 ParOldGen       total 114688K, used 53193K [0x00000000f4800000, 0x00000000fb800000, 0x00000000fb800000)
  object space 114688K, 46% used [0x00000000f4800000,0x00000000f7bf2500,0x00000000fb800000)
 Metaspace       used 74709K, capacity 78954K, committed 79232K, reserved 1118208K
  class space    used 9512K, capacity 10272K, committed 10368K, reserved 1048576K
}
{Heap before GC invocations=83 (full 0):
 PSYoungGen      total 69632K, used 65952K [0x00000000fb800000, 0x0000000100000000, 0x0000000100000000)
  eden space 65536K, 100% used [0x00000000fb800000,0x00000000ff800000,0x00000000ff800000)
  from space 4096K, 10% used [0x00000000ffc00000,0x00000000ffc68000,0x0000000100000000)
  to   space 4096K, 0% used [0x00000000ff800000,0x00000000ff800000,0x00000000ffc00000)
 ParOldGen       total 114688K, used 53193K [0x00000000f4800000, 0x00000000fb800000, 0x00000000fb800000)
  object space 114688K, 46% used [0x00000000f4800000,0x00000000f7bf2500,0x00000000fb800000)
 Metaspace       used 74711K, capacity 78954K, committed 79232K, reserved 1118208K
  class space    used 9512K, capacity 10272K, committed 10368K, reserved 1048576K
2024-06-11T20:44:02.744+0800: 301.957: [GC (Allocation Failure) [PSYoungGen: 65952K->352K(69632K)] 119145K->53625K(184320K), 0.0052150 secs] [Times: user=0.01 sys=0.01, real=0.00 secs] 
Heap after GC invocations=83 (full 0):
 PSYoungGen      total 69632K, used 352K [0x00000000fb800000, 0x0000000100000000, 0x0000000100000000)
  eden space 65536K, 0% used [0x00000000fb800000,0x00000000fb800000,0x00000000ff800000)
  from space 4096K, 8% used [0x00000000ff800000,0x00000000ff858000,0x00000000ffc00000)
  to   space 3584K, 0% used [0x00000000ffc80000,0x00000000ffc80000,0x0000000100000000)
 ParOldGen       total 114688K, used 53273K [0x00000000f4800000, 0x00000000fb800000, 0x00000000fb800000)
  object space 114688K, 46% used [0x00000000f4800000,0x00000000f7c06500,0x00000000fb800000)
 Metaspace       used 74711K, capacity 78954K, committed 79232K, reserved 1118208K
  class space    used 9512K, capacity 10272K, committed 10368K, reserved 1048576K
}
{Heap before GC invocations=84 (full 0):
 PSYoungGen      total 69632K, used 65888K [0x00000000fb800000, 0x0000000100000000, 0x0000000100000000)
  eden space 65536K, 100% used [0x00000000fb800000,0x00000000ff800000,0x00000000ff800000)
  from space 4096K, 8% used [0x00000000ff800000,0x00000000ff858000,0x00000000ffc00000)
  to   space 3584K, 0% used [0x00000000ffc80000,0x00000000ffc80000,0x0000000100000000)
 ParOldGen       total 114688K, used 53273K [0x00000000f4800000, 0x00000000fb800000, 0x00000000fb800000)
  object space 114688K, 46% used [0x00000000f4800000,0x00000000f7c06500,0x00000000fb800000)
 Metaspace       used 74723K, capacity 79018K, committed 79232K, reserved 1118208K
  class space    used 9512K, capacity 10272K, committed 10368K, reserved 1048576K
2024-06-11T20:44:06.659+0800: 305.872: [GC (Allocation Failure) [PSYoungGen: 65888K->384K(70144K)] 119161K->53729K(184832K), 0.0051722 secs] [Times: user=0.01 sys=0.00, real=0.01 secs] 
Heap after GC invocations=84 (full 0):
 PSYoungGen      total 70144K, used 384K [0x00000000fb800000, 0x0000000100000000, 0x0000000100000000)
  eden space 66560K, 0% used [0x00000000fb800000,0x00000000fb800000,0x00000000ff900000)
  from space 3584K, 10% used [0x00000000ffc80000,0x00000000ffce0000,0x0000000100000000)
  to   space 3584K, 0% used [0x00000000ff900000,0x00000000ff900000,0x00000000ffc80000)
 ParOldGen       total 114688K, used 53345K [0x00000000f4800000, 0x00000000fb800000, 0x00000000fb800000)
  object space 114688K, 46% used [0x00000000f4800000,0x00000000f7c18500,0x00000000fb800000)
 Metaspace       used 74723K, capacity 79018K, committed 79232K, reserved 1118208K
  class space    used 9512K, capacity 10272K, committed 10368K, reserved 1048576K
}
{Heap before GC invocations=85 (full 0):
 PSYoungGen      total 70144K, used 66944K [0x00000000fb800000, 0x0000000100000000, 0x0000000100000000)
  eden space 66560K, 100% used [0x00000000fb800000,0x00000000ff900000,0x00000000ff900000)
  from space 3584K, 10% used [0x00000000ffc80000,0x00000000ffce0000,0x0000000100000000)
  to   space 3584K, 0% used [0x00000000ff900000,0x00000000ff900000,0x00000000ffc80000)
 ParOldGen       total 114688K, used 53345K [0x00000000f4800000, 0x00000000fb800000, 0x00000000fb800000)
  object space 114688K, 46% used [0x00000000f4800000,0x00000000f7c18500,0x00000000fb800000)
 Metaspace       used 74734K, capacity 79018K, committed 79232K, reserved 1118208K
  class space    used 9512K, capacity 10272K, committed 10368K, reserved 1048576K
2024-06-11T20:44:10.791+0800: 310.004: [GC (Allocation Failure) [PSYoungGen: 66944K->416K(70144K)] 120289K->53833K(184832K), 0.0048645 secs] [Times: user=0.01 sys=0.00, real=0.00 secs] 
Heap after GC invocations=85 (full 0):
 PSYoungGen      total 70144K, used 416K [0x00000000fb800000, 0x0000000100000000, 0x0000000100000000)
  eden space 66560K, 0% used [0x00000000fb800000,0x00000000fb800000,0x00000000ff900000)
  from space 3584K, 11% used [0x00000000ff900000,0x00000000ff968000,0x00000000ffc80000)
  to   space 3584K, 0% used [0x00000000ffc80000,0x00000000ffc80000,0x0000000100000000)
 ParOldGen       total 114688K, used 53417K [0x00000000f4800000, 0x00000000fb800000, 0x00000000fb800000)
  object space 114688K, 46% used [0x00000000f4800000,0x00000000f7c2a500,0x00000000fb800000)
 Metaspace       used 74734K, capacity 79018K, committed 79232K, reserved 1118208K
  class space    used 9512K, capacity 10272K, committed 10368K, reserved 1048576K
}
{Heap before GC invocations=86 (full 0):
 PSYoungGen      total 70144K, used 66976K [0x00000000fb800000, 0x0000000100000000, 0x0000000100000000)
  eden space 66560K, 100% used [0x00000000fb800000,0x00000000ff900000,0x00000000ff900000)
  from space 3584K, 11% used [0x00000000ff900000,0x00000000ff968000,0x00000000ffc80000)
  to   space 3584K, 0% used [0x00000000ffc80000,0x00000000ffc80000,0x0000000100000000)
 ParOldGen       total 114688K, used 53417K [0x00000000f4800000, 0x00000000fb800000, 0x00000000fb800000)
  object space 114688K, 46% used [0x00000000f4800000,0x00000000f7c2a500,0x00000000fb800000)
 Metaspace       used 74744K, capacity 79018K, committed 79232K, reserved 1118208K
  class space    used 9512K, capacity 10272K, committed 10368K, reserved 1048576K
2024-06-11T20:44:14.943+0800: 314.156: [GC (Allocation Failure) [PSYoungGen: 66976K->864K(70656K)] 120393K->54361K(185344K), 0.0048918 secs] [Times: user=0.01 sys=0.00, real=0.00 secs] 
Heap after GC invocations=86 (full 0):
 PSYoungGen      total 70656K, used 864K [0x00000000fb800000, 0x0000000100000000, 0x0000000100000000)
  eden space 67072K, 0% used [0x00000000fb800000,0x00000000fb800000,0x00000000ff980000)
  from space 3584K, 24% used [0x00000000ffc80000,0x00000000ffd58000,0x0000000100000000)
  to   space 3072K, 0% used [0x00000000ff980000,0x00000000ff980000,0x00000000ffc80000)
 ParOldGen       total 114688K, used 53497K [0x00000000f4800000, 0x00000000fb800000, 0x00000000fb800000)
  object space 114688K, 46% used [0x00000000f4800000,0x00000000f7c3e500,0x00000000fb800000)
 Metaspace       used 74744K, capacity 79018K, committed 79232K, reserved 1118208K
  class space    used 9512K, capacity 10272K, committed 10368K, reserved 1048576K
}
{Heap before GC invocations=87 (full 0):
 PSYoungGen      total 70656K, used 67936K [0x00000000fb800000, 0x0000000100000000, 0x0000000100000000)
  eden space 67072K, 100% used [0x00000000fb800000,0x00000000ff980000,0x00000000ff980000)
  from space 3584K, 24% used [0x00000000ffc80000,0x00000000ffd58000,0x0000000100000000)
  to   space 3072K, 0% used [0x00000000ff980000,0x00000000ff980000,0x00000000ffc80000)
 ParOldGen       total 114688K, used 53497K [0x00000000f4800000, 0x00000000fb800000, 0x00000000fb800000)
  object space 114688K, 46% used [0x00000000f4800000,0x00000000f7c3e500,0x00000000fb800000)
 Metaspace       used 74759K, capacity 79082K, committed 79232K, reserved 1118208K
  class space    used 9512K, capacity 10272K, committed 10368K, reserved 1048576K
2024-06-11T20:44:18.845+0800: 318.058: [GC (Allocation Failure) [PSYoungGen: 67936K->416K(70144K)] 121433K->54489K(184832K), 0.0045511 secs] [Times: user=0.01 sys=0.00, real=0.00 secs] 
Heap after GC invocations=87 (full 0):
 PSYoungGen      total 70144K, used 416K [0x00000000fb800000, 0x0000000100000000, 0x0000000100000000)
  eden space 67072K, 0% used [0x00000000fb800000,0x00000000fb800000,0x00000000ff980000)
  from space 3072K, 13% used [0x00000000ff980000,0x00000000ff9e8000,0x00000000ffc80000)
  to   space 3072K, 0% used [0x00000000ffd00000,0x00000000ffd00000,0x0000000100000000)
 ParOldGen       total 114688K, used 54073K [0x00000000f4800000, 0x00000000fb800000, 0x00000000fb800000)
  object space 114688K, 47% used [0x00000000f4800000,0x00000000f7cce500,0x00000000fb800000)
 Metaspace       used 74759K, capacity 79082K, committed 79232K, reserved 1118208K
  class space    used 9512K, capacity 10272K, committed 10368K, reserved 1048576K
}
{Heap before GC invocations=88 (full 0):
 PSYoungGen      total 70144K, used 67488K [0x00000000fb800000, 0x0000000100000000, 0x0000000100000000)
  eden space 67072K, 100% used [0x00000000fb800000,0x00000000ff980000,0x00000000ff980000)
  from space 3072K, 13% used [0x00000000ff980000,0x00000000ff9e8000,0x00000000ffc80000)
  to   space 3072K, 0% used [0x00000000ffd00000,0x00000000ffd00000,0x0000000100000000)
 ParOldGen       total 114688K, used 54073K [0x00000000f4800000, 0x00000000fb800000, 0x00000000fb800000)
  object space 114688K, 47% used [0x00000000f4800000,0x00000000f7cce500,0x00000000fb800000)
 Metaspace       used 74768K, capacity 79082K, committed 79232K, reserved 1118208K
  class space    used 9512K, capacity 10272K, committed 10368K, reserved 1048576K
2024-06-11T20:44:22.854+0800: 322.067: [GC (Allocation Failure) [PSYoungGen: 67488K->844K(70656K)] 121561K->55021K(185344K), 0.0042617 secs] [Times: user=0.01 sys=0.00, real=0.00 secs] 
Heap after GC invocations=88 (full 0):
 PSYoungGen      total 70656K, used 844K [0x00000000fb800000, 0x0000000100000000, 0x0000000100000000)
  eden space 67584K, 0% used [0x00000000fb800000,0x00000000fb800000,0x00000000ffa00000)
  from space 3072K, 27% used [0x00000000ffd00000,0x00000000ffdd3110,0x0000000100000000)
  to   space 3072K, 0% used [0x00000000ffa00000,0x00000000ffa00000,0x00000000ffd00000)
 ParOldGen       total 114688K, used 54177K [0x00000000f4800000, 0x00000000fb800000, 0x00000000fb800000)
  object space 114688K, 47% used [0x00000000f4800000,0x00000000f7ce8500,0x00000000fb800000)
 Metaspace       used 74768K, capacity 79082K, committed 79232K, reserved 1118208K
  class space    used 9512K, capacity 10272K, committed 10368K, reserved 1048576K
}
{Heap before GC invocations=89 (full 0):
 PSYoungGen      total 70656K, used 68428K [0x00000000fb800000, 0x0000000100000000, 0x0000000100000000)
  eden space 67584K, 100% used [0x00000000fb800000,0x00000000ffa00000,0x00000000ffa00000)
  from space 3072K, 27% used [0x00000000ffd00000,0x00000000ffdd3110,0x0000000100000000)
  to   space 3072K, 0% used [0x00000000ffa00000,0x00000000ffa00000,0x00000000ffd00000)
 ParOldGen       total 114688K, used 54177K [0x00000000f4800000, 0x00000000fb800000, 0x00000000fb800000)
  object space 114688K, 47% used [0x00000000f4800000,0x00000000f7ce8500,0x00000000fb800000)
 Metaspace       used 74775K, capacity 79082K, committed 79232K, reserved 1118208K
  class space    used 9512K, capacity 10272K, committed 10368K, reserved 1048576K
2024-06-11T20:44:27.179+0800: 326.392: [GC (Allocation Failure) [PSYoungGen: 68428K->384K(70656K)] 122605K->54641K(185344K), 0.0041950 secs] [Times: user=0.01 sys=0.00, real=0.01 secs] 
Heap after GC invocations=89 (full 0):
 PSYoungGen      total 70656K, used 384K [0x00000000fb800000, 0x0000000100000000, 0x0000000100000000)
  eden space 67584K, 0% used [0x00000000fb800000,0x00000000fb800000,0x00000000ffa00000)
  from space 3072K, 12% used [0x00000000ffa00000,0x00000000ffa60000,0x00000000ffd00000)
  to   space 2560K, 0% used [0x00000000ffd80000,0x00000000ffd80000,0x0000000100000000)
 ParOldGen       total 114688K, used 54257K [0x00000000f4800000, 0x00000000fb800000, 0x00000000fb800000)
  object space 114688K, 47% used [0x00000000f4800000,0x00000000f7cfc500,0x00000000fb800000)
 Metaspace       used 74775K, capacity 79082K, committed 79232K, reserved 1118208K
  class space    used 9512K, capacity 10272K, committed 10368K, reserved 1048576K
}
{Heap before GC invocations=90 (full 0):
 PSYoungGen      total 70656K, used 67968K [0x00000000fb800000, 0x0000000100000000, 0x0000000100000000)
  eden space 67584K, 100% used [0x00000000fb800000,0x00000000ffa00000,0x00000000ffa00000)
  from space 3072K, 12% used [0x00000000ffa00000,0x00000000ffa60000,0x00000000ffd00000)
  to   space 2560K, 0% used [0x00000000ffd80000,0x00000000ffd80000,0x0000000100000000)
 ParOldGen       total 114688K, used 54257K [0x00000000f4800000, 0x00000000fb800000, 0x00000000fb800000)
  object space 114688K, 47% used [0x00000000f4800000,0x00000000f7cfc500,0x00000000fb800000)
 Metaspace       used 74777K, capacity 79082K, committed 79232K, reserved 1118208K
  class space    used 9512K, capacity 10272K, committed 10368K, reserved 1048576K
2024-06-11T20:44:31.406+0800: 330.620: [GC (Allocation Failure) [PSYoungGen: 67968K->416K(71168K)] 122225K->54753K(185856K), 0.0042326 secs] [Times: user=0.00 sys=0.00, real=0.01 secs] 
Heap after GC invocations=90 (full 0):
 PSYoungGen      total 71168K, used 416K [0x00000000fb800000, 0x0000000100000000, 0x0000000100000000)
  eden space 68608K, 0% used [0x00000000fb800000,0x00000000fb800000,0x00000000ffb00000)
  from space 2560K, 16% used [0x00000000ffd80000,0x00000000ffde8000,0x0000000100000000)
  to   space 2560K, 0% used [0x00000000ffb00000,0x00000000ffb00000,0x00000000ffd80000)
 ParOldGen       total 114688K, used 54337K [0x00000000f4800000, 0x00000000fb800000, 0x00000000fb800000)
  object space 114688K, 47% used [0x00000000f4800000,0x00000000f7d10500,0x00000000fb800000)
 Metaspace       used 74777K, capacity 79082K, committed 79232K, reserved 1118208K
  class space    used 9512K, capacity 10272K, committed 10368K, reserved 1048576K
}
{Heap before GC invocations=91 (full 0):
 PSYoungGen      total 71168K, used 69024K [0x00000000fb800000, 0x0000000100000000, 0x0000000100000000)
  eden space 68608K, 100% used [0x00000000fb800000,0x00000000ffb00000,0x00000000ffb00000)
  from space 2560K, 16% used [0x00000000ffd80000,0x00000000ffde8000,0x0000000100000000)
  to   space 2560K, 0% used [0x00000000ffb00000,0x00000000ffb00000,0x00000000ffd80000)
 ParOldGen       total 114688K, used 54337K [0x00000000f4800000, 0x00000000fb800000, 0x00000000fb800000)
  object space 114688K, 47% used [0x00000000f4800000,0x00000000f7d10500,0x00000000fb800000)
 Metaspace       used 74786K, capacity 79082K, committed 79232K, reserved 1118208K
  class space    used 9512K, capacity 10272K, committed 10368K, reserved 1048576K
2024-06-11T20:44:35.551+0800: 334.765: [GC (Allocation Failure) [PSYoungGen: 69024K->384K(71168K)] 123361K->54801K(185856K), 0.0041007 secs] [Times: user=0.01 sys=0.00, real=0.00 secs] 
Heap after GC invocations=91 (full 0):
 PSYoungGen      total 71168K, used 384K [0x00000000fb800000, 0x0000000100000000, 0x0000000100000000)
  eden space 68608K, 0% used [0x00000000fb800000,0x00000000fb800000,0x00000000ffb00000)
  from space 2560K, 15% used [0x00000000ffb00000,0x00000000ffb60000,0x00000000ffd80000)
  to   space 2560K, 0% used [0x00000000ffd80000,0x00000000ffd80000,0x0000000100000000)
 ParOldGen       total 114688K, used 54417K [0x00000000f4800000, 0x00000000fb800000, 0x00000000fb800000)
  object space 114688K, 47% used [0x00000000f4800000,0x00000000f7d24500,0x00000000fb800000)
 Metaspace       used 74786K, capacity 79082K, committed 79232K, reserved 1118208K
  class space    used 9512K, capacity 10272K, committed 10368K, reserved 1048576K
}
{Heap before GC invocations=92 (full 0):
 PSYoungGen      total 71168K, used 68992K [0x00000000fb800000, 0x0000000100000000, 0x0000000100000000)
  eden space 68608K, 100% used [0x00000000fb800000,0x00000000ffb00000,0x00000000ffb00000)
  from space 2560K, 15% used [0x00000000ffb00000,0x00000000ffb60000,0x00000000ffd80000)
  to   space 2560K, 0% used [0x00000000ffd80000,0x00000000ffd80000,0x0000000100000000)
 ParOldGen       total 114688K, used 54417K [0x00000000f4800000, 0x00000000fb800000, 0x00000000fb800000)
  object space 114688K, 47% used [0x00000000f4800000,0x00000000f7d24500,0x00000000fb800000)
 Metaspace       used 74791K, capacity 79082K, committed 79232K, reserved 1118208K
  class space    used 9512K, capacity 10272K, committed 10368K, reserved 1048576K
2024-06-11T20:44:39.783+0800: 338.996: [GC (Allocation Failure) [PSYoungGen: 68992K->416K(71168K)] 123409K->54921K(185856K), 0.0041266 secs] [Times: user=0.01 sys=0.00, real=0.00 secs] 
Heap after GC invocations=92 (full 0):
 PSYoungGen      total 71168K, used 416K [0x00000000fb800000, 0x0000000100000000, 0x0000000100000000)
  eden space 68608K, 0% used [0x00000000fb800000,0x00000000fb800000,0x00000000ffb00000)
  from space 2560K, 16% used [0x00000000ffd80000,0x00000000ffde8000,0x0000000100000000)
  to   space 2560K, 0% used [0x00000000ffb00000,0x00000000ffb00000,0x00000000ffd80000)
 ParOldGen       total 114688K, used 54505K [0x00000000f4800000, 0x00000000fb800000, 0x00000000fb800000)
  object space 114688K, 47% used [0x00000000f4800000,0x00000000f7d3a500,0x00000000fb800000)
 Metaspace       used 74791K, capacity 79082K, committed 79232K, reserved 1118208K
  class space    used 9512K, capacity 10272K, committed 10368K, reserved 1048576K
}
{Heap before GC invocations=93 (full 0):
 PSYoungGen      total 71168K, used 69024K [0x00000000fb800000, 0x0000000100000000, 0x0000000100000000)
  eden space 68608K, 100% used [0x00000000fb800000,0x00000000ffb00000,0x00000000ffb00000)
  from space 2560K, 16% used [0x00000000ffd80000,0x00000000ffde8000,0x0000000100000000)
  to   space 2560K, 0% used [0x00000000ffb00000,0x00000000ffb00000,0x00000000ffd80000)
 ParOldGen       total 114688K, used 54505K [0x00000000f4800000, 0x00000000fb800000, 0x00000000fb800000)
  object space 114688K, 47% used [0x00000000f4800000,0x00000000f7d3a500,0x00000000fb800000)
 Metaspace       used 74802K, capacity 79082K, committed 79232K, reserved 1118208K
  class space    used 9512K, capacity 10272K, committed 10368K, reserved 1048576K
2024-06-11T20:44:43.935+0800: 343.149: [GC (Allocation Failure) [PSYoungGen: 69024K->352K(71168K)] 123529K->54937K(185856K), 0.0040356 secs] [Times: user=0.00 sys=0.01, real=0.00 secs] 
Heap after GC invocations=93 (full 0):
 PSYoungGen      total 71168K, used 352K [0x00000000fb800000, 0x0000000100000000, 0x0000000100000000)
  eden space 68608K, 0% used [0x00000000fb800000,0x00000000fb800000,0x00000000ffb00000)
  from space 2560K, 13% used [0x00000000ffb00000,0x00000000ffb58000,0x00000000ffd80000)
  to   space 2048K, 0% used [0x00000000ffe00000,0x00000000ffe00000,0x0000000100000000)
 ParOldGen       total 114688K, used 54585K [0x00000000f4800000, 0x00000000fb800000, 0x00000000fb800000)
  object space 114688K, 47% used [0x00000000f4800000,0x00000000f7d4e500,0x00000000fb800000)
 Metaspace       used 74802K, capacity 79082K, committed 79232K, reserved 1118208K
  class space    used 9512K, capacity 10272K, committed 10368K, reserved 1048576K
}
{Heap before GC invocations=94 (full 0):
 PSYoungGen      total 71168K, used 68960K [0x00000000fb800000, 0x0000000100000000, 0x0000000100000000)
  eden space 68608K, 100% used [0x00000000fb800000,0x00000000ffb00000,0x00000000ffb00000)
  from space 2560K, 13% used [0x00000000ffb00000,0x00000000ffb58000,0x00000000ffd80000)
  to   space 2048K, 0% used [0x00000000ffe00000,0x00000000ffe00000,0x0000000100000000)
 ParOldGen       total 114688K, used 54585K [0x00000000f4800000, 0x00000000fb800000, 0x00000000fb800000)
  object space 114688K, 47% used [0x00000000f4800000,0x00000000f7d4e500,0x00000000fb800000)
 Metaspace       used 74802K, capacity 79082K, committed 79232K, reserved 1118208K
  class space    used 9512K, capacity 10272K, committed 10368K, reserved 1048576K
2024-06-11T20:44:48.178+0800: 347.392: [GC (Allocation Failure) [PSYoungGen: 68960K->352K(71680K)] 123545K->55025K(186368K), 0.0042604 secs] [Times: user=0.00 sys=0.00, real=0.01 secs] 
Heap after GC invocations=94 (full 0):
 PSYoungGen      total 71680K, used 352K [0x00000000fb800000, 0x0000000100000000, 0x0000000100000000)
  eden space 69632K, 0% used [0x00000000fb800000,0x00000000fb800000,0x00000000ffc00000)
  from space 2048K, 17% used [0x00000000ffe00000,0x00000000ffe58000,0x0000000100000000)
  to   space 2048K, 0% used [0x00000000ffc00000,0x00000000ffc00000,0x00000000ffe00000)
 ParOldGen       total 114688K, used 54673K [0x00000000f4800000, 0x00000000fb800000, 0x00000000fb800000)
  object space 114688K, 47% used [0x00000000f4800000,0x00000000f7d64500,0x00000000fb800000)
 Metaspace       used 74802K, capacity 79082K, committed 79232K, reserved 1118208K
  class space    used 9512K, capacity 10272K, committed 10368K, reserved 1048576K
}
{Heap before GC invocations=95 (full 0):
 PSYoungGen      total 71680K, used 69984K [0x00000000fb800000, 0x0000000100000000, 0x0000000100000000)
  eden space 69632K, 100% used [0x00000000fb800000,0x00000000ffc00000,0x00000000ffc00000)
  from space 2048K, 17% used [0x00000000ffe00000,0x00000000ffe58000,0x0000000100000000)
  to   space 2048K, 0% used [0x00000000ffc00000,0x00000000ffc00000,0x00000000ffe00000)
 ParOldGen       total 114688K, used 54673K [0x00000000f4800000, 0x00000000fb800000, 0x00000000fb800000)
  object space 114688K, 47% used [0x00000000f4800000,0x00000000f7d64500,0x00000000fb800000)
 Metaspace       used 74814K, capacity 79082K, committed 79232K, reserved 1118208K
  class space    used 9512K, capacity 10272K, committed 10368K, reserved 1048576K
2024-06-11T20:44:52.272+0800: 351.485: [GC (Allocation Failure) [PSYoungGen: 69984K->416K(71680K)] 124657K->55177K(186368K), 0.0043963 secs] [Times: user=0.01 sys=0.00, real=0.00 secs] 
Heap after GC invocations=95 (full 0):
 PSYoungGen      total 71680K, used 416K [0x00000000fb800000, 0x0000000100000000, 0x0000000100000000)
  eden space 69632K, 0% used [0x00000000fb800000,0x00000000fb800000,0x00000000ffc00000)
  from space 2048K, 20% used [0x00000000ffc00000,0x00000000ffc68000,0x00000000ffe00000)
  to   space 2048K, 0% used [0x00000000ffe00000,0x00000000ffe00000,0x0000000100000000)
 ParOldGen       total 114688K, used 54761K [0x00000000f4800000, 0x00000000fb800000, 0x00000000fb800000)
  object space 114688K, 47% used [0x00000000f4800000,0x00000000f7d7a500,0x00000000fb800000)
 Metaspace       used 74814K, capacity 79082K, committed 79232K, reserved 1118208K
  class space    used 9512K, capacity 10272K, committed 10368K, reserved 1048576K
}
{Heap before GC invocations=96 (full 0):
 PSYoungGen      total 71680K, used 70048K [0x00000000fb800000, 0x0000000100000000, 0x0000000100000000)
  eden space 69632K, 100% used [0x00000000fb800000,0x00000000ffc00000,0x00000000ffc00000)
  from space 2048K, 20% used [0x00000000ffc00000,0x00000000ffc68000,0x00000000ffe00000)
  to   space 2048K, 0% used [0x00000000ffe00000,0x00000000ffe00000,0x0000000100000000)
 ParOldGen       total 114688K, used 54761K [0x00000000f4800000, 0x00000000fb800000, 0x00000000fb800000)
  object space 114688K, 47% used [0x00000000f4800000,0x00000000f7d7a500,0x00000000fb800000)
 Metaspace       used 74827K, capacity 79082K, committed 79232K, reserved 1118208K
  class space    used 9512K, capacity 10272K, committed 10368K, reserved 1048576K
2024-06-11T20:44:56.603+0800: 355.816: [GC (Allocation Failure) [PSYoungGen: 70048K->384K(71680K)] 124809K->55233K(186368K), 0.0041392 secs] [Times: user=0.01 sys=0.00, real=0.00 secs] 
Heap after GC invocations=96 (full 0):
 PSYoungGen      total 71680K, used 384K [0x00000000fb800000, 0x0000000100000000, 0x0000000100000000)
  eden space 69632K, 0% used [0x00000000fb800000,0x00000000fb800000,0x00000000ffc00000)
  from space 2048K, 18% used [0x00000000ffe00000,0x00000000ffe60000,0x0000000100000000)
  to   space 2048K, 0% used [0x00000000ffc00000,0x00000000ffc00000,0x00000000ffe00000)
 ParOldGen       total 114688K, used 54849K [0x00000000f4800000, 0x00000000fb800000, 0x00000000fb800000)
  object space 114688K, 47% used [0x00000000f4800000,0x00000000f7d90500,0x00000000fb800000)
 Metaspace       used 74827K, capacity 79082K, committed 79232K, reserved 1118208K
  class space    used 9512K, capacity 10272K, committed 10368K, reserved 1048576K
}
{Heap before GC invocations=97 (full 0):
 PSYoungGen      total 71680K, used 70016K [0x00000000fb800000, 0x0000000100000000, 0x0000000100000000)
  eden space 69632K, 100% used [0x00000000fb800000,0x00000000ffc00000,0x00000000ffc00000)
  from space 2048K, 18% used [0x00000000ffe00000,0x00000000ffe60000,0x0000000100000000)
  to   space 2048K, 0% used [0x00000000ffc00000,0x00000000ffc00000,0x00000000ffe00000)
 ParOldGen       total 114688K, used 54849K [0x00000000f4800000, 0x00000000fb800000, 0x00000000fb800000)
  object space 114688K, 47% used [0x00000000f4800000,0x00000000f7d90500,0x00000000fb800000)
 Metaspace       used 74831K, capacity 79082K, committed 79232K, reserved 1118208K
  class space    used 9512K, capacity 10272K, committed 10368K, reserved 1048576K
2024-06-11T20:45:00.941+0800: 360.155: [GC (Allocation Failure) [PSYoungGen: 70016K->416K(71680K)] 124865K->55345K(186368K), 0.0041020 secs] [Times: user=0.01 sys=0.00, real=0.00 secs] 
Heap after GC invocations=97 (full 0):
 PSYoungGen      total 71680K, used 416K [0x00000000fb800000, 0x0000000100000000, 0x0000000100000000)
  eden space 69632K, 0% used [0x00000000fb800000,0x00000000fb800000,0x00000000ffc00000)
  from space 2048K, 20% used [0x00000000ffc00000,0x00000000ffc68000,0x00000000ffe00000)
  to   space 2048K, 0% used [0x00000000ffe00000,0x00000000ffe00000,0x0000000100000000)
 ParOldGen       total 114688K, used 54929K [0x00000000f4800000, 0x00000000fb800000, 0x00000000fb800000)
  object space 114688K, 47% used [0x00000000f4800000,0x00000000f7da4500,0x00000000fb800000)
 Metaspace       used 74831K, capacity 79082K, committed 79232K, reserved 1118208K
  class space    used 9512K, capacity 10272K, committed 10368K, reserved 1048576K
}
{Heap before GC invocations=98 (full 0):
 PSYoungGen      total 71680K, used 70048K [0x00000000fb800000, 0x0000000100000000, 0x0000000100000000)
  eden space 69632K, 100% used [0x00000000fb800000,0x00000000ffc00000,0x00000000ffc00000)
  from space 2048K, 20% used [0x00000000ffc00000,0x00000000ffc68000,0x00000000ffe00000)
  to   space 2048K, 0% used [0x00000000ffe00000,0x00000000ffe00000,0x0000000100000000)
 ParOldGen       total 114688K, used 54929K [0x00000000f4800000, 0x00000000fb800000, 0x00000000fb800000)
  object space 114688K, 47% used [0x00000000f4800000,0x00000000f7da4500,0x00000000fb800000)
 Metaspace       used 74831K, capacity 79082K, committed 79232K, reserved 1118208K
  class space    used 9512K, capacity 10272K, committed 10368K, reserved 1048576K
2024-06-11T20:45:05.061+0800: 364.274: [GC (Allocation Failure) [PSYoungGen: 70048K->384K(72192K)] 124977K->55401K(186880K), 0.0042001 secs] [Times: user=0.01 sys=0.00, real=0.00 secs] 
Heap after GC invocations=98 (full 0):
 PSYoungGen      total 72192K, used 384K [0x00000000fb800000, 0x0000000100000000, 0x0000000100000000)
  eden space 70144K, 0% used [0x00000000fb800000,0x00000000fb800000,0x00000000ffc80000)
  from space 2048K, 18% used [0x00000000ffe00000,0x00000000ffe60000,0x0000000100000000)
  to   space 1536K, 0% used [0x00000000ffc80000,0x00000000ffc80000,0x00000000ffe00000)
 ParOldGen       total 114688K, used 55017K [0x00000000f4800000, 0x00000000fb800000, 0x00000000fb800000)
  object space 114688K, 47% used [0x00000000f4800000,0x00000000f7dba500,0x00000000fb800000)
 Metaspace       used 74831K, capacity 79082K, committed 79232K, reserved 1118208K
  class space    used 9512K, capacity 10272K, committed 10368K, reserved 1048576K
}
{Heap before GC invocations=99 (full 0):
 PSYoungGen      total 72192K, used 70528K [0x00000000fb800000, 0x0000000100000000, 0x0000000100000000)
  eden space 70144K, 100% used [0x00000000fb800000,0x00000000ffc80000,0x00000000ffc80000)
  from space 2048K, 18% used [0x00000000ffe00000,0x00000000ffe60000,0x0000000100000000)
  to   space 1536K, 0% used [0x00000000ffc80000,0x00000000ffc80000,0x00000000ffe00000)
 ParOldGen       total 114688K, used 55017K [0x00000000f4800000, 0x00000000fb800000, 0x00000000fb800000)
  object space 114688K, 47% used [0x00000000f4800000,0x00000000f7dba500,0x00000000fb800000)
 Metaspace       used 74853K, capacity 79146K, committed 79488K, reserved 1118208K
  class space    used 9512K, capacity 10272K, committed 10368K, reserved 1048576K
2024-06-11T20:45:09.511+0800: 368.724: [GC (Allocation Failure) [PSYoungGen: 70528K->416K(71680K)] 125545K->55521K(186368K), 0.0040669 secs] [Times: user=0.01 sys=0.00, real=0.00 secs] 
Heap after GC invocations=99 (full 0):
 PSYoungGen      total 71680K, used 416K [0x00000000fb800000, 0x0000000100000000, 0x0000000100000000)
  eden space 70144K, 0% used [0x00000000fb800000,0x00000000fb800000,0x00000000ffc80000)
  from space 1536K, 27% used [0x00000000ffc80000,0x00000000ffce8000,0x00000000ffe00000)
  to   space 1536K, 0% used [0x00000000ffe80000,0x00000000ffe80000,0x0000000100000000)
 ParOldGen       total 114688K, used 55105K [0x00000000f4800000, 0x00000000fb800000, 0x00000000fb800000)
  object space 114688K, 48% used [0x00000000f4800000,0x00000000f7dd0500,0x00000000fb800000)
 Metaspace       used 74853K, capacity 79146K, committed 79488K, reserved 1118208K
  class space    used 9512K, capacity 10272K, committed 10368K, reserved 1048576K
}
{Heap before GC invocations=100 (full 0):
 PSYoungGen      total 71680K, used 70560K [0x00000000fb800000, 0x0000000100000000, 0x0000000100000000)
  eden space 70144K, 100% used [0x00000000fb800000,0x00000000ffc80000,0x00000000ffc80000)
  from space 1536K, 27% used [0x00000000ffc80000,0x00000000ffce8000,0x00000000ffe00000)
  to   space 1536K, 0% used [0x00000000ffe80000,0x00000000ffe80000,0x0000000100000000)
 ParOldGen       total 114688K, used 55105K [0x00000000f4800000, 0x00000000fb800000, 0x00000000fb800000)
  object space 114688K, 48% used [0x00000000f4800000,0x00000000f7dd0500,0x00000000fb800000)
 Metaspace       used 74854K, capacity 79146K, committed 79488K, reserved 1118208K
  class space    used 9512K, capacity 10272K, committed 10368K, reserved 1048576K
2024-06-11T20:45:13.727+0800: 372.940: [GC (Allocation Failure) [PSYoungGen: 70560K->480K(72192K)] 125665K->55665K(186880K), 0.0041224 secs] [Times: user=0.01 sys=0.00, real=0.01 secs] 
Heap after GC invocations=100 (full 0):
 PSYoungGen      total 72192K, used 480K [0x00000000fb800000, 0x0000000100000000, 0x0000000100000000)
  eden space 70656K, 0% used [0x00000000fb800000,0x00000000fb800000,0x00000000ffd00000)
  from space 1536K, 31% used [0x00000000ffe80000,0x00000000ffef8000,0x0000000100000000)
  to   space 1536K, 0% used [0x00000000ffd00000,0x00000000ffd00000,0x00000000ffe80000)
 ParOldGen       total 114688K, used 55185K [0x00000000f4800000, 0x00000000fb800000, 0x00000000fb800000)
  object space 114688K, 48% used [0x00000000f4800000,0x00000000f7de4500,0x00000000fb800000)
 Metaspace       used 74854K, capacity 79146K, committed 79488K, reserved 1118208K
  class space    used 9512K, capacity 10272K, committed 10368K, reserved 1048576K
}
{Heap before GC invocations=101 (full 0):
 PSYoungGen      total 72192K, used 71136K [0x00000000fb800000, 0x0000000100000000, 0x0000000100000000)
  eden space 70656K, 100% used [0x00000000fb800000,0x00000000ffd00000,0x00000000ffd00000)
  from space 1536K, 31% used [0x00000000ffe80000,0x00000000ffef8000,0x0000000100000000)
  to   space 1536K, 0% used [0x00000000ffd00000,0x00000000ffd00000,0x00000000ffe80000)
 ParOldGen       total 114688K, used 55185K [0x00000000f4800000, 0x00000000fb800000, 0x00000000fb800000)
  object space 114688K, 48% used [0x00000000f4800000,0x00000000f7de4500,0x00000000fb800000)
 Metaspace       used 74855K, capacity 79146K, committed 79488K, reserved 1118208K
  class space    used 9512K, capacity 10272K, committed 10368K, reserved 1048576K
2024-06-11T20:45:17.912+0800: 377.125: [GC (Allocation Failure) [PSYoungGen: 71136K->800K(72192K)] 126321K->56105K(186880K), 0.0060767 secs] [Times: user=0.01 sys=0.00, real=0.00 secs] 
Heap after GC invocations=101 (full 0):
 PSYoungGen      total 72192K, used 800K [0x00000000fb800000, 0x0000000100000000, 0x0000000100000000)
  eden space 70656K, 0% used [0x00000000fb800000,0x00000000fb800000,0x00000000ffd00000)
  from space 1536K, 52% used [0x00000000ffd00000,0x00000000ffdc8000,0x00000000ffe80000)
  to   space 1536K, 0% used [0x00000000ffe80000,0x00000000ffe80000,0x0000000100000000)
 ParOldGen       total 114688K, used 55305K [0x00000000f4800000, 0x00000000fb800000, 0x00000000fb800000)
  object space 114688K, 48% used [0x00000000f4800000,0x00000000f7e02500,0x00000000fb800000)
 Metaspace       used 74855K, capacity 79146K, committed 79488K, reserved 1118208K
  class space    used 9512K, capacity 10272K, committed 10368K, reserved 1048576K
}
{Heap before GC invocations=102 (full 0):
 PSYoungGen      total 72192K, used 71456K [0x00000000fb800000, 0x0000000100000000, 0x0000000100000000)
  eden space 70656K, 100% used [0x00000000fb800000,0x00000000ffd00000,0x00000000ffd00000)
  from space 1536K, 52% used [0x00000000ffd00000,0x00000000ffdc8000,0x00000000ffe80000)
  to   space 1536K, 0% used [0x00000000ffe80000,0x00000000ffe80000,0x0000000100000000)
 ParOldGen       total 114688K, used 55305K [0x00000000f4800000, 0x00000000fb800000, 0x00000000fb800000)
  object space 114688K, 48% used [0x00000000f4800000,0x00000000f7e02500,0x00000000fb800000)
 Metaspace       used 74859K, capacity 79146K, committed 79488K, reserved 1118208K
  class space    used 9512K, capacity 10272K, committed 10368K, reserved 1048576K
2024-06-11T20:45:22.351+0800: 381.565: [GC (Allocation Failure) [PSYoungGen: 71456K->448K(72192K)] 126761K->56289K(186880K), 0.0049750 secs] [Times: user=0.01 sys=0.00, real=0.00 secs] 
Heap after GC invocations=102 (full 0):
 PSYoungGen      total 72192K, used 448K [0x00000000fb800000, 0x0000000100000000, 0x0000000100000000)
  eden space 70656K, 0% used [0x00000000fb800000,0x00000000fb800000,0x00000000ffd00000)
  from space 1536K, 29% used [0x00000000ffe80000,0x00000000ffef0000,0x0000000100000000)
  to   space 1536K, 0% used [0x00000000ffd00000,0x00000000ffd00000,0x00000000ffe80000)
 ParOldGen       total 114688K, used 55841K [0x00000000f4800000, 0x00000000fb800000, 0x00000000fb800000)
  object space 114688K, 48% used [0x00000000f4800000,0x00000000f7e88500,0x00000000fb800000)
 Metaspace       used 74859K, capacity 79146K, committed 79488K, reserved 1118208K
  class space    used 9512K, capacity 10272K, committed 10368K, reserved 1048576K
}
{Heap before GC invocations=103 (full 0):
 PSYoungGen      total 72192K, used 71104K [0x00000000fb800000, 0x0000000100000000, 0x0000000100000000)
  eden space 70656K, 100% used [0x00000000fb800000,0x00000000ffd00000,0x00000000ffd00000)
  from space 1536K, 29% used [0x00000000ffe80000,0x00000000ffef0000,0x0000000100000000)
  to   space 1536K, 0% used [0x00000000ffd00000,0x00000000ffd00000,0x00000000ffe80000)
 ParOldGen       total 114688K, used 55841K [0x00000000f4800000, 0x00000000fb800000, 0x00000000fb800000)
  object space 114688K, 48% used [0x00000000f4800000,0x00000000f7e88500,0x00000000fb800000)
 Metaspace       used 74869K, capacity 79146K, committed 79488K, reserved 1118208K
  class space    used 9512K, capacity 10272K, committed 10368K, reserved 1048576K
2024-06-11T20:45:26.674+0800: 385.887: [GC (Allocation Failure) [PSYoungGen: 71104K->416K(72192K)] 126945K->56345K(186880K), 0.0042033 secs] [Times: user=0.00 sys=0.00, real=0.00 secs] 
Heap after GC invocations=103 (full 0):
 PSYoungGen      total 72192K, used 416K [0x00000000fb800000, 0x0000000100000000, 0x0000000100000000)
  eden space 70656K, 0% used [0x00000000fb800000,0x00000000fb800000,0x00000000ffd00000)
  from space 1536K, 27% used [0x00000000ffd00000,0x00000000ffd68000,0x00000000ffe80000)
  to   space 1536K, 0% used [0x00000000ffe80000,0x00000000ffe80000,0x0000000100000000)
 ParOldGen       total 114688K, used 55929K [0x00000000f4800000, 0x00000000fb800000, 0x00000000fb800000)
  object space 114688K, 48% used [0x00000000f4800000,0x00000000f7e9e500,0x00000000fb800000)
 Metaspace       used 74869K, capacity 79146K, committed 79488K, reserved 1118208K
  class space    used 9512K, capacity 10272K, committed 10368K, reserved 1048576K
}
{Heap before GC invocations=104 (full 0):
 PSYoungGen      total 72192K, used 71072K [0x00000000fb800000, 0x0000000100000000, 0x0000000100000000)
  eden space 70656K, 100% used [0x00000000fb800000,0x00000000ffd00000,0x00000000ffd00000)
  from space 1536K, 27% used [0x00000000ffd00000,0x00000000ffd68000,0x00000000ffe80000)
  to   space 1536K, 0% used [0x00000000ffe80000,0x00000000ffe80000,0x0000000100000000)
 ParOldGen       total 114688K, used 55929K [0x00000000f4800000, 0x00000000fb800000, 0x00000000fb800000)
  object space 114688K, 48% used [0x00000000f4800000,0x00000000f7e9e500,0x00000000fb800000)
 Metaspace       used 74870K, capacity 79146K, committed 79488K, reserved 1118208K
  class space    used 9512K, capacity 10272K, committed 10368K, reserved 1048576K
2024-06-11T20:45:30.763+0800: 389.977: [GC (Allocation Failure) [PSYoungGen: 71072K->384K(72192K)] 127001K->56401K(186880K), 0.0041953 secs] [Times: user=0.01 sys=0.00, real=0.00 secs] 
Heap after GC invocations=104 (full 0):
 PSYoungGen      total 72192K, used 384K [0x00000000fb800000, 0x0000000100000000, 0x0000000100000000)
  eden space 70656K, 0% used [0x00000000fb800000,0x00000000fb800000,0x00000000ffd00000)
  from space 1536K, 25% used [0x00000000ffe80000,0x00000000ffee0000,0x0000000100000000)
  to   space 1536K, 0% used [0x00000000ffd00000,0x00000000ffd00000,0x00000000ffe80000)
 ParOldGen       total 114688K, used 56017K [0x00000000f4800000, 0x00000000fb800000, 0x00000000fb800000)
  object space 114688K, 48% used [0x00000000f4800000,0x00000000f7eb4500,0x00000000fb800000)
 Metaspace       used 74870K, capacity 79146K, committed 79488K, reserved 1118208K
  class space    used 9512K, capacity 10272K, committed 10368K, reserved 1048576K
}
{Heap before GC invocations=105 (full 0):
 PSYoungGen      total 72192K, used 71040K [0x00000000fb800000, 0x0000000100000000, 0x0000000100000000)
  eden space 70656K, 100% used [0x00000000fb800000,0x00000000ffd00000,0x00000000ffd00000)
  from space 1536K, 25% used [0x00000000ffe80000,0x00000000ffee0000,0x0000000100000000)
  to   space 1536K, 0% used [0x00000000ffd00000,0x00000000ffd00000,0x00000000ffe80000)
 ParOldGen       total 114688K, used 56017K [0x00000000f4800000, 0x00000000fb800000, 0x00000000fb800000)
  object space 114688K, 48% used [0x00000000f4800000,0x00000000f7eb4500,0x00000000fb800000)
 Metaspace       used 74870K, capacity 79146K, committed 79488K, reserved 1118208K
  class space    used 9512K, capacity 10272K, committed 10368K, reserved 1048576K
2024-06-11T20:45:35.156+0800: 394.369: [GC (Allocation Failure) [PSYoungGen: 71040K->416K(72192K)] 127057K->56521K(186880K), 0.0054882 secs] [Times: user=0.01 sys=0.00, real=0.01 secs] 
Heap after GC invocations=105 (full 0):
 PSYoungGen      total 72192K, used 416K [0x00000000fb800000, 0x0000000100000000, 0x0000000100000000)
  eden space 70656K, 0% used [0x00000000fb800000,0x00000000fb800000,0x00000000ffd00000)
  from space 1536K, 27% used [0x00000000ffd00000,0x00000000ffd68000,0x00000000ffe80000)
  to   space 1536K, 0% used [0x00000000ffe80000,0x00000000ffe80000,0x0000000100000000)
 ParOldGen       total 114688K, used 56105K [0x00000000f4800000, 0x00000000fb800000, 0x00000000fb800000)
  object space 114688K, 48% used [0x00000000f4800000,0x00000000f7eca500,0x00000000fb800000)
 Metaspace       used 74870K, capacity 79146K, committed 79488K, reserved 1118208K
  class space    used 9512K, capacity 10272K, committed 10368K, reserved 1048576K
}
{Heap before GC invocations=106 (full 0):
 PSYoungGen      total 72192K, used 71072K [0x00000000fb800000, 0x0000000100000000, 0x0000000100000000)
  eden space 70656K, 100% used [0x00000000fb800000,0x00000000ffd00000,0x00000000ffd00000)
  from space 1536K, 27% used [0x00000000ffd00000,0x00000000ffd68000,0x00000000ffe80000)
  to   space 1536K, 0% used [0x00000000ffe80000,0x00000000ffe80000,0x0000000100000000)
 ParOldGen       total 114688K, used 56105K [0x00000000f4800000, 0x00000000fb800000, 0x00000000fb800000)
  object space 114688K, 48% used [0x00000000f4800000,0x00000000f7eca500,0x00000000fb800000)
 Metaspace       used 74871K, capacity 79146K, committed 79488K, reserved 1118208K
  class space    used 9512K, capacity 10272K, committed 10368K, reserved 1048576K
2024-06-11T20:45:39.575+0800: 398.788: [GC (Allocation Failure) [PSYoungGen: 71072K->384K(72192K)] 127177K->56577K(186880K), 0.0044587 secs] [Times: user=0.01 sys=0.00, real=0.00 secs] 
Heap after GC invocations=106 (full 0):
 PSYoungGen      total 72192K, used 384K [0x00000000fb800000, 0x0000000100000000, 0x0000000100000000)
  eden space 70656K, 0% used [0x00000000fb800000,0x00000000fb800000,0x00000000ffd00000)
  from space 1536K, 25% used [0x00000000ffe80000,0x00000000ffee0000,0x0000000100000000)
  to   space 1536K, 0% used [0x00000000ffd00000,0x00000000ffd00000,0x00000000ffe80000)
 ParOldGen       total 114688K, used 56193K [0x00000000f4800000, 0x00000000fb800000, 0x00000000fb800000)
  object space 114688K, 48% used [0x00000000f4800000,0x00000000f7ee0500,0x00000000fb800000)
 Metaspace       used 74871K, capacity 79146K, committed 79488K, reserved 1118208K
  class space    used 9512K, capacity 10272K, committed 10368K, reserved 1048576K
}
{Heap before GC invocations=107 (full 0):
 PSYoungGen      total 72192K, used 71040K [0x00000000fb800000, 0x0000000100000000, 0x0000000100000000)
  eden space 70656K, 100% used [0x00000000fb800000,0x00000000ffd00000,0x00000000ffd00000)
  from space 1536K, 25% used [0x00000000ffe80000,0x00000000ffee0000,0x0000000100000000)
  to   space 1536K, 0% used [0x00000000ffd00000,0x00000000ffd00000,0x00000000ffe80000)
 ParOldGen       total 114688K, used 56193K [0x00000000f4800000, 0x00000000fb800000, 0x00000000fb800000)
  object space 114688K, 48% used [0x00000000f4800000,0x00000000f7ee0500,0x00000000fb800000)
 Metaspace       used 74871K, capacity 79146K, committed 79488K, reserved 1118208K
  class space    used 9512K, capacity 10272K, committed 10368K, reserved 1048576K
2024-06-11T20:45:43.872+0800: 403.086: [GC (Allocation Failure) [PSYoungGen: 71040K->384K(72192K)] 127233K->56657K(186880K), 0.0041580 secs] [Times: user=0.01 sys=0.00, real=0.00 secs] 
Heap after GC invocations=107 (full 0):
 PSYoungGen      total 72192K, used 384K [0x00000000fb800000, 0x0000000100000000, 0x0000000100000000)
  eden space 70656K, 0% used [0x00000000fb800000,0x00000000fb800000,0x00000000ffd00000)
  from space 1536K, 25% used [0x00000000ffd00000,0x00000000ffd60000,0x00000000ffe80000)
  to   space 1536K, 0% used [0x00000000ffe80000,0x00000000ffe80000,0x0000000100000000)
 ParOldGen       total 114688K, used 56273K [0x00000000f4800000, 0x00000000fb800000, 0x00000000fb800000)
  object space 114688K, 49% used [0x00000000f4800000,0x00000000f7ef4500,0x00000000fb800000)
 Metaspace       used 74871K, capacity 79146K, committed 79488K, reserved 1118208K
  class space    used 9512K, capacity 10272K, committed 10368K, reserved 1048576K
}
{Heap before GC invocations=108 (full 0):
 PSYoungGen      total 72192K, used 71040K [0x00000000fb800000, 0x0000000100000000, 0x0000000100000000)
  eden space 70656K, 100% used [0x00000000fb800000,0x00000000ffd00000,0x00000000ffd00000)
  from space 1536K, 25% used [0x00000000ffd00000,0x00000000ffd60000,0x00000000ffe80000)
  to   space 1536K, 0% used [0x00000000ffe80000,0x00000000ffe80000,0x0000000100000000)
 ParOldGen       total 114688K, used 56273K [0x00000000f4800000, 0x00000000fb800000, 0x00000000fb800000)
  object space 114688K, 49% used [0x00000000f4800000,0x00000000f7ef4500,0x00000000fb800000)
 Metaspace       used 74871K, capacity 79146K, committed 79488K, reserved 1118208K
  class space    used 9512K, capacity 10272K, committed 10368K, reserved 1048576K
2024-06-11T20:45:48.181+0800: 407.395: [GC (Allocation Failure) [PSYoungGen: 71040K->384K(72704K)] 127313K->56745K(187392K), 0.0054070 secs] [Times: user=0.01 sys=0.00, real=0.00 secs] 
Heap after GC invocations=108 (full 0):
 PSYoungGen      total 72704K, used 384K [0x00000000fb800000, 0x0000000100000000, 0x0000000100000000)
  eden space 71168K, 0% used [0x00000000fb800000,0x00000000fb800000,0x00000000ffd80000)
  from space 1536K, 25% used [0x00000000ffe80000,0x00000000ffee0000,0x0000000100000000)
  to   space 1024K, 0% used [0x00000000ffd80000,0x00000000ffd80000,0x00000000ffe80000)
 ParOldGen       total 114688K, used 56361K [0x00000000f4800000, 0x00000000fb800000, 0x00000000fb800000)
  object space 114688K, 49% used [0x00000000f4800000,0x00000000f7f0a500,0x00000000fb800000)
 Metaspace       used 74871K, capacity 79146K, committed 79488K, reserved 1118208K
  class space    used 9512K, capacity 10272K, committed 10368K, reserved 1048576K
}
{Heap before GC invocations=109 (full 0):
 PSYoungGen      total 72704K, used 71552K [0x00000000fb800000, 0x0000000100000000, 0x0000000100000000)
  eden space 71168K, 100% used [0x00000000fb800000,0x00000000ffd80000,0x00000000ffd80000)
  from space 1536K, 25% used [0x00000000ffe80000,0x00000000ffee0000,0x0000000100000000)
  to   space 1024K, 0% used [0x00000000ffd80000,0x00000000ffd80000,0x00000000ffe80000)
 ParOldGen       total 114688K, used 56361K [0x00000000f4800000, 0x00000000fb800000, 0x00000000fb800000)
  object space 114688K, 49% used [0x00000000f4800000,0x00000000f7f0a500,0x00000000fb800000)
 Metaspace       used 74874K, capacity 79146K, committed 79488K, reserved 1118208K
  class space    used 9512K, capacity 10272K, committed 10368K, reserved 1048576K
2024-06-11T20:45:52.499+0800: 411.712: [GC (Allocation Failure) [PSYoungGen: 71552K->384K(72192K)] 127913K->56825K(186880K), 0.0041624 secs] [Times: user=0.00 sys=0.00, real=0.01 secs] 
Heap after GC invocations=109 (full 0):
 PSYoungGen      total 72192K, used 384K [0x00000000fb800000, 0x0000000100000000, 0x0000000100000000)
  eden space 71168K, 0% used [0x00000000fb800000,0x00000000fb800000,0x00000000ffd80000)
  from space 1024K, 37% used [0x00000000ffd80000,0x00000000ffde0000,0x00000000ffe80000)
  to   space 1024K, 0% used [0x00000000fff00000,0x00000000fff00000,0x0000000100000000)
 ParOldGen       total 114688K, used 56441K [0x00000000f4800000, 0x00000000fb800000, 0x00000000fb800000)
  object space 114688K, 49% used [0x00000000f4800000,0x00000000f7f1e500,0x00000000fb800000)
 Metaspace       used 74874K, capacity 79146K, committed 79488K, reserved 1118208K
  class space    used 9512K, capacity 10272K, committed 10368K, reserved 1048576K
}
{Heap before GC invocations=110 (full 0):
 PSYoungGen      total 72192K, used 71552K [0x00000000fb800000, 0x0000000100000000, 0x0000000100000000)
  eden space 71168K, 100% used [0x00000000fb800000,0x00000000ffd80000,0x00000000ffd80000)
  from space 1024K, 37% used [0x00000000ffd80000,0x00000000ffde0000,0x00000000ffe80000)
  to   space 1024K, 0% used [0x00000000fff00000,0x00000000fff00000,0x0000000100000000)
 ParOldGen       total 114688K, used 56441K [0x00000000f4800000, 0x00000000fb800000, 0x00000000fb800000)
  object space 114688K, 49% used [0x00000000f4800000,0x00000000f7f1e500,0x00000000fb800000)
 Metaspace       used 74876K, capacity 79146K, committed 79488K, reserved 1118208K
  class space    used 9512K, capacity 10272K, committed 10368K, reserved 1048576K
2024-06-11T20:45:56.934+0800: 416.147: [GC (Allocation Failure) [PSYoungGen: 71552K->416K(72704K)] 127993K->56937K(187392K), 0.0050302 secs] [Times: user=0.00 sys=0.00, real=0.00 secs] 
Heap after GC invocations=110 (full 0):
 PSYoungGen      total 72704K, used 416K [0x00000000fb800000, 0x0000000100000000, 0x0000000100000000)
  eden space 71680K, 0% used [0x00000000fb800000,0x00000000fb800000,0x00000000ffe00000)
  from space 1024K, 40% used [0x00000000fff00000,0x00000000fff68000,0x0000000100000000)
  to   space 1024K, 0% used [0x00000000ffe00000,0x00000000ffe00000,0x00000000fff00000)
 ParOldGen       total 114688K, used 56521K [0x00000000f4800000, 0x00000000fb800000, 0x00000000fb800000)
  object space 114688K, 49% used [0x00000000f4800000,0x00000000f7f32500,0x00000000fb800000)
 Metaspace       used 74876K, capacity 79146K, committed 79488K, reserved 1118208K
  class space    used 9512K, capacity 10272K, committed 10368K, reserved 1048576K
}
{Heap before GC invocations=111 (full 0):
 PSYoungGen      total 72704K, used 72096K [0x00000000fb800000, 0x0000000100000000, 0x0000000100000000)
  eden space 71680K, 100% used [0x00000000fb800000,0x00000000ffe00000,0x00000000ffe00000)
  from space 1024K, 40% used [0x00000000fff00000,0x00000000fff68000,0x0000000100000000)
  to   space 1024K, 0% used [0x00000000ffe00000,0x00000000ffe00000,0x00000000fff00000)
 ParOldGen       total 114688K, used 56521K [0x00000000f4800000, 0x00000000fb800000, 0x00000000fb800000)
  object space 114688K, 49% used [0x00000000f4800000,0x00000000f7f32500,0x00000000fb800000)
 Metaspace       used 74877K, capacity 79146K, committed 79488K, reserved 1118208K
  class space    used 9512K, capacity 10272K, committed 10368K, reserved 1048576K
2024-06-11T20:46:01.299+0800: 420.512: [GC (Allocation Failure) [PSYoungGen: 72096K->416K(72704K)] 128617K->57025K(187392K), 0.0050799 secs] [Times: user=0.00 sys=0.00, real=0.01 secs] 
Heap after GC invocations=111 (full 0):
 PSYoungGen      total 72704K, used 416K [0x00000000fb800000, 0x0000000100000000, 0x0000000100000000)
  eden space 71680K, 0% used [0x00000000fb800000,0x00000000fb800000,0x00000000ffe00000)
  from space 1024K, 40% used [0x00000000ffe00000,0x00000000ffe68000,0x00000000fff00000)
  to   space 1024K, 0% used [0x00000000fff00000,0x00000000fff00000,0x0000000100000000)
 ParOldGen       total 114688K, used 56609K [0x00000000f4800000, 0x00000000fb800000, 0x00000000fb800000)
  object space 114688K, 49% used [0x00000000f4800000,0x00000000f7f48500,0x00000000fb800000)
 Metaspace       used 74877K, capacity 79146K, committed 79488K, reserved 1118208K
  class space    used 9512K, capacity 10272K, committed 10368K, reserved 1048576K
}
{Heap before GC invocations=112 (full 0):
 PSYoungGen      total 72704K, used 72096K [0x00000000fb800000, 0x0000000100000000, 0x0000000100000000)
  eden space 71680K, 100% used [0x00000000fb800000,0x00000000ffe00000,0x00000000ffe00000)
  from space 1024K, 40% used [0x00000000ffe00000,0x00000000ffe68000,0x00000000fff00000)
  to   space 1024K, 0% used [0x00000000fff00000,0x00000000fff00000,0x0000000100000000)
 ParOldGen       total 114688K, used 56609K [0x00000000f4800000, 0x00000000fb800000, 0x00000000fb800000)
  object space 114688K, 49% used [0x00000000f4800000,0x00000000f7f48500,0x00000000fb800000)
 Metaspace       used 74881K, capacity 79146K, committed 79488K, reserved 1118208K
  class space    used 9512K, capacity 10272K, committed 10368K, reserved 1048576K
2024-06-11T20:46:05.488+0800: 424.701: [GC (Allocation Failure) [PSYoungGen: 72096K->384K(72704K)] 128705K->57081K(187392K), 0.0041792 secs] [Times: user=0.00 sys=0.00, real=0.01 secs] 
Heap after GC invocations=112 (full 0):
 PSYoungGen      total 72704K, used 384K [0x00000000fb800000, 0x0000000100000000, 0x0000000100000000)
  eden space 71680K, 0% used [0x00000000fb800000,0x00000000fb800000,0x00000000ffe00000)
  from space 1024K, 37% used [0x00000000fff00000,0x00000000fff60000,0x0000000100000000)
  to   space 1024K, 0% used [0x00000000ffe00000,0x00000000ffe00000,0x00000000fff00000)
 ParOldGen       total 114688K, used 56697K [0x00000000f4800000, 0x00000000fb800000, 0x00000000fb800000)
  object space 114688K, 49% used [0x00000000f4800000,0x00000000f7f5e500,0x00000000fb800000)
 Metaspace       used 74881K, capacity 79146K, committed 79488K, reserved 1118208K
  class space    used 9512K, capacity 10272K, committed 10368K, reserved 1048576K
}
{Heap before GC invocations=113 (full 0):
 PSYoungGen      total 72704K, used 72064K [0x00000000fb800000, 0x0000000100000000, 0x0000000100000000)
  eden space 71680K, 100% used [0x00000000fb800000,0x00000000ffe00000,0x00000000ffe00000)
  from space 1024K, 37% used [0x00000000fff00000,0x00000000fff60000,0x0000000100000000)
  to   space 1024K, 0% used [0x00000000ffe00000,0x00000000ffe00000,0x00000000fff00000)
 ParOldGen       total 114688K, used 56697K [0x00000000f4800000, 0x00000000fb800000, 0x00000000fb800000)
  object space 114688K, 49% used [0x00000000f4800000,0x00000000f7f5e500,0x00000000fb800000)
 Metaspace       used 74888K, capacity 79146K, committed 79488K, reserved 1118208K
  class space    used 9512K, capacity 10272K, committed 10368K, reserved 1048576K
2024-06-11T20:46:09.838+0800: 429.051: [GC (Allocation Failure) [PSYoungGen: 72064K->876K(72704K)] 128761K->57653K(187392K), 0.0061372 secs] [Times: user=0.01 sys=0.00, real=0.01 secs] 
Heap after GC invocations=113 (full 0):
 PSYoungGen      total 72704K, used 876K [0x00000000fb800000, 0x0000000100000000, 0x0000000100000000)
  eden space 71680K, 0% used [0x00000000fb800000,0x00000000fb800000,0x00000000ffe00000)
  from space 1024K, 85% used [0x00000000ffe00000,0x00000000ffedb110,0x00000000fff00000)
  to   space 1024K, 0% used [0x00000000fff00000,0x00000000fff00000,0x0000000100000000)
 ParOldGen       total 114688K, used 56777K [0x00000000f4800000, 0x00000000fb800000, 0x00000000fb800000)
  object space 114688K, 49% used [0x00000000f4800000,0x00000000f7f72500,0x00000000fb800000)
 Metaspace       used 74888K, capacity 79146K, committed 79488K, reserved 1118208K
  class space    used 9512K, capacity 10272K, committed 10368K, reserved 1048576K
}
{Heap before GC invocations=114 (full 0):
 PSYoungGen      total 72704K, used 72556K [0x00000000fb800000, 0x0000000100000000, 0x0000000100000000)
  eden space 71680K, 100% used [0x00000000fb800000,0x00000000ffe00000,0x00000000ffe00000)
  from space 1024K, 85% used [0x00000000ffe00000,0x00000000ffedb110,0x00000000fff00000)
  to   space 1024K, 0% used [0x00000000fff00000,0x00000000fff00000,0x0000000100000000)
 ParOldGen       total 114688K, used 56777K [0x00000000f4800000, 0x00000000fb800000, 0x00000000fb800000)
  object space 114688K, 49% used [0x00000000f4800000,0x00000000f7f72500,0x00000000fb800000)
 Metaspace       used 74889K, capacity 79146K, committed 79488K, reserved 1118208K
  class space    used 9512K, capacity 10272K, committed 10368K, reserved 1048576K
2024-06-11T20:46:14.511+0800: 433.724: [GC (Allocation Failure) [PSYoungGen: 72556K->640K(72704K)] 129333K->57497K(187392K), 0.0158177 secs] [Times: user=0.03 sys=0.00, real=0.02 secs] 
Heap after GC invocations=114 (full 0):
 PSYoungGen      total 72704K, used 640K [0x00000000fb800000, 0x0000000100000000, 0x0000000100000000)
  eden space 71680K, 0% used [0x00000000fb800000,0x00000000fb800000,0x00000000ffe00000)
  from space 1024K, 62% used [0x00000000fff00000,0x00000000fffa0000,0x0000000100000000)
  to   space 1024K, 0% used [0x00000000ffe00000,0x00000000ffe00000,0x00000000fff00000)
 ParOldGen       total 114688K, used 56857K [0x00000000f4800000, 0x00000000fb800000, 0x00000000fb800000)
  object space 114688K, 49% used [0x00000000f4800000,0x00000000f7f86500,0x00000000fb800000)
 Metaspace       used 74889K, capacity 79146K, committed 79488K, reserved 1118208K
  class space    used 9512K, capacity 10272K, committed 10368K, reserved 1048576K
}
{Heap before GC invocations=115 (full 0):
 PSYoungGen      total 72704K, used 72320K [0x00000000fb800000, 0x0000000100000000, 0x0000000100000000)
  eden space 71680K, 100% used [0x00000000fb800000,0x00000000ffe00000,0x00000000ffe00000)
  from space 1024K, 62% used [0x00000000fff00000,0x00000000fffa0000,0x0000000100000000)
  to   space 1024K, 0% used [0x00000000ffe00000,0x00000000ffe00000,0x00000000fff00000)
 ParOldGen       total 114688K, used 56857K [0x00000000f4800000, 0x00000000fb800000, 0x00000000fb800000)
  object space 114688K, 49% used [0x00000000f4800000,0x00000000f7f86500,0x00000000fb800000)
 Metaspace       used 74889K, capacity 79146K, committed 79488K, reserved 1118208K
  class space    used 9512K, capacity 10272K, committed 10368K, reserved 1048576K
2024-06-11T20:46:18.769+0800: 437.983: [GC (Allocation Failure) [PSYoungGen: 72320K->576K(72704K)] 129177K->57809K(187392K), 0.0056683 secs] [Times: user=0.01 sys=0.00, real=0.01 secs] 
Heap after GC invocations=115 (full 0):
 PSYoungGen      total 72704K, used 576K [0x00000000fb800000, 0x0000000100000000, 0x0000000100000000)
  eden space 71680K, 0% used [0x00000000fb800000,0x00000000fb800000,0x00000000ffe00000)
  from space 1024K, 56% used [0x00000000ffe00000,0x00000000ffe90000,0x00000000fff00000)
  to   space 1024K, 0% used [0x00000000fff00000,0x00000000fff00000,0x0000000100000000)
 ParOldGen       total 114688K, used 57233K [0x00000000f4800000, 0x00000000fb800000, 0x00000000fb800000)
  object space 114688K, 49% used [0x00000000f4800000,0x00000000f7fe4500,0x00000000fb800000)
 Metaspace       used 74889K, capacity 79146K, committed 79488K, reserved 1118208K
  class space    used 9512K, capacity 10272K, committed 10368K, reserved 1048576K
}
{Heap before GC invocations=116 (full 0):
 PSYoungGen      total 72704K, used 72256K [0x00000000fb800000, 0x0000000100000000, 0x0000000100000000)
  eden space 71680K, 100% used [0x00000000fb800000,0x00000000ffe00000,0x00000000ffe00000)
  from space 1024K, 56% used [0x00000000ffe00000,0x00000000ffe90000,0x00000000fff00000)
  to   space 1024K, 0% used [0x00000000fff00000,0x00000000fff00000,0x0000000100000000)
 ParOldGen       total 114688K, used 57233K [0x00000000f4800000, 0x00000000fb800000, 0x00000000fb800000)
  object space 114688K, 49% used [0x00000000f4800000,0x00000000f7fe4500,0x00000000fb800000)
 Metaspace       used 74889K, capacity 79146K, committed 79488K, reserved 1118208K
  class space    used 9512K, capacity 10272K, committed 10368K, reserved 1048576K
2024-06-11T20:46:23.090+0800: 442.303: [GC (Allocation Failure) [PSYoungGen: 72256K->908K(71680K)] 129489K->58429K(186368K), 0.0061513 secs] [Times: user=0.01 sys=0.00, real=0.01 secs] 
Heap after GC invocations=116 (full 0):
 PSYoungGen      total 71680K, used 908K [0x00000000fb800000, 0x0000000100000000, 0x0000000100000000)
  eden space 70656K, 0% used [0x00000000fb800000,0x00000000fb800000,0x00000000ffd00000)
  from space 1024K, 88% used [0x00000000fff00000,0x00000000fffe3120,0x0000000100000000)
  to   space 1536K, 0% used [0x00000000ffd00000,0x00000000ffd00000,0x00000000ffe80000)
 ParOldGen       total 114688K, used 57521K [0x00000000f4800000, 0x00000000fb800000, 0x00000000fb800000)
  object space 114688K, 50% used [0x00000000f4800000,0x00000000f802c500,0x00000000fb800000)
 Metaspace       used 74889K, capacity 79146K, committed 79488K, reserved 1118208K
  class space    used 9512K, capacity 10272K, committed 10368K, reserved 1048576K
}
{Heap before GC invocations=117 (full 0):
 PSYoungGen      total 71680K, used 71564K [0x00000000fb800000, 0x0000000100000000, 0x0000000100000000)
  eden space 70656K, 100% used [0x00000000fb800000,0x00000000ffd00000,0x00000000ffd00000)
  from space 1024K, 88% used [0x00000000fff00000,0x00000000fffe3120,0x0000000100000000)
  to   space 1536K, 0% used [0x00000000ffd00000,0x00000000ffd00000,0x00000000ffe80000)
 ParOldGen       total 114688K, used 57521K [0x00000000f4800000, 0x00000000fb800000, 0x00000000fb800000)
  object space 114688K, 50% used [0x00000000f4800000,0x00000000f802c500,0x00000000fb800000)
 Metaspace       used 74889K, capacity 79146K, committed 79488K, reserved 1118208K
  class space    used 9512K, capacity 10272K, committed 10368K, reserved 1048576K
2024-06-11T20:46:27.642+0800: 446.855: [GC (Allocation Failure) [PSYoungGen: 71564K->416K(72192K)] 129085K->58033K(186880K), 0.0043444 secs] [Times: user=0.01 sys=0.00, real=0.00 secs] 
Heap after GC invocations=117 (full 0):
 PSYoungGen      total 72192K, used 416K [0x00000000fb800000, 0x0000000100000000, 0x0000000100000000)
  eden space 70656K, 0% used [0x00000000fb800000,0x00000000fb800000,0x00000000ffd00000)
  from space 1536K, 27% used [0x00000000ffd00000,0x00000000ffd68000,0x00000000ffe80000)
  to   space 1536K, 0% used [0x00000000ffe80000,0x00000000ffe80000,0x0000000100000000)
 ParOldGen       total 114688K, used 57617K [0x00000000f4800000, 0x00000000fb800000, 0x00000000fb800000)
  object space 114688K, 50% used [0x00000000f4800000,0x00000000f8044500,0x00000000fb800000)
 Metaspace       used 74889K, capacity 79146K, committed 79488K, reserved 1118208K
  class space    used 9512K, capacity 10272K, committed 10368K, reserved 1048576K
}
{Heap before GC invocations=118 (full 0):
 PSYoungGen      total 72192K, used 71072K [0x00000000fb800000, 0x0000000100000000, 0x0000000100000000)
  eden space 70656K, 100% used [0x00000000fb800000,0x00000000ffd00000,0x00000000ffd00000)
  from space 1536K, 27% used [0x00000000ffd00000,0x00000000ffd68000,0x00000000ffe80000)
  to   space 1536K, 0% used [0x00000000ffe80000,0x00000000ffe80000,0x0000000100000000)
 ParOldGen       total 114688K, used 57617K [0x00000000f4800000, 0x00000000fb800000, 0x00000000fb800000)
  object space 114688K, 50% used [0x00000000f4800000,0x00000000f8044500,0x00000000fb800000)
 Metaspace       used 74891K, capacity 79146K, committed 79488K, reserved 1118208K
  class space    used 9512K, capacity 10272K, committed 10368K, reserved 1048576K
2024-06-11T20:46:31.922+0800: 451.135: [GC (Allocation Failure) [PSYoungGen: 71072K->416K(72704K)] 128689K->58129K(187392K), 0.0042195 secs] [Times: user=0.01 sys=0.00, real=0.00 secs] 
Heap after GC invocations=118 (full 0):
 PSYoungGen      total 72704K, used 416K [0x00000000fb800000, 0x0000000100000000, 0x0000000100000000)
  eden space 71168K, 0% used [0x00000000fb800000,0x00000000fb800000,0x00000000ffd80000)
  from space 1536K, 27% used [0x00000000ffe80000,0x00000000ffee8000,0x0000000100000000)
  to   space 1024K, 0% used [0x00000000ffd80000,0x00000000ffd80000,0x00000000ffe80000)
 ParOldGen       total 114688K, used 57713K [0x00000000f4800000, 0x00000000fb800000, 0x00000000fb800000)
  object space 114688K, 50% used [0x00000000f4800000,0x00000000f805c500,0x00000000fb800000)
 Metaspace       used 74891K, capacity 79146K, committed 79488K, reserved 1118208K
  class space    used 9512K, capacity 10272K, committed 10368K, reserved 1048576K
}
{Heap before GC invocations=119 (full 0):
 PSYoungGen      total 72704K, used 71584K [0x00000000fb800000, 0x0000000100000000, 0x0000000100000000)
  eden space 71168K, 100% used [0x00000000fb800000,0x00000000ffd80000,0x00000000ffd80000)
  from space 1536K, 27% used [0x00000000ffe80000,0x00000000ffee8000,0x0000000100000000)
  to   space 1024K, 0% used [0x00000000ffd80000,0x00000000ffd80000,0x00000000ffe80000)
 ParOldGen       total 114688K, used 57713K [0x00000000f4800000, 0x00000000fb800000, 0x00000000fb800000)
  object space 114688K, 50% used [0x00000000f4800000,0x00000000f805c500,0x00000000fb800000)
 Metaspace       used 74891K, capacity 79146K, committed 79488K, reserved 1118208K
  class space    used 9512K, capacity 10272K, committed 10368K, reserved 1048576K
2024-06-11T20:46:36.193+0800: 455.406: [GC (Allocation Failure) [PSYoungGen: 71584K->384K(72192K)] 129297K->58185K(186880K), 0.0043646 secs] [Times: user=0.01 sys=0.00, real=0.00 secs] 
Heap after GC invocations=119 (full 0):
 PSYoungGen      total 72192K, used 384K [0x00000000fb800000, 0x0000000100000000, 0x0000000100000000)
  eden space 71168K, 0% used [0x00000000fb800000,0x00000000fb800000,0x00000000ffd80000)
  from space 1024K, 37% used [0x00000000ffd80000,0x00000000ffde0000,0x00000000ffe80000)
  to   space 1024K, 0% used [0x00000000fff00000,0x00000000fff00000,0x0000000100000000)
 ParOldGen       total 114688K, used 57801K [0x00000000f4800000, 0x00000000fb800000, 0x00000000fb800000)
  object space 114688K, 50% used [0x00000000f4800000,0x00000000f8072500,0x00000000fb800000)
 Metaspace       used 74891K, capacity 79146K, committed 79488K, reserved 1118208K
  class space    used 9512K, capacity 10272K, committed 10368K, reserved 1048576K
}
{Heap before GC invocations=120 (full 0):
 PSYoungGen      total 72192K, used 71552K [0x00000000fb800000, 0x0000000100000000, 0x0000000100000000)
  eden space 71168K, 100% used [0x00000000fb800000,0x00000000ffd80000,0x00000000ffd80000)
  from space 1024K, 37% used [0x00000000ffd80000,0x00000000ffde0000,0x00000000ffe80000)
  to   space 1024K, 0% used [0x00000000fff00000,0x00000000fff00000,0x0000000100000000)
 ParOldGen       total 114688K, used 57801K [0x00000000f4800000, 0x00000000fb800000, 0x00000000fb800000)
  object space 114688K, 50% used [0x00000000f4800000,0x00000000f8072500,0x00000000fb800000)
 Metaspace       used 74892K, capacity 79146K, committed 79488K, reserved 1118208K
  class space    used 9512K, capacity 10272K, committed 10368K, reserved 1048576K
2024-06-11T20:46:40.619+0800: 459.832: [GC (Allocation Failure) [PSYoungGen: 71552K->384K(72704K)] 129353K->58273K(187392K), 0.0043432 secs] [Times: user=0.00 sys=0.00, real=0.01 secs] 
Heap after GC invocations=120 (full 0):
 PSYoungGen      total 72704K, used 384K [0x00000000fb800000, 0x0000000100000000, 0x0000000100000000)
  eden space 71680K, 0% used [0x00000000fb800000,0x00000000fb800000,0x00000000ffe00000)
  from space 1024K, 37% used [0x00000000fff00000,0x00000000fff60000,0x0000000100000000)
  to   space 1024K, 0% used [0x00000000ffe00000,0x00000000ffe00000,0x00000000fff00000)
 ParOldGen       total 114688K, used 57889K [0x00000000f4800000, 0x00000000fb800000, 0x00000000fb800000)
  object space 114688K, 50% used [0x00000000f4800000,0x00000000f8088500,0x00000000fb800000)
 Metaspace       used 74892K, capacity 79146K, committed 79488K, reserved 1118208K
  class space    used 9512K, capacity 10272K, committed 10368K, reserved 1048576K
}
{Heap before GC invocations=121 (full 0):
 PSYoungGen      total 72704K, used 72064K [0x00000000fb800000, 0x0000000100000000, 0x0000000100000000)
  eden space 71680K, 100% used [0x00000000fb800000,0x00000000ffe00000,0x00000000ffe00000)
  from space 1024K, 37% used [0x00000000fff00000,0x00000000fff60000,0x0000000100000000)
  to   space 1024K, 0% used [0x00000000ffe00000,0x00000000ffe00000,0x00000000fff00000)
 ParOldGen       total 114688K, used 57889K [0x00000000f4800000, 0x00000000fb800000, 0x00000000fb800000)
  object space 114688K, 50% used [0x00000000f4800000,0x00000000f8088500,0x00000000fb800000)
 Metaspace       used 74897K, capacity 79146K, committed 79488K, reserved 1118208K
  class space    used 9512K, capacity 10272K, committed 10368K, reserved 1048576K
2024-06-11T20:46:44.914+0800: 464.127: [GC (Allocation Failure) [PSYoungGen: 72064K->320K(72704K)] 129953K->58297K(187392K), 0.0049214 secs] [Times: user=0.01 sys=0.00, real=0.00 secs] 
Heap after GC invocations=121 (full 0):
 PSYoungGen      total 72704K, used 320K [0x00000000fb800000, 0x0000000100000000, 0x0000000100000000)
  eden space 71680K, 0% used [0x00000000fb800000,0x00000000fb800000,0x00000000ffe00000)
  from space 1024K, 31% used [0x00000000ffe00000,0x00000000ffe50000,0x00000000fff00000)
  to   space 1024K, 0% used [0x00000000fff00000,0x00000000fff00000,0x0000000100000000)
 ParOldGen       total 114688K, used 57977K [0x00000000f4800000, 0x00000000fb800000, 0x00000000fb800000)
  object space 114688K, 50% used [0x00000000f4800000,0x00000000f809e500,0x00000000fb800000)
 Metaspace       used 74897K, capacity 79146K, committed 79488K, reserved 1118208K
  class space    used 9512K, capacity 10272K, committed 10368K, reserved 1048576K
}
{Heap before GC invocations=122 (full 0):
 PSYoungGen      total 72704K, used 72000K [0x00000000fb800000, 0x0000000100000000, 0x0000000100000000)
  eden space 71680K, 100% used [0x00000000fb800000,0x00000000ffe00000,0x00000000ffe00000)
  from space 1024K, 31% used [0x00000000ffe00000,0x00000000ffe50000,0x00000000fff00000)
  to   space 1024K, 0% used [0x00000000fff00000,0x00000000fff00000,0x0000000100000000)
 ParOldGen       total 114688K, used 57977K [0x00000000f4800000, 0x00000000fb800000, 0x00000000fb800000)
  object space 114688K, 50% used [0x00000000f4800000,0x00000000f809e500,0x00000000fb800000)
 Metaspace       used 74899K, capacity 79146K, committed 79488K, reserved 1118208K
  class space    used 9512K, capacity 10272K, committed 10368K, reserved 1048576K
2024-06-11T20:46:49.104+0800: 468.317: [GC (Allocation Failure) [PSYoungGen: 72000K->160K(72704K)] 129977K->58233K(187392K), 0.0036784 secs] [Times: user=0.00 sys=0.00, real=0.00 secs] 
Heap after GC invocations=122 (full 0):
 PSYoungGen      total 72704K, used 160K [0x00000000fb800000, 0x0000000100000000, 0x0000000100000000)
  eden space 71680K, 0% used [0x00000000fb800000,0x00000000fb800000,0x00000000ffe00000)
  from space 1024K, 15% used [0x00000000fff00000,0x00000000fff28000,0x0000000100000000)
  to   space 1024K, 0% used [0x00000000ffe00000,0x00000000ffe00000,0x00000000fff00000)
 ParOldGen       total 114688K, used 58073K [0x00000000f4800000, 0x00000000fb800000, 0x00000000fb800000)
  object space 114688K, 50% used [0x00000000f4800000,0x00000000f80b6500,0x00000000fb800000)
 Metaspace       used 74899K, capacity 79146K, committed 79488K, reserved 1118208K
  class space    used 9512K, capacity 10272K, committed 10368K, reserved 1048576K
}
{Heap before GC invocations=123 (full 0):
 PSYoungGen      total 72704K, used 71840K [0x00000000fb800000, 0x0000000100000000, 0x0000000100000000)
  eden space 71680K, 100% used [0x00000000fb800000,0x00000000ffe00000,0x00000000ffe00000)
  from space 1024K, 15% used [0x00000000fff00000,0x00000000fff28000,0x0000000100000000)
  to   space 1024K, 0% used [0x00000000ffe00000,0x00000000ffe00000,0x00000000fff00000)
 ParOldGen       total 114688K, used 58073K [0x00000000f4800000, 0x00000000fb800000, 0x00000000fb800000)
  object space 114688K, 50% used [0x00000000f4800000,0x00000000f80b6500,0x00000000fb800000)
 Metaspace       used 74904K, capacity 79146K, committed 79488K, reserved 1118208K
  class space    used 9512K, capacity 10272K, committed 10368K, reserved 1048576K
2024-06-11T20:46:55.994+0800: 475.207: [GC (Allocation Failure) [PSYoungGen: 71840K->960K(72704K)] 129913K->59105K(187392K), 0.0057449 secs] [Times: user=0.00 sys=0.00, real=0.00 secs] 
Heap after GC invocations=123 (full 0):
 PSYoungGen      total 72704K, used 960K [0x00000000fb800000, 0x0000000100000000, 0x0000000100000000)
  eden space 71680K, 0% used [0x00000000fb800000,0x00000000fb800000,0x00000000ffe00000)
  from space 1024K, 93% used [0x00000000ffe00000,0x00000000ffef0000,0x00000000fff00000)
  to   space 1024K, 0% used [0x00000000fff00000,0x00000000fff00000,0x0000000100000000)
 ParOldGen       total 114688K, used 58145K [0x00000000f4800000, 0x00000000fb800000, 0x00000000fb800000)
  object space 114688K, 50% used [0x00000000f4800000,0x00000000f80c8500,0x00000000fb800000)
 Metaspace       used 74904K, capacity 79146K, committed 79488K, reserved 1118208K
  class space    used 9512K, capacity 10272K, committed 10368K, reserved 1048576K
}
{Heap before GC invocations=124 (full 0):
 PSYoungGen      total 72704K, used 72640K [0x00000000fb800000, 0x0000000100000000, 0x0000000100000000)
  eden space 71680K, 100% used [0x00000000fb800000,0x00000000ffe00000,0x00000000ffe00000)
  from space 1024K, 93% used [0x00000000ffe00000,0x00000000ffef0000,0x00000000fff00000)
  to   space 1024K, 0% used [0x00000000fff00000,0x00000000fff00000,0x0000000100000000)
 ParOldGen       total 114688K, used 58145K [0x00000000f4800000, 0x00000000fb800000, 0x00000000fb800000)
  object space 114688K, 50% used [0x00000000f4800000,0x00000000f80c8500,0x00000000fb800000)
 Metaspace       used 74904K, capacity 79146K, committed 79488K, reserved 1118208K
  class space    used 9512K, capacity 10272K, committed 10368K, reserved 1048576K
2024-06-11T20:47:00.517+0800: 479.731: [GC (Allocation Failure) [PSYoungGen: 72640K->672K(71680K)] 130785K->59433K(186368K), 0.0066397 secs] [Times: user=0.01 sys=0.00, real=0.01 secs] 
Heap after GC invocations=124 (full 0):
 PSYoungGen      total 71680K, used 672K [0x00000000fb800000, 0x0000000100000000, 0x0000000100000000)
  eden space 70656K, 0% used [0x00000000fb800000,0x00000000fb800000,0x00000000ffd00000)
  from space 1024K, 65% used [0x00000000fff00000,0x00000000fffa8000,0x0000000100000000)
  to   space 1536K, 0% used [0x00000000ffd00000,0x00000000ffd00000,0x00000000ffe80000)
 ParOldGen       total 114688K, used 58761K [0x00000000f4800000, 0x00000000fb800000, 0x00000000fb800000)
  object space 114688K, 51% used [0x00000000f4800000,0x00000000f8162500,0x00000000fb800000)
 Metaspace       used 74904K, capacity 79146K, committed 79488K, reserved 1118208K
  class space    used 9512K, capacity 10272K, committed 10368K, reserved 1048576K
}
{Heap before GC invocations=125 (full 0):
 PSYoungGen      total 71680K, used 71328K [0x00000000fb800000, 0x0000000100000000, 0x0000000100000000)
  eden space 70656K, 100% used [0x00000000fb800000,0x00000000ffd00000,0x00000000ffd00000)
  from space 1024K, 65% used [0x00000000fff00000,0x00000000fffa8000,0x0000000100000000)
  to   space 1536K, 0% used [0x00000000ffd00000,0x00000000ffd00000,0x00000000ffe80000)
 ParOldGen       total 114688K, used 58761K [0x00000000f4800000, 0x00000000fb800000, 0x00000000fb800000)
  object space 114688K, 51% used [0x00000000f4800000,0x00000000f8162500,0x00000000fb800000)
 Metaspace       used 74904K, capacity 79146K, committed 79488K, reserved 1118208K
  class space    used 9512K, capacity 10272K, committed 10368K, reserved 1048576K
2024-06-11T20:47:04.675+0800: 483.888: [GC (Allocation Failure) [PSYoungGen: 71328K->512K(72192K)] 130089K->59513K(186880K), 0.0047548 secs] [Times: user=0.01 sys=0.00, real=0.00 secs] 
Heap after GC invocations=125 (full 0):
 PSYoungGen      total 72192K, used 512K [0x00000000fb800000, 0x0000000100000000, 0x0000000100000000)
  eden space 70656K, 0% used [0x00000000fb800000,0x00000000fb800000,0x00000000ffd00000)
  from space 1536K, 33% used [0x00000000ffd00000,0x00000000ffd80000,0x00000000ffe80000)
  to   space 1536K, 0% used [0x00000000ffe80000,0x00000000ffe80000,0x0000000100000000)
 ParOldGen       total 114688K, used 59001K [0x00000000f4800000, 0x00000000fb800000, 0x00000000fb800000)
  object space 114688K, 51% used [0x00000000f4800000,0x00000000f819e500,0x00000000fb800000)
 Metaspace       used 74904K, capacity 79146K, committed 79488K, reserved 1118208K
  class space    used 9512K, capacity 10272K, committed 10368K, reserved 1048576K
}
{Heap before GC invocations=126 (full 0):
 PSYoungGen      total 72192K, used 71168K [0x00000000fb800000, 0x0000000100000000, 0x0000000100000000)
  eden space 70656K, 100% used [0x00000000fb800000,0x00000000ffd00000,0x00000000ffd00000)
  from space 1536K, 33% used [0x00000000ffd00000,0x00000000ffd80000,0x00000000ffe80000)
  to   space 1536K, 0% used [0x00000000ffe80000,0x00000000ffe80000,0x0000000100000000)
 ParOldGen       total 114688K, used 59001K [0x00000000f4800000, 0x00000000fb800000, 0x00000000fb800000)
  object space 114688K, 51% used [0x00000000f4800000,0x00000000f819e500,0x00000000fb800000)
 Metaspace       used 74910K, capacity 79146K, committed 79488K, reserved 1118208K
  class space    used 9512K, capacity 10272K, committed 10368K, reserved 1048576K
2024-06-11T20:47:09.153+0800: 488.366: [GC (Allocation Failure) [PSYoungGen: 71168K->758K(72192K)] 130169K->59847K(186880K), 0.0044448 secs] [Times: user=0.01 sys=0.00, real=0.00 secs] 
Heap after GC invocations=126 (full 0):
 PSYoungGen      total 72192K, used 758K [0x00000000fb800000, 0x0000000100000000, 0x0000000100000000)
  eden space 70656K, 0% used [0x00000000fb800000,0x00000000fb800000,0x00000000ffd00000)
  from space 1536K, 49% used [0x00000000ffe80000,0x00000000fff3d888,0x0000000100000000)
  to   space 1536K, 0% used [0x00000000ffd00000,0x00000000ffd00000,0x00000000ffe80000)
 ParOldGen       total 114688K, used 59089K [0x00000000f4800000, 0x00000000fb800000, 0x00000000fb800000)
  object space 114688K, 51% used [0x00000000f4800000,0x00000000f81b4500,0x00000000fb800000)
 Metaspace       used 74910K, capacity 79146K, committed 79488K, reserved 1118208K
  class space    used 9512K, capacity 10272K, committed 10368K, reserved 1048576K
}
{Heap before GC invocations=127 (full 0):
 PSYoungGen      total 72192K, used 71414K [0x00000000fb800000, 0x0000000100000000, 0x0000000100000000)
  eden space 70656K, 100% used [0x00000000fb800000,0x00000000ffd00000,0x00000000ffd00000)
  from space 1536K, 49% used [0x00000000ffe80000,0x00000000fff3d888,0x0000000100000000)
  to   space 1536K, 0% used [0x00000000ffd00000,0x00000000ffd00000,0x00000000ffe80000)
 ParOldGen       total 114688K, used 59089K [0x00000000f4800000, 0x00000000fb800000, 0x00000000fb800000)
  object space 114688K, 51% used [0x00000000f4800000,0x00000000f81b4500,0x00000000fb800000)
 Metaspace       used 74910K, capacity 79146K, committed 79488K, reserved 1118208K
  class space    used 9512K, capacity 10272K, committed 10368K, reserved 1048576K
2024-06-11T20:47:13.590+0800: 492.803: [GC (Allocation Failure) [PSYoungGen: 71414K->480K(72192K)] 130503K->59649K(186880K), 0.0043622 secs] [Times: user=0.01 sys=0.00, real=0.01 secs] 
Heap after GC invocations=127 (full 0):
 PSYoungGen      total 72192K, used 480K [0x00000000fb800000, 0x0000000100000000, 0x0000000100000000)
  eden space 70656K, 0% used [0x00000000fb800000,0x00000000fb800000,0x00000000ffd00000)
  from space 1536K, 31% used [0x00000000ffd00000,0x00000000ffd78000,0x00000000ffe80000)
  to   space 1536K, 0% used [0x00000000ffe80000,0x00000000ffe80000,0x0000000100000000)
 ParOldGen       total 114688K, used 59169K [0x00000000f4800000, 0x00000000fb800000, 0x00000000fb800000)
  object space 114688K, 51% used [0x00000000f4800000,0x00000000f81c8500,0x00000000fb800000)
 Metaspace       used 74910K, capacity 79146K, committed 79488K, reserved 1118208K
  class space    used 9512K, capacity 10272K, committed 10368K, reserved 1048576K
}
{Heap before GC invocations=128 (full 0):
 PSYoungGen      total 72192K, used 71136K [0x00000000fb800000, 0x0000000100000000, 0x0000000100000000)
  eden space 70656K, 100% used [0x00000000fb800000,0x00000000ffd00000,0x00000000ffd00000)
  from space 1536K, 31% used [0x00000000ffd00000,0x00000000ffd78000,0x00000000ffe80000)
  to   space 1536K, 0% used [0x00000000ffe80000,0x00000000ffe80000,0x0000000100000000)
 ParOldGen       total 114688K, used 59169K [0x00000000f4800000, 0x00000000fb800000, 0x00000000fb800000)
  object space 114688K, 51% used [0x00000000f4800000,0x00000000f81c8500,0x00000000fb800000)
 Metaspace       used 74910K, capacity 79146K, committed 79488K, reserved 1118208K
  class space    used 9512K, capacity 10272K, committed 10368K, reserved 1048576K
2024-06-11T20:47:17.894+0800: 497.108: [GC (Allocation Failure) [PSYoungGen: 71136K->512K(72704K)] 130305K->59769K(187392K), 0.0045408 secs] [Times: user=0.01 sys=0.00, real=0.00 secs] 
Heap after GC invocations=128 (full 0):
 PSYoungGen      total 72704K, used 512K [0x00000000fb800000, 0x0000000100000000, 0x0000000100000000)
  eden space 71168K, 0% used [0x00000000fb800000,0x00000000fb800000,0x00000000ffd80000)
  from space 1536K, 33% used [0x00000000ffe80000,0x00000000fff00000,0x0000000100000000)
  to   space 1024K, 0% used [0x00000000ffd80000,0x00000000ffd80000,0x00000000ffe80000)
 ParOldGen       total 114688K, used 59257K [0x00000000f4800000, 0x00000000fb800000, 0x00000000fb800000)
  object space 114688K, 51% used [0x00000000f4800000,0x00000000f81de500,0x00000000fb800000)
 Metaspace       used 74910K, capacity 79146K, committed 79488K, reserved 1118208K
  class space    used 9512K, capacity 10272K, committed 10368K, reserved 1048576K
}
{Heap before GC invocations=129 (full 0):
 PSYoungGen      total 72704K, used 71680K [0x00000000fb800000, 0x0000000100000000, 0x0000000100000000)
  eden space 71168K, 100% used [0x00000000fb800000,0x00000000ffd80000,0x00000000ffd80000)
  from space 1536K, 33% used [0x00000000ffe80000,0x00000000fff00000,0x0000000100000000)
  to   space 1024K, 0% used [0x00000000ffd80000,0x00000000ffd80000,0x00000000ffe80000)
 ParOldGen       total 114688K, used 59257K [0x00000000f4800000, 0x00000000fb800000, 0x00000000fb800000)
  object space 114688K, 51% used [0x00000000f4800000,0x00000000f81de500,0x00000000fb800000)
 Metaspace       used 74915K, capacity 79146K, committed 79488K, reserved 1118208K
  class space    used 9512K, capacity 10272K, committed 10368K, reserved 1048576K
2024-06-11T20:47:22.032+0800: 501.245: [GC (Allocation Failure) [PSYoungGen: 71680K->544K(72192K)] 130937K->59881K(186880K), 0.0053108 secs] [Times: user=0.00 sys=0.00, real=0.00 secs] 
Heap after GC invocations=129 (full 0):
 PSYoungGen      total 72192K, used 544K [0x00000000fb800000, 0x0000000100000000, 0x0000000100000000)
  eden space 71168K, 0% used [0x00000000fb800000,0x00000000fb800000,0x00000000ffd80000)
  from space 1024K, 53% used [0x00000000ffd80000,0x00000000ffe08000,0x00000000ffe80000)
  to   space 1024K, 0% used [0x00000000fff00000,0x00000000fff00000,0x0000000100000000)
 ParOldGen       total 114688K, used 59337K [0x00000000f4800000, 0x00000000fb800000, 0x00000000fb800000)
  object space 114688K, 51% used [0x00000000f4800000,0x00000000f81f2500,0x00000000fb800000)
 Metaspace       used 74915K, capacity 79146K, committed 79488K, reserved 1118208K
  class space    used 9512K, capacity 10272K, committed 10368K, reserved 1048576K
}
{Heap before GC invocations=130 (full 0):
 PSYoungGen      total 72192K, used 71712K [0x00000000fb800000, 0x0000000100000000, 0x0000000100000000)
  eden space 71168K, 100% used [0x00000000fb800000,0x00000000ffd80000,0x00000000ffd80000)
  from space 1024K, 53% used [0x00000000ffd80000,0x00000000ffe08000,0x00000000ffe80000)
  to   space 1024K, 0% used [0x00000000fff00000,0x00000000fff00000,0x0000000100000000)
 ParOldGen       total 114688K, used 59337K [0x00000000f4800000, 0x00000000fb800000, 0x00000000fb800000)
  object space 114688K, 51% used [0x00000000f4800000,0x00000000f81f2500,0x00000000fb800000)
 Metaspace       used 74922K, capacity 79150K, committed 79488K, reserved 1118208K
  class space    used 9512K, capacity 10272K, committed 10368K, reserved 1048576K
2024-06-11T20:47:26.512+0800: 505.725: [GC (Allocation Failure) [PSYoungGen: 71712K->512K(72704K)] 131049K->59937K(187392K), 0.0045268 secs] [Times: user=0.00 sys=0.00, real=0.00 secs] 
Heap after GC invocations=130 (full 0):
 PSYoungGen      total 72704K, used 512K [0x00000000fb800000, 0x0000000100000000, 0x0000000100000000)
  eden space 71680K, 0% used [0x00000000fb800000,0x00000000fb800000,0x00000000ffe00000)
  from space 1024K, 50% used [0x00000000fff00000,0x00000000fff80000,0x0000000100000000)
  to   space 1024K, 0% used [0x00000000ffe00000,0x00000000ffe00000,0x00000000fff00000)
 ParOldGen       total 114688K, used 59425K [0x00000000f4800000, 0x00000000fb800000, 0x00000000fb800000)
  object space 114688K, 51% used [0x00000000f4800000,0x00000000f8208500,0x00000000fb800000)
 Metaspace       used 74922K, capacity 79150K, committed 79488K, reserved 1118208K
  class space    used 9512K, capacity 10272K, committed 10368K, reserved 1048576K
}
{Heap before GC invocations=131 (full 0):
 PSYoungGen      total 72704K, used 72192K [0x00000000fb800000, 0x0000000100000000, 0x0000000100000000)
  eden space 71680K, 100% used [0x00000000fb800000,0x00000000ffe00000,0x00000000ffe00000)
  from space 1024K, 50% used [0x00000000fff00000,0x00000000fff80000,0x0000000100000000)
  to   space 1024K, 0% used [0x00000000ffe00000,0x00000000ffe00000,0x00000000fff00000)
 ParOldGen       total 114688K, used 59425K [0x00000000f4800000, 0x00000000fb800000, 0x00000000fb800000)
  object space 114688K, 51% used [0x00000000f4800000,0x00000000f8208500,0x00000000fb800000)
 Metaspace       used 74922K, capacity 79150K, committed 79488K, reserved 1118208K
  class space    used 9512K, capacity 10272K, committed 10368K, reserved 1048576K
2024-06-11T20:47:31.034+0800: 510.247: [GC (Allocation Failure) [PSYoungGen: 72192K->544K(72704K)] 131617K->60049K(187392K), 0.0043299 secs] [Times: user=0.01 sys=0.00, real=0.00 secs] 
Heap after GC invocations=131 (full 0):
 PSYoungGen      total 72704K, used 544K [0x00000000fb800000, 0x0000000100000000, 0x0000000100000000)
  eden space 71680K, 0% used [0x00000000fb800000,0x00000000fb800000,0x00000000ffe00000)
  from space 1024K, 53% used [0x00000000ffe00000,0x00000000ffe88000,0x00000000fff00000)
  to   space 1024K, 0% used [0x00000000fff00000,0x00000000fff00000,0x0000000100000000)
 ParOldGen       total 114688K, used 59505K [0x00000000f4800000, 0x00000000fb800000, 0x00000000fb800000)
  object space 114688K, 51% used [0x00000000f4800000,0x00000000f821c500,0x00000000fb800000)
 Metaspace       used 74922K, capacity 79150K, committed 79488K, reserved 1118208K
  class space    used 9512K, capacity 10272K, committed 10368K, reserved 1048576K
}
{Heap before GC invocations=132 (full 0):
 PSYoungGen      total 72704K, used 72224K [0x00000000fb800000, 0x0000000100000000, 0x0000000100000000)
  eden space 71680K, 100% used [0x00000000fb800000,0x00000000ffe00000,0x00000000ffe00000)
  from space 1024K, 53% used [0x00000000ffe00000,0x00000000ffe88000,0x00000000fff00000)
  to   space 1024K, 0% used [0x00000000fff00000,0x00000000fff00000,0x0000000100000000)
 ParOldGen       total 114688K, used 59505K [0x00000000f4800000, 0x00000000fb800000, 0x00000000fb800000)
  object space 114688K, 51% used [0x00000000f4800000,0x00000000f821c500,0x00000000fb800000)
 Metaspace       used 74922K, capacity 79150K, committed 79488K, reserved 1118208K
  class space    used 9512K, capacity 10272K, committed 10368K, reserved 1048576K
2024-06-11T20:47:35.274+0800: 514.487: [GC (Allocation Failure) [PSYoungGen: 72224K->544K(72704K)] 131729K->60137K(187392K), 0.0053224 secs] [Times: user=0.00 sys=0.00, real=0.00 secs] 
Heap after GC invocations=132 (full 0):
 PSYoungGen      total 72704K, used 544K [0x00000000fb800000, 0x0000000100000000, 0x0000000100000000)
  eden space 71680K, 0% used [0x00000000fb800000,0x00000000fb800000,0x00000000ffe00000)
  from space 1024K, 53% used [0x00000000fff00000,0x00000000fff88000,0x0000000100000000)
  to   space 1024K, 0% used [0x00000000ffe00000,0x00000000ffe00000,0x00000000fff00000)
 ParOldGen       total 114688K, used 59593K [0x00000000f4800000, 0x00000000fb800000, 0x00000000fb800000)
  object space 114688K, 51% used [0x00000000f4800000,0x00000000f8232500,0x00000000fb800000)
 Metaspace       used 74922K, capacity 79150K, committed 79488K, reserved 1118208K
  class space    used 9512K, capacity 10272K, committed 10368K, reserved 1048576K
}
{Heap before GC invocations=133 (full 0):
 PSYoungGen      total 72704K, used 72224K [0x00000000fb800000, 0x0000000100000000, 0x0000000100000000)
  eden space 71680K, 100% used [0x00000000fb800000,0x00000000ffe00000,0x00000000ffe00000)
  from space 1024K, 53% used [0x00000000fff00000,0x00000000fff88000,0x0000000100000000)
  to   space 1024K, 0% used [0x00000000ffe00000,0x00000000ffe00000,0x00000000fff00000)
 ParOldGen       total 114688K, used 59593K [0x00000000f4800000, 0x00000000fb800000, 0x00000000fb800000)
  object space 114688K, 51% used [0x00000000f4800000,0x00000000f8232500,0x00000000fb800000)
 Metaspace       used 74925K, capacity 79150K, committed 79488K, reserved 1118208K
  class space    used 9512K, capacity 10272K, committed 10368K, reserved 1048576K
2024-06-11T20:47:39.636+0800: 518.850: [GC (Allocation Failure) [PSYoungGen: 72224K->512K(72704K)] 131817K->60185K(187392K), 0.0044286 secs] [Times: user=0.01 sys=0.00, real=0.01 secs] 
Heap after GC invocations=133 (full 0):
 PSYoungGen      total 72704K, used 512K [0x00000000fb800000, 0x0000000100000000, 0x0000000100000000)
  eden space 71680K, 0% used [0x00000000fb800000,0x00000000fb800000,0x00000000ffe00000)
  from space 1024K, 50% used [0x00000000ffe00000,0x00000000ffe80000,0x00000000fff00000)
  to   space 1024K, 0% used [0x00000000fff00000,0x00000000fff00000,0x0000000100000000)
 ParOldGen       total 114688K, used 59673K [0x00000000f4800000, 0x00000000fb800000, 0x00000000fb800000)
  object space 114688K, 52% used [0x00000000f4800000,0x00000000f8246500,0x00000000fb800000)
 Metaspace       used 74925K, capacity 79150K, committed 79488K, reserved 1118208K
  class space    used 9512K, capacity 10272K, committed 10368K, reserved 1048576K
}
{Heap before GC invocations=134 (full 0):
 PSYoungGen      total 72704K, used 72192K [0x00000000fb800000, 0x0000000100000000, 0x0000000100000000)
  eden space 71680K, 100% used [0x00000000fb800000,0x00000000ffe00000,0x00000000ffe00000)
  from space 1024K, 50% used [0x00000000ffe00000,0x00000000ffe80000,0x00000000fff00000)
  to   space 1024K, 0% used [0x00000000fff00000,0x00000000fff00000,0x0000000100000000)
 ParOldGen       total 114688K, used 59673K [0x00000000f4800000, 0x00000000fb800000, 0x00000000fb800000)
  object space 114688K, 52% used [0x00000000f4800000,0x00000000f8246500,0x00000000fb800000)
 Metaspace       used 74925K, capacity 79150K, committed 79488K, reserved 1118208K
  class space    used 9512K, capacity 10272K, committed 10368K, reserved 1048576K
2024-06-11T20:47:44.061+0800: 523.274: [GC (Allocation Failure) [PSYoungGen: 72192K->512K(72704K)] 131865K->60273K(187392K), 0.0047368 secs] [Times: user=0.01 sys=0.00, real=0.00 secs] 
Heap after GC invocations=134 (full 0):
 PSYoungGen      total 72704K, used 512K [0x00000000fb800000, 0x0000000100000000, 0x0000000100000000)
  eden space 71680K, 0% used [0x00000000fb800000,0x00000000fb800000,0x00000000ffe00000)
  from space 1024K, 50% used [0x00000000fff00000,0x00000000fff80000,0x0000000100000000)
  to   space 1024K, 0% used [0x00000000ffe00000,0x00000000ffe00000,0x00000000fff00000)
 ParOldGen       total 114688K, used 59761K [0x00000000f4800000, 0x00000000fb800000, 0x00000000fb800000)
  object space 114688K, 52% used [0x00000000f4800000,0x00000000f825c500,0x00000000fb800000)
 Metaspace       used 74925K, capacity 79150K, committed 79488K, reserved 1118208K
  class space    used 9512K, capacity 10272K, committed 10368K, reserved 1048576K
}
{Heap before GC invocations=135 (full 0):
 PSYoungGen      total 72704K, used 72192K [0x00000000fb800000, 0x0000000100000000, 0x0000000100000000)
  eden space 71680K, 100% used [0x00000000fb800000,0x00000000ffe00000,0x00000000ffe00000)
  from space 1024K, 50% used [0x00000000fff00000,0x00000000fff80000,0x0000000100000000)
  to   space 1024K, 0% used [0x00000000ffe00000,0x00000000ffe00000,0x00000000fff00000)
 ParOldGen       total 114688K, used 59761K [0x00000000f4800000, 0x00000000fb800000, 0x00000000fb800000)
  object space 114688K, 52% used [0x00000000f4800000,0x00000000f825c500,0x00000000fb800000)
 Metaspace       used 74925K, capacity 79150K, committed 79488K, reserved 1118208K
  class space    used 9512K, capacity 10272K, committed 10368K, reserved 1048576K
2024-06-11T20:47:48.406+0800: 527.619: [GC (Allocation Failure) [PSYoungGen: 72192K->480K(72704K)] 131953K->60329K(187392K), 0.0045337 secs] [Times: user=0.00 sys=0.00, real=0.00 secs] 
Heap after GC invocations=135 (full 0):
 PSYoungGen      total 72704K, used 480K [0x00000000fb800000, 0x0000000100000000, 0x0000000100000000)
  eden space 71680K, 0% used [0x00000000fb800000,0x00000000fb800000,0x00000000ffe00000)
  from space 1024K, 46% used [0x00000000ffe00000,0x00000000ffe78000,0x00000000fff00000)
  to   space 1024K, 0% used [0x00000000fff00000,0x00000000fff00000,0x0000000100000000)
 ParOldGen       total 114688K, used 59849K [0x00000000f4800000, 0x00000000fb800000, 0x00000000fb800000)
  object space 114688K, 52% used [0x00000000f4800000,0x00000000f8272500,0x00000000fb800000)
 Metaspace       used 74925K, capacity 79150K, committed 79488K, reserved 1118208K
  class space    used 9512K, capacity 10272K, committed 10368K, reserved 1048576K
}
{Heap before GC invocations=136 (full 0):
 PSYoungGen      total 72704K, used 72160K [0x00000000fb800000, 0x0000000100000000, 0x0000000100000000)
  eden space 71680K, 100% used [0x00000000fb800000,0x00000000ffe00000,0x00000000ffe00000)
  from space 1024K, 46% used [0x00000000ffe00000,0x00000000ffe78000,0x00000000fff00000)
  to   space 1024K, 0% used [0x00000000fff00000,0x00000000fff00000,0x0000000100000000)
 ParOldGen       total 114688K, used 59849K [0x00000000f4800000, 0x00000000fb800000, 0x00000000fb800000)
  object space 114688K, 52% used [0x00000000f4800000,0x00000000f8272500,0x00000000fb800000)
 Metaspace       used 74927K, capacity 79150K, committed 79488K, reserved 1118208K
  class space    used 9512K, capacity 10272K, committed 10368K, reserved 1048576K
2024-06-11T20:47:52.709+0800: 531.922: [GC (Allocation Failure) [PSYoungGen: 72160K->512K(72704K)] 132009K->60441K(187392K), 0.0054059 secs] [Times: user=0.00 sys=0.00, real=0.01 secs] 
Heap after GC invocations=136 (full 0):
 PSYoungGen      total 72704K, used 512K [0x00000000fb800000, 0x0000000100000000, 0x0000000100000000)
  eden space 71680K, 0% used [0x00000000fb800000,0x00000000fb800000,0x00000000ffe00000)
  from space 1024K, 50% used [0x00000000fff00000,0x00000000fff80000,0x0000000100000000)
  to   space 1024K, 0% used [0x00000000ffe00000,0x00000000ffe00000,0x00000000fff00000)
 ParOldGen       total 114688K, used 59929K [0x00000000f4800000, 0x00000000fb800000, 0x00000000fb800000)
  object space 114688K, 52% used [0x00000000f4800000,0x00000000f8286500,0x00000000fb800000)
 Metaspace       used 74927K, capacity 79150K, committed 79488K, reserved 1118208K
  class space    used 9512K, capacity 10272K, committed 10368K, reserved 1048576K
}
{Heap before GC invocations=137 (full 0):
 PSYoungGen      total 72704K, used 72192K [0x00000000fb800000, 0x0000000100000000, 0x0000000100000000)
  eden space 71680K, 100% used [0x00000000fb800000,0x00000000ffe00000,0x00000000ffe00000)
  from space 1024K, 50% used [0x00000000fff00000,0x00000000fff80000,0x0000000100000000)
  to   space 1024K, 0% used [0x00000000ffe00000,0x00000000ffe00000,0x00000000fff00000)
 ParOldGen       total 114688K, used 59929K [0x00000000f4800000, 0x00000000fb800000, 0x00000000fb800000)
  object space 114688K, 52% used [0x00000000f4800000,0x00000000f8286500,0x00000000fb800000)
 Metaspace       used 74928K, capacity 79150K, committed 79488K, reserved 1118208K
  class space    used 9512K, capacity 10272K, committed 10368K, reserved 1048576K
2024-06-11T20:47:57.342+0800: 536.555: [GC (Allocation Failure) [PSYoungGen: 72192K->1024K(72704K)] 132121K->61257K(187392K), 0.0054196 secs] [Times: user=0.01 sys=0.00, real=0.00 secs] 
Heap after GC invocations=137 (full 0):
 PSYoungGen      total 72704K, used 1024K [0x00000000fb800000, 0x0000000100000000, 0x0000000100000000)
  eden space 71680K, 0% used [0x00000000fb800000,0x00000000fb800000,0x00000000ffe00000)
  from space 1024K, 100% used [0x00000000ffe00000,0x00000000fff00000,0x00000000fff00000)
  to   space 1024K, 0% used [0x00000000fff00000,0x00000000fff00000,0x0000000100000000)
 ParOldGen       total 114688K, used 60233K [0x00000000f4800000, 0x00000000fb800000, 0x00000000fb800000)
  object space 114688K, 52% used [0x00000000f4800000,0x00000000f82d2500,0x00000000fb800000)
 Metaspace       used 74928K, capacity 79150K, committed 79488K, reserved 1118208K
  class space    used 9512K, capacity 10272K, committed 10368K, reserved 1048576K
}
{Heap before GC invocations=138 (full 0):
 PSYoungGen      total 72704K, used 72704K [0x00000000fb800000, 0x0000000100000000, 0x0000000100000000)
  eden space 71680K, 100% used [0x00000000fb800000,0x00000000ffe00000,0x00000000ffe00000)
  from space 1024K, 100% used [0x00000000ffe00000,0x00000000fff00000,0x00000000fff00000)
  to   space 1024K, 0% used [0x00000000fff00000,0x00000000fff00000,0x0000000100000000)
 ParOldGen       total 114688K, used 60233K [0x00000000f4800000, 0x00000000fb800000, 0x00000000fb800000)
  object space 114688K, 52% used [0x00000000f4800000,0x00000000f82d2500,0x00000000fb800000)
 Metaspace       used 74928K, capacity 79150K, committed 79488K, reserved 1118208K
  class space    used 9512K, capacity 10272K, committed 10368K, reserved 1048576K
2024-06-11T20:48:01.552+0800: 540.765: [GC (Allocation Failure) [PSYoungGen: 72704K->736K(71680K)] 132937K->61921K(186368K), 0.0071146 secs] [Times: user=0.01 sys=0.00, real=0.00 secs] 
Heap after GC invocations=138 (full 0):
 PSYoungGen      total 71680K, used 736K [0x00000000fb800000, 0x0000000100000000, 0x0000000100000000)
  eden space 70656K, 0% used [0x00000000fb800000,0x00000000fb800000,0x00000000ffd00000)
  from space 1024K, 71% used [0x00000000fff00000,0x00000000fffb8000,0x0000000100000000)
  to   space 1536K, 0% used [0x00000000ffd00000,0x00000000ffd00000,0x00000000ffe80000)
 ParOldGen       total 114688K, used 61185K [0x00000000f4800000, 0x00000000fb800000, 0x00000000fb800000)
  object space 114688K, 53% used [0x00000000f4800000,0x00000000f83c0500,0x00000000fb800000)
 Metaspace       used 74928K, capacity 79150K, committed 79488K, reserved 1118208K
  class space    used 9512K, capacity 10272K, committed 10368K, reserved 1048576K
}
{Heap before GC invocations=139 (full 0):
 PSYoungGen      total 71680K, used 71392K [0x00000000fb800000, 0x0000000100000000, 0x0000000100000000)
  eden space 70656K, 100% used [0x00000000fb800000,0x00000000ffd00000,0x00000000ffd00000)
  from space 1024K, 71% used [0x00000000fff00000,0x00000000fffb8000,0x0000000100000000)
  to   space 1536K, 0% used [0x00000000ffd00000,0x00000000ffd00000,0x00000000ffe80000)
 ParOldGen       total 114688K, used 61185K [0x00000000f4800000, 0x00000000fb800000, 0x00000000fb800000)
  object space 114688K, 53% used [0x00000000f4800000,0x00000000f83c0500,0x00000000fb800000)
 Metaspace       used 74929K, capacity 79150K, committed 79488K, reserved 1118208K
  class space    used 9512K, capacity 10272K, committed 10368K, reserved 1048576K
2024-06-11T20:48:05.981+0800: 545.194: [GC (Allocation Failure) [PSYoungGen: 71392K->544K(72192K)] 132577K->62033K(186880K), 0.0049348 secs] [Times: user=0.01 sys=0.00, real=0.00 secs] 
Heap after GC invocations=139 (full 0):
 PSYoungGen      total 72192K, used 544K [0x00000000fb800000, 0x0000000100000000, 0x0000000100000000)
  eden space 70656K, 0% used [0x00000000fb800000,0x00000000fb800000,0x00000000ffd00000)
  from space 1536K, 35% used [0x00000000ffd00000,0x00000000ffd88000,0x00000000ffe80000)
  to   space 1024K, 0% used [0x00000000fff00000,0x00000000fff00000,0x0000000100000000)
 ParOldGen       total 114688K, used 61489K [0x00000000f4800000, 0x00000000fb800000, 0x00000000fb800000)
  object space 114688K, 53% used [0x00000000f4800000,0x00000000f840c500,0x00000000fb800000)
 Metaspace       used 74929K, capacity 79150K, committed 79488K, reserved 1118208K
  class space    used 9512K, capacity 10272K, committed 10368K, reserved 1048576K
}
{Heap before GC invocations=140 (full 0):
 PSYoungGen      total 72192K, used 71200K [0x00000000fb800000, 0x0000000100000000, 0x0000000100000000)
  eden space 70656K, 100% used [0x00000000fb800000,0x00000000ffd00000,0x00000000ffd00000)
  from space 1536K, 35% used [0x00000000ffd00000,0x00000000ffd88000,0x00000000ffe80000)
  to   space 1024K, 0% used [0x00000000fff00000,0x00000000fff00000,0x0000000100000000)
 ParOldGen       total 114688K, used 61489K [0x00000000f4800000, 0x00000000fb800000, 0x00000000fb800000)
  object space 114688K, 53% used [0x00000000f4800000,0x00000000f840c500,0x00000000fb800000)
 Metaspace       used 74930K, capacity 79150K, committed 79488K, reserved 1118208K
  class space    used 9512K, capacity 10272K, committed 10368K, reserved 1048576K
2024-06-11T20:48:10.259+0800: 549.472: [GC (Allocation Failure) [PSYoungGen: 71200K->544K(72704K)] 132689K->62121K(187392K), 0.0045806 secs] [Times: user=0.00 sys=0.01, real=0.01 secs] 
Heap after GC invocations=140 (full 0):
 PSYoungGen      total 72704K, used 544K [0x00000000fb800000, 0x0000000100000000, 0x0000000100000000)
  eden space 71680K, 0% used [0x00000000fb800000,0x00000000fb800000,0x00000000ffe00000)
  from space 1024K, 53% used [0x00000000fff00000,0x00000000fff88000,0x0000000100000000)
  to   space 1024K, 0% used [0x00000000ffe00000,0x00000000ffe00000,0x00000000fff00000)
 ParOldGen       total 114688K, used 61577K [0x00000000f4800000, 0x00000000fb800000, 0x00000000fb800000)
  object space 114688K, 53% used [0x00000000f4800000,0x00000000f8422500,0x00000000fb800000)
 Metaspace       used 74930K, capacity 79150K, committed 79488K, reserved 1118208K
  class space    used 9512K, capacity 10272K, committed 10368K, reserved 1048576K
}
{Heap before GC invocations=141 (full 0):
 PSYoungGen      total 72704K, used 72224K [0x00000000fb800000, 0x0000000100000000, 0x0000000100000000)
  eden space 71680K, 100% used [0x00000000fb800000,0x00000000ffe00000,0x00000000ffe00000)
  from space 1024K, 53% used [0x00000000fff00000,0x00000000fff88000,0x0000000100000000)
  to   space 1024K, 0% used [0x00000000ffe00000,0x00000000ffe00000,0x00000000fff00000)
 ParOldGen       total 114688K, used 61577K [0x00000000f4800000, 0x00000000fb800000, 0x00000000fb800000)
  object space 114688K, 53% used [0x00000000f4800000,0x00000000f8422500,0x00000000fb800000)
 Metaspace       used 74935K, capacity 79150K, committed 79488K, reserved 1118208K
  class space    used 9512K, capacity 10272K, committed 10368K, reserved 1048576K
2024-06-11T20:48:14.592+0800: 553.805: [GC (Allocation Failure) [PSYoungGen: 72224K->512K(72704K)] 133801K->62169K(187392K), 0.0043943 secs] [Times: user=0.01 sys=0.00, real=0.00 secs] 
Heap after GC invocations=141 (full 0):
 PSYoungGen      total 72704K, used 512K [0x00000000fb800000, 0x0000000100000000, 0x0000000100000000)
  eden space 71680K, 0% used [0x00000000fb800000,0x00000000fb800000,0x00000000ffe00000)
  from space 1024K, 50% used [0x00000000ffe00000,0x00000000ffe80000,0x00000000fff00000)
  to   space 1024K, 0% used [0x00000000fff00000,0x00000000fff00000,0x0000000100000000)
 ParOldGen       total 114688K, used 61657K [0x00000000f4800000, 0x00000000fb800000, 0x00000000fb800000)
  object space 114688K, 53% used [0x00000000f4800000,0x00000000f8436500,0x00000000fb800000)
 Metaspace       used 74935K, capacity 79150K, committed 79488K, reserved 1118208K
  class space    used 9512K, capacity 10272K, committed 10368K, reserved 1048576K
}
{Heap before GC invocations=142 (full 0):
 PSYoungGen      total 72704K, used 72192K [0x00000000fb800000, 0x0000000100000000, 0x0000000100000000)
  eden space 71680K, 100% used [0x00000000fb800000,0x00000000ffe00000,0x00000000ffe00000)
  from space 1024K, 50% used [0x00000000ffe00000,0x00000000ffe80000,0x00000000fff00000)
  to   space 1024K, 0% used [0x00000000fff00000,0x00000000fff00000,0x0000000100000000)
 ParOldGen       total 114688K, used 61657K [0x00000000f4800000, 0x00000000fb800000, 0x00000000fb800000)
  object space 114688K, 53% used [0x00000000f4800000,0x00000000f8436500,0x00000000fb800000)
 Metaspace       used 74935K, capacity 79150K, committed 79488K, reserved 1118208K
  class space    used 9512K, capacity 10272K, committed 10368K, reserved 1048576K
2024-06-11T20:48:18.971+0800: 558.184: [GC (Allocation Failure) [PSYoungGen: 72192K->544K(72704K)] 133849K->62281K(187392K), 0.0053431 secs] [Times: user=0.00 sys=0.00, real=0.00 secs] 
Heap after GC invocations=142 (full 0):
 PSYoungGen      total 72704K, used 544K [0x00000000fb800000, 0x0000000100000000, 0x0000000100000000)
  eden space 71680K, 0% used [0x00000000fb800000,0x00000000fb800000,0x00000000ffe00000)
  from space 1024K, 53% used [0x00000000fff00000,0x00000000fff88000,0x0000000100000000)
  to   space 1024K, 0% used [0x00000000ffe00000,0x00000000ffe00000,0x00000000fff00000)
 ParOldGen       total 114688K, used 61737K [0x00000000f4800000, 0x00000000fb800000, 0x00000000fb800000)
  object space 114688K, 53% used [0x00000000f4800000,0x00000000f844a500,0x00000000fb800000)
 Metaspace       used 74935K, capacity 79150K, committed 79488K, reserved 1118208K
  class space    used 9512K, capacity 10272K, committed 10368K, reserved 1048576K
}
{Heap before GC invocations=143 (full 0):
 PSYoungGen      total 72704K, used 72224K [0x00000000fb800000, 0x0000000100000000, 0x0000000100000000)
  eden space 71680K, 100% used [0x00000000fb800000,0x00000000ffe00000,0x00000000ffe00000)
  from space 1024K, 53% used [0x00000000fff00000,0x00000000fff88000,0x0000000100000000)
  to   space 1024K, 0% used [0x00000000ffe00000,0x00000000ffe00000,0x00000000fff00000)
 ParOldGen       total 114688K, used 61737K [0x00000000f4800000, 0x00000000fb800000, 0x00000000fb800000)
  object space 114688K, 53% used [0x00000000f4800000,0x00000000f844a500,0x00000000fb800000)
 Metaspace       used 74935K, capacity 79150K, committed 79488K, reserved 1118208K
  class space    used 9512K, capacity 10272K, committed 10368K, reserved 1048576K
2024-06-11T20:48:23.372+0800: 562.585: [GC (Allocation Failure) [PSYoungGen: 72224K->480K(72704K)] 133961K->62305K(187392K), 0.0050076 secs] [Times: user=0.00 sys=0.00, real=0.00 secs] 
Heap after GC invocations=143 (full 0):
 PSYoungGen      total 72704K, used 480K [0x00000000fb800000, 0x0000000100000000, 0x0000000100000000)
  eden space 71680K, 0% used [0x00000000fb800000,0x00000000fb800000,0x00000000ffe00000)
  from space 1024K, 46% used [0x00000000ffe00000,0x00000000ffe78000,0x00000000fff00000)
  to   space 1024K, 0% used [0x00000000fff00000,0x00000000fff00000,0x0000000100000000)
 ParOldGen       total 114688K, used 61825K [0x00000000f4800000, 0x00000000fb800000, 0x00000000fb800000)
  object space 114688K, 53% used [0x00000000f4800000,0x00000000f8460500,0x00000000fb800000)
 Metaspace       used 74935K, capacity 79150K, committed 79488K, reserved 1118208K
  class space    used 9512K, capacity 10272K, committed 10368K, reserved 1048576K
}
{Heap before GC invocations=144 (full 0):
 PSYoungGen      total 72704K, used 72160K [0x00000000fb800000, 0x0000000100000000, 0x0000000100000000)
  eden space 71680K, 100% used [0x00000000fb800000,0x00000000ffe00000,0x00000000ffe00000)
  from space 1024K, 46% used [0x00000000ffe00000,0x00000000ffe78000,0x00000000fff00000)
  to   space 1024K, 0% used [0x00000000fff00000,0x00000000fff00000,0x0000000100000000)
 ParOldGen       total 114688K, used 61825K [0x00000000f4800000, 0x00000000fb800000, 0x00000000fb800000)
  object space 114688K, 53% used [0x00000000f4800000,0x00000000f8460500,0x00000000fb800000)
 Metaspace       used 74936K, capacity 79150K, committed 79488K, reserved 1118208K
  class space    used 9512K, capacity 10272K, committed 10368K, reserved 1048576K
2024-06-11T20:48:27.732+0800: 566.946: [GC (Allocation Failure) [PSYoungGen: 72160K->512K(72704K)] 133985K->62425K(187392K), 0.0043735 secs] [Times: user=0.00 sys=0.00, real=0.00 secs] 
Heap after GC invocations=144 (full 0):
 PSYoungGen      total 72704K, used 512K [0x00000000fb800000, 0x0000000100000000, 0x0000000100000000)
  eden space 71680K, 0% used [0x00000000fb800000,0x00000000fb800000,0x00000000ffe00000)
  from space 1024K, 50% used [0x00000000fff00000,0x00000000fff80000,0x0000000100000000)
  to   space 1024K, 0% used [0x00000000ffe00000,0x00000000ffe00000,0x00000000fff00000)
 ParOldGen       total 114688K, used 61913K [0x00000000f4800000, 0x00000000fb800000, 0x00000000fb800000)
  object space 114688K, 53% used [0x00000000f4800000,0x00000000f8476500,0x00000000fb800000)
 Metaspace       used 74936K, capacity 79150K, committed 79488K, reserved 1118208K
  class space    used 9512K, capacity 10272K, committed 10368K, reserved 1048576K
}
{Heap before GC invocations=145 (full 0):
 PSYoungGen      total 72704K, used 72192K [0x00000000fb800000, 0x0000000100000000, 0x0000000100000000)
  eden space 71680K, 100% used [0x00000000fb800000,0x00000000ffe00000,0x00000000ffe00000)
  from space 1024K, 50% used [0x00000000fff00000,0x00000000fff80000,0x0000000100000000)
  to   space 1024K, 0% used [0x00000000ffe00000,0x00000000ffe00000,0x00000000fff00000)
 ParOldGen       total 114688K, used 61913K [0x00000000f4800000, 0x00000000fb800000, 0x00000000fb800000)
  object space 114688K, 53% used [0x00000000f4800000,0x00000000f8476500,0x00000000fb800000)
 Metaspace       used 74937K, capacity 79150K, committed 79488K, reserved 1118208K
  class space    used 9512K, capacity 10272K, committed 10368K, reserved 1048576K
2024-06-11T20:48:32.143+0800: 571.356: [GC (Allocation Failure) [PSYoungGen: 72192K->512K(72704K)] 134105K->62513K(187392K), 0.0044742 secs] [Times: user=0.01 sys=0.00, real=0.00 secs] 
Heap after GC invocations=145 (full 0):
 PSYoungGen      total 72704K, used 512K [0x00000000fb800000, 0x0000000100000000, 0x0000000100000000)
  eden space 71680K, 0% used [0x00000000fb800000,0x00000000fb800000,0x00000000ffe00000)
  from space 1024K, 50% used [0x00000000ffe00000,0x00000000ffe80000,0x00000000fff00000)
  to   space 1024K, 0% used [0x00000000fff00000,0x00000000fff00000,0x0000000100000000)
 ParOldGen       total 114688K, used 62001K [0x00000000f4800000, 0x00000000fb800000, 0x00000000fb800000)
  object space 114688K, 54% used [0x00000000f4800000,0x00000000f848c500,0x00000000fb800000)
 Metaspace       used 74937K, capacity 79150K, committed 79488K, reserved 1118208K
  class space    used 9512K, capacity 10272K, committed 10368K, reserved 1048576K
}
{Heap before GC invocations=146 (full 0):
 PSYoungGen      total 72704K, used 72192K [0x00000000fb800000, 0x0000000100000000, 0x0000000100000000)
  eden space 71680K, 100% used [0x00000000fb800000,0x00000000ffe00000,0x00000000ffe00000)
  from space 1024K, 50% used [0x00000000ffe00000,0x00000000ffe80000,0x00000000fff00000)
  to   space 1024K, 0% used [0x00000000fff00000,0x00000000fff00000,0x0000000100000000)
 ParOldGen       total 114688K, used 62001K [0x00000000f4800000, 0x00000000fb800000, 0x00000000fb800000)
  object space 114688K, 54% used [0x00000000f4800000,0x00000000f848c500,0x00000000fb800000)
 Metaspace       used 74938K, capacity 79150K, committed 79488K, reserved 1118208K
  class space    used 9512K, capacity 10272K, committed 10368K, reserved 1048576K
2024-06-11T20:48:36.512+0800: 575.725: [GC (Allocation Failure) [PSYoungGen: 72192K->512K(72704K)] 134193K->62593K(187392K), 0.0046976 secs] [Times: user=0.01 sys=0.00, real=0.00 secs] 
Heap after GC invocations=146 (full 0):
 PSYoungGen      total 72704K, used 512K [0x00000000fb800000, 0x0000000100000000, 0x0000000100000000)
  eden space 71680K, 0% used [0x00000000fb800000,0x00000000fb800000,0x00000000ffe00000)
  from space 1024K, 50% used [0x00000000fff00000,0x00000000fff80000,0x0000000100000000)
  to   space 1024K, 0% used [0x00000000ffe00000,0x00000000ffe00000,0x00000000fff00000)
 ParOldGen       total 114688K, used 62081K [0x00000000f4800000, 0x00000000fb800000, 0x00000000fb800000)
  object space 114688K, 54% used [0x00000000f4800000,0x00000000f84a0500,0x00000000fb800000)
 Metaspace       used 74938K, capacity 79150K, committed 79488K, reserved 1118208K
  class space    used 9512K, capacity 10272K, committed 10368K, reserved 1048576K
}
{Heap before GC invocations=147 (full 0):
 PSYoungGen      total 72704K, used 72192K [0x00000000fb800000, 0x0000000100000000, 0x0000000100000000)
  eden space 71680K, 100% used [0x00000000fb800000,0x00000000ffe00000,0x00000000ffe00000)
  from space 1024K, 50% used [0x00000000fff00000,0x00000000fff80000,0x0000000100000000)
  to   space 1024K, 0% used [0x00000000ffe00000,0x00000000ffe00000,0x00000000fff00000)
 ParOldGen       total 114688K, used 62081K [0x00000000f4800000, 0x00000000fb800000, 0x00000000fb800000)
  object space 114688K, 54% used [0x00000000f4800000,0x00000000f84a0500,0x00000000fb800000)
 Metaspace       used 74943K, capacity 79150K, committed 79488K, reserved 1118208K
  class space    used 9512K, capacity 10272K, committed 10368K, reserved 1048576K
2024-06-11T20:48:40.908+0800: 580.121: [GC (Allocation Failure) [PSYoungGen: 72192K->512K(72704K)] 134273K->62681K(187392K), 0.0045732 secs] [Times: user=0.01 sys=0.00, real=0.01 secs] 
Heap after GC invocations=147 (full 0):
 PSYoungGen      total 72704K, used 512K [0x00000000fb800000, 0x0000000100000000, 0x0000000100000000)
  eden space 71680K, 0% used [0x00000000fb800000,0x00000000fb800000,0x00000000ffe00000)
  from space 1024K, 50% used [0x00000000ffe00000,0x00000000ffe80000,0x00000000fff00000)
  to   space 1024K, 0% used [0x00000000fff00000,0x00000000fff00000,0x0000000100000000)
 ParOldGen       total 114688K, used 62169K [0x00000000f4800000, 0x00000000fb800000, 0x00000000fb800000)
  object space 114688K, 54% used [0x00000000f4800000,0x00000000f84b6500,0x00000000fb800000)
 Metaspace       used 74943K, capacity 79150K, committed 79488K, reserved 1118208K
  class space    used 9512K, capacity 10272K, committed 10368K, reserved 1048576K
}
{Heap before GC invocations=148 (full 0):
 PSYoungGen      total 72704K, used 72192K [0x00000000fb800000, 0x0000000100000000, 0x0000000100000000)
  eden space 71680K, 100% used [0x00000000fb800000,0x00000000ffe00000,0x00000000ffe00000)
  from space 1024K, 50% used [0x00000000ffe00000,0x00000000ffe80000,0x00000000fff00000)
  to   space 1024K, 0% used [0x00000000fff00000,0x00000000fff00000,0x0000000100000000)
 ParOldGen       total 114688K, used 62169K [0x00000000f4800000, 0x00000000fb800000, 0x00000000fb800000)
  object space 114688K, 54% used [0x00000000f4800000,0x00000000f84b6500,0x00000000fb800000)
 Metaspace       used 74943K, capacity 79150K, committed 79488K, reserved 1118208K
  class space    used 9512K, capacity 10272K, committed 10368K, reserved 1048576K
2024-06-11T20:48:45.196+0800: 584.410: [GC (Allocation Failure) [PSYoungGen: 72192K->512K(72704K)] 134361K->62769K(187392K), 0.0047239 secs] [Times: user=0.01 sys=0.00, real=0.01 secs] 
Heap after GC invocations=148 (full 0):
 PSYoungGen      total 72704K, used 512K [0x00000000fb800000, 0x0000000100000000, 0x0000000100000000)
  eden space 71680K, 0% used [0x00000000fb800000,0x00000000fb800000,0x00000000ffe00000)
  from space 1024K, 50% used [0x00000000fff00000,0x00000000fff80000,0x0000000100000000)
  to   space 1024K, 0% used [0x00000000ffe00000,0x00000000ffe00000,0x00000000fff00000)
 ParOldGen       total 114688K, used 62257K [0x00000000f4800000, 0x00000000fb800000, 0x00000000fb800000)
  object space 114688K, 54% used [0x00000000f4800000,0x00000000f84cc500,0x00000000fb800000)
 Metaspace       used 74943K, capacity 79150K, committed 79488K, reserved 1118208K
  class space    used 9512K, capacity 10272K, committed 10368K, reserved 1048576K
}
{Heap before GC invocations=149 (full 0):
 PSYoungGen      total 72704K, used 72192K [0x00000000fb800000, 0x0000000100000000, 0x0000000100000000)
  eden space 71680K, 100% used [0x00000000fb800000,0x00000000ffe00000,0x00000000ffe00000)
  from space 1024K, 50% used [0x00000000fff00000,0x00000000fff80000,0x0000000100000000)
  to   space 1024K, 0% used [0x00000000ffe00000,0x00000000ffe00000,0x00000000fff00000)
 ParOldGen       total 114688K, used 62257K [0x00000000f4800000, 0x00000000fb800000, 0x00000000fb800000)
  object space 114688K, 54% used [0x00000000f4800000,0x00000000f84cc500,0x00000000fb800000)
 Metaspace       used 74945K, capacity 79150K, committed 79488K, reserved 1118208K
  class space    used 9512K, capacity 10272K, committed 10368K, reserved 1048576K
2024-06-11T20:48:49.509+0800: 588.722: [GC (Allocation Failure) [PSYoungGen: 72192K->512K(72704K)] 134449K->62849K(187392K), 0.0159993 secs] [Times: user=0.02 sys=0.01, real=0.02 secs] 
Heap after GC invocations=149 (full 0):
 PSYoungGen      total 72704K, used 512K [0x00000000fb800000, 0x0000000100000000, 0x0000000100000000)
  eden space 71680K, 0% used [0x00000000fb800000,0x00000000fb800000,0x00000000ffe00000)
  from space 1024K, 50% used [0x00000000ffe00000,0x00000000ffe80000,0x00000000fff00000)
  to   space 1024K, 0% used [0x00000000fff00000,0x00000000fff00000,0x0000000100000000)
 ParOldGen       total 114688K, used 62337K [0x00000000f4800000, 0x00000000fb800000, 0x00000000fb800000)
  object space 114688K, 54% used [0x00000000f4800000,0x00000000f84e0500,0x00000000fb800000)
 Metaspace       used 74945K, capacity 79150K, committed 79488K, reserved 1118208K
  class space    used 9512K, capacity 10272K, committed 10368K, reserved 1048576K
}
{Heap before GC invocations=150 (full 0):
 PSYoungGen      total 72704K, used 72192K [0x00000000fb800000, 0x0000000100000000, 0x0000000100000000)
  eden space 71680K, 100% used [0x00000000fb800000,0x00000000ffe00000,0x00000000ffe00000)
  from space 1024K, 50% used [0x00000000ffe00000,0x00000000ffe80000,0x00000000fff00000)
  to   space 1024K, 0% used [0x00000000fff00000,0x00000000fff00000,0x0000000100000000)
 ParOldGen       total 114688K, used 62337K [0x00000000f4800000, 0x00000000fb800000, 0x00000000fb800000)
  object space 114688K, 54% used [0x00000000f4800000,0x00000000f84e0500,0x00000000fb800000)
 Metaspace       used 74946K, capacity 79150K, committed 79488K, reserved 1118208K
  class space    used 9512K, capacity 10272K, committed 10368K, reserved 1048576K
2024-06-11T20:48:53.939+0800: 593.152: [GC (Allocation Failure) [PSYoungGen: 72192K->512K(72704K)] 134529K->62937K(187392K), 0.0043872 secs] [Times: user=0.01 sys=0.00, real=0.01 secs] 
Heap after GC invocations=150 (full 0):
 PSYoungGen      total 72704K, used 512K [0x00000000fb800000, 0x0000000100000000, 0x0000000100000000)
  eden space 71680K, 0% used [0x00000000fb800000,0x00000000fb800000,0x00000000ffe00000)
  from space 1024K, 50% used [0x00000000fff00000,0x00000000fff80000,0x0000000100000000)
  to   space 1024K, 0% used [0x00000000ffe00000,0x00000000ffe00000,0x00000000fff00000)
 ParOldGen       total 114688K, used 62425K [0x00000000f4800000, 0x00000000fb800000, 0x00000000fb800000)
  object space 114688K, 54% used [0x00000000f4800000,0x00000000f84f6500,0x00000000fb800000)
 Metaspace       used 74946K, capacity 79150K, committed 79488K, reserved 1118208K
  class space    used 9512K, capacity 10272K, committed 10368K, reserved 1048576K
}
{Heap before GC invocations=151 (full 0):
 PSYoungGen      total 72704K, used 72192K [0x00000000fb800000, 0x0000000100000000, 0x0000000100000000)
  eden space 71680K, 100% used [0x00000000fb800000,0x00000000ffe00000,0x00000000ffe00000)
  from space 1024K, 50% used [0x00000000fff00000,0x00000000fff80000,0x0000000100000000)
  to   space 1024K, 0% used [0x00000000ffe00000,0x00000000ffe00000,0x00000000fff00000)
 ParOldGen       total 114688K, used 62425K [0x00000000f4800000, 0x00000000fb800000, 0x00000000fb800000)
  object space 114688K, 54% used [0x00000000f4800000,0x00000000f84f6500,0x00000000fb800000)
 Metaspace       used 74946K, capacity 79150K, committed 79488K, reserved 1118208K
  class space    used 9512K, capacity 10272K, committed 10368K, reserved 1048576K
2024-06-11T20:48:58.303+0800: 597.516: [GC (Allocation Failure) [PSYoungGen: 72192K->1024K(72704K)] 134617K->63729K(187392K), 0.0058561 secs] [Times: user=0.01 sys=0.00, real=0.00 secs] 
Heap after GC invocations=151 (full 0):
 PSYoungGen      total 72704K, used 1024K [0x00000000fb800000, 0x0000000100000000, 0x0000000100000000)
  eden space 71680K, 0% used [0x00000000fb800000,0x00000000fb800000,0x00000000ffe00000)
  from space 1024K, 100% used [0x00000000ffe00000,0x00000000fff00000,0x00000000fff00000)
  to   space 1024K, 0% used [0x00000000fff00000,0x00000000fff00000,0x0000000100000000)
 ParOldGen       total 114688K, used 62705K [0x00000000f4800000, 0x00000000fb800000, 0x00000000fb800000)
  object space 114688K, 54% used [0x00000000f4800000,0x00000000f853c500,0x00000000fb800000)
 Metaspace       used 74946K, capacity 79150K, committed 79488K, reserved 1118208K
  class space    used 9512K, capacity 10272K, committed 10368K, reserved 1048576K
}
{Heap before GC invocations=152 (full 0):
 PSYoungGen      total 72704K, used 72704K [0x00000000fb800000, 0x0000000100000000, 0x0000000100000000)
  eden space 71680K, 100% used [0x00000000fb800000,0x00000000ffe00000,0x00000000ffe00000)
  from space 1024K, 100% used [0x00000000ffe00000,0x00000000fff00000,0x00000000fff00000)
  to   space 1024K, 0% used [0x00000000fff00000,0x00000000fff00000,0x0000000100000000)
 ParOldGen       total 114688K, used 62705K [0x00000000f4800000, 0x00000000fb800000, 0x00000000fb800000)
  object space 114688K, 54% used [0x00000000f4800000,0x00000000f853c500,0x00000000fb800000)
 Metaspace       used 74946K, capacity 79150K, committed 79488K, reserved 1118208K
  class space    used 9512K, capacity 10272K, committed 10368K, reserved 1048576K
2024-06-11T20:49:02.816+0800: 602.030: [GC (Allocation Failure) [PSYoungGen: 72704K->736K(71680K)] 135409K->64401K(186368K), 0.0055081 secs] [Times: user=0.01 sys=0.00, real=0.01 secs] 
Heap after GC invocations=152 (full 0):
 PSYoungGen      total 71680K, used 736K [0x00000000fb800000, 0x0000000100000000, 0x0000000100000000)
  eden space 70656K, 0% used [0x00000000fb800000,0x00000000fb800000,0x00000000ffd00000)
  from space 1024K, 71% used [0x00000000fff00000,0x00000000fffb8000,0x0000000100000000)
  to   space 1536K, 0% used [0x00000000ffd00000,0x00000000ffd00000,0x00000000ffe80000)
 ParOldGen       total 114688K, used 63665K [0x00000000f4800000, 0x00000000fb800000, 0x00000000fb800000)
  object space 114688K, 55% used [0x00000000f4800000,0x00000000f862c500,0x00000000fb800000)
 Metaspace       used 74946K, capacity 79150K, committed 79488K, reserved 1118208K
  class space    used 9512K, capacity 10272K, committed 10368K, reserved 1048576K
}
{Heap before GC invocations=153 (full 0):
 PSYoungGen      total 71680K, used 71392K [0x00000000fb800000, 0x0000000100000000, 0x0000000100000000)
  eden space 70656K, 100% used [0x00000000fb800000,0x00000000ffd00000,0x00000000ffd00000)
  from space 1024K, 71% used [0x00000000fff00000,0x00000000fffb8000,0x0000000100000000)
  to   space 1536K, 0% used [0x00000000ffd00000,0x00000000ffd00000,0x00000000ffe80000)
 ParOldGen       total 114688K, used 63665K [0x00000000f4800000, 0x00000000fb800000, 0x00000000fb800000)
  object space 114688K, 55% used [0x00000000f4800000,0x00000000f862c500,0x00000000fb800000)
 Metaspace       used 74947K, capacity 79150K, committed 79488K, reserved 1118208K
  class space    used 9512K, capacity 10272K, committed 10368K, reserved 1048576K
2024-06-11T20:49:07.005+0800: 606.218: [GC (Allocation Failure) [PSYoungGen: 71392K->512K(72192K)] 135057K->64465K(186880K), 0.0047740 secs] [Times: user=0.01 sys=0.00, real=0.00 secs] 
Heap after GC invocations=153 (full 0):
 PSYoungGen      total 72192K, used 512K [0x00000000fb800000, 0x0000000100000000, 0x0000000100000000)
  eden space 70656K, 0% used [0x00000000fb800000,0x00000000fb800000,0x00000000ffd00000)
  from space 1536K, 33% used [0x00000000ffd00000,0x00000000ffd80000,0x00000000ffe80000)
  to   space 1024K, 0% used [0x00000000fff00000,0x00000000fff00000,0x0000000100000000)
 ParOldGen       total 114688K, used 63953K [0x00000000f4800000, 0x00000000fb800000, 0x00000000fb800000)
  object space 114688K, 55% used [0x00000000f4800000,0x00000000f8674500,0x00000000fb800000)
 Metaspace       used 74947K, capacity 79150K, committed 79488K, reserved 1118208K
  class space    used 9512K, capacity 10272K, committed 10368K, reserved 1048576K
}
{Heap before GC invocations=154 (full 0):
 PSYoungGen      total 72192K, used 71168K [0x00000000fb800000, 0x0000000100000000, 0x0000000100000000)
  eden space 70656K, 100% used [0x00000000fb800000,0x00000000ffd00000,0x00000000ffd00000)
  from space 1536K, 33% used [0x00000000ffd00000,0x00000000ffd80000,0x00000000ffe80000)
  to   space 1024K, 0% used [0x00000000fff00000,0x00000000fff00000,0x0000000100000000)
 ParOldGen       total 114688K, used 63953K [0x00000000f4800000, 0x00000000fb800000, 0x00000000fb800000)
  object space 114688K, 55% used [0x00000000f4800000,0x00000000f8674500,0x00000000fb800000)
 Metaspace       used 74948K, capacity 79150K, committed 79488K, reserved 1118208K
  class space    used 9512K, capacity 10272K, committed 10368K, reserved 1048576K
2024-06-11T20:49:11.378+0800: 610.591: [GC (Allocation Failure) [PSYoungGen: 71168K->512K(72704K)] 135121K->64553K(187392K), 0.0050357 secs] [Times: user=0.01 sys=0.00, real=0.01 secs] 
Heap after GC invocations=154 (full 0):
 PSYoungGen      total 72704K, used 512K [0x00000000fb800000, 0x0000000100000000, 0x0000000100000000)
  eden space 71680K, 0% used [0x00000000fb800000,0x00000000fb800000,0x00000000ffe00000)
  from space 1024K, 50% used [0x00000000fff00000,0x00000000fff80000,0x0000000100000000)
  to   space 1024K, 0% used [0x00000000ffe00000,0x00000000ffe00000,0x00000000fff00000)
 ParOldGen       total 114688K, used 64041K [0x00000000f4800000, 0x00000000fb800000, 0x00000000fb800000)
  object space 114688K, 55% used [0x00000000f4800000,0x00000000f868a500,0x00000000fb800000)
 Metaspace       used 74948K, capacity 79150K, committed 79488K, reserved 1118208K
  class space    used 9512K, capacity 10272K, committed 10368K, reserved 1048576K
}
{Heap before GC invocations=155 (full 0):
 PSYoungGen      total 72704K, used 72192K [0x00000000fb800000, 0x0000000100000000, 0x0000000100000000)
  eden space 71680K, 100% used [0x00000000fb800000,0x00000000ffe00000,0x00000000ffe00000)
  from space 1024K, 50% used [0x00000000fff00000,0x00000000fff80000,0x0000000100000000)
  to   space 1024K, 0% used [0x00000000ffe00000,0x00000000ffe00000,0x00000000fff00000)
 ParOldGen       total 114688K, used 64041K [0x00000000f4800000, 0x00000000fb800000, 0x00000000fb800000)
  object space 114688K, 55% used [0x00000000f4800000,0x00000000f868a500,0x00000000fb800000)
 Metaspace       used 74948K, capacity 79150K, committed 79488K, reserved 1118208K
  class space    used 9512K, capacity 10272K, committed 10368K, reserved 1048576K
2024-06-11T20:49:15.733+0800: 614.946: [GC (Allocation Failure) [PSYoungGen: 72192K->512K(72704K)] 136233K->64633K(187392K), 0.0053988 secs] [Times: user=0.00 sys=0.00, real=0.00 secs] 
Heap after GC invocations=155 (full 0):
 PSYoungGen      total 72704K, used 512K [0x00000000fb800000, 0x0000000100000000, 0x0000000100000000)
  eden space 71680K, 0% used [0x00000000fb800000,0x00000000fb800000,0x00000000ffe00000)
  from space 1024K, 50% used [0x00000000ffe00000,0x00000000ffe80000,0x00000000fff00000)
  to   space 1024K, 0% used [0x00000000fff00000,0x00000000fff00000,0x0000000100000000)
 ParOldGen       total 114688K, used 64121K [0x00000000f4800000, 0x00000000fb800000, 0x00000000fb800000)
  object space 114688K, 55% used [0x00000000f4800000,0x00000000f869e500,0x00000000fb800000)
 Metaspace       used 74948K, capacity 79150K, committed 79488K, reserved 1118208K
  class space    used 9512K, capacity 10272K, committed 10368K, reserved 1048576K
}
{Heap before GC invocations=156 (full 0):
 PSYoungGen      total 72704K, used 72192K [0x00000000fb800000, 0x0000000100000000, 0x0000000100000000)
  eden space 71680K, 100% used [0x00000000fb800000,0x00000000ffe00000,0x00000000ffe00000)
  from space 1024K, 50% used [0x00000000ffe00000,0x00000000ffe80000,0x00000000fff00000)
  to   space 1024K, 0% used [0x00000000fff00000,0x00000000fff00000,0x0000000100000000)
 ParOldGen       total 114688K, used 64121K [0x00000000f4800000, 0x00000000fb800000, 0x00000000fb800000)
  object space 114688K, 55% used [0x00000000f4800000,0x00000000f869e500,0x00000000fb800000)
 Metaspace       used 74948K, capacity 79150K, committed 79488K, reserved 1118208K
  class space    used 9512K, capacity 10272K, committed 10368K, reserved 1048576K
2024-06-11T20:49:20.168+0800: 619.381: [GC (Allocation Failure) [PSYoungGen: 72192K->512K(72704K)] 136313K->64721K(187392K), 0.0043705 secs] [Times: user=0.01 sys=0.00, real=0.01 secs] 
Heap after GC invocations=156 (full 0):
 PSYoungGen      total 72704K, used 512K [0x00000000fb800000, 0x0000000100000000, 0x0000000100000000)
  eden space 71680K, 0% used [0x00000000fb800000,0x00000000fb800000,0x00000000ffe00000)
  from space 1024K, 50% used [0x00000000fff00000,0x00000000fff80000,0x0000000100000000)
  to   space 1024K, 0% used [0x00000000ffe00000,0x00000000ffe00000,0x00000000fff00000)
 ParOldGen       total 114688K, used 64209K [0x00000000f4800000, 0x00000000fb800000, 0x00000000fb800000)
  object space 114688K, 55% used [0x00000000f4800000,0x00000000f86b4500,0x00000000fb800000)
 Metaspace       used 74948K, capacity 79150K, committed 79488K, reserved 1118208K
  class space    used 9512K, capacity 10272K, committed 10368K, reserved 1048576K
}
{Heap before GC invocations=157 (full 0):
 PSYoungGen      total 72704K, used 72192K [0x00000000fb800000, 0x0000000100000000, 0x0000000100000000)
  eden space 71680K, 100% used [0x00000000fb800000,0x00000000ffe00000,0x00000000ffe00000)
  from space 1024K, 50% used [0x00000000fff00000,0x00000000fff80000,0x0000000100000000)
  to   space 1024K, 0% used [0x00000000ffe00000,0x00000000ffe00000,0x00000000fff00000)
 ParOldGen       total 114688K, used 64209K [0x00000000f4800000, 0x00000000fb800000, 0x00000000fb800000)
  object space 114688K, 55% used [0x00000000f4800000,0x00000000f86b4500,0x00000000fb800000)
 Metaspace       used 74949K, capacity 79150K, committed 79488K, reserved 1118208K
  class space    used 9512K, capacity 10272K, committed 10368K, reserved 1048576K
2024-06-11T20:49:24.538+0800: 623.751: [GC (Allocation Failure) [PSYoungGen: 72192K->512K(72704K)] 136401K->64809K(187392K), 0.0047899 secs] [Times: user=0.00 sys=0.00, real=0.01 secs] 
Heap after GC invocations=157 (full 0):
 PSYoungGen      total 72704K, used 512K [0x00000000fb800000, 0x0000000100000000, 0x0000000100000000)
  eden space 71680K, 0% used [0x00000000fb800000,0x00000000fb800000,0x00000000ffe00000)
  from space 1024K, 50% used [0x00000000ffe00000,0x00000000ffe80000,0x00000000fff00000)
  to   space 1024K, 0% used [0x00000000fff00000,0x00000000fff00000,0x0000000100000000)
 ParOldGen       total 114688K, used 64297K [0x00000000f4800000, 0x00000000fb800000, 0x00000000fb800000)
  object space 114688K, 56% used [0x00000000f4800000,0x00000000f86ca500,0x00000000fb800000)
 Metaspace       used 74949K, capacity 79150K, committed 79488K, reserved 1118208K
  class space    used 9512K, capacity 10272K, committed 10368K, reserved 1048576K
}
{Heap before GC invocations=158 (full 0):
 PSYoungGen      total 72704K, used 72192K [0x00000000fb800000, 0x0000000100000000, 0x0000000100000000)
  eden space 71680K, 100% used [0x00000000fb800000,0x00000000ffe00000,0x00000000ffe00000)
  from space 1024K, 50% used [0x00000000ffe00000,0x00000000ffe80000,0x00000000fff00000)
  to   space 1024K, 0% used [0x00000000fff00000,0x00000000fff00000,0x0000000100000000)
 ParOldGen       total 114688K, used 64297K [0x00000000f4800000, 0x00000000fb800000, 0x00000000fb800000)
  object space 114688K, 56% used [0x00000000f4800000,0x00000000f86ca500,0x00000000fb800000)
 Metaspace       used 74949K, capacity 79150K, committed 79488K, reserved 1118208K
  class space    used 9512K, capacity 10272K, committed 10368K, reserved 1048576K
2024-06-11T20:49:28.858+0800: 628.071: [GC (Allocation Failure) [PSYoungGen: 72192K->512K(72704K)] 136489K->64897K(187392K), 0.0053835 secs] [Times: user=0.00 sys=0.00, real=0.01 secs] 
Heap after GC invocations=158 (full 0):
 PSYoungGen      total 72704K, used 512K [0x00000000fb800000, 0x0000000100000000, 0x0000000100000000)
  eden space 71680K, 0% used [0x00000000fb800000,0x00000000fb800000,0x00000000ffe00000)
  from space 1024K, 50% used [0x00000000fff00000,0x00000000fff80000,0x0000000100000000)
  to   space 1024K, 0% used [0x00000000ffe00000,0x00000000ffe00000,0x00000000fff00000)
 ParOldGen       total 114688K, used 64385K [0x00000000f4800000, 0x00000000fb800000, 0x00000000fb800000)
  object space 114688K, 56% used [0x00000000f4800000,0x00000000f86e0500,0x00000000fb800000)
 Metaspace       used 74949K, capacity 79150K, committed 79488K, reserved 1118208K
  class space    used 9512K, capacity 10272K, committed 10368K, reserved 1048576K
}
{Heap before GC invocations=159 (full 0):
 PSYoungGen      total 72704K, used 72192K [0x00000000fb800000, 0x0000000100000000, 0x0000000100000000)
  eden space 71680K, 100% used [0x00000000fb800000,0x00000000ffe00000,0x00000000ffe00000)
  from space 1024K, 50% used [0x00000000fff00000,0x00000000fff80000,0x0000000100000000)
  to   space 1024K, 0% used [0x00000000ffe00000,0x00000000ffe00000,0x00000000fff00000)
 ParOldGen       total 114688K, used 64385K [0x00000000f4800000, 0x00000000fb800000, 0x00000000fb800000)
  object space 114688K, 56% used [0x00000000f4800000,0x00000000f86e0500,0x00000000fb800000)
 Metaspace       used 74949K, capacity 79150K, committed 79488K, reserved 1118208K
  class space    used 9512K, capacity 10272K, committed 10368K, reserved 1048576K
2024-06-11T20:49:33.217+0800: 632.430: [GC (Allocation Failure) [PSYoungGen: 72192K->480K(72704K)] 136577K->64953K(187392K), 0.0043571 secs] [Times: user=0.00 sys=0.00, real=0.01 secs] 
Heap after GC invocations=159 (full 0):
 PSYoungGen      total 72704K, used 480K [0x00000000fb800000, 0x0000000100000000, 0x0000000100000000)
  eden space 71680K, 0% used [0x00000000fb800000,0x00000000fb800000,0x00000000ffe00000)
  from space 1024K, 46% used [0x00000000ffe00000,0x00000000ffe78000,0x00000000fff00000)
  to   space 1024K, 0% used [0x00000000fff00000,0x00000000fff00000,0x0000000100000000)
 ParOldGen       total 114688K, used 64473K [0x00000000f4800000, 0x00000000fb800000, 0x00000000fb800000)
  object space 114688K, 56% used [0x00000000f4800000,0x00000000f86f6500,0x00000000fb800000)
 Metaspace       used 74949K, capacity 79150K, committed 79488K, reserved 1118208K
  class space    used 9512K, capacity 10272K, committed 10368K, reserved 1048576K
}
{Heap before GC invocations=160 (full 0):
 PSYoungGen      total 72704K, used 72160K [0x00000000fb800000, 0x0000000100000000, 0x0000000100000000)
  eden space 71680K, 100% used [0x00000000fb800000,0x00000000ffe00000,0x00000000ffe00000)
  from space 1024K, 46% used [0x00000000ffe00000,0x00000000ffe78000,0x00000000fff00000)
  to   space 1024K, 0% used [0x00000000fff00000,0x00000000fff00000,0x0000000100000000)
 ParOldGen       total 114688K, used 64473K [0x00000000f4800000, 0x00000000fb800000, 0x00000000fb800000)
  object space 114688K, 56% used [0x00000000f4800000,0x00000000f86f6500,0x00000000fb800000)
 Metaspace       used 74949K, capacity 79150K, committed 79488K, reserved 1118208K
  class space    used 9512K, capacity 10272K, committed 10368K, reserved 1048576K
2024-06-11T20:49:37.570+0800: 636.783: [GC (Allocation Failure) [PSYoungGen: 72160K->544K(72704K)] 136633K->65097K(187392K), 0.0044525 secs] [Times: user=0.01 sys=0.00, real=0.01 secs] 
Heap after GC invocations=160 (full 0):
 PSYoungGen      total 72704K, used 544K [0x00000000fb800000, 0x0000000100000000, 0x0000000100000000)
  eden space 71680K, 0% used [0x00000000fb800000,0x00000000fb800000,0x00000000ffe00000)
  from space 1024K, 53% used [0x00000000fff00000,0x00000000fff88000,0x0000000100000000)
  to   space 1024K, 0% used [0x00000000ffe00000,0x00000000ffe00000,0x00000000fff00000)
 ParOldGen       total 114688K, used 64553K [0x00000000f4800000, 0x00000000fb800000, 0x00000000fb800000)
  object space 114688K, 56% used [0x00000000f4800000,0x00000000f870a500,0x00000000fb800000)
 Metaspace       used 74949K, capacity 79150K, committed 79488K, reserved 1118208K
  class space    used 9512K, capacity 10272K, committed 10368K, reserved 1048576K
}
{Heap before GC invocations=161 (full 0):
 PSYoungGen      total 72704K, used 72224K [0x00000000fb800000, 0x0000000100000000, 0x0000000100000000)
  eden space 71680K, 100% used [0x00000000fb800000,0x00000000ffe00000,0x00000000ffe00000)
  from space 1024K, 53% used [0x00000000fff00000,0x00000000fff88000,0x0000000100000000)
  to   space 1024K, 0% used [0x00000000ffe00000,0x00000000ffe00000,0x00000000fff00000)
 ParOldGen       total 114688K, used 64553K [0x00000000f4800000, 0x00000000fb800000, 0x00000000fb800000)
  object space 114688K, 56% used [0x00000000f4800000,0x00000000f870a500,0x00000000fb800000)
 Metaspace       used 74954K, capacity 79174K, committed 79488K, reserved 1118208K
  class space    used 9512K, capacity 10272K, committed 10368K, reserved 1048576K
2024-06-11T20:49:42.082+0800: 641.296: [GC (Allocation Failure) [PSYoungGen: 72224K->512K(72704K)] 136777K->65145K(187392K), 0.0044742 secs] [Times: user=0.01 sys=0.00, real=0.00 secs] 
Heap after GC invocations=161 (full 0):
 PSYoungGen      total 72704K, used 512K [0x00000000fb800000, 0x0000000100000000, 0x0000000100000000)
  eden space 71680K, 0% used [0x00000000fb800000,0x00000000fb800000,0x00000000ffe00000)
  from space 1024K, 50% used [0x00000000ffe00000,0x00000000ffe80000,0x00000000fff00000)
  to   space 1024K, 0% used [0x00000000fff00000,0x00000000fff00000,0x0000000100000000)
 ParOldGen       total 114688K, used 64633K [0x00000000f4800000, 0x00000000fb800000, 0x00000000fb800000)
  object space 114688K, 56% used [0x00000000f4800000,0x00000000f871e500,0x00000000fb800000)
 Metaspace       used 74954K, capacity 79174K, committed 79488K, reserved 1118208K
  class space    used 9512K, capacity 10272K, committed 10368K, reserved 1048576K
}
{Heap before GC invocations=162 (full 0):
 PSYoungGen      total 72704K, used 72192K [0x00000000fb800000, 0x0000000100000000, 0x0000000100000000)
  eden space 71680K, 100% used [0x00000000fb800000,0x00000000ffe00000,0x00000000ffe00000)
  from space 1024K, 50% used [0x00000000ffe00000,0x00000000ffe80000,0x00000000fff00000)
  to   space 1024K, 0% used [0x00000000fff00000,0x00000000fff00000,0x0000000100000000)
 ParOldGen       total 114688K, used 64633K [0x00000000f4800000, 0x00000000fb800000, 0x00000000fb800000)
  object space 114688K, 56% used [0x00000000f4800000,0x00000000f871e500,0x00000000fb800000)
 Metaspace       used 74955K, capacity 79174K, committed 79488K, reserved 1118208K
  class space    used 9512K, capacity 10272K, committed 10368K, reserved 1048576K
2024-06-11T20:49:46.489+0800: 645.702: [GC (Allocation Failure) [PSYoungGen: 72192K->512K(72704K)] 136825K->65233K(187392K), 0.0045504 secs] [Times: user=0.00 sys=0.00, real=0.01 secs] 
Heap after GC invocations=162 (full 0):
 PSYoungGen      total 72704K, used 512K [0x00000000fb800000, 0x0000000100000000, 0x0000000100000000)
  eden space 71680K, 0% used [0x00000000fb800000,0x00000000fb800000,0x00000000ffe00000)
  from space 1024K, 50% used [0x00000000fff00000,0x00000000fff80000,0x0000000100000000)
  to   space 1024K, 0% used [0x00000000ffe00000,0x00000000ffe00000,0x00000000fff00000)
 ParOldGen       total 114688K, used 64721K [0x00000000f4800000, 0x00000000fb800000, 0x00000000fb800000)
  object space 114688K, 56% used [0x00000000f4800000,0x00000000f8734500,0x00000000fb800000)
 Metaspace       used 74955K, capacity 79174K, committed 79488K, reserved 1118208K
  class space    used 9512K, capacity 10272K, committed 10368K, reserved 1048576K
}
{Heap before GC invocations=163 (full 0):
 PSYoungGen      total 72704K, used 72192K [0x00000000fb800000, 0x0000000100000000, 0x0000000100000000)
  eden space 71680K, 100% used [0x00000000fb800000,0x00000000ffe00000,0x00000000ffe00000)
  from space 1024K, 50% used [0x00000000fff00000,0x00000000fff80000,0x0000000100000000)
  to   space 1024K, 0% used [0x00000000ffe00000,0x00000000ffe00000,0x00000000fff00000)
 ParOldGen       total 114688K, used 64721K [0x00000000f4800000, 0x00000000fb800000, 0x00000000fb800000)
  object space 114688K, 56% used [0x00000000f4800000,0x00000000f8734500,0x00000000fb800000)
 Metaspace       used 74955K, capacity 79174K, committed 79488K, reserved 1118208K
  class space    used 9512K, capacity 10272K, committed 10368K, reserved 1048576K
2024-06-11T20:49:50.740+0800: 649.953: [GC (Allocation Failure) [PSYoungGen: 72192K->544K(72704K)] 136913K->65353K(187392K), 0.0043849 secs] [Times: user=0.00 sys=0.00, real=0.01 secs] 
Heap after GC invocations=163 (full 0):
 PSYoungGen      total 72704K, used 544K [0x00000000fb800000, 0x0000000100000000, 0x0000000100000000)
  eden space 71680K, 0% used [0x00000000fb800000,0x00000000fb800000,0x00000000ffe00000)
  from space 1024K, 53% used [0x00000000ffe00000,0x00000000ffe88000,0x00000000fff00000)
  to   space 1024K, 0% used [0x00000000fff00000,0x00000000fff00000,0x0000000100000000)
 ParOldGen       total 114688K, used 64809K [0x00000000f4800000, 0x00000000fb800000, 0x00000000fb800000)
  object space 114688K, 56% used [0x00000000f4800000,0x00000000f874a500,0x00000000fb800000)
 Metaspace       used 74955K, capacity 79174K, committed 79488K, reserved 1118208K
  class space    used 9512K, capacity 10272K, committed 10368K, reserved 1048576K
}
{Heap before GC invocations=164 (full 0):
 PSYoungGen      total 72704K, used 72224K [0x00000000fb800000, 0x0000000100000000, 0x0000000100000000)
  eden space 71680K, 100% used [0x00000000fb800000,0x00000000ffe00000,0x00000000ffe00000)
  from space 1024K, 53% used [0x00000000ffe00000,0x00000000ffe88000,0x00000000fff00000)
  to   space 1024K, 0% used [0x00000000fff00000,0x00000000fff00000,0x0000000100000000)
 ParOldGen       total 114688K, used 64809K [0x00000000f4800000, 0x00000000fb800000, 0x00000000fb800000)
  object space 114688K, 56% used [0x00000000f4800000,0x00000000f874a500,0x00000000fb800000)
 Metaspace       used 74955K, capacity 79174K, committed 79488K, reserved 1118208K
  class space    used 9512K, capacity 10272K, committed 10368K, reserved 1048576K
2024-06-11T20:49:55.257+0800: 654.470: [GC (Allocation Failure) [PSYoungGen: 72224K->512K(72704K)] 137033K->65409K(187392K), 0.0043662 secs] [Times: user=0.00 sys=0.00, real=0.01 secs] 
Heap after GC invocations=164 (full 0):
 PSYoungGen      total 72704K, used 512K [0x00000000fb800000, 0x0000000100000000, 0x0000000100000000)
  eden space 71680K, 0% used [0x00000000fb800000,0x00000000fb800000,0x00000000ffe00000)
  from space 1024K, 50% used [0x00000000fff00000,0x00000000fff80000,0x0000000100000000)
  to   space 1024K, 0% used [0x00000000ffe00000,0x00000000ffe00000,0x00000000fff00000)
 ParOldGen       total 114688K, used 64897K [0x00000000f4800000, 0x00000000fb800000, 0x00000000fb800000)
  object space 114688K, 56% used [0x00000000f4800000,0x00000000f8760500,0x00000000fb800000)
 Metaspace       used 74955K, capacity 79174K, committed 79488K, reserved 1118208K
  class space    used 9512K, capacity 10272K, committed 10368K, reserved 1048576K
}
{Heap before GC invocations=165 (full 0):
 PSYoungGen      total 72704K, used 72192K [0x00000000fb800000, 0x0000000100000000, 0x0000000100000000)
  eden space 71680K, 100% used [0x00000000fb800000,0x00000000ffe00000,0x00000000ffe00000)
  from space 1024K, 50% used [0x00000000fff00000,0x00000000fff80000,0x0000000100000000)
  to   space 1024K, 0% used [0x00000000ffe00000,0x00000000ffe00000,0x00000000fff00000)
 ParOldGen       total 114688K, used 64897K [0x00000000f4800000, 0x00000000fb800000, 0x00000000fb800000)
  object space 114688K, 56% used [0x00000000f4800000,0x00000000f8760500,0x00000000fb800000)
 Metaspace       used 74955K, capacity 79174K, committed 79488K, reserved 1118208K
  class space    used 9512K, capacity 10272K, committed 10368K, reserved 1048576K
2024-06-11T20:49:59.614+0800: 658.827: [GC (Allocation Failure) [PSYoungGen: 72192K->1024K(72704K)] 137089K->66217K(187392K), 0.0051953 secs] [Times: user=0.01 sys=0.00, real=0.00 secs] 
Heap after GC invocations=165 (full 0):
 PSYoungGen      total 72704K, used 1024K [0x00000000fb800000, 0x0000000100000000, 0x0000000100000000)
  eden space 71680K, 0% used [0x00000000fb800000,0x00000000fb800000,0x00000000ffe00000)
  from space 1024K, 100% used [0x00000000ffe00000,0x00000000fff00000,0x00000000fff00000)
  to   space 1024K, 0% used [0x00000000fff00000,0x00000000fff00000,0x0000000100000000)
 ParOldGen       total 114688K, used 65193K [0x00000000f4800000, 0x00000000fb800000, 0x00000000fb800000)
  object space 114688K, 56% used [0x00000000f4800000,0x00000000f87aa500,0x00000000fb800000)
 Metaspace       used 74955K, capacity 79174K, committed 79488K, reserved 1118208K
  class space    used 9512K, capacity 10272K, committed 10368K, reserved 1048576K
}
{Heap before GC invocations=166 (full 0):
 PSYoungGen      total 72704K, used 72704K [0x00000000fb800000, 0x0000000100000000, 0x0000000100000000)
  eden space 71680K, 100% used [0x00000000fb800000,0x00000000ffe00000,0x00000000ffe00000)
  from space 1024K, 100% used [0x00000000ffe00000,0x00000000fff00000,0x00000000fff00000)
  to   space 1024K, 0% used [0x00000000fff00000,0x00000000fff00000,0x0000000100000000)
 ParOldGen       total 114688K, used 65193K [0x00000000f4800000, 0x00000000fb800000, 0x00000000fb800000)
  object space 114688K, 56% used [0x00000000f4800000,0x00000000f87aa500,0x00000000fb800000)
 Metaspace       used 74955K, capacity 79174K, committed 79488K, reserved 1118208K
  class space    used 9512K, capacity 10272K, committed 10368K, reserved 1048576K
2024-06-11T20:50:03.934+0800: 663.147: [GC (Allocation Failure) [PSYoungGen: 72704K->736K(71680K)] 137897K->66873K(186368K), 0.0074830 secs] [Times: user=0.01 sys=0.00, real=0.01 secs] 
Heap after GC invocations=166 (full 0):
 PSYoungGen      total 71680K, used 736K [0x00000000fb800000, 0x0000000100000000, 0x0000000100000000)
  eden space 70656K, 0% used [0x00000000fb800000,0x00000000fb800000,0x00000000ffd00000)
  from space 1024K, 71% used [0x00000000fff00000,0x00000000fffb8000,0x0000000100000000)
  to   space 1536K, 0% used [0x00000000ffd00000,0x00000000ffd00000,0x00000000ffe80000)
 ParOldGen       total 114688K, used 66137K [0x00000000f4800000, 0x00000000fb800000, 0x00000000fb800000)
  object space 114688K, 57% used [0x00000000f4800000,0x00000000f8896500,0x00000000fb800000)
 Metaspace       used 74955K, capacity 79174K, committed 79488K, reserved 1118208K
  class space    used 9512K, capacity 10272K, committed 10368K, reserved 1048576K
}
{Heap before GC invocations=167 (full 0):
 PSYoungGen      total 71680K, used 71392K [0x00000000fb800000, 0x0000000100000000, 0x0000000100000000)
  eden space 70656K, 100% used [0x00000000fb800000,0x00000000ffd00000,0x00000000ffd00000)
  from space 1024K, 71% used [0x00000000fff00000,0x00000000fffb8000,0x0000000100000000)
  to   space 1536K, 0% used [0x00000000ffd00000,0x00000000ffd00000,0x00000000ffe80000)
 ParOldGen       total 114688K, used 66137K [0x00000000f4800000, 0x00000000fb800000, 0x00000000fb800000)
  object space 114688K, 57% used [0x00000000f4800000,0x00000000f8896500,0x00000000fb800000)
 Metaspace       used 74956K, capacity 79174K, committed 79488K, reserved 1118208K
  class space    used 9512K, capacity 10272K, committed 10368K, reserved 1048576K
2024-06-11T20:50:08.234+0800: 667.447: [GC (Allocation Failure) [PSYoungGen: 71392K->972K(72192K)] 137529K->67405K(186880K), 0.0063068 secs] [Times: user=0.01 sys=0.00, real=0.00 secs] 
Heap after GC invocations=167 (full 0):
 PSYoungGen      total 72192K, used 972K [0x00000000fb800000, 0x0000000100000000, 0x0000000100000000)
  eden space 70656K, 0% used [0x00000000fb800000,0x00000000fb800000,0x00000000ffd00000)
  from space 1536K, 63% used [0x00000000ffd00000,0x00000000ffdf3100,0x00000000ffe80000)
  to   space 1536K, 0% used [0x00000000ffe80000,0x00000000ffe80000,0x0000000100000000)
 ParOldGen       total 114688K, used 66433K [0x00000000f4800000, 0x00000000fb800000, 0x00000000fb800000)
  object space 114688K, 57% used [0x00000000f4800000,0x00000000f88e0500,0x00000000fb800000)
 Metaspace       used 74956K, capacity 79174K, committed 79488K, reserved 1118208K
  class space    used 9512K, capacity 10272K, committed 10368K, reserved 1048576K
}
{Heap before GC invocations=168 (full 0):
 PSYoungGen      total 72192K, used 71628K [0x00000000fb800000, 0x0000000100000000, 0x0000000100000000)
  eden space 70656K, 100% used [0x00000000fb800000,0x00000000ffd00000,0x00000000ffd00000)
  from space 1536K, 63% used [0x00000000ffd00000,0x00000000ffdf3100,0x00000000ffe80000)
  to   space 1536K, 0% used [0x00000000ffe80000,0x00000000ffe80000,0x0000000100000000)
 ParOldGen       total 114688K, used 66433K [0x00000000f4800000, 0x00000000fb800000, 0x00000000fb800000)
  object space 114688K, 57% used [0x00000000f4800000,0x00000000f88e0500,0x00000000fb800000)
 Metaspace       used 74956K, capacity 79174K, committed 79488K, reserved 1118208K
  class space    used 9512K, capacity 10272K, committed 10368K, reserved 1048576K
2024-06-11T20:50:12.611+0800: 671.824: [GC (Allocation Failure) [PSYoungGen: 71628K->512K(72192K)] 138061K->67025K(186880K), 0.0043321 secs] [Times: user=0.01 sys=0.00, real=0.00 secs] 
Heap after GC invocations=168 (full 0):
 PSYoungGen      total 72192K, used 512K [0x00000000fb800000, 0x0000000100000000, 0x0000000100000000)
  eden space 70656K, 0% used [0x00000000fb800000,0x00000000fb800000,0x00000000ffd00000)
  from space 1536K, 33% used [0x00000000ffe80000,0x00000000fff00000,0x0000000100000000)
  to   space 1536K, 0% used [0x00000000ffd00000,0x00000000ffd00000,0x00000000ffe80000)
 ParOldGen       total 114688K, used 66513K [0x00000000f4800000, 0x00000000fb800000, 0x00000000fb800000)
  object space 114688K, 57% used [0x00000000f4800000,0x00000000f88f4500,0x00000000fb800000)
 Metaspace       used 74956K, capacity 79174K, committed 79488K, reserved 1118208K
  class space    used 9512K, capacity 10272K, committed 10368K, reserved 1048576K
}
{Heap before GC invocations=169 (full 0):
 PSYoungGen      total 72192K, used 71168K [0x00000000fb800000, 0x0000000100000000, 0x0000000100000000)
  eden space 70656K, 100% used [0x00000000fb800000,0x00000000ffd00000,0x00000000ffd00000)
  from space 1536K, 33% used [0x00000000ffe80000,0x00000000fff00000,0x0000000100000000)
  to   space 1536K, 0% used [0x00000000ffd00000,0x00000000ffd00000,0x00000000ffe80000)
 ParOldGen       total 114688K, used 66513K [0x00000000f4800000, 0x00000000fb800000, 0x00000000fb800000)
  object space 114688K, 57% used [0x00000000f4800000,0x00000000f88f4500,0x00000000fb800000)
 Metaspace       used 74956K, capacity 79174K, committed 79488K, reserved 1118208K
  class space    used 9512K, capacity 10272K, committed 10368K, reserved 1048576K
2024-06-11T20:50:16.946+0800: 676.159: [GC (Allocation Failure) [PSYoungGen: 71168K->512K(72192K)] 137681K->67113K(186880K), 0.0044736 secs] [Times: user=0.00 sys=0.00, real=0.00 secs] 
Heap after GC invocations=169 (full 0):
 PSYoungGen      total 72192K, used 512K [0x00000000fb800000, 0x0000000100000000, 0x0000000100000000)
  eden space 70656K, 0% used [0x00000000fb800000,0x00000000fb800000,0x00000000ffd00000)
  from space 1536K, 33% used [0x00000000ffd00000,0x00000000ffd80000,0x00000000ffe80000)
  to   space 1536K, 0% used [0x00000000ffe80000,0x00000000ffe80000,0x0000000100000000)
 ParOldGen       total 114688K, used 66601K [0x00000000f4800000, 0x00000000fb800000, 0x00000000fb800000)
  object space 114688K, 58% used [0x00000000f4800000,0x00000000f890a500,0x00000000fb800000)
 Metaspace       used 74956K, capacity 79174K, committed 79488K, reserved 1118208K
  class space    used 9512K, capacity 10272K, committed 10368K, reserved 1048576K
}
{Heap before GC invocations=170 (full 0):
 PSYoungGen      total 72192K, used 71168K [0x00000000fb800000, 0x0000000100000000, 0x0000000100000000)
  eden space 70656K, 100% used [0x00000000fb800000,0x00000000ffd00000,0x00000000ffd00000)
  from space 1536K, 33% used [0x00000000ffd00000,0x00000000ffd80000,0x00000000ffe80000)
  to   space 1536K, 0% used [0x00000000ffe80000,0x00000000ffe80000,0x0000000100000000)
 ParOldGen       total 114688K, used 66601K [0x00000000f4800000, 0x00000000fb800000, 0x00000000fb800000)
  object space 114688K, 58% used [0x00000000f4800000,0x00000000f890a500,0x00000000fb800000)
 Metaspace       used 74958K, capacity 79174K, committed 79488K, reserved 1118208K
  class space    used 9512K, capacity 10272K, committed 10368K, reserved 1048576K
2024-06-11T20:50:21.334+0800: 680.548: [GC (Allocation Failure) [PSYoungGen: 71168K->512K(72192K)] 137769K->67193K(186880K), 0.0044510 secs] [Times: user=0.00 sys=0.00, real=0.00 secs] 
Heap after GC invocations=170 (full 0):
 PSYoungGen      total 72192K, used 512K [0x00000000fb800000, 0x0000000100000000, 0x0000000100000000)
  eden space 70656K, 0% used [0x00000000fb800000,0x00000000fb800000,0x00000000ffd00000)
  from space 1536K, 33% used [0x00000000ffe80000,0x00000000fff00000,0x0000000100000000)
  to   space 1536K, 0% used [0x00000000ffd00000,0x00000000ffd00000,0x00000000ffe80000)
 ParOldGen       total 114688K, used 66681K [0x00000000f4800000, 0x00000000fb800000, 0x00000000fb800000)
  object space 114688K, 58% used [0x00000000f4800000,0x00000000f891e500,0x00000000fb800000)
 Metaspace       used 74958K, capacity 79174K, committed 79488K, reserved 1118208K
  class space    used 9512K, capacity 10272K, committed 10368K, reserved 1048576K
}
{Heap before GC invocations=171 (full 0):
 PSYoungGen      total 72192K, used 71168K [0x00000000fb800000, 0x0000000100000000, 0x0000000100000000)
  eden space 70656K, 100% used [0x00000000fb800000,0x00000000ffd00000,0x00000000ffd00000)
  from space 1536K, 33% used [0x00000000ffe80000,0x00000000fff00000,0x0000000100000000)
  to   space 1536K, 0% used [0x00000000ffd00000,0x00000000ffd00000,0x00000000ffe80000)
 ParOldGen       total 114688K, used 66681K [0x00000000f4800000, 0x00000000fb800000, 0x00000000fb800000)
  object space 114688K, 58% used [0x00000000f4800000,0x00000000f891e500,0x00000000fb800000)
 Metaspace       used 74964K, capacity 79174K, committed 79488K, reserved 1118208K
  class space    used 9513K, capacity 10272K, committed 10368K, reserved 1048576K
2024-06-11T20:50:25.629+0800: 684.842: [GC (Allocation Failure) [PSYoungGen: 71168K->512K(72192K)] 137849K->67281K(186880K), 0.0043560 secs] [Times: user=0.00 sys=0.00, real=0.01 secs] 
Heap after GC invocations=171 (full 0):
 PSYoungGen      total 72192K, used 512K [0x00000000fb800000, 0x0000000100000000, 0x0000000100000000)
  eden space 70656K, 0% used [0x00000000fb800000,0x00000000fb800000,0x00000000ffd00000)
  from space 1536K, 33% used [0x00000000ffd00000,0x00000000ffd80000,0x00000000ffe80000)
  to   space 1536K, 0% used [0x00000000ffe80000,0x00000000ffe80000,0x0000000100000000)
 ParOldGen       total 114688K, used 66769K [0x00000000f4800000, 0x00000000fb800000, 0x00000000fb800000)
  object space 114688K, 58% used [0x00000000f4800000,0x00000000f8934500,0x00000000fb800000)
 Metaspace       used 74964K, capacity 79174K, committed 79488K, reserved 1118208K
  class space    used 9513K, capacity 10272K, committed 10368K, reserved 1048576K
}
{Heap before GC invocations=172 (full 0):
 PSYoungGen      total 72192K, used 71168K [0x00000000fb800000, 0x0000000100000000, 0x0000000100000000)
  eden space 70656K, 100% used [0x00000000fb800000,0x00000000ffd00000,0x00000000ffd00000)
  from space 1536K, 33% used [0x00000000ffd00000,0x00000000ffd80000,0x00000000ffe80000)
  to   space 1536K, 0% used [0x00000000ffe80000,0x00000000ffe80000,0x0000000100000000)
 ParOldGen       total 114688K, used 66769K [0x00000000f4800000, 0x00000000fb800000, 0x00000000fb800000)
  object space 114688K, 58% used [0x00000000f4800000,0x00000000f8934500,0x00000000fb800000)
 Metaspace       used 74964K, capacity 79174K, committed 79488K, reserved 1118208K
  class space    used 9513K, capacity 10272K, committed 10368K, reserved 1048576K
2024-06-11T20:50:29.971+0800: 689.184: [GC (Allocation Failure) [PSYoungGen: 71168K->544K(72704K)] 137937K->67393K(187392K), 0.0044535 secs] [Times: user=0.01 sys=0.00, real=0.00 secs] 
Heap after GC invocations=172 (full 0):
 PSYoungGen      total 72704K, used 544K [0x00000000fb800000, 0x0000000100000000, 0x0000000100000000)
  eden space 71168K, 0% used [0x00000000fb800000,0x00000000fb800000,0x00000000ffd80000)
  from space 1536K, 35% used [0x00000000ffe80000,0x00000000fff08000,0x0000000100000000)
  to   space 1024K, 0% used [0x00000000ffd80000,0x00000000ffd80000,0x00000000ffe80000)
 ParOldGen       total 114688K, used 66849K [0x00000000f4800000, 0x00000000fb800000, 0x00000000fb800000)
  object space 114688K, 58% used [0x00000000f4800000,0x00000000f8948500,0x00000000fb800000)
 Metaspace       used 74964K, capacity 79174K, committed 79488K, reserved 1118208K
  class space    used 9513K, capacity 10272K, committed 10368K, reserved 1048576K
}
{Heap before GC invocations=173 (full 0):
 PSYoungGen      total 72704K, used 71712K [0x00000000fb800000, 0x0000000100000000, 0x0000000100000000)
  eden space 71168K, 100% used [0x00000000fb800000,0x00000000ffd80000,0x00000000ffd80000)
  from space 1536K, 35% used [0x00000000ffe80000,0x00000000fff08000,0x0000000100000000)
  to   space 1024K, 0% used [0x00000000ffd80000,0x00000000ffd80000,0x00000000ffe80000)
 ParOldGen       total 114688K, used 66849K [0x00000000f4800000, 0x00000000fb800000, 0x00000000fb800000)
  object space 114688K, 58% used [0x00000000f4800000,0x00000000f8948500,0x00000000fb800000)
 Metaspace       used 74966K, capacity 79174K, committed 79488K, reserved 1118208K
  class space    used 9513K, capacity 10272K, committed 10368K, reserved 1048576K
2024-06-11T20:50:34.325+0800: 693.538: [GC (Allocation Failure) [PSYoungGen: 71712K->512K(72192K)] 138561K->67441K(186880K), 0.0043207 secs] [Times: user=0.01 sys=0.00, real=0.00 secs] 
Heap after GC invocations=173 (full 0):
 PSYoungGen      total 72192K, used 512K [0x00000000fb800000, 0x0000000100000000, 0x0000000100000000)
  eden space 71168K, 0% used [0x00000000fb800000,0x00000000fb800000,0x00000000ffd80000)
  from space 1024K, 50% used [0x00000000ffd80000,0x00000000ffe00000,0x00000000ffe80000)
  to   space 1024K, 0% used [0x00000000fff00000,0x00000000fff00000,0x0000000100000000)
 ParOldGen       total 114688K, used 66929K [0x00000000f4800000, 0x00000000fb800000, 0x00000000fb800000)
  object space 114688K, 58% used [0x00000000f4800000,0x00000000f895c500,0x00000000fb800000)
 Metaspace       used 74966K, capacity 79174K, committed 79488K, reserved 1118208K
  class space    used 9513K, capacity 10272K, committed 10368K, reserved 1048576K
}
{Heap before GC invocations=174 (full 0):
 PSYoungGen      total 72192K, used 71680K [0x00000000fb800000, 0x0000000100000000, 0x0000000100000000)
  eden space 71168K, 100% used [0x00000000fb800000,0x00000000ffd80000,0x00000000ffd80000)
  from space 1024K, 50% used [0x00000000ffd80000,0x00000000ffe00000,0x00000000ffe80000)
  to   space 1024K, 0% used [0x00000000fff00000,0x00000000fff00000,0x0000000100000000)
 ParOldGen       total 114688K, used 66929K [0x00000000f4800000, 0x00000000fb800000, 0x00000000fb800000)
  object space 114688K, 58% used [0x00000000f4800000,0x00000000f895c500,0x00000000fb800000)
 Metaspace       used 74967K, capacity 79174K, committed 79488K, reserved 1118208K
  class space    used 9513K, capacity 10272K, committed 10368K, reserved 1048576K
2024-06-11T20:50:38.830+0800: 698.043: [GC (Allocation Failure) [PSYoungGen: 71680K->512K(72704K)] 138609K->67521K(187392K), 0.0063745 secs] [Times: user=0.01 sys=0.00, real=0.01 secs] 
Heap after GC invocations=174 (full 0):
 PSYoungGen      total 72704K, used 512K [0x00000000fb800000, 0x0000000100000000, 0x0000000100000000)
  eden space 71680K, 0% used [0x00000000fb800000,0x00000000fb800000,0x00000000ffe00000)
  from space 1024K, 50% used [0x00000000fff00000,0x00000000fff80000,0x0000000100000000)
  to   space 1024K, 0% used [0x00000000ffe00000,0x00000000ffe00000,0x00000000fff00000)
 ParOldGen       total 114688K, used 67009K [0x00000000f4800000, 0x00000000fb800000, 0x00000000fb800000)
  object space 114688K, 58% used [0x00000000f4800000,0x00000000f8970500,0x00000000fb800000)
 Metaspace       used 74967K, capacity 79174K, committed 79488K, reserved 1118208K
  class space    used 9513K, capacity 10272K, committed 10368K, reserved 1048576K
}
{Heap before GC invocations=175 (full 0):
 PSYoungGen      total 72704K, used 72192K [0x00000000fb800000, 0x0000000100000000, 0x0000000100000000)
  eden space 71680K, 100% used [0x00000000fb800000,0x00000000ffe00000,0x00000000ffe00000)
  from space 1024K, 50% used [0x00000000fff00000,0x00000000fff80000,0x0000000100000000)
  to   space 1024K, 0% used [0x00000000ffe00000,0x00000000ffe00000,0x00000000fff00000)
 ParOldGen       total 114688K, used 67009K [0x00000000f4800000, 0x00000000fb800000, 0x00000000fb800000)
  object space 114688K, 58% used [0x00000000f4800000,0x00000000f8970500,0x00000000fb800000)
 Metaspace       used 74967K, capacity 79174K, committed 79488K, reserved 1118208K
  class space    used 9513K, capacity 10272K, committed 10368K, reserved 1048576K
2024-06-11T20:50:43.138+0800: 702.351: [GC (Allocation Failure) [PSYoungGen: 72192K->480K(72704K)] 139201K->67577K(187392K), 0.0045893 secs] [Times: user=0.01 sys=0.00, real=0.01 secs] 
Heap after GC invocations=175 (full 0):
 PSYoungGen      total 72704K, used 480K [0x00000000fb800000, 0x0000000100000000, 0x0000000100000000)
  eden space 71680K, 0% used [0x00000000fb800000,0x00000000fb800000,0x00000000ffe00000)
  from space 1024K, 46% used [0x00000000ffe00000,0x00000000ffe78000,0x00000000fff00000)
  to   space 1024K, 0% used [0x00000000fff00000,0x00000000fff00000,0x0000000100000000)
 ParOldGen       total 114688K, used 67097K [0x00000000f4800000, 0x00000000fb800000, 0x00000000fb800000)
  object space 114688K, 58% used [0x00000000f4800000,0x00000000f8986500,0x00000000fb800000)
 Metaspace       used 74967K, capacity 79174K, committed 79488K, reserved 1118208K
  class space    used 9513K, capacity 10272K, committed 10368K, reserved 1048576K
}
{Heap before GC invocations=176 (full 0):
 PSYoungGen      total 72704K, used 72160K [0x00000000fb800000, 0x0000000100000000, 0x0000000100000000)
  eden space 71680K, 100% used [0x00000000fb800000,0x00000000ffe00000,0x00000000ffe00000)
  from space 1024K, 46% used [0x00000000ffe00000,0x00000000ffe78000,0x00000000fff00000)
  to   space 1024K, 0% used [0x00000000fff00000,0x00000000fff00000,0x0000000100000000)
 ParOldGen       total 114688K, used 67097K [0x00000000f4800000, 0x00000000fb800000, 0x00000000fb800000)
  object space 114688K, 58% used [0x00000000f4800000,0x00000000f8986500,0x00000000fb800000)
 Metaspace       used 74967K, capacity 79174K, committed 79488K, reserved 1118208K
  class space    used 9513K, capacity 10272K, committed 10368K, reserved 1048576K
2024-06-11T20:50:47.542+0800: 706.755: [GC (Allocation Failure) [PSYoungGen: 72160K->512K(72704K)] 139257K->67689K(187392K), 0.0043370 secs] [Times: user=0.00 sys=0.01, real=0.00 secs] 
Heap after GC invocations=176 (full 0):
 PSYoungGen      total 72704K, used 512K [0x00000000fb800000, 0x0000000100000000, 0x0000000100000000)
  eden space 71680K, 0% used [0x00000000fb800000,0x00000000fb800000,0x00000000ffe00000)
  from space 1024K, 50% used [0x00000000fff00000,0x00000000fff80000,0x0000000100000000)
  to   space 1024K, 0% used [0x00000000ffe00000,0x00000000ffe00000,0x00000000fff00000)
 ParOldGen       total 114688K, used 67177K [0x00000000f4800000, 0x00000000fb800000, 0x00000000fb800000)
  object space 114688K, 58% used [0x00000000f4800000,0x00000000f899a500,0x00000000fb800000)
 Metaspace       used 74967K, capacity 79174K, committed 79488K, reserved 1118208K
  class space    used 9513K, capacity 10272K, committed 10368K, reserved 1048576K
}
{Heap before GC invocations=177 (full 0):
 PSYoungGen      total 72704K, used 72192K [0x00000000fb800000, 0x0000000100000000, 0x0000000100000000)
  eden space 71680K, 100% used [0x00000000fb800000,0x00000000ffe00000,0x00000000ffe00000)
  from space 1024K, 50% used [0x00000000fff00000,0x00000000fff80000,0x0000000100000000)
  to   space 1024K, 0% used [0x00000000ffe00000,0x00000000ffe00000,0x00000000fff00000)
 ParOldGen       total 114688K, used 67177K [0x00000000f4800000, 0x00000000fb800000, 0x00000000fb800000)
  object space 114688K, 58% used [0x00000000f4800000,0x00000000f899a500,0x00000000fb800000)
 Metaspace       used 74967K, capacity 79174K, committed 79488K, reserved 1118208K
  class space    used 9513K, capacity 10272K, committed 10368K, reserved 1048576K
2024-06-11T20:50:51.742+0800: 710.955: [GC (Allocation Failure) [PSYoungGen: 72192K->512K(72704K)] 139369K->67769K(187392K), 0.0044040 secs] [Times: user=0.01 sys=0.00, real=0.00 secs] 
Heap after GC invocations=177 (full 0):
 PSYoungGen      total 72704K, used 512K [0x00000000fb800000, 0x0000000100000000, 0x0000000100000000)
  eden space 71680K, 0% used [0x00000000fb800000,0x00000000fb800000,0x00000000ffe00000)
  from space 1024K, 50% used [0x00000000ffe00000,0x00000000ffe80000,0x00000000fff00000)
  to   space 1024K, 0% used [0x00000000fff00000,0x00000000fff00000,0x0000000100000000)
 ParOldGen       total 114688K, used 67257K [0x00000000f4800000, 0x00000000fb800000, 0x00000000fb800000)
  object space 114688K, 58% used [0x00000000f4800000,0x00000000f89ae500,0x00000000fb800000)
 Metaspace       used 74967K, capacity 79174K, committed 79488K, reserved 1118208K
  class space    used 9513K, capacity 10272K, committed 10368K, reserved 1048576K
}
{Heap before GC invocations=178 (full 0):
 PSYoungGen      total 72704K, used 72192K [0x00000000fb800000, 0x0000000100000000, 0x0000000100000000)
  eden space 71680K, 100% used [0x00000000fb800000,0x00000000ffe00000,0x00000000ffe00000)
  from space 1024K, 50% used [0x00000000ffe00000,0x00000000ffe80000,0x00000000fff00000)
  to   space 1024K, 0% used [0x00000000fff00000,0x00000000fff00000,0x0000000100000000)
 ParOldGen       total 114688K, used 67257K [0x00000000f4800000, 0x00000000fb800000, 0x00000000fb800000)
  object space 114688K, 58% used [0x00000000f4800000,0x00000000f89ae500,0x00000000fb800000)
 Metaspace       used 74967K, capacity 79174K, committed 79488K, reserved 1118208K
  class space    used 9513K, capacity 10272K, committed 10368K, reserved 1048576K
2024-06-11T20:50:56.245+0800: 715.458: [GC (Allocation Failure) [PSYoungGen: 72192K->672K(72704K)] 139449K->68009K(187392K), 0.0052751 secs] [Times: user=0.00 sys=0.00, real=0.00 secs] 
Heap after GC invocations=178 (full 0):
 PSYoungGen      total 72704K, used 672K [0x00000000fb800000, 0x0000000100000000, 0x0000000100000000)
  eden space 71680K, 0% used [0x00000000fb800000,0x00000000fb800000,0x00000000ffe00000)
  from space 1024K, 65% used [0x00000000fff00000,0x00000000fffa8000,0x0000000100000000)
  to   space 1024K, 0% used [0x00000000ffe00000,0x00000000ffe00000,0x00000000fff00000)
 ParOldGen       total 114688K, used 67337K [0x00000000f4800000, 0x00000000fb800000, 0x00000000fb800000)
  object space 114688K, 58% used [0x00000000f4800000,0x00000000f89c2500,0x00000000fb800000)
 Metaspace       used 74967K, capacity 79174K, committed 79488K, reserved 1118208K
  class space    used 9513K, capacity 10272K, committed 10368K, reserved 1048576K
}
{Heap before GC invocations=179 (full 0):
 PSYoungGen      total 72704K, used 72352K [0x00000000fb800000, 0x0000000100000000, 0x0000000100000000)
  eden space 71680K, 100% used [0x00000000fb800000,0x00000000ffe00000,0x00000000ffe00000)
  from space 1024K, 65% used [0x00000000fff00000,0x00000000fffa8000,0x0000000100000000)
  to   space 1024K, 0% used [0x00000000ffe00000,0x00000000ffe00000,0x00000000fff00000)
 ParOldGen       total 114688K, used 67337K [0x00000000f4800000, 0x00000000fb800000, 0x00000000fb800000)
  object space 114688K, 58% used [0x00000000f4800000,0x00000000f89c2500,0x00000000fb800000)
 Metaspace       used 74967K, capacity 79174K, committed 79488K, reserved 1118208K
  class space    used 9513K, capacity 10272K, committed 10368K, reserved 1048576K
2024-06-11T20:51:00.502+0800: 719.715: [GC (Allocation Failure) [PSYoungGen: 72352K->1024K(72704K)] 139689K->68641K(187392K), 0.0055341 secs] [Times: user=0.01 sys=0.01, real=0.00 secs] 
Heap after GC invocations=179 (full 0):
 PSYoungGen      total 72704K, used 1024K [0x00000000fb800000, 0x0000000100000000, 0x0000000100000000)
  eden space 71680K, 0% used [0x00000000fb800000,0x00000000fb800000,0x00000000ffe00000)
  from space 1024K, 100% used [0x00000000ffe00000,0x00000000fff00000,0x00000000fff00000)
  to   space 1024K, 0% used [0x00000000fff00000,0x00000000fff00000,0x0000000100000000)
 ParOldGen       total 114688K, used 67617K [0x00000000f4800000, 0x00000000fb800000, 0x00000000fb800000)
  object space 114688K, 58% used [0x00000000f4800000,0x00000000f8a08500,0x00000000fb800000)
 Metaspace       used 74967K, capacity 79174K, committed 79488K, reserved 1118208K
  class space    used 9513K, capacity 10272K, committed 10368K, reserved 1048576K
}
{Heap before GC invocations=180 (full 0):
 PSYoungGen      total 72704K, used 72704K [0x00000000fb800000, 0x0000000100000000, 0x0000000100000000)
  eden space 71680K, 100% used [0x00000000fb800000,0x00000000ffe00000,0x00000000ffe00000)
  from space 1024K, 100% used [0x00000000ffe00000,0x00000000fff00000,0x00000000fff00000)
  to   space 1024K, 0% used [0x00000000fff00000,0x00000000fff00000,0x0000000100000000)
 ParOldGen       total 114688K, used 67617K [0x00000000f4800000, 0x00000000fb800000, 0x00000000fb800000)
  object space 114688K, 58% used [0x00000000f4800000,0x00000000f8a08500,0x00000000fb800000)
 Metaspace       used 74967K, capacity 79174K, committed 79488K, reserved 1118208K
  class space    used 9513K, capacity 10272K, committed 10368K, reserved 1048576K
2024-06-11T20:51:04.854+0800: 724.067: [GC (Allocation Failure) [PSYoungGen: 72704K->544K(71680K)] 140321K->68873K(186368K), 0.0057662 secs] [Times: user=0.01 sys=0.00, real=0.00 secs] 
Heap after GC invocations=180 (full 0):
 PSYoungGen      total 71680K, used 544K [0x00000000fb800000, 0x0000000100000000, 0x0000000100000000)
  eden space 70656K, 0% used [0x00000000fb800000,0x00000000fb800000,0x00000000ffd00000)
  from space 1024K, 53% used [0x00000000fff00000,0x00000000fff88000,0x0000000100000000)
  to   space 1536K, 0% used [0x00000000ffd00000,0x00000000ffd00000,0x00000000ffe80000)
 ParOldGen       total 114688K, used 68329K [0x00000000f4800000, 0x00000000fb800000, 0x00000000fb800000)
  object space 114688K, 59% used [0x00000000f4800000,0x00000000f8aba500,0x00000000fb800000)
 Metaspace       used 74967K, capacity 79174K, committed 79488K, reserved 1118208K
  class space    used 9513K, capacity 10272K, committed 10368K, reserved 1048576K
}
{Heap before GC invocations=181 (full 0):
 PSYoungGen      total 71680K, used 71200K [0x00000000fb800000, 0x0000000100000000, 0x0000000100000000)
  eden space 70656K, 100% used [0x00000000fb800000,0x00000000ffd00000,0x00000000ffd00000)
  from space 1024K, 53% used [0x00000000fff00000,0x00000000fff88000,0x0000000100000000)
  to   space 1536K, 0% used [0x00000000ffd00000,0x00000000ffd00000,0x00000000ffe80000)
 ParOldGen       total 114688K, used 68329K [0x00000000f4800000, 0x00000000fb800000, 0x00000000fb800000)
  object space 114688K, 59% used [0x00000000f4800000,0x00000000f8aba500,0x00000000fb800000)
 Metaspace       used 74973K, capacity 79238K, committed 79488K, reserved 1118208K
  class space    used 9513K, capacity 10272K, committed 10368K, reserved 1048576K
2024-06-11T20:51:09.347+0800: 728.560: [GC (Allocation Failure) [PSYoungGen: 71200K->512K(72192K)] 139529K->68945K(186880K), 0.0045199 secs] [Times: user=0.00 sys=0.00, real=0.01 secs] 
Heap after GC invocations=181 (full 0):
 PSYoungGen      total 72192K, used 512K [0x00000000fb800000, 0x0000000100000000, 0x0000000100000000)
  eden space 70656K, 0% used [0x00000000fb800000,0x00000000fb800000,0x00000000ffd00000)
  from space 1536K, 33% used [0x00000000ffd00000,0x00000000ffd80000,0x00000000ffe80000)
  to   space 1536K, 0% used [0x00000000ffe80000,0x00000000ffe80000,0x0000000100000000)
 ParOldGen       total 114688K, used 68433K [0x00000000f4800000, 0x00000000fb800000, 0x00000000fb800000)
  object space 114688K, 59% used [0x00000000f4800000,0x00000000f8ad4500,0x00000000fb800000)
 Metaspace       used 74973K, capacity 79238K, committed 79488K, reserved 1118208K
  class space    used 9513K, capacity 10272K, committed 10368K, reserved 1048576K
}
{Heap before GC invocations=182 (full 0):
 PSYoungGen      total 72192K, used 71168K [0x00000000fb800000, 0x0000000100000000, 0x0000000100000000)
  eden space 70656K, 100% used [0x00000000fb800000,0x00000000ffd00000,0x00000000ffd00000)
  from space 1536K, 33% used [0x00000000ffd00000,0x00000000ffd80000,0x00000000ffe80000)
  to   space 1536K, 0% used [0x00000000ffe80000,0x00000000ffe80000,0x0000000100000000)
 ParOldGen       total 114688K, used 68433K [0x00000000f4800000, 0x00000000fb800000, 0x00000000fb800000)
  object space 114688K, 59% used [0x00000000f4800000,0x00000000f8ad4500,0x00000000fb800000)
 Metaspace       used 74973K, capacity 79238K, committed 79488K, reserved 1118208K
  class space    used 9513K, capacity 10272K, committed 10368K, reserved 1048576K
2024-06-11T20:51:13.514+0800: 732.727: [GC (Allocation Failure) [PSYoungGen: 71168K->480K(72192K)] 139601K->69001K(186880K), 0.0046329 secs] [Times: user=0.01 sys=0.00, real=0.00 secs] 
Heap after GC invocations=182 (full 0):
 PSYoungGen      total 72192K, used 480K [0x00000000fb800000, 0x0000000100000000, 0x0000000100000000)
  eden space 70656K, 0% used [0x00000000fb800000,0x00000000fb800000,0x00000000ffd00000)
  from space 1536K, 31% used [0x00000000ffe80000,0x00000000ffef8000,0x0000000100000000)
  to   space 1536K, 0% used [0x00000000ffd00000,0x00000000ffd00000,0x00000000ffe80000)
 ParOldGen       total 114688K, used 68521K [0x00000000f4800000, 0x00000000fb800000, 0x00000000fb800000)
  object space 114688K, 59% used [0x00000000f4800000,0x00000000f8aea500,0x00000000fb800000)
 Metaspace       used 74973K, capacity 79238K, committed 79488K, reserved 1118208K
  class space    used 9513K, capacity 10272K, committed 10368K, reserved 1048576K
}
{Heap before GC invocations=183 (full 0):
 PSYoungGen      total 72192K, used 71136K [0x00000000fb800000, 0x0000000100000000, 0x0000000100000000)
  eden space 70656K, 100% used [0x00000000fb800000,0x00000000ffd00000,0x00000000ffd00000)
  from space 1536K, 31% used [0x00000000ffe80000,0x00000000ffef8000,0x0000000100000000)
  to   space 1536K, 0% used [0x00000000ffd00000,0x00000000ffd00000,0x00000000ffe80000)
 ParOldGen       total 114688K, used 68521K [0x00000000f4800000, 0x00000000fb800000, 0x00000000fb800000)
  object space 114688K, 59% used [0x00000000f4800000,0x00000000f8aea500,0x00000000fb800000)
 Metaspace       used 74974K, capacity 79238K, committed 79488K, reserved 1118208K
  class space    used 9513K, capacity 10272K, committed 10368K, reserved 1048576K
2024-06-11T20:51:17.962+0800: 737.176: [GC (Allocation Failure) [PSYoungGen: 71136K->512K(72192K)] 139657K->69113K(186880K), 0.0044420 secs] [Times: user=0.01 sys=0.00, real=0.00 secs] 
Heap after GC invocations=183 (full 0):
 PSYoungGen      total 72192K, used 512K [0x00000000fb800000, 0x0000000100000000, 0x0000000100000000)
  eden space 70656K, 0% used [0x00000000fb800000,0x00000000fb800000,0x00000000ffd00000)
  from space 1536K, 33% used [0x00000000ffd00000,0x00000000ffd80000,0x00000000ffe80000)
  to   space 1536K, 0% used [0x00000000ffe80000,0x00000000ffe80000,0x0000000100000000)
 ParOldGen       total 114688K, used 68601K [0x00000000f4800000, 0x00000000fb800000, 0x00000000fb800000)
  object space 114688K, 59% used [0x00000000f4800000,0x00000000f8afe500,0x00000000fb800000)
 Metaspace       used 74974K, capacity 79238K, committed 79488K, reserved 1118208K
  class space    used 9513K, capacity 10272K, committed 10368K, reserved 1048576K
}
{Heap before GC invocations=184 (full 0):
 PSYoungGen      total 72192K, used 71168K [0x00000000fb800000, 0x0000000100000000, 0x0000000100000000)
  eden space 70656K, 100% used [0x00000000fb800000,0x00000000ffd00000,0x00000000ffd00000)
  from space 1536K, 33% used [0x00000000ffd00000,0x00000000ffd80000,0x00000000ffe80000)
  to   space 1536K, 0% used [0x00000000ffe80000,0x00000000ffe80000,0x0000000100000000)
 ParOldGen       total 114688K, used 68601K [0x00000000f4800000, 0x00000000fb800000, 0x00000000fb800000)
  object space 114688K, 59% used [0x00000000f4800000,0x00000000f8afe500,0x00000000fb800000)
 Metaspace       used 74974K, capacity 79238K, committed 79488K, reserved 1118208K
  class space    used 9513K, capacity 10272K, committed 10368K, reserved 1048576K
2024-06-11T20:51:22.184+0800: 741.397: [GC (Allocation Failure) [PSYoungGen: 71168K->512K(72704K)] 139769K->69201K(187392K), 0.0045959 secs] [Times: user=0.01 sys=0.00, real=0.00 secs] 
Heap after GC invocations=184 (full 0):
 PSYoungGen      total 72704K, used 512K [0x00000000fb800000, 0x0000000100000000, 0x0000000100000000)
  eden space 71168K, 0% used [0x00000000fb800000,0x00000000fb800000,0x00000000ffd80000)
  from space 1536K, 33% used [0x00000000ffe80000,0x00000000fff00000,0x0000000100000000)
  to   space 1024K, 0% used [0x00000000ffd80000,0x00000000ffd80000,0x00000000ffe80000)
 ParOldGen       total 114688K, used 68689K [0x00000000f4800000, 0x00000000fb800000, 0x00000000fb800000)
  object space 114688K, 59% used [0x00000000f4800000,0x00000000f8b14500,0x00000000fb800000)
 Metaspace       used 74974K, capacity 79238K, committed 79488K, reserved 1118208K
  class space    used 9513K, capacity 10272K, committed 10368K, reserved 1048576K
}
{Heap before GC invocations=185 (full 0):
 PSYoungGen      total 72704K, used 71680K [0x00000000fb800000, 0x0000000100000000, 0x0000000100000000)
  eden space 71168K, 100% used [0x00000000fb800000,0x00000000ffd80000,0x00000000ffd80000)
  from space 1536K, 33% used [0x00000000ffe80000,0x00000000fff00000,0x0000000100000000)
  to   space 1024K, 0% used [0x00000000ffd80000,0x00000000ffd80000,0x00000000ffe80000)
 ParOldGen       total 114688K, used 68689K [0x00000000f4800000, 0x00000000fb800000, 0x00000000fb800000)
  object space 114688K, 59% used [0x00000000f4800000,0x00000000f8b14500,0x00000000fb800000)
 Metaspace       used 74979K, capacity 79238K, committed 79488K, reserved 1118208K
  class space    used 9513K, capacity 10272K, committed 10368K, reserved 1048576K
2024-06-11T20:51:26.855+0800: 746.068: [GC (Allocation Failure) [PSYoungGen: 71680K->512K(72192K)] 140369K->69281K(186880K), 0.0074603 secs] [Times: user=0.00 sys=0.00, real=0.01 secs] 
Heap after GC invocations=185 (full 0):
 PSYoungGen      total 72192K, used 512K [0x00000000fb800000, 0x0000000100000000, 0x0000000100000000)
  eden space 71168K, 0% used [0x00000000fb800000,0x00000000fb800000,0x00000000ffd80000)
  from space 1024K, 50% used [0x00000000ffd80000,0x00000000ffe00000,0x00000000ffe80000)
  to   space 1024K, 0% used [0x00000000fff00000,0x00000000fff00000,0x0000000100000000)
 ParOldGen       total 114688K, used 68769K [0x00000000f4800000, 0x00000000fb800000, 0x00000000fb800000)
  object space 114688K, 59% used [0x00000000f4800000,0x00000000f8b28500,0x00000000fb800000)
 Metaspace       used 74979K, capacity 79238K, committed 79488K, reserved 1118208K
  class space    used 9513K, capacity 10272K, committed 10368K, reserved 1048576K
}
{Heap before GC invocations=186 (full 0):
 PSYoungGen      total 72192K, used 71680K [0x00000000fb800000, 0x0000000100000000, 0x0000000100000000)
  eden space 71168K, 100% used [0x00000000fb800000,0x00000000ffd80000,0x00000000ffd80000)
  from space 1024K, 50% used [0x00000000ffd80000,0x00000000ffe00000,0x00000000ffe80000)
  to   space 1024K, 0% used [0x00000000fff00000,0x00000000fff00000,0x0000000100000000)
 ParOldGen       total 114688K, used 68769K [0x00000000f4800000, 0x00000000fb800000, 0x00000000fb800000)
  object space 114688K, 59% used [0x00000000f4800000,0x00000000f8b28500,0x00000000fb800000)
 Metaspace       used 74979K, capacity 79238K, committed 79488K, reserved 1118208K
  class space    used 9513K, capacity 10272K, committed 10368K, reserved 1048576K
2024-06-11T20:51:30.990+0800: 750.203: [GC (Allocation Failure) [PSYoungGen: 71680K->544K(72704K)] 140449K->69401K(187392K), 0.0042729 secs] [Times: user=0.00 sys=0.00, real=0.01 secs] 
Heap after GC invocations=186 (full 0):
 PSYoungGen      total 72704K, used 544K [0x00000000fb800000, 0x0000000100000000, 0x0000000100000000)
  eden space 71680K, 0% used [0x00000000fb800000,0x00000000fb800000,0x00000000ffe00000)
  from space 1024K, 53% used [0x00000000fff00000,0x00000000fff88000,0x0000000100000000)
  to   space 1024K, 0% used [0x00000000ffe00000,0x00000000ffe00000,0x00000000fff00000)
 ParOldGen       total 114688K, used 68857K [0x00000000f4800000, 0x00000000fb800000, 0x00000000fb800000)
  object space 114688K, 60% used [0x00000000f4800000,0x00000000f8b3e500,0x00000000fb800000)
 Metaspace       used 74979K, capacity 79238K, committed 79488K, reserved 1118208K
  class space    used 9513K, capacity 10272K, committed 10368K, reserved 1048576K
}
{Heap before GC invocations=187 (full 0):
 PSYoungGen      total 72704K, used 72224K [0x00000000fb800000, 0x0000000100000000, 0x0000000100000000)
  eden space 71680K, 100% used [0x00000000fb800000,0x00000000ffe00000,0x00000000ffe00000)
  from space 1024K, 53% used [0x00000000fff00000,0x00000000fff88000,0x0000000100000000)
  to   space 1024K, 0% used [0x00000000ffe00000,0x00000000ffe00000,0x00000000fff00000)
 ParOldGen       total 114688K, used 68857K [0x00000000f4800000, 0x00000000fb800000, 0x00000000fb800000)
  object space 114688K, 60% used [0x00000000f4800000,0x00000000f8b3e500,0x00000000fb800000)
 Metaspace       used 74979K, capacity 79238K, committed 79488K, reserved 1118208K
  class space    used 9513K, capacity 10272K, committed 10368K, reserved 1048576K
2024-06-11T20:51:35.287+0800: 754.500: [GC (Allocation Failure) [PSYoungGen: 72224K->480K(72704K)] 141081K->69425K(187392K), 0.0042723 secs] [Times: user=0.01 sys=0.00, real=0.01 secs] 
Heap after GC invocations=187 (full 0):
 PSYoungGen      total 72704K, used 480K [0x00000000fb800000, 0x0000000100000000, 0x0000000100000000)
  eden space 71680K, 0% used [0x00000000fb800000,0x00000000fb800000,0x00000000ffe00000)
  from space 1024K, 46% used [0x00000000ffe00000,0x00000000ffe78000,0x00000000fff00000)
  to   space 1024K, 0% used [0x00000000fff00000,0x00000000fff00000,0x0000000100000000)
 ParOldGen       total 114688K, used 68945K [0x00000000f4800000, 0x00000000fb800000, 0x00000000fb800000)
  object space 114688K, 60% used [0x00000000f4800000,0x00000000f8b54500,0x00000000fb800000)
 Metaspace       used 74979K, capacity 79238K, committed 79488K, reserved 1118208K
  class space    used 9513K, capacity 10272K, committed 10368K, reserved 1048576K
}
{Heap before GC invocations=188 (full 0):
 PSYoungGen      total 72704K, used 72160K [0x00000000fb800000, 0x0000000100000000, 0x0000000100000000)
  eden space 71680K, 100% used [0x00000000fb800000,0x00000000ffe00000,0x00000000ffe00000)
  from space 1024K, 46% used [0x00000000ffe00000,0x00000000ffe78000,0x00000000fff00000)
  to   space 1024K, 0% used [0x00000000fff00000,0x00000000fff00000,0x0000000100000000)
 ParOldGen       total 114688K, used 68945K [0x00000000f4800000, 0x00000000fb800000, 0x00000000fb800000)
  object space 114688K, 60% used [0x00000000f4800000,0x00000000f8b54500,0x00000000fb800000)
 Metaspace       used 74982K, capacity 79238K, committed 79488K, reserved 1118208K
  class space    used 9513K, capacity 10272K, committed 10368K, reserved 1048576K
2024-06-11T20:51:39.929+0800: 759.142: [GC (Allocation Failure) [PSYoungGen: 72160K->512K(72704K)] 141105K->69537K(187392K), 0.0052650 secs] [Times: user=0.01 sys=0.00, real=0.01 secs] 
Heap after GC invocations=188 (full 0):
 PSYoungGen      total 72704K, used 512K [0x00000000fb800000, 0x0000000100000000, 0x0000000100000000)
  eden space 71680K, 0% used [0x00000000fb800000,0x00000000fb800000,0x00000000ffe00000)
  from space 1024K, 50% used [0x00000000fff00000,0x00000000fff80000,0x0000000100000000)
  to   space 1024K, 0% used [0x00000000ffe00000,0x00000000ffe00000,0x00000000fff00000)
 ParOldGen       total 114688K, used 69025K [0x00000000f4800000, 0x00000000fb800000, 0x00000000fb800000)
  object space 114688K, 60% used [0x00000000f4800000,0x00000000f8b68500,0x00000000fb800000)
 Metaspace       used 74982K, capacity 79238K, committed 79488K, reserved 1118208K
  class space    used 9513K, capacity 10272K, committed 10368K, reserved 1048576K
}
{Heap before GC invocations=189 (full 0):
 PSYoungGen      total 72704K, used 72192K [0x00000000fb800000, 0x0000000100000000, 0x0000000100000000)
  eden space 71680K, 100% used [0x00000000fb800000,0x00000000ffe00000,0x00000000ffe00000)
  from space 1024K, 50% used [0x00000000fff00000,0x00000000fff80000,0x0000000100000000)
  to   space 1024K, 0% used [0x00000000ffe00000,0x00000000ffe00000,0x00000000fff00000)
 ParOldGen       total 114688K, used 69025K [0x00000000f4800000, 0x00000000fb800000, 0x00000000fb800000)
  object space 114688K, 60% used [0x00000000f4800000,0x00000000f8b68500,0x00000000fb800000)
 Metaspace       used 74990K, capacity 79302K, committed 79488K, reserved 1118208K
  class space    used 9513K, capacity 10272K, committed 10368K, reserved 1048576K
2024-06-11T20:51:44.258+0800: 763.471: [GC (Allocation Failure) [PSYoungGen: 72192K->512K(72704K)] 141217K->69625K(187392K), 0.0044751 secs] [Times: user=0.00 sys=0.00, real=0.01 secs] 
Heap after GC invocations=189 (full 0):
 PSYoungGen      total 72704K, used 512K [0x00000000fb800000, 0x0000000100000000, 0x0000000100000000)
  eden space 71680K, 0% used [0x00000000fb800000,0x00000000fb800000,0x00000000ffe00000)
  from space 1024K, 50% used [0x00000000ffe00000,0x00000000ffe80000,0x00000000fff00000)
  to   space 1024K, 0% used [0x00000000fff00000,0x00000000fff00000,0x0000000100000000)
 ParOldGen       total 114688K, used 69113K [0x00000000f4800000, 0x00000000fb800000, 0x00000000fb800000)
  object space 114688K, 60% used [0x00000000f4800000,0x00000000f8b7e500,0x00000000fb800000)
 Metaspace       used 74990K, capacity 79302K, committed 79488K, reserved 1118208K
  class space    used 9513K, capacity 10272K, committed 10368K, reserved 1048576K
}
{Heap before GC invocations=190 (full 0):
 PSYoungGen      total 72704K, used 72192K [0x00000000fb800000, 0x0000000100000000, 0x0000000100000000)
  eden space 71680K, 100% used [0x00000000fb800000,0x00000000ffe00000,0x00000000ffe00000)
  from space 1024K, 50% used [0x00000000ffe00000,0x00000000ffe80000,0x00000000fff00000)
  to   space 1024K, 0% used [0x00000000fff00000,0x00000000fff00000,0x0000000100000000)
 ParOldGen       total 114688K, used 69113K [0x00000000f4800000, 0x00000000fb800000, 0x00000000fb800000)
  object space 114688K, 60% used [0x00000000f4800000,0x00000000f8b7e500,0x00000000fb800000)
 Metaspace       used 74990K, capacity 79302K, committed 79488K, reserved 1118208K
  class space    used 9513K, capacity 10272K, committed 10368K, reserved 1048576K
2024-06-11T20:51:48.708+0800: 767.922: [GC (Allocation Failure) [PSYoungGen: 72192K->480K(72704K)] 141305K->69681K(187392K), 0.0044762 secs] [Times: user=0.01 sys=0.00, real=0.01 secs] 
Heap after GC invocations=190 (full 0):
 PSYoungGen      total 72704K, used 480K [0x00000000fb800000, 0x0000000100000000, 0x0000000100000000)
  eden space 71680K, 0% used [0x00000000fb800000,0x00000000fb800000,0x00000000ffe00000)
  from space 1024K, 46% used [0x00000000fff00000,0x00000000fff78000,0x0000000100000000)
  to   space 1024K, 0% used [0x00000000ffe00000,0x00000000ffe00000,0x00000000fff00000)
 ParOldGen       total 114688K, used 69201K [0x00000000f4800000, 0x00000000fb800000, 0x00000000fb800000)
  object space 114688K, 60% used [0x00000000f4800000,0x00000000f8b94500,0x00000000fb800000)
 Metaspace       used 74990K, capacity 79302K, committed 79488K, reserved 1118208K
  class space    used 9513K, capacity 10272K, committed 10368K, reserved 1048576K
}
{Heap before GC invocations=191 (full 0):
 PSYoungGen      total 72704K, used 72159K [0x00000000fb800000, 0x0000000100000000, 0x0000000100000000)
  eden space 71680K, 99% used [0x00000000fb800000,0x00000000ffdffff0,0x00000000ffe00000)
  from space 1024K, 46% used [0x00000000fff00000,0x00000000fff78000,0x0000000100000000)
  to   space 1024K, 0% used [0x00000000ffe00000,0x00000000ffe00000,0x00000000fff00000)
 ParOldGen       total 114688K, used 69201K [0x00000000f4800000, 0x00000000fb800000, 0x00000000fb800000)
  object space 114688K, 60% used [0x00000000f4800000,0x00000000f8b94500,0x00000000fb800000)
 Metaspace       used 74992K, capacity 79302K, committed 79488K, reserved 1118208K
  class space    used 9513K, capacity 10272K, committed 10368K, reserved 1048576K
2024-06-11T20:51:52.857+0800: 772.070: [GC (Allocation Failure) [PSYoungGen: 72159K->1004K(72704K)] 141361K->70293K(187392K), 0.0045955 secs] [Times: user=0.01 sys=0.00, real=0.01 secs] 
Heap after GC invocations=191 (full 0):
 PSYoungGen      total 72704K, used 1004K [0x00000000fb800000, 0x0000000100000000, 0x0000000100000000)
  eden space 71680K, 0% used [0x00000000fb800000,0x00000000fb800000,0x00000000ffe00000)
  from space 1024K, 98% used [0x00000000ffe00000,0x00000000ffefb130,0x00000000fff00000)
  to   space 1024K, 0% used [0x00000000fff00000,0x00000000fff00000,0x0000000100000000)
 ParOldGen       total 114688K, used 69289K [0x00000000f4800000, 0x00000000fb800000, 0x00000000fb800000)
  object space 114688K, 60% used [0x00000000f4800000,0x00000000f8baa500,0x00000000fb800000)
 Metaspace       used 74992K, capacity 79302K, committed 79488K, reserved 1118208K
  class space    used 9513K, capacity 10272K, committed 10368K, reserved 1048576K
}
{Heap before GC invocations=192 (full 0):
 PSYoungGen      total 72704K, used 72684K [0x00000000fb800000, 0x0000000100000000, 0x0000000100000000)
  eden space 71680K, 100% used [0x00000000fb800000,0x00000000ffe00000,0x00000000ffe00000)
  from space 1024K, 98% used [0x00000000ffe00000,0x00000000ffefb130,0x00000000fff00000)
  to   space 1024K, 0% used [0x00000000fff00000,0x00000000fff00000,0x0000000100000000)
 ParOldGen       total 114688K, used 69289K [0x00000000f4800000, 0x00000000fb800000, 0x00000000fb800000)
  object space 114688K, 60% used [0x00000000f4800000,0x00000000f8baa500,0x00000000fb800000)
 Metaspace       used 74992K, capacity 79302K, committed 79488K, reserved 1118208K
  class space    used 9513K, capacity 10272K, committed 10368K, reserved 1048576K
2024-06-11T20:51:57.459+0800: 776.672: [GC (Allocation Failure) [PSYoungGen: 72684K->1024K(71680K)] 141973K->70545K(186368K), 0.0056805 secs] [Times: user=0.01 sys=0.00, real=0.01 secs] 
Heap after GC invocations=192 (full 0):
 PSYoungGen      total 71680K, used 1024K [0x00000000fb800000, 0x0000000100000000, 0x0000000100000000)
  eden space 70656K, 0% used [0x00000000fb800000,0x00000000fb800000,0x00000000ffd00000)
  from space 1024K, 100% used [0x00000000fff00000,0x0000000100000000,0x0000000100000000)
  to   space 1536K, 0% used [0x00000000ffd00000,0x00000000ffd00000,0x00000000ffe80000)
 ParOldGen       total 114688K, used 69521K [0x00000000f4800000, 0x00000000fb800000, 0x00000000fb800000)
  object space 114688K, 60% used [0x00000000f4800000,0x00000000f8be4500,0x00000000fb800000)
 Metaspace       used 74992K, capacity 79302K, committed 79488K, reserved 1118208K
  class space    used 9513K, capacity 10272K, committed 10368K, reserved 1048576K
}
{Heap before GC invocations=193 (full 0):
 PSYoungGen      total 71680K, used 71680K [0x00000000fb800000, 0x0000000100000000, 0x0000000100000000)
  eden space 70656K, 100% used [0x00000000fb800000,0x00000000ffd00000,0x00000000ffd00000)
  from space 1024K, 100% used [0x00000000fff00000,0x0000000100000000,0x0000000100000000)
  to   space 1536K, 0% used [0x00000000ffd00000,0x00000000ffd00000,0x00000000ffe80000)
 ParOldGen       total 114688K, used 69521K [0x00000000f4800000, 0x00000000fb800000, 0x00000000fb800000)
  object space 114688K, 60% used [0x00000000f4800000,0x00000000f8be4500,0x00000000fb800000)
 Metaspace       used 74992K, capacity 79302K, committed 79488K, reserved 1118208K
  class space    used 9513K, capacity 10272K, committed 10368K, reserved 1048576K
2024-06-11T20:52:01.568+0800: 780.781: [GC (Allocation Failure) [PSYoungGen: 71680K->736K(72192K)] 141201K->71217K(186880K), 0.0058361 secs] [Times: user=0.01 sys=0.00, real=0.01 secs] 
Heap after GC invocations=193 (full 0):
 PSYoungGen      total 72192K, used 736K [0x00000000fb800000, 0x0000000100000000, 0x0000000100000000)
  eden space 70656K, 0% used [0x00000000fb800000,0x00000000fb800000,0x00000000ffd00000)
  from space 1536K, 47% used [0x00000000ffd00000,0x00000000ffdb8000,0x00000000ffe80000)
  to   space 1536K, 0% used [0x00000000ffe80000,0x00000000ffe80000,0x0000000100000000)
 ParOldGen       total 114688K, used 70481K [0x00000000f4800000, 0x00000000fb800000, 0x00000000fb800000)
  object space 114688K, 61% used [0x00000000f4800000,0x00000000f8cd4500,0x00000000fb800000)
 Metaspace       used 74992K, capacity 79302K, committed 79488K, reserved 1118208K
  class space    used 9513K, capacity 10272K, committed 10368K, reserved 1048576K
}
{Heap before GC invocations=194 (full 0):
 PSYoungGen      total 72192K, used 71392K [0x00000000fb800000, 0x0000000100000000, 0x0000000100000000)
  eden space 70656K, 100% used [0x00000000fb800000,0x00000000ffd00000,0x00000000ffd00000)
  from space 1536K, 47% used [0x00000000ffd00000,0x00000000ffdb8000,0x00000000ffe80000)
  to   space 1536K, 0% used [0x00000000ffe80000,0x00000000ffe80000,0x0000000100000000)
 ParOldGen       total 114688K, used 70481K [0x00000000f4800000, 0x00000000fb800000, 0x00000000fb800000)
  object space 114688K, 61% used [0x00000000f4800000,0x00000000f8cd4500,0x00000000fb800000)
 Metaspace       used 74992K, capacity 79302K, committed 79488K, reserved 1118208K
  class space    used 9513K, capacity 10272K, committed 10368K, reserved 1048576K
2024-06-11T20:52:05.970+0800: 785.183: [GC (Allocation Failure) [PSYoungGen: 71392K->512K(72192K)] 141873K->71313K(186880K), 0.0050729 secs] [Times: user=0.01 sys=0.00, real=0.01 secs] 
Heap after GC invocations=194 (full 0):
 PSYoungGen      total 72192K, used 512K [0x00000000fb800000, 0x0000000100000000, 0x0000000100000000)
  eden space 70656K, 0% used [0x00000000fb800000,0x00000000fb800000,0x00000000ffd00000)
  from space 1536K, 33% used [0x00000000ffe80000,0x00000000fff00000,0x0000000100000000)
  to   space 1536K, 0% used [0x00000000ffd00000,0x00000000ffd00000,0x00000000ffe80000)
 ParOldGen       total 114688K, used 70801K [0x00000000f4800000, 0x00000000fb800000, 0x00000000fb800000)
  object space 114688K, 61% used [0x00000000f4800000,0x00000000f8d24500,0x00000000fb800000)
 Metaspace       used 74992K, capacity 79302K, committed 79488K, reserved 1118208K
  class space    used 9513K, capacity 10272K, committed 10368K, reserved 1048576K
}
{Heap before GC invocations=195 (full 0):
 PSYoungGen      total 72192K, used 71168K [0x00000000fb800000, 0x0000000100000000, 0x0000000100000000)
  eden space 70656K, 100% used [0x00000000fb800000,0x00000000ffd00000,0x00000000ffd00000)
  from space 1536K, 33% used [0x00000000ffe80000,0x00000000fff00000,0x0000000100000000)
  to   space 1536K, 0% used [0x00000000ffd00000,0x00000000ffd00000,0x00000000ffe80000)
 ParOldGen       total 114688K, used 70801K [0x00000000f4800000, 0x00000000fb800000, 0x00000000fb800000)
  object space 114688K, 61% used [0x00000000f4800000,0x00000000f8d24500,0x00000000fb800000)
 Metaspace       used 74992K, capacity 79302K, committed 79488K, reserved 1118208K
  class space    used 9513K, capacity 10272K, committed 10368K, reserved 1048576K
2024-06-11T20:52:10.369+0800: 789.583: [GC (Allocation Failure) [PSYoungGen: 71168K->544K(72192K)] 141969K->71425K(186880K), 0.0044138 secs] [Times: user=0.01 sys=0.00, real=0.01 secs] 
Heap after GC invocations=195 (full 0):
 PSYoungGen      total 72192K, used 544K [0x00000000fb800000, 0x0000000100000000, 0x0000000100000000)
  eden space 70656K, 0% used [0x00000000fb800000,0x00000000fb800000,0x00000000ffd00000)
  from space 1536K, 35% used [0x00000000ffd00000,0x00000000ffd88000,0x00000000ffe80000)
  to   space 1536K, 0% used [0x00000000ffe80000,0x00000000ffe80000,0x0000000100000000)
 ParOldGen       total 114688K, used 70881K [0x00000000f4800000, 0x00000000fb800000, 0x00000000fb800000)
  object space 114688K, 61% used [0x00000000f4800000,0x00000000f8d38500,0x00000000fb800000)
 Metaspace       used 74992K, capacity 79302K, committed 79488K, reserved 1118208K
  class space    used 9513K, capacity 10272K, committed 10368K, reserved 1048576K
}
{Heap before GC invocations=196 (full 0):
 PSYoungGen      total 72192K, used 71200K [0x00000000fb800000, 0x0000000100000000, 0x0000000100000000)
  eden space 70656K, 100% used [0x00000000fb800000,0x00000000ffd00000,0x00000000ffd00000)
  from space 1536K, 35% used [0x00000000ffd00000,0x00000000ffd88000,0x00000000ffe80000)
  to   space 1536K, 0% used [0x00000000ffe80000,0x00000000ffe80000,0x0000000100000000)
 ParOldGen       total 114688K, used 70881K [0x00000000f4800000, 0x00000000fb800000, 0x00000000fb800000)
  object space 114688K, 61% used [0x00000000f4800000,0x00000000f8d38500,0x00000000fb800000)
 Metaspace       used 74992K, capacity 79302K, committed 79488K, reserved 1118208K
  class space    used 9513K, capacity 10272K, committed 10368K, reserved 1048576K
2024-06-11T20:52:14.613+0800: 793.827: [GC (Allocation Failure) [PSYoungGen: 71200K->544K(72192K)] 142081K->71513K(186880K), 0.0060675 secs] [Times: user=0.00 sys=0.00, real=0.00 secs] 
Heap after GC invocations=196 (full 0):
 PSYoungGen      total 72192K, used 544K [0x00000000fb800000, 0x0000000100000000, 0x0000000100000000)
  eden space 70656K, 0% used [0x00000000fb800000,0x00000000fb800000,0x00000000ffd00000)
  from space 1536K, 35% used [0x00000000ffe80000,0x00000000fff08000,0x0000000100000000)
  to   space 1536K, 0% used [0x00000000ffd00000,0x00000000ffd00000,0x00000000ffe80000)
 ParOldGen       total 114688K, used 70969K [0x00000000f4800000, 0x00000000fb800000, 0x00000000fb800000)
  object space 114688K, 61% used [0x00000000f4800000,0x00000000f8d4e500,0x00000000fb800000)
 Metaspace       used 74992K, capacity 79302K, committed 79488K, reserved 1118208K
  class space    used 9513K, capacity 10272K, committed 10368K, reserved 1048576K
}
{Heap before GC invocations=197 (full 0):
 PSYoungGen      total 72192K, used 71200K [0x00000000fb800000, 0x0000000100000000, 0x0000000100000000)
  eden space 70656K, 100% used [0x00000000fb800000,0x00000000ffd00000,0x00000000ffd00000)
  from space 1536K, 35% used [0x00000000ffe80000,0x00000000fff08000,0x0000000100000000)
  to   space 1536K, 0% used [0x00000000ffd00000,0x00000000ffd00000,0x00000000ffe80000)
 ParOldGen       total 114688K, used 70969K [0x00000000f4800000, 0x00000000fb800000, 0x00000000fb800000)
  object space 114688K, 61% used [0x00000000f4800000,0x00000000f8d4e500,0x00000000fb800000)
 Metaspace       used 74993K, capacity 79302K, committed 79488K, reserved 1118208K
  class space    used 9513K, capacity 10272K, committed 10368K, reserved 1048576K
2024-06-11T20:52:18.940+0800: 798.153: [GC (Allocation Failure) [PSYoungGen: 71200K->512K(72192K)] 142169K->71561K(186880K), 0.0044416 secs] [Times: user=0.00 sys=0.00, real=0.01 secs] 
Heap after GC invocations=197 (full 0):
 PSYoungGen      total 72192K, used 512K [0x00000000fb800000, 0x0000000100000000, 0x0000000100000000)
  eden space 70656K, 0% used [0x00000000fb800000,0x00000000fb800000,0x00000000ffd00000)
  from space 1536K, 33% used [0x00000000ffd00000,0x00000000ffd80000,0x00000000ffe80000)
  to   space 1536K, 0% used [0x00000000ffe80000,0x00000000ffe80000,0x0000000100000000)
 ParOldGen       total 114688K, used 71049K [0x00000000f4800000, 0x00000000fb800000, 0x00000000fb800000)
  object space 114688K, 61% used [0x00000000f4800000,0x00000000f8d62500,0x00000000fb800000)
 Metaspace       used 74993K, capacity 79302K, committed 79488K, reserved 1118208K
  class space    used 9513K, capacity 10272K, committed 10368K, reserved 1048576K
}
{Heap before GC invocations=198 (full 0):
 PSYoungGen      total 72192K, used 71168K [0x00000000fb800000, 0x0000000100000000, 0x0000000100000000)
  eden space 70656K, 100% used [0x00000000fb800000,0x00000000ffd00000,0x00000000ffd00000)
  from space 1536K, 33% used [0x00000000ffd00000,0x00000000ffd80000,0x00000000ffe80000)
  to   space 1536K, 0% used [0x00000000ffe80000,0x00000000ffe80000,0x0000000100000000)
 ParOldGen       total 114688K, used 71049K [0x00000000f4800000, 0x00000000fb800000, 0x00000000fb800000)
  object space 114688K, 61% used [0x00000000f4800000,0x00000000f8d62500,0x00000000fb800000)
 Metaspace       used 74993K, capacity 79302K, committed 79488K, reserved 1118208K
  class space    used 9513K, capacity 10272K, committed 10368K, reserved 1048576K
2024-06-11T20:52:23.068+0800: 802.281: [GC (Allocation Failure) [PSYoungGen: 71168K->972K(72192K)] 142217K->72109K(186880K), 0.0045898 secs] [Times: user=0.01 sys=0.00, real=0.01 secs] 
Heap after GC invocations=198 (full 0):
 PSYoungGen      total 72192K, used 972K [0x00000000fb800000, 0x0000000100000000, 0x0000000100000000)
  eden space 70656K, 0% used [0x00000000fb800000,0x00000000fb800000,0x00000000ffd00000)
  from space 1536K, 63% used [0x00000000ffe80000,0x00000000fff73130,0x0000000100000000)
  to   space 1536K, 0% used [0x00000000ffd00000,0x00000000ffd00000,0x00000000ffe80000)
 ParOldGen       total 114688K, used 71137K [0x00000000f4800000, 0x00000000fb800000, 0x00000000fb800000)
  object space 114688K, 62% used [0x00000000f4800000,0x00000000f8d78500,0x00000000fb800000)
 Metaspace       used 74993K, capacity 79302K, committed 79488K, reserved 1118208K
  class space    used 9513K, capacity 10272K, committed 10368K, reserved 1048576K
}
{Heap before GC invocations=199 (full 0):
 PSYoungGen      total 72192K, used 71628K [0x00000000fb800000, 0x0000000100000000, 0x0000000100000000)
  eden space 70656K, 100% used [0x00000000fb800000,0x00000000ffd00000,0x00000000ffd00000)
  from space 1536K, 63% used [0x00000000ffe80000,0x00000000fff73130,0x0000000100000000)
  to   space 1536K, 0% used [0x00000000ffd00000,0x00000000ffd00000,0x00000000ffe80000)
 ParOldGen       total 114688K, used 71137K [0x00000000f4800000, 0x00000000fb800000, 0x00000000fb800000)
  object space 114688K, 62% used [0x00000000f4800000,0x00000000f8d78500,0x00000000fb800000)
 Metaspace       used 74996K, capacity 79302K, committed 79488K, reserved 1118208K
  class space    used 9513K, capacity 10272K, committed 10368K, reserved 1048576K
2024-06-11T20:52:27.614+0800: 806.827: [GC (Allocation Failure) [PSYoungGen: 71628K->512K(72192K)] 142765K->71721K(186880K), 0.0057601 secs] [Times: user=0.00 sys=0.00, real=0.00 secs] 
Heap after GC invocations=199 (full 0):
 PSYoungGen      total 72192K, used 512K [0x00000000fb800000, 0x0000000100000000, 0x0000000100000000)
  eden space 70656K, 0% used [0x00000000fb800000,0x00000000fb800000,0x00000000ffd00000)
  from space 1536K, 33% used [0x00000000ffd00000,0x00000000ffd80000,0x00000000ffe80000)
  to   space 1536K, 0% used [0x00000000ffe80000,0x00000000ffe80000,0x0000000100000000)
 ParOldGen       total 114688K, used 71209K [0x00000000f4800000, 0x00000000fb800000, 0x00000000fb800000)
  object space 114688K, 62% used [0x00000000f4800000,0x00000000f8d8a500,0x00000000fb800000)
 Metaspace       used 74996K, capacity 79302K, committed 79488K, reserved 1118208K
  class space    used 9513K, capacity 10272K, committed 10368K, reserved 1048576K
}
{Heap before GC invocations=200 (full 0):
 PSYoungGen      total 72192K, used 71168K [0x00000000fb800000, 0x0000000100000000, 0x0000000100000000)
  eden space 70656K, 100% used [0x00000000fb800000,0x00000000ffd00000,0x00000000ffd00000)
  from space 1536K, 33% used [0x00000000ffd00000,0x00000000ffd80000,0x00000000ffe80000)
  to   space 1536K, 0% used [0x00000000ffe80000,0x00000000ffe80000,0x0000000100000000)
 ParOldGen       total 114688K, used 71209K [0x00000000f4800000, 0x00000000fb800000, 0x00000000fb800000)
  object space 114688K, 62% used [0x00000000f4800000,0x00000000f8d8a500,0x00000000fb800000)
 Metaspace       used 74996K, capacity 79302K, committed 79488K, reserved 1118208K
  class space    used 9513K, capacity 10272K, committed 10368K, reserved 1048576K
2024-06-11T20:52:31.877+0800: 811.090: [GC (Allocation Failure) [PSYoungGen: 71168K->512K(72192K)] 142377K->71801K(186880K), 0.0057680 secs] [Times: user=0.00 sys=0.00, real=0.01 secs] 
Heap after GC invocations=200 (full 0):
 PSYoungGen      total 72192K, used 512K [0x00000000fb800000, 0x0000000100000000, 0x0000000100000000)
  eden space 70656K, 0% used [0x00000000fb800000,0x00000000fb800000,0x00000000ffd00000)
  from space 1536K, 33% used [0x00000000ffe80000,0x00000000fff00000,0x0000000100000000)
  to   space 1536K, 0% used [0x00000000ffd00000,0x00000000ffd00000,0x00000000ffe80000)
 ParOldGen       total 114688K, used 71289K [0x00000000f4800000, 0x00000000fb800000, 0x00000000fb800000)
  object space 114688K, 62% used [0x00000000f4800000,0x00000000f8d9e500,0x00000000fb800000)
 Metaspace       used 74996K, capacity 79302K, committed 79488K, reserved 1118208K
  class space    used 9513K, capacity 10272K, committed 10368K, reserved 1048576K
}
{Heap before GC invocations=201 (full 0):
 PSYoungGen      total 72192K, used 71168K [0x00000000fb800000, 0x0000000100000000, 0x0000000100000000)
  eden space 70656K, 100% used [0x00000000fb800000,0x00000000ffd00000,0x00000000ffd00000)
  from space 1536K, 33% used [0x00000000ffe80000,0x00000000fff00000,0x0000000100000000)
  to   space 1536K, 0% used [0x00000000ffd00000,0x00000000ffd00000,0x00000000ffe80000)
 ParOldGen       total 114688K, used 71289K [0x00000000f4800000, 0x00000000fb800000, 0x00000000fb800000)
  object space 114688K, 62% used [0x00000000f4800000,0x00000000f8d9e500,0x00000000fb800000)
 Metaspace       used 74997K, capacity 79302K, committed 79488K, reserved 1118208K
  class space    used 9513K, capacity 10272K, committed 10368K, reserved 1048576K
2024-06-11T20:52:36.185+0800: 815.398: [GC (Allocation Failure) [PSYoungGen: 71168K->544K(72192K)] 142457K->71913K(186880K), 0.0045103 secs] [Times: user=0.01 sys=0.00, real=0.00 secs] 
Heap after GC invocations=201 (full 0):
 PSYoungGen      total 72192K, used 544K [0x00000000fb800000, 0x0000000100000000, 0x0000000100000000)
  eden space 70656K, 0% used [0x00000000fb800000,0x00000000fb800000,0x00000000ffd00000)
  from space 1536K, 35% used [0x00000000ffd00000,0x00000000ffd88000,0x00000000ffe80000)
  to   space 1536K, 0% used [0x00000000ffe80000,0x00000000ffe80000,0x0000000100000000)
 ParOldGen       total 114688K, used 71369K [0x00000000f4800000, 0x00000000fb800000, 0x00000000fb800000)
  object space 114688K, 62% used [0x00000000f4800000,0x00000000f8db2500,0x00000000fb800000)
 Metaspace       used 74997K, capacity 79302K, committed 79488K, reserved 1118208K
  class space    used 9513K, capacity 10272K, committed 10368K, reserved 1048576K
}
{Heap before GC invocations=202 (full 0):
 PSYoungGen      total 72192K, used 71200K [0x00000000fb800000, 0x0000000100000000, 0x0000000100000000)
  eden space 70656K, 100% used [0x00000000fb800000,0x00000000ffd00000,0x00000000ffd00000)
  from space 1536K, 35% used [0x00000000ffd00000,0x00000000ffd88000,0x00000000ffe80000)
  to   space 1536K, 0% used [0x00000000ffe80000,0x00000000ffe80000,0x0000000100000000)
 ParOldGen       total 114688K, used 71369K [0x00000000f4800000, 0x00000000fb800000, 0x00000000fb800000)
  object space 114688K, 62% used [0x00000000f4800000,0x00000000f8db2500,0x00000000fb800000)
 Metaspace       used 75005K, capacity 79302K, committed 79488K, reserved 1118208K
  class space    used 9513K, capacity 10272K, committed 10368K, reserved 1048576K
2024-06-11T20:52:40.533+0800: 819.746: [GC (Allocation Failure) [PSYoungGen: 71200K->512K(72192K)] 142569K->71961K(186880K), 0.0044789 secs] [Times: user=0.01 sys=0.00, real=0.00 secs] 
Heap after GC invocations=202 (full 0):
 PSYoungGen      total 72192K, used 512K [0x00000000fb800000, 0x0000000100000000, 0x0000000100000000)
  eden space 70656K, 0% used [0x00000000fb800000,0x00000000fb800000,0x00000000ffd00000)
  from space 1536K, 33% used [0x00000000ffe80000,0x00000000fff00000,0x0000000100000000)
  to   space 1536K, 0% used [0x00000000ffd00000,0x00000000ffd00000,0x00000000ffe80000)
 ParOldGen       total 114688K, used 71449K [0x00000000f4800000, 0x00000000fb800000, 0x00000000fb800000)
  object space 114688K, 62% used [0x00000000f4800000,0x00000000f8dc6500,0x00000000fb800000)
 Metaspace       used 75005K, capacity 79302K, committed 79488K, reserved 1118208K
  class space    used 9513K, capacity 10272K, committed 10368K, reserved 1048576K
}
{Heap before GC invocations=203 (full 0):
 PSYoungGen      total 72192K, used 71168K [0x00000000fb800000, 0x0000000100000000, 0x0000000100000000)
  eden space 70656K, 100% used [0x00000000fb800000,0x00000000ffd00000,0x00000000ffd00000)
  from space 1536K, 33% used [0x00000000ffe80000,0x00000000fff00000,0x0000000100000000)
  to   space 1536K, 0% used [0x00000000ffd00000,0x00000000ffd00000,0x00000000ffe80000)
 ParOldGen       total 114688K, used 71449K [0x00000000f4800000, 0x00000000fb800000, 0x00000000fb800000)
  object space 114688K, 62% used [0x00000000f4800000,0x00000000f8dc6500,0x00000000fb800000)
 Metaspace       used 75005K, capacity 79302K, committed 79488K, reserved 1118208K
  class space    used 9513K, capacity 10272K, committed 10368K, reserved 1048576K
2024-06-11T20:52:44.913+0800: 824.126: [GC (Allocation Failure) [PSYoungGen: 71168K->512K(72192K)] 142617K->72041K(186880K), 0.0043682 secs] [Times: user=0.01 sys=0.00, real=0.00 secs] 
Heap after GC invocations=203 (full 0):
 PSYoungGen      total 72192K, used 512K [0x00000000fb800000, 0x0000000100000000, 0x0000000100000000)
  eden space 70656K, 0% used [0x00000000fb800000,0x00000000fb800000,0x00000000ffd00000)
  from space 1536K, 33% used [0x00000000ffd00000,0x00000000ffd80000,0x00000000ffe80000)
  to   space 1536K, 0% used [0x00000000ffe80000,0x00000000ffe80000,0x0000000100000000)
 ParOldGen       total 114688K, used 71529K [0x00000000f4800000, 0x00000000fb800000, 0x00000000fb800000)
  object space 114688K, 62% used [0x00000000f4800000,0x00000000f8dda500,0x00000000fb800000)
 Metaspace       used 75005K, capacity 79302K, committed 79488K, reserved 1118208K
  class space    used 9513K, capacity 10272K, committed 10368K, reserved 1048576K
}
{Heap before GC invocations=204 (full 0):
 PSYoungGen      total 72192K, used 71168K [0x00000000fb800000, 0x0000000100000000, 0x0000000100000000)
  eden space 70656K, 100% used [0x00000000fb800000,0x00000000ffd00000,0x00000000ffd00000)
  from space 1536K, 33% used [0x00000000ffd00000,0x00000000ffd80000,0x00000000ffe80000)
  to   space 1536K, 0% used [0x00000000ffe80000,0x00000000ffe80000,0x0000000100000000)
 ParOldGen       total 114688K, used 71529K [0x00000000f4800000, 0x00000000fb800000, 0x00000000fb800000)
  object space 114688K, 62% used [0x00000000f4800000,0x00000000f8dda500,0x00000000fb800000)
 Metaspace       used 75006K, capacity 79302K, committed 79488K, reserved 1118208K
  class space    used 9513K, capacity 10272K, committed 10368K, reserved 1048576K
2024-06-11T20:52:49.246+0800: 828.460: [GC (Allocation Failure) [PSYoungGen: 71168K->544K(72704K)] 142697K->72153K(187392K), 0.0044711 secs] [Times: user=0.01 sys=0.00, real=0.01 secs] 
Heap after GC invocations=204 (full 0):
 PSYoungGen      total 72704K, used 544K [0x00000000fb800000, 0x0000000100000000, 0x0000000100000000)
  eden space 71168K, 0% used [0x00000000fb800000,0x00000000fb800000,0x00000000ffd80000)
  from space 1536K, 35% used [0x00000000ffe80000,0x00000000fff08000,0x0000000100000000)
  to   space 1024K, 0% used [0x00000000ffd80000,0x00000000ffd80000,0x00000000ffe80000)
 ParOldGen       total 114688K, used 71609K [0x00000000f4800000, 0x00000000fb800000, 0x00000000fb800000)
  object space 114688K, 62% used [0x00000000f4800000,0x00000000f8dee500,0x00000000fb800000)
 Metaspace       used 75006K, capacity 79302K, committed 79488K, reserved 1118208K
  class space    used 9513K, capacity 10272K, committed 10368K, reserved 1048576K
}
{Heap before GC invocations=205 (full 0):
 PSYoungGen      total 72704K, used 71712K [0x00000000fb800000, 0x0000000100000000, 0x0000000100000000)
  eden space 71168K, 100% used [0x00000000fb800000,0x00000000ffd80000,0x00000000ffd80000)
  from space 1536K, 35% used [0x00000000ffe80000,0x00000000fff08000,0x0000000100000000)
  to   space 1024K, 0% used [0x00000000ffd80000,0x00000000ffd80000,0x00000000ffe80000)
 ParOldGen       total 114688K, used 71609K [0x00000000f4800000, 0x00000000fb800000, 0x00000000fb800000)
  object space 114688K, 62% used [0x00000000f4800000,0x00000000f8dee500,0x00000000fb800000)
 Metaspace       used 75006K, capacity 79302K, committed 79488K, reserved 1118208K
  class space    used 9513K, capacity 10272K, committed 10368K, reserved 1048576K
2024-06-11T20:52:53.508+0800: 832.721: [GC (Allocation Failure) [PSYoungGen: 71712K->972K(72192K)] 143321K->72669K(186880K), 0.0096320 secs] [Times: user=0.00 sys=0.00, real=0.01 secs] 
Heap after GC invocations=205 (full 0):
 PSYoungGen      total 72192K, used 972K [0x00000000fb800000, 0x0000000100000000, 0x0000000100000000)
  eden space 71168K, 0% used [0x00000000fb800000,0x00000000fb800000,0x00000000ffd80000)
  from space 1024K, 94% used [0x00000000ffd80000,0x00000000ffe73130,0x00000000ffe80000)
  to   space 1536K, 0% used [0x00000000ffe80000,0x00000000ffe80000,0x0000000100000000)
 ParOldGen       total 114688K, used 71697K [0x00000000f4800000, 0x00000000fb800000, 0x00000000fb800000)
  object space 114688K, 62% used [0x00000000f4800000,0x00000000f8e04500,0x00000000fb800000)
 Metaspace       used 75006K, capacity 79302K, committed 79488K, reserved 1118208K
  class space    used 9513K, capacity 10272K, committed 10368K, reserved 1048576K
}
{Heap before GC invocations=206 (full 0):
 PSYoungGen      total 72192K, used 72140K [0x00000000fb800000, 0x0000000100000000, 0x0000000100000000)
  eden space 71168K, 100% used [0x00000000fb800000,0x00000000ffd80000,0x00000000ffd80000)
  from space 1024K, 94% used [0x00000000ffd80000,0x00000000ffe73130,0x00000000ffe80000)
  to   space 1536K, 0% used [0x00000000ffe80000,0x00000000ffe80000,0x0000000100000000)
 ParOldGen       total 114688K, used 71697K [0x00000000f4800000, 0x00000000fb800000, 0x00000000fb800000)
  object space 114688K, 62% used [0x00000000f4800000,0x00000000f8e04500,0x00000000fb800000)
 Metaspace       used 75006K, capacity 79302K, committed 79488K, reserved 1118208K
  class space    used 9513K, capacity 10272K, committed 10368K, reserved 1048576K
2024-06-11T20:52:57.952+0800: 837.165: [GC (Allocation Failure) [PSYoungGen: 72140K->1248K(72192K)] 143837K->73033K(186880K), 0.0054318 secs] [Times: user=0.01 sys=0.00, real=0.00 secs] 
Heap after GC invocations=206 (full 0):
 PSYoungGen      total 72192K, used 1248K [0x00000000fb800000, 0x0000000100000000, 0x0000000100000000)
  eden space 70656K, 0% used [0x00000000fb800000,0x00000000fb800000,0x00000000ffd00000)
  from space 1536K, 81% used [0x00000000ffe80000,0x00000000fffb8000,0x0000000100000000)
  to   space 1536K, 0% used [0x00000000ffd00000,0x00000000ffd00000,0x00000000ffe80000)
 ParOldGen       total 114688K, used 71785K [0x00000000f4800000, 0x00000000fb800000, 0x00000000fb800000)
  object space 114688K, 62% used [0x00000000f4800000,0x00000000f8e1a500,0x00000000fb800000)
 Metaspace       used 75006K, capacity 79302K, committed 79488K, reserved 1118208K
  class space    used 9513K, capacity 10272K, committed 10368K, reserved 1048576K
}
{Heap before GC invocations=207 (full 0):
 PSYoungGen      total 72192K, used 71904K [0x00000000fb800000, 0x0000000100000000, 0x0000000100000000)
  eden space 70656K, 100% used [0x00000000fb800000,0x00000000ffd00000,0x00000000ffd00000)
  from space 1536K, 81% used [0x00000000ffe80000,0x00000000fffb8000,0x0000000100000000)
  to   space 1536K, 0% used [0x00000000ffd00000,0x00000000ffd00000,0x00000000ffe80000)
 ParOldGen       total 114688K, used 71785K [0x00000000f4800000, 0x00000000fb800000, 0x00000000fb800000)
  object space 114688K, 62% used [0x00000000f4800000,0x00000000f8e1a500,0x00000000fb800000)
 Metaspace       used 75008K, capacity 79302K, committed 79488K, reserved 1118208K
  class space    used 9513K, capacity 10272K, committed 10368K, reserved 1048576K
2024-06-11T20:53:02.238+0800: 841.451: [GC (Allocation Failure) [PSYoungGen: 71904K->544K(72192K)] 143689K->73169K(186880K), 0.0053893 secs] [Times: user=0.01 sys=0.00, real=0.01 secs] 
Heap after GC invocations=207 (full 0):
 PSYoungGen      total 72192K, used 544K [0x00000000fb800000, 0x0000000100000000, 0x0000000100000000)
  eden space 70656K, 0% used [0x00000000fb800000,0x00000000fb800000,0x00000000ffd00000)
  from space 1536K, 35% used [0x00000000ffd00000,0x00000000ffd88000,0x00000000ffe80000)
  to   space 1536K, 0% used [0x00000000ffe80000,0x00000000ffe80000,0x0000000100000000)
 ParOldGen       total 114688K, used 72625K [0x00000000f4800000, 0x00000000fb800000, 0x00000000fb800000)
  object space 114688K, 63% used [0x00000000f4800000,0x00000000f8eec500,0x00000000fb800000)
 Metaspace       used 75008K, capacity 79302K, committed 79488K, reserved 1118208K
  class space    used 9513K, capacity 10272K, committed 10368K, reserved 1048576K
}
{Heap before GC invocations=208 (full 0):
 PSYoungGen      total 72192K, used 71200K [0x00000000fb800000, 0x0000000100000000, 0x0000000100000000)
  eden space 70656K, 100% used [0x00000000fb800000,0x00000000ffd00000,0x00000000ffd00000)
  from space 1536K, 35% used [0x00000000ffd00000,0x00000000ffd88000,0x00000000ffe80000)
  to   space 1536K, 0% used [0x00000000ffe80000,0x00000000ffe80000,0x0000000100000000)
 ParOldGen       total 114688K, used 72625K [0x00000000f4800000, 0x00000000fb800000, 0x00000000fb800000)
  object space 114688K, 63% used [0x00000000f4800000,0x00000000f8eec500,0x00000000fb800000)
 Metaspace       used 75008K, capacity 79302K, committed 79488K, reserved 1118208K
  class space    used 9513K, capacity 10272K, committed 10368K, reserved 1048576K
2024-06-11T20:53:06.368+0800: 845.581: [GC (Allocation Failure) [PSYoungGen: 71200K->512K(72192K)] 143825K->73233K(186880K), 0.0043136 secs] [Times: user=0.01 sys=0.00, real=0.01 secs] 
Heap after GC invocations=208 (full 0):
 PSYoungGen      total 72192K, used 512K [0x00000000fb800000, 0x0000000100000000, 0x0000000100000000)
  eden space 70656K, 0% used [0x00000000fb800000,0x00000000fb800000,0x00000000ffd00000)
  from space 1536K, 33% used [0x00000000ffe80000,0x00000000fff00000,0x0000000100000000)
  to   space 1536K, 0% used [0x00000000ffd00000,0x00000000ffd00000,0x00000000ffe80000)
 ParOldGen       total 114688K, used 72721K [0x00000000f4800000, 0x00000000fb800000, 0x00000000fb800000)
  object space 114688K, 63% used [0x00000000f4800000,0x00000000f8f04500,0x00000000fb800000)
 Metaspace       used 75008K, capacity 79302K, committed 79488K, reserved 1118208K
  class space    used 9513K, capacity 10272K, committed 10368K, reserved 1048576K
}
{Heap before GC invocations=209 (full 0):
 PSYoungGen      total 72192K, used 71168K [0x00000000fb800000, 0x0000000100000000, 0x0000000100000000)
  eden space 70656K, 100% used [0x00000000fb800000,0x00000000ffd00000,0x00000000ffd00000)
  from space 1536K, 33% used [0x00000000ffe80000,0x00000000fff00000,0x0000000100000000)
  to   space 1536K, 0% used [0x00000000ffd00000,0x00000000ffd00000,0x00000000ffe80000)
 ParOldGen       total 114688K, used 72721K [0x00000000f4800000, 0x00000000fb800000, 0x00000000fb800000)
  object space 114688K, 63% used [0x00000000f4800000,0x00000000f8f04500,0x00000000fb800000)
 Metaspace       used 75008K, capacity 79302K, committed 79488K, reserved 1118208K
  class space    used 9513K, capacity 10272K, committed 10368K, reserved 1048576K
2024-06-11T20:53:10.867+0800: 850.080: [GC (Allocation Failure) [PSYoungGen: 71168K->512K(72192K)] 143889K->73321K(186880K), 0.0047127 secs] [Times: user=0.01 sys=0.00, real=0.01 secs] 
Heap after GC invocations=209 (full 0):
 PSYoungGen      total 72192K, used 512K [0x00000000fb800000, 0x0000000100000000, 0x0000000100000000)
  eden space 70656K, 0% used [0x00000000fb800000,0x00000000fb800000,0x00000000ffd00000)
  from space 1536K, 33% used [0x00000000ffd00000,0x00000000ffd80000,0x00000000ffe80000)
  to   space 1536K, 0% used [0x00000000ffe80000,0x00000000ffe80000,0x0000000100000000)
 ParOldGen       total 114688K, used 72809K [0x00000000f4800000, 0x00000000fb800000, 0x00000000fb800000)
  object space 114688K, 63% used [0x00000000f4800000,0x00000000f8f1a500,0x00000000fb800000)
 Metaspace       used 75008K, capacity 79302K, committed 79488K, reserved 1118208K
  class space    used 9513K, capacity 10272K, committed 10368K, reserved 1048576K
}
{Heap before GC invocations=210 (full 0):
 PSYoungGen      total 72192K, used 71168K [0x00000000fb800000, 0x0000000100000000, 0x0000000100000000)
  eden space 70656K, 100% used [0x00000000fb800000,0x00000000ffd00000,0x00000000ffd00000)
  from space 1536K, 33% used [0x00000000ffd00000,0x00000000ffd80000,0x00000000ffe80000)
  to   space 1536K, 0% used [0x00000000ffe80000,0x00000000ffe80000,0x0000000100000000)
 ParOldGen       total 114688K, used 72809K [0x00000000f4800000, 0x00000000fb800000, 0x00000000fb800000)
  object space 114688K, 63% used [0x00000000f4800000,0x00000000f8f1a500,0x00000000fb800000)
 Metaspace       used 75015K, capacity 79302K, committed 79488K, reserved 1118208K
  class space    used 9513K, capacity 10272K, committed 10368K, reserved 1048576K
2024-06-11T20:53:15.080+0800: 854.293: [GC (Allocation Failure) [PSYoungGen: 71168K->512K(72192K)] 143977K->73401K(186880K), 0.0044982 secs] [Times: user=0.01 sys=0.00, real=0.01 secs] 
Heap after GC invocations=210 (full 0):
 PSYoungGen      total 72192K, used 512K [0x00000000fb800000, 0x0000000100000000, 0x0000000100000000)
  eden space 70656K, 0% used [0x00000000fb800000,0x00000000fb800000,0x00000000ffd00000)
  from space 1536K, 33% used [0x00000000ffe80000,0x00000000fff00000,0x0000000100000000)
  to   space 1536K, 0% used [0x00000000ffd00000,0x00000000ffd00000,0x00000000ffe80000)
 ParOldGen       total 114688K, used 72889K [0x00000000f4800000, 0x00000000fb800000, 0x00000000fb800000)
  object space 114688K, 63% used [0x00000000f4800000,0x00000000f8f2e500,0x00000000fb800000)
 Metaspace       used 75015K, capacity 79302K, committed 79488K, reserved 1118208K
  class space    used 9513K, capacity 10272K, committed 10368K, reserved 1048576K
}
{Heap before GC invocations=211 (full 0):
 PSYoungGen      total 72192K, used 71168K [0x00000000fb800000, 0x0000000100000000, 0x0000000100000000)
  eden space 70656K, 100% used [0x00000000fb800000,0x00000000ffd00000,0x00000000ffd00000)
  from space 1536K, 33% used [0x00000000ffe80000,0x00000000fff00000,0x0000000100000000)
  to   space 1536K, 0% used [0x00000000ffd00000,0x00000000ffd00000,0x00000000ffe80000)
 ParOldGen       total 114688K, used 72889K [0x00000000f4800000, 0x00000000fb800000, 0x00000000fb800000)
  object space 114688K, 63% used [0x00000000f4800000,0x00000000f8f2e500,0x00000000fb800000)
 Metaspace       used 75031K, capacity 79302K, committed 79488K, reserved 1118208K
  class space    used 9513K, capacity 10272K, committed 10368K, reserved 1048576K
2024-06-11T20:53:19.475+0800: 858.688: [GC (Allocation Failure) [PSYoungGen: 71168K->512K(72192K)] 144057K->73481K(186880K), 0.0043403 secs] [Times: user=0.01 sys=0.01, real=0.00 secs] 
Heap after GC invocations=211 (full 0):
 PSYoungGen      total 72192K, used 512K [0x00000000fb800000, 0x0000000100000000, 0x0000000100000000)
  eden space 70656K, 0% used [0x00000000fb800000,0x00000000fb800000,0x00000000ffd00000)
  from space 1536K, 33% used [0x00000000ffd00000,0x00000000ffd80000,0x00000000ffe80000)
  to   space 1536K, 0% used [0x00000000ffe80000,0x00000000ffe80000,0x0000000100000000)
 ParOldGen       total 114688K, used 72969K [0x00000000f4800000, 0x00000000fb800000, 0x00000000fb800000)
  object space 114688K, 63% used [0x00000000f4800000,0x00000000f8f42500,0x00000000fb800000)
 Metaspace       used 75031K, capacity 79302K, committed 79488K, reserved 1118208K
  class space    used 9513K, capacity 10272K, committed 10368K, reserved 1048576K
}
{Heap before GC invocations=212 (full 0):
 PSYoungGen      total 72192K, used 71168K [0x00000000fb800000, 0x0000000100000000, 0x0000000100000000)
  eden space 70656K, 100% used [0x00000000fb800000,0x00000000ffd00000,0x00000000ffd00000)
  from space 1536K, 33% used [0x00000000ffd00000,0x00000000ffd80000,0x00000000ffe80000)
  to   space 1536K, 0% used [0x00000000ffe80000,0x00000000ffe80000,0x0000000100000000)
 ParOldGen       total 114688K, used 72969K [0x00000000f4800000, 0x00000000fb800000, 0x00000000fb800000)
  object space 114688K, 63% used [0x00000000f4800000,0x00000000f8f42500,0x00000000fb800000)
 Metaspace       used 75031K, capacity 79302K, committed 79488K, reserved 1118208K
  class space    used 9513K, capacity 10272K, committed 10368K, reserved 1048576K
2024-06-11T20:53:23.555+0800: 862.768: [GC (Allocation Failure) [PSYoungGen: 71168K->972K(72192K)] 144137K->74029K(186880K), 0.0044384 secs] [Times: user=0.01 sys=0.00, real=0.00 secs] 
Heap after GC invocations=212 (full 0):
 PSYoungGen      total 72192K, used 972K [0x00000000fb800000, 0x0000000100000000, 0x0000000100000000)
  eden space 70656K, 0% used [0x00000000fb800000,0x00000000fb800000,0x00000000ffd00000)
  from space 1536K, 63% used [0x00000000ffe80000,0x00000000fff73130,0x0000000100000000)
  to   space 1536K, 0% used [0x00000000ffd00000,0x00000000ffd00000,0x00000000ffe80000)
 ParOldGen       total 114688K, used 73057K [0x00000000f4800000, 0x00000000fb800000, 0x00000000fb800000)
  object space 114688K, 63% used [0x00000000f4800000,0x00000000f8f58500,0x00000000fb800000)
 Metaspace       used 75031K, capacity 79302K, committed 79488K, reserved 1118208K
  class space    used 9513K, capacity 10272K, committed 10368K, reserved 1048576K
}
{Heap before GC invocations=213 (full 0):
 PSYoungGen      total 72192K, used 71628K [0x00000000fb800000, 0x0000000100000000, 0x0000000100000000)
  eden space 70656K, 100% used [0x00000000fb800000,0x00000000ffd00000,0x00000000ffd00000)
  from space 1536K, 63% used [0x00000000ffe80000,0x00000000fff73130,0x0000000100000000)
  to   space 1536K, 0% used [0x00000000ffd00000,0x00000000ffd00000,0x00000000ffe80000)
 ParOldGen       total 114688K, used 73057K [0x00000000f4800000, 0x00000000fb800000, 0x00000000fb800000)
  object space 114688K, 63% used [0x00000000f4800000,0x00000000f8f58500,0x00000000fb800000)
 Metaspace       used 75032K, capacity 79302K, committed 79488K, reserved 1118208K
  class space    used 9513K, capacity 10272K, committed 10368K, reserved 1048576K
2024-06-11T20:53:28.074+0800: 867.287: [GC (Allocation Failure) [PSYoungGen: 71628K->512K(72192K)] 144685K->73641K(186880K), 0.0071876 secs] [Times: user=0.01 sys=0.00, real=0.01 secs] 
Heap after GC invocations=213 (full 0):
 PSYoungGen      total 72192K, used 512K [0x00000000fb800000, 0x0000000100000000, 0x0000000100000000)
  eden space 70656K, 0% used [0x00000000fb800000,0x00000000fb800000,0x00000000ffd00000)
  from space 1536K, 33% used [0x00000000ffd00000,0x00000000ffd80000,0x00000000ffe80000)
  to   space 1536K, 0% used [0x00000000ffe80000,0x00000000ffe80000,0x0000000100000000)
 ParOldGen       total 114688K, used 73129K [0x00000000f4800000, 0x00000000fb800000, 0x00000000fb800000)
  object space 114688K, 63% used [0x00000000f4800000,0x00000000f8f6a500,0x00000000fb800000)
 Metaspace       used 75032K, capacity 79302K, committed 79488K, reserved 1118208K
  class space    used 9513K, capacity 10272K, committed 10368K, reserved 1048576K
}
{Heap before GC invocations=214 (full 0):
 PSYoungGen      total 72192K, used 71168K [0x00000000fb800000, 0x0000000100000000, 0x0000000100000000)
  eden space 70656K, 100% used [0x00000000fb800000,0x00000000ffd00000,0x00000000ffd00000)
  from space 1536K, 33% used [0x00000000ffd00000,0x00000000ffd80000,0x00000000ffe80000)
  to   space 1536K, 0% used [0x00000000ffe80000,0x00000000ffe80000,0x0000000100000000)
 ParOldGen       total 114688K, used 73129K [0x00000000f4800000, 0x00000000fb800000, 0x00000000fb800000)
  object space 114688K, 63% used [0x00000000f4800000,0x00000000f8f6a500,0x00000000fb800000)
 Metaspace       used 75032K, capacity 79302K, committed 79488K, reserved 1118208K
  class space    used 9513K, capacity 10272K, committed 10368K, reserved 1048576K
2024-06-11T20:53:32.284+0800: 871.498: [GC (Allocation Failure) [PSYoungGen: 71168K->512K(72192K)] 144297K->73729K(186880K), 0.0045004 secs] [Times: user=0.00 sys=0.00, real=0.00 secs] 
Heap after GC invocations=214 (full 0):
 PSYoungGen      total 72192K, used 512K [0x00000000fb800000, 0x0000000100000000, 0x0000000100000000)
  eden space 70656K, 0% used [0x00000000fb800000,0x00000000fb800000,0x00000000ffd00000)
  from space 1536K, 33% used [0x00000000ffe80000,0x00000000fff00000,0x0000000100000000)
  to   space 1536K, 0% used [0x00000000ffd00000,0x00000000ffd00000,0x00000000ffe80000)
 ParOldGen       total 114688K, used 73217K [0x00000000f4800000, 0x00000000fb800000, 0x00000000fb800000)
  object space 114688K, 63% used [0x00000000f4800000,0x00000000f8f80500,0x00000000fb800000)
 Metaspace       used 75032K, capacity 79302K, committed 79488K, reserved 1118208K
  class space    used 9513K, capacity 10272K, committed 10368K, reserved 1048576K
}
{Heap before GC invocations=215 (full 0):
 PSYoungGen      total 72192K, used 71168K [0x00000000fb800000, 0x0000000100000000, 0x0000000100000000)
  eden space 70656K, 100% used [0x00000000fb800000,0x00000000ffd00000,0x00000000ffd00000)
  from space 1536K, 33% used [0x00000000ffe80000,0x00000000fff00000,0x0000000100000000)
  to   space 1536K, 0% used [0x00000000ffd00000,0x00000000ffd00000,0x00000000ffe80000)
 ParOldGen       total 114688K, used 73217K [0x00000000f4800000, 0x00000000fb800000, 0x00000000fb800000)
  object space 114688K, 63% used [0x00000000f4800000,0x00000000f8f80500,0x00000000fb800000)
 Metaspace       used 75037K, capacity 79302K, committed 79488K, reserved 1118208K
  class space    used 9513K, capacity 10272K, committed 10368K, reserved 1048576K
2024-06-11T20:53:36.913+0800: 876.126: [GC (Allocation Failure) [PSYoungGen: 71168K->512K(72192K)] 144385K->73817K(186880K), 0.0045545 secs] [Times: user=0.01 sys=0.00, real=0.00 secs] 
Heap after GC invocations=215 (full 0):
 PSYoungGen      total 72192K, used 512K [0x00000000fb800000, 0x0000000100000000, 0x0000000100000000)
  eden space 70656K, 0% used [0x00000000fb800000,0x00000000fb800000,0x00000000ffd00000)
  from space 1536K, 33% used [0x00000000ffd00000,0x00000000ffd80000,0x00000000ffe80000)
  to   space 1536K, 0% used [0x00000000ffe80000,0x00000000ffe80000,0x0000000100000000)
 ParOldGen       total 114688K, used 73305K [0x00000000f4800000, 0x00000000fb800000, 0x00000000fb800000)
  object space 114688K, 63% used [0x00000000f4800000,0x00000000f8f96500,0x00000000fb800000)
 Metaspace       used 75037K, capacity 79302K, committed 79488K, reserved 1118208K
  class space    used 9513K, capacity 10272K, committed 10368K, reserved 1048576K
}
{Heap before GC invocations=216 (full 0):
 PSYoungGen      total 72192K, used 71168K [0x00000000fb800000, 0x0000000100000000, 0x0000000100000000)
  eden space 70656K, 100% used [0x00000000fb800000,0x00000000ffd00000,0x00000000ffd00000)
  from space 1536K, 33% used [0x00000000ffd00000,0x00000000ffd80000,0x00000000ffe80000)
  to   space 1536K, 0% used [0x00000000ffe80000,0x00000000ffe80000,0x0000000100000000)
 ParOldGen       total 114688K, used 73305K [0x00000000f4800000, 0x00000000fb800000, 0x00000000fb800000)
  object space 114688K, 63% used [0x00000000f4800000,0x00000000f8f96500,0x00000000fb800000)
 Metaspace       used 75043K, capacity 79302K, committed 79488K, reserved 1118208K
  class space    used 9513K, capacity 10272K, committed 10368K, reserved 1048576K
2024-06-11T20:53:41.095+0800: 880.308: [GC (Allocation Failure) [PSYoungGen: 71168K->544K(72192K)] 144473K->73937K(186880K), 0.0046091 secs] [Times: user=0.01 sys=0.00, real=0.00 secs] 
Heap after GC invocations=216 (full 0):
 PSYoungGen      total 72192K, used 544K [0x00000000fb800000, 0x0000000100000000, 0x0000000100000000)
  eden space 70656K, 0% used [0x00000000fb800000,0x00000000fb800000,0x00000000ffd00000)
  from space 1536K, 35% used [0x00000000ffe80000,0x00000000fff08000,0x0000000100000000)
  to   space 1536K, 0% used [0x00000000ffd00000,0x00000000ffd00000,0x00000000ffe80000)
 ParOldGen       total 114688K, used 73393K [0x00000000f4800000, 0x00000000fb800000, 0x00000000fb800000)
  object space 114688K, 63% used [0x00000000f4800000,0x00000000f8fac500,0x00000000fb800000)
 Metaspace       used 75043K, capacity 79302K, committed 79488K, reserved 1118208K
  class space    used 9513K, capacity 10272K, committed 10368K, reserved 1048576K
}
{Heap before GC invocations=217 (full 0):
 PSYoungGen      total 72192K, used 71200K [0x00000000fb800000, 0x0000000100000000, 0x0000000100000000)
  eden space 70656K, 100% used [0x00000000fb800000,0x00000000ffd00000,0x00000000ffd00000)
  from space 1536K, 35% used [0x00000000ffe80000,0x00000000fff08000,0x0000000100000000)
  to   space 1536K, 0% used [0x00000000ffd00000,0x00000000ffd00000,0x00000000ffe80000)
 ParOldGen       total 114688K, used 73393K [0x00000000f4800000, 0x00000000fb800000, 0x00000000fb800000)
  object space 114688K, 63% used [0x00000000f4800000,0x00000000f8fac500,0x00000000fb800000)
 Metaspace       used 75046K, capacity 79302K, committed 79488K, reserved 1118208K
  class space    used 9513K, capacity 10272K, committed 10368K, reserved 1048576K
2024-06-11T20:53:45.408+0800: 884.621: [GC (Allocation Failure) [PSYoungGen: 71200K->512K(72192K)] 144593K->73993K(186880K), 0.0045470 secs] [Times: user=0.01 sys=0.00, real=0.01 secs] 
Heap after GC invocations=217 (full 0):
 PSYoungGen      total 72192K, used 512K [0x00000000fb800000, 0x0000000100000000, 0x0000000100000000)
  eden space 70656K, 0% used [0x00000000fb800000,0x00000000fb800000,0x00000000ffd00000)
  from space 1536K, 33% used [0x00000000ffd00000,0x00000000ffd80000,0x00000000ffe80000)
  to   space 1536K, 0% used [0x00000000ffe80000,0x00000000ffe80000,0x0000000100000000)
 ParOldGen       total 114688K, used 73481K [0x00000000f4800000, 0x00000000fb800000, 0x00000000fb800000)
  object space 114688K, 64% used [0x00000000f4800000,0x00000000f8fc2500,0x00000000fb800000)
 Metaspace       used 75046K, capacity 79302K, committed 79488K, reserved 1118208K
  class space    used 9513K, capacity 10272K, committed 10368K, reserved 1048576K
}
{Heap before GC invocations=218 (full 0):
 PSYoungGen      total 72192K, used 71168K [0x00000000fb800000, 0x0000000100000000, 0x0000000100000000)
  eden space 70656K, 100% used [0x00000000fb800000,0x00000000ffd00000,0x00000000ffd00000)
  from space 1536K, 33% used [0x00000000ffd00000,0x00000000ffd80000,0x00000000ffe80000)
  to   space 1536K, 0% used [0x00000000ffe80000,0x00000000ffe80000,0x0000000100000000)
 ParOldGen       total 114688K, used 73481K [0x00000000f4800000, 0x00000000fb800000, 0x00000000fb800000)
  object space 114688K, 64% used [0x00000000f4800000,0x00000000f8fc2500,0x00000000fb800000)
 Metaspace       used 75047K, capacity 79302K, committed 79488K, reserved 1118208K
  class space    used 9513K, capacity 10272K, committed 10368K, reserved 1048576K
2024-06-11T20:53:49.805+0800: 889.018: [GC (Allocation Failure) [PSYoungGen: 71168K->480K(72704K)] 144649K->74049K(187392K), 0.0045687 secs] [Times: user=0.00 sys=0.00, real=0.00 secs] 
Heap after GC invocations=218 (full 0):
 PSYoungGen      total 72704K, used 480K [0x00000000fb800000, 0x0000000100000000, 0x0000000100000000)
  eden space 71168K, 0% used [0x00000000fb800000,0x00000000fb800000,0x00000000ffd80000)
  from space 1536K, 31% used [0x00000000ffe80000,0x00000000ffef8000,0x0000000100000000)
  to   space 1024K, 0% used [0x00000000ffd80000,0x00000000ffd80000,0x00000000ffe80000)
 ParOldGen       total 114688K, used 73569K [0x00000000f4800000, 0x00000000fb800000, 0x00000000fb800000)
  object space 114688K, 64% used [0x00000000f4800000,0x00000000f8fd8500,0x00000000fb800000)
 Metaspace       used 75047K, capacity 79302K, committed 79488K, reserved 1118208K
  class space    used 9513K, capacity 10272K, committed 10368K, reserved 1048576K
}
{Heap before GC invocations=219 (full 0):
 PSYoungGen      total 72704K, used 71648K [0x00000000fb800000, 0x0000000100000000, 0x0000000100000000)
  eden space 71168K, 100% used [0x00000000fb800000,0x00000000ffd80000,0x00000000ffd80000)
  from space 1536K, 31% used [0x00000000ffe80000,0x00000000ffef8000,0x0000000100000000)
  to   space 1024K, 0% used [0x00000000ffd80000,0x00000000ffd80000,0x00000000ffe80000)
 ParOldGen       total 114688K, used 73569K [0x00000000f4800000, 0x00000000fb800000, 0x00000000fb800000)
  object space 114688K, 64% used [0x00000000f4800000,0x00000000f8fd8500,0x00000000fb800000)
 Metaspace       used 75048K, capacity 79302K, committed 79488K, reserved 1118208K
  class space    used 9513K, capacity 10272K, committed 10368K, reserved 1048576K
2024-06-11T20:53:53.921+0800: 893.134: [GC (Allocation Failure) [PSYoungGen: 71648K->384K(72192K)] 145217K->74033K(186880K), 0.0054248 secs] [Times: user=0.01 sys=0.00, real=0.00 secs] 
Heap after GC invocations=219 (full 0):
 PSYoungGen      total 72192K, used 384K [0x00000000fb800000, 0x0000000100000000, 0x0000000100000000)
  eden space 71168K, 0% used [0x00000000fb800000,0x00000000fb800000,0x00000000ffd80000)
  from space 1024K, 37% used [0x00000000ffd80000,0x00000000ffde0000,0x00000000ffe80000)
  to   space 1024K, 0% used [0x00000000fff00000,0x00000000fff00000,0x0000000100000000)
 ParOldGen       total 114688K, used 73649K [0x00000000f4800000, 0x00000000fb800000, 0x00000000fb800000)
  object space 114688K, 64% used [0x00000000f4800000,0x00000000f8fec500,0x00000000fb800000)
 Metaspace       used 75048K, capacity 79302K, committed 79488K, reserved 1118208K
  class space    used 9513K, capacity 10272K, committed 10368K, reserved 1048576K
}
{Heap before GC invocations=220 (full 0):
 PSYoungGen      total 72192K, used 71552K [0x00000000fb800000, 0x0000000100000000, 0x0000000100000000)
  eden space 71168K, 100% used [0x00000000fb800000,0x00000000ffd80000,0x00000000ffd80000)
  from space 1024K, 37% used [0x00000000ffd80000,0x00000000ffde0000,0x00000000ffe80000)
  to   space 1024K, 0% used [0x00000000fff00000,0x00000000fff00000,0x0000000100000000)
 ParOldGen       total 114688K, used 73649K [0x00000000f4800000, 0x00000000fb800000, 0x00000000fb800000)
  object space 114688K, 64% used [0x00000000f4800000,0x00000000f8fec500,0x00000000fb800000)
 Metaspace       used 75048K, capacity 79302K, committed 79488K, reserved 1118208K
  class space    used 9513K, capacity 10272K, committed 10368K, reserved 1048576K
2024-06-11T20:53:58.332+0800: 897.545: [GC (Allocation Failure) [PSYoungGen: 71552K->1024K(71680K)] 145201K->75305K(186368K), 0.0064222 secs] [Times: user=0.01 sys=0.00, real=0.00 secs] 
Heap after GC invocations=220 (full 0):
 PSYoungGen      total 71680K, used 1024K [0x00000000fb800000, 0x0000000100000000, 0x0000000100000000)
  eden space 70656K, 0% used [0x00000000fb800000,0x00000000fb800000,0x00000000ffd00000)
  from space 1024K, 100% used [0x00000000fff00000,0x0000000100000000,0x0000000100000000)
  to   space 1536K, 0% used [0x00000000ffd00000,0x00000000ffd00000,0x00000000ffe80000)
 ParOldGen       total 114688K, used 74281K [0x00000000f4800000, 0x00000000fb800000, 0x00000000fb800000)
  object space 114688K, 64% used [0x00000000f4800000,0x00000000f908a500,0x00000000fb800000)
 Metaspace       used 75048K, capacity 79302K, committed 79488K, reserved 1118208K
  class space    used 9513K, capacity 10272K, committed 10368K, reserved 1048576K
}
{Heap before GC invocations=221 (full 0):
 PSYoungGen      total 71680K, used 71680K [0x00000000fb800000, 0x0000000100000000, 0x0000000100000000)
  eden space 70656K, 100% used [0x00000000fb800000,0x00000000ffd00000,0x00000000ffd00000)
  from space 1024K, 100% used [0x00000000fff00000,0x0000000100000000,0x0000000100000000)
  to   space 1536K, 0% used [0x00000000ffd00000,0x00000000ffd00000,0x00000000ffe80000)
 ParOldGen       total 114688K, used 74281K [0x00000000f4800000, 0x00000000fb800000, 0x00000000fb800000)
  object space 114688K, 64% used [0x00000000f4800000,0x00000000f908a500,0x00000000fb800000)
 Metaspace       used 75049K, capacity 79302K, committed 79488K, reserved 1118208K
  class space    used 9513K, capacity 10272K, committed 10368K, reserved 1048576K
2024-06-11T20:54:02.665+0800: 901.878: [GC (Allocation Failure) [PSYoungGen: 71680K->896K(72192K)] 145961K->76145K(186880K), 0.0066368 secs] [Times: user=0.01 sys=0.00, real=0.01 secs] 
Heap after GC invocations=221 (full 0):
 PSYoungGen      total 72192K, used 896K [0x00000000fb800000, 0x0000000100000000, 0x0000000100000000)
  eden space 70656K, 0% used [0x00000000fb800000,0x00000000fb800000,0x00000000ffd00000)
  from space 1536K, 58% used [0x00000000ffd00000,0x00000000ffde0000,0x00000000ffe80000)
  to   space 1536K, 0% used [0x00000000ffe80000,0x00000000ffe80000,0x0000000100000000)
 ParOldGen       total 114688K, used 75249K [0x00000000f4800000, 0x00000000fb800000, 0x00000000fb800000)
  object space 114688K, 65% used [0x00000000f4800000,0x00000000f917c500,0x00000000fb800000)
 Metaspace       used 75049K, capacity 79302K, committed 79488K, reserved 1118208K
  class space    used 9513K, capacity 10272K, committed 10368K, reserved 1048576K
}
{Heap before GC invocations=222 (full 0):
 PSYoungGen      total 72192K, used 71552K [0x00000000fb800000, 0x0000000100000000, 0x0000000100000000)
  eden space 70656K, 100% used [0x00000000fb800000,0x00000000ffd00000,0x00000000ffd00000)
  from space 1536K, 58% used [0x00000000ffd00000,0x00000000ffde0000,0x00000000ffe80000)
  to   space 1536K, 0% used [0x00000000ffe80000,0x00000000ffe80000,0x0000000100000000)
 ParOldGen       total 114688K, used 75249K [0x00000000f4800000, 0x00000000fb800000, 0x00000000fb800000)
  object space 114688K, 65% used [0x00000000f4800000,0x00000000f917c500,0x00000000fb800000)
 Metaspace       used 75049K, capacity 79302K, committed 79488K, reserved 1118208K
  class space    used 9513K, capacity 10272K, committed 10368K, reserved 1048576K
2024-06-11T20:54:06.978+0800: 906.192: [GC (Allocation Failure) [PSYoungGen: 71552K->608K(72192K)] 146801K->76225K(186880K), 0.0052926 secs] [Times: user=0.01 sys=0.00, real=0.01 secs] 
Heap after GC invocations=222 (full 0):
 PSYoungGen      total 72192K, used 608K [0x00000000fb800000, 0x0000000100000000, 0x0000000100000000)
  eden space 70656K, 0% used [0x00000000fb800000,0x00000000fb800000,0x00000000ffd00000)
  from space 1536K, 39% used [0x00000000ffe80000,0x00000000fff18000,0x0000000100000000)
  to   space 1536K, 0% used [0x00000000ffd00000,0x00000000ffd00000,0x00000000ffe80000)
 ParOldGen       total 114688K, used 75617K [0x00000000f4800000, 0x00000000fb800000, 0x00000000fb800000)
  object space 114688K, 65% used [0x00000000f4800000,0x00000000f91d8500,0x00000000fb800000)
 Metaspace       used 75049K, capacity 79302K, committed 79488K, reserved 1118208K
  class space    used 9513K, capacity 10272K, committed 10368K, reserved 1048576K
}
{Heap before GC invocations=223 (full 0):
 PSYoungGen      total 72192K, used 71264K [0x00000000fb800000, 0x0000000100000000, 0x0000000100000000)
  eden space 70656K, 100% used [0x00000000fb800000,0x00000000ffd00000,0x00000000ffd00000)
  from space 1536K, 39% used [0x00000000ffe80000,0x00000000fff18000,0x0000000100000000)
  to   space 1536K, 0% used [0x00000000ffd00000,0x00000000ffd00000,0x00000000ffe80000)
 ParOldGen       total 114688K, used 75617K [0x00000000f4800000, 0x00000000fb800000, 0x00000000fb800000)
  object space 114688K, 65% used [0x00000000f4800000,0x00000000f91d8500,0x00000000fb800000)
 Metaspace       used 75050K, capacity 79302K, committed 79488K, reserved 1118208K
  class space    used 9513K, capacity 10272K, committed 10368K, reserved 1048576K
2024-06-11T20:54:11.382+0800: 910.595: [GC (Allocation Failure) [PSYoungGen: 71264K->608K(72192K)] 146881K->76305K(186880K), 0.0057660 secs] [Times: user=0.01 sys=0.00, real=0.00 secs] 
Heap after GC invocations=223 (full 0):
 PSYoungGen      total 72192K, used 608K [0x00000000fb800000, 0x0000000100000000, 0x0000000100000000)
  eden space 70656K, 0% used [0x00000000fb800000,0x00000000fb800000,0x00000000ffd00000)
  from space 1536K, 39% used [0x00000000ffd00000,0x00000000ffd98000,0x00000000ffe80000)
  to   space 1536K, 0% used [0x00000000ffe80000,0x00000000ffe80000,0x0000000100000000)
 ParOldGen       total 114688K, used 75697K [0x00000000f4800000, 0x00000000fb800000, 0x00000000fb800000)
  object space 114688K, 66% used [0x00000000f4800000,0x00000000f91ec500,0x00000000fb800000)
 Metaspace       used 75050K, capacity 79302K, committed 79488K, reserved 1118208K
  class space    used 9513K, capacity 10272K, committed 10368K, reserved 1048576K
}
{Heap before GC invocations=224 (full 0):
 PSYoungGen      total 72192K, used 71264K [0x00000000fb800000, 0x0000000100000000, 0x0000000100000000)
  eden space 70656K, 100% used [0x00000000fb800000,0x00000000ffd00000,0x00000000ffd00000)
  from space 1536K, 39% used [0x00000000ffd00000,0x00000000ffd98000,0x00000000ffe80000)
  to   space 1536K, 0% used [0x00000000ffe80000,0x00000000ffe80000,0x0000000100000000)
 ParOldGen       total 114688K, used 75697K [0x00000000f4800000, 0x00000000fb800000, 0x00000000fb800000)
  object space 114688K, 66% used [0x00000000f4800000,0x00000000f91ec500,0x00000000fb800000)
 Metaspace       used 75050K, capacity 79302K, committed 79488K, reserved 1118208K
  class space    used 9513K, capacity 10272K, committed 10368K, reserved 1048576K
2024-06-11T20:54:15.731+0800: 914.945: [GC (Allocation Failure) [PSYoungGen: 71264K->640K(72192K)] 146961K->76417K(186880K), 0.0047850 secs] [Times: user=0.00 sys=0.01, real=0.00 secs] 
Heap after GC invocations=224 (full 0):
 PSYoungGen      total 72192K, used 640K [0x00000000fb800000, 0x0000000100000000, 0x0000000100000000)
  eden space 70656K, 0% used [0x00000000fb800000,0x00000000fb800000,0x00000000ffd00000)
  from space 1536K, 41% used [0x00000000ffe80000,0x00000000fff20000,0x0000000100000000)
  to   space 1536K, 0% used [0x00000000ffd00000,0x00000000ffd00000,0x00000000ffe80000)
 ParOldGen       total 114688K, used 75777K [0x00000000f4800000, 0x00000000fb800000, 0x00000000fb800000)
  object space 114688K, 66% used [0x00000000f4800000,0x00000000f9200500,0x00000000fb800000)
 Metaspace       used 75050K, capacity 79302K, committed 79488K, reserved 1118208K
  class space    used 9513K, capacity 10272K, committed 10368K, reserved 1048576K
}
{Heap before GC invocations=225 (full 0):
 PSYoungGen      total 72192K, used 71296K [0x00000000fb800000, 0x0000000100000000, 0x0000000100000000)
  eden space 70656K, 100% used [0x00000000fb800000,0x00000000ffd00000,0x00000000ffd00000)
  from space 1536K, 41% used [0x00000000ffe80000,0x00000000fff20000,0x0000000100000000)
  to   space 1536K, 0% used [0x00000000ffd00000,0x00000000ffd00000,0x00000000ffe80000)
 ParOldGen       total 114688K, used 75777K [0x00000000f4800000, 0x00000000fb800000, 0x00000000fb800000)
  object space 114688K, 66% used [0x00000000f4800000,0x00000000f9200500,0x00000000fb800000)
 Metaspace       used 75050K, capacity 79302K, committed 79488K, reserved 1118208K
  class space    used 9513K, capacity 10272K, committed 10368K, reserved 1048576K
2024-06-11T20:54:19.896+0800: 919.109: [GC (Allocation Failure) [PSYoungGen: 71296K->608K(72192K)] 147073K->76473K(186880K), 0.0048262 secs] [Times: user=0.01 sys=0.00, real=0.01 secs] 
Heap after GC invocations=225 (full 0):
 PSYoungGen      total 72192K, used 608K [0x00000000fb800000, 0x0000000100000000, 0x0000000100000000)
  eden space 70656K, 0% used [0x00000000fb800000,0x00000000fb800000,0x00000000ffd00000)
  from space 1536K, 39% used [0x00000000ffd00000,0x00000000ffd98000,0x00000000ffe80000)
  to   space 1536K, 0% used [0x00000000ffe80000,0x00000000ffe80000,0x0000000100000000)
 ParOldGen       total 114688K, used 75865K [0x00000000f4800000, 0x00000000fb800000, 0x00000000fb800000)
  object space 114688K, 66% used [0x00000000f4800000,0x00000000f9216500,0x00000000fb800000)
 Metaspace       used 75050K, capacity 79302K, committed 79488K, reserved 1118208K
  class space    used 9513K, capacity 10272K, committed 10368K, reserved 1048576K
}
{Heap before GC invocations=226 (full 0):
 PSYoungGen      total 72192K, used 71264K [0x00000000fb800000, 0x0000000100000000, 0x0000000100000000)
  eden space 70656K, 100% used [0x00000000fb800000,0x00000000ffd00000,0x00000000ffd00000)
  from space 1536K, 39% used [0x00000000ffd00000,0x00000000ffd98000,0x00000000ffe80000)
  to   space 1536K, 0% used [0x00000000ffe80000,0x00000000ffe80000,0x0000000100000000)
 ParOldGen       total 114688K, used 75865K [0x00000000f4800000, 0x00000000fb800000, 0x00000000fb800000)
  object space 114688K, 66% used [0x00000000f4800000,0x00000000f9216500,0x00000000fb800000)
 Metaspace       used 75053K, capacity 79302K, committed 79488K, reserved 1118208K
  class space    used 9513K, capacity 10272K, committed 10368K, reserved 1048576K
2024-06-11T20:54:24.438+0800: 923.652: [GC (Allocation Failure) [PSYoungGen: 71264K->608K(72192K)] 147129K->76561K(186880K), 0.0048607 secs] [Times: user=0.01 sys=0.00, real=0.01 secs] 
Heap after GC invocations=226 (full 0):
 PSYoungGen      total 72192K, used 608K [0x00000000fb800000, 0x0000000100000000, 0x0000000100000000)
  eden space 70656K, 0% used [0x00000000fb800000,0x00000000fb800000,0x00000000ffd00000)
  from space 1536K, 39% used [0x00000000ffe80000,0x00000000fff18000,0x0000000100000000)
  to   space 1536K, 0% used [0x00000000ffd00000,0x00000000ffd00000,0x00000000ffe80000)
 ParOldGen       total 114688K, used 75953K [0x00000000f4800000, 0x00000000fb800000, 0x00000000fb800000)
  object space 114688K, 66% used [0x00000000f4800000,0x00000000f922c500,0x00000000fb800000)
 Metaspace       used 75053K, capacity 79302K, committed 79488K, reserved 1118208K
  class space    used 9513K, capacity 10272K, committed 10368K, reserved 1048576K
}
{Heap before GC invocations=227 (full 0):
 PSYoungGen      total 72192K, used 71264K [0x00000000fb800000, 0x0000000100000000, 0x0000000100000000)
  eden space 70656K, 100% used [0x00000000fb800000,0x00000000ffd00000,0x00000000ffd00000)
  from space 1536K, 39% used [0x00000000ffe80000,0x00000000fff18000,0x0000000100000000)
  to   space 1536K, 0% used [0x00000000ffd00000,0x00000000ffd00000,0x00000000ffe80000)
 ParOldGen       total 114688K, used 75953K [0x00000000f4800000, 0x00000000fb800000, 0x00000000fb800000)
  object space 114688K, 66% used [0x00000000f4800000,0x00000000f922c500,0x00000000fb800000)
 Metaspace       used 75053K, capacity 79302K, committed 79488K, reserved 1118208K
  class space    used 9513K, capacity 10272K, committed 10368K, reserved 1048576K
2024-06-11T20:54:28.603+0800: 927.817: [GC (Allocation Failure) [PSYoungGen: 71264K->544K(72192K)] 147217K->76585K(186880K), 0.0051740 secs] [Times: user=0.01 sys=0.00, real=0.00 secs] 
Heap after GC invocations=227 (full 0):
 PSYoungGen      total 72192K, used 544K [0x00000000fb800000, 0x0000000100000000, 0x0000000100000000)
  eden space 70656K, 0% used [0x00000000fb800000,0x00000000fb800000,0x00000000ffd00000)
  from space 1536K, 35% used [0x00000000ffd00000,0x00000000ffd88000,0x00000000ffe80000)
  to   space 1536K, 0% used [0x00000000ffe80000,0x00000000ffe80000,0x0000000100000000)
 ParOldGen       total 114688K, used 76041K [0x00000000f4800000, 0x00000000fb800000, 0x00000000fb800000)
  object space 114688K, 66% used [0x00000000f4800000,0x00000000f9242500,0x00000000fb800000)
 Metaspace       used 75053K, capacity 79302K, committed 79488K, reserved 1118208K
  class space    used 9513K, capacity 10272K, committed 10368K, reserved 1048576K
}
{Heap before GC invocations=228 (full 0):
 PSYoungGen      total 72192K, used 71200K [0x00000000fb800000, 0x0000000100000000, 0x0000000100000000)
  eden space 70656K, 100% used [0x00000000fb800000,0x00000000ffd00000,0x00000000ffd00000)
  from space 1536K, 35% used [0x00000000ffd00000,0x00000000ffd88000,0x00000000ffe80000)
  to   space 1536K, 0% used [0x00000000ffe80000,0x00000000ffe80000,0x0000000100000000)
 ParOldGen       total 114688K, used 76041K [0x00000000f4800000, 0x00000000fb800000, 0x00000000fb800000)
  object space 114688K, 66% used [0x00000000f4800000,0x00000000f9242500,0x00000000fb800000)
 Metaspace       used 75054K, capacity 79302K, committed 79488K, reserved 1118208K
  class space    used 9514K, capacity 10272K, committed 10368K, reserved 1048576K
2024-06-11T20:54:32.973+0800: 932.186: [GC (Allocation Failure) [PSYoungGen: 71200K->640K(72192K)] 147241K->76761K(186880K), 0.0060671 secs] [Times: user=0.01 sys=0.00, real=0.00 secs] 
Heap after GC invocations=228 (full 0):
 PSYoungGen      total 72192K, used 640K [0x00000000fb800000, 0x0000000100000000, 0x0000000100000000)
  eden space 70656K, 0% used [0x00000000fb800000,0x00000000fb800000,0x00000000ffd00000)
  from space 1536K, 41% used [0x00000000ffe80000,0x00000000fff20000,0x0000000100000000)
  to   space 1536K, 0% used [0x00000000ffd00000,0x00000000ffd00000,0x00000000ffe80000)
 ParOldGen       total 114688K, used 76121K [0x00000000f4800000, 0x00000000fb800000, 0x00000000fb800000)
  object space 114688K, 66% used [0x00000000f4800000,0x00000000f9256500,0x00000000fb800000)
 Metaspace       used 75054K, capacity 79302K, committed 79488K, reserved 1118208K
  class space    used 9514K, capacity 10272K, committed 10368K, reserved 1048576K
}
{Heap before GC invocations=229 (full 0):
 PSYoungGen      total 72192K, used 71296K [0x00000000fb800000, 0x0000000100000000, 0x0000000100000000)
  eden space 70656K, 100% used [0x00000000fb800000,0x00000000ffd00000,0x00000000ffd00000)
  from space 1536K, 41% used [0x00000000ffe80000,0x00000000fff20000,0x0000000100000000)
  to   space 1536K, 0% used [0x00000000ffd00000,0x00000000ffd00000,0x00000000ffe80000)
 ParOldGen       total 114688K, used 76121K [0x00000000f4800000, 0x00000000fb800000, 0x00000000fb800000)
  object space 114688K, 66% used [0x00000000f4800000,0x00000000f9256500,0x00000000fb800000)
 Metaspace       used 75054K, capacity 79302K, committed 79488K, reserved 1118208K
  class space    used 9514K, capacity 10272K, committed 10368K, reserved 1048576K
2024-06-11T20:54:37.219+0800: 936.432: [GC (Allocation Failure) [PSYoungGen: 71296K->640K(72192K)] 147417K->76849K(186880K), 0.0047283 secs] [Times: user=0.01 sys=0.00, real=0.01 secs] 
Heap after GC invocations=229 (full 0):
 PSYoungGen      total 72192K, used 640K [0x00000000fb800000, 0x0000000100000000, 0x0000000100000000)
  eden space 70656K, 0% used [0x00000000fb800000,0x00000000fb800000,0x00000000ffd00000)
  from space 1536K, 41% used [0x00000000ffd00000,0x00000000ffda0000,0x00000000ffe80000)
  to   space 1536K, 0% used [0x00000000ffe80000,0x00000000ffe80000,0x0000000100000000)
 ParOldGen       total 114688K, used 76209K [0x00000000f4800000, 0x00000000fb800000, 0x00000000fb800000)
  object space 114688K, 66% used [0x00000000f4800000,0x00000000f926c500,0x00000000fb800000)
 Metaspace       used 75054K, capacity 79302K, committed 79488K, reserved 1118208K
  class space    used 9514K, capacity 10272K, committed 10368K, reserved 1048576K
}
{Heap before GC invocations=230 (full 0):
 PSYoungGen      total 72192K, used 71296K [0x00000000fb800000, 0x0000000100000000, 0x0000000100000000)
  eden space 70656K, 100% used [0x00000000fb800000,0x00000000ffd00000,0x00000000ffd00000)
  from space 1536K, 41% used [0x00000000ffd00000,0x00000000ffda0000,0x00000000ffe80000)
  to   space 1536K, 0% used [0x00000000ffe80000,0x00000000ffe80000,0x0000000100000000)
 ParOldGen       total 114688K, used 76209K [0x00000000f4800000, 0x00000000fb800000, 0x00000000fb800000)
  object space 114688K, 66% used [0x00000000f4800000,0x00000000f926c500,0x00000000fb800000)
 Metaspace       used 75058K, capacity 79302K, committed 79488K, reserved 1118208K
  class space    used 9514K, capacity 10272K, committed 10368K, reserved 1048576K
2024-06-11T20:54:41.751+0800: 940.964: [GC (Allocation Failure) [PSYoungGen: 71296K->608K(72704K)] 147505K->76897K(187392K), 0.0047609 secs] [Times: user=0.00 sys=0.00, real=0.00 secs] 
Heap after GC invocations=230 (full 0):
 PSYoungGen      total 72704K, used 608K [0x00000000fb800000, 0x0000000100000000, 0x0000000100000000)
  eden space 71168K, 0% used [0x00000000fb800000,0x00000000fb800000,0x00000000ffd80000)
  from space 1536K, 39% used [0x00000000ffe80000,0x00000000fff18000,0x0000000100000000)
  to   space 1024K, 0% used [0x00000000ffd80000,0x00000000ffd80000,0x00000000ffe80000)
 ParOldGen       total 114688K, used 76289K [0x00000000f4800000, 0x00000000fb800000, 0x00000000fb800000)
  object space 114688K, 66% used [0x00000000f4800000,0x00000000f9280500,0x00000000fb800000)
 Metaspace       used 75058K, capacity 79302K, committed 79488K, reserved 1118208K
  class space    used 9514K, capacity 10272K, committed 10368K, reserved 1048576K
}
{Heap before GC invocations=231 (full 0):
 PSYoungGen      total 72704K, used 71776K [0x00000000fb800000, 0x0000000100000000, 0x0000000100000000)
  eden space 71168K, 100% used [0x00000000fb800000,0x00000000ffd80000,0x00000000ffd80000)
  from space 1536K, 39% used [0x00000000ffe80000,0x00000000fff18000,0x0000000100000000)
  to   space 1024K, 0% used [0x00000000ffd80000,0x00000000ffd80000,0x00000000ffe80000)
 ParOldGen       total 114688K, used 76289K [0x00000000f4800000, 0x00000000fb800000, 0x00000000fb800000)
  object space 114688K, 66% used [0x00000000f4800000,0x00000000f9280500,0x00000000fb800000)
 Metaspace       used 75058K, capacity 79302K, committed 79488K, reserved 1118208K
  class space    used 9514K, capacity 10272K, committed 10368K, reserved 1048576K
2024-06-11T20:54:45.979+0800: 945.192: [GC (Allocation Failure) [PSYoungGen: 71776K->576K(72192K)] 148065K->76945K(186880K), 0.0047147 secs] [Times: user=0.01 sys=0.00, real=0.01 secs] 
Heap after GC invocations=231 (full 0):
 PSYoungGen      total 72192K, used 576K [0x00000000fb800000, 0x0000000100000000, 0x0000000100000000)
  eden space 71168K, 0% used [0x00000000fb800000,0x00000000fb800000,0x00000000ffd80000)
  from space 1024K, 56% used [0x00000000ffd80000,0x00000000ffe10000,0x00000000ffe80000)
  to   space 1024K, 0% used [0x00000000fff00000,0x00000000fff00000,0x0000000100000000)
 ParOldGen       total 114688K, used 76369K [0x00000000f4800000, 0x00000000fb800000, 0x00000000fb800000)
  object space 114688K, 66% used [0x00000000f4800000,0x00000000f9294500,0x00000000fb800000)
 Metaspace       used 75058K, capacity 79302K, committed 79488K, reserved 1118208K
  class space    used 9514K, capacity 10272K, committed 10368K, reserved 1048576K
}
{Heap before GC invocations=232 (full 0):
 PSYoungGen      total 72192K, used 71744K [0x00000000fb800000, 0x0000000100000000, 0x0000000100000000)
  eden space 71168K, 100% used [0x00000000fb800000,0x00000000ffd80000,0x00000000ffd80000)
  from space 1024K, 56% used [0x00000000ffd80000,0x00000000ffe10000,0x00000000ffe80000)
  to   space 1024K, 0% used [0x00000000fff00000,0x00000000fff00000,0x0000000100000000)
 ParOldGen       total 114688K, used 76369K [0x00000000f4800000, 0x00000000fb800000, 0x00000000fb800000)
  object space 114688K, 66% used [0x00000000f4800000,0x00000000f9294500,0x00000000fb800000)
 Metaspace       used 75060K, capacity 79302K, committed 79488K, reserved 1118208K
  class space    used 9514K, capacity 10272K, committed 10368K, reserved 1048576K
2024-06-11T20:54:50.352+0800: 949.565: [GC (Allocation Failure) [PSYoungGen: 71744K->608K(72704K)] 148113K->77065K(187392K), 0.0046905 secs] [Times: user=0.00 sys=0.00, real=0.00 secs] 
Heap after GC invocations=232 (full 0):
 PSYoungGen      total 72704K, used 608K [0x00000000fb800000, 0x0000000100000000, 0x0000000100000000)
  eden space 71680K, 0% used [0x00000000fb800000,0x00000000fb800000,0x00000000ffe00000)
  from space 1024K, 59% used [0x00000000fff00000,0x00000000fff98000,0x0000000100000000)
  to   space 1024K, 0% used [0x00000000ffe00000,0x00000000ffe00000,0x00000000fff00000)
 ParOldGen       total 114688K, used 76457K [0x00000000f4800000, 0x00000000fb800000, 0x00000000fb800000)
  object space 114688K, 66% used [0x00000000f4800000,0x00000000f92aa500,0x00000000fb800000)
 Metaspace       used 75060K, capacity 79302K, committed 79488K, reserved 1118208K
  class space    used 9514K, capacity 10272K, committed 10368K, reserved 1048576K
}
{Heap before GC invocations=233 (full 0):
 PSYoungGen      total 72704K, used 72288K [0x00000000fb800000, 0x0000000100000000, 0x0000000100000000)
  eden space 71680K, 100% used [0x00000000fb800000,0x00000000ffe00000,0x00000000ffe00000)
  from space 1024K, 59% used [0x00000000fff00000,0x00000000fff98000,0x0000000100000000)
  to   space 1024K, 0% used [0x00000000ffe00000,0x00000000ffe00000,0x00000000fff00000)
 ParOldGen       total 114688K, used 76457K [0x00000000f4800000, 0x00000000fb800000, 0x00000000fb800000)
  object space 114688K, 66% used [0x00000000f4800000,0x00000000f92aa500,0x00000000fb800000)
 Metaspace       used 75066K, capacity 79366K, committed 79488K, reserved 1118208K
  class space    used 9514K, capacity 10272K, committed 10368K, reserved 1048576K
2024-06-11T20:54:54.947+0800: 954.160: [GC (Allocation Failure) [PSYoungGen: 72288K->608K(72704K)] 148745K->77153K(187392K), 0.0047651 secs] [Times: user=0.01 sys=0.00, real=0.01 secs] 
Heap after GC invocations=233 (full 0):
 PSYoungGen      total 72704K, used 608K [0x00000000fb800000, 0x0000000100000000, 0x0000000100000000)
  eden space 71680K, 0% used [0x00000000fb800000,0x00000000fb800000,0x00000000ffe00000)
  from space 1024K, 59% used [0x00000000ffe00000,0x00000000ffe98000,0x00000000fff00000)
  to   space 1024K, 0% used [0x00000000fff00000,0x00000000fff00000,0x0000000100000000)
 ParOldGen       total 114688K, used 76545K [0x00000000f4800000, 0x00000000fb800000, 0x00000000fb800000)
  object space 114688K, 66% used [0x00000000f4800000,0x00000000f92c0500,0x00000000fb800000)
 Metaspace       used 75066K, capacity 79366K, committed 79488K, reserved 1118208K
  class space    used 9514K, capacity 10272K, committed 10368K, reserved 1048576K
}
{Heap before GC invocations=234 (full 0):
 PSYoungGen      total 72704K, used 72288K [0x00000000fb800000, 0x0000000100000000, 0x0000000100000000)
  eden space 71680K, 100% used [0x00000000fb800000,0x00000000ffe00000,0x00000000ffe00000)
  from space 1024K, 59% used [0x00000000ffe00000,0x00000000ffe98000,0x00000000fff00000)
  to   space 1024K, 0% used [0x00000000fff00000,0x00000000fff00000,0x0000000100000000)
 ParOldGen       total 114688K, used 76545K [0x00000000f4800000, 0x00000000fb800000, 0x00000000fb800000)
  object space 114688K, 66% used [0x00000000f4800000,0x00000000f92c0500,0x00000000fb800000)
 Metaspace       used 75066K, capacity 79366K, committed 79488K, reserved 1118208K
  class space    used 9514K, capacity 10272K, committed 10368K, reserved 1048576K
2024-06-11T20:54:59.266+0800: 958.480: [GC (Allocation Failure) [PSYoungGen: 72288K->1024K(71680K)] 148833K->78209K(186368K), 0.0068329 secs] [Times: user=0.00 sys=0.01, real=0.01 secs] 
Heap after GC invocations=234 (full 0):
 PSYoungGen      total 71680K, used 1024K [0x00000000fb800000, 0x0000000100000000, 0x0000000100000000)
  eden space 70656K, 0% used [0x00000000fb800000,0x00000000fb800000,0x00000000ffd00000)
  from space 1024K, 100% used [0x00000000fff00000,0x0000000100000000,0x0000000100000000)
  to   space 1536K, 0% used [0x00000000ffd00000,0x00000000ffd00000,0x00000000ffe80000)
 ParOldGen       total 114688K, used 77185K [0x00000000f4800000, 0x00000000fb800000, 0x00000000fb800000)
  object space 114688K, 67% used [0x00000000f4800000,0x00000000f9360500,0x00000000fb800000)
 Metaspace       used 75066K, capacity 79366K, committed 79488K, reserved 1118208K
  class space    used 9514K, capacity 10272K, committed 10368K, reserved 1048576K
}
{Heap before GC invocations=235 (full 0):
 PSYoungGen      total 71680K, used 71680K [0x00000000fb800000, 0x0000000100000000, 0x0000000100000000)
  eden space 70656K, 100% used [0x00000000fb800000,0x00000000ffd00000,0x00000000ffd00000)
  from space 1024K, 100% used [0x00000000fff00000,0x0000000100000000,0x0000000100000000)
  to   space 1536K, 0% used [0x00000000ffd00000,0x00000000ffd00000,0x00000000ffe80000)
 ParOldGen       total 114688K, used 77185K [0x00000000f4800000, 0x00000000fb800000, 0x00000000fb800000)
  object space 114688K, 67% used [0x00000000f4800000,0x00000000f9360500,0x00000000fb800000)
 Metaspace       used 75066K, capacity 79366K, committed 79488K, reserved 1118208K
  class space    used 9514K, capacity 10272K, committed 10368K, reserved 1048576K
2024-06-11T20:55:03.513+0800: 962.726: [GC (Allocation Failure) [PSYoungGen: 71680K->832K(72192K)] 148865K->78985K(186880K), 0.0059870 secs] [Times: user=0.01 sys=0.01, real=0.00 secs] 
Heap after GC invocations=235 (full 0):
 PSYoungGen      total 72192K, used 832K [0x00000000fb800000, 0x0000000100000000, 0x0000000100000000)
  eden space 70656K, 0% used [0x00000000fb800000,0x00000000fb800000,0x00000000ffd00000)
  from space 1536K, 54% used [0x00000000ffd00000,0x00000000ffdd0000,0x00000000ffe80000)
  to   space 1536K, 0% used [0x00000000ffe80000,0x00000000ffe80000,0x0000000100000000)
 ParOldGen       total 114688K, used 78153K [0x00000000f4800000, 0x00000000fb800000, 0x00000000fb800000)
  object space 114688K, 68% used [0x00000000f4800000,0x00000000f9452500,0x00000000fb800000)
 Metaspace       used 75066K, capacity 79366K, committed 79488K, reserved 1118208K
  class space    used 9514K, capacity 10272K, committed 10368K, reserved 1048576K
}
{Heap before GC invocations=236 (full 0):
 PSYoungGen      total 72192K, used 71397K [0x00000000fb800000, 0x0000000100000000, 0x0000000100000000)
  eden space 70656K, 99% used [0x00000000fb800000,0x00000000ffce9620,0x00000000ffd00000)
  from space 1536K, 54% used [0x00000000ffd00000,0x00000000ffdd0000,0x00000000ffe80000)
  to   space 1536K, 0% used [0x00000000ffe80000,0x00000000ffe80000,0x0000000100000000)
 ParOldGen       total 114688K, used 78153K [0x00000000f4800000, 0x00000000fb800000, 0x00000000fb800000)
  object space 114688K, 68% used [0x00000000f4800000,0x00000000f9452500,0x00000000fb800000)
 Metaspace       used 75067K, capacity 79366K, committed 79488K, reserved 1118208K
  class space    used 9514K, capacity 10272K, committed 10368K, reserved 1048576K
2024-06-11T20:55:07.743+0800: 966.956: [GC (Allocation Failure) [PSYoungGen: 71397K->886K(72192K)] 149550K->79391K(186880K), 0.0059750 secs] [Times: user=0.01 sys=0.00, real=0.00 secs] 
Heap after GC invocations=236 (full 0):
 PSYoungGen      total 72192K, used 886K [0x00000000fb800000, 0x0000000100000000, 0x0000000100000000)
  eden space 70656K, 0% used [0x00000000fb800000,0x00000000fb800000,0x00000000ffd00000)
  from space 1536K, 57% used [0x00000000ffe80000,0x00000000fff5d880,0x0000000100000000)
  to   space 1536K, 0% used [0x00000000ffd00000,0x00000000ffd00000,0x00000000ffe80000)
 ParOldGen       total 114688K, used 78505K [0x00000000f4800000, 0x00000000fb800000, 0x00000000fb800000)
  object space 114688K, 68% used [0x00000000f4800000,0x00000000f94aa500,0x00000000fb800000)
 Metaspace       used 75067K, capacity 79366K, committed 79488K, reserved 1118208K
  class space    used 9514K, capacity 10272K, committed 10368K, reserved 1048576K
}
{Heap before GC invocations=237 (full 0):
 PSYoungGen      total 72192K, used 71542K [0x00000000fb800000, 0x0000000100000000, 0x0000000100000000)
  eden space 70656K, 100% used [0x00000000fb800000,0x00000000ffd00000,0x00000000ffd00000)
  from space 1536K, 57% used [0x00000000ffe80000,0x00000000fff5d880,0x0000000100000000)
  to   space 1536K, 0% used [0x00000000ffd00000,0x00000000ffd00000,0x00000000ffe80000)
 ParOldGen       total 114688K, used 78505K [0x00000000f4800000, 0x00000000fb800000, 0x00000000fb800000)
  object space 114688K, 68% used [0x00000000f4800000,0x00000000f94aa500,0x00000000fb800000)
 Metaspace       used 75067K, capacity 79366K, committed 79488K, reserved 1118208K
  class space    used 9514K, capacity 10272K, committed 10368K, reserved 1048576K
2024-06-11T20:55:12.139+0800: 971.352: [GC (Allocation Failure) [PSYoungGen: 71542K->640K(72192K)] 150047K->79233K(186880K), 0.0048350 secs] [Times: user=0.01 sys=0.00, real=0.01 secs] 
Heap after GC invocations=237 (full 0):
 PSYoungGen      total 72192K, used 640K [0x00000000fb800000, 0x0000000100000000, 0x0000000100000000)
  eden space 70656K, 0% used [0x00000000fb800000,0x00000000fb800000,0x00000000ffd00000)
  from space 1536K, 41% used [0x00000000ffd00000,0x00000000ffda0000,0x00000000ffe80000)
  to   space 1536K, 0% used [0x00000000ffe80000,0x00000000ffe80000,0x0000000100000000)
 ParOldGen       total 114688K, used 78593K [0x00000000f4800000, 0x00000000fb800000, 0x00000000fb800000)
  object space 114688K, 68% used [0x00000000f4800000,0x00000000f94c0500,0x00000000fb800000)
 Metaspace       used 75067K, capacity 79366K, committed 79488K, reserved 1118208K
  class space    used 9514K, capacity 10272K, committed 10368K, reserved 1048576K
}
{Heap before GC invocations=238 (full 0):
 PSYoungGen      total 72192K, used 71296K [0x00000000fb800000, 0x0000000100000000, 0x0000000100000000)
  eden space 70656K, 100% used [0x00000000fb800000,0x00000000ffd00000,0x00000000ffd00000)
  from space 1536K, 41% used [0x00000000ffd00000,0x00000000ffda0000,0x00000000ffe80000)
  to   space 1536K, 0% used [0x00000000ffe80000,0x00000000ffe80000,0x0000000100000000)
 ParOldGen       total 114688K, used 78593K [0x00000000f4800000, 0x00000000fb800000, 0x00000000fb800000)
  object space 114688K, 68% used [0x00000000f4800000,0x00000000f94c0500,0x00000000fb800000)
 Metaspace       used 75067K, capacity 79366K, committed 79488K, reserved 1118208K
  class space    used 9514K, capacity 10272K, committed 10368K, reserved 1048576K
2024-06-11T20:55:16.578+0800: 975.792: [GC (Allocation Failure) [PSYoungGen: 71296K->640K(72192K)] 149889K->79321K(186880K), 0.0047530 secs] [Times: user=0.01 sys=0.00, real=0.01 secs] 
Heap after GC invocations=238 (full 0):
 PSYoungGen      total 72192K, used 640K [0x00000000fb800000, 0x0000000100000000, 0x0000000100000000)
  eden space 70656K, 0% used [0x00000000fb800000,0x00000000fb800000,0x00000000ffd00000)
  from space 1536K, 41% used [0x00000000ffe80000,0x00000000fff20000,0x0000000100000000)
  to   space 1536K, 0% used [0x00000000ffd00000,0x00000000ffd00000,0x00000000ffe80000)
 ParOldGen       total 114688K, used 78681K [0x00000000f4800000, 0x00000000fb800000, 0x00000000fb800000)
  object space 114688K, 68% used [0x00000000f4800000,0x00000000f94d6500,0x00000000fb800000)
 Metaspace       used 75067K, capacity 79366K, committed 79488K, reserved 1118208K
  class space    used 9514K, capacity 10272K, committed 10368K, reserved 1048576K
}
{Heap before GC invocations=239 (full 0):
 PSYoungGen      total 72192K, used 71296K [0x00000000fb800000, 0x0000000100000000, 0x0000000100000000)
  eden space 70656K, 100% used [0x00000000fb800000,0x00000000ffd00000,0x00000000ffd00000)
  from space 1536K, 41% used [0x00000000ffe80000,0x00000000fff20000,0x0000000100000000)
  to   space 1536K, 0% used [0x00000000ffd00000,0x00000000ffd00000,0x00000000ffe80000)
 ParOldGen       total 114688K, used 78681K [0x00000000f4800000, 0x00000000fb800000, 0x00000000fb800000)
  object space 114688K, 68% used [0x00000000f4800000,0x00000000f94d6500,0x00000000fb800000)
 Metaspace       used 75067K, capacity 79366K, committed 79488K, reserved 1118208K
  class space    used 9514K, capacity 10272K, committed 10368K, reserved 1048576K
2024-06-11T20:55:20.889+0800: 980.102: [GC (Allocation Failure) [PSYoungGen: 71296K->640K(72192K)] 149977K->79409K(186880K), 0.0061007 secs] [Times: user=0.01 sys=0.00, real=0.01 secs] 
Heap after GC invocations=239 (full 0):
 PSYoungGen      total 72192K, used 640K [0x00000000fb800000, 0x0000000100000000, 0x0000000100000000)
  eden space 70656K, 0% used [0x00000000fb800000,0x00000000fb800000,0x00000000ffd00000)
  from space 1536K, 41% used [0x00000000ffd00000,0x00000000ffda0000,0x00000000ffe80000)
  to   space 1536K, 0% used [0x00000000ffe80000,0x00000000ffe80000,0x0000000100000000)
 ParOldGen       total 114688K, used 78769K [0x00000000f4800000, 0x00000000fb800000, 0x00000000fb800000)
  object space 114688K, 68% used [0x00000000f4800000,0x00000000f94ec500,0x00000000fb800000)
 Metaspace       used 75067K, capacity 79366K, committed 79488K, reserved 1118208K
  class space    used 9514K, capacity 10272K, committed 10368K, reserved 1048576K
}
{Heap before GC invocations=240 (full 0):
 PSYoungGen      total 72192K, used 71296K [0x00000000fb800000, 0x0000000100000000, 0x0000000100000000)
  eden space 70656K, 100% used [0x00000000fb800000,0x00000000ffd00000,0x00000000ffd00000)
  from space 1536K, 41% used [0x00000000ffd00000,0x00000000ffda0000,0x00000000ffe80000)
  to   space 1536K, 0% used [0x00000000ffe80000,0x00000000ffe80000,0x0000000100000000)
 ParOldGen       total 114688K, used 78769K [0x00000000f4800000, 0x00000000fb800000, 0x00000000fb800000)
  object space 114688K, 68% used [0x00000000f4800000,0x00000000f94ec500,0x00000000fb800000)
 Metaspace       used 75067K, capacity 79366K, committed 79488K, reserved 1118208K
  class space    used 9514K, capacity 10272K, committed 10368K, reserved 1048576K
2024-06-11T20:55:25.182+0800: 984.395: [GC (Allocation Failure) [PSYoungGen: 71296K->608K(72192K)] 150065K->79457K(186880K), 0.0060407 secs] [Times: user=0.01 sys=0.00, real=0.00 secs] 
Heap after GC invocations=240 (full 0):
 PSYoungGen      total 72192K, used 608K [0x00000000fb800000, 0x0000000100000000, 0x0000000100000000)
  eden space 70656K, 0% used [0x00000000fb800000,0x00000000fb800000,0x00000000ffd00000)
  from space 1536K, 39% used [0x00000000ffe80000,0x00000000fff18000,0x0000000100000000)
  to   space 1536K, 0% used [0x00000000ffd00000,0x00000000ffd00000,0x00000000ffe80000)
 ParOldGen       total 114688K, used 78849K [0x00000000f4800000, 0x00000000fb800000, 0x00000000fb800000)
  object space 114688K, 68% used [0x00000000f4800000,0x00000000f9500500,0x00000000fb800000)
 Metaspace       used 75067K, capacity 79366K, committed 79488K, reserved 1118208K
  class space    used 9514K, capacity 10272K, committed 10368K, reserved 1048576K
}
{Heap before GC invocations=241 (full 0):
 PSYoungGen      total 72192K, used 71264K [0x00000000fb800000, 0x0000000100000000, 0x0000000100000000)
  eden space 70656K, 100% used [0x00000000fb800000,0x00000000ffd00000,0x00000000ffd00000)
  from space 1536K, 39% used [0x00000000ffe80000,0x00000000fff18000,0x0000000100000000)
  to   space 1536K, 0% used [0x00000000ffd00000,0x00000000ffd00000,0x00000000ffe80000)
 ParOldGen       total 114688K, used 78849K [0x00000000f4800000, 0x00000000fb800000, 0x00000000fb800000)
  object space 114688K, 68% used [0x00000000f4800000,0x00000000f9500500,0x00000000fb800000)
 Metaspace       used 75067K, capacity 79366K, committed 79488K, reserved 1118208K
  class space    used 9514K, capacity 10272K, committed 10368K, reserved 1048576K
2024-06-11T20:55:29.550+0800: 988.763: [GC (Allocation Failure) [PSYoungGen: 71264K->608K(72192K)] 150113K->79537K(186880K), 0.0047851 secs] [Times: user=0.00 sys=0.00, real=0.01 secs] 
Heap after GC invocations=241 (full 0):
 PSYoungGen      total 72192K, used 608K [0x00000000fb800000, 0x0000000100000000, 0x0000000100000000)
  eden space 70656K, 0% used [0x00000000fb800000,0x00000000fb800000,0x00000000ffd00000)
  from space 1536K, 39% used [0x00000000ffd00000,0x00000000ffd98000,0x00000000ffe80000)
  to   space 1536K, 0% used [0x00000000ffe80000,0x00000000ffe80000,0x0000000100000000)
 ParOldGen       total 114688K, used 78929K [0x00000000f4800000, 0x00000000fb800000, 0x00000000fb800000)
  object space 114688K, 68% used [0x00000000f4800000,0x00000000f9514500,0x00000000fb800000)
 Metaspace       used 75067K, capacity 79366K, committed 79488K, reserved 1118208K
  class space    used 9514K, capacity 10272K, committed 10368K, reserved 1048576K
}
{Heap before GC invocations=242 (full 0):
 PSYoungGen      total 72192K, used 71264K [0x00000000fb800000, 0x0000000100000000, 0x0000000100000000)
  eden space 70656K, 100% used [0x00000000fb800000,0x00000000ffd00000,0x00000000ffd00000)
  from space 1536K, 39% used [0x00000000ffd00000,0x00000000ffd98000,0x00000000ffe80000)
  to   space 1536K, 0% used [0x00000000ffe80000,0x00000000ffe80000,0x0000000100000000)
 ParOldGen       total 114688K, used 78929K [0x00000000f4800000, 0x00000000fb800000, 0x00000000fb800000)
  object space 114688K, 68% used [0x00000000f4800000,0x00000000f9514500,0x00000000fb800000)
 Metaspace       used 75068K, capacity 79366K, committed 79488K, reserved 1118208K
  class space    used 9514K, capacity 10272K, committed 10368K, reserved 1048576K
2024-06-11T20:55:33.726+0800: 992.939: [GC (Allocation Failure) [PSYoungGen: 71264K->720K(72192K)] 150193K->79737K(186880K), 0.0051723 secs] [Times: user=0.01 sys=0.00, real=0.01 secs] 
Heap after GC invocations=242 (full 0):
 PSYoungGen      total 72192K, used 720K [0x00000000fb800000, 0x0000000100000000, 0x0000000100000000)
  eden space 70656K, 0% used [0x00000000fb800000,0x00000000fb800000,0x00000000ffd00000)
  from space 1536K, 46% used [0x00000000ffe80000,0x00000000fff34180,0x0000000100000000)
  to   space 1536K, 0% used [0x00000000ffd00000,0x00000000ffd00000,0x00000000ffe80000)
 ParOldGen       total 114688K, used 79017K [0x00000000f4800000, 0x00000000fb800000, 0x00000000fb800000)
  object space 114688K, 68% used [0x00000000f4800000,0x00000000f952a500,0x00000000fb800000)
 Metaspace       used 75068K, capacity 79366K, committed 79488K, reserved 1118208K
  class space    used 9514K, capacity 10272K, committed 10368K, reserved 1048576K
}
{Heap before GC invocations=243 (full 0):
 PSYoungGen      total 72192K, used 71376K [0x00000000fb800000, 0x0000000100000000, 0x0000000100000000)
  eden space 70656K, 100% used [0x00000000fb800000,0x00000000ffd00000,0x00000000ffd00000)
  from space 1536K, 46% used [0x00000000ffe80000,0x00000000fff34180,0x0000000100000000)
  to   space 1536K, 0% used [0x00000000ffd00000,0x00000000ffd00000,0x00000000ffe80000)
 ParOldGen       total 114688K, used 79017K [0x00000000f4800000, 0x00000000fb800000, 0x00000000fb800000)
  object space 114688K, 68% used [0x00000000f4800000,0x00000000f952a500,0x00000000fb800000)
 Metaspace       used 75068K, capacity 79366K, committed 79488K, reserved 1118208K
  class space    used 9514K, capacity 10272K, committed 10368K, reserved 1048576K
2024-06-11T20:55:38.049+0800: 997.263: [GC (Allocation Failure) [PSYoungGen: 71376K->1100K(72192K)] 150393K->80205K(186880K), 0.0050476 secs] [Times: user=0.01 sys=0.00, real=0.01 secs] 
Heap after GC invocations=243 (full 0):
 PSYoungGen      total 72192K, used 1100K [0x00000000fb800000, 0x0000000100000000, 0x0000000100000000)
  eden space 70656K, 0% used [0x00000000fb800000,0x00000000fb800000,0x00000000ffd00000)
  from space 1536K, 71% used [0x00000000ffd00000,0x00000000ffe13150,0x00000000ffe80000)
  to   space 1536K, 0% used [0x00000000ffe80000,0x00000000ffe80000,0x0000000100000000)
 ParOldGen       total 114688K, used 79105K [0x00000000f4800000, 0x00000000fb800000, 0x00000000fb800000)
  object space 114688K, 68% used [0x00000000f4800000,0x00000000f9540500,0x00000000fb800000)
 Metaspace       used 75068K, capacity 79366K, committed 79488K, reserved 1118208K
  class space    used 9514K, capacity 10272K, committed 10368K, reserved 1048576K
}
{Heap before GC invocations=244 (full 0):
 PSYoungGen      total 72192K, used 71756K [0x00000000fb800000, 0x0000000100000000, 0x0000000100000000)
  eden space 70656K, 100% used [0x00000000fb800000,0x00000000ffd00000,0x00000000ffd00000)
  from space 1536K, 71% used [0x00000000ffd00000,0x00000000ffe13150,0x00000000ffe80000)
  to   space 1536K, 0% used [0x00000000ffe80000,0x00000000ffe80000,0x0000000100000000)
 ParOldGen       total 114688K, used 79105K [0x00000000f4800000, 0x00000000fb800000, 0x00000000fb800000)
  object space 114688K, 68% used [0x00000000f4800000,0x00000000f9540500,0x00000000fb800000)
 Metaspace       used 75070K, capacity 79366K, committed 79488K, reserved 1118208K
  class space    used 9514K, capacity 10272K, committed 10368K, reserved 1048576K
2024-06-11T20:55:42.470+0800: 1001.683: [GC (Allocation Failure) [PSYoungGen: 71756K->608K(72192K)] 150861K->79785K(186880K), 0.0045732 secs] [Times: user=0.01 sys=0.00, real=0.01 secs] 
Heap after GC invocations=244 (full 0):
 PSYoungGen      total 72192K, used 608K [0x00000000fb800000, 0x0000000100000000, 0x0000000100000000)
  eden space 70656K, 0% used [0x00000000fb800000,0x00000000fb800000,0x00000000ffd00000)
  from space 1536K, 39% used [0x00000000ffe80000,0x00000000fff18000,0x0000000100000000)
  to   space 1536K, 0% used [0x00000000ffd00000,0x00000000ffd00000,0x00000000ffe80000)
 ParOldGen       total 114688K, used 79177K [0x00000000f4800000, 0x00000000fb800000, 0x00000000fb800000)
  object space 114688K, 69% used [0x00000000f4800000,0x00000000f9552500,0x00000000fb800000)
 Metaspace       used 75070K, capacity 79366K, committed 79488K, reserved 1118208K
  class space    used 9514K, capacity 10272K, committed 10368K, reserved 1048576K
}
{Heap before GC invocations=245 (full 0):
 PSYoungGen      total 72192K, used 71264K [0x00000000fb800000, 0x0000000100000000, 0x0000000100000000)
  eden space 70656K, 100% used [0x00000000fb800000,0x00000000ffd00000,0x00000000ffd00000)
  from space 1536K, 39% used [0x00000000ffe80000,0x00000000fff18000,0x0000000100000000)
  to   space 1536K, 0% used [0x00000000ffd00000,0x00000000ffd00000,0x00000000ffe80000)
 ParOldGen       total 114688K, used 79177K [0x00000000f4800000, 0x00000000fb800000, 0x00000000fb800000)
  object space 114688K, 69% used [0x00000000f4800000,0x00000000f9552500,0x00000000fb800000)
 Metaspace       used 75070K, capacity 79366K, committed 79488K, reserved 1118208K
  class space    used 9514K, capacity 10272K, committed 10368K, reserved 1048576K
2024-06-11T20:55:46.830+0800: 1006.043: [GC (Allocation Failure) [PSYoungGen: 71264K->608K(72192K)] 150441K->79873K(186880K), 0.0064891 secs] [Times: user=0.01 sys=0.00, real=0.01 secs] 
Heap after GC invocations=245 (full 0):
 PSYoungGen      total 72192K, used 608K [0x00000000fb800000, 0x0000000100000000, 0x0000000100000000)
  eden space 70656K, 0% used [0x00000000fb800000,0x00000000fb800000,0x00000000ffd00000)
  from space 1536K, 39% used [0x00000000ffd00000,0x00000000ffd98000,0x00000000ffe80000)
  to   space 1536K, 0% used [0x00000000ffe80000,0x00000000ffe80000,0x0000000100000000)
 ParOldGen       total 114688K, used 79265K [0x00000000f4800000, 0x00000000fb800000, 0x00000000fb800000)
  object space 114688K, 69% used [0x00000000f4800000,0x00000000f9568500,0x00000000fb800000)
 Metaspace       used 75070K, capacity 79366K, committed 79488K, reserved 1118208K
  class space    used 9514K, capacity 10272K, committed 10368K, reserved 1048576K
}
{Heap before GC invocations=246 (full 0):
 PSYoungGen      total 72192K, used 71264K [0x00000000fb800000, 0x0000000100000000, 0x0000000100000000)
  eden space 70656K, 100% used [0x00000000fb800000,0x00000000ffd00000,0x00000000ffd00000)
  from space 1536K, 39% used [0x00000000ffd00000,0x00000000ffd98000,0x00000000ffe80000)
  to   space 1536K, 0% used [0x00000000ffe80000,0x00000000ffe80000,0x0000000100000000)
 ParOldGen       total 114688K, used 79265K [0x00000000f4800000, 0x00000000fb800000, 0x00000000fb800000)
  object space 114688K, 69% used [0x00000000f4800000,0x00000000f9568500,0x00000000fb800000)
 Metaspace       used 75070K, capacity 79366K, committed 79488K, reserved 1118208K
  class space    used 9514K, capacity 10272K, committed 10368K, reserved 1048576K
2024-06-11T20:55:51.153+0800: 1010.366: [GC (Allocation Failure) [PSYoungGen: 71264K->608K(72192K)] 150529K->79953K(186880K), 0.0059112 secs] [Times: user=0.01 sys=0.00, real=0.00 secs] 
Heap after GC invocations=246 (full 0):
 PSYoungGen      total 72192K, used 608K [0x00000000fb800000, 0x0000000100000000, 0x0000000100000000)
  eden space 70656K, 0% used [0x00000000fb800000,0x00000000fb800000,0x00000000ffd00000)
  from space 1536K, 39% used [0x00000000ffe80000,0x00000000fff18000,0x0000000100000000)
  to   space 1536K, 0% used [0x00000000ffd00000,0x00000000ffd00000,0x00000000ffe80000)
 ParOldGen       total 114688K, used 79345K [0x00000000f4800000, 0x00000000fb800000, 0x00000000fb800000)
  object space 114688K, 69% used [0x00000000f4800000,0x00000000f957c500,0x00000000fb800000)
 Metaspace       used 75070K, capacity 79366K, committed 79488K, reserved 1118208K
  class space    used 9514K, capacity 10272K, committed 10368K, reserved 1048576K
}
{Heap before GC invocations=247 (full 0):
 PSYoungGen      total 72192K, used 71264K [0x00000000fb800000, 0x0000000100000000, 0x0000000100000000)
  eden space 70656K, 100% used [0x00000000fb800000,0x00000000ffd00000,0x00000000ffd00000)
  from space 1536K, 39% used [0x00000000ffe80000,0x00000000fff18000,0x0000000100000000)
  to   space 1536K, 0% used [0x00000000ffd00000,0x00000000ffd00000,0x00000000ffe80000)
 ParOldGen       total 114688K, used 79345K [0x00000000f4800000, 0x00000000fb800000, 0x00000000fb800000)
  object space 114688K, 69% used [0x00000000f4800000,0x00000000f957c500,0x00000000fb800000)
 Metaspace       used 75070K, capacity 79366K, committed 79488K, reserved 1118208K
  class space    used 9514K, capacity 10272K, committed 10368K, reserved 1048576K
2024-06-11T20:55:55.503+0800: 1014.716: [GC (Allocation Failure) [PSYoungGen: 71264K->608K(72192K)] 150609K->80041K(186880K), 0.0047296 secs] [Times: user=0.01 sys=0.00, real=0.00 secs] 
Heap after GC invocations=247 (full 0):
 PSYoungGen      total 72192K, used 608K [0x00000000fb800000, 0x0000000100000000, 0x0000000100000000)
  eden space 70656K, 0% used [0x00000000fb800000,0x00000000fb800000,0x00000000ffd00000)
  from space 1536K, 39% used [0x00000000ffd00000,0x00000000ffd98000,0x00000000ffe80000)
  to   space 1536K, 0% used [0x00000000ffe80000,0x00000000ffe80000,0x0000000100000000)
 ParOldGen       total 114688K, used 79433K [0x00000000f4800000, 0x00000000fb800000, 0x00000000fb800000)
  object space 114688K, 69% used [0x00000000f4800000,0x00000000f9592500,0x00000000fb800000)
 Metaspace       used 75070K, capacity 79366K, committed 79488K, reserved 1118208K
  class space    used 9514K, capacity 10272K, committed 10368K, reserved 1048576K
}
{Heap before GC invocations=248 (full 0):
 PSYoungGen      total 72192K, used 71264K [0x00000000fb800000, 0x0000000100000000, 0x0000000100000000)
  eden space 70656K, 100% used [0x00000000fb800000,0x00000000ffd00000,0x00000000ffd00000)
  from space 1536K, 39% used [0x00000000ffd00000,0x00000000ffd98000,0x00000000ffe80000)
  to   space 1536K, 0% used [0x00000000ffe80000,0x00000000ffe80000,0x0000000100000000)
 ParOldGen       total 114688K, used 79433K [0x00000000f4800000, 0x00000000fb800000, 0x00000000fb800000)
  object space 114688K, 69% used [0x00000000f4800000,0x00000000f9592500,0x00000000fb800000)
 Metaspace       used 75070K, capacity 79366K, committed 79488K, reserved 1118208K
  class space    used 9514K, capacity 10272K, committed 10368K, reserved 1048576K
2024-06-11T20:55:59.969+0800: 1019.183: [GC (Allocation Failure) [PSYoungGen: 71264K->1536K(72192K)] 150697K->81097K(186880K), 0.0061099 secs] [Times: user=0.01 sys=0.00, real=0.01 secs] 
Heap after GC invocations=248 (full 0):
 PSYoungGen      total 72192K, used 1536K [0x00000000fb800000, 0x0000000100000000, 0x0000000100000000)
  eden space 70656K, 0% used [0x00000000fb800000,0x00000000fb800000,0x00000000ffd00000)
  from space 1536K, 100% used [0x00000000ffe80000,0x0000000100000000,0x0000000100000000)
  to   space 1536K, 0% used [0x00000000ffd00000,0x00000000ffd00000,0x00000000ffe80000)
 ParOldGen       total 114688K, used 79561K [0x00000000f4800000, 0x00000000fb800000, 0x00000000fb800000)
  object space 114688K, 69% used [0x00000000f4800000,0x00000000f95b2500,0x00000000fb800000)
 Metaspace       used 75070K, capacity 79366K, committed 79488K, reserved 1118208K
  class space    used 9514K, capacity 10272K, committed 10368K, reserved 1048576K
}
{Heap before GC invocations=249 (full 0):
 PSYoungGen      total 72192K, used 72192K [0x00000000fb800000, 0x0000000100000000, 0x0000000100000000)
  eden space 70656K, 100% used [0x00000000fb800000,0x00000000ffd00000,0x00000000ffd00000)
  from space 1536K, 100% used [0x00000000ffe80000,0x0000000100000000,0x0000000100000000)
  to   space 1536K, 0% used [0x00000000ffd00000,0x00000000ffd00000,0x00000000ffe80000)
 ParOldGen       total 114688K, used 79561K [0x00000000f4800000, 0x00000000fb800000, 0x00000000fb800000)
  object space 114688K, 69% used [0x00000000f4800000,0x00000000f95b2500,0x00000000fb800000)
 Metaspace       used 75070K, capacity 79366K, committed 79488K, reserved 1118208K
  class space    used 9514K, capacity 10272K, committed 10368K, reserved 1048576K
2024-06-11T20:56:04.097+0800: 1023.310: [GC (Allocation Failure) [PSYoungGen: 72192K->736K(72192K)] 151753K->81537K(186880K), 0.0063462 secs] [Times: user=0.01 sys=0.00, real=0.01 secs] 
Heap after GC invocations=249 (full 0):
 PSYoungGen      total 72192K, used 736K [0x00000000fb800000, 0x0000000100000000, 0x0000000100000000)
  eden space 70656K, 0% used [0x00000000fb800000,0x00000000fb800000,0x00000000ffd00000)
  from space 1536K, 47% used [0x00000000ffd00000,0x00000000ffdb8000,0x00000000ffe80000)
  to   space 1536K, 0% used [0x00000000ffe80000,0x00000000ffe80000,0x0000000100000000)
 ParOldGen       total 114688K, used 80801K [0x00000000f4800000, 0x00000000fb800000, 0x00000000fb800000)
  object space 114688K, 70% used [0x00000000f4800000,0x00000000f96e8500,0x00000000fb800000)
 Metaspace       used 75070K, capacity 79366K, committed 79488K, reserved 1118208K
  class space    used 9514K, capacity 10272K, committed 10368K, reserved 1048576K
}
{Heap before GC invocations=250 (full 0):
 PSYoungGen      total 72192K, used 71392K [0x00000000fb800000, 0x0000000100000000, 0x0000000100000000)
  eden space 70656K, 100% used [0x00000000fb800000,0x00000000ffd00000,0x00000000ffd00000)
  from space 1536K, 47% used [0x00000000ffd00000,0x00000000ffdb8000,0x00000000ffe80000)
  to   space 1536K, 0% used [0x00000000ffe80000,0x00000000ffe80000,0x0000000100000000)
 ParOldGen       total 114688K, used 80801K [0x00000000f4800000, 0x00000000fb800000, 0x00000000fb800000)
  object space 114688K, 70% used [0x00000000f4800000,0x00000000f96e8500,0x00000000fb800000)
 Metaspace       used 75071K, capacity 79366K, committed 79488K, reserved 1118208K
  class space    used 9514K, capacity 10272K, committed 10368K, reserved 1048576K
2024-06-11T20:56:08.554+0800: 1027.767: [GC (Allocation Failure) [PSYoungGen: 71392K->1100K(72192K)] 152193K->82101K(186880K), 0.0052102 secs] [Times: user=0.00 sys=0.00, real=0.00 secs] 
Heap after GC invocations=250 (full 0):
 PSYoungGen      total 72192K, used 1100K [0x00000000fb800000, 0x0000000100000000, 0x0000000100000000)
  eden space 70656K, 0% used [0x00000000fb800000,0x00000000fb800000,0x00000000ffd00000)
  from space 1536K, 71% used [0x00000000ffe80000,0x00000000fff93140,0x0000000100000000)
  to   space 1536K, 0% used [0x00000000ffd00000,0x00000000ffd00000,0x00000000ffe80000)
 ParOldGen       total 114688K, used 81001K [0x00000000f4800000, 0x00000000fb800000, 0x00000000fb800000)
  object space 114688K, 70% used [0x00000000f4800000,0x00000000f971a500,0x00000000fb800000)
 Metaspace       used 75071K, capacity 79366K, committed 79488K, reserved 1118208K
  class space    used 9514K, capacity 10272K, committed 10368K, reserved 1048576K
}
{Heap before GC invocations=251 (full 0):
 PSYoungGen      total 72192K, used 71756K [0x00000000fb800000, 0x0000000100000000, 0x0000000100000000)
  eden space 70656K, 100% used [0x00000000fb800000,0x00000000ffd00000,0x00000000ffd00000)
  from space 1536K, 71% used [0x00000000ffe80000,0x00000000fff93140,0x0000000100000000)
  to   space 1536K, 0% used [0x00000000ffd00000,0x00000000ffd00000,0x00000000ffe80000)
 ParOldGen       total 114688K, used 81001K [0x00000000f4800000, 0x00000000fb800000, 0x00000000fb800000)
  object space 114688K, 70% used [0x00000000f4800000,0x00000000f971a500,0x00000000fb800000)
 Metaspace       used 75071K, capacity 79366K, committed 79488K, reserved 1118208K
  class space    used 9514K, capacity 10272K, committed 10368K, reserved 1048576K
2024-06-11T20:56:12.938+0800: 1032.151: [GC (Allocation Failure) [PSYoungGen: 71756K->608K(72192K)] 152757K->81689K(186880K), 0.0046934 secs] [Times: user=0.01 sys=0.00, real=0.01 secs] 
Heap after GC invocations=251 (full 0):
 PSYoungGen      total 72192K, used 608K [0x00000000fb800000, 0x0000000100000000, 0x0000000100000000)
  eden space 70656K, 0% used [0x00000000fb800000,0x00000000fb800000,0x00000000ffd00000)
  from space 1536K, 39% used [0x00000000ffd00000,0x00000000ffd98000,0x00000000ffe80000)
  to   space 1536K, 0% used [0x00000000ffe80000,0x00000000ffe80000,0x0000000100000000)
 ParOldGen       total 114688K, used 81081K [0x00000000f4800000, 0x00000000fb800000, 0x00000000fb800000)
  object space 114688K, 70% used [0x00000000f4800000,0x00000000f972e500,0x00000000fb800000)
 Metaspace       used 75071K, capacity 79366K, committed 79488K, reserved 1118208K
  class space    used 9514K, capacity 10272K, committed 10368K, reserved 1048576K
}
{Heap before GC invocations=252 (full 0):
 PSYoungGen      total 72192K, used 71264K [0x00000000fb800000, 0x0000000100000000, 0x0000000100000000)
  eden space 70656K, 100% used [0x00000000fb800000,0x00000000ffd00000,0x00000000ffd00000)
  from space 1536K, 39% used [0x00000000ffd00000,0x00000000ffd98000,0x00000000ffe80000)
  to   space 1536K, 0% used [0x00000000ffe80000,0x00000000ffe80000,0x0000000100000000)
 ParOldGen       total 114688K, used 81081K [0x00000000f4800000, 0x00000000fb800000, 0x00000000fb800000)
  object space 114688K, 70% used [0x00000000f4800000,0x00000000f972e500,0x00000000fb800000)
 Metaspace       used 75071K, capacity 79366K, committed 79488K, reserved 1118208K
  class space    used 9514K, capacity 10272K, committed 10368K, reserved 1048576K
2024-06-11T20:56:17.349+0800: 1036.562: [GC (Allocation Failure) [PSYoungGen: 71264K->608K(72192K)] 152345K->81777K(186880K), 0.0046295 secs] [Times: user=0.01 sys=0.00, real=0.01 secs] 
Heap after GC invocations=252 (full 0):
 PSYoungGen      total 72192K, used 608K [0x00000000fb800000, 0x0000000100000000, 0x0000000100000000)
  eden space 70656K, 0% used [0x00000000fb800000,0x00000000fb800000,0x00000000ffd00000)
  from space 1536K, 39% used [0x00000000ffe80000,0x00000000fff18000,0x0000000100000000)
  to   space 1536K, 0% used [0x00000000ffd00000,0x00000000ffd00000,0x00000000ffe80000)
 ParOldGen       total 114688K, used 81169K [0x00000000f4800000, 0x00000000fb800000, 0x00000000fb800000)
  object space 114688K, 70% used [0x00000000f4800000,0x00000000f9744500,0x00000000fb800000)
 Metaspace       used 75071K, capacity 79366K, committed 79488K, reserved 1118208K
  class space    used 9514K, capacity 10272K, committed 10368K, reserved 1048576K
}
{Heap before GC invocations=253 (full 0):
 PSYoungGen      total 72192K, used 71264K [0x00000000fb800000, 0x0000000100000000, 0x0000000100000000)
  eden space 70656K, 100% used [0x00000000fb800000,0x00000000ffd00000,0x00000000ffd00000)
  from space 1536K, 39% used [0x00000000ffe80000,0x00000000fff18000,0x0000000100000000)
  to   space 1536K, 0% used [0x00000000ffd00000,0x00000000ffd00000,0x00000000ffe80000)
 ParOldGen       total 114688K, used 81169K [0x00000000f4800000, 0x00000000fb800000, 0x00000000fb800000)
  object space 114688K, 70% used [0x00000000f4800000,0x00000000f9744500,0x00000000fb800000)
 Metaspace       used 75071K, capacity 79366K, committed 79488K, reserved 1118208K
  class space    used 9514K, capacity 10272K, committed 10368K, reserved 1048576K
2024-06-11T20:56:21.601+0800: 1040.814: [GC (Allocation Failure) [PSYoungGen: 71264K->608K(72192K)] 152433K->81857K(186880K), 0.0076661 secs] [Times: user=0.00 sys=0.00, real=0.00 secs] 
Heap after GC invocations=253 (full 0):
 PSYoungGen      total 72192K, used 608K [0x00000000fb800000, 0x0000000100000000, 0x0000000100000000)
  eden space 70656K, 0% used [0x00000000fb800000,0x00000000fb800000,0x00000000ffd00000)
  from space 1536K, 39% used [0x00000000ffd00000,0x00000000ffd98000,0x00000000ffe80000)
  to   space 1536K, 0% used [0x00000000ffe80000,0x00000000ffe80000,0x0000000100000000)
 ParOldGen       total 114688K, used 81249K [0x00000000f4800000, 0x00000000fb800000, 0x00000000fb800000)
  object space 114688K, 70% used [0x00000000f4800000,0x00000000f9758500,0x00000000fb800000)
 Metaspace       used 75071K, capacity 79366K, committed 79488K, reserved 1118208K
  class space    used 9514K, capacity 10272K, committed 10368K, reserved 1048576K
}
{Heap before GC invocations=254 (full 0):
 PSYoungGen      total 72192K, used 71264K [0x00000000fb800000, 0x0000000100000000, 0x0000000100000000)
  eden space 70656K, 100% used [0x00000000fb800000,0x00000000ffd00000,0x00000000ffd00000)
  from space 1536K, 39% used [0x00000000ffd00000,0x00000000ffd98000,0x00000000ffe80000)
  to   space 1536K, 0% used [0x00000000ffe80000,0x00000000ffe80000,0x0000000100000000)
 ParOldGen       total 114688K, used 81249K [0x00000000f4800000, 0x00000000fb800000, 0x00000000fb800000)
  object space 114688K, 70% used [0x00000000f4800000,0x00000000f9758500,0x00000000fb800000)
 Metaspace       used 75074K, capacity 79430K, committed 79744K, reserved 1118208K
  class space    used 9514K, capacity 10272K, committed 10368K, reserved 1048576K
2024-06-11T20:56:26.039+0800: 1045.252: [GC (Allocation Failure) [PSYoungGen: 71264K->608K(72192K)] 152513K->81945K(186880K), 0.0045737 secs] [Times: user=0.00 sys=0.00, real=0.01 secs] 
Heap after GC invocations=254 (full 0):
 PSYoungGen      total 72192K, used 608K [0x00000000fb800000, 0x0000000100000000, 0x0000000100000000)
  eden space 70656K, 0% used [0x00000000fb800000,0x00000000fb800000,0x00000000ffd00000)
  from space 1536K, 39% used [0x00000000ffe80000,0x00000000fff18000,0x0000000100000000)
  to   space 1536K, 0% used [0x00000000ffd00000,0x00000000ffd00000,0x00000000ffe80000)
 ParOldGen       total 114688K, used 81337K [0x00000000f4800000, 0x00000000fb800000, 0x00000000fb800000)
  object space 114688K, 70% used [0x00000000f4800000,0x00000000f976e500,0x00000000fb800000)
 Metaspace       used 75074K, capacity 79430K, committed 79744K, reserved 1118208K
  class space    used 9514K, capacity 10272K, committed 10368K, reserved 1048576K
}
{Heap before GC invocations=255 (full 0):
 PSYoungGen      total 72192K, used 71264K [0x00000000fb800000, 0x0000000100000000, 0x0000000100000000)
  eden space 70656K, 100% used [0x00000000fb800000,0x00000000ffd00000,0x00000000ffd00000)
  from space 1536K, 39% used [0x00000000ffe80000,0x00000000fff18000,0x0000000100000000)
  to   space 1536K, 0% used [0x00000000ffd00000,0x00000000ffd00000,0x00000000ffe80000)
 ParOldGen       total 114688K, used 81337K [0x00000000f4800000, 0x00000000fb800000, 0x00000000fb800000)
  object space 114688K, 70% used [0x00000000f4800000,0x00000000f976e500,0x00000000fb800000)
 Metaspace       used 75074K, capacity 79430K, committed 79744K, reserved 1118208K
  class space    used 9514K, capacity 10272K, committed 10368K, reserved 1048576K
2024-06-11T20:56:30.337+0800: 1049.550: [GC (Allocation Failure) [PSYoungGen: 71264K->608K(72192K)] 152601K->82017K(186880K), 0.0059761 secs] [Times: user=0.01 sys=0.00, real=0.01 secs] 
Heap after GC invocations=255 (full 0):
 PSYoungGen      total 72192K, used 608K [0x00000000fb800000, 0x0000000100000000, 0x0000000100000000)
  eden space 70656K, 0% used [0x00000000fb800000,0x00000000fb800000,0x00000000ffd00000)
  from space 1536K, 39% used [0x00000000ffd00000,0x00000000ffd98000,0x00000000ffe80000)
  to   space 1536K, 0% used [0x00000000ffe80000,0x00000000ffe80000,0x0000000100000000)
 ParOldGen       total 114688K, used 81409K [0x00000000f4800000, 0x00000000fb800000, 0x00000000fb800000)
  object space 114688K, 70% used [0x00000000f4800000,0x00000000f9780500,0x00000000fb800000)
 Metaspace       used 75074K, capacity 79430K, committed 79744K, reserved 1118208K
  class space    used 9514K, capacity 10272K, committed 10368K, reserved 1048576K
}
{Heap before GC invocations=256 (full 0):
 PSYoungGen      total 72192K, used 71264K [0x00000000fb800000, 0x0000000100000000, 0x0000000100000000)
  eden space 70656K, 100% used [0x00000000fb800000,0x00000000ffd00000,0x00000000ffd00000)
  from space 1536K, 39% used [0x00000000ffd00000,0x00000000ffd98000,0x00000000ffe80000)
  to   space 1536K, 0% used [0x00000000ffe80000,0x00000000ffe80000,0x0000000100000000)
 ParOldGen       total 114688K, used 81409K [0x00000000f4800000, 0x00000000fb800000, 0x00000000fb800000)
  object space 114688K, 70% used [0x00000000f4800000,0x00000000f9780500,0x00000000fb800000)
 Metaspace       used 75074K, capacity 79430K, committed 79744K, reserved 1118208K
  class space    used 9514K, capacity 10272K, committed 10368K, reserved 1048576K
2024-06-11T20:56:34.637+0800: 1053.850: [GC (Allocation Failure) [PSYoungGen: 71264K->608K(72192K)] 152673K->82097K(186880K), 0.0047193 secs] [Times: user=0.00 sys=0.00, real=0.01 secs] 
Heap after GC invocations=256 (full 0):
 PSYoungGen      total 72192K, used 608K [0x00000000fb800000, 0x0000000100000000, 0x0000000100000000)
  eden space 70656K, 0% used [0x00000000fb800000,0x00000000fb800000,0x00000000ffd00000)
  from space 1536K, 39% used [0x00000000ffe80000,0x00000000fff18000,0x0000000100000000)
  to   space 1536K, 0% used [0x00000000ffd00000,0x00000000ffd00000,0x00000000ffe80000)
 ParOldGen       total 114688K, used 81489K [0x00000000f4800000, 0x00000000fb800000, 0x00000000fb800000)
  object space 114688K, 71% used [0x00000000f4800000,0x00000000f9794500,0x00000000fb800000)
 Metaspace       used 75074K, capacity 79430K, committed 79744K, reserved 1118208K
  class space    used 9514K, capacity 10272K, committed 10368K, reserved 1048576K
}
{Heap before GC invocations=257 (full 0):
 PSYoungGen      total 72192K, used 71264K [0x00000000fb800000, 0x0000000100000000, 0x0000000100000000)
  eden space 70656K, 100% used [0x00000000fb800000,0x00000000ffd00000,0x00000000ffd00000)
  from space 1536K, 39% used [0x00000000ffe80000,0x00000000fff18000,0x0000000100000000)
  to   space 1536K, 0% used [0x00000000ffd00000,0x00000000ffd00000,0x00000000ffe80000)
 ParOldGen       total 114688K, used 81489K [0x00000000f4800000, 0x00000000fb800000, 0x00000000fb800000)
  object space 114688K, 71% used [0x00000000f4800000,0x00000000f9794500,0x00000000fb800000)
 Metaspace       used 75075K, capacity 79430K, committed 79744K, reserved 1118208K
  class space    used 9514K, capacity 10272K, committed 10368K, reserved 1048576K
2024-06-11T20:56:38.789+0800: 1058.003: [GC (Allocation Failure) [PSYoungGen: 71264K->1100K(72192K)] 152753K->82669K(186880K), 0.0081102 secs] [Times: user=0.01 sys=0.00, real=0.01 secs] 
Heap after GC invocations=257 (full 0):
 PSYoungGen      total 72192K, used 1100K [0x00000000fb800000, 0x0000000100000000, 0x0000000100000000)
  eden space 70656K, 0% used [0x00000000fb800000,0x00000000fb800000,0x00000000ffd00000)
  from space 1536K, 71% used [0x00000000ffd00000,0x00000000ffe13140,0x00000000ffe80000)
  to   space 1536K, 0% used [0x00000000ffe80000,0x00000000ffe80000,0x0000000100000000)
 ParOldGen       total 114688K, used 81569K [0x00000000f4800000, 0x00000000fb800000, 0x00000000fb800000)
  object space 114688K, 71% used [0x00000000f4800000,0x00000000f97a8500,0x00000000fb800000)
 Metaspace       used 75075K, capacity 79430K, committed 79744K, reserved 1118208K
  class space    used 9514K, capacity 10272K, committed 10368K, reserved 1048576K
}
{Heap before GC invocations=258 (full 0):
 PSYoungGen      total 72192K, used 71756K [0x00000000fb800000, 0x0000000100000000, 0x0000000100000000)
  eden space 70656K, 100% used [0x00000000fb800000,0x00000000ffd00000,0x00000000ffd00000)
  from space 1536K, 71% used [0x00000000ffd00000,0x00000000ffe13140,0x00000000ffe80000)
  to   space 1536K, 0% used [0x00000000ffe80000,0x00000000ffe80000,0x0000000100000000)
 ParOldGen       total 114688K, used 81569K [0x00000000f4800000, 0x00000000fb800000, 0x00000000fb800000)
  object space 114688K, 71% used [0x00000000f4800000,0x00000000f97a8500,0x00000000fb800000)
 Metaspace       used 75076K, capacity 79430K, committed 79744K, reserved 1118208K
  class space    used 9514K, capacity 10272K, committed 10368K, reserved 1048576K
2024-06-11T20:56:43.440+0800: 1062.653: [GC (Allocation Failure) [PSYoungGen: 71756K->576K(72192K)] 153325K->82225K(186880K), 0.0045620 secs] [Times: user=0.01 sys=0.00, real=0.01 secs] 
Heap after GC invocations=258 (full 0):
 PSYoungGen      total 72192K, used 576K [0x00000000fb800000, 0x0000000100000000, 0x0000000100000000)
  eden space 70656K, 0% used [0x00000000fb800000,0x00000000fb800000,0x00000000ffd00000)
  from space 1536K, 37% used [0x00000000ffe80000,0x00000000fff10000,0x0000000100000000)
  to   space 1536K, 0% used [0x00000000ffd00000,0x00000000ffd00000,0x00000000ffe80000)
 ParOldGen       total 114688K, used 81649K [0x00000000f4800000, 0x00000000fb800000, 0x00000000fb800000)
  object space 114688K, 71% used [0x00000000f4800000,0x00000000f97bc500,0x00000000fb800000)
 Metaspace       used 75076K, capacity 79430K, committed 79744K, reserved 1118208K
  class space    used 9514K, capacity 10272K, committed 10368K, reserved 1048576K
}
{Heap before GC invocations=259 (full 0):
 PSYoungGen      total 72192K, used 71232K [0x00000000fb800000, 0x0000000100000000, 0x0000000100000000)
  eden space 70656K, 100% used [0x00000000fb800000,0x00000000ffd00000,0x00000000ffd00000)
  from space 1536K, 37% used [0x00000000ffe80000,0x00000000fff10000,0x0000000100000000)
  to   space 1536K, 0% used [0x00000000ffd00000,0x00000000ffd00000,0x00000000ffe80000)
 ParOldGen       total 114688K, used 81649K [0x00000000f4800000, 0x00000000fb800000, 0x00000000fb800000)
  object space 114688K, 71% used [0x00000000f4800000,0x00000000f97bc500,0x00000000fb800000)
 Metaspace       used 75076K, capacity 79430K, committed 79744K, reserved 1118208K
  class space    used 9514K, capacity 10272K, committed 10368K, reserved 1048576K
2024-06-11T20:56:47.652+0800: 1066.866: [GC (Allocation Failure) [PSYoungGen: 71232K->608K(72192K)] 152881K->82345K(186880K), 0.0048532 secs] [Times: user=0.01 sys=0.00, real=0.00 secs] 
Heap after GC invocations=259 (full 0):
 PSYoungGen      total 72192K, used 608K [0x00000000fb800000, 0x0000000100000000, 0x0000000100000000)
  eden space 70656K, 0% used [0x00000000fb800000,0x00000000fb800000,0x00000000ffd00000)
  from space 1536K, 39% used [0x00000000ffd00000,0x00000000ffd98000,0x00000000ffe80000)
  to   space 1536K, 0% used [0x00000000ffe80000,0x00000000ffe80000,0x0000000100000000)
 ParOldGen       total 114688K, used 81737K [0x00000000f4800000, 0x00000000fb800000, 0x00000000fb800000)
  object space 114688K, 71% used [0x00000000f4800000,0x00000000f97d2500,0x00000000fb800000)
 Metaspace       used 75076K, capacity 79430K, committed 79744K, reserved 1118208K
  class space    used 9514K, capacity 10272K, committed 10368K, reserved 1048576K
}
{Heap before GC invocations=260 (full 0):
 PSYoungGen      total 72192K, used 71264K [0x00000000fb800000, 0x0000000100000000, 0x0000000100000000)
  eden space 70656K, 100% used [0x00000000fb800000,0x00000000ffd00000,0x00000000ffd00000)
  from space 1536K, 39% used [0x00000000ffd00000,0x00000000ffd98000,0x00000000ffe80000)
  to   space 1536K, 0% used [0x00000000ffe80000,0x00000000ffe80000,0x0000000100000000)
 ParOldGen       total 114688K, used 81737K [0x00000000f4800000, 0x00000000fb800000, 0x00000000fb800000)
  object space 114688K, 71% used [0x00000000f4800000,0x00000000f97d2500,0x00000000fb800000)
 Metaspace       used 75076K, capacity 79430K, committed 79744K, reserved 1118208K
  class space    used 9514K, capacity 10272K, committed 10368K, reserved 1048576K
2024-06-11T20:56:52.016+0800: 1071.229: [GC (Allocation Failure) [PSYoungGen: 71264K->608K(72192K)] 153001K->82425K(186880K), 0.0046676 secs] [Times: user=0.01 sys=0.00, real=0.01 secs] 
Heap after GC invocations=260 (full 0):
 PSYoungGen      total 72192K, used 608K [0x00000000fb800000, 0x0000000100000000, 0x0000000100000000)
  eden space 70656K, 0% used [0x00000000fb800000,0x00000000fb800000,0x00000000ffd00000)
  from space 1536K, 39% used [0x00000000ffe80000,0x00000000fff18000,0x0000000100000000)
  to   space 1536K, 0% used [0x00000000ffd00000,0x00000000ffd00000,0x00000000ffe80000)
 ParOldGen       total 114688K, used 81817K [0x00000000f4800000, 0x00000000fb800000, 0x00000000fb800000)
  object space 114688K, 71% used [0x00000000f4800000,0x00000000f97e6500,0x00000000fb800000)
 Metaspace       used 75076K, capacity 79430K, committed 79744K, reserved 1118208K
  class space    used 9514K, capacity 10272K, committed 10368K, reserved 1048576K
}
{Heap before GC invocations=261 (full 0):
 PSYoungGen      total 72192K, used 71264K [0x00000000fb800000, 0x0000000100000000, 0x0000000100000000)
  eden space 70656K, 100% used [0x00000000fb800000,0x00000000ffd00000,0x00000000ffd00000)
  from space 1536K, 39% used [0x00000000ffe80000,0x00000000fff18000,0x0000000100000000)
  to   space 1536K, 0% used [0x00000000ffd00000,0x00000000ffd00000,0x00000000ffe80000)
 ParOldGen       total 114688K, used 81817K [0x00000000f4800000, 0x00000000fb800000, 0x00000000fb800000)
  object space 114688K, 71% used [0x00000000f4800000,0x00000000f97e6500,0x00000000fb800000)
 Metaspace       used 75076K, capacity 79430K, committed 79744K, reserved 1118208K
  class space    used 9514K, capacity 10272K, committed 10368K, reserved 1048576K
2024-06-11T20:56:56.369+0800: 1075.582: [GC (Allocation Failure) [PSYoungGen: 71264K->864K(72192K)] 153081K->82769K(186880K), 0.0051598 secs] [Times: user=0.00 sys=0.00, real=0.01 secs] 
Heap after GC invocations=261 (full 0):
 PSYoungGen      total 72192K, used 864K [0x00000000fb800000, 0x0000000100000000, 0x0000000100000000)
  eden space 70656K, 0% used [0x00000000fb800000,0x00000000fb800000,0x00000000ffd00000)
  from space 1536K, 56% used [0x00000000ffd00000,0x00000000ffdd8000,0x00000000ffe80000)
  to   space 1536K, 0% used [0x00000000ffe80000,0x00000000ffe80000,0x0000000100000000)
 ParOldGen       total 114688K, used 81905K [0x00000000f4800000, 0x00000000fb800000, 0x00000000fb800000)
  object space 114688K, 71% used [0x00000000f4800000,0x00000000f97fc500,0x00000000fb800000)
 Metaspace       used 75076K, capacity 79430K, committed 79744K, reserved 1118208K
  class space    used 9514K, capacity 10272K, committed 10368K, reserved 1048576K
}
{Heap before GC invocations=262 (full 0):
 PSYoungGen      total 72192K, used 71520K [0x00000000fb800000, 0x0000000100000000, 0x0000000100000000)
  eden space 70656K, 100% used [0x00000000fb800000,0x00000000ffd00000,0x00000000ffd00000)
  from space 1536K, 56% used [0x00000000ffd00000,0x00000000ffdd8000,0x00000000ffe80000)
  to   space 1536K, 0% used [0x00000000ffe80000,0x00000000ffe80000,0x0000000100000000)
 ParOldGen       total 114688K, used 81905K [0x00000000f4800000, 0x00000000fb800000, 0x00000000fb800000)
  object space 114688K, 71% used [0x00000000f4800000,0x00000000f97fc500,0x00000000fb800000)
 Metaspace       used 75076K, capacity 79430K, committed 79744K, reserved 1118208K
  class space    used 9514K, capacity 10272K, committed 10368K, reserved 1048576K
2024-06-11T20:57:00.688+0800: 1079.902: [GC (Allocation Failure) [PSYoungGen: 71520K->1376K(72192K)] 153425K->83617K(186880K), 0.0064012 secs] [Times: user=0.00 sys=0.00, real=0.01 secs] 
Heap after GC invocations=262 (full 0):
 PSYoungGen      total 72192K, used 1376K [0x00000000fb800000, 0x0000000100000000, 0x0000000100000000)
  eden space 70656K, 0% used [0x00000000fb800000,0x00000000fb800000,0x00000000ffd00000)
  from space 1536K, 89% used [0x00000000ffe80000,0x00000000fffd8000,0x0000000100000000)
  to   space 1536K, 0% used [0x00000000ffd00000,0x00000000ffd00000,0x00000000ffe80000)
 ParOldGen       total 114688K, used 82241K [0x00000000f4800000, 0x00000000fb800000, 0x00000000fb800000)
  object space 114688K, 71% used [0x00000000f4800000,0x00000000f9850500,0x00000000fb800000)
 Metaspace       used 75076K, capacity 79430K, committed 79744K, reserved 1118208K
  class space    used 9514K, capacity 10272K, committed 10368K, reserved 1048576K
}
{Heap before GC invocations=263 (full 0):
 PSYoungGen      total 72192K, used 72032K [0x00000000fb800000, 0x0000000100000000, 0x0000000100000000)
  eden space 70656K, 100% used [0x00000000fb800000,0x00000000ffd00000,0x00000000ffd00000)
  from space 1536K, 89% used [0x00000000ffe80000,0x00000000fffd8000,0x0000000100000000)
  to   space 1536K, 0% used [0x00000000ffd00000,0x00000000ffd00000,0x00000000ffe80000)
 ParOldGen       total 114688K, used 82241K [0x00000000f4800000, 0x00000000fb800000, 0x00000000fb800000)
  object space 114688K, 71% used [0x00000000f4800000,0x00000000f9850500,0x00000000fb800000)
 Metaspace       used 75077K, capacity 79430K, committed 79744K, reserved 1118208K
  class space    used 9514K, capacity 10272K, committed 10368K, reserved 1048576K
2024-06-11T20:57:05.040+0800: 1084.253: [GC (Allocation Failure) [PSYoungGen: 72032K->608K(72192K)] 154273K->83705K(186880K), 0.0060744 secs] [Times: user=0.01 sys=0.00, real=0.01 secs] 
Heap after GC invocations=263 (full 0):
 PSYoungGen      total 72192K, used 608K [0x00000000fb800000, 0x0000000100000000, 0x0000000100000000)
  eden space 70656K, 0% used [0x00000000fb800000,0x00000000fb800000,0x00000000ffd00000)
  from space 1536K, 39% used [0x00000000ffd00000,0x00000000ffd98000,0x00000000ffe80000)
  to   space 1536K, 0% used [0x00000000ffe80000,0x00000000ffe80000,0x0000000100000000)
 ParOldGen       total 114688K, used 83097K [0x00000000f4800000, 0x00000000fb800000, 0x00000000fb800000)
  object space 114688K, 72% used [0x00000000f4800000,0x00000000f9926500,0x00000000fb800000)
 Metaspace       used 75077K, capacity 79430K, committed 79744K, reserved 1118208K
  class space    used 9514K, capacity 10272K, committed 10368K, reserved 1048576K
}
{Heap before GC invocations=264 (full 0):
 PSYoungGen      total 72192K, used 71264K [0x00000000fb800000, 0x0000000100000000, 0x0000000100000000)
  eden space 70656K, 100% used [0x00000000fb800000,0x00000000ffd00000,0x00000000ffd00000)
  from space 1536K, 39% used [0x00000000ffd00000,0x00000000ffd98000,0x00000000ffe80000)
  to   space 1536K, 0% used [0x00000000ffe80000,0x00000000ffe80000,0x0000000100000000)
 ParOldGen       total 114688K, used 83097K [0x00000000f4800000, 0x00000000fb800000, 0x00000000fb800000)
  object space 114688K, 72% used [0x00000000f4800000,0x00000000f9926500,0x00000000fb800000)
 Metaspace       used 75077K, capacity 79430K, committed 79744K, reserved 1118208K
  class space    used 9514K, capacity 10272K, committed 10368K, reserved 1048576K
2024-06-11T20:57:09.424+0800: 1088.637: [GC (Allocation Failure) [PSYoungGen: 71264K->608K(72192K)] 154361K->83793K(186880K), 0.0047297 secs] [Times: user=0.00 sys=0.00, real=0.00 secs] 
Heap after GC invocations=264 (full 0):
 PSYoungGen      total 72192K, used 608K [0x00000000fb800000, 0x0000000100000000, 0x0000000100000000)
  eden space 70656K, 0% used [0x00000000fb800000,0x00000000fb800000,0x00000000ffd00000)
  from space 1536K, 39% used [0x00000000ffe80000,0x00000000fff18000,0x0000000100000000)
  to   space 1536K, 0% used [0x00000000ffd00000,0x00000000ffd00000,0x00000000ffe80000)
 ParOldGen       total 114688K, used 83185K [0x00000000f4800000, 0x00000000fb800000, 0x00000000fb800000)
  object space 114688K, 72% used [0x00000000f4800000,0x00000000f993c500,0x00000000fb800000)
 Metaspace       used 75077K, capacity 79430K, committed 79744K, reserved 1118208K
  class space    used 9514K, capacity 10272K, committed 10368K, reserved 1048576K
}
{Heap before GC invocations=265 (full 0):
 PSYoungGen      total 72192K, used 71264K [0x00000000fb800000, 0x0000000100000000, 0x0000000100000000)
  eden space 70656K, 100% used [0x00000000fb800000,0x00000000ffd00000,0x00000000ffd00000)
  from space 1536K, 39% used [0x00000000ffe80000,0x00000000fff18000,0x0000000100000000)
  to   space 1536K, 0% used [0x00000000ffd00000,0x00000000ffd00000,0x00000000ffe80000)
 ParOldGen       total 114688K, used 83185K [0x00000000f4800000, 0x00000000fb800000, 0x00000000fb800000)
  object space 114688K, 72% used [0x00000000f4800000,0x00000000f993c500,0x00000000fb800000)
 Metaspace       used 75079K, capacity 79430K, committed 79744K, reserved 1118208K
  class space    used 9514K, capacity 10272K, committed 10368K, reserved 1048576K
2024-06-11T20:57:13.653+0800: 1092.866: [GC (Allocation Failure) [PSYoungGen: 71264K->576K(72192K)] 154449K->83849K(186880K), 0.0043943 secs] [Times: user=0.00 sys=0.00, real=0.00 secs] 
Heap after GC invocations=265 (full 0):
 PSYoungGen      total 72192K, used 576K [0x00000000fb800000, 0x0000000100000000, 0x0000000100000000)
  eden space 70656K, 0% used [0x00000000fb800000,0x00000000fb800000,0x00000000ffd00000)
  from space 1536K, 37% used [0x00000000ffd00000,0x00000000ffd90000,0x00000000ffe80000)
  to   space 1536K, 0% used [0x00000000ffe80000,0x00000000ffe80000,0x0000000100000000)
 ParOldGen       total 114688K, used 83273K [0x00000000f4800000, 0x00000000fb800000, 0x00000000fb800000)
  object space 114688K, 72% used [0x00000000f4800000,0x00000000f9952500,0x00000000fb800000)
 Metaspace       used 75079K, capacity 79430K, committed 79744K, reserved 1118208K
  class space    used 9514K, capacity 10272K, committed 10368K, reserved 1048576K
}
{Heap before GC invocations=266 (full 0):
 PSYoungGen      total 72192K, used 71232K [0x00000000fb800000, 0x0000000100000000, 0x0000000100000000)
  eden space 70656K, 100% used [0x00000000fb800000,0x00000000ffd00000,0x00000000ffd00000)
  from space 1536K, 37% used [0x00000000ffd00000,0x00000000ffd90000,0x00000000ffe80000)
  to   space 1536K, 0% used [0x00000000ffe80000,0x00000000ffe80000,0x0000000100000000)
 ParOldGen       total 114688K, used 83273K [0x00000000f4800000, 0x00000000fb800000, 0x00000000fb800000)
  object space 114688K, 72% used [0x00000000f4800000,0x00000000f9952500,0x00000000fb800000)
 Metaspace       used 75085K, capacity 79430K, committed 79744K, reserved 1118208K
  class space    used 9514K, capacity 10272K, committed 10368K, reserved 1048576K
2024-06-11T20:57:17.995+0800: 1097.209: [GC (Allocation Failure) [PSYoungGen: 71232K->608K(72192K)] 154505K->83961K(186880K), 0.0048354 secs] [Times: user=0.01 sys=0.00, real=0.00 secs] 
Heap after GC invocations=266 (full 0):
 PSYoungGen      total 72192K, used 608K [0x00000000fb800000, 0x0000000100000000, 0x0000000100000000)
  eden space 70656K, 0% used [0x00000000fb800000,0x00000000fb800000,0x00000000ffd00000)
  from space 1536K, 39% used [0x00000000ffe80000,0x00000000fff18000,0x0000000100000000)
  to   space 1536K, 0% used [0x00000000ffd00000,0x00000000ffd00000,0x00000000ffe80000)
 ParOldGen       total 114688K, used 83353K [0x00000000f4800000, 0x00000000fb800000, 0x00000000fb800000)
  object space 114688K, 72% used [0x00000000f4800000,0x00000000f9966500,0x00000000fb800000)
 Metaspace       used 75085K, capacity 79430K, committed 79744K, reserved 1118208K
  class space    used 9514K, capacity 10272K, committed 10368K, reserved 1048576K
}
{Heap before GC invocations=267 (full 0):
 PSYoungGen      total 72192K, used 71264K [0x00000000fb800000, 0x0000000100000000, 0x0000000100000000)
  eden space 70656K, 100% used [0x00000000fb800000,0x00000000ffd00000,0x00000000ffd00000)
  from space 1536K, 39% used [0x00000000ffe80000,0x00000000fff18000,0x0000000100000000)
  to   space 1536K, 0% used [0x00000000ffd00000,0x00000000ffd00000,0x00000000ffe80000)
 ParOldGen       total 114688K, used 83353K [0x00000000f4800000, 0x00000000fb800000, 0x00000000fb800000)
  object space 114688K, 72% used [0x00000000f4800000,0x00000000f9966500,0x00000000fb800000)
 Metaspace       used 75085K, capacity 79430K, committed 79744K, reserved 1118208K
  class space    used 9514K, capacity 10272K, committed 10368K, reserved 1048576K
2024-06-11T20:57:22.339+0800: 1101.552: [GC (Allocation Failure) [PSYoungGen: 71264K->640K(72192K)] 154617K->84073K(186880K), 0.0057247 secs] [Times: user=0.01 sys=0.00, real=0.01 secs] 
Heap after GC invocations=267 (full 0):
 PSYoungGen      total 72192K, used 640K [0x00000000fb800000, 0x0000000100000000, 0x0000000100000000)
  eden space 70656K, 0% used [0x00000000fb800000,0x00000000fb800000,0x00000000ffd00000)
  from space 1536K, 41% used [0x00000000ffd00000,0x00000000ffda0000,0x00000000ffe80000)
  to   space 1536K, 0% used [0x00000000ffe80000,0x00000000ffe80000,0x0000000100000000)
 ParOldGen       total 114688K, used 83433K [0x00000000f4800000, 0x00000000fb800000, 0x00000000fb800000)
  object space 114688K, 72% used [0x00000000f4800000,0x00000000f997a500,0x00000000fb800000)
 Metaspace       used 75085K, capacity 79430K, committed 79744K, reserved 1118208K
  class space    used 9514K, capacity 10272K, committed 10368K, reserved 1048576K
}
{Heap before GC invocations=268 (full 0):
 PSYoungGen      total 72192K, used 71296K [0x00000000fb800000, 0x0000000100000000, 0x0000000100000000)
  eden space 70656K, 100% used [0x00000000fb800000,0x00000000ffd00000,0x00000000ffd00000)
  from space 1536K, 41% used [0x00000000ffd00000,0x00000000ffda0000,0x00000000ffe80000)
  to   space 1536K, 0% used [0x00000000ffe80000,0x00000000ffe80000,0x0000000100000000)
 ParOldGen       total 114688K, used 83433K [0x00000000f4800000, 0x00000000fb800000, 0x00000000fb800000)
  object space 114688K, 72% used [0x00000000f4800000,0x00000000f997a500,0x00000000fb800000)
 Metaspace       used 75090K, capacity 79430K, committed 79744K, reserved 1118208K
  class space    used 9514K, capacity 10272K, committed 10368K, reserved 1048576K
2024-06-11T20:57:26.631+0800: 1105.844: [GC (Allocation Failure) [PSYoungGen: 71296K->608K(72192K)] 154729K->84129K(186880K), 0.0048415 secs] [Times: user=0.01 sys=0.00, real=0.01 secs] 
Heap after GC invocations=268 (full 0):
 PSYoungGen      total 72192K, used 608K [0x00000000fb800000, 0x0000000100000000, 0x0000000100000000)
  eden space 70656K, 0% used [0x00000000fb800000,0x00000000fb800000,0x00000000ffd00000)
  from space 1536K, 39% used [0x00000000ffe80000,0x00000000fff18000,0x0000000100000000)
  to   space 1536K, 0% used [0x00000000ffd00000,0x00000000ffd00000,0x00000000ffe80000)
 ParOldGen       total 114688K, used 83521K [0x00000000f4800000, 0x00000000fb800000, 0x00000000fb800000)
  object space 114688K, 72% used [0x00000000f4800000,0x00000000f9990500,0x00000000fb800000)
 Metaspace       used 75090K, capacity 79430K, committed 79744K, reserved 1118208K
  class space    used 9514K, capacity 10272K, committed 10368K, reserved 1048576K
}
{Heap before GC invocations=269 (full 0):
 PSYoungGen      total 72192K, used 71264K [0x00000000fb800000, 0x0000000100000000, 0x0000000100000000)
  eden space 70656K, 100% used [0x00000000fb800000,0x00000000ffd00000,0x00000000ffd00000)
  from space 1536K, 39% used [0x00000000ffe80000,0x00000000fff18000,0x0000000100000000)
  to   space 1536K, 0% used [0x00000000ffd00000,0x00000000ffd00000,0x00000000ffe80000)
 ParOldGen       total 114688K, used 83521K [0x00000000f4800000, 0x00000000fb800000, 0x00000000fb800000)
  object space 114688K, 72% used [0x00000000f4800000,0x00000000f9990500,0x00000000fb800000)
 Metaspace       used 75090K, capacity 79430K, committed 79744K, reserved 1118208K
  class space    used 9514K, capacity 10272K, committed 10368K, reserved 1048576K
2024-06-11T20:57:31.068+0800: 1110.281: [GC (Allocation Failure) [PSYoungGen: 71264K->608K(72192K)] 154785K->84209K(186880K), 0.0049703 secs] [Times: user=0.01 sys=0.00, real=0.01 secs] 
Heap after GC invocations=269 (full 0):
 PSYoungGen      total 72192K, used 608K [0x00000000fb800000, 0x0000000100000000, 0x0000000100000000)
  eden space 70656K, 0% used [0x00000000fb800000,0x00000000fb800000,0x00000000ffd00000)
  from space 1536K, 39% used [0x00000000ffd00000,0x00000000ffd98000,0x00000000ffe80000)
  to   space 1536K, 0% used [0x00000000ffe80000,0x00000000ffe80000,0x0000000100000000)
 ParOldGen       total 114688K, used 83601K [0x00000000f4800000, 0x00000000fb800000, 0x00000000fb800000)
  object space 114688K, 72% used [0x00000000f4800000,0x00000000f99a4500,0x00000000fb800000)
 Metaspace       used 75090K, capacity 79430K, committed 79744K, reserved 1118208K
  class space    used 9514K, capacity 10272K, committed 10368K, reserved 1048576K
}
{Heap before GC invocations=270 (full 0):
 PSYoungGen      total 72192K, used 71264K [0x00000000fb800000, 0x0000000100000000, 0x0000000100000000)
  eden space 70656K, 100% used [0x00000000fb800000,0x00000000ffd00000,0x00000000ffd00000)
  from space 1536K, 39% used [0x00000000ffd00000,0x00000000ffd98000,0x00000000ffe80000)
  to   space 1536K, 0% used [0x00000000ffe80000,0x00000000ffe80000,0x0000000100000000)
 ParOldGen       total 114688K, used 83601K [0x00000000f4800000, 0x00000000fb800000, 0x00000000fb800000)
  object space 114688K, 72% used [0x00000000f4800000,0x00000000f99a4500,0x00000000fb800000)
 Metaspace       used 75090K, capacity 79430K, committed 79744K, reserved 1118208K
  class space    used 9514K, capacity 10272K, committed 10368K, reserved 1048576K
2024-06-11T20:57:35.218+0800: 1114.431: [GC (Allocation Failure) [PSYoungGen: 71264K->608K(72192K)] 154865K->84297K(186880K), 0.0044979 secs] [Times: user=0.01 sys=0.00, real=0.01 secs] 
Heap after GC invocations=270 (full 0):
 PSYoungGen      total 72192K, used 608K [0x00000000fb800000, 0x0000000100000000, 0x0000000100000000)
  eden space 70656K, 0% used [0x00000000fb800000,0x00000000fb800000,0x00000000ffd00000)
  from space 1536K, 39% used [0x00000000ffe80000,0x00000000fff18000,0x0000000100000000)
  to   space 1536K, 0% used [0x00000000ffd00000,0x00000000ffd00000,0x00000000ffe80000)
 ParOldGen       total 114688K, used 83689K [0x00000000f4800000, 0x00000000fb800000, 0x00000000fb800000)
  object space 114688K, 72% used [0x00000000f4800000,0x00000000f99ba500,0x00000000fb800000)
 Metaspace       used 75090K, capacity 79430K, committed 79744K, reserved 1118208K
  class space    used 9514K, capacity 10272K, committed 10368K, reserved 1048576K
}
{Heap before GC invocations=271 (full 0):
 PSYoungGen      total 72192K, used 71264K [0x00000000fb800000, 0x0000000100000000, 0x0000000100000000)
  eden space 70656K, 100% used [0x00000000fb800000,0x00000000ffd00000,0x00000000ffd00000)
  from space 1536K, 39% used [0x00000000ffe80000,0x00000000fff18000,0x0000000100000000)
  to   space 1536K, 0% used [0x00000000ffd00000,0x00000000ffd00000,0x00000000ffe80000)
 ParOldGen       total 114688K, used 83689K [0x00000000f4800000, 0x00000000fb800000, 0x00000000fb800000)
  object space 114688K, 72% used [0x00000000f4800000,0x00000000f99ba500,0x00000000fb800000)
 Metaspace       used 75091K, capacity 79430K, committed 79744K, reserved 1118208K
  class space    used 9514K, capacity 10272K, committed 10368K, reserved 1048576K
2024-06-11T20:57:39.564+0800: 1118.777: [GC (Allocation Failure) [PSYoungGen: 71264K->608K(72192K)] 154953K->84385K(186880K), 0.0044969 secs] [Times: user=0.01 sys=0.00, real=0.00 secs] 
Heap after GC invocations=271 (full 0):
 PSYoungGen      total 72192K, used 608K [0x00000000fb800000, 0x0000000100000000, 0x0000000100000000)
  eden space 70656K, 0% used [0x00000000fb800000,0x00000000fb800000,0x00000000ffd00000)
  from space 1536K, 39% used [0x00000000ffd00000,0x00000000ffd98000,0x00000000ffe80000)
  to   space 1536K, 0% used [0x00000000ffe80000,0x00000000ffe80000,0x0000000100000000)
 ParOldGen       total 114688K, used 83777K [0x00000000f4800000, 0x00000000fb800000, 0x00000000fb800000)
  object space 114688K, 73% used [0x00000000f4800000,0x00000000f99d0500,0x00000000fb800000)
 Metaspace       used 75091K, capacity 79430K, committed 79744K, reserved 1118208K
  class space    used 9514K, capacity 10272K, committed 10368K, reserved 1048576K
}
{Heap before GC invocations=272 (full 0):
 PSYoungGen      total 72192K, used 71264K [0x00000000fb800000, 0x0000000100000000, 0x0000000100000000)
  eden space 70656K, 100% used [0x00000000fb800000,0x00000000ffd00000,0x00000000ffd00000)
  from space 1536K, 39% used [0x00000000ffd00000,0x00000000ffd98000,0x00000000ffe80000)
  to   space 1536K, 0% used [0x00000000ffe80000,0x00000000ffe80000,0x0000000100000000)
 ParOldGen       total 114688K, used 83777K [0x00000000f4800000, 0x00000000fb800000, 0x00000000fb800000)
  object space 114688K, 73% used [0x00000000f4800000,0x00000000f99d0500,0x00000000fb800000)
 Metaspace       used 75091K, capacity 79430K, committed 79744K, reserved 1118208K
  class space    used 9514K, capacity 10272K, committed 10368K, reserved 1048576K
2024-06-11T20:57:44.073+0800: 1123.287: [GC (Allocation Failure) [PSYoungGen: 71264K->608K(72192K)] 155041K->84465K(186880K), 0.0047427 secs] [Times: user=0.01 sys=0.00, real=0.00 secs] 
Heap after GC invocations=272 (full 0):
 PSYoungGen      total 72192K, used 608K [0x00000000fb800000, 0x0000000100000000, 0x0000000100000000)
  eden space 70656K, 0% used [0x00000000fb800000,0x00000000fb800000,0x00000000ffd00000)
  from space 1536K, 39% used [0x00000000ffe80000,0x00000000fff18000,0x0000000100000000)
  to   space 1536K, 0% used [0x00000000ffd00000,0x00000000ffd00000,0x00000000ffe80000)
 ParOldGen       total 114688K, used 83857K [0x00000000f4800000, 0x00000000fb800000, 0x00000000fb800000)
  object space 114688K, 73% used [0x00000000f4800000,0x00000000f99e4500,0x00000000fb800000)
 Metaspace       used 75091K, capacity 79430K, committed 79744K, reserved 1118208K
  class space    used 9514K, capacity 10272K, committed 10368K, reserved 1048576K
}
{Heap before GC invocations=273 (full 0):
 PSYoungGen      total 72192K, used 71264K [0x00000000fb800000, 0x0000000100000000, 0x0000000100000000)
  eden space 70656K, 100% used [0x00000000fb800000,0x00000000ffd00000,0x00000000ffd00000)
  from space 1536K, 39% used [0x00000000ffe80000,0x00000000fff18000,0x0000000100000000)
  to   space 1536K, 0% used [0x00000000ffd00000,0x00000000ffd00000,0x00000000ffe80000)
 ParOldGen       total 114688K, used 83857K [0x00000000f4800000, 0x00000000fb800000, 0x00000000fb800000)
  object space 114688K, 73% used [0x00000000f4800000,0x00000000f99e4500,0x00000000fb800000)
 Metaspace       used 75091K, capacity 79430K, committed 79744K, reserved 1118208K
  class space    used 9514K, capacity 10272K, committed 10368K, reserved 1048576K
2024-06-11T20:57:48.215+0800: 1127.429: [GC (Allocation Failure) [PSYoungGen: 71264K->512K(72192K)] 155121K->84457K(186880K), 0.0045138 secs] [Times: user=0.00 sys=0.00, real=0.00 secs] 
Heap after GC invocations=273 (full 0):
 PSYoungGen      total 72192K, used 512K [0x00000000fb800000, 0x0000000100000000, 0x0000000100000000)
  eden space 70656K, 0% used [0x00000000fb800000,0x00000000fb800000,0x00000000ffd00000)
  from space 1536K, 33% used [0x00000000ffd00000,0x00000000ffd80000,0x00000000ffe80000)
  to   space 1536K, 0% used [0x00000000ffe80000,0x00000000ffe80000,0x0000000100000000)
 ParOldGen       total 114688K, used 83945K [0x00000000f4800000, 0x00000000fb800000, 0x00000000fb800000)
  object space 114688K, 73% used [0x00000000f4800000,0x00000000f99fa500,0x00000000fb800000)
 Metaspace       used 75091K, capacity 79430K, committed 79744K, reserved 1118208K
  class space    used 9514K, capacity 10272K, committed 10368K, reserved 1048576K
}
{Heap before GC invocations=274 (full 0):
 PSYoungGen      total 72192K, used 71168K [0x00000000fb800000, 0x0000000100000000, 0x0000000100000000)
  eden space 70656K, 100% used [0x00000000fb800000,0x00000000ffd00000,0x00000000ffd00000)
  from space 1536K, 33% used [0x00000000ffd00000,0x00000000ffd80000,0x00000000ffe80000)
  to   space 1536K, 0% used [0x00000000ffe80000,0x00000000ffe80000,0x0000000100000000)
 ParOldGen       total 114688K, used 83945K [0x00000000f4800000, 0x00000000fb800000, 0x00000000fb800000)
  object space 114688K, 73% used [0x00000000f4800000,0x00000000f99fa500,0x00000000fb800000)
 Metaspace       used 75091K, capacity 79430K, committed 79744K, reserved 1118208K
  class space    used 9514K, capacity 10272K, committed 10368K, reserved 1048576K
2024-06-11T20:57:52.595+0800: 1131.809: [GC (Allocation Failure) [PSYoungGen: 71168K->608K(72192K)] 155113K->84641K(186880K), 0.0046169 secs] [Times: user=0.01 sys=0.00, real=0.00 secs] 
Heap after GC invocations=274 (full 0):
 PSYoungGen      total 72192K, used 608K [0x00000000fb800000, 0x0000000100000000, 0x0000000100000000)
  eden space 70656K, 0% used [0x00000000fb800000,0x00000000fb800000,0x00000000ffd00000)
  from space 1536K, 39% used [0x00000000ffe80000,0x00000000fff18000,0x0000000100000000)
  to   space 1536K, 0% used [0x00000000ffd00000,0x00000000ffd00000,0x00000000ffe80000)
 ParOldGen       total 114688K, used 84033K [0x00000000f4800000, 0x00000000fb800000, 0x00000000fb800000)
  object space 114688K, 73% used [0x00000000f4800000,0x00000000f9a10500,0x00000000fb800000)
 Metaspace       used 75091K, capacity 79430K, committed 79744K, reserved 1118208K
  class space    used 9514K, capacity 10272K, committed 10368K, reserved 1048576K
}
{Heap before GC invocations=275 (full 0):
 PSYoungGen      total 72192K, used 71264K [0x00000000fb800000, 0x0000000100000000, 0x0000000100000000)
  eden space 70656K, 100% used [0x00000000fb800000,0x00000000ffd00000,0x00000000ffd00000)
  from space 1536K, 39% used [0x00000000ffe80000,0x00000000fff18000,0x0000000100000000)
  to   space 1536K, 0% used [0x00000000ffd00000,0x00000000ffd00000,0x00000000ffe80000)
 ParOldGen       total 114688K, used 84033K [0x00000000f4800000, 0x00000000fb800000, 0x00000000fb800000)
  object space 114688K, 73% used [0x00000000f4800000,0x00000000f9a10500,0x00000000fb800000)
 Metaspace       used 75094K, capacity 79430K, committed 79744K, reserved 1118208K
  class space    used 9514K, capacity 10272K, committed 10368K, reserved 1048576K
2024-06-11T20:57:56.910+0800: 1136.123: [GC (Allocation Failure) [PSYoungGen: 71264K->1024K(72192K)] 155297K->85145K(186880K), 0.0052606 secs] [Times: user=0.01 sys=0.00, real=0.01 secs] 
Heap after GC invocations=275 (full 0):
 PSYoungGen      total 72192K, used 1024K [0x00000000fb800000, 0x0000000100000000, 0x0000000100000000)
  eden space 70656K, 0% used [0x00000000fb800000,0x00000000fb800000,0x00000000ffd00000)
  from space 1536K, 66% used [0x00000000ffd00000,0x00000000ffe00000,0x00000000ffe80000)
  to   space 1536K, 0% used [0x00000000ffe80000,0x00000000ffe80000,0x0000000100000000)
 ParOldGen       total 114688K, used 84121K [0x00000000f4800000, 0x00000000fb800000, 0x00000000fb800000)
  object space 114688K, 73% used [0x00000000f4800000,0x00000000f9a26500,0x00000000fb800000)
 Metaspace       used 75094K, capacity 79430K, committed 79744K, reserved 1118208K
  class space    used 9514K, capacity 10272K, committed 10368K, reserved 1048576K
}
{Heap before GC invocations=276 (full 0):
 PSYoungGen      total 72192K, used 71680K [0x00000000fb800000, 0x0000000100000000, 0x0000000100000000)
  eden space 70656K, 100% used [0x00000000fb800000,0x00000000ffd00000,0x00000000ffd00000)
  from space 1536K, 66% used [0x00000000ffd00000,0x00000000ffe00000,0x00000000ffe80000)
  to   space 1536K, 0% used [0x00000000ffe80000,0x00000000ffe80000,0x0000000100000000)
 ParOldGen       total 114688K, used 84121K [0x00000000f4800000, 0x00000000fb800000, 0x00000000fb800000)
  object space 114688K, 73% used [0x00000000f4800000,0x00000000f9a26500,0x00000000fb800000)
 Metaspace       used 75094K, capacity 79430K, committed 79744K, reserved 1118208K
  class space    used 9514K, capacity 10272K, committed 10368K, reserved 1048576K
2024-06-11T20:58:01.326+0800: 1140.539: [GC (Allocation Failure) [PSYoungGen: 71680K->1184K(72192K)] 155801K->85809K(186880K), 0.0067161 secs] [Times: user=0.01 sys=0.00, real=0.01 secs] 
Heap after GC invocations=276 (full 0):
 PSYoungGen      total 72192K, used 1184K [0x00000000fb800000, 0x0000000100000000, 0x0000000100000000)
  eden space 70656K, 0% used [0x00000000fb800000,0x00000000fb800000,0x00000000ffd00000)
  from space 1536K, 77% used [0x00000000ffe80000,0x00000000fffa8000,0x0000000100000000)
  to   space 1536K, 0% used [0x00000000ffd00000,0x00000000ffd00000,0x00000000ffe80000)
 ParOldGen       total 114688K, used 84625K [0x00000000f4800000, 0x00000000fb800000, 0x00000000fb800000)
  object space 114688K, 73% used [0x00000000f4800000,0x00000000f9aa4500,0x00000000fb800000)
 Metaspace       used 75094K, capacity 79430K, committed 79744K, reserved 1118208K
  class space    used 9514K, capacity 10272K, committed 10368K, reserved 1048576K
}
{Heap before GC invocations=277 (full 0):
 PSYoungGen      total 72192K, used 71840K [0x00000000fb800000, 0x0000000100000000, 0x0000000100000000)
  eden space 70656K, 100% used [0x00000000fb800000,0x00000000ffd00000,0x00000000ffd00000)
  from space 1536K, 77% used [0x00000000ffe80000,0x00000000fffa8000,0x0000000100000000)
  to   space 1536K, 0% used [0x00000000ffd00000,0x00000000ffd00000,0x00000000ffe80000)
 ParOldGen       total 114688K, used 84625K [0x00000000f4800000, 0x00000000fb800000, 0x00000000fb800000)
  object space 114688K, 73% used [0x00000000f4800000,0x00000000f9aa4500,0x00000000fb800000)
 Metaspace       used 75095K, capacity 79430K, committed 79744K, reserved 1118208K
  class space    used 9514K, capacity 10272K, committed 10368K, reserved 1048576K
2024-06-11T20:58:05.647+0800: 1144.860: [GC (Allocation Failure) [PSYoungGen: 71840K->608K(72192K)] 156465K->85913K(186880K), 0.0056465 secs] [Times: user=0.01 sys=0.00, real=0.01 secs] 
Heap after GC invocations=277 (full 0):
 PSYoungGen      total 72192K, used 608K [0x00000000fb800000, 0x0000000100000000, 0x0000000100000000)
  eden space 70656K, 0% used [0x00000000fb800000,0x00000000fb800000,0x00000000ffd00000)
  from space 1536K, 39% used [0x00000000ffd00000,0x00000000ffd98000,0x00000000ffe80000)
  to   space 1536K, 0% used [0x00000000ffe80000,0x00000000ffe80000,0x0000000100000000)
 ParOldGen       total 114688K, used 85305K [0x00000000f4800000, 0x00000000fb800000, 0x00000000fb800000)
  object space 114688K, 74% used [0x00000000f4800000,0x00000000f9b4e500,0x00000000fb800000)
 Metaspace       used 75095K, capacity 79430K, committed 79744K, reserved 1118208K
  class space    used 9514K, capacity 10272K, committed 10368K, reserved 1048576K
}
{Heap before GC invocations=278 (full 0):
 PSYoungGen      total 72192K, used 71264K [0x00000000fb800000, 0x0000000100000000, 0x0000000100000000)
  eden space 70656K, 100% used [0x00000000fb800000,0x00000000ffd00000,0x00000000ffd00000)
  from space 1536K, 39% used [0x00000000ffd00000,0x00000000ffd98000,0x00000000ffe80000)
  to   space 1536K, 0% used [0x00000000ffe80000,0x00000000ffe80000,0x0000000100000000)
 ParOldGen       total 114688K, used 85305K [0x00000000f4800000, 0x00000000fb800000, 0x00000000fb800000)
  object space 114688K, 74% used [0x00000000f4800000,0x00000000f9b4e500,0x00000000fb800000)
 Metaspace       used 75095K, capacity 79430K, committed 79744K, reserved 1118208K
  class space    used 9514K, capacity 10272K, committed 10368K, reserved 1048576K
2024-06-11T20:58:10.126+0800: 1149.339: [GC (Allocation Failure) [PSYoungGen: 71264K->608K(72192K)] 156569K->86001K(186880K), 0.0046115 secs] [Times: user=0.00 sys=0.00, real=0.01 secs] 
Heap after GC invocations=278 (full 0):
 PSYoungGen      total 72192K, used 608K [0x00000000fb800000, 0x0000000100000000, 0x0000000100000000)
  eden space 70656K, 0% used [0x00000000fb800000,0x00000000fb800000,0x00000000ffd00000)
  from space 1536K, 39% used [0x00000000ffe80000,0x00000000fff18000,0x0000000100000000)
  to   space 1536K, 0% used [0x00000000ffd00000,0x00000000ffd00000,0x00000000ffe80000)
 ParOldGen       total 114688K, used 85393K [0x00000000f4800000, 0x00000000fb800000, 0x00000000fb800000)
  object space 114688K, 74% used [0x00000000f4800000,0x00000000f9b64500,0x00000000fb800000)
 Metaspace       used 75095K, capacity 79430K, committed 79744K, reserved 1118208K
  class space    used 9514K, capacity 10272K, committed 10368K, reserved 1048576K
}
{Heap before GC invocations=279 (full 0):
 PSYoungGen      total 72192K, used 71264K [0x00000000fb800000, 0x0000000100000000, 0x0000000100000000)
  eden space 70656K, 100% used [0x00000000fb800000,0x00000000ffd00000,0x00000000ffd00000)
  from space 1536K, 39% used [0x00000000ffe80000,0x00000000fff18000,0x0000000100000000)
  to   space 1536K, 0% used [0x00000000ffd00000,0x00000000ffd00000,0x00000000ffe80000)
 ParOldGen       total 114688K, used 85393K [0x00000000f4800000, 0x00000000fb800000, 0x00000000fb800000)
  object space 114688K, 74% used [0x00000000f4800000,0x00000000f9b64500,0x00000000fb800000)
 Metaspace       used 75095K, capacity 79430K, committed 79744K, reserved 1118208K
  class space    used 9514K, capacity 10272K, committed 10368K, reserved 1048576K
2024-06-11T20:58:14.569+0800: 1153.782: [GC (Allocation Failure) [PSYoungGen: 71264K->608K(72192K)] 156657K->86089K(186880K), 0.0046196 secs] [Times: user=0.01 sys=0.00, real=0.01 secs] 
Heap after GC invocations=279 (full 0):
 PSYoungGen      total 72192K, used 608K [0x00000000fb800000, 0x0000000100000000, 0x0000000100000000)
  eden space 70656K, 0% used [0x00000000fb800000,0x00000000fb800000,0x00000000ffd00000)
  from space 1536K, 39% used [0x00000000ffd00000,0x00000000ffd98000,0x00000000ffe80000)
  to   space 1536K, 0% used [0x00000000ffe80000,0x00000000ffe80000,0x0000000100000000)
 ParOldGen       total 114688K, used 85481K [0x00000000f4800000, 0x00000000fb800000, 0x00000000fb800000)
  object space 114688K, 74% used [0x00000000f4800000,0x00000000f9b7a500,0x00000000fb800000)
 Metaspace       used 75095K, capacity 79430K, committed 79744K, reserved 1118208K
  class space    used 9514K, capacity 10272K, committed 10368K, reserved 1048576K
}
{Heap before GC invocations=280 (full 0):
 PSYoungGen      total 72192K, used 71264K [0x00000000fb800000, 0x0000000100000000, 0x0000000100000000)
  eden space 70656K, 100% used [0x00000000fb800000,0x00000000ffd00000,0x00000000ffd00000)
  from space 1536K, 39% used [0x00000000ffd00000,0x00000000ffd98000,0x00000000ffe80000)
  to   space 1536K, 0% used [0x00000000ffe80000,0x00000000ffe80000,0x0000000100000000)
 ParOldGen       total 114688K, used 85481K [0x00000000f4800000, 0x00000000fb800000, 0x00000000fb800000)
  object space 114688K, 74% used [0x00000000f4800000,0x00000000f9b7a500,0x00000000fb800000)
 Metaspace       used 75095K, capacity 79430K, committed 79744K, reserved 1118208K
  class space    used 9514K, capacity 10272K, committed 10368K, reserved 1048576K
2024-06-11T20:58:18.666+0800: 1157.879: [GC (Allocation Failure) [PSYoungGen: 71264K->576K(72192K)] 156745K->86153K(186880K), 0.0045147 secs] [Times: user=0.01 sys=0.00, real=0.00 secs] 
Heap after GC invocations=280 (full 0):
 PSYoungGen      total 72192K, used 576K [0x00000000fb800000, 0x0000000100000000, 0x0000000100000000)
  eden space 70656K, 0% used [0x00000000fb800000,0x00000000fb800000,0x00000000ffd00000)
  from space 1536K, 37% used [0x00000000ffe80000,0x00000000fff10000,0x0000000100000000)
  to   space 1536K, 0% used [0x00000000ffd00000,0x00000000ffd00000,0x00000000ffe80000)
 ParOldGen       total 114688K, used 85577K [0x00000000f4800000, 0x00000000fb800000, 0x00000000fb800000)
  object space 114688K, 74% used [0x00000000f4800000,0x00000000f9b92500,0x00000000fb800000)
 Metaspace       used 75095K, capacity 79430K, committed 79744K, reserved 1118208K
  class space    used 9514K, capacity 10272K, committed 10368K, reserved 1048576K
}
{Heap before GC invocations=281 (full 0):
 PSYoungGen      total 72192K, used 71232K [0x00000000fb800000, 0x0000000100000000, 0x0000000100000000)
  eden space 70656K, 100% used [0x00000000fb800000,0x00000000ffd00000,0x00000000ffd00000)
  from space 1536K, 37% used [0x00000000ffe80000,0x00000000fff10000,0x0000000100000000)
  to   space 1536K, 0% used [0x00000000ffd00000,0x00000000ffd00000,0x00000000ffe80000)
 ParOldGen       total 114688K, used 85577K [0x00000000f4800000, 0x00000000fb800000, 0x00000000fb800000)
  object space 114688K, 74% used [0x00000000f4800000,0x00000000f9b92500,0x00000000fb800000)
 Metaspace       used 75095K, capacity 79430K, committed 79744K, reserved 1118208K
  class space    used 9514K, capacity 10272K, committed 10368K, reserved 1048576K
2024-06-11T20:58:22.976+0800: 1162.189: [GC (Allocation Failure) [PSYoungGen: 71232K->1100K(72192K)] 156809K->86765K(186880K), 0.0058171 secs] [Times: user=0.01 sys=0.00, real=0.01 secs] 
Heap after GC invocations=281 (full 0):
 PSYoungGen      total 72192K, used 1100K [0x00000000fb800000, 0x0000000100000000, 0x0000000100000000)
  eden space 70656K, 0% used [0x00000000fb800000,0x00000000fb800000,0x00000000ffd00000)
  from space 1536K, 71% used [0x00000000ffd00000,0x00000000ffe13110,0x00000000ffe80000)
  to   space 1536K, 0% used [0x00000000ffe80000,0x00000000ffe80000,0x0000000100000000)
 ParOldGen       total 114688K, used 85665K [0x00000000f4800000, 0x00000000fb800000, 0x00000000fb800000)
  object space 114688K, 74% used [0x00000000f4800000,0x00000000f9ba8500,0x00000000fb800000)
 Metaspace       used 75095K, capacity 79430K, committed 79744K, reserved 1118208K
  class space    used 9514K, capacity 10272K, committed 10368K, reserved 1048576K
}
{Heap before GC invocations=282 (full 0):
 PSYoungGen      total 72192K, used 71756K [0x00000000fb800000, 0x0000000100000000, 0x0000000100000000)
  eden space 70656K, 100% used [0x00000000fb800000,0x00000000ffd00000,0x00000000ffd00000)
  from space 1536K, 71% used [0x00000000ffd00000,0x00000000ffe13110,0x00000000ffe80000)
  to   space 1536K, 0% used [0x00000000ffe80000,0x00000000ffe80000,0x0000000100000000)
 ParOldGen       total 114688K, used 85665K [0x00000000f4800000, 0x00000000fb800000, 0x00000000fb800000)
  object space 114688K, 74% used [0x00000000f4800000,0x00000000f9ba8500,0x00000000fb800000)
 Metaspace       used 75095K, capacity 79430K, committed 79744K, reserved 1118208K
  class space    used 9514K, capacity 10272K, committed 10368K, reserved 1048576K
2024-06-11T20:58:27.483+0800: 1166.696: [GC (Allocation Failure) [PSYoungGen: 71756K->608K(72192K)] 157421K->86353K(186880K), 0.0046292 secs] [Times: user=0.00 sys=0.00, real=0.00 secs] 
Heap after GC invocations=282 (full 0):
 PSYoungGen      total 72192K, used 608K [0x00000000fb800000, 0x0000000100000000, 0x0000000100000000)
  eden space 70656K, 0% used [0x00000000fb800000,0x00000000fb800000,0x00000000ffd00000)
  from space 1536K, 39% used [0x00000000ffe80000,0x00000000fff18000,0x0000000100000000)
  to   space 1536K, 0% used [0x00000000ffd00000,0x00000000ffd00000,0x00000000ffe80000)
 ParOldGen       total 114688K, used 85745K [0x00000000f4800000, 0x00000000fb800000, 0x00000000fb800000)
  object space 114688K, 74% used [0x00000000f4800000,0x00000000f9bbc500,0x00000000fb800000)
 Metaspace       used 75095K, capacity 79430K, committed 79744K, reserved 1118208K
  class space    used 9514K, capacity 10272K, committed 10368K, reserved 1048576K
}
{Heap before GC invocations=283 (full 0):
 PSYoungGen      total 72192K, used 71264K [0x00000000fb800000, 0x0000000100000000, 0x0000000100000000)
  eden space 70656K, 100% used [0x00000000fb800000,0x00000000ffd00000,0x00000000ffd00000)
  from space 1536K, 39% used [0x00000000ffe80000,0x00000000fff18000,0x0000000100000000)
  to   space 1536K, 0% used [0x00000000ffd00000,0x00000000ffd00000,0x00000000ffe80000)
 ParOldGen       total 114688K, used 85745K [0x00000000f4800000, 0x00000000fb800000, 0x00000000fb800000)
  object space 114688K, 74% used [0x00000000f4800000,0x00000000f9bbc500,0x00000000fb800000)
 Metaspace       used 75095K, capacity 79430K, committed 79744K, reserved 1118208K
  class space    used 9514K, capacity 10272K, committed 10368K, reserved 1048576K
2024-06-11T20:58:31.782+0800: 1170.995: [GC (Allocation Failure) [PSYoungGen: 71264K->608K(72192K)] 157009K->86441K(186880K), 0.0046015 secs] [Times: user=0.00 sys=0.00, real=0.00 secs] 
Heap after GC invocations=283 (full 0):
 PSYoungGen      total 72192K, used 608K [0x00000000fb800000, 0x0000000100000000, 0x0000000100000000)
  eden space 70656K, 0% used [0x00000000fb800000,0x00000000fb800000,0x00000000ffd00000)
  from space 1536K, 39% used [0x00000000ffd00000,0x00000000ffd98000,0x00000000ffe80000)
  to   space 1536K, 0% used [0x00000000ffe80000,0x00000000ffe80000,0x0000000100000000)
 ParOldGen       total 114688K, used 85833K [0x00000000f4800000, 0x00000000fb800000, 0x00000000fb800000)
  object space 114688K, 74% used [0x00000000f4800000,0x00000000f9bd2500,0x00000000fb800000)
 Metaspace       used 75095K, capacity 79430K, committed 79744K, reserved 1118208K
  class space    used 9514K, capacity 10272K, committed 10368K, reserved 1048576K
}
{Heap before GC invocations=284 (full 0):
 PSYoungGen      total 72192K, used 71264K [0x00000000fb800000, 0x0000000100000000, 0x0000000100000000)
  eden space 70656K, 100% used [0x00000000fb800000,0x00000000ffd00000,0x00000000ffd00000)
  from space 1536K, 39% used [0x00000000ffd00000,0x00000000ffd98000,0x00000000ffe80000)
  to   space 1536K, 0% used [0x00000000ffe80000,0x00000000ffe80000,0x0000000100000000)
 ParOldGen       total 114688K, used 85833K [0x00000000f4800000, 0x00000000fb800000, 0x00000000fb800000)
  object space 114688K, 74% used [0x00000000f4800000,0x00000000f9bd2500,0x00000000fb800000)
 Metaspace       used 75095K, capacity 79430K, committed 79744K, reserved 1118208K
  class space    used 9514K, capacity 10272K, committed 10368K, reserved 1048576K
2024-06-11T20:58:35.882+0800: 1175.095: [GC (Allocation Failure) [PSYoungGen: 71264K->640K(72192K)] 157097K->86553K(186880K), 0.0048135 secs] [Times: user=0.00 sys=0.00, real=0.00 secs] 
Heap after GC invocations=284 (full 0):
 PSYoungGen      total 72192K, used 640K [0x00000000fb800000, 0x0000000100000000, 0x0000000100000000)
  eden space 70656K, 0% used [0x00000000fb800000,0x00000000fb800000,0x00000000ffd00000)
  from space 1536K, 41% used [0x00000000ffe80000,0x00000000fff20000,0x0000000100000000)
  to   space 1536K, 0% used [0x00000000ffd00000,0x00000000ffd00000,0x00000000ffe80000)
 ParOldGen       total 114688K, used 85913K [0x00000000f4800000, 0x00000000fb800000, 0x00000000fb800000)
  object space 114688K, 74% used [0x00000000f4800000,0x00000000f9be6500,0x00000000fb800000)
 Metaspace       used 75095K, capacity 79430K, committed 79744K, reserved 1118208K
  class space    used 9514K, capacity 10272K, committed 10368K, reserved 1048576K
}
{Heap before GC invocations=285 (full 0):
 PSYoungGen      total 72192K, used 71296K [0x00000000fb800000, 0x0000000100000000, 0x0000000100000000)
  eden space 70656K, 100% used [0x00000000fb800000,0x00000000ffd00000,0x00000000ffd00000)
  from space 1536K, 41% used [0x00000000ffe80000,0x00000000fff20000,0x0000000100000000)
  to   space 1536K, 0% used [0x00000000ffd00000,0x00000000ffd00000,0x00000000ffe80000)
 ParOldGen       total 114688K, used 85913K [0x00000000f4800000, 0x00000000fb800000, 0x00000000fb800000)
  object space 114688K, 74% used [0x00000000f4800000,0x00000000f9be6500,0x00000000fb800000)
 Metaspace       used 75096K, capacity 79430K, committed 79744K, reserved 1118208K
  class space    used 9514K, capacity 10272K, committed 10368K, reserved 1048576K
2024-06-11T20:58:40.263+0800: 1179.476: [GC (Allocation Failure) [PSYoungGen: 71296K->608K(72192K)] 157209K->86609K(186880K), 0.0047050 secs] [Times: user=0.01 sys=0.00, real=0.00 secs] 
Heap after GC invocations=285 (full 0):
 PSYoungGen      total 72192K, used 608K [0x00000000fb800000, 0x0000000100000000, 0x0000000100000000)
  eden space 70656K, 0% used [0x00000000fb800000,0x00000000fb800000,0x00000000ffd00000)
  from space 1536K, 39% used [0x00000000ffd00000,0x00000000ffd98000,0x00000000ffe80000)
  to   space 1536K, 0% used [0x00000000ffe80000,0x00000000ffe80000,0x0000000100000000)
 ParOldGen       total 114688K, used 86001K [0x00000000f4800000, 0x00000000fb800000, 0x00000000fb800000)
  object space 114688K, 74% used [0x00000000f4800000,0x00000000f9bfc500,0x00000000fb800000)
 Metaspace       used 75096K, capacity 79430K, committed 79744K, reserved 1118208K
  class space    used 9514K, capacity 10272K, committed 10368K, reserved 1048576K
}
{Heap before GC invocations=286 (full 0):
 PSYoungGen      total 72192K, used 71264K [0x00000000fb800000, 0x0000000100000000, 0x0000000100000000)
  eden space 70656K, 100% used [0x00000000fb800000,0x00000000ffd00000,0x00000000ffd00000)
  from space 1536K, 39% used [0x00000000ffd00000,0x00000000ffd98000,0x00000000ffe80000)
  to   space 1536K, 0% used [0x00000000ffe80000,0x00000000ffe80000,0x0000000100000000)
 ParOldGen       total 114688K, used 86001K [0x00000000f4800000, 0x00000000fb800000, 0x00000000fb800000)
  object space 114688K, 74% used [0x00000000f4800000,0x00000000f9bfc500,0x00000000fb800000)
 Metaspace       used 75100K, capacity 79430K, committed 79744K, reserved 1118208K
  class space    used 9514K, capacity 10272K, committed 10368K, reserved 1048576K
2024-06-11T20:58:44.654+0800: 1183.867: [GC (Allocation Failure) [PSYoungGen: 71264K->608K(72192K)] 157265K->86689K(186880K), 0.0048434 secs] [Times: user=0.01 sys=0.00, real=0.00 secs] 
Heap after GC invocations=286 (full 0):
 PSYoungGen      total 72192K, used 608K [0x00000000fb800000, 0x0000000100000000, 0x0000000100000000)
  eden space 70656K, 0% used [0x00000000fb800000,0x00000000fb800000,0x00000000ffd00000)
  from space 1536K, 39% used [0x00000000ffe80000,0x00000000fff18000,0x0000000100000000)
  to   space 1536K, 0% used [0x00000000ffd00000,0x00000000ffd00000,0x00000000ffe80000)
 ParOldGen       total 114688K, used 86081K [0x00000000f4800000, 0x00000000fb800000, 0x00000000fb800000)
  object space 114688K, 75% used [0x00000000f4800000,0x00000000f9c10500,0x00000000fb800000)
 Metaspace       used 75100K, capacity 79430K, committed 79744K, reserved 1118208K
  class space    used 9514K, capacity 10272K, committed 10368K, reserved 1048576K
}
{Heap before GC invocations=287 (full 0):
 PSYoungGen      total 72192K, used 71264K [0x00000000fb800000, 0x0000000100000000, 0x0000000100000000)
  eden space 70656K, 100% used [0x00000000fb800000,0x00000000ffd00000,0x00000000ffd00000)
  from space 1536K, 39% used [0x00000000ffe80000,0x00000000fff18000,0x0000000100000000)
  to   space 1536K, 0% used [0x00000000ffd00000,0x00000000ffd00000,0x00000000ffe80000)
 ParOldGen       total 114688K, used 86081K [0x00000000f4800000, 0x00000000fb800000, 0x00000000fb800000)
  object space 114688K, 75% used [0x00000000f4800000,0x00000000f9c10500,0x00000000fb800000)
 Metaspace       used 75100K, capacity 79430K, committed 79744K, reserved 1118208K
  class space    used 9514K, capacity 10272K, committed 10368K, reserved 1048576K
2024-06-11T20:58:48.988+0800: 1188.202: [GC (Allocation Failure) [PSYoungGen: 71264K->576K(72192K)] 157345K->86745K(186880K), 0.0048532 secs] [Times: user=0.01 sys=0.00, real=0.01 secs] 
Heap after GC invocations=287 (full 0):
 PSYoungGen      total 72192K, used 576K [0x00000000fb800000, 0x0000000100000000, 0x0000000100000000)
  eden space 70656K, 0% used [0x00000000fb800000,0x00000000fb800000,0x00000000ffd00000)
  from space 1536K, 37% used [0x00000000ffd00000,0x00000000ffd90000,0x00000000ffe80000)
  to   space 1536K, 0% used [0x00000000ffe80000,0x00000000ffe80000,0x0000000100000000)
 ParOldGen       total 114688K, used 86169K [0x00000000f4800000, 0x00000000fb800000, 0x00000000fb800000)
  object space 114688K, 75% used [0x00000000f4800000,0x00000000f9c26500,0x00000000fb800000)
 Metaspace       used 75100K, capacity 79430K, committed 79744K, reserved 1118208K
  class space    used 9514K, capacity 10272K, committed 10368K, reserved 1048576K
}
{Heap before GC invocations=288 (full 0):
 PSYoungGen      total 72192K, used 71232K [0x00000000fb800000, 0x0000000100000000, 0x0000000100000000)
  eden space 70656K, 100% used [0x00000000fb800000,0x00000000ffd00000,0x00000000ffd00000)
  from space 1536K, 37% used [0x00000000ffd00000,0x00000000ffd90000,0x00000000ffe80000)
  to   space 1536K, 0% used [0x00000000ffe80000,0x00000000ffe80000,0x0000000100000000)
 ParOldGen       total 114688K, used 86169K [0x00000000f4800000, 0x00000000fb800000, 0x00000000fb800000)
  object space 114688K, 75% used [0x00000000f4800000,0x00000000f9c26500,0x00000000fb800000)
 Metaspace       used 75100K, capacity 79430K, committed 79744K, reserved 1118208K
  class space    used 9514K, capacity 10272K, committed 10368K, reserved 1048576K
2024-06-11T20:58:53.293+0800: 1192.506: [GC (Allocation Failure) [PSYoungGen: 71232K->1100K(72192K)] 157401K->87357K(186880K), 0.0050466 secs] [Times: user=0.01 sys=0.00, real=0.00 secs] 
Heap after GC invocations=288 (full 0):
 PSYoungGen      total 72192K, used 1100K [0x00000000fb800000, 0x0000000100000000, 0x0000000100000000)
  eden space 70656K, 0% used [0x00000000fb800000,0x00000000fb800000,0x00000000ffd00000)
  from space 1536K, 71% used [0x00000000ffe80000,0x00000000fff93110,0x0000000100000000)
  to   space 1536K, 0% used [0x00000000ffd00000,0x00000000ffd00000,0x00000000ffe80000)
 ParOldGen       total 114688K, used 86257K [0x00000000f4800000, 0x00000000fb800000, 0x00000000fb800000)
  object space 114688K, 75% used [0x00000000f4800000,0x00000000f9c3c500,0x00000000fb800000)
 Metaspace       used 75100K, capacity 79430K, committed 79744K, reserved 1118208K
  class space    used 9514K, capacity 10272K, committed 10368K, reserved 1048576K
}
{Heap before GC invocations=289 (full 0):
 PSYoungGen      total 72192K, used 71756K [0x00000000fb800000, 0x0000000100000000, 0x0000000100000000)
  eden space 70656K, 100% used [0x00000000fb800000,0x00000000ffd00000,0x00000000ffd00000)
  from space 1536K, 71% used [0x00000000ffe80000,0x00000000fff93110,0x0000000100000000)
  to   space 1536K, 0% used [0x00000000ffd00000,0x00000000ffd00000,0x00000000ffe80000)
 ParOldGen       total 114688K, used 86257K [0x00000000f4800000, 0x00000000fb800000, 0x00000000fb800000)
  object space 114688K, 75% used [0x00000000f4800000,0x00000000f9c3c500,0x00000000fb800000)
 Metaspace       used 75102K, capacity 79430K, committed 79744K, reserved 1118208K
  class space    used 9514K, capacity 10272K, committed 10368K, reserved 1048576K
2024-06-11T20:58:57.716+0800: 1196.929: [GC (Allocation Failure) [PSYoungGen: 71756K->1280K(72192K)] 158013K->87625K(186880K), 0.0058463 secs] [Times: user=0.01 sys=0.00, real=0.01 secs] 
Heap after GC invocations=289 (full 0):
 PSYoungGen      total 72192K, used 1280K [0x00000000fb800000, 0x0000000100000000, 0x0000000100000000)
  eden space 70656K, 0% used [0x00000000fb800000,0x00000000fb800000,0x00000000ffd00000)
  from space 1536K, 83% used [0x00000000ffd00000,0x00000000ffe40000,0x00000000ffe80000)
  to   space 1536K, 0% used [0x00000000ffe80000,0x00000000ffe80000,0x0000000100000000)
 ParOldGen       total 114688K, used 86345K [0x00000000f4800000, 0x00000000fb800000, 0x00000000fb800000)
  object space 114688K, 75% used [0x00000000f4800000,0x00000000f9c52500,0x00000000fb800000)
 Metaspace       used 75102K, capacity 79430K, committed 79744K, reserved 1118208K
  class space    used 9514K, capacity 10272K, committed 10368K, reserved 1048576K
}
{Heap before GC invocations=290 (full 0):
 PSYoungGen      total 72192K, used 71936K [0x00000000fb800000, 0x0000000100000000, 0x0000000100000000)
  eden space 70656K, 100% used [0x00000000fb800000,0x00000000ffd00000,0x00000000ffd00000)
  from space 1536K, 83% used [0x00000000ffd00000,0x00000000ffe40000,0x00000000ffe80000)
  to   space 1536K, 0% used [0x00000000ffe80000,0x00000000ffe80000,0x0000000100000000)
 ParOldGen       total 114688K, used 86345K [0x00000000f4800000, 0x00000000fb800000, 0x00000000fb800000)
  object space 114688K, 75% used [0x00000000f4800000,0x00000000f9c52500,0x00000000fb800000)
 Metaspace       used 75102K, capacity 79430K, committed 79744K, reserved 1118208K
  class space    used 9514K, capacity 10272K, committed 10368K, reserved 1048576K
2024-06-11T20:59:01.890+0800: 1201.103: [GC (Allocation Failure) [PSYoungGen: 71936K->928K(72192K)] 158281K->88081K(186880K), 0.0060431 secs] [Times: user=0.01 sys=0.00, real=0.01 secs] 
Heap after GC invocations=290 (full 0):
 PSYoungGen      total 72192K, used 928K [0x00000000fb800000, 0x0000000100000000, 0x0000000100000000)
  eden space 70656K, 0% used [0x00000000fb800000,0x00000000fb800000,0x00000000ffd00000)
  from space 1536K, 60% used [0x00000000ffe80000,0x00000000fff68000,0x0000000100000000)
  to   space 1536K, 0% used [0x00000000ffd00000,0x00000000ffd00000,0x00000000ffe80000)
 ParOldGen       total 114688K, used 87153K [0x00000000f4800000, 0x00000000fb800000, 0x00000000fb800000)
  object space 114688K, 75% used [0x00000000f4800000,0x00000000f9d1c500,0x00000000fb800000)
 Metaspace       used 75102K, capacity 79430K, committed 79744K, reserved 1118208K
  class space    used 9514K, capacity 10272K, committed 10368K, reserved 1048576K
}
{Heap before GC invocations=291 (full 0):
 PSYoungGen      total 72192K, used 71584K [0x00000000fb800000, 0x0000000100000000, 0x0000000100000000)
  eden space 70656K, 100% used [0x00000000fb800000,0x00000000ffd00000,0x00000000ffd00000)
  from space 1536K, 60% used [0x00000000ffe80000,0x00000000fff68000,0x0000000100000000)
  to   space 1536K, 0% used [0x00000000ffd00000,0x00000000ffd00000,0x00000000ffe80000)
 ParOldGen       total 114688K, used 87153K [0x00000000f4800000, 0x00000000fb800000, 0x00000000fb800000)
  object space 114688K, 75% used [0x00000000f4800000,0x00000000f9d1c500,0x00000000fb800000)
 Metaspace       used 75102K, capacity 79430K, committed 79744K, reserved 1118208K
  class space    used 9514K, capacity 10272K, committed 10368K, reserved 1048576K
2024-06-11T20:59:06.310+0800: 1205.523: [GC (Allocation Failure) [PSYoungGen: 71584K->608K(72192K)] 158737K->88145K(186880K), 0.0055591 secs] [Times: user=0.01 sys=0.00, real=0.01 secs] 
Heap after GC invocations=291 (full 0):
 PSYoungGen      total 72192K, used 608K [0x00000000fb800000, 0x0000000100000000, 0x0000000100000000)
  eden space 70656K, 0% used [0x00000000fb800000,0x00000000fb800000,0x00000000ffd00000)
  from space 1536K, 39% used [0x00000000ffd00000,0x00000000ffd98000,0x00000000ffe80000)
  to   space 1536K, 0% used [0x00000000ffe80000,0x00000000ffe80000,0x0000000100000000)
 ParOldGen       total 114688K, used 87537K [0x00000000f4800000, 0x00000000fb800000, 0x00000000fb800000)
  object space 114688K, 76% used [0x00000000f4800000,0x00000000f9d7c500,0x00000000fb800000)
 Metaspace       used 75102K, capacity 79430K, committed 79744K, reserved 1118208K
  class space    used 9514K, capacity 10272K, committed 10368K, reserved 1048576K
}
{Heap before GC invocations=292 (full 0):
 PSYoungGen      total 72192K, used 71264K [0x00000000fb800000, 0x0000000100000000, 0x0000000100000000)
  eden space 70656K, 100% used [0x00000000fb800000,0x00000000ffd00000,0x00000000ffd00000)
  from space 1536K, 39% used [0x00000000ffd00000,0x00000000ffd98000,0x00000000ffe80000)
  to   space 1536K, 0% used [0x00000000ffe80000,0x00000000ffe80000,0x0000000100000000)
 ParOldGen       total 114688K, used 87537K [0x00000000f4800000, 0x00000000fb800000, 0x00000000fb800000)
  object space 114688K, 76% used [0x00000000f4800000,0x00000000f9d7c500,0x00000000fb800000)
 Metaspace       used 75111K, capacity 79430K, committed 79744K, reserved 1118208K
  class space    used 9514K, capacity 10272K, committed 10368K, reserved 1048576K
2024-06-11T20:59:10.620+0800: 1209.833: [GC (Allocation Failure) [PSYoungGen: 71264K->608K(72192K)] 158801K->88225K(186880K), 0.0059128 secs] [Times: user=0.00 sys=0.00, real=0.01 secs] 
Heap after GC invocations=292 (full 0):
 PSYoungGen      total 72192K, used 608K [0x00000000fb800000, 0x0000000100000000, 0x0000000100000000)
  eden space 70656K, 0% used [0x00000000fb800000,0x00000000fb800000,0x00000000ffd00000)
  from space 1536K, 39% used [0x00000000ffe80000,0x00000000fff18000,0x0000000100000000)
  to   space 1536K, 0% used [0x00000000ffd00000,0x00000000ffd00000,0x00000000ffe80000)
 ParOldGen       total 114688K, used 87617K [0x00000000f4800000, 0x00000000fb800000, 0x00000000fb800000)
  object space 114688K, 76% used [0x00000000f4800000,0x00000000f9d90500,0x00000000fb800000)
 Metaspace       used 75111K, capacity 79430K, committed 79744K, reserved 1118208K
  class space    used 9514K, capacity 10272K, committed 10368K, reserved 1048576K
}
{Heap before GC invocations=293 (full 0):
 PSYoungGen      total 72192K, used 71264K [0x00000000fb800000, 0x0000000100000000, 0x0000000100000000)
  eden space 70656K, 100% used [0x00000000fb800000,0x00000000ffd00000,0x00000000ffd00000)
  from space 1536K, 39% used [0x00000000ffe80000,0x00000000fff18000,0x0000000100000000)
  to   space 1536K, 0% used [0x00000000ffd00000,0x00000000ffd00000,0x00000000ffe80000)
 ParOldGen       total 114688K, used 87617K [0x00000000f4800000, 0x00000000fb800000, 0x00000000fb800000)
  object space 114688K, 76% used [0x00000000f4800000,0x00000000f9d90500,0x00000000fb800000)
 Metaspace       used 75112K, capacity 79430K, committed 79744K, reserved 1118208K
  class space    used 9514K, capacity 10272K, committed 10368K, reserved 1048576K
2024-06-11T20:59:14.967+0800: 1214.180: [GC (Allocation Failure) [PSYoungGen: 71264K->608K(72192K)] 158881K->88305K(186880K), 0.0053549 secs] [Times: user=0.01 sys=0.00, real=0.01 secs] 
Heap after GC invocations=293 (full 0):
 PSYoungGen      total 72192K, used 608K [0x00000000fb800000, 0x0000000100000000, 0x0000000100000000)
  eden space 70656K, 0% used [0x00000000fb800000,0x00000000fb800000,0x00000000ffd00000)
  from space 1536K, 39% used [0x00000000ffd00000,0x00000000ffd98000,0x00000000ffe80000)
  to   space 1536K, 0% used [0x00000000ffe80000,0x00000000ffe80000,0x0000000100000000)
 ParOldGen       total 114688K, used 87697K [0x00000000f4800000, 0x00000000fb800000, 0x00000000fb800000)
  object space 114688K, 76% used [0x00000000f4800000,0x00000000f9da4500,0x00000000fb800000)
 Metaspace       used 75112K, capacity 79430K, committed 79744K, reserved 1118208K
  class space    used 9514K, capacity 10272K, committed 10368K, reserved 1048576K
}
{Heap before GC invocations=294 (full 0):
 PSYoungGen      total 72192K, used 71264K [0x00000000fb800000, 0x0000000100000000, 0x0000000100000000)
  eden space 70656K, 100% used [0x00000000fb800000,0x00000000ffd00000,0x00000000ffd00000)
  from space 1536K, 39% used [0x00000000ffd00000,0x00000000ffd98000,0x00000000ffe80000)
  to   space 1536K, 0% used [0x00000000ffe80000,0x00000000ffe80000,0x0000000100000000)
 ParOldGen       total 114688K, used 87697K [0x00000000f4800000, 0x00000000fb800000, 0x00000000fb800000)
  object space 114688K, 76% used [0x00000000f4800000,0x00000000f9da4500,0x00000000fb800000)
 Metaspace       used 75112K, capacity 79430K, committed 79744K, reserved 1118208K
  class space    used 9514K, capacity 10272K, committed 10368K, reserved 1048576K
2024-06-11T20:59:19.118+0800: 1218.331: [GC (Allocation Failure) [PSYoungGen: 71264K->608K(72192K)] 158961K->88385K(186880K), 0.0045444 secs] [Times: user=0.01 sys=0.00, real=0.01 secs] 
Heap after GC invocations=294 (full 0):
 PSYoungGen      total 72192K, used 608K [0x00000000fb800000, 0x0000000100000000, 0x0000000100000000)
  eden space 70656K, 0% used [0x00000000fb800000,0x00000000fb800000,0x00000000ffd00000)
  from space 1536K, 39% used [0x00000000ffe80000,0x00000000fff18000,0x0000000100000000)
  to   space 1536K, 0% used [0x00000000ffd00000,0x00000000ffd00000,0x00000000ffe80000)
 ParOldGen       total 114688K, used 87777K [0x00000000f4800000, 0x00000000fb800000, 0x00000000fb800000)
  object space 114688K, 76% used [0x00000000f4800000,0x00000000f9db8500,0x00000000fb800000)
 Metaspace       used 75112K, capacity 79430K, committed 79744K, reserved 1118208K
  class space    used 9514K, capacity 10272K, committed 10368K, reserved 1048576K
}
{Heap before GC invocations=295 (full 0):
 PSYoungGen      total 72192K, used 71264K [0x00000000fb800000, 0x0000000100000000, 0x0000000100000000)
  eden space 70656K, 100% used [0x00000000fb800000,0x00000000ffd00000,0x00000000ffd00000)
  from space 1536K, 39% used [0x00000000ffe80000,0x00000000fff18000,0x0000000100000000)
  to   space 1536K, 0% used [0x00000000ffd00000,0x00000000ffd00000,0x00000000ffe80000)
 ParOldGen       total 114688K, used 87777K [0x00000000f4800000, 0x00000000fb800000, 0x00000000fb800000)
  object space 114688K, 76% used [0x00000000f4800000,0x00000000f9db8500,0x00000000fb800000)
 Metaspace       used 75113K, capacity 79430K, committed 79744K, reserved 1118208K
  class space    used 9514K, capacity 10272K, committed 10368K, reserved 1048576K
2024-06-11T20:59:23.716+0800: 1222.929: [GC (Allocation Failure) [PSYoungGen: 71264K->576K(72192K)] 159041K->88449K(186880K), 0.0047716 secs] [Times: user=0.01 sys=0.00, real=0.01 secs] 
Heap after GC invocations=295 (full 0):
 PSYoungGen      total 72192K, used 576K [0x00000000fb800000, 0x0000000100000000, 0x0000000100000000)
  eden space 70656K, 0% used [0x00000000fb800000,0x00000000fb800000,0x00000000ffd00000)
  from space 1536K, 37% used [0x00000000ffd00000,0x00000000ffd90000,0x00000000ffe80000)
  to   space 1536K, 0% used [0x00000000ffe80000,0x00000000ffe80000,0x0000000100000000)
 ParOldGen       total 114688K, used 87873K [0x00000000f4800000, 0x00000000fb800000, 0x00000000fb800000)
  object space 114688K, 76% used [0x00000000f4800000,0x00000000f9dd0500,0x00000000fb800000)
 Metaspace       used 75113K, capacity 79430K, committed 79744K, reserved 1118208K
  class space    used 9514K, capacity 10272K, committed 10368K, reserved 1048576K
}
{Heap before GC invocations=296 (full 0):
 PSYoungGen      total 72192K, used 71232K [0x00000000fb800000, 0x0000000100000000, 0x0000000100000000)
  eden space 70656K, 100% used [0x00000000fb800000,0x00000000ffd00000,0x00000000ffd00000)
  from space 1536K, 37% used [0x00000000ffd00000,0x00000000ffd90000,0x00000000ffe80000)
  to   space 1536K, 0% used [0x00000000ffe80000,0x00000000ffe80000,0x0000000100000000)
 ParOldGen       total 114688K, used 87873K [0x00000000f4800000, 0x00000000fb800000, 0x00000000fb800000)
  object space 114688K, 76% used [0x00000000f4800000,0x00000000f9dd0500,0x00000000fb800000)
 Metaspace       used 75113K, capacity 79430K, committed 79744K, reserved 1118208K
  class space    used 9514K, capacity 10272K, committed 10368K, reserved 1048576K
2024-06-11T20:59:28.086+0800: 1227.300: [GC (Allocation Failure) [PSYoungGen: 71232K->608K(72192K)] 159105K->88569K(186880K), 0.0047104 secs] [Times: user=0.00 sys=0.00, real=0.01 secs] 
Heap after GC invocations=296 (full 0):
 PSYoungGen      total 72192K, used 608K [0x00000000fb800000, 0x0000000100000000, 0x0000000100000000)
  eden space 70656K, 0% used [0x00000000fb800000,0x00000000fb800000,0x00000000ffd00000)
  from space 1536K, 39% used [0x00000000ffe80000,0x00000000fff18000,0x0000000100000000)
  to   space 1536K, 0% used [0x00000000ffd00000,0x00000000ffd00000,0x00000000ffe80000)
 ParOldGen       total 114688K, used 87961K [0x00000000f4800000, 0x00000000fb800000, 0x00000000fb800000)
  object space 114688K, 76% used [0x00000000f4800000,0x00000000f9de6500,0x00000000fb800000)
 Metaspace       used 75113K, capacity 79430K, committed 79744K, reserved 1118208K
  class space    used 9514K, capacity 10272K, committed 10368K, reserved 1048576K
}
{Heap before GC invocations=297 (full 0):
 PSYoungGen      total 72192K, used 71264K [0x00000000fb800000, 0x0000000100000000, 0x0000000100000000)
  eden space 70656K, 100% used [0x00000000fb800000,0x00000000ffd00000,0x00000000ffd00000)
  from space 1536K, 39% used [0x00000000ffe80000,0x00000000fff18000,0x0000000100000000)
  to   space 1536K, 0% used [0x00000000ffd00000,0x00000000ffd00000,0x00000000ffe80000)
 ParOldGen       total 114688K, used 87961K [0x00000000f4800000, 0x00000000fb800000, 0x00000000fb800000)
  object space 114688K, 76% used [0x00000000f4800000,0x00000000f9de6500,0x00000000fb800000)
 Metaspace       used 75113K, capacity 79430K, committed 79744K, reserved 1118208K
  class space    used 9514K, capacity 10272K, committed 10368K, reserved 1048576K
2024-06-11T20:59:32.241+0800: 1231.454: [GC (Allocation Failure) [PSYoungGen: 71264K->576K(72192K)] 159225K->88617K(186880K), 0.0064146 secs] [Times: user=0.01 sys=0.00, real=0.00 secs] 
Heap after GC invocations=297 (full 0):
 PSYoungGen      total 72192K, used 576K [0x00000000fb800000, 0x0000000100000000, 0x0000000100000000)
  eden space 70656K, 0% used [0x00000000fb800000,0x00000000fb800000,0x00000000ffd00000)
  from space 1536K, 37% used [0x00000000ffd00000,0x00000000ffd90000,0x00000000ffe80000)
  to   space 1536K, 0% used [0x00000000ffe80000,0x00000000ffe80000,0x0000000100000000)
 ParOldGen       total 114688K, used 88041K [0x00000000f4800000, 0x00000000fb800000, 0x00000000fb800000)
  object space 114688K, 76% used [0x00000000f4800000,0x00000000f9dfa500,0x00000000fb800000)
 Metaspace       used 75113K, capacity 79430K, committed 79744K, reserved 1118208K
  class space    used 9514K, capacity 10272K, committed 10368K, reserved 1048576K
}
{Heap before GC invocations=298 (full 0):
 PSYoungGen      total 72192K, used 71232K [0x00000000fb800000, 0x0000000100000000, 0x0000000100000000)
  eden space 70656K, 100% used [0x00000000fb800000,0x00000000ffd00000,0x00000000ffd00000)
  from space 1536K, 37% used [0x00000000ffd00000,0x00000000ffd90000,0x00000000ffe80000)
  to   space 1536K, 0% used [0x00000000ffe80000,0x00000000ffe80000,0x0000000100000000)
 ParOldGen       total 114688K, used 88041K [0x00000000f4800000, 0x00000000fb800000, 0x00000000fb800000)
  object space 114688K, 76% used [0x00000000f4800000,0x00000000f9dfa500,0x00000000fb800000)
 Metaspace       used 75113K, capacity 79430K, committed 79744K, reserved 1118208K
  class space    used 9514K, capacity 10272K, committed 10368K, reserved 1048576K
2024-06-11T20:59:36.637+0800: 1235.850: [GC (Allocation Failure) [PSYoungGen: 71232K->608K(72192K)] 159273K->88729K(186880K), 0.0047778 secs] [Times: user=0.01 sys=0.00, real=0.01 secs] 
Heap after GC invocations=298 (full 0):
 PSYoungGen      total 72192K, used 608K [0x00000000fb800000, 0x0000000100000000, 0x0000000100000000)
  eden space 70656K, 0% used [0x00000000fb800000,0x00000000fb800000,0x00000000ffd00000)
  from space 1536K, 39% used [0x00000000ffe80000,0x00000000fff18000,0x0000000100000000)
  to   space 1536K, 0% used [0x00000000ffd00000,0x00000000ffd00000,0x00000000ffe80000)
 ParOldGen       total 114688K, used 88121K [0x00000000f4800000, 0x00000000fb800000, 0x00000000fb800000)
  object space 114688K, 76% used [0x00000000f4800000,0x00000000f9e0e500,0x00000000fb800000)
 Metaspace       used 75113K, capacity 79430K, committed 79744K, reserved 1118208K
  class space    used 9514K, capacity 10272K, committed 10368K, reserved 1048576K
}
{Heap before GC invocations=299 (full 0):
 PSYoungGen      total 72192K, used 71264K [0x00000000fb800000, 0x0000000100000000, 0x0000000100000000)
  eden space 70656K, 100% used [0x00000000fb800000,0x00000000ffd00000,0x00000000ffd00000)
  from space 1536K, 39% used [0x00000000ffe80000,0x00000000fff18000,0x0000000100000000)
  to   space 1536K, 0% used [0x00000000ffd00000,0x00000000ffd00000,0x00000000ffe80000)
 ParOldGen       total 114688K, used 88121K [0x00000000f4800000, 0x00000000fb800000, 0x00000000fb800000)
  object space 114688K, 76% used [0x00000000f4800000,0x00000000f9e0e500,0x00000000fb800000)
 Metaspace       used 75114K, capacity 79430K, committed 79744K, reserved 1118208K
  class space    used 9514K, capacity 10272K, committed 10368K, reserved 1048576K
2024-06-11T20:59:40.969+0800: 1240.182: [GC (Allocation Failure) [PSYoungGen: 71264K->640K(72192K)] 159385K->88841K(186880K), 0.0045361 secs] [Times: user=0.00 sys=0.00, real=0.01 secs] 
Heap after GC invocations=299 (full 0):
 PSYoungGen      total 72192K, used 640K [0x00000000fb800000, 0x0000000100000000, 0x0000000100000000)
  eden space 70656K, 0% used [0x00000000fb800000,0x00000000fb800000,0x00000000ffd00000)
  from space 1536K, 41% used [0x00000000ffd00000,0x00000000ffda0000,0x00000000ffe80000)
  to   space 1536K, 0% used [0x00000000ffe80000,0x00000000ffe80000,0x0000000100000000)
 ParOldGen       total 114688K, used 88201K [0x00000000f4800000, 0x00000000fb800000, 0x00000000fb800000)
  object space 114688K, 76% used [0x00000000f4800000,0x00000000f9e22500,0x00000000fb800000)
 Metaspace       used 75114K, capacity 79430K, committed 79744K, reserved 1118208K
  class space    used 9514K, capacity 10272K, committed 10368K, reserved 1048576K
}
{Heap before GC invocations=300 (full 0):
 PSYoungGen      total 72192K, used 71296K [0x00000000fb800000, 0x0000000100000000, 0x0000000100000000)
  eden space 70656K, 100% used [0x00000000fb800000,0x00000000ffd00000,0x00000000ffd00000)
  from space 1536K, 41% used [0x00000000ffd00000,0x00000000ffda0000,0x00000000ffe80000)
  to   space 1536K, 0% used [0x00000000ffe80000,0x00000000ffe80000,0x0000000100000000)
 ParOldGen       total 114688K, used 88201K [0x00000000f4800000, 0x00000000fb800000, 0x00000000fb800000)
  object space 114688K, 76% used [0x00000000f4800000,0x00000000f9e22500,0x00000000fb800000)
 Metaspace       used 75114K, capacity 79430K, committed 79744K, reserved 1118208K
  class space    used 9514K, capacity 10272K, committed 10368K, reserved 1048576K
2024-06-11T20:59:45.362+0800: 1244.575: [GC (Allocation Failure) [PSYoungGen: 71296K->608K(72192K)] 159497K->88889K(186880K), 0.0049098 secs] [Times: user=0.01 sys=0.00, real=0.00 secs] 
Heap after GC invocations=300 (full 0):
 PSYoungGen      total 72192K, used 608K [0x00000000fb800000, 0x0000000100000000, 0x0000000100000000)
  eden space 70656K, 0% used [0x00000000fb800000,0x00000000fb800000,0x00000000ffd00000)
  from space 1536K, 39% used [0x00000000ffe80000,0x00000000fff18000,0x0000000100000000)
  to   space 1536K, 0% used [0x00000000ffd00000,0x00000000ffd00000,0x00000000ffe80000)
 ParOldGen       total 114688K, used 88281K [0x00000000f4800000, 0x00000000fb800000, 0x00000000fb800000)
  object space 114688K, 76% used [0x00000000f4800000,0x00000000f9e36500,0x00000000fb800000)
 Metaspace       used 75114K, capacity 79430K, committed 79744K, reserved 1118208K
  class space    used 9514K, capacity 10272K, committed 10368K, reserved 1048576K
}
{Heap before GC invocations=301 (full 0):
 PSYoungGen      total 72192K, used 71264K [0x00000000fb800000, 0x0000000100000000, 0x0000000100000000)
  eden space 70656K, 100% used [0x00000000fb800000,0x00000000ffd00000,0x00000000ffd00000)
  from space 1536K, 39% used [0x00000000ffe80000,0x00000000fff18000,0x0000000100000000)
  to   space 1536K, 0% used [0x00000000ffd00000,0x00000000ffd00000,0x00000000ffe80000)
 ParOldGen       total 114688K, used 88281K [0x00000000f4800000, 0x00000000fb800000, 0x00000000fb800000)
  object space 114688K, 76% used [0x00000000f4800000,0x00000000f9e36500,0x00000000fb800000)
 Metaspace       used 75114K, capacity 79430K, committed 79744K, reserved 1118208K
  class space    used 9514K, capacity 10272K, committed 10368K, reserved 1048576K
2024-06-11T20:59:49.514+0800: 1248.727: [GC (Allocation Failure) [PSYoungGen: 71264K->608K(72192K)] 159545K->88969K(186880K), 0.0047474 secs] [Times: user=0.01 sys=0.00, real=0.00 secs] 
Heap after GC invocations=301 (full 0):
 PSYoungGen      total 72192K, used 608K [0x00000000fb800000, 0x0000000100000000, 0x0000000100000000)
  eden space 70656K, 0% used [0x00000000fb800000,0x00000000fb800000,0x00000000ffd00000)
  from space 1536K, 39% used [0x00000000ffd00000,0x00000000ffd98000,0x00000000ffe80000)
  to   space 1536K, 0% used [0x00000000ffe80000,0x00000000ffe80000,0x0000000100000000)
 ParOldGen       total 114688K, used 88361K [0x00000000f4800000, 0x00000000fb800000, 0x00000000fb800000)
  object space 114688K, 77% used [0x00000000f4800000,0x00000000f9e4a500,0x00000000fb800000)
 Metaspace       used 75114K, capacity 79430K, committed 79744K, reserved 1118208K
  class space    used 9514K, capacity 10272K, committed 10368K, reserved 1048576K
}
{Heap before GC invocations=302 (full 0):
 PSYoungGen      total 72192K, used 71264K [0x00000000fb800000, 0x0000000100000000, 0x0000000100000000)
  eden space 70656K, 100% used [0x00000000fb800000,0x00000000ffd00000,0x00000000ffd00000)
  from space 1536K, 39% used [0x00000000ffd00000,0x00000000ffd98000,0x00000000ffe80000)
  to   space 1536K, 0% used [0x00000000ffe80000,0x00000000ffe80000,0x0000000100000000)
 ParOldGen       total 114688K, used 88361K [0x00000000f4800000, 0x00000000fb800000, 0x00000000fb800000)
  object space 114688K, 77% used [0x00000000f4800000,0x00000000f9e4a500,0x00000000fb800000)
 Metaspace       used 75115K, capacity 79430K, committed 79744K, reserved 1118208K
  class space    used 9514K, capacity 10272K, committed 10368K, reserved 1048576K
2024-06-11T20:59:53.807+0800: 1253.020: [GC (Allocation Failure) [PSYoungGen: 71264K->1100K(72192K)] 159625K->89541K(186880K), 0.0051928 secs] [Times: user=0.01 sys=0.00, real=0.01 secs] 
Heap after GC invocations=302 (full 0):
 PSYoungGen      total 72192K, used 1100K [0x00000000fb800000, 0x0000000100000000, 0x0000000100000000)
  eden space 70656K, 0% used [0x00000000fb800000,0x00000000fb800000,0x00000000ffd00000)
  from space 1536K, 71% used [0x00000000ffe80000,0x00000000fff93150,0x0000000100000000)
  to   space 1536K, 0% used [0x00000000ffd00000,0x00000000ffd00000,0x00000000ffe80000)
 ParOldGen       total 114688K, used 88441K [0x00000000f4800000, 0x00000000fb800000, 0x00000000fb800000)
  object space 114688K, 77% used [0x00000000f4800000,0x00000000f9e5e500,0x00000000fb800000)
 Metaspace       used 75115K, capacity 79430K, committed 79744K, reserved 1118208K
  class space    used 9514K, capacity 10272K, committed 10368K, reserved 1048576K
}
{Heap before GC invocations=303 (full 0):
 PSYoungGen      total 72192K, used 71756K [0x00000000fb800000, 0x0000000100000000, 0x0000000100000000)
  eden space 70656K, 100% used [0x00000000fb800000,0x00000000ffd00000,0x00000000ffd00000)
  from space 1536K, 71% used [0x00000000ffe80000,0x00000000fff93150,0x0000000100000000)
  to   space 1536K, 0% used [0x00000000ffd00000,0x00000000ffd00000,0x00000000ffe80000)
 ParOldGen       total 114688K, used 88441K [0x00000000f4800000, 0x00000000fb800000, 0x00000000fb800000)
  object space 114688K, 77% used [0x00000000f4800000,0x00000000f9e5e500,0x00000000fb800000)
 Metaspace       used 75115K, capacity 79430K, committed 79744K, reserved 1118208K
  class space    used 9514K, capacity 10272K, committed 10368K, reserved 1048576K
2024-06-11T20:59:58.403+0800: 1257.616: [GC (Allocation Failure) [PSYoungGen: 71756K->1344K(72192K)] 160197K->89865K(186880K), 0.0059430 secs] [Times: user=0.01 sys=0.00, real=0.00 secs] 
Heap after GC invocations=303 (full 0):
 PSYoungGen      total 72192K, used 1344K [0x00000000fb800000, 0x0000000100000000, 0x0000000100000000)
  eden space 70656K, 0% used [0x00000000fb800000,0x00000000fb800000,0x00000000ffd00000)
  from space 1536K, 87% used [0x00000000ffd00000,0x00000000ffe50000,0x00000000ffe80000)
  to   space 1536K, 0% used [0x00000000ffe80000,0x00000000ffe80000,0x0000000100000000)
 ParOldGen       total 114688K, used 88521K [0x00000000f4800000, 0x00000000fb800000, 0x00000000fb800000)
  object space 114688K, 77% used [0x00000000f4800000,0x00000000f9e72500,0x00000000fb800000)
 Metaspace       used 75115K, capacity 79430K, committed 79744K, reserved 1118208K
  class space    used 9514K, capacity 10272K, committed 10368K, reserved 1048576K
}
{Heap before GC invocations=304 (full 0):
 PSYoungGen      total 72192K, used 72000K [0x00000000fb800000, 0x0000000100000000, 0x0000000100000000)
  eden space 70656K, 100% used [0x00000000fb800000,0x00000000ffd00000,0x00000000ffd00000)
  from space 1536K, 87% used [0x00000000ffd00000,0x00000000ffe50000,0x00000000ffe80000)
  to   space 1536K, 0% used [0x00000000ffe80000,0x00000000ffe80000,0x0000000100000000)
 ParOldGen       total 114688K, used 88521K [0x00000000f4800000, 0x00000000fb800000, 0x00000000fb800000)
  object space 114688K, 77% used [0x00000000f4800000,0x00000000f9e72500,0x00000000fb800000)
 Metaspace       used 75115K, capacity 79430K, committed 79744K, reserved 1118208K
  class space    used 9514K, capacity 10272K, committed 10368K, reserved 1048576K
2024-06-11T21:00:02.631+0800: 1261.844: [GC (Allocation Failure) [PSYoungGen: 72000K->800K(72192K)] 160521K->90233K(186880K), 0.0065531 secs] [Times: user=0.01 sys=0.00, real=0.00 secs] 
Heap after GC invocations=304 (full 0):
 PSYoungGen      total 72192K, used 800K [0x00000000fb800000, 0x0000000100000000, 0x0000000100000000)
  eden space 70656K, 0% used [0x00000000fb800000,0x00000000fb800000,0x00000000ffd00000)
  from space 1536K, 52% used [0x00000000ffe80000,0x00000000fff48000,0x0000000100000000)
  to   space 1536K, 0% used [0x00000000ffd00000,0x00000000ffd00000,0x00000000ffe80000)
 ParOldGen       total 114688K, used 89433K [0x00000000f4800000, 0x00000000fb800000, 0x00000000fb800000)
  object space 114688K, 77% used [0x00000000f4800000,0x00000000f9f56500,0x00000000fb800000)
 Metaspace       used 75115K, capacity 79430K, committed 79744K, reserved 1118208K
  class space    used 9514K, capacity 10272K, committed 10368K, reserved 1048576K
}
{Heap before GC invocations=305 (full 0):
 PSYoungGen      total 72192K, used 71456K [0x00000000fb800000, 0x0000000100000000, 0x0000000100000000)
  eden space 70656K, 100% used [0x00000000fb800000,0x00000000ffd00000,0x00000000ffd00000)
  from space 1536K, 52% used [0x00000000ffe80000,0x00000000fff48000,0x0000000100000000)
  to   space 1536K, 0% used [0x00000000ffd00000,0x00000000ffd00000,0x00000000ffe80000)
 ParOldGen       total 114688K, used 89433K [0x00000000f4800000, 0x00000000fb800000, 0x00000000fb800000)
  object space 114688K, 77% used [0x00000000f4800000,0x00000000f9f56500,0x00000000fb800000)
 Metaspace       used 75115K, capacity 79430K, committed 79744K, reserved 1118208K
  class space    used 9514K, capacity 10272K, committed 10368K, reserved 1048576K
2024-06-11T21:00:06.847+0800: 1266.060: [GC (Allocation Failure) [PSYoungGen: 71456K->608K(72192K)] 160889K->90321K(186880K), 0.0048451 secs] [Times: user=0.01 sys=0.00, real=0.01 secs] 
Heap after GC invocations=305 (full 0):
 PSYoungGen      total 72192K, used 608K [0x00000000fb800000, 0x0000000100000000, 0x0000000100000000)
  eden space 70656K, 0% used [0x00000000fb800000,0x00000000fb800000,0x00000000ffd00000)
  from space 1536K, 39% used [0x00000000ffd00000,0x00000000ffd98000,0x00000000ffe80000)
  to   space 1536K, 0% used [0x00000000ffe80000,0x00000000ffe80000,0x0000000100000000)
 ParOldGen       total 114688K, used 89713K [0x00000000f4800000, 0x00000000fb800000, 0x00000000fb800000)
  object space 114688K, 78% used [0x00000000f4800000,0x00000000f9f9c500,0x00000000fb800000)
 Metaspace       used 75115K, capacity 79430K, committed 79744K, reserved 1118208K
  class space    used 9514K, capacity 10272K, committed 10368K, reserved 1048576K
}
{Heap before GC invocations=306 (full 0):
 PSYoungGen      total 72192K, used 71264K [0x00000000fb800000, 0x0000000100000000, 0x0000000100000000)
  eden space 70656K, 100% used [0x00000000fb800000,0x00000000ffd00000,0x00000000ffd00000)
  from space 1536K, 39% used [0x00000000ffd00000,0x00000000ffd98000,0x00000000ffe80000)
  to   space 1536K, 0% used [0x00000000ffe80000,0x00000000ffe80000,0x0000000100000000)
 ParOldGen       total 114688K, used 89713K [0x00000000f4800000, 0x00000000fb800000, 0x00000000fb800000)
  object space 114688K, 78% used [0x00000000f4800000,0x00000000f9f9c500,0x00000000fb800000)
 Metaspace       used 75116K, capacity 79430K, committed 79744K, reserved 1118208K
  class space    used 9514K, capacity 10272K, committed 10368K, reserved 1048576K
2024-06-11T21:00:11.396+0800: 1270.609: [GC (Allocation Failure) [PSYoungGen: 71264K->640K(72192K)] 160977K->90441K(186880K), 0.0047825 secs] [Times: user=0.01 sys=0.00, real=0.01 secs] 
Heap after GC invocations=306 (full 0):
 PSYoungGen      total 72192K, used 640K [0x00000000fb800000, 0x0000000100000000, 0x0000000100000000)
  eden space 70656K, 0% used [0x00000000fb800000,0x00000000fb800000,0x00000000ffd00000)
  from space 1536K, 41% used [0x00000000ffe80000,0x00000000fff20000,0x0000000100000000)
  to   space 1536K, 0% used [0x00000000ffd00000,0x00000000ffd00000,0x00000000ffe80000)
 ParOldGen       total 114688K, used 89801K [0x00000000f4800000, 0x00000000fb800000, 0x00000000fb800000)
  object space 114688K, 78% used [0x00000000f4800000,0x00000000f9fb2500,0x00000000fb800000)
 Metaspace       used 75116K, capacity 79430K, committed 79744K, reserved 1118208K
  class space    used 9514K, capacity 10272K, committed 10368K, reserved 1048576K
}
{Heap before GC invocations=307 (full 0):
 PSYoungGen      total 72192K, used 71296K [0x00000000fb800000, 0x0000000100000000, 0x0000000100000000)
  eden space 70656K, 100% used [0x00000000fb800000,0x00000000ffd00000,0x00000000ffd00000)
  from space 1536K, 41% used [0x00000000ffe80000,0x00000000fff20000,0x0000000100000000)
  to   space 1536K, 0% used [0x00000000ffd00000,0x00000000ffd00000,0x00000000ffe80000)
 ParOldGen       total 114688K, used 89801K [0x00000000f4800000, 0x00000000fb800000, 0x00000000fb800000)
  object space 114688K, 78% used [0x00000000f4800000,0x00000000f9fb2500,0x00000000fb800000)
 Metaspace       used 75119K, capacity 79430K, committed 79744K, reserved 1118208K
  class space    used 9514K, capacity 10272K, committed 10368K, reserved 1048576K
2024-06-11T21:00:15.597+0800: 1274.810: [GC (Allocation Failure) [PSYoungGen: 71296K->608K(72192K)] 161097K->90489K(186880K), 0.0055750 secs] [Times: user=0.00 sys=0.00, real=0.01 secs] 
Heap after GC invocations=307 (full 0):
 PSYoungGen      total 72192K, used 608K [0x00000000fb800000, 0x0000000100000000, 0x0000000100000000)
  eden space 70656K, 0% used [0x00000000fb800000,0x00000000fb800000,0x00000000ffd00000)
  from space 1536K, 39% used [0x00000000ffd00000,0x00000000ffd98000,0x00000000ffe80000)
  to   space 1536K, 0% used [0x00000000ffe80000,0x00000000ffe80000,0x0000000100000000)
 ParOldGen       total 114688K, used 89881K [0x00000000f4800000, 0x00000000fb800000, 0x00000000fb800000)
  object space 114688K, 78% used [0x00000000f4800000,0x00000000f9fc6500,0x00000000fb800000)
 Metaspace       used 75119K, capacity 79430K, committed 79744K, reserved 1118208K
  class space    used 9514K, capacity 10272K, committed 10368K, reserved 1048576K
}
{Heap before GC invocations=308 (full 0):
 PSYoungGen      total 72192K, used 71264K [0x00000000fb800000, 0x0000000100000000, 0x0000000100000000)
  eden space 70656K, 100% used [0x00000000fb800000,0x00000000ffd00000,0x00000000ffd00000)
  from space 1536K, 39% used [0x00000000ffd00000,0x00000000ffd98000,0x00000000ffe80000)
  to   space 1536K, 0% used [0x00000000ffe80000,0x00000000ffe80000,0x0000000100000000)
 ParOldGen       total 114688K, used 89881K [0x00000000f4800000, 0x00000000fb800000, 0x00000000fb800000)
  object space 114688K, 78% used [0x00000000f4800000,0x00000000f9fc6500,0x00000000fb800000)
 Metaspace       used 75119K, capacity 79430K, committed 79744K, reserved 1118208K
  class space    used 9514K, capacity 10272K, committed 10368K, reserved 1048576K
2024-06-11T21:00:19.937+0800: 1279.150: [GC (Allocation Failure) [PSYoungGen: 71264K->608K(72192K)] 161145K->90577K(186880K), 0.0049613 secs] [Times: user=0.01 sys=0.00, real=0.01 secs] 
Heap after GC invocations=308 (full 0):
 PSYoungGen      total 72192K, used 608K [0x00000000fb800000, 0x0000000100000000, 0x0000000100000000)
  eden space 70656K, 0% used [0x00000000fb800000,0x00000000fb800000,0x00000000ffd00000)
  from space 1536K, 39% used [0x00000000ffe80000,0x00000000fff18000,0x0000000100000000)
  to   space 1536K, 0% used [0x00000000ffd00000,0x00000000ffd00000,0x00000000ffe80000)
 ParOldGen       total 114688K, used 89969K [0x00000000f4800000, 0x00000000fb800000, 0x00000000fb800000)
  object space 114688K, 78% used [0x00000000f4800000,0x00000000f9fdc500,0x00000000fb800000)
 Metaspace       used 75119K, capacity 79430K, committed 79744K, reserved 1118208K
  class space    used 9514K, capacity 10272K, committed 10368K, reserved 1048576K
}
{Heap before GC invocations=309 (full 0):
 PSYoungGen      total 72192K, used 71264K [0x00000000fb800000, 0x0000000100000000, 0x0000000100000000)
  eden space 70656K, 100% used [0x00000000fb800000,0x00000000ffd00000,0x00000000ffd00000)
  from space 1536K, 39% used [0x00000000ffe80000,0x00000000fff18000,0x0000000100000000)
  to   space 1536K, 0% used [0x00000000ffd00000,0x00000000ffd00000,0x00000000ffe80000)
 ParOldGen       total 114688K, used 89969K [0x00000000f4800000, 0x00000000fb800000, 0x00000000fb800000)
  object space 114688K, 78% used [0x00000000f4800000,0x00000000f9fdc500,0x00000000fb800000)
 Metaspace       used 75130K, capacity 79430K, committed 79744K, reserved 1118208K
  class space    used 9514K, capacity 10272K, committed 10368K, reserved 1048576K
2024-06-11T21:00:24.230+0800: 1283.444: [GC (Allocation Failure) [PSYoungGen: 71264K->608K(72192K)] 161233K->90665K(186880K), 0.0046922 secs] [Times: user=0.00 sys=0.00, real=0.01 secs] 
Heap after GC invocations=309 (full 0):
 PSYoungGen      total 72192K, used 608K [0x00000000fb800000, 0x0000000100000000, 0x0000000100000000)
  eden space 70656K, 0% used [0x00000000fb800000,0x00000000fb800000,0x00000000ffd00000)
  from space 1536K, 39% used [0x00000000ffd00000,0x00000000ffd98000,0x00000000ffe80000)
  to   space 1536K, 0% used [0x00000000ffe80000,0x00000000ffe80000,0x0000000100000000)
 ParOldGen       total 114688K, used 90057K [0x00000000f4800000, 0x00000000fb800000, 0x00000000fb800000)
  object space 114688K, 78% used [0x00000000f4800000,0x00000000f9ff2500,0x00000000fb800000)
 Metaspace       used 75130K, capacity 79430K, committed 79744K, reserved 1118208K
  class space    used 9514K, capacity 10272K, committed 10368K, reserved 1048576K
}
{Heap before GC invocations=310 (full 0):
 PSYoungGen      total 72192K, used 71264K [0x00000000fb800000, 0x0000000100000000, 0x0000000100000000)
  eden space 70656K, 100% used [0x00000000fb800000,0x00000000ffd00000,0x00000000ffd00000)
  from space 1536K, 39% used [0x00000000ffd00000,0x00000000ffd98000,0x00000000ffe80000)
  to   space 1536K, 0% used [0x00000000ffe80000,0x00000000ffe80000,0x0000000100000000)
 ParOldGen       total 114688K, used 90057K [0x00000000f4800000, 0x00000000fb800000, 0x00000000fb800000)
  object space 114688K, 78% used [0x00000000f4800000,0x00000000f9ff2500,0x00000000fb800000)
 Metaspace       used 75130K, capacity 79430K, committed 79744K, reserved 1118208K
  class space    used 9514K, capacity 10272K, committed 10368K, reserved 1048576K
2024-06-11T21:00:28.714+0800: 1287.927: [GC (Allocation Failure) [PSYoungGen: 71264K->544K(72192K)] 161321K->90681K(186880K), 0.0048322 secs] [Times: user=0.01 sys=0.00, real=0.00 secs] 
Heap after GC invocations=310 (full 0):
 PSYoungGen      total 72192K, used 544K [0x00000000fb800000, 0x0000000100000000, 0x0000000100000000)
  eden space 70656K, 0% used [0x00000000fb800000,0x00000000fb800000,0x00000000ffd00000)
  from space 1536K, 35% used [0x00000000ffe80000,0x00000000fff08000,0x0000000100000000)
  to   space 1536K, 0% used [0x00000000ffd00000,0x00000000ffd00000,0x00000000ffe80000)
 ParOldGen       total 114688K, used 90137K [0x00000000f4800000, 0x00000000fb800000, 0x00000000fb800000)
  object space 114688K, 78% used [0x00000000f4800000,0x00000000fa006500,0x00000000fb800000)
 Metaspace       used 75130K, capacity 79430K, committed 79744K, reserved 1118208K
  class space    used 9514K, capacity 10272K, committed 10368K, reserved 1048576K
}
{Heap before GC invocations=311 (full 0):
 PSYoungGen      total 72192K, used 71200K [0x00000000fb800000, 0x0000000100000000, 0x0000000100000000)
  eden space 70656K, 100% used [0x00000000fb800000,0x00000000ffd00000,0x00000000ffd00000)
  from space 1536K, 35% used [0x00000000ffe80000,0x00000000fff08000,0x0000000100000000)
  to   space 1536K, 0% used [0x00000000ffd00000,0x00000000ffd00000,0x00000000ffe80000)
 ParOldGen       total 114688K, used 90137K [0x00000000f4800000, 0x00000000fb800000, 0x00000000fb800000)
  object space 114688K, 78% used [0x00000000f4800000,0x00000000fa006500,0x00000000fb800000)
 Metaspace       used 75130K, capacity 79430K, committed 79744K, reserved 1118208K
  class space    used 9514K, capacity 10272K, committed 10368K, reserved 1048576K
2024-06-11T21:00:33.012+0800: 1292.225: [GC (Allocation Failure) [PSYoungGen: 71200K->640K(72192K)] 161337K->90857K(186880K), 0.0058219 secs] [Times: user=0.00 sys=0.00, real=0.00 secs] 
Heap after GC invocations=311 (full 0):
 PSYoungGen      total 72192K, used 640K [0x00000000fb800000, 0x0000000100000000, 0x0000000100000000)
  eden space 70656K, 0% used [0x00000000fb800000,0x00000000fb800000,0x00000000ffd00000)
  from space 1536K, 41% used [0x00000000ffd00000,0x00000000ffda0000,0x00000000ffe80000)
  to   space 1536K, 0% used [0x00000000ffe80000,0x00000000ffe80000,0x0000000100000000)
 ParOldGen       total 114688K, used 90217K [0x00000000f4800000, 0x00000000fb800000, 0x00000000fb800000)
  object space 114688K, 78% used [0x00000000f4800000,0x00000000fa01a500,0x00000000fb800000)
 Metaspace       used 75130K, capacity 79430K, committed 79744K, reserved 1118208K
  class space    used 9514K, capacity 10272K, committed 10368K, reserved 1048576K
}
{Heap before GC invocations=312 (full 0):
 PSYoungGen      total 72192K, used 71296K [0x00000000fb800000, 0x0000000100000000, 0x0000000100000000)
  eden space 70656K, 100% used [0x00000000fb800000,0x00000000ffd00000,0x00000000ffd00000)
  from space 1536K, 41% used [0x00000000ffd00000,0x00000000ffda0000,0x00000000ffe80000)
  to   space 1536K, 0% used [0x00000000ffe80000,0x00000000ffe80000,0x0000000100000000)
 ParOldGen       total 114688K, used 90217K [0x00000000f4800000, 0x00000000fb800000, 0x00000000fb800000)
  object space 114688K, 78% used [0x00000000f4800000,0x00000000fa01a500,0x00000000fb800000)
 Metaspace       used 75130K, capacity 79430K, committed 79744K, reserved 1118208K
  class space    used 9514K, capacity 10272K, committed 10368K, reserved 1048576K
2024-06-11T21:00:37.364+0800: 1296.577: [GC (Allocation Failure) [PSYoungGen: 71296K->608K(72192K)] 161513K->90913K(186880K), 0.0046349 secs] [Times: user=0.01 sys=0.00, real=0.00 secs] 
Heap after GC invocations=312 (full 0):
 PSYoungGen      total 72192K, used 608K [0x00000000fb800000, 0x0000000100000000, 0x0000000100000000)
  eden space 70656K, 0% used [0x00000000fb800000,0x00000000fb800000,0x00000000ffd00000)
  from space 1536K, 39% used [0x00000000ffe80000,0x00000000fff18000,0x0000000100000000)
  to   space 1536K, 0% used [0x00000000ffd00000,0x00000000ffd00000,0x00000000ffe80000)
 ParOldGen       total 114688K, used 90305K [0x00000000f4800000, 0x00000000fb800000, 0x00000000fb800000)
  object space 114688K, 78% used [0x00000000f4800000,0x00000000fa030500,0x00000000fb800000)
 Metaspace       used 75130K, capacity 79430K, committed 79744K, reserved 1118208K
  class space    used 9514K, capacity 10272K, committed 10368K, reserved 1048576K
}
{Heap before GC invocations=313 (full 0):
 PSYoungGen      total 72192K, used 71264K [0x00000000fb800000, 0x0000000100000000, 0x0000000100000000)
  eden space 70656K, 100% used [0x00000000fb800000,0x00000000ffd00000,0x00000000ffd00000)
  from space 1536K, 39% used [0x00000000ffe80000,0x00000000fff18000,0x0000000100000000)
  to   space 1536K, 0% used [0x00000000ffd00000,0x00000000ffd00000,0x00000000ffe80000)
 ParOldGen       total 114688K, used 90305K [0x00000000f4800000, 0x00000000fb800000, 0x00000000fb800000)
  object space 114688K, 78% used [0x00000000f4800000,0x00000000fa030500,0x00000000fb800000)
 Metaspace       used 75130K, capacity 79430K, committed 79744K, reserved 1118208K
  class space    used 9514K, capacity 10272K, committed 10368K, reserved 1048576K
2024-06-11T21:00:41.633+0800: 1300.846: [GC (Allocation Failure) [PSYoungGen: 71264K->608K(72192K)] 161569K->90993K(186880K), 0.0046904 secs] [Times: user=0.01 sys=0.00, real=0.00 secs] 
Heap after GC invocations=313 (full 0):
 PSYoungGen      total 72192K, used 608K [0x00000000fb800000, 0x0000000100000000, 0x0000000100000000)
  eden space 70656K, 0% used [0x00000000fb800000,0x00000000fb800000,0x00000000ffd00000)
  from space 1536K, 39% used [0x00000000ffd00000,0x00000000ffd98000,0x00000000ffe80000)
  to   space 1536K, 0% used [0x00000000ffe80000,0x00000000ffe80000,0x0000000100000000)
 ParOldGen       total 114688K, used 90385K [0x00000000f4800000, 0x00000000fb800000, 0x00000000fb800000)
  object space 114688K, 78% used [0x00000000f4800000,0x00000000fa044500,0x00000000fb800000)
 Metaspace       used 75130K, capacity 79430K, committed 79744K, reserved 1118208K
  class space    used 9514K, capacity 10272K, committed 10368K, reserved 1048576K
}
{Heap before GC invocations=314 (full 0):
 PSYoungGen      total 72192K, used 71264K [0x00000000fb800000, 0x0000000100000000, 0x0000000100000000)
  eden space 70656K, 100% used [0x00000000fb800000,0x00000000ffd00000,0x00000000ffd00000)
  from space 1536K, 39% used [0x00000000ffd00000,0x00000000ffd98000,0x00000000ffe80000)
  to   space 1536K, 0% used [0x00000000ffe80000,0x00000000ffe80000,0x0000000100000000)
 ParOldGen       total 114688K, used 90385K [0x00000000f4800000, 0x00000000fb800000, 0x00000000fb800000)
  object space 114688K, 78% used [0x00000000f4800000,0x00000000fa044500,0x00000000fb800000)
 Metaspace       used 75130K, capacity 79430K, committed 79744K, reserved 1118208K
  class space    used 9514K, capacity 10272K, committed 10368K, reserved 1048576K
2024-06-11T21:00:45.953+0800: 1305.166: [GC (Allocation Failure) [PSYoungGen: 71264K->608K(72704K)] 161649K->91073K(187392K), 0.0056548 secs] [Times: user=0.01 sys=0.00, real=0.00 secs] 
Heap after GC invocations=314 (full 0):
 PSYoungGen      total 72704K, used 608K [0x00000000fb800000, 0x0000000100000000, 0x0000000100000000)
  eden space 71168K, 0% used [0x00000000fb800000,0x00000000fb800000,0x00000000ffd80000)
  from space 1536K, 39% used [0x00000000ffe80000,0x00000000fff18000,0x0000000100000000)
  to   space 1024K, 0% used [0x00000000ffd80000,0x00000000ffd80000,0x00000000ffe80000)
 ParOldGen       total 114688K, used 90465K [0x00000000f4800000, 0x00000000fb800000, 0x00000000fb800000)
  object space 114688K, 78% used [0x00000000f4800000,0x00000000fa058500,0x00000000fb800000)
 Metaspace       used 75130K, capacity 79430K, committed 79744K, reserved 1118208K
  class space    used 9514K, capacity 10272K, committed 10368K, reserved 1048576K
}
{Heap before GC invocations=315 (full 0):
 PSYoungGen      total 72704K, used 71776K [0x00000000fb800000, 0x0000000100000000, 0x0000000100000000)
  eden space 71168K, 100% used [0x00000000fb800000,0x00000000ffd80000,0x00000000ffd80000)
  from space 1536K, 39% used [0x00000000ffe80000,0x00000000fff18000,0x0000000100000000)
  to   space 1024K, 0% used [0x00000000ffd80000,0x00000000ffd80000,0x00000000ffe80000)
 ParOldGen       total 114688K, used 90465K [0x00000000f4800000, 0x00000000fb800000, 0x00000000fb800000)
  object space 114688K, 78% used [0x00000000f4800000,0x00000000fa058500,0x00000000fb800000)
 Metaspace       used 75130K, capacity 79430K, committed 79744K, reserved 1118208K
  class space    used 9514K, capacity 10272K, committed 10368K, reserved 1048576K
2024-06-11T21:00:50.253+0800: 1309.466: [GC (Allocation Failure) [PSYoungGen: 71776K->608K(72192K)] 162241K->91161K(186880K), 0.0048265 secs] [Times: user=0.01 sys=0.00, real=0.00 secs] 
Heap after GC invocations=315 (full 0):
 PSYoungGen      total 72192K, used 608K [0x00000000fb800000, 0x0000000100000000, 0x0000000100000000)
  eden space 71168K, 0% used [0x00000000fb800000,0x00000000fb800000,0x00000000ffd80000)
  from space 1024K, 59% used [0x00000000ffd80000,0x00000000ffe18000,0x00000000ffe80000)
  to   space 1024K, 0% used [0x00000000fff00000,0x00000000fff00000,0x0000000100000000)
 ParOldGen       total 114688K, used 90553K [0x00000000f4800000, 0x00000000fb800000, 0x00000000fb800000)
  object space 114688K, 78% used [0x00000000f4800000,0x00000000fa06e500,0x00000000fb800000)
 Metaspace       used 75130K, capacity 79430K, committed 79744K, reserved 1118208K
  class space    used 9514K, capacity 10272K, committed 10368K, reserved 1048576K
}
{Heap before GC invocations=316 (full 0):
 PSYoungGen      total 72192K, used 71776K [0x00000000fb800000, 0x0000000100000000, 0x0000000100000000)
  eden space 71168K, 100% used [0x00000000fb800000,0x00000000ffd80000,0x00000000ffd80000)
  from space 1024K, 59% used [0x00000000ffd80000,0x00000000ffe18000,0x00000000ffe80000)
  to   space 1024K, 0% used [0x00000000fff00000,0x00000000fff00000,0x0000000100000000)
 ParOldGen       total 114688K, used 90553K [0x00000000f4800000, 0x00000000fb800000, 0x00000000fb800000)
  object space 114688K, 78% used [0x00000000f4800000,0x00000000fa06e500,0x00000000fb800000)
 Metaspace       used 75135K, capacity 79430K, committed 79744K, reserved 1118208K
  class space    used 9514K, capacity 10272K, committed 10368K, reserved 1048576K
2024-06-11T21:00:54.579+0800: 1313.792: [GC (Allocation Failure) [PSYoungGen: 71776K->886K(71680K)] 162329K->91773K(186368K), 0.0050999 secs] [Times: user=0.01 sys=0.00, real=0.01 secs] 
Heap after GC invocations=316 (full 0):
 PSYoungGen      total 71680K, used 886K [0x00000000fb800000, 0x0000000100000000, 0x0000000100000000)
  eden space 70656K, 0% used [0x00000000fb800000,0x00000000fb800000,0x00000000ffd00000)
  from space 1024K, 86% used [0x00000000fff00000,0x00000000fffdd880,0x0000000100000000)
  to   space 1536K, 0% used [0x00000000ffd00000,0x00000000ffd00000,0x00000000ffe80000)
 ParOldGen       total 114688K, used 90887K [0x00000000f4800000, 0x00000000fb800000, 0x00000000fb800000)
  object space 114688K, 79% used [0x00000000f4800000,0x00000000fa0c1d80,0x00000000fb800000)
 Metaspace       used 75135K, capacity 79430K, committed 79744K, reserved 1118208K
  class space    used 9514K, capacity 10272K, committed 10368K, reserved 1048576K
}
{Heap before GC invocations=317 (full 0):
 PSYoungGen      total 71680K, used 71542K [0x00000000fb800000, 0x0000000100000000, 0x0000000100000000)
  eden space 70656K, 100% used [0x00000000fb800000,0x00000000ffd00000,0x00000000ffd00000)
  from space 1024K, 86% used [0x00000000fff00000,0x00000000fffdd880,0x0000000100000000)
  to   space 1536K, 0% used [0x00000000ffd00000,0x00000000ffd00000,0x00000000ffe80000)
 ParOldGen       total 114688K, used 90887K [0x00000000f4800000, 0x00000000fb800000, 0x00000000fb800000)
  object space 114688K, 79% used [0x00000000f4800000,0x00000000fa0c1d80,0x00000000fb800000)
 Metaspace       used 75137K, capacity 79430K, committed 79744K, reserved 1118208K
  class space    used 9514K, capacity 10272K, committed 10368K, reserved 1048576K
2024-06-11T21:00:59.127+0800: 1318.340: [GC (Allocation Failure) [PSYoungGen: 71542K->1536K(72192K)] 162429K->92511K(186880K), 0.0068578 secs] [Times: user=0.01 sys=0.00, real=0.01 secs] 
Heap after GC invocations=317 (full 0):
 PSYoungGen      total 72192K, used 1536K [0x00000000fb800000, 0x0000000100000000, 0x0000000100000000)
  eden space 70656K, 0% used [0x00000000fb800000,0x00000000fb800000,0x00000000ffd00000)
  from space 1536K, 100% used [0x00000000ffd00000,0x00000000ffe80000,0x00000000ffe80000)
  to   space 1536K, 0% used [0x00000000ffe80000,0x00000000ffe80000,0x0000000100000000)
 ParOldGen       total 114688K, used 90975K [0x00000000f4800000, 0x00000000fb800000, 0x00000000fb800000)
  object space 114688K, 79% used [0x00000000f4800000,0x00000000fa0d7d80,0x00000000fb800000)
 Metaspace       used 75137K, capacity 79430K, committed 79744K, reserved 1118208K
  class space    used 9514K, capacity 10272K, committed 10368K, reserved 1048576K
}
{Heap before GC invocations=318 (full 0):
 PSYoungGen      total 72192K, used 72192K [0x00000000fb800000, 0x0000000100000000, 0x0000000100000000)
  eden space 70656K, 100% used [0x00000000fb800000,0x00000000ffd00000,0x00000000ffd00000)
  from space 1536K, 100% used [0x00000000ffd00000,0x00000000ffe80000,0x00000000ffe80000)
  to   space 1536K, 0% used [0x00000000ffe80000,0x00000000ffe80000,0x0000000100000000)
 ParOldGen       total 114688K, used 90975K [0x00000000f4800000, 0x00000000fb800000, 0x00000000fb800000)
  object space 114688K, 79% used [0x00000000f4800000,0x00000000fa0d7d80,0x00000000fb800000)
 Metaspace       used 75137K, capacity 79430K, committed 79744K, reserved 1118208K
  class space    used 9514K, capacity 10272K, committed 10368K, reserved 1048576K
2024-06-11T21:01:03.483+0800: 1322.697: [GC (Allocation Failure) [PSYoungGen: 72192K->672K(72192K)] 163167K->92671K(186880K), 0.0064314 secs] [Times: user=0.01 sys=0.00, real=0.00 secs] 
Heap after GC invocations=318 (full 0):
 PSYoungGen      total 72192K, used 672K [0x00000000fb800000, 0x0000000100000000, 0x0000000100000000)
  eden space 70656K, 0% used [0x00000000fb800000,0x00000000fb800000,0x00000000ffd00000)
  from space 1536K, 43% used [0x00000000ffe80000,0x00000000fff28000,0x0000000100000000)
  to   space 1536K, 0% used [0x00000000ffd00000,0x00000000ffd00000,0x00000000ffe80000)
 ParOldGen       total 114688K, used 91999K [0x00000000f4800000, 0x00000000fb800000, 0x00000000fb800000)
  object space 114688K, 80% used [0x00000000f4800000,0x00000000fa1d7d80,0x00000000fb800000)
 Metaspace       used 75137K, capacity 79430K, committed 79744K, reserved 1118208K
  class space    used 9514K, capacity 10272K, committed 10368K, reserved 1048576K
}
{Heap before GC invocations=319 (full 0):
 PSYoungGen      total 72192K, used 71328K [0x00000000fb800000, 0x0000000100000000, 0x0000000100000000)
  eden space 70656K, 100% used [0x00000000fb800000,0x00000000ffd00000,0x00000000ffd00000)
  from space 1536K, 43% used [0x00000000ffe80000,0x00000000fff28000,0x0000000100000000)
  to   space 1536K, 0% used [0x00000000ffd00000,0x00000000ffd00000,0x00000000ffe80000)
 ParOldGen       total 114688K, used 91999K [0x00000000f4800000, 0x00000000fb800000, 0x00000000fb800000)
  object space 114688K, 80% used [0x00000000f4800000,0x00000000fa1d7d80,0x00000000fb800000)
 Metaspace       used 75137K, capacity 79430K, committed 79744K, reserved 1118208K
  class space    used 9514K, capacity 10272K, committed 10368K, reserved 1048576K
2024-06-11T21:01:07.661+0800: 1326.874: [GC (Allocation Failure) [PSYoungGen: 71328K->640K(72192K)] 163327K->92807K(186880K), 0.0049239 secs] [Times: user=0.01 sys=0.00, real=0.00 secs] 
Heap after GC invocations=319 (full 0):
 PSYoungGen      total 72192K, used 640K [0x00000000fb800000, 0x0000000100000000, 0x0000000100000000)
  eden space 70656K, 0% used [0x00000000fb800000,0x00000000fb800000,0x00000000ffd00000)
  from space 1536K, 41% used [0x00000000ffd00000,0x00000000ffda0000,0x00000000ffe80000)
  to   space 1536K, 0% used [0x00000000ffe80000,0x00000000ffe80000,0x0000000100000000)
 ParOldGen       total 114688K, used 92167K [0x00000000f4800000, 0x00000000fb800000, 0x00000000fb800000)
  object space 114688K, 80% used [0x00000000f4800000,0x00000000fa201d80,0x00000000fb800000)
 Metaspace       used 75137K, capacity 79430K, committed 79744K, reserved 1118208K
  class space    used 9514K, capacity 10272K, committed 10368K, reserved 1048576K
}
{Heap before GC invocations=320 (full 0):
 PSYoungGen      total 72192K, used 71296K [0x00000000fb800000, 0x0000000100000000, 0x0000000100000000)
  eden space 70656K, 100% used [0x00000000fb800000,0x00000000ffd00000,0x00000000ffd00000)
  from space 1536K, 41% used [0x00000000ffd00000,0x00000000ffda0000,0x00000000ffe80000)
  to   space 1536K, 0% used [0x00000000ffe80000,0x00000000ffe80000,0x0000000100000000)
 ParOldGen       total 114688K, used 92167K [0x00000000f4800000, 0x00000000fb800000, 0x00000000fb800000)
  object space 114688K, 80% used [0x00000000f4800000,0x00000000fa201d80,0x00000000fb800000)
 Metaspace       used 75139K, capacity 79430K, committed 79744K, reserved 1118208K
  class space    used 9514K, capacity 10272K, committed 10368K, reserved 1048576K
2024-06-11T21:01:12.145+0800: 1331.358: [GC (Allocation Failure) [PSYoungGen: 71296K->608K(72192K)] 163463K->92863K(186880K), 0.0047376 secs] [Times: user=0.01 sys=0.01, real=0.00 secs] 
Heap after GC invocations=320 (full 0):
 PSYoungGen      total 72192K, used 608K [0x00000000fb800000, 0x0000000100000000, 0x0000000100000000)
  eden space 70656K, 0% used [0x00000000fb800000,0x00000000fb800000,0x00000000ffd00000)
  from space 1536K, 39% used [0x00000000ffe80000,0x00000000fff18000,0x0000000100000000)
  to   space 1536K, 0% used [0x00000000ffd00000,0x00000000ffd00000,0x00000000ffe80000)
 ParOldGen       total 114688K, used 92255K [0x00000000f4800000, 0x00000000fb800000, 0x00000000fb800000)
  object space 114688K, 80% used [0x00000000f4800000,0x00000000fa217d80,0x00000000fb800000)
 Metaspace       used 75139K, capacity 79430K, committed 79744K, reserved 1118208K
  class space    used 9514K, capacity 10272K, committed 10368K, reserved 1048576K
}
{Heap before GC invocations=321 (full 0):
 PSYoungGen      total 72192K, used 71264K [0x00000000fb800000, 0x0000000100000000, 0x0000000100000000)
  eden space 70656K, 100% used [0x00000000fb800000,0x00000000ffd00000,0x00000000ffd00000)
  from space 1536K, 39% used [0x00000000ffe80000,0x00000000fff18000,0x0000000100000000)
  to   space 1536K, 0% used [0x00000000ffd00000,0x00000000ffd00000,0x00000000ffe80000)
 ParOldGen       total 114688K, used 92255K [0x00000000f4800000, 0x00000000fb800000, 0x00000000fb800000)
  object space 114688K, 80% used [0x00000000f4800000,0x00000000fa217d80,0x00000000fb800000)
 Metaspace       used 75139K, capacity 79430K, committed 79744K, reserved 1118208K
  class space    used 9514K, capacity 10272K, committed 10368K, reserved 1048576K
2024-06-11T21:01:16.498+0800: 1335.711: [GC (Allocation Failure) [PSYoungGen: 71264K->608K(72192K)] 163519K->92943K(186880K), 0.0047212 secs] [Times: user=0.01 sys=0.00, real=0.01 secs] 
Heap after GC invocations=321 (full 0):
 PSYoungGen      total 72192K, used 608K [0x00000000fb800000, 0x0000000100000000, 0x0000000100000000)
  eden space 70656K, 0% used [0x00000000fb800000,0x00000000fb800000,0x00000000ffd00000)
  from space 1536K, 39% used [0x00000000ffd00000,0x00000000ffd98000,0x00000000ffe80000)
  to   space 1536K, 0% used [0x00000000ffe80000,0x00000000ffe80000,0x0000000100000000)
 ParOldGen       total 114688K, used 92335K [0x00000000f4800000, 0x00000000fb800000, 0x00000000fb800000)
  object space 114688K, 80% used [0x00000000f4800000,0x00000000fa22bd80,0x00000000fb800000)
 Metaspace       used 75139K, capacity 79430K, committed 79744K, reserved 1118208K
  class space    used 9514K, capacity 10272K, committed 10368K, reserved 1048576K
}
{Heap before GC invocations=322 (full 0):
 PSYoungGen      total 72192K, used 71264K [0x00000000fb800000, 0x0000000100000000, 0x0000000100000000)
  eden space 70656K, 100% used [0x00000000fb800000,0x00000000ffd00000,0x00000000ffd00000)
  from space 1536K, 39% used [0x00000000ffd00000,0x00000000ffd98000,0x00000000ffe80000)
  to   space 1536K, 0% used [0x00000000ffe80000,0x00000000ffe80000,0x0000000100000000)
 ParOldGen       total 114688K, used 92335K [0x00000000f4800000, 0x00000000fb800000, 0x00000000fb800000)
  object space 114688K, 80% used [0x00000000f4800000,0x00000000fa22bd80,0x00000000fb800000)
 Metaspace       used 75139K, capacity 79430K, committed 79744K, reserved 1118208K
  class space    used 9514K, capacity 10272K, committed 10368K, reserved 1048576K
2024-06-11T21:01:20.833+0800: 1340.046: [GC (Allocation Failure) [PSYoungGen: 71264K->608K(72192K)] 163599K->93023K(186880K), 0.0066133 secs] [Times: user=0.00 sys=0.00, real=0.00 secs] 
Heap after GC invocations=322 (full 0):
 PSYoungGen      total 72192K, used 608K [0x00000000fb800000, 0x0000000100000000, 0x0000000100000000)
  eden space 70656K, 0% used [0x00000000fb800000,0x00000000fb800000,0x00000000ffd00000)
  from space 1536K, 39% used [0x00000000ffe80000,0x00000000fff18000,0x0000000100000000)
  to   space 1536K, 0% used [0x00000000ffd00000,0x00000000ffd00000,0x00000000ffe80000)
 ParOldGen       total 114688K, used 92415K [0x00000000f4800000, 0x00000000fb800000, 0x00000000fb800000)
  object space 114688K, 80% used [0x00000000f4800000,0x00000000fa23fd80,0x00000000fb800000)
 Metaspace       used 75139K, capacity 79430K, committed 79744K, reserved 1118208K
  class space    used 9514K, capacity 10272K, committed 10368K, reserved 1048576K
}
{Heap before GC invocations=323 (full 0):
 PSYoungGen      total 72192K, used 71264K [0x00000000fb800000, 0x0000000100000000, 0x0000000100000000)
  eden space 70656K, 100% used [0x00000000fb800000,0x00000000ffd00000,0x00000000ffd00000)
  from space 1536K, 39% used [0x00000000ffe80000,0x00000000fff18000,0x0000000100000000)
  to   space 1536K, 0% used [0x00000000ffd00000,0x00000000ffd00000,0x00000000ffe80000)
 ParOldGen       total 114688K, used 92415K [0x00000000f4800000, 0x00000000fb800000, 0x00000000fb800000)
  object space 114688K, 80% used [0x00000000f4800000,0x00000000fa23fd80,0x00000000fb800000)
 Metaspace       used 75144K, capacity 79430K, committed 79744K, reserved 1118208K
  class space    used 9514K, capacity 10272K, committed 10368K, reserved 1048576K
2024-06-11T21:01:25.314+0800: 1344.527: [GC (Allocation Failure) [PSYoungGen: 71264K->640K(72192K)] 163679K->93143K(186880K), 0.0048395 secs] [Times: user=0.01 sys=0.00, real=0.00 secs] 
Heap after GC invocations=323 (full 0):
 PSYoungGen      total 72192K, used 640K [0x00000000fb800000, 0x0000000100000000, 0x0000000100000000)
  eden space 70656K, 0% used [0x00000000fb800000,0x00000000fb800000,0x00000000ffd00000)
  from space 1536K, 41% used [0x00000000ffd00000,0x00000000ffda0000,0x00000000ffe80000)
  to   space 1536K, 0% used [0x00000000ffe80000,0x00000000ffe80000,0x0000000100000000)
 ParOldGen       total 114688K, used 92503K [0x00000000f4800000, 0x00000000fb800000, 0x00000000fb800000)
  object space 114688K, 80% used [0x00000000f4800000,0x00000000fa255d80,0x00000000fb800000)
 Metaspace       used 75144K, capacity 79430K, committed 79744K, reserved 1118208K
  class space    used 9514K, capacity 10272K, committed 10368K, reserved 1048576K
}
{Heap before GC invocations=324 (full 0):
 PSYoungGen      total 72192K, used 71296K [0x00000000fb800000, 0x0000000100000000, 0x0000000100000000)
  eden space 70656K, 100% used [0x00000000fb800000,0x00000000ffd00000,0x00000000ffd00000)
  from space 1536K, 41% used [0x00000000ffd00000,0x00000000ffda0000,0x00000000ffe80000)
  to   space 1536K, 0% used [0x00000000ffe80000,0x00000000ffe80000,0x0000000100000000)
 ParOldGen       total 114688K, used 92503K [0x00000000f4800000, 0x00000000fb800000, 0x00000000fb800000)
  object space 114688K, 80% used [0x00000000f4800000,0x00000000fa255d80,0x00000000fb800000)
 Metaspace       used 75144K, capacity 79430K, committed 79744K, reserved 1118208K
  class space    used 9514K, capacity 10272K, committed 10368K, reserved 1048576K
2024-06-11T21:01:29.564+0800: 1348.777: [GC (Allocation Failure) [PSYoungGen: 71296K->608K(72192K)] 163799K->93191K(186880K), 0.0048396 secs] [Times: user=0.01 sys=0.00, real=0.00 secs] 
Heap after GC invocations=324 (full 0):
 PSYoungGen      total 72192K, used 608K [0x00000000fb800000, 0x0000000100000000, 0x0000000100000000)
  eden space 70656K, 0% used [0x00000000fb800000,0x00000000fb800000,0x00000000ffd00000)
  from space 1536K, 39% used [0x00000000ffe80000,0x00000000fff18000,0x0000000100000000)
  to   space 1536K, 0% used [0x00000000ffd00000,0x00000000ffd00000,0x00000000ffe80000)
 ParOldGen       total 114688K, used 92583K [0x00000000f4800000, 0x00000000fb800000, 0x00000000fb800000)
  object space 114688K, 80% used [0x00000000f4800000,0x00000000fa269d80,0x00000000fb800000)
 Metaspace       used 75144K, capacity 79430K, committed 79744K, reserved 1118208K
  class space    used 9514K, capacity 10272K, committed 10368K, reserved 1048576K
}
{Heap before GC invocations=325 (full 0):
 PSYoungGen      total 72192K, used 71264K [0x00000000fb800000, 0x0000000100000000, 0x0000000100000000)
  eden space 70656K, 100% used [0x00000000fb800000,0x00000000ffd00000,0x00000000ffd00000)
  from space 1536K, 39% used [0x00000000ffe80000,0x00000000fff18000,0x0000000100000000)
  to   space 1536K, 0% used [0x00000000ffd00000,0x00000000ffd00000,0x00000000ffe80000)
 ParOldGen       total 114688K, used 92583K [0x00000000f4800000, 0x00000000fb800000, 0x00000000fb800000)
  object space 114688K, 80% used [0x00000000f4800000,0x00000000fa269d80,0x00000000fb800000)
 Metaspace       used 75144K, capacity 79430K, committed 79744K, reserved 1118208K
  class space    used 9514K, capacity 10272K, committed 10368K, reserved 1048576K
2024-06-11T21:01:33.901+0800: 1353.115: [GC (Allocation Failure) [PSYoungGen: 71264K->640K(72192K)] 163847K->93311K(186880K), 0.0046795 secs] [Times: user=0.01 sys=0.00, real=0.00 secs] 
Heap after GC invocations=325 (full 0):
 PSYoungGen      total 72192K, used 640K [0x00000000fb800000, 0x0000000100000000, 0x0000000100000000)
  eden space 70656K, 0% used [0x00000000fb800000,0x00000000fb800000,0x00000000ffd00000)
  from space 1536K, 41% used [0x00000000ffd00000,0x00000000ffda0000,0x00000000ffe80000)
  to   space 1536K, 0% used [0x00000000ffe80000,0x00000000ffe80000,0x0000000100000000)
 ParOldGen       total 114688K, used 92671K [0x00000000f4800000, 0x00000000fb800000, 0x00000000fb800000)
  object space 114688K, 80% used [0x00000000f4800000,0x00000000fa27fd80,0x00000000fb800000)
 Metaspace       used 75144K, capacity 79430K, committed 79744K, reserved 1118208K
  class space    used 9514K, capacity 10272K, committed 10368K, reserved 1048576K
}
{Heap before GC invocations=326 (full 0):
 PSYoungGen      total 72192K, used 71296K [0x00000000fb800000, 0x0000000100000000, 0x0000000100000000)
  eden space 70656K, 100% used [0x00000000fb800000,0x00000000ffd00000,0x00000000ffd00000)
  from space 1536K, 41% used [0x00000000ffd00000,0x00000000ffda0000,0x00000000ffe80000)
  to   space 1536K, 0% used [0x00000000ffe80000,0x00000000ffe80000,0x0000000100000000)
 ParOldGen       total 114688K, used 92671K [0x00000000f4800000, 0x00000000fb800000, 0x00000000fb800000)
  object space 114688K, 80% used [0x00000000f4800000,0x00000000fa27fd80,0x00000000fb800000)
 Metaspace       used 75144K, capacity 79430K, committed 79744K, reserved 1118208K
  class space    used 9514K, capacity 10272K, committed 10368K, reserved 1048576K
2024-06-11T21:01:38.026+0800: 1357.239: [GC (Allocation Failure) [PSYoungGen: 71296K->1100K(72192K)] 163967K->93859K(186880K), 0.0050097 secs] [Times: user=0.01 sys=0.00, real=0.01 secs] 
Heap after GC invocations=326 (full 0):
 PSYoungGen      total 72192K, used 1100K [0x00000000fb800000, 0x0000000100000000, 0x0000000100000000)
  eden space 70656K, 0% used [0x00000000fb800000,0x00000000fb800000,0x00000000ffd00000)
  from space 1536K, 71% used [0x00000000ffe80000,0x00000000fff93100,0x0000000100000000)
  to   space 1536K, 0% used [0x00000000ffd00000,0x00000000ffd00000,0x00000000ffe80000)
 ParOldGen       total 114688K, used 92759K [0x00000000f4800000, 0x00000000fb800000, 0x00000000fb800000)
  object space 114688K, 80% used [0x00000000f4800000,0x00000000fa295d80,0x00000000fb800000)
 Metaspace       used 75144K, capacity 79430K, committed 79744K, reserved 1118208K
  class space    used 9514K, capacity 10272K, committed 10368K, reserved 1048576K
}
{Heap before GC invocations=327 (full 0):
 PSYoungGen      total 72192K, used 71756K [0x00000000fb800000, 0x0000000100000000, 0x0000000100000000)
  eden space 70656K, 100% used [0x00000000fb800000,0x00000000ffd00000,0x00000000ffd00000)
  from space 1536K, 71% used [0x00000000ffe80000,0x00000000fff93100,0x0000000100000000)
  to   space 1536K, 0% used [0x00000000ffd00000,0x00000000ffd00000,0x00000000ffe80000)
 ParOldGen       total 114688K, used 92759K [0x00000000f4800000, 0x00000000fb800000, 0x00000000fb800000)
  object space 114688K, 80% used [0x00000000f4800000,0x00000000fa295d80,0x00000000fb800000)
 Metaspace       used 75145K, capacity 79430K, committed 79744K, reserved 1118208K
  class space    used 9514K, capacity 10272K, committed 10368K, reserved 1048576K
2024-06-11T21:01:42.601+0800: 1361.814: [GC (Allocation Failure) [PSYoungGen: 71756K->608K(72192K)] 164515K->93439K(186880K), 0.0047130 secs] [Times: user=0.01 sys=0.00, real=0.00 secs] 
Heap after GC invocations=327 (full 0):
 PSYoungGen      total 72192K, used 608K [0x00000000fb800000, 0x0000000100000000, 0x0000000100000000)
  eden space 70656K, 0% used [0x00000000fb800000,0x00000000fb800000,0x00000000ffd00000)
  from space 1536K, 39% used [0x00000000ffd00000,0x00000000ffd98000,0x00000000ffe80000)
  to   space 1536K, 0% used [0x00000000ffe80000,0x00000000ffe80000,0x0000000100000000)
 ParOldGen       total 114688K, used 92831K [0x00000000f4800000, 0x00000000fb800000, 0x00000000fb800000)
  object space 114688K, 80% used [0x00000000f4800000,0x00000000fa2a7d80,0x00000000fb800000)
 Metaspace       used 75145K, capacity 79430K, committed 79744K, reserved 1118208K
  class space    used 9514K, capacity 10272K, committed 10368K, reserved 1048576K
}
{Heap before GC invocations=328 (full 0):
 PSYoungGen      total 72192K, used 71264K [0x00000000fb800000, 0x0000000100000000, 0x0000000100000000)
  eden space 70656K, 100% used [0x00000000fb800000,0x00000000ffd00000,0x00000000ffd00000)
  from space 1536K, 39% used [0x00000000ffd00000,0x00000000ffd98000,0x00000000ffe80000)
  to   space 1536K, 0% used [0x00000000ffe80000,0x00000000ffe80000,0x0000000100000000)
 ParOldGen       total 114688K, used 92831K [0x00000000f4800000, 0x00000000fb800000, 0x00000000fb800000)
  object space 114688K, 80% used [0x00000000f4800000,0x00000000fa2a7d80,0x00000000fb800000)
 Metaspace       used 75145K, capacity 79430K, committed 79744K, reserved 1118208K
  class space    used 9514K, capacity 10272K, committed 10368K, reserved 1048576K
2024-06-11T21:01:46.902+0800: 1366.116: [GC (Allocation Failure) [PSYoungGen: 71264K->640K(72192K)] 164095K->93559K(186880K), 0.0053265 secs] [Times: user=0.01 sys=0.00, real=0.00 secs] 
Heap after GC invocations=328 (full 0):
 PSYoungGen      total 72192K, used 640K [0x00000000fb800000, 0x0000000100000000, 0x0000000100000000)
  eden space 70656K, 0% used [0x00000000fb800000,0x00000000fb800000,0x00000000ffd00000)
  from space 1536K, 41% used [0x00000000ffe80000,0x00000000fff20000,0x0000000100000000)
  to   space 1536K, 0% used [0x00000000ffd00000,0x00000000ffd00000,0x00000000ffe80000)
 ParOldGen       total 114688K, used 92919K [0x00000000f4800000, 0x00000000fb800000, 0x00000000fb800000)
  object space 114688K, 81% used [0x00000000f4800000,0x00000000fa2bdd80,0x00000000fb800000)
 Metaspace       used 75145K, capacity 79430K, committed 79744K, reserved 1118208K
  class space    used 9514K, capacity 10272K, committed 10368K, reserved 1048576K
}
{Heap before GC invocations=329 (full 0):
 PSYoungGen      total 72192K, used 71296K [0x00000000fb800000, 0x0000000100000000, 0x0000000100000000)
  eden space 70656K, 100% used [0x00000000fb800000,0x00000000ffd00000,0x00000000ffd00000)
  from space 1536K, 41% used [0x00000000ffe80000,0x00000000fff20000,0x0000000100000000)
  to   space 1536K, 0% used [0x00000000ffd00000,0x00000000ffd00000,0x00000000ffe80000)
 ParOldGen       total 114688K, used 92919K [0x00000000f4800000, 0x00000000fb800000, 0x00000000fb800000)
  object space 114688K, 81% used [0x00000000f4800000,0x00000000fa2bdd80,0x00000000fb800000)
 Metaspace       used 75145K, capacity 79430K, committed 79744K, reserved 1118208K
  class space    used 9514K, capacity 10272K, committed 10368K, reserved 1048576K
2024-06-11T21:01:51.005+0800: 1370.219: [GC (Allocation Failure) [PSYoungGen: 71296K->608K(72192K)] 164215K->93615K(186880K), 0.0047356 secs] [Times: user=0.00 sys=0.00, real=0.00 secs] 
Heap after GC invocations=329 (full 0):
 PSYoungGen      total 72192K, used 608K [0x00000000fb800000, 0x0000000100000000, 0x0000000100000000)
  eden space 70656K, 0% used [0x00000000fb800000,0x00000000fb800000,0x00000000ffd00000)
  from space 1536K, 39% used [0x00000000ffd00000,0x00000000ffd98000,0x00000000ffe80000)
  to   space 1536K, 0% used [0x00000000ffe80000,0x00000000ffe80000,0x0000000100000000)
 ParOldGen       total 114688K, used 93007K [0x00000000f4800000, 0x00000000fb800000, 0x00000000fb800000)
  object space 114688K, 81% used [0x00000000f4800000,0x00000000fa2d3d80,0x00000000fb800000)
 Metaspace       used 75145K, capacity 79430K, committed 79744K, reserved 1118208K
  class space    used 9514K, capacity 10272K, committed 10368K, reserved 1048576K
}
{Heap before GC invocations=330 (full 0):
 PSYoungGen      total 72192K, used 71264K [0x00000000fb800000, 0x0000000100000000, 0x0000000100000000)
  eden space 70656K, 100% used [0x00000000fb800000,0x00000000ffd00000,0x00000000ffd00000)
  from space 1536K, 39% used [0x00000000ffd00000,0x00000000ffd98000,0x00000000ffe80000)
  to   space 1536K, 0% used [0x00000000ffe80000,0x00000000ffe80000,0x0000000100000000)
 ParOldGen       total 114688K, used 93007K [0x00000000f4800000, 0x00000000fb800000, 0x00000000fb800000)
  object space 114688K, 81% used [0x00000000f4800000,0x00000000fa2d3d80,0x00000000fb800000)
 Metaspace       used 75146K, capacity 79430K, committed 79744K, reserved 1118208K
  class space    used 9514K, capacity 10272K, committed 10368K, reserved 1048576K
2024-06-11T21:01:55.450+0800: 1374.663: [GC (Allocation Failure) [PSYoungGen: 71264K->608K(72192K)] 164271K->93703K(186880K), 0.0058785 secs] [Times: user=0.01 sys=0.00, real=0.01 secs] 
Heap after GC invocations=330 (full 0):
 PSYoungGen      total 72192K, used 608K [0x00000000fb800000, 0x0000000100000000, 0x0000000100000000)
  eden space 70656K, 0% used [0x00000000fb800000,0x00000000fb800000,0x00000000ffd00000)
  from space 1536K, 39% used [0x00000000ffe80000,0x00000000fff18000,0x0000000100000000)
  to   space 1536K, 0% used [0x00000000ffd00000,0x00000000ffd00000,0x00000000ffe80000)
 ParOldGen       total 114688K, used 93095K [0x00000000f4800000, 0x00000000fb800000, 0x00000000fb800000)
  object space 114688K, 81% used [0x00000000f4800000,0x00000000fa2e9d80,0x00000000fb800000)
 Metaspace       used 75146K, capacity 79430K, committed 79744K, reserved 1118208K
  class space    used 9514K, capacity 10272K, committed 10368K, reserved 1048576K
}
{Heap before GC invocations=331 (full 0):
 PSYoungGen      total 72192K, used 71264K [0x00000000fb800000, 0x0000000100000000, 0x0000000100000000)
  eden space 70656K, 100% used [0x00000000fb800000,0x00000000ffd00000,0x00000000ffd00000)
  from space 1536K, 39% used [0x00000000ffe80000,0x00000000fff18000,0x0000000100000000)
  to   space 1536K, 0% used [0x00000000ffd00000,0x00000000ffd00000,0x00000000ffe80000)
 ParOldGen       total 114688K, used 93095K [0x00000000f4800000, 0x00000000fb800000, 0x00000000fb800000)
  object space 114688K, 81% used [0x00000000f4800000,0x00000000fa2e9d80,0x00000000fb800000)
 Metaspace       used 75146K, capacity 79430K, committed 79744K, reserved 1118208K
  class space    used 9514K, capacity 10272K, committed 10368K, reserved 1048576K
2024-06-11T21:01:59.728+0800: 1378.941: [GC (Allocation Failure) [PSYoungGen: 71264K->1536K(72192K)] 164359K->94711K(186880K), 0.0058629 secs] [Times: user=0.01 sys=0.00, real=0.01 secs] 
Heap after GC invocations=331 (full 0):
 PSYoungGen      total 72192K, used 1536K [0x00000000fb800000, 0x0000000100000000, 0x0000000100000000)
  eden space 70656K, 0% used [0x00000000fb800000,0x00000000fb800000,0x00000000ffd00000)
  from space 1536K, 100% used [0x00000000ffd00000,0x00000000ffe80000,0x00000000ffe80000)
  to   space 1536K, 0% used [0x00000000ffe80000,0x00000000ffe80000,0x0000000100000000)
 ParOldGen       total 114688K, used 93175K [0x00000000f4800000, 0x00000000fb800000, 0x00000000fb800000)
  object space 114688K, 81% used [0x00000000f4800000,0x00000000fa2fdd80,0x00000000fb800000)
 Metaspace       used 75146K, capacity 79430K, committed 79744K, reserved 1118208K
  class space    used 9514K, capacity 10272K, committed 10368K, reserved 1048576K
}
{Heap before GC invocations=332 (full 0):
 PSYoungGen      total 72192K, used 72192K [0x00000000fb800000, 0x0000000100000000, 0x0000000100000000)
  eden space 70656K, 100% used [0x00000000fb800000,0x00000000ffd00000,0x00000000ffd00000)
  from space 1536K, 100% used [0x00000000ffd00000,0x00000000ffe80000,0x00000000ffe80000)
  to   space 1536K, 0% used [0x00000000ffe80000,0x00000000ffe80000,0x0000000100000000)
 ParOldGen       total 114688K, used 93175K [0x00000000f4800000, 0x00000000fb800000, 0x00000000fb800000)
  object space 114688K, 81% used [0x00000000f4800000,0x00000000fa2fdd80,0x00000000fb800000)
 Metaspace       used 75146K, capacity 79430K, committed 79744K, reserved 1118208K
  class space    used 9514K, capacity 10272K, committed 10368K, reserved 1048576K
2024-06-11T21:02:04.082+0800: 1383.295: [GC (Allocation Failure) [PSYoungGen: 72192K->704K(72192K)] 165367K->94911K(186880K), 0.0060210 secs] [Times: user=0.01 sys=0.00, real=0.00 secs] 
Heap after GC invocations=332 (full 0):
 PSYoungGen      total 72192K, used 704K [0x00000000fb800000, 0x0000000100000000, 0x0000000100000000)
  eden space 70656K, 0% used [0x00000000fb800000,0x00000000fb800000,0x00000000ffd00000)
  from space 1536K, 45% used [0x00000000ffe80000,0x00000000fff30000,0x0000000100000000)
  to   space 1536K, 0% used [0x00000000ffd00000,0x00000000ffd00000,0x00000000ffe80000)
 ParOldGen       total 114688K, used 94207K [0x00000000f4800000, 0x00000000fb800000, 0x00000000fb800000)
  object space 114688K, 82% used [0x00000000f4800000,0x00000000fa3ffd80,0x00000000fb800000)
 Metaspace       used 75146K, capacity 79430K, committed 79744K, reserved 1118208K
  class space    used 9514K, capacity 10272K, committed 10368K, reserved 1048576K
}
{Heap before GC invocations=333 (full 0):
 PSYoungGen      total 72192K, used 71360K [0x00000000fb800000, 0x0000000100000000, 0x0000000100000000)
  eden space 70656K, 100% used [0x00000000fb800000,0x00000000ffd00000,0x00000000ffd00000)
  from space 1536K, 45% used [0x00000000ffe80000,0x00000000fff30000,0x0000000100000000)
  to   space 1536K, 0% used [0x00000000ffd00000,0x00000000ffd00000,0x00000000ffe80000)
 ParOldGen       total 114688K, used 94207K [0x00000000f4800000, 0x00000000fb800000, 0x00000000fb800000)
  object space 114688K, 82% used [0x00000000f4800000,0x00000000fa3ffd80,0x00000000fb800000)
 Metaspace       used 75152K, capacity 79430K, committed 79744K, reserved 1118208K
  class space    used 9514K, capacity 10272K, committed 10368K, reserved 1048576K
2024-06-11T21:02:08.463+0800: 1387.676: [GC (Allocation Failure) [PSYoungGen: 71360K->1100K(72192K)] 165567K->95467K(186880K), 0.0050911 secs] [Times: user=0.01 sys=0.00, real=0.00 secs] 
Heap after GC invocations=333 (full 0):
 PSYoungGen      total 72192K, used 1100K [0x00000000fb800000, 0x0000000100000000, 0x0000000100000000)
  eden space 70656K, 0% used [0x00000000fb800000,0x00000000fb800000,0x00000000ffd00000)
  from space 1536K, 71% used [0x00000000ffd00000,0x00000000ffe13130,0x00000000ffe80000)
  to   space 1536K, 0% used [0x00000000ffe80000,0x00000000ffe80000,0x0000000100000000)
 ParOldGen       total 114688K, used 94367K [0x00000000f4800000, 0x00000000fb800000, 0x00000000fb800000)
  object space 114688K, 82% used [0x00000000f4800000,0x00000000fa427d80,0x00000000fb800000)
 Metaspace       used 75152K, capacity 79430K, committed 79744K, reserved 1118208K
  class space    used 9514K, capacity 10272K, committed 10368K, reserved 1048576K
}
{Heap before GC invocations=334 (full 0):
 PSYoungGen      total 72192K, used 71756K [0x00000000fb800000, 0x0000000100000000, 0x0000000100000000)
  eden space 70656K, 100% used [0x00000000fb800000,0x00000000ffd00000,0x00000000ffd00000)
  from space 1536K, 71% used [0x00000000ffd00000,0x00000000ffe13130,0x00000000ffe80000)
  to   space 1536K, 0% used [0x00000000ffe80000,0x00000000ffe80000,0x0000000100000000)
 ParOldGen       total 114688K, used 94367K [0x00000000f4800000, 0x00000000fb800000, 0x00000000fb800000)
  object space 114688K, 82% used [0x00000000f4800000,0x00000000fa427d80,0x00000000fb800000)
 Metaspace       used 75154K, capacity 79430K, committed 79744K, reserved 1118208K
  class space    used 9514K, capacity 10272K, committed 10368K, reserved 1048576K
2024-06-11T21:02:12.867+0800: 1392.080: [GC (Allocation Failure) [PSYoungGen: 71756K->640K(72192K)] 166123K->95095K(186880K), 0.0045844 secs] [Times: user=0.01 sys=0.00, real=0.01 secs] 
Heap after GC invocations=334 (full 0):
 PSYoungGen      total 72192K, used 640K [0x00000000fb800000, 0x0000000100000000, 0x0000000100000000)
  eden space 70656K, 0% used [0x00000000fb800000,0x00000000fb800000,0x00000000ffd00000)
  from space 1536K, 41% used [0x00000000ffe80000,0x00000000fff20000,0x0000000100000000)
  to   space 1536K, 0% used [0x00000000ffd00000,0x00000000ffd00000,0x00000000ffe80000)
 ParOldGen       total 114688K, used 94455K [0x00000000f4800000, 0x00000000fb800000, 0x00000000fb800000)
  object space 114688K, 82% used [0x00000000f4800000,0x00000000fa43dd80,0x00000000fb800000)
 Metaspace       used 75154K, capacity 79430K, committed 79744K, reserved 1118208K
  class space    used 9514K, capacity 10272K, committed 10368K, reserved 1048576K
}
{Heap before GC invocations=335 (full 0):
 PSYoungGen      total 72192K, used 71296K [0x00000000fb800000, 0x0000000100000000, 0x0000000100000000)
  eden space 70656K, 100% used [0x00000000fb800000,0x00000000ffd00000,0x00000000ffd00000)
  from space 1536K, 41% used [0x00000000ffe80000,0x00000000fff20000,0x0000000100000000)
  to   space 1536K, 0% used [0x00000000ffd00000,0x00000000ffd00000,0x00000000ffe80000)
 ParOldGen       total 114688K, used 94455K [0x00000000f4800000, 0x00000000fb800000, 0x00000000fb800000)
  object space 114688K, 82% used [0x00000000f4800000,0x00000000fa43dd80,0x00000000fb800000)
 Metaspace       used 75154K, capacity 79430K, committed 79744K, reserved 1118208K
  class space    used 9514K, capacity 10272K, committed 10368K, reserved 1048576K
2024-06-11T21:02:17.273+0800: 1396.487: [GC (Allocation Failure) [PSYoungGen: 71296K->608K(72192K)] 165751K->95151K(186880K), 0.0047100 secs] [Times: user=0.00 sys=0.00, real=0.00 secs] 
Heap after GC invocations=335 (full 0):
 PSYoungGen      total 72192K, used 608K [0x00000000fb800000, 0x0000000100000000, 0x0000000100000000)
  eden space 70656K, 0% used [0x00000000fb800000,0x00000000fb800000,0x00000000ffd00000)
  from space 1536K, 39% used [0x00000000ffd00000,0x00000000ffd98000,0x00000000ffe80000)
  to   space 1536K, 0% used [0x00000000ffe80000,0x00000000ffe80000,0x0000000100000000)
 ParOldGen       total 114688K, used 94543K [0x00000000f4800000, 0x00000000fb800000, 0x00000000fb800000)
  object space 114688K, 82% used [0x00000000f4800000,0x00000000fa453d80,0x00000000fb800000)
 Metaspace       used 75154K, capacity 79430K, committed 79744K, reserved 1118208K
  class space    used 9514K, capacity 10272K, committed 10368K, reserved 1048576K
}
{Heap before GC invocations=336 (full 0):
 PSYoungGen      total 72192K, used 71264K [0x00000000fb800000, 0x0000000100000000, 0x0000000100000000)
  eden space 70656K, 100% used [0x00000000fb800000,0x00000000ffd00000,0x00000000ffd00000)
  from space 1536K, 39% used [0x00000000ffd00000,0x00000000ffd98000,0x00000000ffe80000)
  to   space 1536K, 0% used [0x00000000ffe80000,0x00000000ffe80000,0x0000000100000000)
 ParOldGen       total 114688K, used 94543K [0x00000000f4800000, 0x00000000fb800000, 0x00000000fb800000)
  object space 114688K, 82% used [0x00000000f4800000,0x00000000fa453d80,0x00000000fb800000)
 Metaspace       used 75154K, capacity 79430K, committed 79744K, reserved 1118208K
  class space    used 9514K, capacity 10272K, committed 10368K, reserved 1048576K
2024-06-11T21:02:21.571+0800: 1400.784: [GC (Allocation Failure) [PSYoungGen: 71264K->608K(72192K)] 165807K->95239K(186880K), 0.0047857 secs] [Times: user=0.01 sys=0.00, real=0.01 secs] 
Heap after GC invocations=336 (full 0):
 PSYoungGen      total 72192K, used 608K [0x00000000fb800000, 0x0000000100000000, 0x0000000100000000)
  eden space 70656K, 0% used [0x00000000fb800000,0x00000000fb800000,0x00000000ffd00000)
  from space 1536K, 39% used [0x00000000ffe80000,0x00000000fff18000,0x0000000100000000)
  to   space 1536K, 0% used [0x00000000ffd00000,0x00000000ffd00000,0x00000000ffe80000)
 ParOldGen       total 114688K, used 94631K [0x00000000f4800000, 0x00000000fb800000, 0x00000000fb800000)
  object space 114688K, 82% used [0x00000000f4800000,0x00000000fa469d80,0x00000000fb800000)
 Metaspace       used 75154K, capacity 79430K, committed 79744K, reserved 1118208K
  class space    used 9514K, capacity 10272K, committed 10368K, reserved 1048576K
}
{Heap before GC invocations=337 (full 0):
 PSYoungGen      total 72192K, used 71264K [0x00000000fb800000, 0x0000000100000000, 0x0000000100000000)
  eden space 70656K, 100% used [0x00000000fb800000,0x00000000ffd00000,0x00000000ffd00000)
  from space 1536K, 39% used [0x00000000ffe80000,0x00000000fff18000,0x0000000100000000)
  to   space 1536K, 0% used [0x00000000ffd00000,0x00000000ffd00000,0x00000000ffe80000)
 ParOldGen       total 114688K, used 94631K [0x00000000f4800000, 0x00000000fb800000, 0x00000000fb800000)
  object space 114688K, 82% used [0x00000000f4800000,0x00000000fa469d80,0x00000000fb800000)
 Metaspace       used 75156K, capacity 79430K, committed 79744K, reserved 1118208K
  class space    used 9514K, capacity 10272K, committed 10368K, reserved 1048576K
2024-06-11T21:02:25.731+0800: 1404.945: [GC (Allocation Failure) [PSYoungGen: 71264K->608K(72192K)] 165895K->95327K(186880K), 0.0044842 secs] [Times: user=0.00 sys=0.00, real=0.00 secs] 
Heap after GC invocations=337 (full 0):
 PSYoungGen      total 72192K, used 608K [0x00000000fb800000, 0x0000000100000000, 0x0000000100000000)
  eden space 70656K, 0% used [0x00000000fb800000,0x00000000fb800000,0x00000000ffd00000)
  from space 1536K, 39% used [0x00000000ffd00000,0x00000000ffd98000,0x00000000ffe80000)
  to   space 1536K, 0% used [0x00000000ffe80000,0x00000000ffe80000,0x0000000100000000)
 ParOldGen       total 114688K, used 94719K [0x00000000f4800000, 0x00000000fb800000, 0x00000000fb800000)
  object space 114688K, 82% used [0x00000000f4800000,0x00000000fa47fd80,0x00000000fb800000)
 Metaspace       used 75156K, capacity 79430K, committed 79744K, reserved 1118208K
  class space    used 9514K, capacity 10272K, committed 10368K, reserved 1048576K
}
{Heap before GC invocations=338 (full 0):
 PSYoungGen      total 72192K, used 71264K [0x00000000fb800000, 0x0000000100000000, 0x0000000100000000)
  eden space 70656K, 100% used [0x00000000fb800000,0x00000000ffd00000,0x00000000ffd00000)
  from space 1536K, 39% used [0x00000000ffd00000,0x00000000ffd98000,0x00000000ffe80000)
  to   space 1536K, 0% used [0x00000000ffe80000,0x00000000ffe80000,0x0000000100000000)
 ParOldGen       total 114688K, used 94719K [0x00000000f4800000, 0x00000000fb800000, 0x00000000fb800000)
  object space 114688K, 82% used [0x00000000f4800000,0x00000000fa47fd80,0x00000000fb800000)
 Metaspace       used 75158K, capacity 79430K, committed 79744K, reserved 1118208K
  class space    used 9514K, capacity 10272K, committed 10368K, reserved 1048576K
2024-06-11T21:02:30.023+0800: 1409.236: [GC (Allocation Failure) [PSYoungGen: 71264K->608K(72192K)] 165983K->95407K(186880K), 0.0046032 secs] [Times: user=0.01 sys=0.00, real=0.00 secs] 
Heap after GC invocations=338 (full 0):
 PSYoungGen      total 72192K, used 608K [0x00000000fb800000, 0x0000000100000000, 0x0000000100000000)
  eden space 70656K, 0% used [0x00000000fb800000,0x00000000fb800000,0x00000000ffd00000)
  from space 1536K, 39% used [0x00000000ffe80000,0x00000000fff18000,0x0000000100000000)
  to   space 1536K, 0% used [0x00000000ffd00000,0x00000000ffd00000,0x00000000ffe80000)
 ParOldGen       total 114688K, used 94799K [0x00000000f4800000, 0x00000000fb800000, 0x00000000fb800000)
  object space 114688K, 82% used [0x00000000f4800000,0x00000000fa493d80,0x00000000fb800000)
 Metaspace       used 75158K, capacity 79430K, committed 79744K, reserved 1118208K
  class space    used 9514K, capacity 10272K, committed 10368K, reserved 1048576K
}
{Heap before GC invocations=339 (full 0):
 PSYoungGen      total 72192K, used 71264K [0x00000000fb800000, 0x0000000100000000, 0x0000000100000000)
  eden space 70656K, 100% used [0x00000000fb800000,0x00000000ffd00000,0x00000000ffd00000)
  from space 1536K, 39% used [0x00000000ffe80000,0x00000000fff18000,0x0000000100000000)
  to   space 1536K, 0% used [0x00000000ffd00000,0x00000000ffd00000,0x00000000ffe80000)
 ParOldGen       total 114688K, used 94799K [0x00000000f4800000, 0x00000000fb800000, 0x00000000fb800000)
  object space 114688K, 82% used [0x00000000f4800000,0x00000000fa493d80,0x00000000fb800000)
 Metaspace       used 75159K, capacity 79430K, committed 79744K, reserved 1118208K
  class space    used 9514K, capacity 10272K, committed 10368K, reserved 1048576K
2024-06-11T21:02:34.378+0800: 1413.591: [GC (Allocation Failure) [PSYoungGen: 71264K->608K(72192K)] 166063K->95495K(186880K), 0.0048214 secs] [Times: user=0.01 sys=0.00, real=0.01 secs] 
Heap after GC invocations=339 (full 0):
 PSYoungGen      total 72192K, used 608K [0x00000000fb800000, 0x0000000100000000, 0x0000000100000000)
  eden space 70656K, 0% used [0x00000000fb800000,0x00000000fb800000,0x00000000ffd00000)
  from space 1536K, 39% used [0x00000000ffd00000,0x00000000ffd98000,0x00000000ffe80000)
  to   space 1536K, 0% used [0x00000000ffe80000,0x00000000ffe80000,0x0000000100000000)
 ParOldGen       total 114688K, used 94887K [0x00000000f4800000, 0x00000000fb800000, 0x00000000fb800000)
  object space 114688K, 82% used [0x00000000f4800000,0x00000000fa4a9d80,0x00000000fb800000)
 Metaspace       used 75159K, capacity 79430K, committed 79744K, reserved 1118208K
  class space    used 9514K, capacity 10272K, committed 10368K, reserved 1048576K
}
{Heap before GC invocations=340 (full 0):
 PSYoungGen      total 72192K, used 71264K [0x00000000fb800000, 0x0000000100000000, 0x0000000100000000)
  eden space 70656K, 100% used [0x00000000fb800000,0x00000000ffd00000,0x00000000ffd00000)
  from space 1536K, 39% used [0x00000000ffd00000,0x00000000ffd98000,0x00000000ffe80000)
  to   space 1536K, 0% used [0x00000000ffe80000,0x00000000ffe80000,0x0000000100000000)
 ParOldGen       total 114688K, used 94887K [0x00000000f4800000, 0x00000000fb800000, 0x00000000fb800000)
  object space 114688K, 82% used [0x00000000f4800000,0x00000000fa4a9d80,0x00000000fb800000)
 Metaspace       used 75159K, capacity 79430K, committed 79744K, reserved 1118208K
  class space    used 9514K, capacity 10272K, committed 10368K, reserved 1048576K
2024-06-11T21:02:38.700+0800: 1417.913: [GC (Allocation Failure) [PSYoungGen: 71264K->576K(72192K)] 166151K->95551K(186880K), 0.0055598 secs] [Times: user=0.01 sys=0.00, real=0.01 secs] 
Heap after GC invocations=340 (full 0):
 PSYoungGen      total 72192K, used 576K [0x00000000fb800000, 0x0000000100000000, 0x0000000100000000)
  eden space 70656K, 0% used [0x00000000fb800000,0x00000000fb800000,0x00000000ffd00000)
  from space 1536K, 37% used [0x00000000ffe80000,0x00000000fff10000,0x0000000100000000)
  to   space 1536K, 0% used [0x00000000ffd00000,0x00000000ffd00000,0x00000000ffe80000)
 ParOldGen       total 114688K, used 94975K [0x00000000f4800000, 0x00000000fb800000, 0x00000000fb800000)
  object space 114688K, 82% used [0x00000000f4800000,0x00000000fa4bfd80,0x00000000fb800000)
 Metaspace       used 75159K, capacity 79430K, committed 79744K, reserved 1118208K
  class space    used 9514K, capacity 10272K, committed 10368K, reserved 1048576K
}
{Heap before GC invocations=341 (full 0):
 PSYoungGen      total 72192K, used 71232K [0x00000000fb800000, 0x0000000100000000, 0x0000000100000000)
  eden space 70656K, 100% used [0x00000000fb800000,0x00000000ffd00000,0x00000000ffd00000)
  from space 1536K, 37% used [0x00000000ffe80000,0x00000000fff10000,0x0000000100000000)
  to   space 1536K, 0% used [0x00000000ffd00000,0x00000000ffd00000,0x00000000ffe80000)
 ParOldGen       total 114688K, used 94975K [0x00000000f4800000, 0x00000000fb800000, 0x00000000fb800000)
  object space 114688K, 82% used [0x00000000f4800000,0x00000000fa4bfd80,0x00000000fb800000)
 Metaspace       used 75159K, capacity 79430K, committed 79744K, reserved 1118208K
  class space    used 9514K, capacity 10272K, committed 10368K, reserved 1048576K
2024-06-11T21:02:42.956+0800: 1422.169: [GC (Allocation Failure) [PSYoungGen: 71232K->576K(72192K)] 166207K->95639K(186880K), 0.0046466 secs] [Times: user=0.01 sys=0.00, real=0.01 secs] 
Heap after GC invocations=341 (full 0):
 PSYoungGen      total 72192K, used 576K [0x00000000fb800000, 0x0000000100000000, 0x0000000100000000)
  eden space 70656K, 0% used [0x00000000fb800000,0x00000000fb800000,0x00000000ffd00000)
  from space 1536K, 37% used [0x00000000ffd00000,0x00000000ffd90000,0x00000000ffe80000)
  to   space 1536K, 0% used [0x00000000ffe80000,0x00000000ffe80000,0x0000000100000000)
 ParOldGen       total 114688K, used 95063K [0x00000000f4800000, 0x00000000fb800000, 0x00000000fb800000)
  object space 114688K, 82% used [0x00000000f4800000,0x00000000fa4d5d80,0x00000000fb800000)
 Metaspace       used 75159K, capacity 79430K, committed 79744K, reserved 1118208K
  class space    used 9514K, capacity 10272K, committed 10368K, reserved 1048576K
}
{Heap before GC invocations=342 (full 0):
 PSYoungGen      total 72192K, used 71232K [0x00000000fb800000, 0x0000000100000000, 0x0000000100000000)
  eden space 70656K, 100% used [0x00000000fb800000,0x00000000ffd00000,0x00000000ffd00000)
  from space 1536K, 37% used [0x00000000ffd00000,0x00000000ffd90000,0x00000000ffe80000)
  to   space 1536K, 0% used [0x00000000ffe80000,0x00000000ffe80000,0x0000000100000000)
 ParOldGen       total 114688K, used 95063K [0x00000000f4800000, 0x00000000fb800000, 0x00000000fb800000)
  object space 114688K, 82% used [0x00000000f4800000,0x00000000fa4d5d80,0x00000000fb800000)
 Metaspace       used 75160K, capacity 79430K, committed 79744K, reserved 1118208K
  class space    used 9514K, capacity 10272K, committed 10368K, reserved 1048576K
2024-06-11T21:02:47.325+0800: 1426.538: [GC (Allocation Failure) [PSYoungGen: 71232K->544K(72192K)] 166295K->95695K(186880K), 0.0046675 secs] [Times: user=0.01 sys=0.00, real=0.00 secs] 
Heap after GC invocations=342 (full 0):
 PSYoungGen      total 72192K, used 544K [0x00000000fb800000, 0x0000000100000000, 0x0000000100000000)
  eden space 70656K, 0% used [0x00000000fb800000,0x00000000fb800000,0x00000000ffd00000)
  from space 1536K, 35% used [0x00000000ffe80000,0x00000000fff08000,0x0000000100000000)
  to   space 1536K, 0% used [0x00000000ffd00000,0x00000000ffd00000,0x00000000ffe80000)
 ParOldGen       total 114688K, used 95151K [0x00000000f4800000, 0x00000000fb800000, 0x00000000fb800000)
  object space 114688K, 82% used [0x00000000f4800000,0x00000000fa4ebd80,0x00000000fb800000)
 Metaspace       used 75160K, capacity 79430K, committed 79744K, reserved 1118208K
  class space    used 9514K, capacity 10272K, committed 10368K, reserved 1048576K
}
{Heap before GC invocations=343 (full 0):
 PSYoungGen      total 72192K, used 71200K [0x00000000fb800000, 0x0000000100000000, 0x0000000100000000)
  eden space 70656K, 100% used [0x00000000fb800000,0x00000000ffd00000,0x00000000ffd00000)
  from space 1536K, 35% used [0x00000000ffe80000,0x00000000fff08000,0x0000000100000000)
  to   space 1536K, 0% used [0x00000000ffd00000,0x00000000ffd00000,0x00000000ffe80000)
 ParOldGen       total 114688K, used 95151K [0x00000000f4800000, 0x00000000fb800000, 0x00000000fb800000)
  object space 114688K, 82% used [0x00000000f4800000,0x00000000fa4ebd80,0x00000000fb800000)
 Metaspace       used 75161K, capacity 79430K, committed 79744K, reserved 1118208K
  class space    used 9514K, capacity 10272K, committed 10368K, reserved 1048576K
2024-06-11T21:02:51.508+0800: 1430.722: [GC (Allocation Failure) [PSYoungGen: 71200K->576K(72192K)] 166351K->95815K(186880K), 0.0046191 secs] [Times: user=0.01 sys=0.00, real=0.01 secs] 
Heap after GC invocations=343 (full 0):
 PSYoungGen      total 72192K, used 576K [0x00000000fb800000, 0x0000000100000000, 0x0000000100000000)
  eden space 70656K, 0% used [0x00000000fb800000,0x00000000fb800000,0x00000000ffd00000)
  from space 1536K, 37% used [0x00000000ffd00000,0x00000000ffd90000,0x00000000ffe80000)
  to   space 1536K, 0% used [0x00000000ffe80000,0x00000000ffe80000,0x0000000100000000)
 ParOldGen       total 114688K, used 95239K [0x00000000f4800000, 0x00000000fb800000, 0x00000000fb800000)
  object space 114688K, 83% used [0x00000000f4800000,0x00000000fa501d80,0x00000000fb800000)
 Metaspace       used 75161K, capacity 79430K, committed 79744K, reserved 1118208K
  class space    used 9514K, capacity 10272K, committed 10368K, reserved 1048576K
}
{Heap before GC invocations=344 (full 0):
 PSYoungGen      total 72192K, used 71232K [0x00000000fb800000, 0x0000000100000000, 0x0000000100000000)
  eden space 70656K, 100% used [0x00000000fb800000,0x00000000ffd00000,0x00000000ffd00000)
  from space 1536K, 37% used [0x00000000ffd00000,0x00000000ffd90000,0x00000000ffe80000)
  to   space 1536K, 0% used [0x00000000ffe80000,0x00000000ffe80000,0x0000000100000000)
 ParOldGen       total 114688K, used 95239K [0x00000000f4800000, 0x00000000fb800000, 0x00000000fb800000)
  object space 114688K, 83% used [0x00000000f4800000,0x00000000fa501d80,0x00000000fb800000)
 Metaspace       used 75162K, capacity 79430K, committed 79744K, reserved 1118208K
  class space    used 9514K, capacity 10272K, committed 10368K, reserved 1048576K
2024-06-11T21:02:56.111+0800: 1435.324: [GC (Allocation Failure) [PSYoungGen: 71232K->608K(72192K)] 166471K->95935K(186880K), 0.0050511 secs] [Times: user=0.01 sys=0.00, real=0.00 secs] 
Heap after GC invocations=344 (full 0):
 PSYoungGen      total 72192K, used 608K [0x00000000fb800000, 0x0000000100000000, 0x0000000100000000)
  eden space 70656K, 0% used [0x00000000fb800000,0x00000000fb800000,0x00000000ffd00000)
  from space 1536K, 39% used [0x00000000ffe80000,0x00000000fff18000,0x0000000100000000)
  to   space 1536K, 0% used [0x00000000ffd00000,0x00000000ffd00000,0x00000000ffe80000)
 ParOldGen       total 114688K, used 95327K [0x00000000f4800000, 0x00000000fb800000, 0x00000000fb800000)
  object space 114688K, 83% used [0x00000000f4800000,0x00000000fa517d80,0x00000000fb800000)
 Metaspace       used 75162K, capacity 79430K, committed 79744K, reserved 1118208K
  class space    used 9514K, capacity 10272K, committed 10368K, reserved 1048576K
}
{Heap before GC invocations=345 (full 0):
 PSYoungGen      total 72192K, used 71264K [0x00000000fb800000, 0x0000000100000000, 0x0000000100000000)
  eden space 70656K, 100% used [0x00000000fb800000,0x00000000ffd00000,0x00000000ffd00000)
  from space 1536K, 39% used [0x00000000ffe80000,0x00000000fff18000,0x0000000100000000)
  to   space 1536K, 0% used [0x00000000ffd00000,0x00000000ffd00000,0x00000000ffe80000)
 ParOldGen       total 114688K, used 95327K [0x00000000f4800000, 0x00000000fb800000, 0x00000000fb800000)
  object space 114688K, 83% used [0x00000000f4800000,0x00000000fa517d80,0x00000000fb800000)
 Metaspace       used 75163K, capacity 79430K, committed 79744K, reserved 1118208K
  class space    used 9514K, capacity 10272K, committed 10368K, reserved 1048576K
2024-06-11T21:03:00.467+0800: 1439.680: [GC (Allocation Failure) [PSYoungGen: 71264K->1536K(72192K)] 166591K->96959K(186880K), 0.0060082 secs] [Times: user=0.01 sys=0.00, real=0.01 secs] 
Heap after GC invocations=345 (full 0):
 PSYoungGen      total 72192K, used 1536K [0x00000000fb800000, 0x0000000100000000, 0x0000000100000000)
  eden space 70656K, 0% used [0x00000000fb800000,0x00000000fb800000,0x00000000ffd00000)
  from space 1536K, 100% used [0x00000000ffd00000,0x00000000ffe80000,0x00000000ffe80000)
  to   space 1536K, 0% used [0x00000000ffe80000,0x00000000ffe80000,0x0000000100000000)
 ParOldGen       total 114688K, used 95423K [0x00000000f4800000, 0x00000000fb800000, 0x00000000fb800000)
  object space 114688K, 83% used [0x00000000f4800000,0x00000000fa52fd80,0x00000000fb800000)
 Metaspace       used 75163K, capacity 79430K, committed 79744K, reserved 1118208K
  class space    used 9514K, capacity 10272K, committed 10368K, reserved 1048576K
}
{Heap before GC invocations=346 (full 0):
 PSYoungGen      total 72192K, used 72192K [0x00000000fb800000, 0x0000000100000000, 0x0000000100000000)
  eden space 70656K, 100% used [0x00000000fb800000,0x00000000ffd00000,0x00000000ffd00000)
  from space 1536K, 100% used [0x00000000ffd00000,0x00000000ffe80000,0x00000000ffe80000)
  to   space 1536K, 0% used [0x00000000ffe80000,0x00000000ffe80000,0x0000000100000000)
 ParOldGen       total 114688K, used 95423K [0x00000000f4800000, 0x00000000fb800000, 0x00000000fb800000)
  object space 114688K, 83% used [0x00000000f4800000,0x00000000fa52fd80,0x00000000fb800000)
 Metaspace       used 75164K, capacity 79430K, committed 79744K, reserved 1118208K
  class space    used 9514K, capacity 10272K, committed 10368K, reserved 1048576K
2024-06-11T21:03:04.833+0800: 1444.047: [GC (Allocation Failure) [PSYoungGen: 72192K->640K(72192K)] 167615K->97071K(186880K), 0.0060404 secs] [Times: user=0.01 sys=0.00, real=0.00 secs] 
Heap after GC invocations=346 (full 0):
 PSYoungGen      total 72192K, used 640K [0x00000000fb800000, 0x0000000100000000, 0x0000000100000000)
  eden space 70656K, 0% used [0x00000000fb800000,0x00000000fb800000,0x00000000ffd00000)
  from space 1536K, 41% used [0x00000000ffe80000,0x00000000fff20000,0x0000000100000000)
  to   space 1536K, 0% used [0x00000000ffd00000,0x00000000ffd00000,0x00000000ffe80000)
 ParOldGen       total 114688K, used 96431K [0x00000000f4800000, 0x00000000fb800000, 0x00000000fb800000)
  object space 114688K, 84% used [0x00000000f4800000,0x00000000fa62bd80,0x00000000fb800000)
 Metaspace       used 75164K, capacity 79430K, committed 79744K, reserved 1118208K
  class space    used 9514K, capacity 10272K, committed 10368K, reserved 1048576K
}
{Heap before GC invocations=347 (full 0):
 PSYoungGen      total 72192K, used 71296K [0x00000000fb800000, 0x0000000100000000, 0x0000000100000000)
  eden space 70656K, 100% used [0x00000000fb800000,0x00000000ffd00000,0x00000000ffd00000)
  from space 1536K, 41% used [0x00000000ffe80000,0x00000000fff20000,0x0000000100000000)
  to   space 1536K, 0% used [0x00000000ffd00000,0x00000000ffd00000,0x00000000ffe80000)
 ParOldGen       total 114688K, used 96431K [0x00000000f4800000, 0x00000000fb800000, 0x00000000fb800000)
  object space 114688K, 84% used [0x00000000f4800000,0x00000000fa62bd80,0x00000000fb800000)
 Metaspace       used 75172K, capacity 79494K, committed 79744K, reserved 1118208K
  class space    used 9514K, capacity 10272K, committed 10368K, reserved 1048576K
2024-06-11T21:03:09.137+0800: 1448.350: [GC (Allocation Failure) [PSYoungGen: 71296K->544K(72192K)] 167727K->97119K(186880K), 0.0057698 secs] [Times: user=0.01 sys=0.01, real=0.01 secs] 
Heap after GC invocations=347 (full 0):
 PSYoungGen      total 72192K, used 544K [0x00000000fb800000, 0x0000000100000000, 0x0000000100000000)
  eden space 70656K, 0% used [0x00000000fb800000,0x00000000fb800000,0x00000000ffd00000)
  from space 1536K, 35% used [0x00000000ffd00000,0x00000000ffd88000,0x00000000ffe80000)
  to   space 1536K, 0% used [0x00000000ffe80000,0x00000000ffe80000,0x0000000100000000)
 ParOldGen       total 114688K, used 96575K [0x00000000f4800000, 0x00000000fb800000, 0x00000000fb800000)
  object space 114688K, 84% used [0x00000000f4800000,0x00000000fa64fd80,0x00000000fb800000)
 Metaspace       used 75172K, capacity 79494K, committed 79744K, reserved 1118208K
  class space    used 9514K, capacity 10272K, committed 10368K, reserved 1048576K
}
{Heap before GC invocations=348 (full 0):
 PSYoungGen      total 72192K, used 71200K [0x00000000fb800000, 0x0000000100000000, 0x0000000100000000)
  eden space 70656K, 100% used [0x00000000fb800000,0x00000000ffd00000,0x00000000ffd00000)
  from space 1536K, 35% used [0x00000000ffd00000,0x00000000ffd88000,0x00000000ffe80000)
  to   space 1536K, 0% used [0x00000000ffe80000,0x00000000ffe80000,0x0000000100000000)
 ParOldGen       total 114688K, used 96575K [0x00000000f4800000, 0x00000000fb800000, 0x00000000fb800000)
  object space 114688K, 84% used [0x00000000f4800000,0x00000000fa64fd80,0x00000000fb800000)
 Metaspace       used 75172K, capacity 79494K, committed 79744K, reserved 1118208K
  class space    used 9514K, capacity 10272K, committed 10368K, reserved 1048576K
2024-06-11T21:03:13.548+0800: 1452.762: [GC (Allocation Failure) [PSYoungGen: 71200K->352K(72192K)] 167775K->97039K(186880K), 0.0047804 secs] [Times: user=0.01 sys=0.00, real=0.01 secs] 
Heap after GC invocations=348 (full 0):
 PSYoungGen      total 72192K, used 352K [0x00000000fb800000, 0x0000000100000000, 0x0000000100000000)
  eden space 70656K, 0% used [0x00000000fb800000,0x00000000fb800000,0x00000000ffd00000)
  from space 1536K, 22% used [0x00000000ffe80000,0x00000000ffed8000,0x0000000100000000)
  to   space 1536K, 0% used [0x00000000ffd00000,0x00000000ffd00000,0x00000000ffe80000)
 ParOldGen       total 114688K, used 96687K [0x00000000f4800000, 0x00000000fb800000, 0x00000000fb800000)
  object space 114688K, 84% used [0x00000000f4800000,0x00000000fa66bd80,0x00000000fb800000)
 Metaspace       used 75172K, capacity 79494K, committed 79744K, reserved 1118208K
  class space    used 9514K, capacity 10272K, committed 10368K, reserved 1048576K
}
{Heap before GC invocations=349 (full 0):
 PSYoungGen      total 72192K, used 71008K [0x00000000fb800000, 0x0000000100000000, 0x0000000100000000)
  eden space 70656K, 100% used [0x00000000fb800000,0x00000000ffd00000,0x00000000ffd00000)
  from space 1536K, 22% used [0x00000000ffe80000,0x00000000ffed8000,0x0000000100000000)
  to   space 1536K, 0% used [0x00000000ffd00000,0x00000000ffd00000,0x00000000ffe80000)
 ParOldGen       total 114688K, used 96687K [0x00000000f4800000, 0x00000000fb800000, 0x00000000fb800000)
  object space 114688K, 84% used [0x00000000f4800000,0x00000000fa66bd80,0x00000000fb800000)
 Metaspace       used 75176K, capacity 79494K, committed 79744K, reserved 1118208K
  class space    used 9514K, capacity 10272K, committed 10368K, reserved 1048576K
2024-06-11T21:03:18.033+0800: 1457.247: [GC (Allocation Failure) [PSYoungGen: 71008K->384K(72192K)] 167695K->97175K(186880K), 0.0044650 secs] [Times: user=0.00 sys=0.00, real=0.00 secs] 
Heap after GC invocations=349 (full 0):
 PSYoungGen      total 72192K, used 384K [0x00000000fb800000, 0x0000000100000000, 0x0000000100000000)
  eden space 70656K, 0% used [0x00000000fb800000,0x00000000fb800000,0x00000000ffd00000)
  from space 1536K, 25% used [0x00000000ffd00000,0x00000000ffd60000,0x00000000ffe80000)
  to   space 1536K, 0% used [0x00000000ffe80000,0x00000000ffe80000,0x0000000100000000)
 ParOldGen       total 114688K, used 96791K [0x00000000f4800000, 0x00000000fb800000, 0x00000000fb800000)
  object space 114688K, 84% used [0x00000000f4800000,0x00000000fa685d80,0x00000000fb800000)
 Metaspace       used 75176K, capacity 79494K, committed 79744K, reserved 1118208K
  class space    used 9514K, capacity 10272K, committed 10368K, reserved 1048576K
}
{Heap before GC invocations=350 (full 0):
 PSYoungGen      total 72192K, used 71040K [0x00000000fb800000, 0x0000000100000000, 0x0000000100000000)
  eden space 70656K, 100% used [0x00000000fb800000,0x00000000ffd00000,0x00000000ffd00000)
  from space 1536K, 25% used [0x00000000ffd00000,0x00000000ffd60000,0x00000000ffe80000)
  to   space 1536K, 0% used [0x00000000ffe80000,0x00000000ffe80000,0x0000000100000000)
 ParOldGen       total 114688K, used 96791K [0x00000000f4800000, 0x00000000fb800000, 0x00000000fb800000)
  object space 114688K, 84% used [0x00000000f4800000,0x00000000fa685d80,0x00000000fb800000)
 Metaspace       used 75177K, capacity 79494K, committed 79744K, reserved 1118208K
  class space    used 9514K, capacity 10272K, committed 10368K, reserved 1048576K
2024-06-11T21:03:22.138+0800: 1461.351: [GC (Allocation Failure) [PSYoungGen: 71040K->1536K(71168K)] 167831K->98711K(185856K), 0.0065959 secs] [Times: user=0.01 sys=0.00, real=0.01 secs] 
Heap after GC invocations=350 (full 0):
 PSYoungGen      total 71168K, used 1536K [0x00000000fb800000, 0x0000000100000000, 0x0000000100000000)
  eden space 69632K, 0% used [0x00000000fb800000,0x00000000fb800000,0x00000000ffc00000)
  from space 1536K, 100% used [0x00000000ffe80000,0x0000000100000000,0x0000000100000000)
  to   space 2048K, 0% used [0x00000000ffc00000,0x00000000ffc00000,0x00000000ffe00000)
 ParOldGen       total 114688K, used 97175K [0x00000000f4800000, 0x00000000fb800000, 0x00000000fb800000)
  object space 114688K, 84% used [0x00000000f4800000,0x00000000fa6e5d80,0x00000000fb800000)
 Metaspace       used 75177K, capacity 79494K, committed 79744K, reserved 1118208K
  class space    used 9514K, capacity 10272K, committed 10368K, reserved 1048576K
}
{Heap before GC invocations=351 (full 0):
 PSYoungGen      total 71168K, used 71168K [0x00000000fb800000, 0x0000000100000000, 0x0000000100000000)
  eden space 69632K, 100% used [0x00000000fb800000,0x00000000ffc00000,0x00000000ffc00000)
  from space 1536K, 100% used [0x00000000ffe80000,0x0000000100000000,0x0000000100000000)
  to   space 2048K, 0% used [0x00000000ffc00000,0x00000000ffc00000,0x00000000ffe00000)
 ParOldGen       total 114688K, used 97175K [0x00000000f4800000, 0x00000000fb800000, 0x00000000fb800000)
  object space 114688K, 84% used [0x00000000f4800000,0x00000000fa6e5d80,0x00000000fb800000)
 Metaspace       used 75179K, capacity 79494K, committed 79744K, reserved 1118208K
  class space    used 9514K, capacity 10272K, committed 10368K, reserved 1048576K
2024-06-11T21:03:26.696+0800: 1465.909: [GC (Allocation Failure) [PSYoungGen: 71168K->1056K(71680K)] 168343K->99671K(186368K), 0.0067447 secs] [Times: user=0.01 sys=0.00, real=0.01 secs] 
Heap after GC invocations=351 (full 0):
 PSYoungGen      total 71680K, used 1056K [0x00000000fb800000, 0x0000000100000000, 0x0000000100000000)
  eden space 69632K, 0% used [0x00000000fb800000,0x00000000fb800000,0x00000000ffc00000)
  from space 2048K, 51% used [0x00000000ffc00000,0x00000000ffd08000,0x00000000ffe00000)
  to   space 2048K, 0% used [0x00000000ffe00000,0x00000000ffe00000,0x0000000100000000)
 ParOldGen       total 114688K, used 98615K [0x00000000f4800000, 0x00000000fb800000, 0x00000000fb800000)
  object space 114688K, 85% used [0x00000000f4800000,0x00000000fa84dd80,0x00000000fb800000)
 Metaspace       used 75179K, capacity 79494K, committed 79744K, reserved 1118208K
  class space    used 9514K, capacity 10272K, committed 10368K, reserved 1048576K
}
{Heap before GC invocations=352 (full 0):
 PSYoungGen      total 71680K, used 70688K [0x00000000fb800000, 0x0000000100000000, 0x0000000100000000)
  eden space 69632K, 100% used [0x00000000fb800000,0x00000000ffc00000,0x00000000ffc00000)
  from space 2048K, 51% used [0x00000000ffc00000,0x00000000ffd08000,0x00000000ffe00000)
  to   space 2048K, 0% used [0x00000000ffe00000,0x00000000ffe00000,0x0000000100000000)
 ParOldGen       total 114688K, used 98615K [0x00000000f4800000, 0x00000000fb800000, 0x00000000fb800000)
  object space 114688K, 85% used [0x00000000f4800000,0x00000000fa84dd80,0x00000000fb800000)
 Metaspace       used 75182K, capacity 79494K, committed 79744K, reserved 1118208K
  class space    used 9514K, capacity 10272K, committed 10368K, reserved 1048576K
2024-06-11T21:03:30.803+0800: 1470.016: [GC (Allocation Failure) [PSYoungGen: 70688K->704K(71680K)] 169303K->99727K(186368K), 0.0060493 secs] [Times: user=0.00 sys=0.00, real=0.00 secs] 
Heap after GC invocations=352 (full 0):
 PSYoungGen      total 71680K, used 704K [0x00000000fb800000, 0x0000000100000000, 0x0000000100000000)
  eden space 69632K, 0% used [0x00000000fb800000,0x00000000fb800000,0x00000000ffc00000)
  from space 2048K, 34% used [0x00000000ffe00000,0x00000000ffeb0000,0x0000000100000000)
  to   space 2048K, 0% used [0x00000000ffc00000,0x00000000ffc00000,0x00000000ffe00000)
 ParOldGen       total 114688K, used 99023K [0x00000000f4800000, 0x00000000fb800000, 0x00000000fb800000)
  object space 114688K, 86% used [0x00000000f4800000,0x00000000fa8b3d80,0x00000000fb800000)
 Metaspace       used 75182K, capacity 79494K, committed 79744K, reserved 1118208K
  class space    used 9514K, capacity 10272K, committed 10368K, reserved 1048576K
}
{Heap before GC invocations=353 (full 0):
 PSYoungGen      total 71680K, used 70336K [0x00000000fb800000, 0x0000000100000000, 0x0000000100000000)
  eden space 69632K, 100% used [0x00000000fb800000,0x00000000ffc00000,0x00000000ffc00000)
  from space 2048K, 34% used [0x00000000ffe00000,0x00000000ffeb0000,0x0000000100000000)
  to   space 2048K, 0% used [0x00000000ffc00000,0x00000000ffc00000,0x00000000ffe00000)
 ParOldGen       total 114688K, used 99023K [0x00000000f4800000, 0x00000000fb800000, 0x00000000fb800000)
  object space 114688K, 86% used [0x00000000f4800000,0x00000000fa8b3d80,0x00000000fb800000)
 Metaspace       used 75187K, capacity 79494K, committed 79744K, reserved 1118208K
  class space    used 9514K, capacity 10272K, committed 10368K, reserved 1048576K
2024-06-11T21:03:34.996+0800: 1474.209: [GC (Allocation Failure) [PSYoungGen: 70336K->736K(71680K)] 169359K->99847K(186368K), 0.0050743 secs] [Times: user=0.01 sys=0.00, real=0.01 secs] 
Heap after GC invocations=353 (full 0):
 PSYoungGen      total 71680K, used 736K [0x00000000fb800000, 0x0000000100000000, 0x0000000100000000)
  eden space 69632K, 0% used [0x00000000fb800000,0x00000000fb800000,0x00000000ffc00000)
  from space 2048K, 35% used [0x00000000ffc00000,0x00000000ffcb8000,0x00000000ffe00000)
  to   space 2048K, 0% used [0x00000000ffe00000,0x00000000ffe00000,0x0000000100000000)
 ParOldGen       total 114688K, used 99111K [0x00000000f4800000, 0x00000000fb800000, 0x00000000fb800000)
  object space 114688K, 86% used [0x00000000f4800000,0x00000000fa8c9d80,0x00000000fb800000)
 Metaspace       used 75187K, capacity 79494K, committed 79744K, reserved 1118208K
  class space    used 9514K, capacity 10272K, committed 10368K, reserved 1048576K
}
{Heap before GC invocations=354 (full 0):
 PSYoungGen      total 71680K, used 70368K [0x00000000fb800000, 0x0000000100000000, 0x0000000100000000)
  eden space 69632K, 100% used [0x00000000fb800000,0x00000000ffc00000,0x00000000ffc00000)
  from space 2048K, 35% used [0x00000000ffc00000,0x00000000ffcb8000,0x00000000ffe00000)
  to   space 2048K, 0% used [0x00000000ffe00000,0x00000000ffe00000,0x0000000100000000)
 ParOldGen       total 114688K, used 99111K [0x00000000f4800000, 0x00000000fb800000, 0x00000000fb800000)
  object space 114688K, 86% used [0x00000000f4800000,0x00000000fa8c9d80,0x00000000fb800000)
 Metaspace       used 75234K, capacity 79494K, committed 79744K, reserved 1118208K
  class space    used 9514K, capacity 10272K, committed 10368K, reserved 1048576K
2024-06-11T21:03:39.281+0800: 1478.494: [GC (Allocation Failure) [PSYoungGen: 70368K->982K(71680K)] 169479K->100173K(186368K), 0.0054909 secs] [Times: user=0.01 sys=0.00, real=0.00 secs] 
Heap after GC invocations=354 (full 0):
 PSYoungGen      total 71680K, used 982K [0x00000000fb800000, 0x0000000100000000, 0x0000000100000000)
  eden space 69632K, 0% used [0x00000000fb800000,0x00000000fb800000,0x00000000ffc00000)
  from space 2048K, 47% used [0x00000000ffe00000,0x00000000ffef5978,0x0000000100000000)
  to   space 2048K, 0% used [0x00000000ffc00000,0x00000000ffc00000,0x00000000ffe00000)
 ParOldGen       total 114688K, used 99191K [0x00000000f4800000, 0x00000000fb800000, 0x00000000fb800000)
  object space 114688K, 86% used [0x00000000f4800000,0x00000000fa8ddd80,0x00000000fb800000)
 Metaspace       used 75234K, capacity 79494K, committed 79744K, reserved 1118208K
  class space    used 9514K, capacity 10272K, committed 10368K, reserved 1048576K
}
{Heap before GC invocations=355 (full 0):
 PSYoungGen      total 71680K, used 70614K [0x00000000fb800000, 0x0000000100000000, 0x0000000100000000)
  eden space 69632K, 100% used [0x00000000fb800000,0x00000000ffc00000,0x00000000ffc00000)
  from space 2048K, 47% used [0x00000000ffe00000,0x00000000ffef5978,0x0000000100000000)
  to   space 2048K, 0% used [0x00000000ffc00000,0x00000000ffc00000,0x00000000ffe00000)
 ParOldGen       total 114688K, used 99191K [0x00000000f4800000, 0x00000000fb800000, 0x00000000fb800000)
  object space 114688K, 86% used [0x00000000f4800000,0x00000000fa8ddd80,0x00000000fb800000)
 Metaspace       used 75235K, capacity 79494K, committed 79744K, reserved 1118208K
  class space    used 9514K, capacity 10272K, committed 10368K, reserved 1048576K
2024-06-11T21:03:43.726+0800: 1482.940: [GC (Allocation Failure) [PSYoungGen: 70614K->832K(71680K)] 169805K->100103K(186368K), 0.0048312 secs] [Times: user=0.01 sys=0.00, real=0.01 secs] 
Heap after GC invocations=355 (full 0):
 PSYoungGen      total 71680K, used 832K [0x00000000fb800000, 0x0000000100000000, 0x0000000100000000)
  eden space 69632K, 0% used [0x00000000fb800000,0x00000000fb800000,0x00000000ffc00000)
  from space 2048K, 40% used [0x00000000ffc00000,0x00000000ffcd00f8,0x00000000ffe00000)
  to   space 1536K, 0% used [0x00000000ffe80000,0x00000000ffe80000,0x0000000100000000)
 ParOldGen       total 114688K, used 99271K [0x00000000f4800000, 0x00000000fb800000, 0x00000000fb800000)
  object space 114688K, 86% used [0x00000000f4800000,0x00000000fa8f1d80,0x00000000fb800000)
 Metaspace       used 75235K, capacity 79494K, committed 79744K, reserved 1118208K
  class space    used 9514K, capacity 10272K, committed 10368K, reserved 1048576K
}
{Heap before GC invocations=356 (full 0):
 PSYoungGen      total 71680K, used 70464K [0x00000000fb800000, 0x0000000100000000, 0x0000000100000000)
  eden space 69632K, 100% used [0x00000000fb800000,0x00000000ffc00000,0x00000000ffc00000)
  from space 2048K, 40% used [0x00000000ffc00000,0x00000000ffcd00f8,0x00000000ffe00000)
  to   space 1536K, 0% used [0x00000000ffe80000,0x00000000ffe80000,0x0000000100000000)
 ParOldGen       total 114688K, used 99271K [0x00000000f4800000, 0x00000000fb800000, 0x00000000fb800000)
  object space 114688K, 86% used [0x00000000f4800000,0x00000000fa8f1d80,0x00000000fb800000)
 Metaspace       used 75235K, capacity 79494K, committed 79744K, reserved 1118208K
  class space    used 9514K, capacity 10272K, committed 10368K, reserved 1048576K
2024-06-11T21:03:47.989+0800: 1487.202: [GC (Allocation Failure) [PSYoungGen: 70464K->672K(72192K)] 169735K->100031K(186880K), 0.0058603 secs] [Times: user=0.00 sys=0.00, real=0.01 secs] 
Heap after GC invocations=356 (full 0):
 PSYoungGen      total 72192K, used 672K [0x00000000fb800000, 0x0000000100000000, 0x0000000100000000)
  eden space 70656K, 0% used [0x00000000fb800000,0x00000000fb800000,0x00000000ffd00000)
  from space 1536K, 43% used [0x00000000ffe80000,0x00000000fff28000,0x0000000100000000)
  to   space 1536K, 0% used [0x00000000ffd00000,0x00000000ffd00000,0x00000000ffe80000)
 ParOldGen       total 114688K, used 99359K [0x00000000f4800000, 0x00000000fb800000, 0x00000000fb800000)
  object space 114688K, 86% used [0x00000000f4800000,0x00000000fa907d80,0x00000000fb800000)
 Metaspace       used 75235K, capacity 79494K, committed 79744K, reserved 1118208K
  class space    used 9514K, capacity 10272K, committed 10368K, reserved 1048576K
}
{Heap before GC invocations=357 (full 0):
 PSYoungGen      total 72192K, used 71328K [0x00000000fb800000, 0x0000000100000000, 0x0000000100000000)
  eden space 70656K, 100% used [0x00000000fb800000,0x00000000ffd00000,0x00000000ffd00000)
  from space 1536K, 43% used [0x00000000ffe80000,0x00000000fff28000,0x0000000100000000)
  to   space 1536K, 0% used [0x00000000ffd00000,0x00000000ffd00000,0x00000000ffe80000)
 ParOldGen       total 114688K, used 99359K [0x00000000f4800000, 0x00000000fb800000, 0x00000000fb800000)
  object space 114688K, 86% used [0x00000000f4800000,0x00000000fa907d80,0x00000000fb800000)
 Metaspace       used 75236K, capacity 79494K, committed 79744K, reserved 1118208K
  class space    used 9514K, capacity 10272K, committed 10368K, reserved 1048576K
2024-06-11T21:03:52.382+0800: 1491.595: [GC (Allocation Failure) [PSYoungGen: 71328K->736K(72192K)] 170687K->100175K(186880K), 0.0048974 secs] [Times: user=0.01 sys=0.00, real=0.00 secs] 
Heap after GC invocations=357 (full 0):
 PSYoungGen      total 72192K, used 736K [0x00000000fb800000, 0x0000000100000000, 0x0000000100000000)
  eden space 70656K, 0% used [0x00000000fb800000,0x00000000fb800000,0x00000000ffd00000)
  from space 1536K, 47% used [0x00000000ffd00000,0x00000000ffdb8000,0x00000000ffe80000)
  to   space 1536K, 0% used [0x00000000ffe80000,0x00000000ffe80000,0x0000000100000000)
 ParOldGen       total 114688K, used 99439K [0x00000000f4800000, 0x00000000fb800000, 0x00000000fb800000)
  object space 114688K, 86% used [0x00000000f4800000,0x00000000fa91bd80,0x00000000fb800000)
 Metaspace       used 75236K, capacity 79494K, committed 79744K, reserved 1118208K
  class space    used 9514K, capacity 10272K, committed 10368K, reserved 1048576K
}
{Heap before GC invocations=358 (full 0):
 PSYoungGen      total 72192K, used 71392K [0x00000000fb800000, 0x0000000100000000, 0x0000000100000000)
  eden space 70656K, 100% used [0x00000000fb800000,0x00000000ffd00000,0x00000000ffd00000)
  from space 1536K, 47% used [0x00000000ffd00000,0x00000000ffdb8000,0x00000000ffe80000)
  to   space 1536K, 0% used [0x00000000ffe80000,0x00000000ffe80000,0x0000000100000000)
 ParOldGen       total 114688K, used 99439K [0x00000000f4800000, 0x00000000fb800000, 0x00000000fb800000)
  object space 114688K, 86% used [0x00000000f4800000,0x00000000fa91bd80,0x00000000fb800000)
 Metaspace       used 75237K, capacity 79558K, committed 79744K, reserved 1118208K
  class space    used 9514K, capacity 10272K, committed 10368K, reserved 1048576K
2024-06-11T21:03:56.857+0800: 1496.070: [GC (Allocation Failure) [PSYoungGen: 71392K->704K(72192K)] 170831K->100223K(186880K), 0.0062990 secs] [Times: user=0.00 sys=0.00, real=0.01 secs] 
Heap after GC invocations=358 (full 0):
 PSYoungGen      total 72192K, used 704K [0x00000000fb800000, 0x0000000100000000, 0x0000000100000000)
  eden space 70656K, 0% used [0x00000000fb800000,0x00000000fb800000,0x00000000ffd00000)
  from space 1536K, 45% used [0x00000000ffe80000,0x00000000fff30000,0x0000000100000000)
  to   space 1536K, 0% used [0x00000000ffd00000,0x00000000ffd00000,0x00000000ffe80000)
 ParOldGen       total 114688K, used 99519K [0x00000000f4800000, 0x00000000fb800000, 0x00000000fb800000)
  object space 114688K, 86% used [0x00000000f4800000,0x00000000fa92fd80,0x00000000fb800000)
 Metaspace       used 75237K, capacity 79558K, committed 79744K, reserved 1118208K
  class space    used 9514K, capacity 10272K, committed 10368K, reserved 1048576K
}
{Heap before GC invocations=359 (full 0):
 PSYoungGen      total 72192K, used 71360K [0x00000000fb800000, 0x0000000100000000, 0x0000000100000000)
  eden space 70656K, 100% used [0x00000000fb800000,0x00000000ffd00000,0x00000000ffd00000)
  from space 1536K, 45% used [0x00000000ffe80000,0x00000000fff30000,0x0000000100000000)
  to   space 1536K, 0% used [0x00000000ffd00000,0x00000000ffd00000,0x00000000ffe80000)
 ParOldGen       total 114688K, used 99519K [0x00000000f4800000, 0x00000000fb800000, 0x00000000fb800000)
  object space 114688K, 86% used [0x00000000f4800000,0x00000000fa92fd80,0x00000000fb800000)
 Metaspace       used 75237K, capacity 79558K, committed 79744K, reserved 1118208K
  class space    used 9514K, capacity 10272K, committed 10368K, reserved 1048576K
2024-06-11T21:04:01.213+0800: 1500.426: [GC (Allocation Failure) [PSYoungGen: 71360K->736K(72192K)] 170879K->100335K(186880K), 0.0081185 secs] [Times: user=0.00 sys=0.00, real=0.01 secs] 
Heap after GC invocations=359 (full 0):
 PSYoungGen      total 72192K, used 736K [0x00000000fb800000, 0x0000000100000000, 0x0000000100000000)
  eden space 70656K, 0% used [0x00000000fb800000,0x00000000fb800000,0x00000000ffd00000)
  from space 1536K, 47% used [0x00000000ffd00000,0x00000000ffdb8000,0x00000000ffe80000)
  to   space 1536K, 0% used [0x00000000ffe80000,0x00000000ffe80000,0x0000000100000000)
 ParOldGen       total 114688K, used 99599K [0x00000000f4800000, 0x00000000fb800000, 0x00000000fb800000)
  object space 114688K, 86% used [0x00000000f4800000,0x00000000fa943d80,0x00000000fb800000)
 Metaspace       used 75237K, capacity 79558K, committed 79744K, reserved 1118208K
  class space    used 9514K, capacity 10272K, committed 10368K, reserved 1048576K
}
{Heap before GC invocations=360 (full 0):
 PSYoungGen      total 72192K, used 71392K [0x00000000fb800000, 0x0000000100000000, 0x0000000100000000)
  eden space 70656K, 100% used [0x00000000fb800000,0x00000000ffd00000,0x00000000ffd00000)
  from space 1536K, 47% used [0x00000000ffd00000,0x00000000ffdb8000,0x00000000ffe80000)
  to   space 1536K, 0% used [0x00000000ffe80000,0x00000000ffe80000,0x0000000100000000)
 ParOldGen       total 114688K, used 99599K [0x00000000f4800000, 0x00000000fb800000, 0x00000000fb800000)
  object space 114688K, 86% used [0x00000000f4800000,0x00000000fa943d80,0x00000000fb800000)
 Metaspace       used 75239K, capacity 79558K, committed 79744K, reserved 1118208K
  class space    used 9514K, capacity 10272K, committed 10368K, reserved 1048576K
2024-06-11T21:04:05.420+0800: 1504.633: [GC (Allocation Failure) [PSYoungGen: 71392K->736K(72192K)] 170991K->100415K(186880K), 0.0051656 secs] [Times: user=0.01 sys=0.00, real=0.01 secs] 
Heap after GC invocations=360 (full 0):
 PSYoungGen      total 72192K, used 736K [0x00000000fb800000, 0x0000000100000000, 0x0000000100000000)
  eden space 70656K, 0% used [0x00000000fb800000,0x00000000fb800000,0x00000000ffd00000)
  from space 1536K, 47% used [0x00000000ffe80000,0x00000000fff38000,0x0000000100000000)
  to   space 1536K, 0% used [0x00000000ffd00000,0x00000000ffd00000,0x00000000ffe80000)
 ParOldGen       total 114688K, used 99679K [0x00000000f4800000, 0x00000000fb800000, 0x00000000fb800000)
  object space 114688K, 86% used [0x00000000f4800000,0x00000000fa957d80,0x00000000fb800000)
 Metaspace       used 75239K, capacity 79558K, committed 79744K, reserved 1118208K
  class space    used 9514K, capacity 10272K, committed 10368K, reserved 1048576K
}
{Heap before GC invocations=361 (full 0):
 PSYoungGen      total 72192K, used 71392K [0x00000000fb800000, 0x0000000100000000, 0x0000000100000000)
  eden space 70656K, 100% used [0x00000000fb800000,0x00000000ffd00000,0x00000000ffd00000)
  from space 1536K, 47% used [0x00000000ffe80000,0x00000000fff38000,0x0000000100000000)
  to   space 1536K, 0% used [0x00000000ffd00000,0x00000000ffd00000,0x00000000ffe80000)
 ParOldGen       total 114688K, used 99679K [0x00000000f4800000, 0x00000000fb800000, 0x00000000fb800000)
  object space 114688K, 86% used [0x00000000f4800000,0x00000000fa957d80,0x00000000fb800000)
 Metaspace       used 75240K, capacity 79558K, committed 79744K, reserved 1118208K
  class space    used 9514K, capacity 10272K, committed 10368K, reserved 1048576K
2024-06-11T21:04:09.934+0800: 1509.147: [GC (Allocation Failure) [PSYoungGen: 71392K->736K(72192K)] 171071K->100495K(186880K), 0.0050393 secs] [Times: user=0.01 sys=0.00, real=0.00 secs] 
Heap after GC invocations=361 (full 0):
 PSYoungGen      total 72192K, used 736K [0x00000000fb800000, 0x0000000100000000, 0x0000000100000000)
  eden space 70656K, 0% used [0x00000000fb800000,0x00000000fb800000,0x00000000ffd00000)
  from space 1536K, 47% used [0x00000000ffd00000,0x00000000ffdb8000,0x00000000ffe80000)
  to   space 1536K, 0% used [0x00000000ffe80000,0x00000000ffe80000,0x0000000100000000)
 ParOldGen       total 114688K, used 99759K [0x00000000f4800000, 0x00000000fb800000, 0x00000000fb800000)
  object space 114688K, 86% used [0x00000000f4800000,0x00000000fa96bd80,0x00000000fb800000)
 Metaspace       used 75240K, capacity 79558K, committed 79744K, reserved 1118208K
  class space    used 9514K, capacity 10272K, committed 10368K, reserved 1048576K
}
{Heap before GC invocations=362 (full 0):
 PSYoungGen      total 72192K, used 71391K [0x00000000fb800000, 0x0000000100000000, 0x0000000100000000)
  eden space 70656K, 99% used [0x00000000fb800000,0x00000000ffcffd38,0x00000000ffd00000)
  from space 1536K, 47% used [0x00000000ffd00000,0x00000000ffdb8000,0x00000000ffe80000)
  to   space 1536K, 0% used [0x00000000ffe80000,0x00000000ffe80000,0x0000000100000000)
 ParOldGen       total 114688K, used 99759K [0x00000000f4800000, 0x00000000fb800000, 0x00000000fb800000)
  object space 114688K, 86% used [0x00000000f4800000,0x00000000fa96bd80,0x00000000fb800000)
 Metaspace       used 75243K, capacity 79558K, committed 79744K, reserved 1118208K
  class space    used 9514K, capacity 10272K, committed 10368K, reserved 1048576K
2024-06-11T21:04:14.063+0800: 1513.277: [GC (Allocation Failure) [PSYoungGen: 71391K->736K(72192K)] 171150K->100575K(186880K), 0.0047762 secs] [Times: user=0.01 sys=0.00, real=0.00 secs] 
Heap after GC invocations=362 (full 0):
 PSYoungGen      total 72192K, used 736K [0x00000000fb800000, 0x0000000100000000, 0x0000000100000000)
  eden space 70656K, 0% used [0x00000000fb800000,0x00000000fb800000,0x00000000ffd00000)
  from space 1536K, 47% used [0x00000000ffe80000,0x00000000fff38000,0x0000000100000000)
  to   space 1536K, 0% used [0x00000000ffd00000,0x00000000ffd00000,0x00000000ffe80000)
 ParOldGen       total 114688K, used 99839K [0x00000000f4800000, 0x00000000fb800000, 0x00000000fb800000)
  object space 114688K, 87% used [0x00000000f4800000,0x00000000fa97fd80,0x00000000fb800000)
 Metaspace       used 75243K, capacity 79558K, committed 79744K, reserved 1118208K
  class space    used 9514K, capacity 10272K, committed 10368K, reserved 1048576K
}
{Heap before GC invocations=363 (full 0):
 PSYoungGen      total 72192K, used 71392K [0x00000000fb800000, 0x0000000100000000, 0x0000000100000000)
  eden space 70656K, 100% used [0x00000000fb800000,0x00000000ffd00000,0x00000000ffd00000)
  from space 1536K, 47% used [0x00000000ffe80000,0x00000000fff38000,0x0000000100000000)
  to   space 1536K, 0% used [0x00000000ffd00000,0x00000000ffd00000,0x00000000ffe80000)
 ParOldGen       total 114688K, used 99839K [0x00000000f4800000, 0x00000000fb800000, 0x00000000fb800000)
  object space 114688K, 87% used [0x00000000f4800000,0x00000000fa97fd80,0x00000000fb800000)
 Metaspace       used 75243K, capacity 79558K, committed 79744K, reserved 1118208K
  class space    used 9514K, capacity 10272K, committed 10368K, reserved 1048576K
2024-06-11T21:04:18.418+0800: 1517.631: [GC (Allocation Failure) [PSYoungGen: 71392K->864K(72192K)] 171231K->100791K(186880K), 0.0053154 secs] [Times: user=0.01 sys=0.00, real=0.01 secs] 
Heap after GC invocations=363 (full 0):
 PSYoungGen      total 72192K, used 864K [0x00000000fb800000, 0x0000000100000000, 0x0000000100000000)
  eden space 70656K, 0% used [0x00000000fb800000,0x00000000fb800000,0x00000000ffd00000)
  from space 1536K, 56% used [0x00000000ffd00000,0x00000000ffdd8000,0x00000000ffe80000)
  to   space 1536K, 0% used [0x00000000ffe80000,0x00000000ffe80000,0x0000000100000000)
 ParOldGen       total 114688K, used 99927K [0x00000000f4800000, 0x00000000fb800000, 0x00000000fb800000)
  object space 114688K, 87% used [0x00000000f4800000,0x00000000fa995d80,0x00000000fb800000)
 Metaspace       used 75243K, capacity 79558K, committed 79744K, reserved 1118208K
  class space    used 9514K, capacity 10272K, committed 10368K, reserved 1048576K
}
{Heap before GC invocations=364 (full 0):
 PSYoungGen      total 72192K, used 71288K [0x00000000fb800000, 0x0000000100000000, 0x0000000100000000)
  eden space 70656K, 99% used [0x00000000fb800000,0x00000000ffcc6370,0x00000000ffd00000)
  from space 1536K, 56% used [0x00000000ffd00000,0x00000000ffdd8000,0x00000000ffe80000)
  to   space 1536K, 0% used [0x00000000ffe80000,0x00000000ffe80000,0x0000000100000000)
 ParOldGen       total 114688K, used 99927K [0x00000000f4800000, 0x00000000fb800000, 0x00000000fb800000)
  object space 114688K, 87% used [0x00000000f4800000,0x00000000fa995d80,0x00000000fb800000)
 Metaspace       used 75246K, capacity 79558K, committed 79744K, reserved 1118208K
  class space    used 9514K, capacity 10272K, committed 10368K, reserved 1048576K
2024-06-11T21:04:22.742+0800: 1521.955: [GC (Allocation Failure) [PSYoungGen: 71288K->1536K(71168K)] 171216K->102231K(185856K), 0.0069201 secs] [Times: user=0.02 sys=0.00, real=0.00 secs] 
Heap after GC invocations=364 (full 0):
 PSYoungGen      total 71168K, used 1536K [0x00000000fb800000, 0x0000000100000000, 0x0000000100000000)
  eden space 69632K, 0% used [0x00000000fb800000,0x00000000fb800000,0x00000000ffc00000)
  from space 1536K, 100% used [0x00000000ffe80000,0x0000000100000000,0x0000000100000000)
  to   space 2048K, 0% used [0x00000000ffc00000,0x00000000ffc00000,0x00000000ffe00000)
 ParOldGen       total 114688K, used 100695K [0x00000000f4800000, 0x00000000fb800000, 0x00000000fb800000)
  object space 114688K, 87% used [0x00000000f4800000,0x00000000faa55ed0,0x00000000fb800000)
 Metaspace       used 75246K, capacity 79558K, committed 79744K, reserved 1118208K
  class space    used 9514K, capacity 10272K, committed 10368K, reserved 1048576K
}
{Heap before GC invocations=365 (full 0):
 PSYoungGen      total 71168K, used 71168K [0x00000000fb800000, 0x0000000100000000, 0x0000000100000000)
  eden space 69632K, 100% used [0x00000000fb800000,0x00000000ffc00000,0x00000000ffc00000)
  from space 1536K, 100% used [0x00000000ffe80000,0x0000000100000000,0x0000000100000000)
  to   space 2048K, 0% used [0x00000000ffc00000,0x00000000ffc00000,0x00000000ffe00000)
 ParOldGen       total 114688K, used 100695K [0x00000000f4800000, 0x00000000fb800000, 0x00000000fb800000)
  object space 114688K, 87% used [0x00000000f4800000,0x00000000faa55ed0,0x00000000fb800000)
 Metaspace       used 75246K, capacity 79558K, committed 79744K, reserved 1118208K
  class space    used 9514K, capacity 10272K, committed 10368K, reserved 1048576K
2024-06-11T21:04:27.002+0800: 1526.215: [GC (Allocation Failure) [PSYoungGen: 71168K->1580K(71680K)] 171863K->103708K(186368K), 0.0104224 secs] [Times: user=0.01 sys=0.01, real=0.01 secs] 
Heap after GC invocations=365 (full 0):
 PSYoungGen      total 71680K, used 1580K [0x00000000fb800000, 0x0000000100000000, 0x0000000100000000)
  eden space 69632K, 0% used [0x00000000fb800000,0x00000000fb800000,0x00000000ffc00000)
  from space 2048K, 77% used [0x00000000ffc00000,0x00000000ffd8b2f0,0x00000000ffe00000)
  to   space 2048K, 0% used [0x00000000ffe00000,0x00000000ffe00000,0x0000000100000000)
 ParOldGen       total 114688K, used 102127K [0x00000000f4800000, 0x00000000fb800000, 0x00000000fb800000)
  object space 114688K, 89% used [0x00000000f4800000,0x00000000fabbbed0,0x00000000fb800000)
 Metaspace       used 75246K, capacity 79558K, committed 79744K, reserved 1118208K
  class space    used 9514K, capacity 10272K, committed 10368K, reserved 1048576K
}
{Heap before GC invocations=366 (full 0):
 PSYoungGen      total 71680K, used 71212K [0x00000000fb800000, 0x0000000100000000, 0x0000000100000000)
  eden space 69632K, 100% used [0x00000000fb800000,0x00000000ffc00000,0x00000000ffc00000)
  from space 2048K, 77% used [0x00000000ffc00000,0x00000000ffd8b2f0,0x00000000ffe00000)
  to   space 2048K, 0% used [0x00000000ffe00000,0x00000000ffe00000,0x0000000100000000)
 ParOldGen       total 114688K, used 102127K [0x00000000f4800000, 0x00000000fb800000, 0x00000000fb800000)
  object space 114688K, 89% used [0x00000000f4800000,0x00000000fabbbed0,0x00000000fb800000)
 Metaspace       used 75259K, capacity 79558K, committed 79744K, reserved 1118208K
  class space    used 9514K, capacity 10272K, committed 10368K, reserved 1048576K
2024-06-11T21:04:31.557+0800: 1530.771: [GC (Allocation Failure) [PSYoungGen: 71212K->736K(71680K)] 173340K->103566K(186368K), 0.0056057 secs] [Times: user=0.01 sys=0.01, real=0.01 secs] 
Heap after GC invocations=366 (full 0):
 PSYoungGen      total 71680K, used 736K [0x00000000fb800000, 0x0000000100000000, 0x0000000100000000)
  eden space 69632K, 0% used [0x00000000fb800000,0x00000000fb800000,0x00000000ffc00000)
  from space 2048K, 35% used [0x00000000ffe00000,0x00000000ffeb8000,0x0000000100000000)
  to   space 2048K, 0% used [0x00000000ffc00000,0x00000000ffc00000,0x00000000ffe00000)
 ParOldGen       total 114688K, used 102830K [0x00000000f4800000, 0x00000000fb800000, 0x00000000fb800000)
  object space 114688K, 89% used [0x00000000f4800000,0x00000000fac6b848,0x00000000fb800000)
 Metaspace       used 75259K, capacity 79558K, committed 79744K, reserved 1118208K
  class space    used 9514K, capacity 10272K, committed 10368K, reserved 1048576K
}
{Heap before GC invocations=367 (full 0):
 PSYoungGen      total 71680K, used 70368K [0x00000000fb800000, 0x0000000100000000, 0x0000000100000000)
  eden space 69632K, 100% used [0x00000000fb800000,0x00000000ffc00000,0x00000000ffc00000)
  from space 2048K, 35% used [0x00000000ffe00000,0x00000000ffeb8000,0x0000000100000000)
  to   space 2048K, 0% used [0x00000000ffc00000,0x00000000ffc00000,0x00000000ffe00000)
 ParOldGen       total 114688K, used 102830K [0x00000000f4800000, 0x00000000fb800000, 0x00000000fb800000)
  object space 114688K, 89% used [0x00000000f4800000,0x00000000fac6b848,0x00000000fb800000)
 Metaspace       used 75259K, capacity 79558K, committed 79744K, reserved 1118208K
  class space    used 9514K, capacity 10272K, committed 10368K, reserved 1048576K
2024-06-11T21:04:35.694+0800: 1534.907: [GC (Allocation Failure) [PSYoungGen: 70368K->736K(71680K)] 173198K->103654K(186368K), 0.0050745 secs] [Times: user=0.00 sys=0.00, real=0.00 secs] 
Heap after GC invocations=367 (full 0):
 PSYoungGen      total 71680K, used 736K [0x00000000fb800000, 0x0000000100000000, 0x0000000100000000)
  eden space 69632K, 0% used [0x00000000fb800000,0x00000000fb800000,0x00000000ffc00000)
  from space 2048K, 35% used [0x00000000ffc00000,0x00000000ffcb8000,0x00000000ffe00000)
  to   space 2048K, 0% used [0x00000000ffe00000,0x00000000ffe00000,0x0000000100000000)
 ParOldGen       total 114688K, used 102918K [0x00000000f4800000, 0x00000000fb800000, 0x00000000fb800000)
  object space 114688K, 89% used [0x00000000f4800000,0x00000000fac81848,0x00000000fb800000)
 Metaspace       used 75259K, capacity 79558K, committed 79744K, reserved 1118208K
  class space    used 9514K, capacity 10272K, committed 10368K, reserved 1048576K
}
{Heap before GC invocations=368 (full 0):
 PSYoungGen      total 71680K, used 70368K [0x00000000fb800000, 0x0000000100000000, 0x0000000100000000)
  eden space 69632K, 100% used [0x00000000fb800000,0x00000000ffc00000,0x00000000ffc00000)
  from space 2048K, 35% used [0x00000000ffc00000,0x00000000ffcb8000,0x00000000ffe00000)
  to   space 2048K, 0% used [0x00000000ffe00000,0x00000000ffe00000,0x0000000100000000)
 ParOldGen       total 114688K, used 102918K [0x00000000f4800000, 0x00000000fb800000, 0x00000000fb800000)
  object space 114688K, 89% used [0x00000000f4800000,0x00000000fac81848,0x00000000fb800000)
 Metaspace       used 75261K, capacity 79558K, committed 79744K, reserved 1118208K
  class space    used 9514K, capacity 10272K, committed 10368K, reserved 1048576K
2024-06-11T21:04:40.015+0800: 1539.228: [GC (Allocation Failure) [PSYoungGen: 70368K->736K(71680K)] 173286K->103734K(186368K), 0.0050314 secs] [Times: user=0.01 sys=0.00, real=0.00 secs] 
Heap after GC invocations=368 (full 0):
 PSYoungGen      total 71680K, used 736K [0x00000000fb800000, 0x0000000100000000, 0x0000000100000000)
  eden space 69632K, 0% used [0x00000000fb800000,0x00000000fb800000,0x00000000ffc00000)
  from space 2048K, 35% used [0x00000000ffe00000,0x00000000ffeb8000,0x0000000100000000)
  to   space 2048K, 0% used [0x00000000ffc00000,0x00000000ffc00000,0x00000000ffe00000)
 ParOldGen       total 114688K, used 102998K [0x00000000f4800000, 0x00000000fb800000, 0x00000000fb800000)
  object space 114688K, 89% used [0x00000000f4800000,0x00000000fac95848,0x00000000fb800000)
 Metaspace       used 75261K, capacity 79558K, committed 79744K, reserved 1118208K
  class space    used 9514K, capacity 10272K, committed 10368K, reserved 1048576K
}
{Heap before GC invocations=369 (full 0):
 PSYoungGen      total 71680K, used 70368K [0x00000000fb800000, 0x0000000100000000, 0x0000000100000000)
  eden space 69632K, 100% used [0x00000000fb800000,0x00000000ffc00000,0x00000000ffc00000)
  from space 2048K, 35% used [0x00000000ffe00000,0x00000000ffeb8000,0x0000000100000000)
  to   space 2048K, 0% used [0x00000000ffc00000,0x00000000ffc00000,0x00000000ffe00000)
 ParOldGen       total 114688K, used 102998K [0x00000000f4800000, 0x00000000fb800000, 0x00000000fb800000)
  object space 114688K, 89% used [0x00000000f4800000,0x00000000fac95848,0x00000000fb800000)
 Metaspace       used 75261K, capacity 79558K, committed 79744K, reserved 1118208K
  class space    used 9514K, capacity 10272K, committed 10368K, reserved 1048576K
2024-06-11T21:04:44.225+0800: 1543.438: [GC (Allocation Failure) [PSYoungGen: 70368K->736K(71680K)] 173366K->103814K(186368K), 0.0049304 secs] [Times: user=0.01 sys=0.00, real=0.00 secs] 
Heap after GC invocations=369 (full 0):
 PSYoungGen      total 71680K, used 736K [0x00000000fb800000, 0x0000000100000000, 0x0000000100000000)
  eden space 69632K, 0% used [0x00000000fb800000,0x00000000fb800000,0x00000000ffc00000)
  from space 2048K, 35% used [0x00000000ffc00000,0x00000000ffcb8000,0x00000000ffe00000)
  to   space 2048K, 0% used [0x00000000ffe00000,0x00000000ffe00000,0x0000000100000000)
 ParOldGen       total 114688K, used 103078K [0x00000000f4800000, 0x00000000fb800000, 0x00000000fb800000)
  object space 114688K, 89% used [0x00000000f4800000,0x00000000faca9848,0x00000000fb800000)
 Metaspace       used 75261K, capacity 79558K, committed 79744K, reserved 1118208K
  class space    used 9514K, capacity 10272K, committed 10368K, reserved 1048576K
}
{Heap before GC invocations=370 (full 0):
 PSYoungGen      total 71680K, used 70368K [0x00000000fb800000, 0x0000000100000000, 0x0000000100000000)
  eden space 69632K, 100% used [0x00000000fb800000,0x00000000ffc00000,0x00000000ffc00000)
  from space 2048K, 35% used [0x00000000ffc00000,0x00000000ffcb8000,0x00000000ffe00000)
  to   space 2048K, 0% used [0x00000000ffe00000,0x00000000ffe00000,0x0000000100000000)
 ParOldGen       total 114688K, used 103078K [0x00000000f4800000, 0x00000000fb800000, 0x00000000fb800000)
  object space 114688K, 89% used [0x00000000f4800000,0x00000000faca9848,0x00000000fb800000)
 Metaspace       used 75261K, capacity 79558K, committed 79744K, reserved 1118208K
  class space    used 9514K, capacity 10272K, committed 10368K, reserved 1048576K
2024-06-11T21:04:48.609+0800: 1547.823: [GC (Allocation Failure) [PSYoungGen: 70368K->704K(71680K)] 173446K->103862K(186368K), 0.0048341 secs] [Times: user=0.01 sys=0.01, real=0.01 secs] 
Heap after GC invocations=370 (full 0):
 PSYoungGen      total 71680K, used 704K [0x00000000fb800000, 0x0000000100000000, 0x0000000100000000)
  eden space 69632K, 0% used [0x00000000fb800000,0x00000000fb800000,0x00000000ffc00000)
  from space 2048K, 34% used [0x00000000ffe00000,0x00000000ffeb0000,0x0000000100000000)
  to   space 2048K, 0% used [0x00000000ffc00000,0x00000000ffc00000,0x00000000ffe00000)
 ParOldGen       total 114688K, used 103158K [0x00000000f4800000, 0x00000000fb800000, 0x00000000fb800000)
  object space 114688K, 89% used [0x00000000f4800000,0x00000000facbd848,0x00000000fb800000)
 Metaspace       used 75261K, capacity 79558K, committed 79744K, reserved 1118208K
  class space    used 9514K, capacity 10272K, committed 10368K, reserved 1048576K
}
{Heap before GC invocations=371 (full 0):
 PSYoungGen      total 71680K, used 70336K [0x00000000fb800000, 0x0000000100000000, 0x0000000100000000)
  eden space 69632K, 100% used [0x00000000fb800000,0x00000000ffc00000,0x00000000ffc00000)
  from space 2048K, 34% used [0x00000000ffe00000,0x00000000ffeb0000,0x0000000100000000)
  to   space 2048K, 0% used [0x00000000ffc00000,0x00000000ffc00000,0x00000000ffe00000)
 ParOldGen       total 114688K, used 103158K [0x00000000f4800000, 0x00000000fb800000, 0x00000000fb800000)
  object space 114688K, 89% used [0x00000000f4800000,0x00000000facbd848,0x00000000fb800000)
 Metaspace       used 75261K, capacity 79558K, committed 79744K, reserved 1118208K
  class space    used 9514K, capacity 10272K, committed 10368K, reserved 1048576K
2024-06-11T21:04:53.005+0800: 1552.218: [GC (Allocation Failure) [PSYoungGen: 70336K->736K(71680K)] 173494K->103974K(186368K), 0.0050745 secs] [Times: user=0.01 sys=0.00, real=0.00 secs] 
Heap after GC invocations=371 (full 0):
 PSYoungGen      total 71680K, used 736K [0x00000000fb800000, 0x0000000100000000, 0x0000000100000000)
  eden space 69632K, 0% used [0x00000000fb800000,0x00000000fb800000,0x00000000ffc00000)
  from space 2048K, 35% used [0x00000000ffc00000,0x00000000ffcb8000,0x00000000ffe00000)
  to   space 2048K, 0% used [0x00000000ffe00000,0x00000000ffe00000,0x0000000100000000)
 ParOldGen       total 114688K, used 103238K [0x00000000f4800000, 0x00000000fb800000, 0x00000000fb800000)
  object space 114688K, 90% used [0x00000000f4800000,0x00000000facd1848,0x00000000fb800000)
 Metaspace       used 75261K, capacity 79558K, committed 79744K, reserved 1118208K
  class space    used 9514K, capacity 10272K, committed 10368K, reserved 1048576K
}
{Heap before GC invocations=372 (full 0):
 PSYoungGen      total 71680K, used 70368K [0x00000000fb800000, 0x0000000100000000, 0x0000000100000000)
  eden space 69632K, 100% used [0x00000000fb800000,0x00000000ffc00000,0x00000000ffc00000)
  from space 2048K, 35% used [0x00000000ffc00000,0x00000000ffcb8000,0x00000000ffe00000)
  to   space 2048K, 0% used [0x00000000ffe00000,0x00000000ffe00000,0x0000000100000000)
 ParOldGen       total 114688K, used 103238K [0x00000000f4800000, 0x00000000fb800000, 0x00000000fb800000)
  object space 114688K, 90% used [0x00000000f4800000,0x00000000facd1848,0x00000000fb800000)
 Metaspace       used 75261K, capacity 79558K, committed 79744K, reserved 1118208K
  class space    used 9514K, capacity 10272K, committed 10368K, reserved 1048576K
2024-06-11T21:04:57.204+0800: 1556.417: [GC (Allocation Failure) [PSYoungGen: 70368K->704K(71680K)] 173606K->104022K(186368K), 0.0051739 secs] [Times: user=0.01 sys=0.00, real=0.00 secs] 
Heap after GC invocations=372 (full 0):
 PSYoungGen      total 71680K, used 704K [0x00000000fb800000, 0x0000000100000000, 0x0000000100000000)
  eden space 69632K, 0% used [0x00000000fb800000,0x00000000fb800000,0x00000000ffc00000)
  from space 2048K, 34% used [0x00000000ffe00000,0x00000000ffeb0000,0x0000000100000000)
  to   space 2048K, 0% used [0x00000000ffc00000,0x00000000ffc00000,0x00000000ffe00000)
 ParOldGen       total 114688K, used 103318K [0x00000000f4800000, 0x00000000fb800000, 0x00000000fb800000)
  object space 114688K, 90% used [0x00000000f4800000,0x00000000face5848,0x00000000fb800000)
 Metaspace       used 75261K, capacity 79558K, committed 79744K, reserved 1118208K
  class space    used 9514K, capacity 10272K, committed 10368K, reserved 1048576K
}
{Heap before GC invocations=373 (full 0):
 PSYoungGen      total 71680K, used 70336K [0x00000000fb800000, 0x0000000100000000, 0x0000000100000000)
  eden space 69632K, 100% used [0x00000000fb800000,0x00000000ffc00000,0x00000000ffc00000)
  from space 2048K, 34% used [0x00000000ffe00000,0x00000000ffeb0000,0x0000000100000000)
  to   space 2048K, 0% used [0x00000000ffc00000,0x00000000ffc00000,0x00000000ffe00000)
 ParOldGen       total 114688K, used 103318K [0x00000000f4800000, 0x00000000fb800000, 0x00000000fb800000)
  object space 114688K, 90% used [0x00000000f4800000,0x00000000face5848,0x00000000fb800000)
 Metaspace       used 75261K, capacity 79558K, committed 79744K, reserved 1118208K
  class space    used 9514K, capacity 10272K, committed 10368K, reserved 1048576K
2024-06-11T21:05:01.550+0800: 1560.763: [GC (Allocation Failure) [PSYoungGen: 70336K->704K(71680K)] 173654K->104094K(186368K), 0.0051424 secs] [Times: user=0.01 sys=0.00, real=0.01 secs] 
Heap after GC invocations=373 (full 0):
 PSYoungGen      total 71680K, used 704K [0x00000000fb800000, 0x0000000100000000, 0x0000000100000000)
  eden space 69632K, 0% used [0x00000000fb800000,0x00000000fb800000,0x00000000ffc00000)
  from space 2048K, 34% used [0x00000000ffc00000,0x00000000ffcb0000,0x00000000ffe00000)
  to   space 1536K, 0% used [0x00000000ffe80000,0x00000000ffe80000,0x0000000100000000)
 ParOldGen       total 114688K, used 103390K [0x00000000f4800000, 0x00000000fb800000, 0x00000000fb800000)
  object space 114688K, 90% used [0x00000000f4800000,0x00000000facf7848,0x00000000fb800000)
 Metaspace       used 75261K, capacity 79558K, committed 79744K, reserved 1118208K
  class space    used 9514K, capacity 10272K, committed 10368K, reserved 1048576K
}
{Heap before GC invocations=374 (full 0):
 PSYoungGen      total 71680K, used 70336K [0x00000000fb800000, 0x0000000100000000, 0x0000000100000000)
  eden space 69632K, 100% used [0x00000000fb800000,0x00000000ffc00000,0x00000000ffc00000)
  from space 2048K, 34% used [0x00000000ffc00000,0x00000000ffcb0000,0x00000000ffe00000)
  to   space 1536K, 0% used [0x00000000ffe80000,0x00000000ffe80000,0x0000000100000000)
 ParOldGen       total 114688K, used 103390K [0x00000000f4800000, 0x00000000fb800000, 0x00000000fb800000)
  object space 114688K, 90% used [0x00000000f4800000,0x00000000facf7848,0x00000000fb800000)
 Metaspace       used 75261K, capacity 79558K, committed 79744K, reserved 1118208K
  class space    used 9514K, capacity 10272K, committed 10368K, reserved 1048576K
2024-06-11T21:05:05.730+0800: 1564.943: [GC (Allocation Failure) [PSYoungGen: 70336K->704K(72192K)] 173726K->104166K(186880K), 0.0108425 secs] [Times: user=0.02 sys=0.00, real=0.01 secs] 
Heap after GC invocations=374 (full 0):
 PSYoungGen      total 72192K, used 704K [0x00000000fb800000, 0x0000000100000000, 0x0000000100000000)
  eden space 70656K, 0% used [0x00000000fb800000,0x00000000fb800000,0x00000000ffd00000)
  from space 1536K, 45% used [0x00000000ffe80000,0x00000000fff30000,0x0000000100000000)
  to   space 1536K, 0% used [0x00000000ffd00000,0x00000000ffd00000,0x00000000ffe80000)
 ParOldGen       total 114688K, used 103462K [0x00000000f4800000, 0x00000000fb800000, 0x00000000fb800000)
  object space 114688K, 90% used [0x00000000f4800000,0x00000000fad09848,0x00000000fb800000)
 Metaspace       used 75261K, capacity 79558K, committed 79744K, reserved 1118208K
  class space    used 9514K, capacity 10272K, committed 10368K, reserved 1048576K
}
{Heap before GC invocations=375 (full 0):
 PSYoungGen      total 72192K, used 71360K [0x00000000fb800000, 0x0000000100000000, 0x0000000100000000)
  eden space 70656K, 100% used [0x00000000fb800000,0x00000000ffd00000,0x00000000ffd00000)
  from space 1536K, 45% used [0x00000000ffe80000,0x00000000fff30000,0x0000000100000000)
  to   space 1536K, 0% used [0x00000000ffd00000,0x00000000ffd00000,0x00000000ffe80000)
 ParOldGen       total 114688K, used 103462K [0x00000000f4800000, 0x00000000fb800000, 0x00000000fb800000)
  object space 114688K, 90% used [0x00000000f4800000,0x00000000fad09848,0x00000000fb800000)
 Metaspace       used 75261K, capacity 79558K, committed 79744K, reserved 1118208K
  class space    used 9514K, capacity 10272K, committed 10368K, reserved 1048576K
2024-06-11T21:05:10.390+0800: 1569.603: [GC (Allocation Failure) [PSYoungGen: 71360K->736K(72192K)] 174822K->104286K(186880K), 0.0049646 secs] [Times: user=0.00 sys=0.00, real=0.01 secs] 
Heap after GC invocations=375 (full 0):
 PSYoungGen      total 72192K, used 736K [0x00000000fb800000, 0x0000000100000000, 0x0000000100000000)
  eden space 70656K, 0% used [0x00000000fb800000,0x00000000fb800000,0x00000000ffd00000)
  from space 1536K, 47% used [0x00000000ffd00000,0x00000000ffdb8000,0x00000000ffe80000)
  to   space 1536K, 0% used [0x00000000ffe80000,0x00000000ffe80000,0x0000000100000000)
 ParOldGen       total 114688K, used 103550K [0x00000000f4800000, 0x00000000fb800000, 0x00000000fb800000)
  object space 114688K, 90% used [0x00000000f4800000,0x00000000fad1f848,0x00000000fb800000)
 Metaspace       used 75261K, capacity 79558K, committed 79744K, reserved 1118208K
  class space    used 9514K, capacity 10272K, committed 10368K, reserved 1048576K
}
{Heap before GC invocations=376 (full 0):
 PSYoungGen      total 72192K, used 71392K [0x00000000fb800000, 0x0000000100000000, 0x0000000100000000)
  eden space 70656K, 100% used [0x00000000fb800000,0x00000000ffd00000,0x00000000ffd00000)
  from space 1536K, 47% used [0x00000000ffd00000,0x00000000ffdb8000,0x00000000ffe80000)
  to   space 1536K, 0% used [0x00000000ffe80000,0x00000000ffe80000,0x0000000100000000)
 ParOldGen       total 114688K, used 103550K [0x00000000f4800000, 0x00000000fb800000, 0x00000000fb800000)
  object space 114688K, 90% used [0x00000000f4800000,0x00000000fad1f848,0x00000000fb800000)
 Metaspace       used 75261K, capacity 79558K, committed 79744K, reserved 1118208K
  class space    used 9514K, capacity 10272K, committed 10368K, reserved 1048576K
2024-06-11T21:05:14.761+0800: 1573.974: [GC (Allocation Failure) [PSYoungGen: 71392K->736K(72192K)] 174942K->104374K(186880K), 0.0059563 secs] [Times: user=0.01 sys=0.00, real=0.00 secs] 
Heap after GC invocations=376 (full 0):
 PSYoungGen      total 72192K, used 736K [0x00000000fb800000, 0x0000000100000000, 0x0000000100000000)
  eden space 70656K, 0% used [0x00000000fb800000,0x00000000fb800000,0x00000000ffd00000)
  from space 1536K, 47% used [0x00000000ffe80000,0x00000000fff38000,0x0000000100000000)
  to   space 1536K, 0% used [0x00000000ffd00000,0x00000000ffd00000,0x00000000ffe80000)
 ParOldGen       total 114688K, used 103638K [0x00000000f4800000, 0x00000000fb800000, 0x00000000fb800000)
  object space 114688K, 90% used [0x00000000f4800000,0x00000000fad35848,0x00000000fb800000)
 Metaspace       used 75261K, capacity 79558K, committed 79744K, reserved 1118208K
  class space    used 9514K, capacity 10272K, committed 10368K, reserved 1048576K
}
{Heap before GC invocations=377 (full 0):
 PSYoungGen      total 72192K, used 71392K [0x00000000fb800000, 0x0000000100000000, 0x0000000100000000)
  eden space 70656K, 100% used [0x00000000fb800000,0x00000000ffd00000,0x00000000ffd00000)
  from space 1536K, 47% used [0x00000000ffe80000,0x00000000fff38000,0x0000000100000000)
  to   space 1536K, 0% used [0x00000000ffd00000,0x00000000ffd00000,0x00000000ffe80000)
 ParOldGen       total 114688K, used 103638K [0x00000000f4800000, 0x00000000fb800000, 0x00000000fb800000)
  object space 114688K, 90% used [0x00000000f4800000,0x00000000fad35848,0x00000000fb800000)
 Metaspace       used 75261K, capacity 79558K, committed 79744K, reserved 1118208K
  class space    used 9514K, capacity 10272K, committed 10368K, reserved 1048576K
2024-06-11T21:05:19.053+0800: 1578.266: [GC (Allocation Failure) [PSYoungGen: 71392K->1088K(72192K)] 175030K->104806K(186880K), 0.0058787 secs] [Times: user=0.01 sys=0.00, real=0.00 secs] 
Heap after GC invocations=377 (full 0):
 PSYoungGen      total 72192K, used 1088K [0x00000000fb800000, 0x0000000100000000, 0x0000000100000000)
  eden space 70656K, 0% used [0x00000000fb800000,0x00000000fb800000,0x00000000ffd00000)
  from space 1536K, 70% used [0x00000000ffd00000,0x00000000ffe10000,0x00000000ffe80000)
  to   space 1536K, 0% used [0x00000000ffe80000,0x00000000ffe80000,0x0000000100000000)
 ParOldGen       total 114688K, used 103718K [0x00000000f4800000, 0x00000000fb800000, 0x00000000fb800000)
  object space 114688K, 90% used [0x00000000f4800000,0x00000000fad49848,0x00000000fb800000)
 Metaspace       used 75261K, capacity 79558K, committed 79744K, reserved 1118208K
  class space    used 9514K, capacity 10272K, committed 10368K, reserved 1048576K
}
{Heap before GC invocations=378 (full 0):
 PSYoungGen      total 72192K, used 71744K [0x00000000fb800000, 0x0000000100000000, 0x0000000100000000)
  eden space 70656K, 100% used [0x00000000fb800000,0x00000000ffd00000,0x00000000ffd00000)
  from space 1536K, 70% used [0x00000000ffd00000,0x00000000ffe10000,0x00000000ffe80000)
  to   space 1536K, 0% used [0x00000000ffe80000,0x00000000ffe80000,0x0000000100000000)
 ParOldGen       total 114688K, used 103718K [0x00000000f4800000, 0x00000000fb800000, 0x00000000fb800000)
  object space 114688K, 90% used [0x00000000f4800000,0x00000000fad49848,0x00000000fb800000)
 Metaspace       used 75261K, capacity 79558K, committed 79744K, reserved 1118208K
  class space    used 9514K, capacity 10272K, committed 10368K, reserved 1048576K
2024-06-11T21:05:23.312+0800: 1582.526: [GC (Allocation Failure) [PSYoungGen: 71744K->1536K(71168K)] 175462K->106250K(185856K), 0.0069855 secs] [Times: user=0.01 sys=0.00, real=0.00 secs] 
Heap after GC invocations=378 (full 0):
 PSYoungGen      total 71168K, used 1536K [0x00000000fb800000, 0x0000000100000000, 0x0000000100000000)
  eden space 69632K, 0% used [0x00000000fb800000,0x00000000fb800000,0x00000000ffc00000)
  from space 1536K, 100% used [0x00000000ffe80000,0x0000000100000000,0x0000000100000000)
  to   space 2048K, 0% used [0x00000000ffc00000,0x00000000ffc00000,0x00000000ffe00000)
 ParOldGen       total 114688K, used 104714K [0x00000000f4800000, 0x00000000fb800000, 0x00000000fb800000)
  object space 114688K, 91% used [0x00000000f4800000,0x00000000fae42ba8,0x00000000fb800000)
 Metaspace       used 75261K, capacity 79558K, committed 79744K, reserved 1118208K
  class space    used 9514K, capacity 10272K, committed 10368K, reserved 1048576K
}
{Heap before GC invocations=379 (full 0):
 PSYoungGen      total 71168K, used 71168K [0x00000000fb800000, 0x0000000100000000, 0x0000000100000000)
  eden space 69632K, 100% used [0x00000000fb800000,0x00000000ffc00000,0x00000000ffc00000)
  from space 1536K, 100% used [0x00000000ffe80000,0x0000000100000000,0x0000000100000000)
  to   space 2048K, 0% used [0x00000000ffc00000,0x00000000ffc00000,0x00000000ffe00000)
 ParOldGen       total 114688K, used 104714K [0x00000000f4800000, 0x00000000fb800000, 0x00000000fb800000)
  object space 114688K, 91% used [0x00000000f4800000,0x00000000fae42ba8,0x00000000fb800000)
 Metaspace       used 75261K, capacity 79558K, committed 79744K, reserved 1118208K
  class space    used 9514K, capacity 10272K, committed 10368K, reserved 1048576K
2024-06-11T21:05:27.662+0800: 1586.875: [GC (Allocation Failure) [PSYoungGen: 71168K->832K(71680K)] 175882K->106674K(186368K), 0.0063972 secs] [Times: user=0.01 sys=0.00, real=0.00 secs] 
Heap after GC invocations=379 (full 0):
 PSYoungGen      total 71680K, used 832K [0x00000000fb800000, 0x0000000100000000, 0x0000000100000000)
  eden space 69632K, 0% used [0x00000000fb800000,0x00000000fb800000,0x00000000ffc00000)
  from space 2048K, 40% used [0x00000000ffc00000,0x00000000ffcd0000,0x00000000ffe00000)
  to   space 2048K, 0% used [0x00000000ffe00000,0x00000000ffe00000,0x0000000100000000)
 ParOldGen       total 114688K, used 105842K [0x00000000f4800000, 0x00000000fb800000, 0x00000000fb800000)
  object space 114688K, 92% used [0x00000000f4800000,0x00000000faf5cba8,0x00000000fb800000)
 Metaspace       used 75261K, capacity 79558K, committed 79744K, reserved 1118208K
  class space    used 9514K, capacity 10272K, committed 10368K, reserved 1048576K
}
{Heap before GC invocations=380 (full 0):
 PSYoungGen      total 71680K, used 70464K [0x00000000fb800000, 0x0000000100000000, 0x0000000100000000)
  eden space 69632K, 100% used [0x00000000fb800000,0x00000000ffc00000,0x00000000ffc00000)
  from space 2048K, 40% used [0x00000000ffc00000,0x00000000ffcd0000,0x00000000ffe00000)
  to   space 2048K, 0% used [0x00000000ffe00000,0x00000000ffe00000,0x0000000100000000)
 ParOldGen       total 114688K, used 105842K [0x00000000f4800000, 0x00000000fb800000, 0x00000000fb800000)
  object space 114688K, 92% used [0x00000000f4800000,0x00000000faf5cba8,0x00000000fb800000)
 Metaspace       used 75261K, capacity 79558K, committed 79744K, reserved 1118208K
  class space    used 9514K, capacity 10272K, committed 10368K, reserved 1048576K
2024-06-11T21:05:31.971+0800: 1591.185: [GC (Allocation Failure) [PSYoungGen: 70464K->704K(71680K)] 176306K->106770K(186368K), 0.0056254 secs] [Times: user=0.00 sys=0.00, real=0.00 secs] 
Heap after GC invocations=380 (full 0):
 PSYoungGen      total 71680K, used 704K [0x00000000fb800000, 0x0000000100000000, 0x0000000100000000)
  eden space 69632K, 0% used [0x00000000fb800000,0x00000000fb800000,0x00000000ffc00000)
  from space 2048K, 34% used [0x00000000ffe00000,0x00000000ffeb0000,0x0000000100000000)
  to   space 2048K, 0% used [0x00000000ffc00000,0x00000000ffc00000,0x00000000ffe00000)
 ParOldGen       total 114688K, used 106066K [0x00000000f4800000, 0x00000000fb800000, 0x00000000fb800000)
  object space 114688K, 92% used [0x00000000f4800000,0x00000000faf94ba8,0x00000000fb800000)
 Metaspace       used 75261K, capacity 79558K, committed 79744K, reserved 1118208K
  class space    used 9514K, capacity 10272K, committed 10368K, reserved 1048576K
}
{Heap before GC invocations=381 (full 0):
 PSYoungGen      total 71680K, used 70336K [0x00000000fb800000, 0x0000000100000000, 0x0000000100000000)
  eden space 69632K, 100% used [0x00000000fb800000,0x00000000ffc00000,0x00000000ffc00000)
  from space 2048K, 34% used [0x00000000ffe00000,0x00000000ffeb0000,0x0000000100000000)
  to   space 2048K, 0% used [0x00000000ffc00000,0x00000000ffc00000,0x00000000ffe00000)
 ParOldGen       total 114688K, used 106066K [0x00000000f4800000, 0x00000000fb800000, 0x00000000fb800000)
  object space 114688K, 92% used [0x00000000f4800000,0x00000000faf94ba8,0x00000000fb800000)
 Metaspace       used 75261K, capacity 79558K, committed 79744K, reserved 1118208K
  class space    used 9514K, capacity 10272K, committed 10368K, reserved 1048576K
2024-06-11T21:05:36.175+0800: 1595.388: [GC (Allocation Failure) [PSYoungGen: 70336K->704K(71680K)] 176402K->106858K(186368K), 0.0062805 secs] [Times: user=0.01 sys=0.00, real=0.01 secs] 
Heap after GC invocations=381 (full 0):
 PSYoungGen      total 71680K, used 704K [0x00000000fb800000, 0x0000000100000000, 0x0000000100000000)
  eden space 69632K, 0% used [0x00000000fb800000,0x00000000fb800000,0x00000000ffc00000)
  from space 2048K, 34% used [0x00000000ffc00000,0x00000000ffcb0000,0x00000000ffe00000)
  to   space 2048K, 0% used [0x00000000ffe00000,0x00000000ffe00000,0x0000000100000000)
 ParOldGen       total 114688K, used 106154K [0x00000000f4800000, 0x00000000fb800000, 0x00000000fb800000)
  object space 114688K, 92% used [0x00000000f4800000,0x00000000fafaaba8,0x00000000fb800000)
 Metaspace       used 75261K, capacity 79558K, committed 79744K, reserved 1118208K
  class space    used 9514K, capacity 10272K, committed 10368K, reserved 1048576K
}
{Heap before GC invocations=382 (full 0):
 PSYoungGen      total 71680K, used 70336K [0x00000000fb800000, 0x0000000100000000, 0x0000000100000000)
  eden space 69632K, 100% used [0x00000000fb800000,0x00000000ffc00000,0x00000000ffc00000)
  from space 2048K, 34% used [0x00000000ffc00000,0x00000000ffcb0000,0x00000000ffe00000)
  to   space 2048K, 0% used [0x00000000ffe00000,0x00000000ffe00000,0x0000000100000000)
 ParOldGen       total 114688K, used 106154K [0x00000000f4800000, 0x00000000fb800000, 0x00000000fb800000)
  object space 114688K, 92% used [0x00000000f4800000,0x00000000fafaaba8,0x00000000fb800000)
 Metaspace       used 75261K, capacity 79558K, committed 79744K, reserved 1118208K
  class space    used 9514K, capacity 10272K, committed 10368K, reserved 1048576K
2024-06-11T21:05:40.566+0800: 1599.779: [GC (Allocation Failure) [PSYoungGen: 70336K->736K(71680K)] 176490K->106962K(186368K), 0.0061722 secs] [Times: user=0.00 sys=0.00, real=0.01 secs] 
Heap after GC invocations=382 (full 0):
 PSYoungGen      total 71680K, used 736K [0x00000000fb800000, 0x0000000100000000, 0x0000000100000000)
  eden space 69632K, 0% used [0x00000000fb800000,0x00000000fb800000,0x00000000ffc00000)
  from space 2048K, 35% used [0x00000000ffe00000,0x00000000ffeb8000,0x0000000100000000)
  to   space 2048K, 0% used [0x00000000ffc00000,0x00000000ffc00000,0x00000000ffe00000)
 ParOldGen       total 114688K, used 106226K [0x00000000f4800000, 0x00000000fb800000, 0x00000000fb800000)
  object space 114688K, 92% used [0x00000000f4800000,0x00000000fafbcba8,0x00000000fb800000)
 Metaspace       used 75261K, capacity 79558K, committed 79744K, reserved 1118208K
  class space    used 9514K, capacity 10272K, committed 10368K, reserved 1048576K
}
{Heap before GC invocations=383 (full 0):
 PSYoungGen      total 71680K, used 70368K [0x00000000fb800000, 0x0000000100000000, 0x0000000100000000)
  eden space 69632K, 100% used [0x00000000fb800000,0x00000000ffc00000,0x00000000ffc00000)
  from space 2048K, 35% used [0x00000000ffe00000,0x00000000ffeb8000,0x0000000100000000)
  to   space 2048K, 0% used [0x00000000ffc00000,0x00000000ffc00000,0x00000000ffe00000)
 ParOldGen       total 114688K, used 106226K [0x00000000f4800000, 0x00000000fb800000, 0x00000000fb800000)
  object space 114688K, 92% used [0x00000000f4800000,0x00000000fafbcba8,0x00000000fb800000)
 Metaspace       used 75261K, capacity 79558K, committed 79744K, reserved 1118208K
  class space    used 9514K, capacity 10272K, committed 10368K, reserved 1048576K
2024-06-11T21:05:44.856+0800: 1604.069: [GC (Allocation Failure) [PSYoungGen: 70368K->736K(71680K)] 176594K->107042K(186368K), 0.0051648 secs] [Times: user=0.01 sys=0.00, real=0.01 secs] 
Heap after GC invocations=383 (full 0):
 PSYoungGen      total 71680K, used 736K [0x00000000fb800000, 0x0000000100000000, 0x0000000100000000)
  eden space 69632K, 0% used [0x00000000fb800000,0x00000000fb800000,0x00000000ffc00000)
  from space 2048K, 35% used [0x00000000ffc00000,0x00000000ffcb8000,0x00000000ffe00000)
  to   space 2048K, 0% used [0x00000000ffe00000,0x00000000ffe00000,0x0000000100000000)
 ParOldGen       total 114688K, used 106306K [0x00000000f4800000, 0x00000000fb800000, 0x00000000fb800000)
  object space 114688K, 92% used [0x00000000f4800000,0x00000000fafd0ba8,0x00000000fb800000)
 Metaspace       used 75261K, capacity 79558K, committed 79744K, reserved 1118208K
  class space    used 9514K, capacity 10272K, committed 10368K, reserved 1048576K
}
{Heap before GC invocations=384 (full 0):
 PSYoungGen      total 71680K, used 70368K [0x00000000fb800000, 0x0000000100000000, 0x0000000100000000)
  eden space 69632K, 100% used [0x00000000fb800000,0x00000000ffc00000,0x00000000ffc00000)
  from space 2048K, 35% used [0x00000000ffc00000,0x00000000ffcb8000,0x00000000ffe00000)
  to   space 2048K, 0% used [0x00000000ffe00000,0x00000000ffe00000,0x0000000100000000)
 ParOldGen       total 114688K, used 106306K [0x00000000f4800000, 0x00000000fb800000, 0x00000000fb800000)
  object space 114688K, 92% used [0x00000000f4800000,0x00000000fafd0ba8,0x00000000fb800000)
 Metaspace       used 75261K, capacity 79558K, committed 79744K, reserved 1118208K
  class space    used 9514K, capacity 10272K, committed 10368K, reserved 1048576K
2024-06-11T21:05:49.025+0800: 1608.239: [GC (Allocation Failure) [PSYoungGen: 70368K->704K(71680K)] 176674K->107090K(186368K), 0.0050700 secs] [Times: user=0.01 sys=0.00, real=0.00 secs] 
Heap after GC invocations=384 (full 0):
 PSYoungGen      total 71680K, used 704K [0x00000000fb800000, 0x0000000100000000, 0x0000000100000000)
  eden space 69632K, 0% used [0x00000000fb800000,0x00000000fb800000,0x00000000ffc00000)
  from space 2048K, 34% used [0x00000000ffe00000,0x00000000ffeb0000,0x0000000100000000)
  to   space 2048K, 0% used [0x00000000ffc00000,0x00000000ffc00000,0x00000000ffe00000)
 ParOldGen       total 114688K, used 106386K [0x00000000f4800000, 0x00000000fb800000, 0x00000000fb800000)
  object space 114688K, 92% used [0x00000000f4800000,0x00000000fafe4ba8,0x00000000fb800000)
 Metaspace       used 75261K, capacity 79558K, committed 79744K, reserved 1118208K
  class space    used 9514K, capacity 10272K, committed 10368K, reserved 1048576K
}
{Heap before GC invocations=385 (full 0):
 PSYoungGen      total 71680K, used 70336K [0x00000000fb800000, 0x0000000100000000, 0x0000000100000000)
  eden space 69632K, 100% used [0x00000000fb800000,0x00000000ffc00000,0x00000000ffc00000)
  from space 2048K, 34% used [0x00000000ffe00000,0x00000000ffeb0000,0x0000000100000000)
  to   space 2048K, 0% used [0x00000000ffc00000,0x00000000ffc00000,0x00000000ffe00000)
 ParOldGen       total 114688K, used 106386K [0x00000000f4800000, 0x00000000fb800000, 0x00000000fb800000)
  object space 114688K, 92% used [0x00000000f4800000,0x00000000fafe4ba8,0x00000000fb800000)
 Metaspace       used 75262K, capacity 79558K, committed 79744K, reserved 1118208K
  class space    used 9514K, capacity 10272K, committed 10368K, reserved 1048576K
2024-06-11T21:05:53.494+0800: 1612.707: [GC (Allocation Failure) [PSYoungGen: 70336K->1164K(71680K)] 176722K->107631K(186368K), 0.0051700 secs] [Times: user=0.01 sys=0.00, real=0.00 secs] 
Heap after GC invocations=385 (full 0):
 PSYoungGen      total 71680K, used 1164K [0x00000000fb800000, 0x0000000100000000, 0x0000000100000000)
  eden space 69632K, 0% used [0x00000000fb800000,0x00000000fb800000,0x00000000ffc00000)
  from space 2048K, 56% used [0x00000000ffc00000,0x00000000ffd23330,0x00000000ffe00000)
  to   space 2048K, 0% used [0x00000000ffe00000,0x00000000ffe00000,0x0000000100000000)
 ParOldGen       total 114688K, used 106466K [0x00000000f4800000, 0x00000000fb800000, 0x00000000fb800000)
  object space 114688K, 92% used [0x00000000f4800000,0x00000000faff8ba8,0x00000000fb800000)
 Metaspace       used 75262K, capacity 79558K, committed 79744K, reserved 1118208K
  class space    used 9514K, capacity 10272K, committed 10368K, reserved 1048576K
}
{Heap before GC invocations=386 (full 0):
 PSYoungGen      total 71680K, used 70796K [0x00000000fb800000, 0x0000000100000000, 0x0000000100000000)
  eden space 69632K, 100% used [0x00000000fb800000,0x00000000ffc00000,0x00000000ffc00000)
  from space 2048K, 56% used [0x00000000ffc00000,0x00000000ffd23330,0x00000000ffe00000)
  to   space 2048K, 0% used [0x00000000ffe00000,0x00000000ffe00000,0x0000000100000000)
 ParOldGen       total 114688K, used 106466K [0x00000000f4800000, 0x00000000fb800000, 0x00000000fb800000)
  object space 114688K, 92% used [0x00000000f4800000,0x00000000faff8ba8,0x00000000fb800000)
 Metaspace       used 75262K, capacity 79558K, committed 79744K, reserved 1118208K
  class space    used 9514K, capacity 10272K, committed 10368K, reserved 1048576K
2024-06-11T21:05:57.858+0800: 1617.071: [GC (Allocation Failure) [PSYoungGen: 70796K->704K(71680K)] 177263K->107250K(186368K), 0.0058754 secs] [Times: user=0.01 sys=0.00, real=0.01 secs] 
Heap after GC invocations=386 (full 0):
 PSYoungGen      total 71680K, used 704K [0x00000000fb800000, 0x0000000100000000, 0x0000000100000000)
  eden space 69632K, 0% used [0x00000000fb800000,0x00000000fb800000,0x00000000ffc00000)
  from space 2048K, 34% used [0x00000000ffe00000,0x00000000ffeb0000,0x0000000100000000)
  to   space 2048K, 0% used [0x00000000ffc00000,0x00000000ffc00000,0x00000000ffe00000)
 ParOldGen       total 114688K, used 106546K [0x00000000f4800000, 0x00000000fb800000, 0x00000000fb800000)
  object space 114688K, 92% used [0x00000000f4800000,0x00000000fb00cba8,0x00000000fb800000)
 Metaspace       used 75262K, capacity 79558K, committed 79744K, reserved 1118208K
  class space    used 9514K, capacity 10272K, committed 10368K, reserved 1048576K
}
{Heap before GC invocations=387 (full 0):
 PSYoungGen      total 71680K, used 70336K [0x00000000fb800000, 0x0000000100000000, 0x0000000100000000)
  eden space 69632K, 100% used [0x00000000fb800000,0x00000000ffc00000,0x00000000ffc00000)
  from space 2048K, 34% used [0x00000000ffe00000,0x00000000ffeb0000,0x0000000100000000)
  to   space 2048K, 0% used [0x00000000ffc00000,0x00000000ffc00000,0x00000000ffe00000)
 ParOldGen       total 114688K, used 106546K [0x00000000f4800000, 0x00000000fb800000, 0x00000000fb800000)
  object space 114688K, 92% used [0x00000000f4800000,0x00000000fb00cba8,0x00000000fb800000)
 Metaspace       used 75262K, capacity 79558K, committed 79744K, reserved 1118208K
  class space    used 9514K, capacity 10272K, committed 10368K, reserved 1048576K
2024-06-11T21:06:02.012+0800: 1621.225: [GC (Allocation Failure) [PSYoungGen: 70336K->736K(71680K)] 176882K->107370K(186368K), 0.0061317 secs] [Times: user=0.01 sys=0.00, real=0.00 secs] 
Heap after GC invocations=387 (full 0):
 PSYoungGen      total 71680K, used 736K [0x00000000fb800000, 0x0000000100000000, 0x0000000100000000)
  eden space 69632K, 0% used [0x00000000fb800000,0x00000000fb800000,0x00000000ffc00000)
  from space 2048K, 35% used [0x00000000ffc00000,0x00000000ffcb8000,0x00000000ffe00000)
  to   space 2048K, 0% used [0x00000000ffe00000,0x00000000ffe00000,0x0000000100000000)
 ParOldGen       total 114688K, used 106634K [0x00000000f4800000, 0x00000000fb800000, 0x00000000fb800000)
  object space 114688K, 92% used [0x00000000f4800000,0x00000000fb022ba8,0x00000000fb800000)
 Metaspace       used 75262K, capacity 79558K, committed 79744K, reserved 1118208K
  class space    used 9514K, capacity 10272K, committed 10368K, reserved 1048576K
}
{Heap before GC invocations=388 (full 0):
 PSYoungGen      total 71680K, used 70368K [0x00000000fb800000, 0x0000000100000000, 0x0000000100000000)
  eden space 69632K, 100% used [0x00000000fb800000,0x00000000ffc00000,0x00000000ffc00000)
  from space 2048K, 35% used [0x00000000ffc00000,0x00000000ffcb8000,0x00000000ffe00000)
  to   space 2048K, 0% used [0x00000000ffe00000,0x00000000ffe00000,0x0000000100000000)
 ParOldGen       total 114688K, used 106634K [0x00000000f4800000, 0x00000000fb800000, 0x00000000fb800000)
  object space 114688K, 92% used [0x00000000f4800000,0x00000000fb022ba8,0x00000000fb800000)
 Metaspace       used 75262K, capacity 79558K, committed 79744K, reserved 1118208K
  class space    used 9514K, capacity 10272K, committed 10368K, reserved 1048576K
2024-06-11T21:06:06.415+0800: 1625.628: [GC (Allocation Failure) [PSYoungGen: 70368K->736K(71680K)] 177002K->107458K(186368K), 0.0050110 secs] [Times: user=0.01 sys=0.00, real=0.00 secs] 
Heap after GC invocations=388 (full 0):
 PSYoungGen      total 71680K, used 736K [0x00000000fb800000, 0x0000000100000000, 0x0000000100000000)
  eden space 69632K, 0% used [0x00000000fb800000,0x00000000fb800000,0x00000000ffc00000)
  from space 2048K, 35% used [0x00000000ffe00000,0x00000000ffeb8000,0x0000000100000000)
  to   space 2048K, 0% used [0x00000000ffc00000,0x00000000ffc00000,0x00000000ffe00000)
 ParOldGen       total 114688K, used 106722K [0x00000000f4800000, 0x00000000fb800000, 0x00000000fb800000)
  object space 114688K, 93% used [0x00000000f4800000,0x00000000fb038ba8,0x00000000fb800000)
 Metaspace       used 75262K, capacity 79558K, committed 79744K, reserved 1118208K
  class space    used 9514K, capacity 10272K, committed 10368K, reserved 1048576K
}
{Heap before GC invocations=389 (full 0):
 PSYoungGen      total 71680K, used 70368K [0x00000000fb800000, 0x0000000100000000, 0x0000000100000000)
  eden space 69632K, 100% used [0x00000000fb800000,0x00000000ffc00000,0x00000000ffc00000)
  from space 2048K, 35% used [0x00000000ffe00000,0x00000000ffeb8000,0x0000000100000000)
  to   space 2048K, 0% used [0x00000000ffc00000,0x00000000ffc00000,0x00000000ffe00000)
 ParOldGen       total 114688K, used 106722K [0x00000000f4800000, 0x00000000fb800000, 0x00000000fb800000)
  object space 114688K, 93% used [0x00000000f4800000,0x00000000fb038ba8,0x00000000fb800000)
 Metaspace       used 75264K, capacity 79558K, committed 79744K, reserved 1118208K
  class space    used 9514K, capacity 10272K, committed 10368K, reserved 1048576K
2024-06-11T21:06:10.822+0800: 1630.035: [GC (Allocation Failure) [PSYoungGen: 70368K->704K(71680K)] 177090K->107514K(186368K), 0.0052132 secs] [Times: user=0.01 sys=0.00, real=0.00 secs] 
Heap after GC invocations=389 (full 0):
 PSYoungGen      total 71680K, used 704K [0x00000000fb800000, 0x0000000100000000, 0x0000000100000000)
  eden space 69632K, 0% used [0x00000000fb800000,0x00000000fb800000,0x00000000ffc00000)
  from space 2048K, 34% used [0x00000000ffc00000,0x00000000ffcb0000,0x00000000ffe00000)
  to   space 1536K, 0% used [0x00000000ffe80000,0x00000000ffe80000,0x0000000100000000)
 ParOldGen       total 114688K, used 106810K [0x00000000f4800000, 0x00000000fb800000, 0x00000000fb800000)
  object space 114688K, 93% used [0x00000000f4800000,0x00000000fb04eba8,0x00000000fb800000)
 Metaspace       used 75264K, capacity 79558K, committed 79744K, reserved 1118208K
  class space    used 9514K, capacity 10272K, committed 10368K, reserved 1048576K
}
{Heap before GC invocations=390 (full 0):
 PSYoungGen      total 71680K, used 70336K [0x00000000fb800000, 0x0000000100000000, 0x0000000100000000)
  eden space 69632K, 100% used [0x00000000fb800000,0x00000000ffc00000,0x00000000ffc00000)
  from space 2048K, 34% used [0x00000000ffc00000,0x00000000ffcb0000,0x00000000ffe00000)
  to   space 1536K, 0% used [0x00000000ffe80000,0x00000000ffe80000,0x0000000100000000)
 ParOldGen       total 114688K, used 106810K [0x00000000f4800000, 0x00000000fb800000, 0x00000000fb800000)
  object space 114688K, 93% used [0x00000000f4800000,0x00000000fb04eba8,0x00000000fb800000)
 Metaspace       used 75264K, capacity 79558K, committed 79744K, reserved 1118208K
  class space    used 9514K, capacity 10272K, committed 10368K, reserved 1048576K
2024-06-11T21:06:15.203+0800: 1634.416: [GC (Allocation Failure) [PSYoungGen: 70336K->704K(72192K)] 177146K->107594K(186880K), 0.0057825 secs] [Times: user=0.01 sys=0.00, real=0.00 secs] 
Heap after GC invocations=390 (full 0):
 PSYoungGen      total 72192K, used 704K [0x00000000fb800000, 0x0000000100000000, 0x0000000100000000)
  eden space 70656K, 0% used [0x00000000fb800000,0x00000000fb800000,0x00000000ffd00000)
  from space 1536K, 45% used [0x00000000ffe80000,0x00000000fff30000,0x0000000100000000)
  to   space 1536K, 0% used [0x00000000ffd00000,0x00000000ffd00000,0x00000000ffe80000)
 ParOldGen       total 114688K, used 106890K [0x00000000f4800000, 0x00000000fb800000, 0x00000000fb800000)
  object space 114688K, 93% used [0x00000000f4800000,0x00000000fb062ba8,0x00000000fb800000)
 Metaspace       used 75264K, capacity 79558K, committed 79744K, reserved 1118208K
  class space    used 9514K, capacity 10272K, committed 10368K, reserved 1048576K
}
{Heap before GC invocations=391 (full 0):
 PSYoungGen      total 72192K, used 71360K [0x00000000fb800000, 0x0000000100000000, 0x0000000100000000)
  eden space 70656K, 100% used [0x00000000fb800000,0x00000000ffd00000,0x00000000ffd00000)
  from space 1536K, 45% used [0x00000000ffe80000,0x00000000fff30000,0x0000000100000000)
  to   space 1536K, 0% used [0x00000000ffd00000,0x00000000ffd00000,0x00000000ffe80000)
 ParOldGen       total 114688K, used 106890K [0x00000000f4800000, 0x00000000fb800000, 0x00000000fb800000)
  object space 114688K, 93% used [0x00000000f4800000,0x00000000fb062ba8,0x00000000fb800000)
 Metaspace       used 75264K, capacity 79558K, committed 79744K, reserved 1118208K
  class space    used 9514K, capacity 10272K, committed 10368K, reserved 1048576K
2024-06-11T21:06:19.374+0800: 1638.588: [GC (Allocation Failure) [PSYoungGen: 71360K->1184K(72192K)] 178250K->108154K(186880K), 0.0054935 secs] [Times: user=0.01 sys=0.00, real=0.00 secs] 
Heap after GC invocations=391 (full 0):
 PSYoungGen      total 72192K, used 1184K [0x00000000fb800000, 0x0000000100000000, 0x0000000100000000)
  eden space 70656K, 0% used [0x00000000fb800000,0x00000000fb800000,0x00000000ffd00000)
  from space 1536K, 77% used [0x00000000ffd00000,0x00000000ffe28000,0x00000000ffe80000)
  to   space 1536K, 0% used [0x00000000ffe80000,0x00000000ffe80000,0x0000000100000000)
 ParOldGen       total 114688K, used 106970K [0x00000000f4800000, 0x00000000fb800000, 0x00000000fb800000)
  object space 114688K, 93% used [0x00000000f4800000,0x00000000fb076ba8,0x00000000fb800000)
 Metaspace       used 75264K, capacity 79558K, committed 79744K, reserved 1118208K
  class space    used 9514K, capacity 10272K, committed 10368K, reserved 1048576K
}
{Heap before GC invocations=392 (full 0):
 PSYoungGen      total 72192K, used 71840K [0x00000000fb800000, 0x0000000100000000, 0x0000000100000000)
  eden space 70656K, 100% used [0x00000000fb800000,0x00000000ffd00000,0x00000000ffd00000)
  from space 1536K, 77% used [0x00000000ffd00000,0x00000000ffe28000,0x00000000ffe80000)
  to   space 1536K, 0% used [0x00000000ffe80000,0x00000000ffe80000,0x0000000100000000)
 ParOldGen       total 114688K, used 106970K [0x00000000f4800000, 0x00000000fb800000, 0x00000000fb800000)
  object space 114688K, 93% used [0x00000000f4800000,0x00000000fb076ba8,0x00000000fb800000)
 Metaspace       used 75267K, capacity 79558K, committed 79744K, reserved 1118208K
  class space    used 9514K, capacity 10272K, committed 10368K, reserved 1048576K
2024-06-11T21:06:23.802+0800: 1643.015: [GC (Allocation Failure) [PSYoungGen: 71840K->1536K(71168K)] 178810K->109074K(185856K), 0.0076095 secs] [Times: user=0.01 sys=0.00, real=0.00 secs] 
Heap after GC invocations=392 (full 0):
 PSYoungGen      total 71168K, used 1536K [0x00000000fb800000, 0x0000000100000000, 0x0000000100000000)
  eden space 69632K, 0% used [0x00000000fb800000,0x00000000fb800000,0x00000000ffc00000)
  from space 1536K, 100% used [0x00000000ffe80000,0x0000000100000000,0x0000000100000000)
  to   space 2048K, 0% used [0x00000000ffc00000,0x00000000ffc00000,0x00000000ffe00000)
 ParOldGen       total 114688K, used 107538K [0x00000000f4800000, 0x00000000fb800000, 0x00000000fb800000)
  object space 114688K, 93% used [0x00000000f4800000,0x00000000fb104ba8,0x00000000fb800000)
 Metaspace       used 75267K, capacity 79558K, committed 79744K, reserved 1118208K
  class space    used 9514K, capacity 10272K, committed 10368K, reserved 1048576K
}
{Heap before GC invocations=393 (full 0):
 PSYoungGen      total 71168K, used 71168K [0x00000000fb800000, 0x0000000100000000, 0x0000000100000000)
  eden space 69632K, 100% used [0x00000000fb800000,0x00000000ffc00000,0x00000000ffc00000)
  from space 1536K, 100% used [0x00000000ffe80000,0x0000000100000000,0x0000000100000000)
  to   space 2048K, 0% used [0x00000000ffc00000,0x00000000ffc00000,0x00000000ffe00000)
 ParOldGen       total 114688K, used 107538K [0x00000000f4800000, 0x00000000fb800000, 0x00000000fb800000)
  object space 114688K, 93% used [0x00000000f4800000,0x00000000fb104ba8,0x00000000fb800000)
 Metaspace       used 75267K, capacity 79558K, committed 79744K, reserved 1118208K
  class space    used 9514K, capacity 10272K, committed 10368K, reserved 1048576K
2024-06-11T21:06:28.401+0800: 1647.614: [GC (Allocation Failure) [PSYoungGen: 71168K->704K(71680K)] 178706K->109130K(186368K), 0.0061865 secs] [Times: user=0.01 sys=0.00, real=0.00 secs] 
Heap after GC invocations=393 (full 0):
 PSYoungGen      total 71680K, used 704K [0x00000000fb800000, 0x0000000100000000, 0x0000000100000000)
  eden space 69632K, 0% used [0x00000000fb800000,0x00000000fb800000,0x00000000ffc00000)
  from space 2048K, 34% used [0x00000000ffc00000,0x00000000ffcb0000,0x00000000ffe00000)
  to   space 2048K, 0% used [0x00000000ffe00000,0x00000000ffe00000,0x0000000100000000)
 ParOldGen       total 114688K, used 108426K [0x00000000f4800000, 0x00000000fb800000, 0x00000000fb800000)
  object space 114688K, 94% used [0x00000000f4800000,0x00000000fb1e2ba8,0x00000000fb800000)
 Metaspace       used 75267K, capacity 79558K, committed 79744K, reserved 1118208K
  class space    used 9514K, capacity 10272K, committed 10368K, reserved 1048576K
}
{Heap before GC invocations=394 (full 0):
 PSYoungGen      total 71680K, used 70336K [0x00000000fb800000, 0x0000000100000000, 0x0000000100000000)
  eden space 69632K, 100% used [0x00000000fb800000,0x00000000ffc00000,0x00000000ffc00000)
  from space 2048K, 34% used [0x00000000ffc00000,0x00000000ffcb0000,0x00000000ffe00000)
  to   space 2048K, 0% used [0x00000000ffe00000,0x00000000ffe00000,0x0000000100000000)
 ParOldGen       total 114688K, used 108426K [0x00000000f4800000, 0x00000000fb800000, 0x00000000fb800000)
  object space 114688K, 94% used [0x00000000f4800000,0x00000000fb1e2ba8,0x00000000fb800000)
 Metaspace       used 75271K, capacity 79558K, committed 79744K, reserved 1118208K
  class space    used 9514K, capacity 10272K, committed 10368K, reserved 1048576K
2024-06-11T21:06:32.612+0800: 1651.825: [GC (Allocation Failure) [PSYoungGen: 70336K->704K(71680K)] 178762K->109210K(186368K), 0.0061448 secs] [Times: user=0.01 sys=0.00, real=0.00 secs] 
Heap after GC invocations=394 (full 0):
 PSYoungGen      total 71680K, used 704K [0x00000000fb800000, 0x0000000100000000, 0x0000000100000000)
  eden space 69632K, 0% used [0x00000000fb800000,0x00000000fb800000,0x00000000ffc00000)
  from space 2048K, 34% used [0x00000000ffe00000,0x00000000ffeb0000,0x0000000100000000)
  to   space 2048K, 0% used [0x00000000ffc00000,0x00000000ffc00000,0x00000000ffe00000)
 ParOldGen       total 114688K, used 108506K [0x00000000f4800000, 0x00000000fb800000, 0x00000000fb800000)
  object space 114688K, 94% used [0x00000000f4800000,0x00000000fb1f6ba8,0x00000000fb800000)
 Metaspace       used 75271K, capacity 79558K, committed 79744K, reserved 1118208K
  class space    used 9514K, capacity 10272K, committed 10368K, reserved 1048576K
}
{Heap before GC invocations=395 (full 0):
 PSYoungGen      total 71680K, used 70336K [0x00000000fb800000, 0x0000000100000000, 0x0000000100000000)
  eden space 69632K, 100% used [0x00000000fb800000,0x00000000ffc00000,0x00000000ffc00000)
  from space 2048K, 34% used [0x00000000ffe00000,0x00000000ffeb0000,0x0000000100000000)
  to   space 2048K, 0% used [0x00000000ffc00000,0x00000000ffc00000,0x00000000ffe00000)
 ParOldGen       total 114688K, used 108506K [0x00000000f4800000, 0x00000000fb800000, 0x00000000fb800000)
  object space 114688K, 94% used [0x00000000f4800000,0x00000000fb1f6ba8,0x00000000fb800000)
 Metaspace       used 75271K, capacity 79558K, committed 79744K, reserved 1118208K
  class space    used 9514K, capacity 10272K, committed 10368K, reserved 1048576K
2024-06-11T21:06:36.741+0800: 1655.955: [GC (Allocation Failure) [PSYoungGen: 70336K->736K(71680K)] 178842K->109314K(186368K), 0.0049971 secs] [Times: user=0.01 sys=0.00, real=0.00 secs] 
Heap after GC invocations=395 (full 0):
 PSYoungGen      total 71680K, used 736K [0x00000000fb800000, 0x0000000100000000, 0x0000000100000000)
  eden space 69632K, 0% used [0x00000000fb800000,0x00000000fb800000,0x00000000ffc00000)
  from space 2048K, 35% used [0x00000000ffc00000,0x00000000ffcb8000,0x00000000ffe00000)
  to   space 2048K, 0% used [0x00000000ffe00000,0x00000000ffe00000,0x0000000100000000)
 ParOldGen       total 114688K, used 108578K [0x00000000f4800000, 0x00000000fb800000, 0x00000000fb800000)
  object space 114688K, 94% used [0x00000000f4800000,0x00000000fb208ba8,0x00000000fb800000)
 Metaspace       used 75271K, capacity 79558K, committed 79744K, reserved 1118208K
  class space    used 9514K, capacity 10272K, committed 10368K, reserved 1048576K
}
{Heap before GC invocations=396 (full 0):
 PSYoungGen      total 71680K, used 70368K [0x00000000fb800000, 0x0000000100000000, 0x0000000100000000)
  eden space 69632K, 100% used [0x00000000fb800000,0x00000000ffc00000,0x00000000ffc00000)
  from space 2048K, 35% used [0x00000000ffc00000,0x00000000ffcb8000,0x00000000ffe00000)
  to   space 2048K, 0% used [0x00000000ffe00000,0x00000000ffe00000,0x0000000100000000)
 ParOldGen       total 114688K, used 108578K [0x00000000f4800000, 0x00000000fb800000, 0x00000000fb800000)
  object space 114688K, 94% used [0x00000000f4800000,0x00000000fb208ba8,0x00000000fb800000)
 Metaspace       used 75272K, capacity 79558K, committed 79744K, reserved 1118208K
  class space    used 9514K, capacity 10272K, committed 10368K, reserved 1048576K
2024-06-11T21:06:41.141+0800: 1660.354: [GC (Allocation Failure) [PSYoungGen: 70368K->736K(72192K)] 178946K->109394K(186880K), 0.0050032 secs] [Times: user=0.01 sys=0.00, real=0.00 secs] 
Heap after GC invocations=396 (full 0):
 PSYoungGen      total 72192K, used 736K [0x00000000fb800000, 0x0000000100000000, 0x0000000100000000)
  eden space 70144K, 0% used [0x00000000fb800000,0x00000000fb800000,0x00000000ffc80000)
  from space 2048K, 35% used [0x00000000ffe00000,0x00000000ffeb8000,0x0000000100000000)
  to   space 1536K, 0% used [0x00000000ffc80000,0x00000000ffc80000,0x00000000ffe00000)
 ParOldGen       total 114688K, used 108658K [0x00000000f4800000, 0x00000000fb800000, 0x00000000fb800000)
  object space 114688K, 94% used [0x00000000f4800000,0x00000000fb21cba8,0x00000000fb800000)
 Metaspace       used 75272K, capacity 79558K, committed 79744K, reserved 1118208K
  class space    used 9514K, capacity 10272K, committed 10368K, reserved 1048576K
}
{Heap before GC invocations=397 (full 0):
 PSYoungGen      total 72192K, used 70880K [0x00000000fb800000, 0x0000000100000000, 0x0000000100000000)
  eden space 70144K, 100% used [0x00000000fb800000,0x00000000ffc80000,0x00000000ffc80000)
  from space 2048K, 35% used [0x00000000ffe00000,0x00000000ffeb8000,0x0000000100000000)
  to   space 1536K, 0% used [0x00000000ffc80000,0x00000000ffc80000,0x00000000ffe00000)
 ParOldGen       total 114688K, used 108658K [0x00000000f4800000, 0x00000000fb800000, 0x00000000fb800000)
  object space 114688K, 94% used [0x00000000f4800000,0x00000000fb21cba8,0x00000000fb800000)
 Metaspace       used 75272K, capacity 79558K, committed 79744K, reserved 1118208K
  class space    used 9514K, capacity 10272K, committed 10368K, reserved 1048576K
2024-06-11T21:06:45.564+0800: 1664.777: [GC (Allocation Failure) [PSYoungGen: 70880K->736K(71680K)] 179538K->109474K(186368K), 0.0207182 secs] [Times: user=0.03 sys=0.01, real=0.02 secs] 
Heap after GC invocations=397 (full 0):
 PSYoungGen      total 71680K, used 736K [0x00000000fb800000, 0x0000000100000000, 0x0000000100000000)
  eden space 70144K, 0% used [0x00000000fb800000,0x00000000fb800000,0x00000000ffc80000)
  from space 1536K, 47% used [0x00000000ffc80000,0x00000000ffd38000,0x00000000ffe00000)
  to   space 1536K, 0% used [0x00000000ffe80000,0x00000000ffe80000,0x0000000100000000)
 ParOldGen       total 114688K, used 108738K [0x00000000f4800000, 0x00000000fb800000, 0x00000000fb800000)
  object space 114688K, 94% used [0x00000000f4800000,0x00000000fb230ba8,0x00000000fb800000)
 Metaspace       used 75272K, capacity 79558K, committed 79744K, reserved 1118208K
  class space    used 9514K, capacity 10272K, committed 10368K, reserved 1048576K
}
{Heap before GC invocations=398 (full 0):
 PSYoungGen      total 71680K, used 70880K [0x00000000fb800000, 0x0000000100000000, 0x0000000100000000)
  eden space 70144K, 100% used [0x00000000fb800000,0x00000000ffc80000,0x00000000ffc80000)
  from space 1536K, 47% used [0x00000000ffc80000,0x00000000ffd38000,0x00000000ffe00000)
  to   space 1536K, 0% used [0x00000000ffe80000,0x00000000ffe80000,0x0000000100000000)
 ParOldGen       total 114688K, used 108738K [0x00000000f4800000, 0x00000000fb800000, 0x00000000fb800000)
  object space 114688K, 94% used [0x00000000f4800000,0x00000000fb230ba8,0x00000000fb800000)
 Metaspace       used 75272K, capacity 79558K, committed 79744K, reserved 1118208K
  class space    used 9514K, capacity 10272K, committed 10368K, reserved 1048576K
2024-06-11T21:06:49.730+0800: 1668.943: [GC (Allocation Failure) [PSYoungGen: 70880K->736K(72192K)] 179618K->109554K(186880K), 0.0048365 secs] [Times: user=0.01 sys=0.00, real=0.01 secs] 
Heap after GC invocations=398 (full 0):
 PSYoungGen      total 72192K, used 736K [0x00000000fb800000, 0x0000000100000000, 0x0000000100000000)
  eden space 70656K, 0% used [0x00000000fb800000,0x00000000fb800000,0x00000000ffd00000)
  from space 1536K, 47% used [0x00000000ffe80000,0x00000000fff38000,0x0000000100000000)
  to   space 1536K, 0% used [0x00000000ffd00000,0x00000000ffd00000,0x00000000ffe80000)
 ParOldGen       total 114688K, used 108818K [0x00000000f4800000, 0x00000000fb800000, 0x00000000fb800000)
  object space 114688K, 94% used [0x00000000f4800000,0x00000000fb244ba8,0x00000000fb800000)
 Metaspace       used 75272K, capacity 79558K, committed 79744K, reserved 1118208K
  class space    used 9514K, capacity 10272K, committed 10368K, reserved 1048576K
}
{Heap before GC invocations=399 (full 0):
 PSYoungGen      total 72192K, used 71392K [0x00000000fb800000, 0x0000000100000000, 0x0000000100000000)
  eden space 70656K, 100% used [0x00000000fb800000,0x00000000ffd00000,0x00000000ffd00000)
  from space 1536K, 47% used [0x00000000ffe80000,0x00000000fff38000,0x0000000100000000)
  to   space 1536K, 0% used [0x00000000ffd00000,0x00000000ffd00000,0x00000000ffe80000)
 ParOldGen       total 114688K, used 108818K [0x00000000f4800000, 0x00000000fb800000, 0x00000000fb800000)
  object space 114688K, 94% used [0x00000000f4800000,0x00000000fb244ba8,0x00000000fb800000)
 Metaspace       used 75274K, capacity 79558K, committed 79744K, reserved 1118208K
  class space    used 9514K, capacity 10272K, committed 10368K, reserved 1048576K
2024-06-11T21:06:54.164+0800: 1673.378: [GC (Allocation Failure) [PSYoungGen: 71392K->704K(72192K)] 180210K->109602K(186880K), 0.0060141 secs] [Times: user=0.00 sys=0.00, real=0.00 secs] 
Heap after GC invocations=399 (full 0):
 PSYoungGen      total 72192K, used 704K [0x00000000fb800000, 0x0000000100000000, 0x0000000100000000)
  eden space 70656K, 0% used [0x00000000fb800000,0x00000000fb800000,0x00000000ffd00000)
  from space 1536K, 45% used [0x00000000ffd00000,0x00000000ffdb0000,0x00000000ffe80000)
  to   space 1536K, 0% used [0x00000000ffe80000,0x00000000ffe80000,0x0000000100000000)
 ParOldGen       total 114688K, used 108898K [0x00000000f4800000, 0x00000000fb800000, 0x00000000fb800000)
  object space 114688K, 94% used [0x00000000f4800000,0x00000000fb258ba8,0x00000000fb800000)
 Metaspace       used 75274K, capacity 79558K, committed 79744K, reserved 1118208K
  class space    used 9514K, capacity 10272K, committed 10368K, reserved 1048576K
}
{Heap before GC invocations=400 (full 0):
 PSYoungGen      total 72192K, used 71360K [0x00000000fb800000, 0x0000000100000000, 0x0000000100000000)
  eden space 70656K, 100% used [0x00000000fb800000,0x00000000ffd00000,0x00000000ffd00000)
  from space 1536K, 45% used [0x00000000ffd00000,0x00000000ffdb0000,0x00000000ffe80000)
  to   space 1536K, 0% used [0x00000000ffe80000,0x00000000ffe80000,0x0000000100000000)
 ParOldGen       total 114688K, used 108898K [0x00000000f4800000, 0x00000000fb800000, 0x00000000fb800000)
  object space 114688K, 94% used [0x00000000f4800000,0x00000000fb258ba8,0x00000000fb800000)
 Metaspace       used 75274K, capacity 79558K, committed 79744K, reserved 1118208K
  class space    used 9514K, capacity 10272K, committed 10368K, reserved 1048576K
2024-06-11T21:06:58.526+0800: 1677.739: [GC (Allocation Failure) [PSYoungGen: 71360K->672K(72192K)] 180258K->109650K(186880K), 0.0084209 secs] [Times: user=0.01 sys=0.00, real=0.01 secs] 
Heap after GC invocations=400 (full 0):
 PSYoungGen      total 72192K, used 672K [0x00000000fb800000, 0x0000000100000000, 0x0000000100000000)
  eden space 70656K, 0% used [0x00000000fb800000,0x00000000fb800000,0x00000000ffd00000)
  from space 1536K, 43% used [0x00000000ffe80000,0x00000000fff28000,0x0000000100000000)
  to   space 1536K, 0% used [0x00000000ffd00000,0x00000000ffd00000,0x00000000ffe80000)
 ParOldGen       total 114688K, used 108978K [0x00000000f4800000, 0x00000000fb800000, 0x00000000fb800000)
  object space 114688K, 95% used [0x00000000f4800000,0x00000000fb26cba8,0x00000000fb800000)
 Metaspace       used 75274K, capacity 79558K, committed 79744K, reserved 1118208K
  class space    used 9514K, capacity 10272K, committed 10368K, reserved 1048576K
}
{Heap before GC invocations=401 (full 0):
 PSYoungGen      total 72192K, used 71328K [0x00000000fb800000, 0x0000000100000000, 0x0000000100000000)
  eden space 70656K, 100% used [0x00000000fb800000,0x00000000ffd00000,0x00000000ffd00000)
  from space 1536K, 43% used [0x00000000ffe80000,0x00000000fff28000,0x0000000100000000)
  to   space 1536K, 0% used [0x00000000ffd00000,0x00000000ffd00000,0x00000000ffe80000)
 ParOldGen       total 114688K, used 108978K [0x00000000f4800000, 0x00000000fb800000, 0x00000000fb800000)
  object space 114688K, 95% used [0x00000000f4800000,0x00000000fb26cba8,0x00000000fb800000)
 Metaspace       used 75274K, capacity 79558K, committed 79744K, reserved 1118208K
  class space    used 9514K, capacity 10272K, committed 10368K, reserved 1048576K
2024-06-11T21:07:02.860+0800: 1682.073: [GC (Allocation Failure) [PSYoungGen: 71328K->736K(72192K)] 180306K->109794K(186880K), 0.0052261 secs] [Times: user=0.00 sys=0.00, real=0.01 secs] 
Heap after GC invocations=401 (full 0):
 PSYoungGen      total 72192K, used 736K [0x00000000fb800000, 0x0000000100000000, 0x0000000100000000)
  eden space 70656K, 0% used [0x00000000fb800000,0x00000000fb800000,0x00000000ffd00000)
  from space 1536K, 47% used [0x00000000ffd00000,0x00000000ffdb8000,0x00000000ffe80000)
  to   space 1536K, 0% used [0x00000000ffe80000,0x00000000ffe80000,0x0000000100000000)
 ParOldGen       total 114688K, used 109058K [0x00000000f4800000, 0x00000000fb800000, 0x00000000fb800000)
  object space 114688K, 95% used [0x00000000f4800000,0x00000000fb280ba8,0x00000000fb800000)
 Metaspace       used 75274K, capacity 79558K, committed 79744K, reserved 1118208K
  class space    used 9514K, capacity 10272K, committed 10368K, reserved 1048576K
}
{Heap before GC invocations=402 (full 0):
 PSYoungGen      total 72192K, used 71392K [0x00000000fb800000, 0x0000000100000000, 0x0000000100000000)
  eden space 70656K, 100% used [0x00000000fb800000,0x00000000ffd00000,0x00000000ffd00000)
  from space 1536K, 47% used [0x00000000ffd00000,0x00000000ffdb8000,0x00000000ffe80000)
  to   space 1536K, 0% used [0x00000000ffe80000,0x00000000ffe80000,0x0000000100000000)
 ParOldGen       total 114688K, used 109058K [0x00000000f4800000, 0x00000000fb800000, 0x00000000fb800000)
  object space 114688K, 95% used [0x00000000f4800000,0x00000000fb280ba8,0x00000000fb800000)
 Metaspace       used 75274K, capacity 79558K, committed 79744K, reserved 1118208K
  class space    used 9514K, capacity 10272K, committed 10368K, reserved 1048576K
2024-06-11T21:07:07.165+0800: 1686.378: [GC (Allocation Failure) [PSYoungGen: 71392K->704K(72192K)] 180450K->109850K(186880K), 0.0048987 secs] [Times: user=0.01 sys=0.00, real=0.00 secs] 
Heap after GC invocations=402 (full 0):
 PSYoungGen      total 72192K, used 704K [0x00000000fb800000, 0x0000000100000000, 0x0000000100000000)
  eden space 70656K, 0% used [0x00000000fb800000,0x00000000fb800000,0x00000000ffd00000)
  from space 1536K, 45% used [0x00000000ffe80000,0x00000000fff30000,0x0000000100000000)
  to   space 1536K, 0% used [0x00000000ffd00000,0x00000000ffd00000,0x00000000ffe80000)
 ParOldGen       total 114688K, used 109146K [0x00000000f4800000, 0x00000000fb800000, 0x00000000fb800000)
  object space 114688K, 95% used [0x00000000f4800000,0x00000000fb296ba8,0x00000000fb800000)
 Metaspace       used 75274K, capacity 79558K, committed 79744K, reserved 1118208K
  class space    used 9514K, capacity 10272K, committed 10368K, reserved 1048576K
}
{Heap before GC invocations=403 (full 0):
 PSYoungGen      total 72192K, used 71360K [0x00000000fb800000, 0x0000000100000000, 0x0000000100000000)
  eden space 70656K, 100% used [0x00000000fb800000,0x00000000ffd00000,0x00000000ffd00000)
  from space 1536K, 45% used [0x00000000ffe80000,0x00000000fff30000,0x0000000100000000)
  to   space 1536K, 0% used [0x00000000ffd00000,0x00000000ffd00000,0x00000000ffe80000)
 ParOldGen       total 114688K, used 109146K [0x00000000f4800000, 0x00000000fb800000, 0x00000000fb800000)
  object space 114688K, 95% used [0x00000000f4800000,0x00000000fb296ba8,0x00000000fb800000)
 Metaspace       used 75274K, capacity 79558K, committed 79744K, reserved 1118208K
  class space    used 9514K, capacity 10272K, committed 10368K, reserved 1048576K
2024-06-11T21:07:11.531+0800: 1690.744: [GC (Allocation Failure) [PSYoungGen: 71360K->736K(72192K)] 180506K->109970K(186880K), 0.0050585 secs] [Times: user=0.00 sys=0.00, real=0.00 secs] 
Heap after GC invocations=403 (full 0):
 PSYoungGen      total 72192K, used 736K [0x00000000fb800000, 0x0000000100000000, 0x0000000100000000)
  eden space 70656K, 0% used [0x00000000fb800000,0x00000000fb800000,0x00000000ffd00000)
  from space 1536K, 47% used [0x00000000ffd00000,0x00000000ffdb8000,0x00000000ffe80000)
  to   space 1536K, 0% used [0x00000000ffe80000,0x00000000ffe80000,0x0000000100000000)
 ParOldGen       total 114688K, used 109234K [0x00000000f4800000, 0x00000000fb800000, 0x00000000fb800000)
  object space 114688K, 95% used [0x00000000f4800000,0x00000000fb2acba8,0x00000000fb800000)
 Metaspace       used 75274K, capacity 79558K, committed 79744K, reserved 1118208K
  class space    used 9514K, capacity 10272K, committed 10368K, reserved 1048576K
}
{Heap before GC invocations=404 (full 0):
 PSYoungGen      total 72192K, used 71392K [0x00000000fb800000, 0x0000000100000000, 0x0000000100000000)
  eden space 70656K, 100% used [0x00000000fb800000,0x00000000ffd00000,0x00000000ffd00000)
  from space 1536K, 47% used [0x00000000ffd00000,0x00000000ffdb8000,0x00000000ffe80000)
  to   space 1536K, 0% used [0x00000000ffe80000,0x00000000ffe80000,0x0000000100000000)
 ParOldGen       total 114688K, used 109234K [0x00000000f4800000, 0x00000000fb800000, 0x00000000fb800000)
  object space 114688K, 95% used [0x00000000f4800000,0x00000000fb2acba8,0x00000000fb800000)
 Metaspace       used 75274K, capacity 79558K, committed 79744K, reserved 1118208K
  class space    used 9514K, capacity 10272K, committed 10368K, reserved 1048576K
2024-06-11T21:07:15.846+0800: 1695.059: [GC (Allocation Failure) [PSYoungGen: 71392K->704K(72192K)] 180626K->110018K(186880K), 0.0058608 secs] [Times: user=0.01 sys=0.00, real=0.01 secs] 
Heap after GC invocations=404 (full 0):
 PSYoungGen      total 72192K, used 704K [0x00000000fb800000, 0x0000000100000000, 0x0000000100000000)
  eden space 70656K, 0% used [0x00000000fb800000,0x00000000fb800000,0x00000000ffd00000)
  from space 1536K, 45% used [0x00000000ffe80000,0x00000000fff30000,0x0000000100000000)
  to   space 1536K, 0% used [0x00000000ffd00000,0x00000000ffd00000,0x00000000ffe80000)
 ParOldGen       total 114688K, used 109314K [0x00000000f4800000, 0x00000000fb800000, 0x00000000fb800000)
  object space 114688K, 95% used [0x00000000f4800000,0x00000000fb2c0ba8,0x00000000fb800000)
 Metaspace       used 75274K, capacity 79558K, committed 79744K, reserved 1118208K
  class space    used 9514K, capacity 10272K, committed 10368K, reserved 1048576K
}
{Heap before GC invocations=405 (full 0):
 PSYoungGen      total 72192K, used 71360K [0x00000000fb800000, 0x0000000100000000, 0x0000000100000000)
  eden space 70656K, 100% used [0x00000000fb800000,0x00000000ffd00000,0x00000000ffd00000)
  from space 1536K, 45% used [0x00000000ffe80000,0x00000000fff30000,0x0000000100000000)
  to   space 1536K, 0% used [0x00000000ffd00000,0x00000000ffd00000,0x00000000ffe80000)
 ParOldGen       total 114688K, used 109314K [0x00000000f4800000, 0x00000000fb800000, 0x00000000fb800000)
  object space 114688K, 95% used [0x00000000f4800000,0x00000000fb2c0ba8,0x00000000fb800000)
 Metaspace       used 75274K, capacity 79558K, committed 79744K, reserved 1118208K
  class space    used 9514K, capacity 10272K, committed 10368K, reserved 1048576K
2024-06-11T21:07:20.165+0800: 1699.378: [GC (Allocation Failure) [PSYoungGen: 71360K->1440K(72192K)] 180674K->110842K(186880K), 0.0067908 secs] [Times: user=0.01 sys=0.00, real=0.01 secs] 
Heap after GC invocations=405 (full 0):
 PSYoungGen      total 72192K, used 1440K [0x00000000fb800000, 0x0000000100000000, 0x0000000100000000)
  eden space 70656K, 0% used [0x00000000fb800000,0x00000000fb800000,0x00000000ffd00000)
  from space 1536K, 93% used [0x00000000ffd00000,0x00000000ffe68000,0x00000000ffe80000)
  to   space 1536K, 0% used [0x00000000ffe80000,0x00000000ffe80000,0x0000000100000000)
 ParOldGen       total 114688K, used 109402K [0x00000000f4800000, 0x00000000fb800000, 0x00000000fb800000)
  object space 114688K, 95% used [0x00000000f4800000,0x00000000fb2d6ba8,0x00000000fb800000)
 Metaspace       used 75274K, capacity 79558K, committed 79744K, reserved 1118208K
  class space    used 9514K, capacity 10272K, committed 10368K, reserved 1048576K
}
{Heap before GC invocations=406 (full 0):
 PSYoungGen      total 72192K, used 72096K [0x00000000fb800000, 0x0000000100000000, 0x0000000100000000)
  eden space 70656K, 100% used [0x00000000fb800000,0x00000000ffd00000,0x00000000ffd00000)
  from space 1536K, 93% used [0x00000000ffd00000,0x00000000ffe68000,0x00000000ffe80000)
  to   space 1536K, 0% used [0x00000000ffe80000,0x00000000ffe80000,0x0000000100000000)
 ParOldGen       total 114688K, used 109402K [0x00000000f4800000, 0x00000000fb800000, 0x00000000fb800000)
  object space 114688K, 95% used [0x00000000f4800000,0x00000000fb2d6ba8,0x00000000fb800000)
 Metaspace       used 75274K, capacity 79558K, committed 79744K, reserved 1118208K
  class space    used 9514K, capacity 10272K, committed 10368K, reserved 1048576K
2024-06-11T21:07:24.458+0800: 1703.671: [GC (Allocation Failure) [PSYoungGen: 72096K->1216K(72192K)] 181498K->111506K(186880K), 0.0068946 secs] [Times: user=0.02 sys=0.00, real=0.01 secs] 
Heap after GC invocations=406 (full 0):
 PSYoungGen      total 72192K, used 1216K [0x00000000fb800000, 0x0000000100000000, 0x0000000100000000)
  eden space 70656K, 0% used [0x00000000fb800000,0x00000000fb800000,0x00000000ffd00000)
  from space 1536K, 79% used [0x00000000ffe80000,0x00000000fffb0000,0x0000000100000000)
  to   space 1536K, 0% used [0x00000000ffd00000,0x00000000ffd00000,0x00000000ffe80000)
 ParOldGen       total 114688K, used 110290K [0x00000000f4800000, 0x00000000fb800000, 0x00000000fb800000)
  object space 114688K, 96% used [0x00000000f4800000,0x00000000fb3b4ba8,0x00000000fb800000)
 Metaspace       used 75274K, capacity 79558K, committed 79744K, reserved 1118208K
  class space    used 9514K, capacity 10272K, committed 10368K, reserved 1048576K
}
{Heap before GC invocations=407 (full 0):
 PSYoungGen      total 72192K, used 71872K [0x00000000fb800000, 0x0000000100000000, 0x0000000100000000)
  eden space 70656K, 100% used [0x00000000fb800000,0x00000000ffd00000,0x00000000ffd00000)
  from space 1536K, 79% used [0x00000000ffe80000,0x00000000fffb0000,0x0000000100000000)
  to   space 1536K, 0% used [0x00000000ffd00000,0x00000000ffd00000,0x00000000ffe80000)
 ParOldGen       total 114688K, used 110290K [0x00000000f4800000, 0x00000000fb800000, 0x00000000fb800000)
  object space 114688K, 96% used [0x00000000f4800000,0x00000000fb3b4ba8,0x00000000fb800000)
 Metaspace       used 75274K, capacity 79558K, committed 79744K, reserved 1118208K
  class space    used 9514K, capacity 10272K, committed 10368K, reserved 1048576K
2024-06-11T21:07:28.792+0800: 1708.005: [GC (Allocation Failure) [PSYoungGen: 71872K->704K(72192K)] 182162K->111562K(186880K), 0.0074182 secs] [Times: user=0.01 sys=0.00, real=0.00 secs] 
Heap after GC invocations=407 (full 0):
 PSYoungGen      total 72192K, used 704K [0x00000000fb800000, 0x0000000100000000, 0x0000000100000000)
  eden space 70656K, 0% used [0x00000000fb800000,0x00000000fb800000,0x00000000ffd00000)
  from space 1536K, 45% used [0x00000000ffd00000,0x00000000ffdb0000,0x00000000ffe80000)
  to   space 1536K, 0% used [0x00000000ffe80000,0x00000000ffe80000,0x0000000100000000)
 ParOldGen       total 114688K, used 110858K [0x00000000f4800000, 0x00000000fb800000, 0x00000000fb800000)
  object space 114688K, 96% used [0x00000000f4800000,0x00000000fb442ba8,0x00000000fb800000)
 Metaspace       used 75274K, capacity 79558K, committed 79744K, reserved 1118208K
  class space    used 9514K, capacity 10272K, committed 10368K, reserved 1048576K
}
{Heap before GC invocations=408 (full 0):
 PSYoungGen      total 72192K, used 71360K [0x00000000fb800000, 0x0000000100000000, 0x0000000100000000)
  eden space 70656K, 100% used [0x00000000fb800000,0x00000000ffd00000,0x00000000ffd00000)
  from space 1536K, 45% used [0x00000000ffd00000,0x00000000ffdb0000,0x00000000ffe80000)
  to   space 1536K, 0% used [0x00000000ffe80000,0x00000000ffe80000,0x0000000100000000)
 ParOldGen       total 114688K, used 110858K [0x00000000f4800000, 0x00000000fb800000, 0x00000000fb800000)
  object space 114688K, 96% used [0x00000000f4800000,0x00000000fb442ba8,0x00000000fb800000)
 Metaspace       used 75274K, capacity 79558K, committed 79744K, reserved 1118208K
  class space    used 9514K, capacity 10272K, committed 10368K, reserved 1048576K
2024-06-11T21:07:33.177+0800: 1712.391: [GC (Allocation Failure) [PSYoungGen: 71360K->704K(72192K)] 182218K->111650K(186880K), 0.0050874 secs] [Times: user=0.01 sys=0.00, real=0.01 secs] 
Heap after GC invocations=408 (full 0):
 PSYoungGen      total 72192K, used 704K [0x00000000fb800000, 0x0000000100000000, 0x0000000100000000)
  eden space 70656K, 0% used [0x00000000fb800000,0x00000000fb800000,0x00000000ffd00000)
  from space 1536K, 45% used [0x00000000ffe80000,0x00000000fff30000,0x0000000100000000)
  to   space 1536K, 0% used [0x00000000ffd00000,0x00000000ffd00000,0x00000000ffe80000)
 ParOldGen       total 114688K, used 110946K [0x00000000f4800000, 0x00000000fb800000, 0x00000000fb800000)
  object space 114688K, 96% used [0x00000000f4800000,0x00000000fb458ba8,0x00000000fb800000)
 Metaspace       used 75274K, capacity 79558K, committed 79744K, reserved 1118208K
  class space    used 9514K, capacity 10272K, committed 10368K, reserved 1048576K
}
{Heap before GC invocations=409 (full 0):
 PSYoungGen      total 72192K, used 71360K [0x00000000fb800000, 0x0000000100000000, 0x0000000100000000)
  eden space 70656K, 100% used [0x00000000fb800000,0x00000000ffd00000,0x00000000ffd00000)
  from space 1536K, 45% used [0x00000000ffe80000,0x00000000fff30000,0x0000000100000000)
  to   space 1536K, 0% used [0x00000000ffd00000,0x00000000ffd00000,0x00000000ffe80000)
 ParOldGen       total 114688K, used 110946K [0x00000000f4800000, 0x00000000fb800000, 0x00000000fb800000)
  object space 114688K, 96% used [0x00000000f4800000,0x00000000fb458ba8,0x00000000fb800000)
 Metaspace       used 75274K, capacity 79558K, committed 79744K, reserved 1118208K
  class space    used 9514K, capacity 10272K, committed 10368K, reserved 1048576K
2024-06-11T21:07:37.492+0800: 1716.705: [GC (Allocation Failure) [PSYoungGen: 71360K->736K(72192K)] 182306K->111762K(186880K), 0.0048783 secs] [Times: user=0.01 sys=0.00, real=0.00 secs] 
Heap after GC invocations=409 (full 0):
 PSYoungGen      total 72192K, used 736K [0x00000000fb800000, 0x0000000100000000, 0x0000000100000000)
  eden space 70656K, 0% used [0x00000000fb800000,0x00000000fb800000,0x00000000ffd00000)
  from space 1536K, 47% used [0x00000000ffd00000,0x00000000ffdb8000,0x00000000ffe80000)
  to   space 1536K, 0% used [0x00000000ffe80000,0x00000000ffe80000,0x0000000100000000)
 ParOldGen       total 114688K, used 111026K [0x00000000f4800000, 0x00000000fb800000, 0x00000000fb800000)
  object space 114688K, 96% used [0x00000000f4800000,0x00000000fb46cba8,0x00000000fb800000)
 Metaspace       used 75274K, capacity 79558K, committed 79744K, reserved 1118208K
  class space    used 9514K, capacity 10272K, committed 10368K, reserved 1048576K
}
{Heap before GC invocations=410 (full 0):
 PSYoungGen      total 72192K, used 71392K [0x00000000fb800000, 0x0000000100000000, 0x0000000100000000)
  eden space 70656K, 100% used [0x00000000fb800000,0x00000000ffd00000,0x00000000ffd00000)
  from space 1536K, 47% used [0x00000000ffd00000,0x00000000ffdb8000,0x00000000ffe80000)
  to   space 1536K, 0% used [0x00000000ffe80000,0x00000000ffe80000,0x0000000100000000)
 ParOldGen       total 114688K, used 111026K [0x00000000f4800000, 0x00000000fb800000, 0x00000000fb800000)
  object space 114688K, 96% used [0x00000000f4800000,0x00000000fb46cba8,0x00000000fb800000)
 Metaspace       used 75274K, capacity 79558K, committed 79744K, reserved 1118208K
  class space    used 9514K, capacity 10272K, committed 10368K, reserved 1048576K
2024-06-11T21:07:41.828+0800: 1721.041: [GC (Allocation Failure) [PSYoungGen: 71392K->736K(72192K)] 182418K->111842K(186880K), 0.0054152 secs] [Times: user=0.01 sys=0.00, real=0.01 secs] 
Heap after GC invocations=410 (full 0):
 PSYoungGen      total 72192K, used 736K [0x00000000fb800000, 0x0000000100000000, 0x0000000100000000)
  eden space 70656K, 0% used [0x00000000fb800000,0x00000000fb800000,0x00000000ffd00000)
  from space 1536K, 47% used [0x00000000ffe80000,0x00000000fff38000,0x0000000100000000)
  to   space 1536K, 0% used [0x00000000ffd00000,0x00000000ffd00000,0x00000000ffe80000)
 ParOldGen       total 114688K, used 111106K [0x00000000f4800000, 0x00000000fb800000, 0x00000000fb800000)
  object space 114688K, 96% used [0x00000000f4800000,0x00000000fb480ba8,0x00000000fb800000)
 Metaspace       used 75274K, capacity 79558K, committed 79744K, reserved 1118208K
  class space    used 9514K, capacity 10272K, committed 10368K, reserved 1048576K
}
{Heap before GC invocations=411 (full 0):
 PSYoungGen      total 72192K, used 71392K [0x00000000fb800000, 0x0000000100000000, 0x0000000100000000)
  eden space 70656K, 100% used [0x00000000fb800000,0x00000000ffd00000,0x00000000ffd00000)
  from space 1536K, 47% used [0x00000000ffe80000,0x00000000fff38000,0x0000000100000000)
  to   space 1536K, 0% used [0x00000000ffd00000,0x00000000ffd00000,0x00000000ffe80000)
 ParOldGen       total 114688K, used 111106K [0x00000000f4800000, 0x00000000fb800000, 0x00000000fb800000)
  object space 114688K, 96% used [0x00000000f4800000,0x00000000fb480ba8,0x00000000fb800000)
 Metaspace       used 75274K, capacity 79558K, committed 79744K, reserved 1118208K
  class space    used 9514K, capacity 10272K, committed 10368K, reserved 1048576K
2024-06-11T21:07:46.214+0800: 1725.427: [GC (Allocation Failure) [PSYoungGen: 71392K->736K(72192K)] 182498K->111922K(186880K), 0.0052155 secs] [Times: user=0.01 sys=0.00, real=0.00 secs] 
Heap after GC invocations=411 (full 0):
 PSYoungGen      total 72192K, used 736K [0x00000000fb800000, 0x0000000100000000, 0x0000000100000000)
  eden space 70656K, 0% used [0x00000000fb800000,0x00000000fb800000,0x00000000ffd00000)
  from space 1536K, 47% used [0x00000000ffd00000,0x00000000ffdb8000,0x00000000ffe80000)
  to   space 1536K, 0% used [0x00000000ffe80000,0x00000000ffe80000,0x0000000100000000)
 ParOldGen       total 114688K, used 111186K [0x00000000f4800000, 0x00000000fb800000, 0x00000000fb800000)
  object space 114688K, 96% used [0x00000000f4800000,0x00000000fb494ba8,0x00000000fb800000)
 Metaspace       used 75274K, capacity 79558K, committed 79744K, reserved 1118208K
  class space    used 9514K, capacity 10272K, committed 10368K, reserved 1048576K
}
{Heap before GC invocations=412 (full 0):
 PSYoungGen      total 72192K, used 71392K [0x00000000fb800000, 0x0000000100000000, 0x0000000100000000)
  eden space 70656K, 100% used [0x00000000fb800000,0x00000000ffd00000,0x00000000ffd00000)
  from space 1536K, 47% used [0x00000000ffd00000,0x00000000ffdb8000,0x00000000ffe80000)
  to   space 1536K, 0% used [0x00000000ffe80000,0x00000000ffe80000,0x0000000100000000)
 ParOldGen       total 114688K, used 111186K [0x00000000f4800000, 0x00000000fb800000, 0x00000000fb800000)
  object space 114688K, 96% used [0x00000000f4800000,0x00000000fb494ba8,0x00000000fb800000)
 Metaspace       used 75274K, capacity 79558K, committed 79744K, reserved 1118208K
  class space    used 9514K, capacity 10272K, committed 10368K, reserved 1048576K
2024-06-11T21:07:50.429+0800: 1729.642: [GC (Allocation Failure) [PSYoungGen: 71392K->736K(72192K)] 182578K->112010K(186880K), 0.0047657 secs] [Times: user=0.00 sys=0.00, real=0.01 secs] 
Heap after GC invocations=412 (full 0):
 PSYoungGen      total 72192K, used 736K [0x00000000fb800000, 0x0000000100000000, 0x0000000100000000)
  eden space 70656K, 0% used [0x00000000fb800000,0x00000000fb800000,0x00000000ffd00000)
  from space 1536K, 47% used [0x00000000ffe80000,0x00000000fff38000,0x0000000100000000)
  to   space 1536K, 0% used [0x00000000ffd00000,0x00000000ffd00000,0x00000000ffe80000)
 ParOldGen       total 114688K, used 111274K [0x00000000f4800000, 0x00000000fb800000, 0x00000000fb800000)
  object space 114688K, 97% used [0x00000000f4800000,0x00000000fb4aaba8,0x00000000fb800000)
 Metaspace       used 75274K, capacity 79558K, committed 79744K, reserved 1118208K
  class space    used 9514K, capacity 10272K, committed 10368K, reserved 1048576K
}
{Heap before GC invocations=413 (full 0):
 PSYoungGen      total 72192K, used 71392K [0x00000000fb800000, 0x0000000100000000, 0x0000000100000000)
  eden space 70656K, 100% used [0x00000000fb800000,0x00000000ffd00000,0x00000000ffd00000)
  from space 1536K, 47% used [0x00000000ffe80000,0x00000000fff38000,0x0000000100000000)
  to   space 1536K, 0% used [0x00000000ffd00000,0x00000000ffd00000,0x00000000ffe80000)
 ParOldGen       total 114688K, used 111274K [0x00000000f4800000, 0x00000000fb800000, 0x00000000fb800000)
  object space 114688K, 97% used [0x00000000f4800000,0x00000000fb4aaba8,0x00000000fb800000)
 Metaspace       used 75274K, capacity 79558K, committed 79744K, reserved 1118208K
  class space    used 9514K, capacity 10272K, committed 10368K, reserved 1048576K
2024-06-11T21:07:54.929+0800: 1734.142: [GC (Allocation Failure) [PSYoungGen: 71392K->736K(72192K)] 182666K->112098K(186880K), 0.0051475 secs] [Times: user=0.01 sys=0.00, real=0.01 secs] 
Heap after GC invocations=413 (full 0):
 PSYoungGen      total 72192K, used 736K [0x00000000fb800000, 0x0000000100000000, 0x0000000100000000)
  eden space 70656K, 0% used [0x00000000fb800000,0x00000000fb800000,0x00000000ffd00000)
  from space 1536K, 47% used [0x00000000ffd00000,0x00000000ffdb8000,0x00000000ffe80000)
  to   space 1536K, 0% used [0x00000000ffe80000,0x00000000ffe80000,0x0000000100000000)
 ParOldGen       total 114688K, used 111362K [0x00000000f4800000, 0x00000000fb800000, 0x00000000fb800000)
  object space 114688K, 97% used [0x00000000f4800000,0x00000000fb4c0ba8,0x00000000fb800000)
 Metaspace       used 75274K, capacity 79558K, committed 79744K, reserved 1118208K
  class space    used 9514K, capacity 10272K, committed 10368K, reserved 1048576K
}
{Heap before GC invocations=414 (full 0):
 PSYoungGen      total 72192K, used 71392K [0x00000000fb800000, 0x0000000100000000, 0x0000000100000000)
  eden space 70656K, 100% used [0x00000000fb800000,0x00000000ffd00000,0x00000000ffd00000)
  from space 1536K, 47% used [0x00000000ffd00000,0x00000000ffdb8000,0x00000000ffe80000)
  to   space 1536K, 0% used [0x00000000ffe80000,0x00000000ffe80000,0x0000000100000000)
 ParOldGen       total 114688K, used 111362K [0x00000000f4800000, 0x00000000fb800000, 0x00000000fb800000)
  object space 114688K, 97% used [0x00000000f4800000,0x00000000fb4c0ba8,0x00000000fb800000)
 Metaspace       used 75275K, capacity 79558K, committed 79744K, reserved 1118208K
  class space    used 9514K, capacity 10272K, committed 10368K, reserved 1048576K
2024-06-11T21:07:59.294+0800: 1738.508: [GC (Allocation Failure) [PSYoungGen: 71392K->736K(72192K)] 182754K->112178K(186880K), 0.0049832 secs] [Times: user=0.00 sys=0.00, real=0.00 secs] 
Heap after GC invocations=414 (full 0):
 PSYoungGen      total 72192K, used 736K [0x00000000fb800000, 0x0000000100000000, 0x0000000100000000)
  eden space 70656K, 0% used [0x00000000fb800000,0x00000000fb800000,0x00000000ffd00000)
  from space 1536K, 47% used [0x00000000ffe80000,0x00000000fff38000,0x0000000100000000)
  to   space 1536K, 0% used [0x00000000ffd00000,0x00000000ffd00000,0x00000000ffe80000)
 ParOldGen       total 114688K, used 111442K [0x00000000f4800000, 0x00000000fb800000, 0x00000000fb800000)
  object space 114688K, 97% used [0x00000000f4800000,0x00000000fb4d4ba8,0x00000000fb800000)
 Metaspace       used 75275K, capacity 79558K, committed 79744K, reserved 1118208K
  class space    used 9514K, capacity 10272K, committed 10368K, reserved 1048576K
}
{Heap before GC invocations=415 (full 0):
 PSYoungGen      total 72192K, used 71392K [0x00000000fb800000, 0x0000000100000000, 0x0000000100000000)
  eden space 70656K, 100% used [0x00000000fb800000,0x00000000ffd00000,0x00000000ffd00000)
  from space 1536K, 47% used [0x00000000ffe80000,0x00000000fff38000,0x0000000100000000)
  to   space 1536K, 0% used [0x00000000ffd00000,0x00000000ffd00000,0x00000000ffe80000)
 ParOldGen       total 114688K, used 111442K [0x00000000f4800000, 0x00000000fb800000, 0x00000000fb800000)
  object space 114688K, 97% used [0x00000000f4800000,0x00000000fb4d4ba8,0x00000000fb800000)
 Metaspace       used 75275K, capacity 79558K, committed 79744K, reserved 1118208K
  class space    used 9514K, capacity 10272K, committed 10368K, reserved 1048576K
2024-06-11T21:08:03.675+0800: 1742.888: [GC (Allocation Failure) [PSYoungGen: 71392K->672K(72192K)] 182834K->112210K(186880K), 0.0048562 secs] [Times: user=0.01 sys=0.00, real=0.00 secs] 
Heap after GC invocations=415 (full 0):
 PSYoungGen      total 72192K, used 672K [0x00000000fb800000, 0x0000000100000000, 0x0000000100000000)
  eden space 70656K, 0% used [0x00000000fb800000,0x00000000fb800000,0x00000000ffd00000)
  from space 1536K, 43% used [0x00000000ffd00000,0x00000000ffda8000,0x00000000ffe80000)
  to   space 1536K, 0% used [0x00000000ffe80000,0x00000000ffe80000,0x0000000100000000)
 ParOldGen       total 114688K, used 111538K [0x00000000f4800000, 0x00000000fb800000, 0x00000000fb800000)
  object space 114688K, 97% used [0x00000000f4800000,0x00000000fb4ecba8,0x00000000fb800000)
 Metaspace       used 75275K, capacity 79558K, committed 79744K, reserved 1118208K
  class space    used 9514K, capacity 10272K, committed 10368K, reserved 1048576K
}
{Heap before GC invocations=416 (full 0):
 PSYoungGen      total 72192K, used 71328K [0x00000000fb800000, 0x0000000100000000, 0x0000000100000000)
  eden space 70656K, 100% used [0x00000000fb800000,0x00000000ffd00000,0x00000000ffd00000)
  from space 1536K, 43% used [0x00000000ffd00000,0x00000000ffda8000,0x00000000ffe80000)
  to   space 1536K, 0% used [0x00000000ffe80000,0x00000000ffe80000,0x0000000100000000)
 ParOldGen       total 114688K, used 111538K [0x00000000f4800000, 0x00000000fb800000, 0x00000000fb800000)
  object space 114688K, 97% used [0x00000000f4800000,0x00000000fb4ecba8,0x00000000fb800000)
 Metaspace       used 75281K, capacity 79558K, committed 79744K, reserved 1118208K
  class space    used 9514K, capacity 10272K, committed 10368K, reserved 1048576K
2024-06-11T21:08:07.979+0800: 1747.192: [GC (Allocation Failure) [PSYoungGen: 71328K->1228K(72192K)] 182866K->112847K(186880K), 0.0059771 secs] [Times: user=0.01 sys=0.00, real=0.01 secs] 
Heap after GC invocations=416 (full 0):
 PSYoungGen      total 72192K, used 1228K [0x00000000fb800000, 0x0000000100000000, 0x0000000100000000)
  eden space 70656K, 0% used [0x00000000fb800000,0x00000000fb800000,0x00000000ffd00000)
  from space 1536K, 80% used [0x00000000ffe80000,0x00000000fffb3370,0x0000000100000000)
  to   space 1536K, 0% used [0x00000000ffd00000,0x00000000ffd00000,0x00000000ffe80000)
 ParOldGen       total 114688K, used 111618K [0x00000000f4800000, 0x00000000fb800000, 0x00000000fb800000)
  object space 114688K, 97% used [0x00000000f4800000,0x00000000fb500ba8,0x00000000fb800000)
 Metaspace       used 75281K, capacity 79558K, committed 79744K, reserved 1118208K
  class space    used 9514K, capacity 10272K, committed 10368K, reserved 1048576K
}
{Heap before GC invocations=417 (full 0):
 PSYoungGen      total 72192K, used 71884K [0x00000000fb800000, 0x0000000100000000, 0x0000000100000000)
  eden space 70656K, 100% used [0x00000000fb800000,0x00000000ffd00000,0x00000000ffd00000)
  from space 1536K, 80% used [0x00000000ffe80000,0x00000000fffb3370,0x0000000100000000)
  to   space 1536K, 0% used [0x00000000ffd00000,0x00000000ffd00000,0x00000000ffe80000)
 ParOldGen       total 114688K, used 111618K [0x00000000f4800000, 0x00000000fb800000, 0x00000000fb800000)
  object space 114688K, 97% used [0x00000000f4800000,0x00000000fb500ba8,0x00000000fb800000)
 Metaspace       used 75281K, capacity 79558K, committed 79744K, reserved 1118208K
  class space    used 9514K, capacity 10272K, committed 10368K, reserved 1048576K
2024-06-11T21:08:12.536+0800: 1751.749: [GC (Allocation Failure) [PSYoungGen: 71884K->736K(72192K)] 183503K->112434K(186880K), 0.0049822 secs] [Times: user=0.01 sys=0.00, real=0.01 secs] 
Heap after GC invocations=417 (full 0):
 PSYoungGen      total 72192K, used 736K [0x00000000fb800000, 0x0000000100000000, 0x0000000100000000)
  eden space 70656K, 0% used [0x00000000fb800000,0x00000000fb800000,0x00000000ffd00000)
  from space 1536K, 47% used [0x00000000ffd00000,0x00000000ffdb8000,0x00000000ffe80000)
  to   space 1536K, 0% used [0x00000000ffe80000,0x00000000ffe80000,0x0000000100000000)
 ParOldGen       total 114688K, used 111698K [0x00000000f4800000, 0x00000000fb800000, 0x00000000fb800000)
  object space 114688K, 97% used [0x00000000f4800000,0x00000000fb514ba8,0x00000000fb800000)
 Metaspace       used 75281K, capacity 79558K, committed 79744K, reserved 1118208K
  class space    used 9514K, capacity 10272K, committed 10368K, reserved 1048576K
}
{Heap before GC invocations=418 (full 0):
 PSYoungGen      total 72192K, used 71392K [0x00000000fb800000, 0x0000000100000000, 0x0000000100000000)
  eden space 70656K, 100% used [0x00000000fb800000,0x00000000ffd00000,0x00000000ffd00000)
  from space 1536K, 47% used [0x00000000ffd00000,0x00000000ffdb8000,0x00000000ffe80000)
  to   space 1536K, 0% used [0x00000000ffe80000,0x00000000ffe80000,0x0000000100000000)
 ParOldGen       total 114688K, used 111698K [0x00000000f4800000, 0x00000000fb800000, 0x00000000fb800000)
  object space 114688K, 97% used [0x00000000f4800000,0x00000000fb514ba8,0x00000000fb800000)
 Metaspace       used 75281K, capacity 79558K, committed 79744K, reserved 1118208K
  class space    used 9514K, capacity 10272K, committed 10368K, reserved 1048576K
2024-06-11T21:08:16.927+0800: 1756.140: [GC (Allocation Failure) [PSYoungGen: 71392K->768K(72192K)] 183090K->112554K(186880K), 0.0049077 secs] [Times: user=0.01 sys=0.00, real=0.01 secs] 
Heap after GC invocations=418 (full 0):
 PSYoungGen      total 72192K, used 768K [0x00000000fb800000, 0x0000000100000000, 0x0000000100000000)
  eden space 70656K, 0% used [0x00000000fb800000,0x00000000fb800000,0x00000000ffd00000)
  from space 1536K, 50% used [0x00000000ffe80000,0x00000000fff40000,0x0000000100000000)
  to   space 1536K, 0% used [0x00000000ffd00000,0x00000000ffd00000,0x00000000ffe80000)
 ParOldGen       total 114688K, used 111786K [0x00000000f4800000, 0x00000000fb800000, 0x00000000fb800000)
  object space 114688K, 97% used [0x00000000f4800000,0x00000000fb52aba8,0x00000000fb800000)
 Metaspace       used 75281K, capacity 79558K, committed 79744K, reserved 1118208K
  class space    used 9514K, capacity 10272K, committed 10368K, reserved 1048576K
}
{Heap before GC invocations=419 (full 0):
 PSYoungGen      total 72192K, used 71424K [0x00000000fb800000, 0x0000000100000000, 0x0000000100000000)
  eden space 70656K, 100% used [0x00000000fb800000,0x00000000ffd00000,0x00000000ffd00000)
  from space 1536K, 50% used [0x00000000ffe80000,0x00000000fff40000,0x0000000100000000)
  to   space 1536K, 0% used [0x00000000ffd00000,0x00000000ffd00000,0x00000000ffe80000)
 ParOldGen       total 114688K, used 111786K [0x00000000f4800000, 0x00000000fb800000, 0x00000000fb800000)
  object space 114688K, 97% used [0x00000000f4800000,0x00000000fb52aba8,0x00000000fb800000)
 Metaspace       used 75281K, capacity 79558K, committed 79744K, reserved 1118208K
  class space    used 9514K, capacity 10272K, committed 10368K, reserved 1048576K
2024-06-11T21:08:21.236+0800: 1760.449: [GC (Allocation Failure) [PSYoungGen: 71424K->1536K(72192K)] 183210K->113682K(186880K), 0.0065476 secs] [Times: user=0.01 sys=0.00, real=0.01 secs] 
Heap after GC invocations=419 (full 0):
 PSYoungGen      total 72192K, used 1536K [0x00000000fb800000, 0x0000000100000000, 0x0000000100000000)
  eden space 70656K, 0% used [0x00000000fb800000,0x00000000fb800000,0x00000000ffd00000)
  from space 1536K, 100% used [0x00000000ffd00000,0x00000000ffe80000,0x00000000ffe80000)
  to   space 1536K, 0% used [0x00000000ffe80000,0x00000000ffe80000,0x0000000100000000)
 ParOldGen       total 114688K, used 112146K [0x00000000f4800000, 0x00000000fb800000, 0x00000000fb800000)
  object space 114688K, 97% used [0x00000000f4800000,0x00000000fb584ba8,0x00000000fb800000)
 Metaspace       used 75281K, capacity 79558K, committed 79744K, reserved 1118208K
  class space    used 9514K, capacity 10272K, committed 10368K, reserved 1048576K
}
{Heap before GC invocations=420 (full 0):
 PSYoungGen      total 72192K, used 72192K [0x00000000fb800000, 0x0000000100000000, 0x0000000100000000)
  eden space 70656K, 100% used [0x00000000fb800000,0x00000000ffd00000,0x00000000ffd00000)
  from space 1536K, 100% used [0x00000000ffd00000,0x00000000ffe80000,0x00000000ffe80000)
  to   space 1536K, 0% used [0x00000000ffe80000,0x00000000ffe80000,0x0000000100000000)
 ParOldGen       total 114688K, used 112146K [0x00000000f4800000, 0x00000000fb800000, 0x00000000fb800000)
  object space 114688K, 97% used [0x00000000f4800000,0x00000000fb584ba8,0x00000000fb800000)
 Metaspace       used 75281K, capacity 79558K, committed 79744K, reserved 1118208K
  class space    used 9514K, capacity 10272K, committed 10368K, reserved 1048576K
2024-06-11T21:08:25.590+0800: 1764.804: [GC (Allocation Failure) [PSYoungGen: 72192K->1184K(71168K)] 184338K->114786K(185856K), 0.0078562 secs] [Times: user=0.01 sys=0.00, real=0.01 secs] 
Heap after GC invocations=420 (full 0):
 PSYoungGen      total 71168K, used 1184K [0x00000000fb800000, 0x0000000100000000, 0x0000000100000000)
  eden space 69632K, 0% used [0x00000000fb800000,0x00000000fb800000,0x00000000ffc00000)
  from space 1536K, 77% used [0x00000000ffe80000,0x00000000fffa8000,0x0000000100000000)
  to   space 2048K, 0% used [0x00000000ffc00000,0x00000000ffc00000,0x00000000ffe00000)
 ParOldGen       total 114688K, used 113602K [0x00000000f4800000, 0x00000000fb800000, 0x00000000fb800000)
  object space 114688K, 99% used [0x00000000f4800000,0x00000000fb6f0ba8,0x00000000fb800000)
 Metaspace       used 75281K, capacity 79558K, committed 79744K, reserved 1118208K
  class space    used 9514K, capacity 10272K, committed 10368K, reserved 1048576K
}
{Heap before GC invocations=421 (full 0):
 PSYoungGen      total 71168K, used 70816K [0x00000000fb800000, 0x0000000100000000, 0x0000000100000000)
  eden space 69632K, 100% used [0x00000000fb800000,0x00000000ffc00000,0x00000000ffc00000)
  from space 1536K, 77% used [0x00000000ffe80000,0x00000000fffa8000,0x0000000100000000)
  to   space 2048K, 0% used [0x00000000ffc00000,0x00000000ffc00000,0x00000000ffe00000)
 ParOldGen       total 114688K, used 113602K [0x00000000f4800000, 0x00000000fb800000, 0x00000000fb800000)
  object space 114688K, 99% used [0x00000000f4800000,0x00000000fb6f0ba8,0x00000000fb800000)
 Metaspace       used 75281K, capacity 79558K, committed 79744K, reserved 1118208K
  class space    used 9514K, capacity 10272K, committed 10368K, reserved 1048576K
2024-06-11T21:08:29.792+0800: 1769.005: [GC (Allocation Failure) [PSYoungGen: 70816K->704K(71680K)] 184418K->114850K(186368K), 0.0060941 secs] [Times: user=0.01 sys=0.00, real=0.00 secs] 
Heap after GC invocations=421 (full 0):
 PSYoungGen      total 71680K, used 704K [0x00000000fb800000, 0x0000000100000000, 0x0000000100000000)
  eden space 69632K, 0% used [0x00000000fb800000,0x00000000fb800000,0x00000000ffc00000)
  from space 2048K, 34% used [0x00000000ffc00000,0x00000000ffcb0000,0x00000000ffe00000)
  to   space 2048K, 0% used [0x00000000ffe00000,0x00000000ffe00000,0x0000000100000000)
 ParOldGen       total 114688K, used 114146K [0x00000000f4800000, 0x00000000fb800000, 0x00000000fb800000)
  object space 114688K, 99% used [0x00000000f4800000,0x00000000fb778ba8,0x00000000fb800000)
 Metaspace       used 75281K, capacity 79558K, committed 79744K, reserved 1118208K
  class space    used 9514K, capacity 10272K, committed 10368K, reserved 1048576K
}
{Heap before GC invocations=422 (full 1):
 PSYoungGen      total 71680K, used 704K [0x00000000fb800000, 0x0000000100000000, 0x0000000100000000)
  eden space 69632K, 0% used [0x00000000fb800000,0x00000000fb800000,0x00000000ffc00000)
  from space 2048K, 34% used [0x00000000ffc00000,0x00000000ffcb0000,0x00000000ffe00000)
  to   space 2048K, 0% used [0x00000000ffe00000,0x00000000ffe00000,0x0000000100000000)
 ParOldGen       total 114688K, used 114146K [0x00000000f4800000, 0x00000000fb800000, 0x00000000fb800000)
  object space 114688K, 99% used [0x00000000f4800000,0x00000000fb778ba8,0x00000000fb800000)
 Metaspace       used 75281K, capacity 79558K, committed 79744K, reserved 1118208K
  class space    used 9514K, capacity 10272K, committed 10368K, reserved 1048576K
2024-06-11T21:08:29.798+0800: 1769.011: [Full GC (Ergonomics) [PSYoungGen: 704K->0K(71680K)] [ParOldGen: 114146K->42616K(114688K)] 114850K->42616K(186368K), [Metaspace: 75281K->75022K(1118208K)], 0.1105925 secs] [Times: user=0.17 sys=0.00, real=0.11 secs] 
Heap after GC invocations=422 (full 1):
 PSYoungGen      total 71680K, used 0K [0x00000000fb800000, 0x0000000100000000, 0x0000000100000000)
  eden space 69632K, 0% used [0x00000000fb800000,0x00000000fb800000,0x00000000ffc00000)
  from space 2048K, 0% used [0x00000000ffc00000,0x00000000ffc00000,0x00000000ffe00000)
  to   space 2048K, 0% used [0x00000000ffe00000,0x00000000ffe00000,0x0000000100000000)
 ParOldGen       total 114688K, used 42616K [0x00000000f4800000, 0x00000000fb800000, 0x00000000fb800000)
  object space 114688K, 37% used [0x00000000f4800000,0x00000000f719e288,0x00000000fb800000)
 Metaspace       used 75022K, capacity 79138K, committed 79744K, reserved 1118208K
  class space    used 9471K, capacity 10194K, committed 10368K, reserved 1048576K
}
{Heap before GC invocations=423 (full 1):
 PSYoungGen      total 71680K, used 69632K [0x00000000fb800000, 0x0000000100000000, 0x0000000100000000)
  eden space 69632K, 100% used [0x00000000fb800000,0x00000000ffc00000,0x00000000ffc00000)
  from space 2048K, 0% used [0x00000000ffc00000,0x00000000ffc00000,0x00000000ffe00000)
  to   space 2048K, 0% used [0x00000000ffe00000,0x00000000ffe00000,0x0000000100000000)
 ParOldGen       total 114688K, used 42616K [0x00000000f4800000, 0x00000000fb800000, 0x00000000fb800000)
  object space 114688K, 37% used [0x00000000f4800000,0x00000000f719e288,0x00000000fb800000)
 Metaspace       used 75032K, capacity 79146K, committed 79744K, reserved 1118208K
  class space    used 9475K, capacity 10196K, committed 10368K, reserved 1048576K
2024-06-11T21:08:33.896+0800: 1773.109: [GC (Allocation Failure) [PSYoungGen: 69632K->1088K(71680K)] 112248K->43704K(186368K), 0.0059575 secs] [Times: user=0.01 sys=0.00, real=0.01 secs] 
Heap after GC invocations=423 (full 1):
 PSYoungGen      total 71680K, used 1088K [0x00000000fb800000, 0x0000000100000000, 0x0000000100000000)
  eden space 69632K, 0% used [0x00000000fb800000,0x00000000fb800000,0x00000000ffc00000)
  from space 2048K, 53% used [0x00000000ffe00000,0x00000000fff10000,0x0000000100000000)
  to   space 2048K, 0% used [0x00000000ffc00000,0x00000000ffc00000,0x00000000ffe00000)
 ParOldGen       total 114688K, used 42616K [0x00000000f4800000, 0x00000000fb800000, 0x00000000fb800000)
  object space 114688K, 37% used [0x00000000f4800000,0x00000000f719e288,0x00000000fb800000)
 Metaspace       used 75032K, capacity 79146K, committed 79744K, reserved 1118208K
  class space    used 9475K, capacity 10196K, committed 10368K, reserved 1048576K
}
{Heap before GC invocations=424 (full 1):
 PSYoungGen      total 71680K, used 70720K [0x00000000fb800000, 0x0000000100000000, 0x0000000100000000)
  eden space 69632K, 100% used [0x00000000fb800000,0x00000000ffc00000,0x00000000ffc00000)
  from space 2048K, 53% used [0x00000000ffe00000,0x00000000fff10000,0x0000000100000000)
  to   space 2048K, 0% used [0x00000000ffc00000,0x00000000ffc00000,0x00000000ffe00000)
 ParOldGen       total 114688K, used 42616K [0x00000000f4800000, 0x00000000fb800000, 0x00000000fb800000)
  object space 114688K, 37% used [0x00000000f4800000,0x00000000f719e288,0x00000000fb800000)
 Metaspace       used 75032K, capacity 79146K, committed 79744K, reserved 1118208K
  class space    used 9475K, capacity 10196K, committed 10368K, reserved 1048576K
2024-06-11T21:08:38.038+0800: 1777.251: [GC (Allocation Failure) [PSYoungGen: 70720K->1134K(71680K)] 113336K->44206K(186368K), 0.0061060 secs] [Times: user=0.01 sys=0.00, real=0.01 secs] 
Heap after GC invocations=424 (full 1):
 PSYoungGen      total 71680K, used 1134K [0x00000000fb800000, 0x0000000100000000, 0x0000000100000000)
  eden space 69632K, 0% used [0x00000000fb800000,0x00000000fb800000,0x00000000ffc00000)
  from space 2048K, 55% used [0x00000000ffc00000,0x00000000ffd1b800,0x00000000ffe00000)
  to   space 2048K, 0% used [0x00000000ffe00000,0x00000000ffe00000,0x0000000100000000)
 ParOldGen       total 114688K, used 43072K [0x00000000f4800000, 0x00000000fb800000, 0x00000000fb800000)
  object space 114688K, 37% used [0x00000000f4800000,0x00000000f7210288,0x00000000fb800000)
 Metaspace       used 75032K, capacity 79146K, committed 79744K, reserved 1118208K
  class space    used 9475K, capacity 10196K, committed 10368K, reserved 1048576K
}
{Heap before GC invocations=425 (full 1):
 PSYoungGen      total 71680K, used 70766K [0x00000000fb800000, 0x0000000100000000, 0x0000000100000000)
  eden space 69632K, 100% used [0x00000000fb800000,0x00000000ffc00000,0x00000000ffc00000)
  from space 2048K, 55% used [0x00000000ffc00000,0x00000000ffd1b800,0x00000000ffe00000)
  to   space 2048K, 0% used [0x00000000ffe00000,0x00000000ffe00000,0x0000000100000000)
 ParOldGen       total 114688K, used 43072K [0x00000000f4800000, 0x00000000fb800000, 0x00000000fb800000)
  object space 114688K, 37% used [0x00000000f4800000,0x00000000f7210288,0x00000000fb800000)
 Metaspace       used 75032K, capacity 79146K, committed 79744K, reserved 1118208K
  class space    used 9475K, capacity 10196K, committed 10368K, reserved 1048576K
2024-06-11T21:08:42.517+0800: 1781.731: [GC (Allocation Failure) [PSYoungGen: 70766K->736K(71680K)] 113838K->43880K(186368K), 0.0043868 secs] [Times: user=0.01 sys=0.00, real=0.01 secs] 
Heap after GC invocations=425 (full 1):
 PSYoungGen      total 71680K, used 736K [0x00000000fb800000, 0x0000000100000000, 0x0000000100000000)
  eden space 69632K, 0% used [0x00000000fb800000,0x00000000fb800000,0x00000000ffc00000)
  from space 2048K, 35% used [0x00000000ffe00000,0x00000000ffeb8000,0x0000000100000000)
  to   space 2048K, 0% used [0x00000000ffc00000,0x00000000ffc00000,0x00000000ffe00000)
 ParOldGen       total 114688K, used 43144K [0x00000000f4800000, 0x00000000fb800000, 0x00000000fb800000)
  object space 114688K, 37% used [0x00000000f4800000,0x00000000f7222288,0x00000000fb800000)
 Metaspace       used 75032K, capacity 79146K, committed 79744K, reserved 1118208K
  class space    used 9475K, capacity 10196K, committed 10368K, reserved 1048576K
}
{Heap before GC invocations=426 (full 1):
 PSYoungGen      total 71680K, used 70368K [0x00000000fb800000, 0x0000000100000000, 0x0000000100000000)
  eden space 69632K, 100% used [0x00000000fb800000,0x00000000ffc00000,0x00000000ffc00000)
  from space 2048K, 35% used [0x00000000ffe00000,0x00000000ffeb8000,0x0000000100000000)
  to   space 2048K, 0% used [0x00000000ffc00000,0x00000000ffc00000,0x00000000ffe00000)
 ParOldGen       total 114688K, used 43144K [0x00000000f4800000, 0x00000000fb800000, 0x00000000fb800000)
  object space 114688K, 37% used [0x00000000f4800000,0x00000000f7222288,0x00000000fb800000)
 Metaspace       used 75032K, capacity 79146K, committed 79744K, reserved 1118208K
  class space    used 9475K, capacity 10196K, committed 10368K, reserved 1048576K
2024-06-11T21:08:46.841+0800: 1786.054: [GC (Allocation Failure) [PSYoungGen: 70368K->736K(71680K)] 113512K->43968K(186368K), 0.0054197 secs] [Times: user=0.01 sys=0.00, real=0.00 secs] 
Heap after GC invocations=426 (full 1):
 PSYoungGen      total 71680K, used 736K [0x00000000fb800000, 0x0000000100000000, 0x0000000100000000)
  eden space 69632K, 0% used [0x00000000fb800000,0x00000000fb800000,0x00000000ffc00000)
  from space 2048K, 35% used [0x00000000ffc00000,0x00000000ffcb8000,0x00000000ffe00000)
  to   space 2048K, 0% used [0x00000000ffe00000,0x00000000ffe00000,0x0000000100000000)
 ParOldGen       total 114688K, used 43232K [0x00000000f4800000, 0x00000000fb800000, 0x00000000fb800000)
  object space 114688K, 37% used [0x00000000f4800000,0x00000000f7238288,0x00000000fb800000)
 Metaspace       used 75032K, capacity 79146K, committed 79744K, reserved 1118208K
  class space    used 9475K, capacity 10196K, committed 10368K, reserved 1048576K
}
{Heap before GC invocations=427 (full 1):
 PSYoungGen      total 71680K, used 70368K [0x00000000fb800000, 0x0000000100000000, 0x0000000100000000)
  eden space 69632K, 100% used [0x00000000fb800000,0x00000000ffc00000,0x00000000ffc00000)
  from space 2048K, 35% used [0x00000000ffc00000,0x00000000ffcb8000,0x00000000ffe00000)
  to   space 2048K, 0% used [0x00000000ffe00000,0x00000000ffe00000,0x0000000100000000)
 ParOldGen       total 114688K, used 43232K [0x00000000f4800000, 0x00000000fb800000, 0x00000000fb800000)
  object space 114688K, 37% used [0x00000000f4800000,0x00000000f7238288,0x00000000fb800000)
 Metaspace       used 75032K, capacity 79146K, committed 79744K, reserved 1118208K
  class space    used 9475K, capacity 10196K, committed 10368K, reserved 1048576K
2024-06-11T21:08:50.984+0800: 1790.197: [GC (Allocation Failure) [PSYoungGen: 70368K->736K(72192K)] 113600K->44048K(186880K), 0.0042558 secs] [Times: user=0.01 sys=0.00, real=0.00 secs] 
Heap after GC invocations=427 (full 1):
 PSYoungGen      total 72192K, used 736K [0x00000000fb800000, 0x0000000100000000, 0x0000000100000000)
  eden space 70144K, 0% used [0x00000000fb800000,0x00000000fb800000,0x00000000ffc80000)
  from space 2048K, 35% used [0x00000000ffe00000,0x00000000ffeb8000,0x0000000100000000)
  to   space 1536K, 0% used [0x00000000ffc80000,0x00000000ffc80000,0x00000000ffe00000)
 ParOldGen       total 114688K, used 43312K [0x00000000f4800000, 0x00000000fb800000, 0x00000000fb800000)
  object space 114688K, 37% used [0x00000000f4800000,0x00000000f724c288,0x00000000fb800000)
 Metaspace       used 75032K, capacity 79146K, committed 79744K, reserved 1118208K
  class space    used 9475K, capacity 10196K, committed 10368K, reserved 1048576K
}
{Heap before GC invocations=428 (full 1):
 PSYoungGen      total 72192K, used 70880K [0x00000000fb800000, 0x0000000100000000, 0x0000000100000000)
  eden space 70144K, 100% used [0x00000000fb800000,0x00000000ffc80000,0x00000000ffc80000)
  from space 2048K, 35% used [0x00000000ffe00000,0x00000000ffeb8000,0x0000000100000000)
  to   space 1536K, 0% used [0x00000000ffc80000,0x00000000ffc80000,0x00000000ffe00000)
 ParOldGen       total 114688K, used 43312K [0x00000000f4800000, 0x00000000fb800000, 0x00000000fb800000)
  object space 114688K, 37% used [0x00000000f4800000,0x00000000f724c288,0x00000000fb800000)
 Metaspace       used 75032K, capacity 79146K, committed 79744K, reserved 1118208K
  class space    used 9475K, capacity 10196K, committed 10368K, reserved 1048576K
2024-06-11T21:08:55.646+0800: 1794.860: [GC (Allocation Failure) [PSYoungGen: 70880K->704K(71680K)] 114192K->44104K(186368K), 0.0044000 secs] [Times: user=0.01 sys=0.00, real=0.01 secs] 
Heap after GC invocations=428 (full 1):
 PSYoungGen      total 71680K, used 704K [0x00000000fb800000, 0x0000000100000000, 0x0000000100000000)
  eden space 70144K, 0% used [0x00000000fb800000,0x00000000fb800000,0x00000000ffc80000)
  from space 1536K, 45% used [0x00000000ffc80000,0x00000000ffd30000,0x00000000ffe00000)
  to   space 1536K, 0% used [0x00000000ffe80000,0x00000000ffe80000,0x0000000100000000)
 ParOldGen       total 114688K, used 43400K [0x00000000f4800000, 0x00000000fb800000, 0x00000000fb800000)
  object space 114688K, 37% used [0x00000000f4800000,0x00000000f7262288,0x00000000fb800000)
 Metaspace       used 75032K, capacity 79146K, committed 79744K, reserved 1118208K
  class space    used 9475K, capacity 10196K, committed 10368K, reserved 1048576K
}
{Heap before GC invocations=429 (full 1):
 PSYoungGen      total 71680K, used 70848K [0x00000000fb800000, 0x0000000100000000, 0x0000000100000000)
  eden space 70144K, 100% used [0x00000000fb800000,0x00000000ffc80000,0x00000000ffc80000)
  from space 1536K, 45% used [0x00000000ffc80000,0x00000000ffd30000,0x00000000ffe00000)
  to   space 1536K, 0% used [0x00000000ffe80000,0x00000000ffe80000,0x0000000100000000)
 ParOldGen       total 114688K, used 43400K [0x00000000f4800000, 0x00000000fb800000, 0x00000000fb800000)
  object space 114688K, 37% used [0x00000000f4800000,0x00000000f7262288,0x00000000fb800000)
 Metaspace       used 75032K, capacity 79146K, committed 79744K, reserved 1118208K
  class space    used 9475K, capacity 10196K, committed 10368K, reserved 1048576K
2024-06-11T21:08:59.829+0800: 1799.042: [GC (Allocation Failure) [PSYoungGen: 70848K->704K(72192K)] 114248K->44176K(186880K), 0.0051939 secs] [Times: user=0.01 sys=0.00, real=0.01 secs] 
Heap after GC invocations=429 (full 1):
 PSYoungGen      total 72192K, used 704K [0x00000000fb800000, 0x0000000100000000, 0x0000000100000000)
  eden space 70656K, 0% used [0x00000000fb800000,0x00000000fb800000,0x00000000ffd00000)
  from space 1536K, 45% used [0x00000000ffe80000,0x00000000fff30000,0x0000000100000000)
  to   space 1536K, 0% used [0x00000000ffd00000,0x00000000ffd00000,0x00000000ffe80000)
 ParOldGen       total 114688K, used 43472K [0x00000000f4800000, 0x00000000fb800000, 0x00000000fb800000)
  object space 114688K, 37% used [0x00000000f4800000,0x00000000f7274288,0x00000000fb800000)
 Metaspace       used 75032K, capacity 79146K, committed 79744K, reserved 1118208K
  class space    used 9475K, capacity 10196K, committed 10368K, reserved 1048576K
}
{Heap before GC invocations=430 (full 1):
 PSYoungGen      total 72192K, used 71360K [0x00000000fb800000, 0x0000000100000000, 0x0000000100000000)
  eden space 70656K, 100% used [0x00000000fb800000,0x00000000ffd00000,0x00000000ffd00000)
  from space 1536K, 45% used [0x00000000ffe80000,0x00000000fff30000,0x0000000100000000)
  to   space 1536K, 0% used [0x00000000ffd00000,0x00000000ffd00000,0x00000000ffe80000)
 ParOldGen       total 114688K, used 43472K [0x00000000f4800000, 0x00000000fb800000, 0x00000000fb800000)
  object space 114688K, 37% used [0x00000000f4800000,0x00000000f7274288,0x00000000fb800000)
 Metaspace       used 75032K, capacity 79146K, committed 79744K, reserved 1118208K
  class space    used 9475K, capacity 10196K, committed 10368K, reserved 1048576K
2024-06-11T21:09:04.285+0800: 1803.499: [GC (Allocation Failure) [PSYoungGen: 71360K->736K(72192K)] 114832K->44296K(186880K), 0.0044741 secs] [Times: user=0.01 sys=0.00, real=0.00 secs] 
Heap after GC invocations=430 (full 1):
 PSYoungGen      total 72192K, used 736K [0x00000000fb800000, 0x0000000100000000, 0x0000000100000000)
  eden space 70656K, 0% used [0x00000000fb800000,0x00000000fb800000,0x00000000ffd00000)
  from space 1536K, 47% used [0x00000000ffd00000,0x00000000ffdb8000,0x00000000ffe80000)
  to   space 1536K, 0% used [0x00000000ffe80000,0x00000000ffe80000,0x0000000100000000)
 ParOldGen       total 114688K, used 43560K [0x00000000f4800000, 0x00000000fb800000, 0x00000000fb800000)
  object space 114688K, 37% used [0x00000000f4800000,0x00000000f728a288,0x00000000fb800000)
 Metaspace       used 75032K, capacity 79146K, committed 79744K, reserved 1118208K
  class space    used 9475K, capacity 10196K, committed 10368K, reserved 1048576K
}
{Heap before GC invocations=431 (full 1):
 PSYoungGen      total 72192K, used 71392K [0x00000000fb800000, 0x0000000100000000, 0x0000000100000000)
  eden space 70656K, 100% used [0x00000000fb800000,0x00000000ffd00000,0x00000000ffd00000)
  from space 1536K, 47% used [0x00000000ffd00000,0x00000000ffdb8000,0x00000000ffe80000)
  to   space 1536K, 0% used [0x00000000ffe80000,0x00000000ffe80000,0x0000000100000000)
 ParOldGen       total 114688K, used 43560K [0x00000000f4800000, 0x00000000fb800000, 0x00000000fb800000)
  object space 114688K, 37% used [0x00000000f4800000,0x00000000f728a288,0x00000000fb800000)
 Metaspace       used 75032K, capacity 79146K, committed 79744K, reserved 1118208K
  class space    used 9475K, capacity 10196K, committed 10368K, reserved 1048576K
2024-06-11T21:09:08.500+0800: 1807.713: [GC (Allocation Failure) [PSYoungGen: 71392K->1198K(72192K)] 114952K->44854K(186880K), 0.0044838 secs] [Times: user=0.01 sys=0.00, real=0.01 secs] 
Heap after GC invocations=431 (full 1):
 PSYoungGen      total 72192K, used 1198K [0x00000000fb800000, 0x0000000100000000, 0x0000000100000000)
  eden space 70656K, 0% used [0x00000000fb800000,0x00000000fb800000,0x00000000ffd00000)
  from space 1536K, 77% used [0x00000000ffe80000,0x00000000fffab850,0x0000000100000000)
  to   space 1536K, 0% used [0x00000000ffd00000,0x00000000ffd00000,0x00000000ffe80000)
 ParOldGen       total 114688K, used 43656K [0x00000000f4800000, 0x00000000fb800000, 0x00000000fb800000)
  object space 114688K, 38% used [0x00000000f4800000,0x00000000f72a2288,0x00000000fb800000)
 Metaspace       used 75032K, capacity 79146K, committed 79744K, reserved 1118208K
  class space    used 9475K, capacity 10196K, committed 10368K, reserved 1048576K
}
{Heap before GC invocations=432 (full 1):
 PSYoungGen      total 72192K, used 71854K [0x00000000fb800000, 0x0000000100000000, 0x0000000100000000)
  eden space 70656K, 100% used [0x00000000fb800000,0x00000000ffd00000,0x00000000ffd00000)
  from space 1536K, 77% used [0x00000000ffe80000,0x00000000fffab850,0x0000000100000000)
  to   space 1536K, 0% used [0x00000000ffd00000,0x00000000ffd00000,0x00000000ffe80000)
 ParOldGen       total 114688K, used 43656K [0x00000000f4800000, 0x00000000fb800000, 0x00000000fb800000)
  object space 114688K, 38% used [0x00000000f4800000,0x00000000f72a2288,0x00000000fb800000)
 Metaspace       used 75032K, capacity 79146K, committed 79744K, reserved 1118208K
  class space    used 9475K, capacity 10196K, committed 10368K, reserved 1048576K
2024-06-11T21:09:13.088+0800: 1812.302: [GC (Allocation Failure) [PSYoungGen: 71854K->736K(72192K)] 115510K->44472K(186880K), 0.0044611 secs] [Times: user=0.01 sys=0.00, real=0.01 secs] 
Heap after GC invocations=432 (full 1):
 PSYoungGen      total 72192K, used 736K [0x00000000fb800000, 0x0000000100000000, 0x0000000100000000)
  eden space 70656K, 0% used [0x00000000fb800000,0x00000000fb800000,0x00000000ffd00000)
  from space 1536K, 47% used [0x00000000ffd00000,0x00000000ffdb8000,0x00000000ffe80000)
  to   space 1536K, 0% used [0x00000000ffe80000,0x00000000ffe80000,0x0000000100000000)
 ParOldGen       total 114688K, used 43736K [0x00000000f4800000, 0x00000000fb800000, 0x00000000fb800000)
  object space 114688K, 38% used [0x00000000f4800000,0x00000000f72b6288,0x00000000fb800000)
 Metaspace       used 75032K, capacity 79146K, committed 79744K, reserved 1118208K
  class space    used 9475K, capacity 10196K, committed 10368K, reserved 1048576K
}
{Heap before GC invocations=433 (full 1):
 PSYoungGen      total 72192K, used 71392K [0x00000000fb800000, 0x0000000100000000, 0x0000000100000000)
  eden space 70656K, 100% used [0x00000000fb800000,0x00000000ffd00000,0x00000000ffd00000)
  from space 1536K, 47% used [0x00000000ffd00000,0x00000000ffdb8000,0x00000000ffe80000)
  to   space 1536K, 0% used [0x00000000ffe80000,0x00000000ffe80000,0x0000000100000000)
 ParOldGen       total 114688K, used 43736K [0x00000000f4800000, 0x00000000fb800000, 0x00000000fb800000)
  object space 114688K, 38% used [0x00000000f4800000,0x00000000f72b6288,0x00000000fb800000)
 Metaspace       used 75039K, capacity 79154K, committed 79744K, reserved 1118208K
  class space    used 9476K, capacity 10198K, committed 10368K, reserved 1048576K
2024-06-11T21:09:17.148+0800: 1816.361: [GC (Allocation Failure) [PSYoungGen: 71392K->832K(72192K)] 115128K->44648K(186880K), 0.0056101 secs] [Times: user=0.00 sys=0.00, real=0.01 secs] 
Heap after GC invocations=433 (full 1):
 PSYoungGen      total 72192K, used 832K [0x00000000fb800000, 0x0000000100000000, 0x0000000100000000)
  eden space 70656K, 0% used [0x00000000fb800000,0x00000000fb800000,0x00000000ffd00000)
  from space 1536K, 54% used [0x00000000ffe80000,0x00000000fff50000,0x0000000100000000)
  to   space 1536K, 0% used [0x00000000ffd00000,0x00000000ffd00000,0x00000000ffe80000)
 ParOldGen       total 114688K, used 43816K [0x00000000f4800000, 0x00000000fb800000, 0x00000000fb800000)
  object space 114688K, 38% used [0x00000000f4800000,0x00000000f72ca288,0x00000000fb800000)
 Metaspace       used 75039K, capacity 79154K, committed 79744K, reserved 1118208K
  class space    used 9476K, capacity 10198K, committed 10368K, reserved 1048576K
}
{Heap before GC invocations=434 (full 1):
 PSYoungGen      total 72192K, used 71488K [0x00000000fb800000, 0x0000000100000000, 0x0000000100000000)
  eden space 70656K, 100% used [0x00000000fb800000,0x00000000ffd00000,0x00000000ffd00000)
  from space 1536K, 54% used [0x00000000ffe80000,0x00000000fff50000,0x0000000100000000)
  to   space 1536K, 0% used [0x00000000ffd00000,0x00000000ffd00000,0x00000000ffe80000)
 ParOldGen       total 114688K, used 43816K [0x00000000f4800000, 0x00000000fb800000, 0x00000000fb800000)
  object space 114688K, 38% used [0x00000000f4800000,0x00000000f72ca288,0x00000000fb800000)
 Metaspace       used 75041K, capacity 79158K, committed 79744K, reserved 1118208K
  class space    used 9476K, capacity 10198K, committed 10368K, reserved 1048576K
2024-06-11T21:09:21.345+0800: 1820.558: [GC (Allocation Failure) [PSYoungGen: 71488K->1536K(72192K)] 115304K->45796K(186880K), 0.0063212 secs] [Times: user=0.01 sys=0.00, real=0.01 secs] 
Heap after GC invocations=434 (full 1):
 PSYoungGen      total 72192K, used 1536K [0x00000000fb800000, 0x0000000100000000, 0x0000000100000000)
  eden space 70656K, 0% used [0x00000000fb800000,0x00000000fb800000,0x00000000ffd00000)
  from space 1536K, 100% used [0x00000000ffd00000,0x00000000ffe80000,0x00000000ffe80000)
  to   space 1536K, 0% used [0x00000000ffe80000,0x00000000ffe80000,0x0000000100000000)
 ParOldGen       total 114688K, used 44260K [0x00000000f4800000, 0x00000000fb800000, 0x00000000fb800000)
  object space 114688K, 38% used [0x00000000f4800000,0x00000000f73392b8,0x00000000fb800000)
 Metaspace       used 75041K, capacity 79158K, committed 79744K, reserved 1118208K
  class space    used 9476K, capacity 10198K, committed 10368K, reserved 1048576K
}
{Heap before GC invocations=435 (full 1):
 PSYoungGen      total 72192K, used 72192K [0x00000000fb800000, 0x0000000100000000, 0x0000000100000000)
  eden space 70656K, 100% used [0x00000000fb800000,0x00000000ffd00000,0x00000000ffd00000)
  from space 1536K, 100% used [0x00000000ffd00000,0x00000000ffe80000,0x00000000ffe80000)
  to   space 1536K, 0% used [0x00000000ffe80000,0x00000000ffe80000,0x0000000100000000)
 ParOldGen       total 114688K, used 44260K [0x00000000f4800000, 0x00000000fb800000, 0x00000000fb800000)
  object space 114688K, 38% used [0x00000000f4800000,0x00000000f73392b8,0x00000000fb800000)
 Metaspace       used 75059K, capacity 79164K, committed 79744K, reserved 1118208K
  class space    used 9476K, capacity 10199K, committed 10368K, reserved 1048576K
2024-06-11T21:09:25.692+0800: 1824.906: [GC (Allocation Failure) [PSYoungGen: 72192K->1328K(71168K)] 116452K->47056K(185856K), 0.0092457 secs] [Times: user=0.01 sys=0.00, real=0.01 secs] 
Heap after GC invocations=435 (full 1):
 PSYoungGen      total 71168K, used 1328K [0x00000000fb800000, 0x0000000100000000, 0x0000000100000000)
  eden space 69632K, 0% used [0x00000000fb800000,0x00000000fb800000,0x00000000ffc00000)
  from space 1536K, 86% used [0x00000000ffe80000,0x00000000fffcc010,0x0000000100000000)
  to   space 2048K, 0% used [0x00000000ffc00000,0x00000000ffc00000,0x00000000ffe00000)
 ParOldGen       total 114688K, used 45728K [0x00000000f4800000, 0x00000000fb800000, 0x00000000fb800000)
  object space 114688K, 39% used [0x00000000f4800000,0x00000000f74a82d8,0x00000000fb800000)
 Metaspace       used 75059K, capacity 79164K, committed 79744K, reserved 1118208K
  class space    used 9476K, capacity 10199K, committed 10368K, reserved 1048576K
}
{Heap before GC invocations=436 (full 1):
 PSYoungGen      total 71168K, used 70960K [0x00000000fb800000, 0x0000000100000000, 0x0000000100000000)
  eden space 69632K, 100% used [0x00000000fb800000,0x00000000ffc00000,0x00000000ffc00000)
  from space 1536K, 86% used [0x00000000ffe80000,0x00000000fffcc010,0x0000000100000000)
  to   space 2048K, 0% used [0x00000000ffc00000,0x00000000ffc00000,0x00000000ffe00000)
 ParOldGen       total 114688K, used 45728K [0x00000000f4800000, 0x00000000fb800000, 0x00000000fb800000)
  object space 114688K, 39% used [0x00000000f4800000,0x00000000f74a82d8,0x00000000fb800000)
 Metaspace       used 75061K, capacity 79164K, committed 79744K, reserved 1118208K
  class space    used 9476K, capacity 10199K, committed 10368K, reserved 1048576K
2024-06-11T21:09:29.685+0800: 1828.898: [GC (Allocation Failure) [PSYoungGen: 70960K->816K(71680K)] 116688K->47244K(186368K), 0.0052188 secs] [Times: user=0.01 sys=0.00, real=0.00 secs] 
Heap after GC invocations=436 (full 1):
 PSYoungGen      total 71680K, used 816K [0x00000000fb800000, 0x0000000100000000, 0x0000000100000000)
  eden space 69632K, 0% used [0x00000000fb800000,0x00000000fb800000,0x00000000ffc00000)
  from space 2048K, 39% used [0x00000000ffc00000,0x00000000ffccc010,0x00000000ffe00000)
  to   space 2048K, 0% used [0x00000000ffe00000,0x00000000ffe00000,0x0000000100000000)
 ParOldGen       total 114688K, used 46428K [0x00000000f4800000, 0x00000000fb800000, 0x00000000fb800000)
  object space 114688K, 40% used [0x00000000f4800000,0x00000000f7557308,0x00000000fb800000)
 Metaspace       used 75061K, capacity 79164K, committed 79744K, reserved 1118208K
  class space    used 9476K, capacity 10199K, committed 10368K, reserved 1048576K
}
{Heap before GC invocations=437 (full 1):
 PSYoungGen      total 71680K, used 70448K [0x00000000fb800000, 0x0000000100000000, 0x0000000100000000)
  eden space 69632K, 100% used [0x00000000fb800000,0x00000000ffc00000,0x00000000ffc00000)
  from space 2048K, 39% used [0x00000000ffc00000,0x00000000ffccc010,0x00000000ffe00000)
  to   space 2048K, 0% used [0x00000000ffe00000,0x00000000ffe00000,0x0000000100000000)
 ParOldGen       total 114688K, used 46428K [0x00000000f4800000, 0x00000000fb800000, 0x00000000fb800000)
  object space 114688K, 40% used [0x00000000f4800000,0x00000000f7557308,0x00000000fb800000)
 Metaspace       used 75061K, capacity 79164K, committed 79744K, reserved 1118208K
  class space    used 9476K, capacity 10199K, committed 10368K, reserved 1048576K
2024-06-11T21:09:34.003+0800: 1833.216: [GC (Allocation Failure) [PSYoungGen: 70448K->736K(71680K)] 116876K->47360K(186368K), 0.0046562 secs] [Times: user=0.01 sys=0.00, real=0.00 secs] 
Heap after GC invocations=437 (full 1):
 PSYoungGen      total 71680K, used 736K [0x00000000fb800000, 0x0000000100000000, 0x0000000100000000)
  eden space 69632K, 0% used [0x00000000fb800000,0x00000000fb800000,0x00000000ffc00000)
  from space 2048K, 35% used [0x00000000ffe00000,0x00000000ffeb8000,0x0000000100000000)
  to   space 2048K, 0% used [0x00000000ffc00000,0x00000000ffc00000,0x00000000ffe00000)
 ParOldGen       total 114688K, used 46624K [0x00000000f4800000, 0x00000000fb800000, 0x00000000fb800000)
  object space 114688K, 40% used [0x00000000f4800000,0x00000000f7588338,0x00000000fb800000)
 Metaspace       used 75061K, capacity 79164K, committed 79744K, reserved 1118208K
  class space    used 9476K, capacity 10199K, committed 10368K, reserved 1048576K
}
{Heap before GC invocations=438 (full 1):
 PSYoungGen      total 71680K, used 70368K [0x00000000fb800000, 0x0000000100000000, 0x0000000100000000)
  eden space 69632K, 100% used [0x00000000fb800000,0x00000000ffc00000,0x00000000ffc00000)
  from space 2048K, 35% used [0x00000000ffe00000,0x00000000ffeb8000,0x0000000100000000)
  to   space 2048K, 0% used [0x00000000ffc00000,0x00000000ffc00000,0x00000000ffe00000)
 ParOldGen       total 114688K, used 46624K [0x00000000f4800000, 0x00000000fb800000, 0x00000000fb800000)
  object space 114688K, 40% used [0x00000000f4800000,0x00000000f7588338,0x00000000fb800000)
 Metaspace       used 75061K, capacity 79164K, committed 79744K, reserved 1118208K
  class space    used 9476K, capacity 10199K, committed 10368K, reserved 1048576K
2024-06-11T21:09:38.103+0800: 1837.317: [GC (Allocation Failure) [PSYoungGen: 70368K->1198K(71680K)] 116992K->47902K(186368K), 0.0047001 secs] [Times: user=0.00 sys=0.00, real=0.00 secs] 
Heap after GC invocations=438 (full 1):
 PSYoungGen      total 71680K, used 1198K [0x00000000fb800000, 0x0000000100000000, 0x0000000100000000)
  eden space 69632K, 0% used [0x00000000fb800000,0x00000000fb800000,0x00000000ffc00000)
  from space 2048K, 58% used [0x00000000ffc00000,0x00000000ffd2b810,0x00000000ffe00000)
  to   space 2048K, 0% used [0x00000000ffe00000,0x00000000ffe00000,0x0000000100000000)
 ParOldGen       total 114688K, used 46704K [0x00000000f4800000, 0x00000000fb800000, 0x00000000fb800000)
  object space 114688K, 40% used [0x00000000f4800000,0x00000000f759c338,0x00000000fb800000)
 Metaspace       used 75061K, capacity 79164K, committed 79744K, reserved 1118208K
  class space    used 9476K, capacity 10199K, committed 10368K, reserved 1048576K
}
{Heap before GC invocations=439 (full 1):
 PSYoungGen      total 71680K, used 70830K [0x00000000fb800000, 0x0000000100000000, 0x0000000100000000)
  eden space 69632K, 100% used [0x00000000fb800000,0x00000000ffc00000,0x00000000ffc00000)
  from space 2048K, 58% used [0x00000000ffc00000,0x00000000ffd2b810,0x00000000ffe00000)
  to   space 2048K, 0% used [0x00000000ffe00000,0x00000000ffe00000,0x0000000100000000)
 ParOldGen       total 114688K, used 46704K [0x00000000f4800000, 0x00000000fb800000, 0x00000000fb800000)
  object space 114688K, 40% used [0x00000000f4800000,0x00000000f759c338,0x00000000fb800000)
 Metaspace       used 75061K, capacity 79164K, committed 79744K, reserved 1118208K
  class space    used 9476K, capacity 10199K, committed 10368K, reserved 1048576K
2024-06-11T21:09:42.454+0800: 1841.667: [GC (Allocation Failure) [PSYoungGen: 70830K->736K(71680K)] 117534K->47512K(186368K), 0.0043865 secs] [Times: user=0.01 sys=0.01, real=0.00 secs] 
Heap after GC invocations=439 (full 1):
 PSYoungGen      total 71680K, used 736K [0x00000000fb800000, 0x0000000100000000, 0x0000000100000000)
  eden space 69632K, 0% used [0x00000000fb800000,0x00000000fb800000,0x00000000ffc00000)
  from space 2048K, 35% used [0x00000000ffe00000,0x00000000ffeb8000,0x0000000100000000)
  to   space 2048K, 0% used [0x00000000ffc00000,0x00000000ffc00000,0x00000000ffe00000)
 ParOldGen       total 114688K, used 46776K [0x00000000f4800000, 0x00000000fb800000, 0x00000000fb800000)
  object space 114688K, 40% used [0x00000000f4800000,0x00000000f75ae338,0x00000000fb800000)
 Metaspace       used 75061K, capacity 79164K, committed 79744K, reserved 1118208K
  class space    used 9476K, capacity 10199K, committed 10368K, reserved 1048576K
}
{Heap before GC invocations=440 (full 1):
 PSYoungGen      total 71680K, used 70368K [0x00000000fb800000, 0x0000000100000000, 0x0000000100000000)
  eden space 69632K, 100% used [0x00000000fb800000,0x00000000ffc00000,0x00000000ffc00000)
  from space 2048K, 35% used [0x00000000ffe00000,0x00000000ffeb8000,0x0000000100000000)
  to   space 2048K, 0% used [0x00000000ffc00000,0x00000000ffc00000,0x00000000ffe00000)
 ParOldGen       total 114688K, used 46776K [0x00000000f4800000, 0x00000000fb800000, 0x00000000fb800000)
  object space 114688K, 40% used [0x00000000f4800000,0x00000000f75ae338,0x00000000fb800000)
 Metaspace       used 75061K, capacity 79164K, committed 79744K, reserved 1118208K
  class space    used 9476K, capacity 10199K, committed 10368K, reserved 1048576K
2024-06-11T21:09:46.835+0800: 1846.049: [GC (Allocation Failure) [PSYoungGen: 70368K->704K(71680K)] 117144K->47568K(186368K), 0.0044187 secs] [Times: user=0.01 sys=0.00, real=0.00 secs] 
Heap after GC invocations=440 (full 1):
 PSYoungGen      total 71680K, used 704K [0x00000000fb800000, 0x0000000100000000, 0x0000000100000000)
  eden space 69632K, 0% used [0x00000000fb800000,0x00000000fb800000,0x00000000ffc00000)
  from space 2048K, 34% used [0x00000000ffc00000,0x00000000ffcb0000,0x00000000ffe00000)
  to   space 2048K, 0% used [0x00000000ffe00000,0x00000000ffe00000,0x0000000100000000)
 ParOldGen       total 114688K, used 46864K [0x00000000f4800000, 0x00000000fb800000, 0x00000000fb800000)
  object space 114688K, 40% used [0x00000000f4800000,0x00000000f75c4338,0x00000000fb800000)
 Metaspace       used 75061K, capacity 79164K, committed 79744K, reserved 1118208K
  class space    used 9476K, capacity 10199K, committed 10368K, reserved 1048576K
}
{Heap before GC invocations=441 (full 1):
 PSYoungGen      total 71680K, used 70336K [0x00000000fb800000, 0x0000000100000000, 0x0000000100000000)
  eden space 69632K, 100% used [0x00000000fb800000,0x00000000ffc00000,0x00000000ffc00000)
  from space 2048K, 34% used [0x00000000ffc00000,0x00000000ffcb0000,0x00000000ffe00000)
  to   space 2048K, 0% used [0x00000000ffe00000,0x00000000ffe00000,0x0000000100000000)
 ParOldGen       total 114688K, used 46864K [0x00000000f4800000, 0x00000000fb800000, 0x00000000fb800000)
  object space 114688K, 40% used [0x00000000f4800000,0x00000000f75c4338,0x00000000fb800000)
 Metaspace       used 75072K, capacity 79176K, committed 79744K, reserved 1118208K
  class space    used 9477K, capacity 10201K, committed 10368K, reserved 1048576K
2024-06-11T21:09:50.942+0800: 1850.155: [GC (Allocation Failure) [PSYoungGen: 70336K->880K(71680K)] 117200K->47824K(186368K), 0.0046300 secs] [Times: user=0.01 sys=0.00, real=0.00 secs] 
Heap after GC invocations=441 (full 1):
 PSYoungGen      total 71680K, used 880K [0x00000000fb800000, 0x0000000100000000, 0x0000000100000000)
  eden space 69632K, 0% used [0x00000000fb800000,0x00000000fb800000,0x00000000ffc00000)
  from space 2048K, 42% used [0x00000000ffe00000,0x00000000ffedc030,0x0000000100000000)
  to   space 2048K, 0% used [0x00000000ffc00000,0x00000000ffc00000,0x00000000ffe00000)
 ParOldGen       total 114688K, used 46944K [0x00000000f4800000, 0x00000000fb800000, 0x00000000fb800000)
  object space 114688K, 40% used [0x00000000f4800000,0x00000000f75d8338,0x00000000fb800000)
 Metaspace       used 75072K, capacity 79176K, committed 79744K, reserved 1118208K
  class space    used 9477K, capacity 10201K, committed 10368K, reserved 1048576K
}
{Heap before GC invocations=442 (full 1):
 PSYoungGen      total 71680K, used 70512K [0x00000000fb800000, 0x0000000100000000, 0x0000000100000000)
  eden space 69632K, 100% used [0x00000000fb800000,0x00000000ffc00000,0x00000000ffc00000)
  from space 2048K, 42% used [0x00000000ffe00000,0x00000000ffedc030,0x0000000100000000)
  to   space 2048K, 0% used [0x00000000ffc00000,0x00000000ffc00000,0x00000000ffe00000)
 ParOldGen       total 114688K, used 46944K [0x00000000f4800000, 0x00000000fb800000, 0x00000000fb800000)
  object space 114688K, 40% used [0x00000000f4800000,0x00000000f75d8338,0x00000000fb800000)
 Metaspace       used 75073K, capacity 79176K, committed 79744K, reserved 1118208K
  class space    used 9477K, capacity 10201K, committed 10368K, reserved 1048576K
2024-06-11T21:09:55.320+0800: 1854.533: [GC (Allocation Failure) [PSYoungGen: 70512K->736K(71680K)] 117456K->47940K(186368K), 0.0052800 secs] [Times: user=0.01 sys=0.00, real=0.01 secs] 
Heap after GC invocations=442 (full 1):
 PSYoungGen      total 71680K, used 736K [0x00000000fb800000, 0x0000000100000000, 0x0000000100000000)
  eden space 69632K, 0% used [0x00000000fb800000,0x00000000fb800000,0x00000000ffc00000)
  from space 2048K, 35% used [0x00000000ffc00000,0x00000000ffcb8000,0x00000000ffe00000)
  to   space 2048K, 0% used [0x00000000ffe00000,0x00000000ffe00000,0x0000000100000000)
 ParOldGen       total 114688K, used 47204K [0x00000000f4800000, 0x00000000fb800000, 0x00000000fb800000)
  object space 114688K, 41% used [0x00000000f4800000,0x00000000f7619378,0x00000000fb800000)
 Metaspace       used 75073K, capacity 79176K, committed 79744K, reserved 1118208K
  class space    used 9477K, capacity 10201K, committed 10368K, reserved 1048576K
}
{Heap before GC invocations=443 (full 1):
 PSYoungGen      total 71680K, used 70368K [0x00000000fb800000, 0x0000000100000000, 0x0000000100000000)
  eden space 69632K, 100% used [0x00000000fb800000,0x00000000ffc00000,0x00000000ffc00000)
  from space 2048K, 35% used [0x00000000ffc00000,0x00000000ffcb8000,0x00000000ffe00000)
  to   space 2048K, 0% used [0x00000000ffe00000,0x00000000ffe00000,0x0000000100000000)
 ParOldGen       total 114688K, used 47204K [0x00000000f4800000, 0x00000000fb800000, 0x00000000fb800000)
  object space 114688K, 41% used [0x00000000f4800000,0x00000000f7619378,0x00000000fb800000)
 Metaspace       used 75073K, capacity 79176K, committed 79744K, reserved 1118208K
  class space    used 9477K, capacity 10201K, committed 10368K, reserved 1048576K
2024-06-11T21:09:59.569+0800: 1858.783: [GC (Allocation Failure) [PSYoungGen: 70368K->736K(71680K)] 117572K->48020K(186368K), 0.0044552 secs] [Times: user=0.01 sys=0.00, real=0.01 secs] 
Heap after GC invocations=443 (full 1):
 PSYoungGen      total 71680K, used 736K [0x00000000fb800000, 0x0000000100000000, 0x0000000100000000)
  eden space 69632K, 0% used [0x00000000fb800000,0x00000000fb800000,0x00000000ffc00000)
  from space 2048K, 35% used [0x00000000ffe00000,0x00000000ffeb8000,0x0000000100000000)
  to   space 2048K, 0% used [0x00000000ffc00000,0x00000000ffc00000,0x00000000ffe00000)
 ParOldGen       total 114688K, used 47284K [0x00000000f4800000, 0x00000000fb800000, 0x00000000fb800000)
  object space 114688K, 41% used [0x00000000f4800000,0x00000000f762d378,0x00000000fb800000)
 Metaspace       used 75073K, capacity 79176K, committed 79744K, reserved 1118208K
  class space    used 9477K, capacity 10201K, committed 10368K, reserved 1048576K
}
{Heap before GC invocations=444 (full 1):
 PSYoungGen      total 71680K, used 70368K [0x00000000fb800000, 0x0000000100000000, 0x0000000100000000)
  eden space 69632K, 100% used [0x00000000fb800000,0x00000000ffc00000,0x00000000ffc00000)
  from space 2048K, 35% used [0x00000000ffe00000,0x00000000ffeb8000,0x0000000100000000)
  to   space 2048K, 0% used [0x00000000ffc00000,0x00000000ffc00000,0x00000000ffe00000)
 ParOldGen       total 114688K, used 47284K [0x00000000f4800000, 0x00000000fb800000, 0x00000000fb800000)
  object space 114688K, 41% used [0x00000000f4800000,0x00000000f762d378,0x00000000fb800000)
 Metaspace       used 75073K, capacity 79176K, committed 79744K, reserved 1118208K
  class space    used 9477K, capacity 10201K, committed 10368K, reserved 1048576K
2024-06-11T21:10:03.741+0800: 1862.954: [GC (Allocation Failure) [PSYoungGen: 70368K->736K(71680K)] 117652K->48100K(186368K), 0.0052860 secs] [Times: user=0.01 sys=0.00, real=0.00 secs] 
Heap after GC invocations=444 (full 1):
 PSYoungGen      total 71680K, used 736K [0x00000000fb800000, 0x0000000100000000, 0x0000000100000000)
  eden space 69632K, 0% used [0x00000000fb800000,0x00000000fb800000,0x00000000ffc00000)
  from space 2048K, 35% used [0x00000000ffc00000,0x00000000ffcb8000,0x00000000ffe00000)
  to   space 1536K, 0% used [0x00000000ffe80000,0x00000000ffe80000,0x0000000100000000)
 ParOldGen       total 114688K, used 47364K [0x00000000f4800000, 0x00000000fb800000, 0x00000000fb800000)
  object space 114688K, 41% used [0x00000000f4800000,0x00000000f7641378,0x00000000fb800000)
 Metaspace       used 75073K, capacity 79176K, committed 79744K, reserved 1118208K
  class space    used 9477K, capacity 10201K, committed 10368K, reserved 1048576K
}
{Heap before GC invocations=445 (full 1):
 PSYoungGen      total 71680K, used 70368K [0x00000000fb800000, 0x0000000100000000, 0x0000000100000000)
  eden space 69632K, 100% used [0x00000000fb800000,0x00000000ffc00000,0x00000000ffc00000)
  from space 2048K, 35% used [0x00000000ffc00000,0x00000000ffcb8000,0x00000000ffe00000)
  to   space 1536K, 0% used [0x00000000ffe80000,0x00000000ffe80000,0x0000000100000000)
 ParOldGen       total 114688K, used 47364K [0x00000000f4800000, 0x00000000fb800000, 0x00000000fb800000)
  object space 114688K, 41% used [0x00000000f4800000,0x00000000f7641378,0x00000000fb800000)
 Metaspace       used 75074K, capacity 79176K, committed 79744K, reserved 1118208K
  class space    used 9477K, capacity 10201K, committed 10368K, reserved 1048576K
2024-06-11T21:10:07.936+0800: 1867.149: [GC (Allocation Failure) [PSYoungGen: 70368K->1198K(71168K)] 117732K->48642K(185856K), 0.0045656 secs] [Times: user=0.01 sys=0.00, real=0.01 secs] 
Heap after GC invocations=445 (full 1):
 PSYoungGen      total 71168K, used 1198K [0x00000000fb800000, 0x0000000100000000, 0x0000000100000000)
  eden space 69632K, 0% used [0x00000000fb800000,0x00000000fb800000,0x00000000ffc00000)
  from space 1536K, 77% used [0x00000000ffe80000,0x00000000fffab820,0x0000000100000000)
  to   space 2048K, 0% used [0x00000000ffc00000,0x00000000ffc00000,0x00000000ffe00000)
 ParOldGen       total 114688K, used 47444K [0x00000000f4800000, 0x00000000fb800000, 0x00000000fb800000)
  object space 114688K, 41% used [0x00000000f4800000,0x00000000f7655378,0x00000000fb800000)
 Metaspace       used 75074K, capacity 79176K, committed 79744K, reserved 1118208K
  class space    used 9477K, capacity 10201K, committed 10368K, reserved 1048576K
}
{Heap before GC invocations=446 (full 1):
 PSYoungGen      total 71168K, used 70830K [0x00000000fb800000, 0x0000000100000000, 0x0000000100000000)
  eden space 69632K, 100% used [0x00000000fb800000,0x00000000ffc00000,0x00000000ffc00000)
  from space 1536K, 77% used [0x00000000ffe80000,0x00000000fffab820,0x0000000100000000)
  to   space 2048K, 0% used [0x00000000ffc00000,0x00000000ffc00000,0x00000000ffe00000)
 ParOldGen       total 114688K, used 47444K [0x00000000f4800000, 0x00000000fb800000, 0x00000000fb800000)
  object space 114688K, 41% used [0x00000000f4800000,0x00000000f7655378,0x00000000fb800000)
 Metaspace       used 75074K, capacity 79176K, committed 79744K, reserved 1118208K
  class space    used 9477K, capacity 10201K, committed 10368K, reserved 1048576K
2024-06-11T21:10:12.448+0800: 1871.661: [GC (Allocation Failure) [PSYoungGen: 70830K->704K(71680K)] 118274K->48228K(186368K), 0.0044367 secs] [Times: user=0.01 sys=0.00, real=0.01 secs] 
Heap after GC invocations=446 (full 1):
 PSYoungGen      total 71680K, used 704K [0x00000000fb800000, 0x0000000100000000, 0x0000000100000000)
  eden space 69632K, 0% used [0x00000000fb800000,0x00000000fb800000,0x00000000ffc00000)
  from space 2048K, 34% used [0x00000000ffc00000,0x00000000ffcb0000,0x00000000ffe00000)
  to   space 1536K, 0% used [0x00000000ffe80000,0x00000000ffe80000,0x0000000100000000)
 ParOldGen       total 114688K, used 47524K [0x00000000f4800000, 0x00000000fb800000, 0x00000000fb800000)
  object space 114688K, 41% used [0x00000000f4800000,0x00000000f7669378,0x00000000fb800000)
 Metaspace       used 75074K, capacity 79176K, committed 79744K, reserved 1118208K
  class space    used 9477K, capacity 10201K, committed 10368K, reserved 1048576K
}
{Heap before GC invocations=447 (full 1):
 PSYoungGen      total 71680K, used 70336K [0x00000000fb800000, 0x0000000100000000, 0x0000000100000000)
  eden space 69632K, 100% used [0x00000000fb800000,0x00000000ffc00000,0x00000000ffc00000)
  from space 2048K, 34% used [0x00000000ffc00000,0x00000000ffcb0000,0x00000000ffe00000)
  to   space 1536K, 0% used [0x00000000ffe80000,0x00000000ffe80000,0x0000000100000000)
 ParOldGen       total 114688K, used 47524K [0x00000000f4800000, 0x00000000fb800000, 0x00000000fb800000)
  object space 114688K, 41% used [0x00000000f4800000,0x00000000f7669378,0x00000000fb800000)
 Metaspace       used 75074K, capacity 79176K, committed 79744K, reserved 1118208K
  class space    used 9477K, capacity 10201K, committed 10368K, reserved 1048576K
2024-06-11T21:10:16.732+0800: 1875.945: [GC (Allocation Failure) [PSYoungGen: 70336K->736K(72192K)] 117860K->48348K(186880K), 0.0043973 secs] [Times: user=0.01 sys=0.00, real=0.00 secs] 
Heap after GC invocations=447 (full 1):
 PSYoungGen      total 72192K, used 736K [0x00000000fb800000, 0x0000000100000000, 0x0000000100000000)
  eden space 70656K, 0% used [0x00000000fb800000,0x00000000fb800000,0x00000000ffd00000)
  from space 1536K, 47% used [0x00000000ffe80000,0x00000000fff38000,0x0000000100000000)
  to   space 1536K, 0% used [0x00000000ffd00000,0x00000000ffd00000,0x00000000ffe80000)
 ParOldGen       total 114688K, used 47612K [0x00000000f4800000, 0x00000000fb800000, 0x00000000fb800000)
  object space 114688K, 41% used [0x00000000f4800000,0x00000000f767f378,0x00000000fb800000)
 Metaspace       used 75074K, capacity 79176K, committed 79744K, reserved 1118208K
  class space    used 9477K, capacity 10201K, committed 10368K, reserved 1048576K
}
{Heap before GC invocations=448 (full 1):
 PSYoungGen      total 72192K, used 71392K [0x00000000fb800000, 0x0000000100000000, 0x0000000100000000)
  eden space 70656K, 100% used [0x00000000fb800000,0x00000000ffd00000,0x00000000ffd00000)
  from space 1536K, 47% used [0x00000000ffe80000,0x00000000fff38000,0x0000000100000000)
  to   space 1536K, 0% used [0x00000000ffd00000,0x00000000ffd00000,0x00000000ffe80000)
 ParOldGen       total 114688K, used 47612K [0x00000000f4800000, 0x00000000fb800000, 0x00000000fb800000)
  object space 114688K, 41% used [0x00000000f4800000,0x00000000f767f378,0x00000000fb800000)
 Metaspace       used 75074K, capacity 79176K, committed 79744K, reserved 1118208K
  class space    used 9477K, capacity 10201K, committed 10368K, reserved 1048576K
2024-06-11T21:10:21.043+0800: 1880.256: [GC (Allocation Failure) [PSYoungGen: 71392K->1312K(72192K)] 119004K->49012K(186880K), 0.0052495 secs] [Times: user=0.01 sys=0.00, real=0.00 secs] 
Heap after GC invocations=448 (full 1):
 PSYoungGen      total 72192K, used 1312K [0x00000000fb800000, 0x0000000100000000, 0x0000000100000000)
  eden space 70656K, 0% used [0x00000000fb800000,0x00000000fb800000,0x00000000ffd00000)
  from space 1536K, 85% used [0x00000000ffd00000,0x00000000ffe48000,0x00000000ffe80000)
  to   space 1536K, 0% used [0x00000000ffe80000,0x00000000ffe80000,0x0000000100000000)
 ParOldGen       total 114688K, used 47700K [0x00000000f4800000, 0x00000000fb800000, 0x00000000fb800000)
  object space 114688K, 41% used [0x00000000f4800000,0x00000000f7695378,0x00000000fb800000)
 Metaspace       used 75074K, capacity 79176K, committed 79744K, reserved 1118208K
  class space    used 9477K, capacity 10201K, committed 10368K, reserved 1048576K
}
{Heap before GC invocations=449 (full 1):
 PSYoungGen      total 72192K, used 71968K [0x00000000fb800000, 0x0000000100000000, 0x0000000100000000)
  eden space 70656K, 100% used [0x00000000fb800000,0x00000000ffd00000,0x00000000ffd00000)
  from space 1536K, 85% used [0x00000000ffd00000,0x00000000ffe48000,0x00000000ffe80000)
  to   space 1536K, 0% used [0x00000000ffe80000,0x00000000ffe80000,0x0000000100000000)
 ParOldGen       total 114688K, used 47700K [0x00000000f4800000, 0x00000000fb800000, 0x00000000fb800000)
  object space 114688K, 41% used [0x00000000f4800000,0x00000000f7695378,0x00000000fb800000)
 Metaspace       used 75074K, capacity 79176K, committed 79744K, reserved 1118208K
  class space    used 9477K, capacity 10201K, committed 10368K, reserved 1048576K
2024-06-11T21:10:25.348+0800: 1884.561: [GC (Allocation Failure) [PSYoungGen: 71968K->1344K(71168K)] 119668K->49748K(185856K), 0.0062275 secs] [Times: user=0.01 sys=0.00, real=0.01 secs] 
Heap after GC invocations=449 (full 1):
 PSYoungGen      total 71168K, used 1344K [0x00000000fb800000, 0x0000000100000000, 0x0000000100000000)
  eden space 69632K, 0% used [0x00000000fb800000,0x00000000fb800000,0x00000000ffc00000)
  from space 1536K, 87% used [0x00000000ffe80000,0x00000000fffd0000,0x0000000100000000)
  to   space 2048K, 0% used [0x00000000ffc00000,0x00000000ffc00000,0x00000000ffe00000)
 ParOldGen       total 114688K, used 48404K [0x00000000f4800000, 0x00000000fb800000, 0x00000000fb800000)
  object space 114688K, 42% used [0x00000000f4800000,0x00000000f7745378,0x00000000fb800000)
 Metaspace       used 75074K, capacity 79176K, committed 79744K, reserved 1118208K
  class space    used 9477K, capacity 10201K, committed 10368K, reserved 1048576K
}
{Heap before GC invocations=450 (full 1):
 PSYoungGen      total 71168K, used 70976K [0x00000000fb800000, 0x0000000100000000, 0x0000000100000000)
  eden space 69632K, 100% used [0x00000000fb800000,0x00000000ffc00000,0x00000000ffc00000)
  from space 1536K, 87% used [0x00000000ffe80000,0x00000000fffd0000,0x0000000100000000)
  to   space 2048K, 0% used [0x00000000ffc00000,0x00000000ffc00000,0x00000000ffe00000)
 ParOldGen       total 114688K, used 48404K [0x00000000f4800000, 0x00000000fb800000, 0x00000000fb800000)
  object space 114688K, 42% used [0x00000000f4800000,0x00000000f7745378,0x00000000fb800000)
 Metaspace       used 75074K, capacity 79176K, committed 79744K, reserved 1118208K
  class space    used 9477K, capacity 10201K, committed 10368K, reserved 1048576K
2024-06-11T21:10:29.713+0800: 1888.926: [GC (Allocation Failure) [PSYoungGen: 70976K->736K(71680K)] 119380K->49884K(186368K), 0.0051574 secs] [Times: user=0.01 sys=0.00, real=0.00 secs] 
Heap after GC invocations=450 (full 1):
 PSYoungGen      total 71680K, used 736K [0x00000000fb800000, 0x0000000100000000, 0x0000000100000000)
  eden space 69632K, 0% used [0x00000000fb800000,0x00000000fb800000,0x00000000ffc00000)
  from space 2048K, 35% used [0x00000000ffc00000,0x00000000ffcb8000,0x00000000ffe00000)
  to   space 2048K, 0% used [0x00000000ffe00000,0x00000000ffe00000,0x0000000100000000)
 ParOldGen       total 114688K, used 49148K [0x00000000f4800000, 0x00000000fb800000, 0x00000000fb800000)
  object space 114688K, 42% used [0x00000000f4800000,0x00000000f77ff378,0x00000000fb800000)
 Metaspace       used 75074K, capacity 79176K, committed 79744K, reserved 1118208K
  class space    used 9477K, capacity 10201K, committed 10368K, reserved 1048576K
}
{Heap before GC invocations=451 (full 1):
 PSYoungGen      total 71680K, used 70368K [0x00000000fb800000, 0x0000000100000000, 0x0000000100000000)
  eden space 69632K, 100% used [0x00000000fb800000,0x00000000ffc00000,0x00000000ffc00000)
  from space 2048K, 35% used [0x00000000ffc00000,0x00000000ffcb8000,0x00000000ffe00000)
  to   space 2048K, 0% used [0x00000000ffe00000,0x00000000ffe00000,0x0000000100000000)
 ParOldGen       total 114688K, used 49148K [0x00000000f4800000, 0x00000000fb800000, 0x00000000fb800000)
  object space 114688K, 42% used [0x00000000f4800000,0x00000000f77ff378,0x00000000fb800000)
 Metaspace       used 75074K, capacity 79176K, committed 79744K, reserved 1118208K
  class space    used 9477K, capacity 10201K, committed 10368K, reserved 1048576K
2024-06-11T21:10:33.988+0800: 1893.201: [GC (Allocation Failure) [PSYoungGen: 70368K->704K(71680K)] 119516K->49932K(186368K), 0.0045281 secs] [Times: user=0.01 sys=0.00, real=0.01 secs] 
Heap after GC invocations=451 (full 1):
 PSYoungGen      total 71680K, used 704K [0x00000000fb800000, 0x0000000100000000, 0x0000000100000000)
  eden space 69632K, 0% used [0x00000000fb800000,0x00000000fb800000,0x00000000ffc00000)
  from space 2048K, 34% used [0x00000000ffe00000,0x00000000ffeb0000,0x0000000100000000)
  to   space 2048K, 0% used [0x00000000ffc00000,0x00000000ffc00000,0x00000000ffe00000)
 ParOldGen       total 114688K, used 49228K [0x00000000f4800000, 0x00000000fb800000, 0x00000000fb800000)
  object space 114688K, 42% used [0x00000000f4800000,0x00000000f7813378,0x00000000fb800000)
 Metaspace       used 75074K, capacity 79176K, committed 79744K, reserved 1118208K
  class space    used 9477K, capacity 10201K, committed 10368K, reserved 1048576K
}
{Heap before GC invocations=452 (full 1):
 PSYoungGen      total 71680K, used 70336K [0x00000000fb800000, 0x0000000100000000, 0x0000000100000000)
  eden space 69632K, 100% used [0x00000000fb800000,0x00000000ffc00000,0x00000000ffc00000)
  from space 2048K, 34% used [0x00000000ffe00000,0x00000000ffeb0000,0x0000000100000000)
  to   space 2048K, 0% used [0x00000000ffc00000,0x00000000ffc00000,0x00000000ffe00000)
 ParOldGen       total 114688K, used 49228K [0x00000000f4800000, 0x00000000fb800000, 0x00000000fb800000)
  object space 114688K, 42% used [0x00000000f4800000,0x00000000f7813378,0x00000000fb800000)
 Metaspace       used 75074K, capacity 79176K, committed 79744K, reserved 1118208K
  class space    used 9477K, capacity 10201K, committed 10368K, reserved 1048576K
2024-06-11T21:10:38.318+0800: 1897.531: [GC (Allocation Failure) [PSYoungGen: 70336K->1198K(71680K)] 119564K->50506K(186368K), 0.0054407 secs] [Times: user=0.01 sys=0.00, real=0.01 secs] 
Heap after GC invocations=452 (full 1):
 PSYoungGen      total 71680K, used 1198K [0x00000000fb800000, 0x0000000100000000, 0x0000000100000000)
  eden space 69632K, 0% used [0x00000000fb800000,0x00000000fb800000,0x00000000ffc00000)
  from space 2048K, 58% used [0x00000000ffc00000,0x00000000ffd2b850,0x00000000ffe00000)
  to   space 2048K, 0% used [0x00000000ffe00000,0x00000000ffe00000,0x0000000100000000)
 ParOldGen       total 114688K, used 49308K [0x00000000f4800000, 0x00000000fb800000, 0x00000000fb800000)
  object space 114688K, 42% used [0x00000000f4800000,0x00000000f7827378,0x00000000fb800000)
 Metaspace       used 75074K, capacity 79176K, committed 79744K, reserved 1118208K
  class space    used 9477K, capacity 10201K, committed 10368K, reserved 1048576K
}
{Heap before GC invocations=453 (full 1):
 PSYoungGen      total 71680K, used 70830K [0x00000000fb800000, 0x0000000100000000, 0x0000000100000000)
  eden space 69632K, 100% used [0x00000000fb800000,0x00000000ffc00000,0x00000000ffc00000)
  from space 2048K, 58% used [0x00000000ffc00000,0x00000000ffd2b850,0x00000000ffe00000)
  to   space 2048K, 0% used [0x00000000ffe00000,0x00000000ffe00000,0x0000000100000000)
 ParOldGen       total 114688K, used 49308K [0x00000000f4800000, 0x00000000fb800000, 0x00000000fb800000)
  object space 114688K, 42% used [0x00000000f4800000,0x00000000f7827378,0x00000000fb800000)
 Metaspace       used 75074K, capacity 79176K, committed 79744K, reserved 1118208K
  class space    used 9477K, capacity 10201K, committed 10368K, reserved 1048576K
2024-06-11T21:10:42.644+0800: 1901.857: [GC (Allocation Failure) [PSYoungGen: 70830K->704K(71680K)] 120138K->50092K(186368K), 0.0048829 secs] [Times: user=0.00 sys=0.01, real=0.00 secs] 
Heap after GC invocations=453 (full 1):
 PSYoungGen      total 71680K, used 704K [0x00000000fb800000, 0x0000000100000000, 0x0000000100000000)
  eden space 69632K, 0% used [0x00000000fb800000,0x00000000fb800000,0x00000000ffc00000)
  from space 2048K, 34% used [0x00000000ffe00000,0x00000000ffeb0000,0x0000000100000000)
  to   space 2048K, 0% used [0x00000000ffc00000,0x00000000ffc00000,0x00000000ffe00000)
 ParOldGen       total 114688K, used 49388K [0x00000000f4800000, 0x00000000fb800000, 0x00000000fb800000)
  object space 114688K, 43% used [0x00000000f4800000,0x00000000f783b378,0x00000000fb800000)
 Metaspace       used 75074K, capacity 79176K, committed 79744K, reserved 1118208K
  class space    used 9477K, capacity 10201K, committed 10368K, reserved 1048576K
}
{Heap before GC invocations=454 (full 1):
 PSYoungGen      total 71680K, used 70336K [0x00000000fb800000, 0x0000000100000000, 0x0000000100000000)
  eden space 69632K, 100% used [0x00000000fb800000,0x00000000ffc00000,0x00000000ffc00000)
  from space 2048K, 34% used [0x00000000ffe00000,0x00000000ffeb0000,0x0000000100000000)
  to   space 2048K, 0% used [0x00000000ffc00000,0x00000000ffc00000,0x00000000ffe00000)
 ParOldGen       total 114688K, used 49388K [0x00000000f4800000, 0x00000000fb800000, 0x00000000fb800000)
  object space 114688K, 43% used [0x00000000f4800000,0x00000000f783b378,0x00000000fb800000)
 Metaspace       used 75074K, capacity 79176K, committed 79744K, reserved 1118208K
  class space    used 9477K, capacity 10201K, committed 10368K, reserved 1048576K
2024-06-11T21:10:46.982+0800: 1906.196: [GC (Allocation Failure) [PSYoungGen: 70336K->704K(71680K)] 119724K->50172K(186368K), 0.0049038 secs] [Times: user=0.00 sys=0.00, real=0.00 secs] 
Heap after GC invocations=454 (full 1):
 PSYoungGen      total 71680K, used 704K [0x00000000fb800000, 0x0000000100000000, 0x0000000100000000)
  eden space 69632K, 0% used [0x00000000fb800000,0x00000000fb800000,0x00000000ffc00000)
  from space 2048K, 34% used [0x00000000ffc00000,0x00000000ffcb0000,0x00000000ffe00000)
  to   space 2048K, 0% used [0x00000000ffe00000,0x00000000ffe00000,0x0000000100000000)
 ParOldGen       total 114688K, used 49468K [0x00000000f4800000, 0x00000000fb800000, 0x00000000fb800000)
  object space 114688K, 43% used [0x00000000f4800000,0x00000000f784f378,0x00000000fb800000)
 Metaspace       used 75074K, capacity 79176K, committed 79744K, reserved 1118208K
  class space    used 9477K, capacity 10201K, committed 10368K, reserved 1048576K
}
{Heap before GC invocations=455 (full 1):
 PSYoungGen      total 71680K, used 70336K [0x00000000fb800000, 0x0000000100000000, 0x0000000100000000)
  eden space 69632K, 100% used [0x00000000fb800000,0x00000000ffc00000,0x00000000ffc00000)
  from space 2048K, 34% used [0x00000000ffc00000,0x00000000ffcb0000,0x00000000ffe00000)
  to   space 2048K, 0% used [0x00000000ffe00000,0x00000000ffe00000,0x0000000100000000)
 ParOldGen       total 114688K, used 49468K [0x00000000f4800000, 0x00000000fb800000, 0x00000000fb800000)
  object space 114688K, 43% used [0x00000000f4800000,0x00000000f784f378,0x00000000fb800000)
 Metaspace       used 75074K, capacity 79176K, committed 79744K, reserved 1118208K
  class space    used 9477K, capacity 10201K, committed 10368K, reserved 1048576K
2024-06-11T21:10:51.181+0800: 1910.394: [GC (Allocation Failure) [PSYoungGen: 70336K->704K(71680K)] 119804K->50252K(186368K), 0.0046910 secs] [Times: user=0.01 sys=0.00, real=0.00 secs] 
Heap after GC invocations=455 (full 1):
 PSYoungGen      total 71680K, used 704K [0x00000000fb800000, 0x0000000100000000, 0x0000000100000000)
  eden space 69632K, 0% used [0x00000000fb800000,0x00000000fb800000,0x00000000ffc00000)
  from space 2048K, 34% used [0x00000000ffe00000,0x00000000ffeb0000,0x0000000100000000)
  to   space 2048K, 0% used [0x00000000ffc00000,0x00000000ffc00000,0x00000000ffe00000)
 ParOldGen       total 114688K, used 49548K [0x00000000f4800000, 0x00000000fb800000, 0x00000000fb800000)
  object space 114688K, 43% used [0x00000000f4800000,0x00000000f7863378,0x00000000fb800000)
 Metaspace       used 75074K, capacity 79176K, committed 79744K, reserved 1118208K
  class space    used 9477K, capacity 10201K, committed 10368K, reserved 1048576K
}
{Heap before GC invocations=456 (full 1):
 PSYoungGen      total 71680K, used 70336K [0x00000000fb800000, 0x0000000100000000, 0x0000000100000000)
  eden space 69632K, 100% used [0x00000000fb800000,0x00000000ffc00000,0x00000000ffc00000)
  from space 2048K, 34% used [0x00000000ffe00000,0x00000000ffeb0000,0x0000000100000000)
  to   space 2048K, 0% used [0x00000000ffc00000,0x00000000ffc00000,0x00000000ffe00000)
 ParOldGen       total 114688K, used 49548K [0x00000000f4800000, 0x00000000fb800000, 0x00000000fb800000)
  object space 114688K, 43% used [0x00000000f4800000,0x00000000f7863378,0x00000000fb800000)
 Metaspace       used 75078K, capacity 79184K, committed 79744K, reserved 1118208K
  class space    used 9477K, capacity 10201K, committed 10368K, reserved 1048576K
2024-06-11T21:10:55.376+0800: 1914.589: [GC (Allocation Failure) [PSYoungGen: 70336K->1230K(71680K)] 119884K->50858K(186368K), 0.0045143 secs] [Times: user=0.01 sys=0.00, real=0.00 secs] 
Heap after GC invocations=456 (full 1):
 PSYoungGen      total 71680K, used 1230K [0x00000000fb800000, 0x0000000100000000, 0x0000000100000000)
  eden space 69632K, 0% used [0x00000000fb800000,0x00000000fb800000,0x00000000ffc00000)
  from space 2048K, 60% used [0x00000000ffc00000,0x00000000ffd33850,0x00000000ffe00000)
  to   space 2048K, 0% used [0x00000000ffe00000,0x00000000ffe00000,0x0000000100000000)
 ParOldGen       total 114688K, used 49628K [0x00000000f4800000, 0x00000000fb800000, 0x00000000fb800000)
  object space 114688K, 43% used [0x00000000f4800000,0x00000000f7877378,0x00000000fb800000)
 Metaspace       used 75078K, capacity 79184K, committed 79744K, reserved 1118208K
  class space    used 9477K, capacity 10201K, committed 10368K, reserved 1048576K
}
{Heap before GC invocations=457 (full 1):
 PSYoungGen      total 71680K, used 70862K [0x00000000fb800000, 0x0000000100000000, 0x0000000100000000)
  eden space 69632K, 100% used [0x00000000fb800000,0x00000000ffc00000,0x00000000ffc00000)
  from space 2048K, 60% used [0x00000000ffc00000,0x00000000ffd33850,0x00000000ffe00000)
  to   space 2048K, 0% used [0x00000000ffe00000,0x00000000ffe00000,0x0000000100000000)
 ParOldGen       total 114688K, used 49628K [0x00000000f4800000, 0x00000000fb800000, 0x00000000fb800000)
  object space 114688K, 43% used [0x00000000f4800000,0x00000000f7877378,0x00000000fb800000)
 Metaspace       used 75078K, capacity 79184K, committed 79744K, reserved 1118208K
  class space    used 9477K, capacity 10201K, committed 10368K, reserved 1048576K
2024-06-11T21:10:59.760+0800: 1918.973: [GC (Allocation Failure) [PSYoungGen: 70862K->704K(71680K)] 120490K->50404K(186368K), 0.0082638 secs] [Times: user=0.01 sys=0.00, real=0.01 secs] 
Heap after GC invocations=457 (full 1):
 PSYoungGen      total 71680K, used 704K [0x00000000fb800000, 0x0000000100000000, 0x0000000100000000)
  eden space 69632K, 0% used [0x00000000fb800000,0x00000000fb800000,0x00000000ffc00000)
  from space 2048K, 34% used [0x00000000ffe00000,0x00000000ffeb0000,0x0000000100000000)
  to   space 2048K, 0% used [0x00000000ffc00000,0x00000000ffc00000,0x00000000ffe00000)
 ParOldGen       total 114688K, used 49700K [0x00000000f4800000, 0x00000000fb800000, 0x00000000fb800000)
  object space 114688K, 43% used [0x00000000f4800000,0x00000000f7889378,0x00000000fb800000)
 Metaspace       used 75078K, capacity 79184K, committed 79744K, reserved 1118208K
  class space    used 9477K, capacity 10201K, committed 10368K, reserved 1048576K
}
{Heap before GC invocations=458 (full 1):
 PSYoungGen      total 71680K, used 70336K [0x00000000fb800000, 0x0000000100000000, 0x0000000100000000)
  eden space 69632K, 100% used [0x00000000fb800000,0x00000000ffc00000,0x00000000ffc00000)
  from space 2048K, 34% used [0x00000000ffe00000,0x00000000ffeb0000,0x0000000100000000)
  to   space 2048K, 0% used [0x00000000ffc00000,0x00000000ffc00000,0x00000000ffe00000)
 ParOldGen       total 114688K, used 49700K [0x00000000f4800000, 0x00000000fb800000, 0x00000000fb800000)
  object space 114688K, 43% used [0x00000000f4800000,0x00000000f7889378,0x00000000fb800000)
 Metaspace       used 75078K, capacity 79184K, committed 79744K, reserved 1118208K
  class space    used 9477K, capacity 10201K, committed 10368K, reserved 1048576K
2024-06-11T21:11:03.991+0800: 1923.204: [GC (Allocation Failure) [PSYoungGen: 70336K->704K(71680K)] 120036K->50492K(186368K), 0.0044444 secs] [Times: user=0.01 sys=0.00, real=0.00 secs] 
Heap after GC invocations=458 (full 1):
 PSYoungGen      total 71680K, used 704K [0x00000000fb800000, 0x0000000100000000, 0x0000000100000000)
  eden space 69632K, 0% used [0x00000000fb800000,0x00000000fb800000,0x00000000ffc00000)
  from space 2048K, 34% used [0x00000000ffc00000,0x00000000ffcb0000,0x00000000ffe00000)
  to   space 2048K, 0% used [0x00000000ffe00000,0x00000000ffe00000,0x0000000100000000)
 ParOldGen       total 114688K, used 49788K [0x00000000f4800000, 0x00000000fb800000, 0x00000000fb800000)
  object space 114688K, 43% used [0x00000000f4800000,0x00000000f789f378,0x00000000fb800000)
 Metaspace       used 75078K, capacity 79184K, committed 79744K, reserved 1118208K
  class space    used 9477K, capacity 10201K, committed 10368K, reserved 1048576K
}
{Heap before GC invocations=459 (full 1):
 PSYoungGen      total 71680K, used 70336K [0x00000000fb800000, 0x0000000100000000, 0x0000000100000000)
  eden space 69632K, 100% used [0x00000000fb800000,0x00000000ffc00000,0x00000000ffc00000)
  from space 2048K, 34% used [0x00000000ffc00000,0x00000000ffcb0000,0x00000000ffe00000)
  to   space 2048K, 0% used [0x00000000ffe00000,0x00000000ffe00000,0x0000000100000000)
 ParOldGen       total 114688K, used 49788K [0x00000000f4800000, 0x00000000fb800000, 0x00000000fb800000)
  object space 114688K, 43% used [0x00000000f4800000,0x00000000f789f378,0x00000000fb800000)
 Metaspace       used 75078K, capacity 79184K, committed 79744K, reserved 1118208K
  class space    used 9477K, capacity 10201K, committed 10368K, reserved 1048576K
2024-06-11T21:11:08.256+0800: 1927.470: [GC (Allocation Failure) [PSYoungGen: 70336K->1166K(71680K)] 120124K->51034K(186368K), 0.0056885 secs] [Times: user=0.00 sys=0.00, real=0.01 secs] 
Heap after GC invocations=459 (full 1):
 PSYoungGen      total 71680K, used 1166K [0x00000000fb800000, 0x0000000100000000, 0x0000000100000000)
  eden space 69632K, 0% used [0x00000000fb800000,0x00000000fb800000,0x00000000ffc00000)
  from space 2048K, 56% used [0x00000000ffe00000,0x00000000fff23850,0x0000000100000000)
  to   space 2048K, 0% used [0x00000000ffc00000,0x00000000ffc00000,0x00000000ffe00000)
 ParOldGen       total 114688K, used 49868K [0x00000000f4800000, 0x00000000fb800000, 0x00000000fb800000)
  object space 114688K, 43% used [0x00000000f4800000,0x00000000f78b3378,0x00000000fb800000)
 Metaspace       used 75078K, capacity 79184K, committed 79744K, reserved 1118208K
  class space    used 9477K, capacity 10201K, committed 10368K, reserved 1048576K
}
{Heap before GC invocations=460 (full 1):
 PSYoungGen      total 71680K, used 70798K [0x00000000fb800000, 0x0000000100000000, 0x0000000100000000)
  eden space 69632K, 100% used [0x00000000fb800000,0x00000000ffc00000,0x00000000ffc00000)
  from space 2048K, 56% used [0x00000000ffe00000,0x00000000fff23850,0x0000000100000000)
  to   space 2048K, 0% used [0x00000000ffc00000,0x00000000ffc00000,0x00000000ffe00000)
 ParOldGen       total 114688K, used 49868K [0x00000000f4800000, 0x00000000fb800000, 0x00000000fb800000)
  object space 114688K, 43% used [0x00000000f4800000,0x00000000f78b3378,0x00000000fb800000)
 Metaspace       used 75078K, capacity 79184K, committed 79744K, reserved 1118208K
  class space    used 9477K, capacity 10201K, committed 10368K, reserved 1048576K
2024-06-11T21:11:12.771+0800: 1931.985: [GC (Allocation Failure) [PSYoungGen: 70798K->736K(71680K)] 120666K->50684K(186368K), 0.0059942 secs] [Times: user=0.01 sys=0.00, real=0.00 secs] 
Heap after GC invocations=460 (full 1):
 PSYoungGen      total 71680K, used 736K [0x00000000fb800000, 0x0000000100000000, 0x0000000100000000)
  eden space 69632K, 0% used [0x00000000fb800000,0x00000000fb800000,0x00000000ffc00000)
  from space 2048K, 35% used [0x00000000ffc00000,0x00000000ffcb8000,0x00000000ffe00000)
  to   space 2048K, 0% used [0x00000000ffe00000,0x00000000ffe00000,0x0000000100000000)
 ParOldGen       total 114688K, used 49948K [0x00000000f4800000, 0x00000000fb800000, 0x00000000fb800000)
  object space 114688K, 43% used [0x00000000f4800000,0x00000000f78c7378,0x00000000fb800000)
 Metaspace       used 75078K, capacity 79184K, committed 79744K, reserved 1118208K
  class space    used 9477K, capacity 10201K, committed 10368K, reserved 1048576K
}
{Heap before GC invocations=461 (full 1):
 PSYoungGen      total 71680K, used 70368K [0x00000000fb800000, 0x0000000100000000, 0x0000000100000000)
  eden space 69632K, 100% used [0x00000000fb800000,0x00000000ffc00000,0x00000000ffc00000)
  from space 2048K, 35% used [0x00000000ffc00000,0x00000000ffcb8000,0x00000000ffe00000)
  to   space 2048K, 0% used [0x00000000ffe00000,0x00000000ffe00000,0x0000000100000000)
 ParOldGen       total 114688K, used 49948K [0x00000000f4800000, 0x00000000fb800000, 0x00000000fb800000)
  object space 114688K, 43% used [0x00000000f4800000,0x00000000f78c7378,0x00000000fb800000)
 Metaspace       used 75078K, capacity 79184K, committed 79744K, reserved 1118208K
  class space    used 9477K, capacity 10201K, committed 10368K, reserved 1048576K
2024-06-11T21:11:16.926+0800: 1936.139: [GC (Allocation Failure) [PSYoungGen: 70368K->736K(72192K)] 120316K->50772K(186880K), 0.0044242 secs] [Times: user=0.01 sys=0.00, real=0.00 secs] 
Heap after GC invocations=461 (full 1):
 PSYoungGen      total 72192K, used 736K [0x00000000fb800000, 0x0000000100000000, 0x0000000100000000)
  eden space 70144K, 0% used [0x00000000fb800000,0x00000000fb800000,0x00000000ffc80000)
  from space 2048K, 35% used [0x00000000ffe00000,0x00000000ffeb8000,0x0000000100000000)
  to   space 1536K, 0% used [0x00000000ffc80000,0x00000000ffc80000,0x00000000ffe00000)
 ParOldGen       total 114688K, used 50036K [0x00000000f4800000, 0x00000000fb800000, 0x00000000fb800000)
  object space 114688K, 43% used [0x00000000f4800000,0x00000000f78dd378,0x00000000fb800000)
 Metaspace       used 75078K, capacity 79184K, committed 79744K, reserved 1118208K
  class space    used 9477K, capacity 10201K, committed 10368K, reserved 1048576K
}
{Heap before GC invocations=462 (full 1):
 PSYoungGen      total 72192K, used 70880K [0x00000000fb800000, 0x0000000100000000, 0x0000000100000000)
  eden space 70144K, 100% used [0x00000000fb800000,0x00000000ffc80000,0x00000000ffc80000)
  from space 2048K, 35% used [0x00000000ffe00000,0x00000000ffeb8000,0x0000000100000000)
  to   space 1536K, 0% used [0x00000000ffc80000,0x00000000ffc80000,0x00000000ffe00000)
 ParOldGen       total 114688K, used 50036K [0x00000000f4800000, 0x00000000fb800000, 0x00000000fb800000)
  object space 114688K, 43% used [0x00000000f4800000,0x00000000f78dd378,0x00000000fb800000)
 Metaspace       used 75078K, capacity 79184K, committed 79744K, reserved 1118208K
  class space    used 9477K, capacity 10201K, committed 10368K, reserved 1048576K
2024-06-11T21:11:21.330+0800: 1940.543: [GC (Allocation Failure) [PSYoungGen: 70880K->1248K(71680K)] 120916K->51364K(186368K), 0.0052108 secs] [Times: user=0.00 sys=0.01, real=0.01 secs] 
Heap after GC invocations=462 (full 1):
 PSYoungGen      total 71680K, used 1248K [0x00000000fb800000, 0x0000000100000000, 0x0000000100000000)
  eden space 70144K, 0% used [0x00000000fb800000,0x00000000fb800000,0x00000000ffc80000)
  from space 1536K, 81% used [0x00000000ffc80000,0x00000000ffdb8000,0x00000000ffe00000)
  to   space 2048K, 0% used [0x00000000ffe00000,0x00000000ffe00000,0x0000000100000000)
 ParOldGen       total 114688K, used 50116K [0x00000000f4800000, 0x00000000fb800000, 0x00000000fb800000)
  object space 114688K, 43% used [0x00000000f4800000,0x00000000f78f1378,0x00000000fb800000)
 Metaspace       used 75078K, capacity 79184K, committed 79744K, reserved 1118208K
  class space    used 9477K, capacity 10201K, committed 10368K, reserved 1048576K
}
{Heap before GC invocations=463 (full 1):
 PSYoungGen      total 71680K, used 71392K [0x00000000fb800000, 0x0000000100000000, 0x0000000100000000)
  eden space 70144K, 100% used [0x00000000fb800000,0x00000000ffc80000,0x00000000ffc80000)
  from space 1536K, 81% used [0x00000000ffc80000,0x00000000ffdb8000,0x00000000ffe00000)
  to   space 2048K, 0% used [0x00000000ffe00000,0x00000000ffe00000,0x0000000100000000)
 ParOldGen       total 114688K, used 50116K [0x00000000f4800000, 0x00000000fb800000, 0x00000000fb800000)
  object space 114688K, 43% used [0x00000000f4800000,0x00000000f78f1378,0x00000000fb800000)
 Metaspace       used 75078K, capacity 79184K, committed 79744K, reserved 1118208K
  class space    used 9477K, capacity 10201K, committed 10368K, reserved 1048576K
2024-06-11T21:11:25.680+0800: 1944.893: [GC (Allocation Failure) [PSYoungGen: 71392K->1440K(71680K)] 121508K->52196K(186368K), 0.0055724 secs] [Times: user=0.01 sys=0.01, real=0.01 secs] 
Heap after GC invocations=463 (full 1):
 PSYoungGen      total 71680K, used 1440K [0x00000000fb800000, 0x0000000100000000, 0x0000000100000000)
  eden space 69632K, 0% used [0x00000000fb800000,0x00000000fb800000,0x00000000ffc00000)
  from space 2048K, 70% used [0x00000000ffe00000,0x00000000fff68000,0x0000000100000000)
  to   space 2048K, 0% used [0x00000000ffc00000,0x00000000ffc00000,0x00000000ffe00000)
 ParOldGen       total 114688K, used 50756K [0x00000000f4800000, 0x00000000fb800000, 0x00000000fb800000)
  object space 114688K, 44% used [0x00000000f4800000,0x00000000f7991378,0x00000000fb800000)
 Metaspace       used 75078K, capacity 79184K, committed 79744K, reserved 1118208K
  class space    used 9477K, capacity 10201K, committed 10368K, reserved 1048576K
}
{Heap before GC invocations=464 (full 1):
 PSYoungGen      total 71680K, used 71072K [0x00000000fb800000, 0x0000000100000000, 0x0000000100000000)
  eden space 69632K, 100% used [0x00000000fb800000,0x00000000ffc00000,0x00000000ffc00000)
  from space 2048K, 70% used [0x00000000ffe00000,0x00000000fff68000,0x0000000100000000)
  to   space 2048K, 0% used [0x00000000ffc00000,0x00000000ffc00000,0x00000000ffe00000)
 ParOldGen       total 114688K, used 50756K [0x00000000f4800000, 0x00000000fb800000, 0x00000000fb800000)
  object space 114688K, 44% used [0x00000000f4800000,0x00000000f7991378,0x00000000fb800000)
 Metaspace       used 75078K, capacity 79184K, committed 79744K, reserved 1118208K
  class space    used 9477K, capacity 10201K, committed 10368K, reserved 1048576K
2024-06-11T21:11:29.792+0800: 1949.006: [GC (Allocation Failure) [PSYoungGen: 71072K->704K(71680K)] 121828K->52276K(186368K), 0.0055358 secs] [Times: user=0.01 sys=0.00, real=0.00 secs] 
Heap after GC invocations=464 (full 1):
 PSYoungGen      total 71680K, used 704K [0x00000000fb800000, 0x0000000100000000, 0x0000000100000000)
  eden space 69632K, 0% used [0x00000000fb800000,0x00000000fb800000,0x00000000ffc00000)
  from space 2048K, 34% used [0x00000000ffc00000,0x00000000ffcb0000,0x00000000ffe00000)
  to   space 2048K, 0% used [0x00000000ffe00000,0x00000000ffe00000,0x0000000100000000)
 ParOldGen       total 114688K, used 51572K [0x00000000f4800000, 0x00000000fb800000, 0x00000000fb800000)
  object space 114688K, 44% used [0x00000000f4800000,0x00000000f7a5d378,0x00000000fb800000)
 Metaspace       used 75078K, capacity 79184K, committed 79744K, reserved 1118208K
  class space    used 9477K, capacity 10201K, committed 10368K, reserved 1048576K
}
{Heap before GC invocations=465 (full 1):
 PSYoungGen      total 71680K, used 70336K [0x00000000fb800000, 0x0000000100000000, 0x0000000100000000)
  eden space 69632K, 100% used [0x00000000fb800000,0x00000000ffc00000,0x00000000ffc00000)
  from space 2048K, 34% used [0x00000000ffc00000,0x00000000ffcb0000,0x00000000ffe00000)
  to   space 2048K, 0% used [0x00000000ffe00000,0x00000000ffe00000,0x0000000100000000)
 ParOldGen       total 114688K, used 51572K [0x00000000f4800000, 0x00000000fb800000, 0x00000000fb800000)
  object space 114688K, 44% used [0x00000000f4800000,0x00000000f7a5d378,0x00000000fb800000)
 Metaspace       used 75078K, capacity 79184K, committed 79744K, reserved 1118208K
  class space    used 9477K, capacity 10201K, committed 10368K, reserved 1048576K
2024-06-11T21:11:34.085+0800: 1953.298: [GC (Allocation Failure) [PSYoungGen: 70336K->704K(71680K)] 121908K->52356K(186368K), 0.0046054 secs] [Times: user=0.01 sys=0.00, real=0.00 secs] 
Heap after GC invocations=465 (full 1):
 PSYoungGen      total 71680K, used 704K [0x00000000fb800000, 0x0000000100000000, 0x0000000100000000)
  eden space 69632K, 0% used [0x00000000fb800000,0x00000000fb800000,0x00000000ffc00000)
  from space 2048K, 34% used [0x00000000ffe00000,0x00000000ffeb0000,0x0000000100000000)
  to   space 2048K, 0% used [0x00000000ffc00000,0x00000000ffc00000,0x00000000ffe00000)
 ParOldGen       total 114688K, used 51652K [0x00000000f4800000, 0x00000000fb800000, 0x00000000fb800000)
  object space 114688K, 45% used [0x00000000f4800000,0x00000000f7a71378,0x00000000fb800000)
 Metaspace       used 75078K, capacity 79184K, committed 79744K, reserved 1118208K
  class space    used 9477K, capacity 10201K, committed 10368K, reserved 1048576K
}
{Heap before GC invocations=466 (full 1):
 PSYoungGen      total 71680K, used 70336K [0x00000000fb800000, 0x0000000100000000, 0x0000000100000000)
  eden space 69632K, 100% used [0x00000000fb800000,0x00000000ffc00000,0x00000000ffc00000)
  from space 2048K, 34% used [0x00000000ffe00000,0x00000000ffeb0000,0x0000000100000000)
  to   space 2048K, 0% used [0x00000000ffc00000,0x00000000ffc00000,0x00000000ffe00000)
 ParOldGen       total 114688K, used 51652K [0x00000000f4800000, 0x00000000fb800000, 0x00000000fb800000)
  object space 114688K, 45% used [0x00000000f4800000,0x00000000f7a71378,0x00000000fb800000)
 Metaspace       used 75078K, capacity 79184K, committed 79744K, reserved 1118208K
  class space    used 9477K, capacity 10201K, committed 10368K, reserved 1048576K
2024-06-11T21:11:38.535+0800: 1957.749: [GC (Allocation Failure) [PSYoungGen: 70336K->704K(71680K)] 121988K->52436K(186368K), 0.0044327 secs] [Times: user=0.01 sys=0.00, real=0.00 secs] 
Heap after GC invocations=466 (full 1):
 PSYoungGen      total 71680K, used 704K [0x00000000fb800000, 0x0000000100000000, 0x0000000100000000)
  eden space 69632K, 0% used [0x00000000fb800000,0x00000000fb800000,0x00000000ffc00000)
  from space 2048K, 34% used [0x00000000ffc00000,0x00000000ffcb0000,0x00000000ffe00000)
  to   space 2048K, 0% used [0x00000000ffe00000,0x00000000ffe00000,0x0000000100000000)
 ParOldGen       total 114688K, used 51732K [0x00000000f4800000, 0x00000000fb800000, 0x00000000fb800000)
  object space 114688K, 45% used [0x00000000f4800000,0x00000000f7a85378,0x00000000fb800000)
 Metaspace       used 75078K, capacity 79184K, committed 79744K, reserved 1118208K
  class space    used 9477K, capacity 10201K, committed 10368K, reserved 1048576K
}
{Heap before GC invocations=467 (full 1):
 PSYoungGen      total 71680K, used 70336K [0x00000000fb800000, 0x0000000100000000, 0x0000000100000000)
  eden space 69632K, 100% used [0x00000000fb800000,0x00000000ffc00000,0x00000000ffc00000)
  from space 2048K, 34% used [0x00000000ffc00000,0x00000000ffcb0000,0x00000000ffe00000)
  to   space 2048K, 0% used [0x00000000ffe00000,0x00000000ffe00000,0x0000000100000000)
 ParOldGen       total 114688K, used 51732K [0x00000000f4800000, 0x00000000fb800000, 0x00000000fb800000)
  object space 114688K, 45% used [0x00000000f4800000,0x00000000f7a85378,0x00000000fb800000)
 Metaspace       used 75078K, capacity 79184K, committed 79744K, reserved 1118208K
  class space    used 9477K, capacity 10201K, committed 10368K, reserved 1048576K
2024-06-11T21:11:42.868+0800: 1962.081: [GC (Allocation Failure) [PSYoungGen: 70336K->736K(71680K)] 122068K->52540K(186368K), 0.0053482 secs] [Times: user=0.01 sys=0.00, real=0.01 secs] 
Heap after GC invocations=467 (full 1):
 PSYoungGen      total 71680K, used 736K [0x00000000fb800000, 0x0000000100000000, 0x0000000100000000)
  eden space 69632K, 0% used [0x00000000fb800000,0x00000000fb800000,0x00000000ffc00000)
  from space 2048K, 35% used [0x00000000ffe00000,0x00000000ffeb8000,0x0000000100000000)
  to   space 2048K, 0% used [0x00000000ffc00000,0x00000000ffc00000,0x00000000ffe00000)
 ParOldGen       total 114688K, used 51804K [0x00000000f4800000, 0x00000000fb800000, 0x00000000fb800000)
  object space 114688K, 45% used [0x00000000f4800000,0x00000000f7a97378,0x00000000fb800000)
 Metaspace       used 75078K, capacity 79184K, committed 79744K, reserved 1118208K
  class space    used 9477K, capacity 10201K, committed 10368K, reserved 1048576K
}
{Heap before GC invocations=468 (full 1):
 PSYoungGen      total 71680K, used 70368K [0x00000000fb800000, 0x0000000100000000, 0x0000000100000000)
  eden space 69632K, 100% used [0x00000000fb800000,0x00000000ffc00000,0x00000000ffc00000)
  from space 2048K, 35% used [0x00000000ffe00000,0x00000000ffeb8000,0x0000000100000000)
  to   space 2048K, 0% used [0x00000000ffc00000,0x00000000ffc00000,0x00000000ffe00000)
 ParOldGen       total 114688K, used 51804K [0x00000000f4800000, 0x00000000fb800000, 0x00000000fb800000)
  object space 114688K, 45% used [0x00000000f4800000,0x00000000f7a97378,0x00000000fb800000)
 Metaspace       used 75078K, capacity 79184K, committed 79744K, reserved 1118208K
  class space    used 9477K, capacity 10201K, committed 10368K, reserved 1048576K
2024-06-11T21:11:46.970+0800: 1966.183: [GC (Allocation Failure) [PSYoungGen: 70368K->704K(71680K)] 122172K->52588K(186368K), 0.0045270 secs] [Times: user=0.00 sys=0.00, real=0.01 secs] 
Heap after GC invocations=468 (full 1):
 PSYoungGen      total 71680K, used 704K [0x00000000fb800000, 0x0000000100000000, 0x0000000100000000)
  eden space 69632K, 0% used [0x00000000fb800000,0x00000000fb800000,0x00000000ffc00000)
  from space 2048K, 34% used [0x00000000ffc00000,0x00000000ffcb0000,0x00000000ffe00000)
  to   space 1536K, 0% used [0x00000000ffe80000,0x00000000ffe80000,0x0000000100000000)
 ParOldGen       total 114688K, used 51884K [0x00000000f4800000, 0x00000000fb800000, 0x00000000fb800000)
  object space 114688K, 45% used [0x00000000f4800000,0x00000000f7aab378,0x00000000fb800000)
 Metaspace       used 75078K, capacity 79184K, committed 79744K, reserved 1118208K
  class space    used 9477K, capacity 10201K, committed 10368K, reserved 1048576K
}
{Heap before GC invocations=469 (full 1):
 PSYoungGen      total 71680K, used 70336K [0x00000000fb800000, 0x0000000100000000, 0x0000000100000000)
  eden space 69632K, 100% used [0x00000000fb800000,0x00000000ffc00000,0x00000000ffc00000)
  from space 2048K, 34% used [0x00000000ffc00000,0x00000000ffcb0000,0x00000000ffe00000)
  to   space 1536K, 0% used [0x00000000ffe80000,0x00000000ffe80000,0x0000000100000000)
 ParOldGen       total 114688K, used 51884K [0x00000000f4800000, 0x00000000fb800000, 0x00000000fb800000)
  object space 114688K, 45% used [0x00000000f4800000,0x00000000f7aab378,0x00000000fb800000)
 Metaspace       used 75078K, capacity 79184K, committed 79744K, reserved 1118208K
  class space    used 9477K, capacity 10201K, committed 10368K, reserved 1048576K
2024-06-11T21:11:51.326+0800: 1970.540: [GC (Allocation Failure) [PSYoungGen: 70336K->736K(72192K)] 122220K->52692K(186880K), 0.0044603 secs] [Times: user=0.01 sys=0.01, real=0.01 secs] 
Heap after GC invocations=469 (full 1):
 PSYoungGen      total 72192K, used 736K [0x00000000fb800000, 0x0000000100000000, 0x0000000100000000)
  eden space 70656K, 0% used [0x00000000fb800000,0x00000000fb800000,0x00000000ffd00000)
  from space 1536K, 47% used [0x00000000ffe80000,0x00000000fff38000,0x0000000100000000)
  to   space 1536K, 0% used [0x00000000ffd00000,0x00000000ffd00000,0x00000000ffe80000)
 ParOldGen       total 114688K, used 51956K [0x00000000f4800000, 0x00000000fb800000, 0x00000000fb800000)
  object space 114688K, 45% used [0x00000000f4800000,0x00000000f7abd378,0x00000000fb800000)
 Metaspace       used 75078K, capacity 79184K, committed 79744K, reserved 1118208K
  class space    used 9477K, capacity 10201K, committed 10368K, reserved 1048576K
}
{Heap before GC invocations=470 (full 1):
 PSYoungGen      total 72192K, used 71392K [0x00000000fb800000, 0x0000000100000000, 0x0000000100000000)
  eden space 70656K, 100% used [0x00000000fb800000,0x00000000ffd00000,0x00000000ffd00000)
  from space 1536K, 47% used [0x00000000ffe80000,0x00000000fff38000,0x0000000100000000)
  to   space 1536K, 0% used [0x00000000ffd00000,0x00000000ffd00000,0x00000000ffe80000)
 ParOldGen       total 114688K, used 51956K [0x00000000f4800000, 0x00000000fb800000, 0x00000000fb800000)
  object space 114688K, 45% used [0x00000000f4800000,0x00000000f7abd378,0x00000000fb800000)
 Metaspace       used 75078K, capacity 79184K, committed 79744K, reserved 1118208K
  class space    used 9477K, capacity 10201K, committed 10368K, reserved 1048576K
2024-06-11T21:11:55.939+0800: 1975.152: [GC (Allocation Failure) [PSYoungGen: 71392K->704K(72192K)] 123348K->52748K(186880K), 0.0044144 secs] [Times: user=0.01 sys=0.00, real=0.01 secs] 
Heap after GC invocations=470 (full 1):
 PSYoungGen      total 72192K, used 704K [0x00000000fb800000, 0x0000000100000000, 0x0000000100000000)
  eden space 70656K, 0% used [0x00000000fb800000,0x00000000fb800000,0x00000000ffd00000)
  from space 1536K, 45% used [0x00000000ffd00000,0x00000000ffdb0000,0x00000000ffe80000)
  to   space 1536K, 0% used [0x00000000ffe80000,0x00000000ffe80000,0x0000000100000000)
 ParOldGen       total 114688K, used 52044K [0x00000000f4800000, 0x00000000fb800000, 0x00000000fb800000)
  object space 114688K, 45% used [0x00000000f4800000,0x00000000f7ad3378,0x00000000fb800000)
 Metaspace       used 75078K, capacity 79184K, committed 79744K, reserved 1118208K
  class space    used 9477K, capacity 10201K, committed 10368K, reserved 1048576K
}
{Heap before GC invocations=471 (full 1):
 PSYoungGen      total 72192K, used 71360K [0x00000000fb800000, 0x0000000100000000, 0x0000000100000000)
  eden space 70656K, 100% used [0x00000000fb800000,0x00000000ffd00000,0x00000000ffd00000)
  from space 1536K, 45% used [0x00000000ffd00000,0x00000000ffdb0000,0x00000000ffe80000)
  to   space 1536K, 0% used [0x00000000ffe80000,0x00000000ffe80000,0x0000000100000000)
 ParOldGen       total 114688K, used 52044K [0x00000000f4800000, 0x00000000fb800000, 0x00000000fb800000)
  object space 114688K, 45% used [0x00000000f4800000,0x00000000f7ad3378,0x00000000fb800000)
 Metaspace       used 75078K, capacity 79184K, committed 79744K, reserved 1118208K
  class space    used 9477K, capacity 10201K, committed 10368K, reserved 1048576K
2024-06-11T21:12:00.103+0800: 1979.317: [GC (Allocation Failure) [PSYoungGen: 71360K->736K(72192K)] 123404K->52860K(186880K), 0.0047123 secs] [Times: user=0.00 sys=0.00, real=0.00 secs] 
Heap after GC invocations=471 (full 1):
 PSYoungGen      total 72192K, used 736K [0x00000000fb800000, 0x0000000100000000, 0x0000000100000000)
  eden space 70656K, 0% used [0x00000000fb800000,0x00000000fb800000,0x00000000ffd00000)
  from space 1536K, 47% used [0x00000000ffe80000,0x00000000fff38000,0x0000000100000000)
  to   space 1536K, 0% used [0x00000000ffd00000,0x00000000ffd00000,0x00000000ffe80000)
 ParOldGen       total 114688K, used 52124K [0x00000000f4800000, 0x00000000fb800000, 0x00000000fb800000)
  object space 114688K, 45% used [0x00000000f4800000,0x00000000f7ae7378,0x00000000fb800000)
 Metaspace       used 75078K, capacity 79184K, committed 79744K, reserved 1118208K
  class space    used 9477K, capacity 10201K, committed 10368K, reserved 1048576K
}
{Heap before GC invocations=472 (full 1):
 PSYoungGen      total 72192K, used 71392K [0x00000000fb800000, 0x0000000100000000, 0x0000000100000000)
  eden space 70656K, 100% used [0x00000000fb800000,0x00000000ffd00000,0x00000000ffd00000)
  from space 1536K, 47% used [0x00000000ffe80000,0x00000000fff38000,0x0000000100000000)
  to   space 1536K, 0% used [0x00000000ffd00000,0x00000000ffd00000,0x00000000ffe80000)
 ParOldGen       total 114688K, used 52124K [0x00000000f4800000, 0x00000000fb800000, 0x00000000fb800000)
  object space 114688K, 45% used [0x00000000f4800000,0x00000000f7ae7378,0x00000000fb800000)
 Metaspace       used 75078K, capacity 79184K, committed 79744K, reserved 1118208K
  class space    used 9477K, capacity 10201K, committed 10368K, reserved 1048576K
2024-06-11T21:12:04.464+0800: 1983.677: [GC (Allocation Failure) [PSYoungGen: 71392K->736K(72192K)] 123516K->52940K(186880K), 0.0045688 secs] [Times: user=0.00 sys=0.00, real=0.00 secs] 
Heap after GC invocations=472 (full 1):
 PSYoungGen      total 72192K, used 736K [0x00000000fb800000, 0x0000000100000000, 0x0000000100000000)
  eden space 70656K, 0% used [0x00000000fb800000,0x00000000fb800000,0x00000000ffd00000)
  from space 1536K, 47% used [0x00000000ffd00000,0x00000000ffdb8000,0x00000000ffe80000)
  to   space 1536K, 0% used [0x00000000ffe80000,0x00000000ffe80000,0x0000000100000000)
 ParOldGen       total 114688K, used 52204K [0x00000000f4800000, 0x00000000fb800000, 0x00000000fb800000)
  object space 114688K, 45% used [0x00000000f4800000,0x00000000f7afb378,0x00000000fb800000)
 Metaspace       used 75078K, capacity 79184K, committed 79744K, reserved 1118208K
  class space    used 9477K, capacity 10201K, committed 10368K, reserved 1048576K
}
{Heap before GC invocations=473 (full 1):
 PSYoungGen      total 72192K, used 71392K [0x00000000fb800000, 0x0000000100000000, 0x0000000100000000)
  eden space 70656K, 100% used [0x00000000fb800000,0x00000000ffd00000,0x00000000ffd00000)
  from space 1536K, 47% used [0x00000000ffd00000,0x00000000ffdb8000,0x00000000ffe80000)
  to   space 1536K, 0% used [0x00000000ffe80000,0x00000000ffe80000,0x0000000100000000)
 ParOldGen       total 114688K, used 52204K [0x00000000f4800000, 0x00000000fb800000, 0x00000000fb800000)
  object space 114688K, 45% used [0x00000000f4800000,0x00000000f7afb378,0x00000000fb800000)
 Metaspace       used 75078K, capacity 79184K, committed 79744K, reserved 1118208K
  class space    used 9477K, capacity 10201K, committed 10368K, reserved 1048576K
2024-06-11T21:12:08.833+0800: 1988.047: [GC (Allocation Failure) [PSYoungGen: 71392K->736K(72192K)] 123596K->53028K(186880K), 0.0045815 secs] [Times: user=0.01 sys=0.00, real=0.00 secs] 
Heap after GC invocations=473 (full 1):
 PSYoungGen      total 72192K, used 736K [0x00000000fb800000, 0x0000000100000000, 0x0000000100000000)
  eden space 70656K, 0% used [0x00000000fb800000,0x00000000fb800000,0x00000000ffd00000)
  from space 1536K, 47% used [0x00000000ffe80000,0x00000000fff38000,0x0000000100000000)
  to   space 1536K, 0% used [0x00000000ffd00000,0x00000000ffd00000,0x00000000ffe80000)
 ParOldGen       total 114688K, used 52292K [0x00000000f4800000, 0x00000000fb800000, 0x00000000fb800000)
  object space 114688K, 45% used [0x00000000f4800000,0x00000000f7b11378,0x00000000fb800000)
 Metaspace       used 75078K, capacity 79184K, committed 79744K, reserved 1118208K
  class space    used 9477K, capacity 10201K, committed 10368K, reserved 1048576K
}
{Heap before GC invocations=474 (full 1):
 PSYoungGen      total 72192K, used 71392K [0x00000000fb800000, 0x0000000100000000, 0x0000000100000000)
  eden space 70656K, 100% used [0x00000000fb800000,0x00000000ffd00000,0x00000000ffd00000)
  from space 1536K, 47% used [0x00000000ffe80000,0x00000000fff38000,0x0000000100000000)
  to   space 1536K, 0% used [0x00000000ffd00000,0x00000000ffd00000,0x00000000ffe80000)
 ParOldGen       total 114688K, used 52292K [0x00000000f4800000, 0x00000000fb800000, 0x00000000fb800000)
  object space 114688K, 45% used [0x00000000f4800000,0x00000000f7b11378,0x00000000fb800000)
 Metaspace       used 75078K, capacity 79184K, committed 79744K, reserved 1118208K
  class space    used 9477K, capacity 10201K, committed 10368K, reserved 1048576K
2024-06-11T21:12:13.255+0800: 1992.468: [GC (Allocation Failure) [PSYoungGen: 71392K->704K(72192K)] 123684K->53084K(186880K), 0.0052612 secs] [Times: user=0.01 sys=0.00, real=0.00 secs] 
Heap after GC invocations=474 (full 1):
 PSYoungGen      total 72192K, used 704K [0x00000000fb800000, 0x0000000100000000, 0x0000000100000000)
  eden space 70656K, 0% used [0x00000000fb800000,0x00000000fb800000,0x00000000ffd00000)
  from space 1536K, 45% used [0x00000000ffd00000,0x00000000ffdb0000,0x00000000ffe80000)
  to   space 1536K, 0% used [0x00000000ffe80000,0x00000000ffe80000,0x0000000100000000)
 ParOldGen       total 114688K, used 52380K [0x00000000f4800000, 0x00000000fb800000, 0x00000000fb800000)
  object space 114688K, 45% used [0x00000000f4800000,0x00000000f7b27378,0x00000000fb800000)
 Metaspace       used 75078K, capacity 79184K, committed 79744K, reserved 1118208K
  class space    used 9477K, capacity 10201K, committed 10368K, reserved 1048576K
}
{Heap before GC invocations=475 (full 1):
 PSYoungGen      total 72192K, used 71360K [0x00000000fb800000, 0x0000000100000000, 0x0000000100000000)
  eden space 70656K, 100% used [0x00000000fb800000,0x00000000ffd00000,0x00000000ffd00000)
  from space 1536K, 45% used [0x00000000ffd00000,0x00000000ffdb0000,0x00000000ffe80000)
  to   space 1536K, 0% used [0x00000000ffe80000,0x00000000ffe80000,0x0000000100000000)
 ParOldGen       total 114688K, used 52380K [0x00000000f4800000, 0x00000000fb800000, 0x00000000fb800000)
  object space 114688K, 45% used [0x00000000f4800000,0x00000000f7b27378,0x00000000fb800000)
 Metaspace       used 75078K, capacity 79184K, committed 79744K, reserved 1118208K
  class space    used 9477K, capacity 10201K, committed 10368K, reserved 1048576K
2024-06-11T21:12:17.627+0800: 1996.840: [GC (Allocation Failure) [PSYoungGen: 71360K->736K(72192K)] 123740K->53204K(186880K), 0.0050246 secs] [Times: user=0.01 sys=0.00, real=0.01 secs] 
Heap after GC invocations=475 (full 1):
 PSYoungGen      total 72192K, used 736K [0x00000000fb800000, 0x0000000100000000, 0x0000000100000000)
  eden space 70656K, 0% used [0x00000000fb800000,0x00000000fb800000,0x00000000ffd00000)
  from space 1536K, 47% used [0x00000000ffe80000,0x00000000fff38000,0x0000000100000000)
  to   space 1536K, 0% used [0x00000000ffd00000,0x00000000ffd00000,0x00000000ffe80000)
 ParOldGen       total 114688K, used 52468K [0x00000000f4800000, 0x00000000fb800000, 0x00000000fb800000)
  object space 114688K, 45% used [0x00000000f4800000,0x00000000f7b3d378,0x00000000fb800000)
 Metaspace       used 75078K, capacity 79184K, committed 79744K, reserved 1118208K
  class space    used 9477K, capacity 10201K, committed 10368K, reserved 1048576K
}
{Heap before GC invocations=476 (full 1):
 PSYoungGen      total 72192K, used 71392K [0x00000000fb800000, 0x0000000100000000, 0x0000000100000000)
  eden space 70656K, 100% used [0x00000000fb800000,0x00000000ffd00000,0x00000000ffd00000)
  from space 1536K, 47% used [0x00000000ffe80000,0x00000000fff38000,0x0000000100000000)
  to   space 1536K, 0% used [0x00000000ffd00000,0x00000000ffd00000,0x00000000ffe80000)
 ParOldGen       total 114688K, used 52468K [0x00000000f4800000, 0x00000000fb800000, 0x00000000fb800000)
  object space 114688K, 45% used [0x00000000f4800000,0x00000000f7b3d378,0x00000000fb800000)
 Metaspace       used 75078K, capacity 79184K, committed 79744K, reserved 1118208K
  class space    used 9477K, capacity 10201K, committed 10368K, reserved 1048576K
2024-06-11T21:12:21.980+0800: 2001.194: [GC (Allocation Failure) [PSYoungGen: 71392K->1472K(72192K)] 123860K->54020K(186880K), 0.0049274 secs] [Times: user=0.01 sys=0.00, real=0.01 secs] 
Heap after GC invocations=476 (full 1):
 PSYoungGen      total 72192K, used 1472K [0x00000000fb800000, 0x0000000100000000, 0x0000000100000000)
  eden space 70656K, 0% used [0x00000000fb800000,0x00000000fb800000,0x00000000ffd00000)
  from space 1536K, 95% used [0x00000000ffd00000,0x00000000ffe70000,0x00000000ffe80000)
  to   space 1536K, 0% used [0x00000000ffe80000,0x00000000ffe80000,0x0000000100000000)
 ParOldGen       total 114688K, used 52548K [0x00000000f4800000, 0x00000000fb800000, 0x00000000fb800000)
  object space 114688K, 45% used [0x00000000f4800000,0x00000000f7b51378,0x00000000fb800000)
 Metaspace       used 75078K, capacity 79184K, committed 79744K, reserved 1118208K
  class space    used 9477K, capacity 10201K, committed 10368K, reserved 1048576K
}
{Heap before GC invocations=477 (full 1):
 PSYoungGen      total 72192K, used 72128K [0x00000000fb800000, 0x0000000100000000, 0x0000000100000000)
  eden space 70656K, 100% used [0x00000000fb800000,0x00000000ffd00000,0x00000000ffd00000)
  from space 1536K, 95% used [0x00000000ffd00000,0x00000000ffe70000,0x00000000ffe80000)
  to   space 1536K, 0% used [0x00000000ffe80000,0x00000000ffe80000,0x0000000100000000)
 ParOldGen       total 114688K, used 52548K [0x00000000f4800000, 0x00000000fb800000, 0x00000000fb800000)
  object space 114688K, 45% used [0x00000000f4800000,0x00000000f7b51378,0x00000000fb800000)
 Metaspace       used 75078K, capacity 79184K, committed 79744K, reserved 1118208K
  class space    used 9477K, capacity 10201K, committed 10368K, reserved 1048576K
2024-06-11T21:12:26.360+0800: 2005.573: [GC (Allocation Failure) [PSYoungGen: 72128K->1216K(72192K)] 124676K->54668K(186880K), 0.0061860 secs] [Times: user=0.01 sys=0.00, real=0.01 secs] 
Heap after GC invocations=477 (full 1):
 PSYoungGen      total 72192K, used 1216K [0x00000000fb800000, 0x0000000100000000, 0x0000000100000000)
  eden space 70656K, 0% used [0x00000000fb800000,0x00000000fb800000,0x00000000ffd00000)
  from space 1536K, 79% used [0x00000000ffe80000,0x00000000fffb0000,0x0000000100000000)
  to   space 1536K, 0% used [0x00000000ffd00000,0x00000000ffd00000,0x00000000ffe80000)
 ParOldGen       total 114688K, used 53452K [0x00000000f4800000, 0x00000000fb800000, 0x00000000fb800000)
  object space 114688K, 46% used [0x00000000f4800000,0x00000000f7c33378,0x00000000fb800000)
 Metaspace       used 75078K, capacity 79184K, committed 79744K, reserved 1118208K
  class space    used 9477K, capacity 10201K, committed 10368K, reserved 1048576K
}
{Heap before GC invocations=478 (full 1):
 PSYoungGen      total 72192K, used 71872K [0x00000000fb800000, 0x0000000100000000, 0x0000000100000000)
  eden space 70656K, 100% used [0x00000000fb800000,0x00000000ffd00000,0x00000000ffd00000)
  from space 1536K, 79% used [0x00000000ffe80000,0x00000000fffb0000,0x0000000100000000)
  to   space 1536K, 0% used [0x00000000ffd00000,0x00000000ffd00000,0x00000000ffe80000)
 ParOldGen       total 114688K, used 53452K [0x00000000f4800000, 0x00000000fb800000, 0x00000000fb800000)
  object space 114688K, 46% used [0x00000000f4800000,0x00000000f7c33378,0x00000000fb800000)
 Metaspace       used 75078K, capacity 79184K, committed 79744K, reserved 1118208K
  class space    used 9477K, capacity 10201K, committed 10368K, reserved 1048576K
2024-06-11T21:12:30.665+0800: 2009.878: [GC (Allocation Failure) [PSYoungGen: 71872K->736K(72192K)] 125324K->54740K(186880K), 0.0047584 secs] [Times: user=0.00 sys=0.00, real=0.00 secs] 
Heap after GC invocations=478 (full 1):
 PSYoungGen      total 72192K, used 736K [0x00000000fb800000, 0x0000000100000000, 0x0000000100000000)
  eden space 70656K, 0% used [0x00000000fb800000,0x00000000fb800000,0x00000000ffd00000)
  from space 1536K, 47% used [0x00000000ffd00000,0x00000000ffdb8000,0x00000000ffe80000)
  to   space 1536K, 0% used [0x00000000ffe80000,0x00000000ffe80000,0x0000000100000000)
 ParOldGen       total 114688K, used 54004K [0x00000000f4800000, 0x00000000fb800000, 0x00000000fb800000)
  object space 114688K, 47% used [0x00000000f4800000,0x00000000f7cbd378,0x00000000fb800000)
 Metaspace       used 75078K, capacity 79184K, committed 79744K, reserved 1118208K
  class space    used 9477K, capacity 10201K, committed 10368K, reserved 1048576K
}
{Heap before GC invocations=479 (full 1):
 PSYoungGen      total 72192K, used 71392K [0x00000000fb800000, 0x0000000100000000, 0x0000000100000000)
  eden space 70656K, 100% used [0x00000000fb800000,0x00000000ffd00000,0x00000000ffd00000)
  from space 1536K, 47% used [0x00000000ffd00000,0x00000000ffdb8000,0x00000000ffe80000)
  to   space 1536K, 0% used [0x00000000ffe80000,0x00000000ffe80000,0x0000000100000000)
 ParOldGen       total 114688K, used 54004K [0x00000000f4800000, 0x00000000fb800000, 0x00000000fb800000)
  object space 114688K, 47% used [0x00000000f4800000,0x00000000f7cbd378,0x00000000fb800000)
 Metaspace       used 75078K, capacity 79184K, committed 79744K, reserved 1118208K
  class space    used 9477K, capacity 10201K, committed 10368K, reserved 1048576K
2024-06-11T21:12:34.976+0800: 2014.189: [GC (Allocation Failure) [PSYoungGen: 71392K->736K(72192K)] 125396K->54820K(186880K), 0.0044805 secs] [Times: user=0.00 sys=0.00, real=0.00 secs] 
Heap after GC invocations=479 (full 1):
 PSYoungGen      total 72192K, used 736K [0x00000000fb800000, 0x0000000100000000, 0x0000000100000000)
  eden space 70656K, 0% used [0x00000000fb800000,0x00000000fb800000,0x00000000ffd00000)
  from space 1536K, 47% used [0x00000000ffe80000,0x00000000fff38000,0x0000000100000000)
  to   space 1536K, 0% used [0x00000000ffd00000,0x00000000ffd00000,0x00000000ffe80000)
 ParOldGen       total 114688K, used 54084K [0x00000000f4800000, 0x00000000fb800000, 0x00000000fb800000)
  object space 114688K, 47% used [0x00000000f4800000,0x00000000f7cd1378,0x00000000fb800000)
 Metaspace       used 75078K, capacity 79184K, committed 79744K, reserved 1118208K
  class space    used 9477K, capacity 10201K, committed 10368K, reserved 1048576K
}
{Heap before GC invocations=480 (full 1):
 PSYoungGen      total 72192K, used 71392K [0x00000000fb800000, 0x0000000100000000, 0x0000000100000000)
  eden space 70656K, 100% used [0x00000000fb800000,0x00000000ffd00000,0x00000000ffd00000)
  from space 1536K, 47% used [0x00000000ffe80000,0x00000000fff38000,0x0000000100000000)
  to   space 1536K, 0% used [0x00000000ffd00000,0x00000000ffd00000,0x00000000ffe80000)
 ParOldGen       total 114688K, used 54084K [0x00000000f4800000, 0x00000000fb800000, 0x00000000fb800000)
  object space 114688K, 47% used [0x00000000f4800000,0x00000000f7cd1378,0x00000000fb800000)
 Metaspace       used 75078K, capacity 79184K, committed 79744K, reserved 1118208K
  class space    used 9477K, capacity 10201K, committed 10368K, reserved 1048576K
2024-06-11T21:12:39.330+0800: 2018.543: [GC (Allocation Failure) [PSYoungGen: 71392K->704K(72192K)] 125476K->54868K(186880K), 0.0057538 secs] [Times: user=0.00 sys=0.00, real=0.01 secs] 
Heap after GC invocations=480 (full 1):
 PSYoungGen      total 72192K, used 704K [0x00000000fb800000, 0x0000000100000000, 0x0000000100000000)
  eden space 70656K, 0% used [0x00000000fb800000,0x00000000fb800000,0x00000000ffd00000)
  from space 1536K, 45% used [0x00000000ffd00000,0x00000000ffdb0000,0x00000000ffe80000)
  to   space 1536K, 0% used [0x00000000ffe80000,0x00000000ffe80000,0x0000000100000000)
 ParOldGen       total 114688K, used 54164K [0x00000000f4800000, 0x00000000fb800000, 0x00000000fb800000)
  object space 114688K, 47% used [0x00000000f4800000,0x00000000f7ce5378,0x00000000fb800000)
 Metaspace       used 75078K, capacity 79184K, committed 79744K, reserved 1118208K
  class space    used 9477K, capacity 10201K, committed 10368K, reserved 1048576K
}
{Heap before GC invocations=481 (full 1):
 PSYoungGen      total 72192K, used 71360K [0x00000000fb800000, 0x0000000100000000, 0x0000000100000000)
  eden space 70656K, 100% used [0x00000000fb800000,0x00000000ffd00000,0x00000000ffd00000)
  from space 1536K, 45% used [0x00000000ffd00000,0x00000000ffdb0000,0x00000000ffe80000)
  to   space 1536K, 0% used [0x00000000ffe80000,0x00000000ffe80000,0x0000000100000000)
 ParOldGen       total 114688K, used 54164K [0x00000000f4800000, 0x00000000fb800000, 0x00000000fb800000)
  object space 114688K, 47% used [0x00000000f4800000,0x00000000f7ce5378,0x00000000fb800000)
 Metaspace       used 75078K, capacity 79184K, committed 79744K, reserved 1118208K
  class space    used 9477K, capacity 10201K, committed 10368K, reserved 1048576K
2024-06-11T21:12:43.725+0800: 2022.938: [GC (Allocation Failure) [PSYoungGen: 71360K->672K(72192K)] 125524K->54924K(186880K), 0.0043632 secs] [Times: user=0.01 sys=0.00, real=0.00 secs] 
Heap after GC invocations=481 (full 1):
 PSYoungGen      total 72192K, used 672K [0x00000000fb800000, 0x0000000100000000, 0x0000000100000000)
  eden space 70656K, 0% used [0x00000000fb800000,0x00000000fb800000,0x00000000ffd00000)
  from space 1536K, 43% used [0x00000000ffe80000,0x00000000fff28000,0x0000000100000000)
  to   space 1536K, 0% used [0x00000000ffd00000,0x00000000ffd00000,0x00000000ffe80000)
 ParOldGen       total 114688K, used 54252K [0x00000000f4800000, 0x00000000fb800000, 0x00000000fb800000)
  object space 114688K, 47% used [0x00000000f4800000,0x00000000f7cfb378,0x00000000fb800000)
 Metaspace       used 75078K, capacity 79184K, committed 79744K, reserved 1118208K
  class space    used 9477K, capacity 10201K, committed 10368K, reserved 1048576K
}
{Heap before GC invocations=482 (full 1):
 PSYoungGen      total 72192K, used 71328K [0x00000000fb800000, 0x0000000100000000, 0x0000000100000000)
  eden space 70656K, 100% used [0x00000000fb800000,0x00000000ffd00000,0x00000000ffd00000)
  from space 1536K, 43% used [0x00000000ffe80000,0x00000000fff28000,0x0000000100000000)
  to   space 1536K, 0% used [0x00000000ffd00000,0x00000000ffd00000,0x00000000ffe80000)
 ParOldGen       total 114688K, used 54252K [0x00000000f4800000, 0x00000000fb800000, 0x00000000fb800000)
  object space 114688K, 47% used [0x00000000f4800000,0x00000000f7cfb378,0x00000000fb800000)
 Metaspace       used 75078K, capacity 79184K, committed 79744K, reserved 1118208K
  class space    used 9477K, capacity 10201K, committed 10368K, reserved 1048576K
2024-06-11T21:12:48.061+0800: 2027.274: [GC (Allocation Failure) [PSYoungGen: 71328K->736K(72192K)] 125580K->55068K(186880K), 0.0043986 secs] [Times: user=0.00 sys=0.01, real=0.00 secs] 
Heap after GC invocations=482 (full 1):
 PSYoungGen      total 72192K, used 736K [0x00000000fb800000, 0x0000000100000000, 0x0000000100000000)
  eden space 70656K, 0% used [0x00000000fb800000,0x00000000fb800000,0x00000000ffd00000)
  from space 1536K, 47% used [0x00000000ffd00000,0x00000000ffdb8000,0x00000000ffe80000)
  to   space 1536K, 0% used [0x00000000ffe80000,0x00000000ffe80000,0x0000000100000000)
 ParOldGen       total 114688K, used 54332K [0x00000000f4800000, 0x00000000fb800000, 0x00000000fb800000)
  object space 114688K, 47% used [0x00000000f4800000,0x00000000f7d0f378,0x00000000fb800000)
 Metaspace       used 75078K, capacity 79184K, committed 79744K, reserved 1118208K
  class space    used 9477K, capacity 10201K, committed 10368K, reserved 1048576K
}
{Heap before GC invocations=483 (full 1):
 PSYoungGen      total 72192K, used 71392K [0x00000000fb800000, 0x0000000100000000, 0x0000000100000000)
  eden space 70656K, 100% used [0x00000000fb800000,0x00000000ffd00000,0x00000000ffd00000)
  from space 1536K, 47% used [0x00000000ffd00000,0x00000000ffdb8000,0x00000000ffe80000)
  to   space 1536K, 0% used [0x00000000ffe80000,0x00000000ffe80000,0x0000000100000000)
 ParOldGen       total 114688K, used 54332K [0x00000000f4800000, 0x00000000fb800000, 0x00000000fb800000)
  object space 114688K, 47% used [0x00000000f4800000,0x00000000f7d0f378,0x00000000fb800000)
 Metaspace       used 75078K, capacity 79184K, committed 79744K, reserved 1118208K
  class space    used 9477K, capacity 10201K, committed 10368K, reserved 1048576K
2024-06-11T21:12:52.351+0800: 2031.565: [GC (Allocation Failure) [PSYoungGen: 71392K->736K(72192K)] 125724K->55148K(186880K), 0.0044202 secs] [Times: user=0.01 sys=0.00, real=0.00 secs] 
Heap after GC invocations=483 (full 1):
 PSYoungGen      total 72192K, used 736K [0x00000000fb800000, 0x0000000100000000, 0x0000000100000000)
  eden space 70656K, 0% used [0x00000000fb800000,0x00000000fb800000,0x00000000ffd00000)
  from space 1536K, 47% used [0x00000000ffe80000,0x00000000fff38000,0x0000000100000000)
  to   space 1536K, 0% used [0x00000000ffd00000,0x00000000ffd00000,0x00000000ffe80000)
 ParOldGen       total 114688K, used 54412K [0x00000000f4800000, 0x00000000fb800000, 0x00000000fb800000)
  object space 114688K, 47% used [0x00000000f4800000,0x00000000f7d23378,0x00000000fb800000)
 Metaspace       used 75078K, capacity 79184K, committed 79744K, reserved 1118208K
  class space    used 9477K, capacity 10201K, committed 10368K, reserved 1048576K
}
{Heap before GC invocations=484 (full 1):
 PSYoungGen      total 72192K, used 71392K [0x00000000fb800000, 0x0000000100000000, 0x0000000100000000)
  eden space 70656K, 100% used [0x00000000fb800000,0x00000000ffd00000,0x00000000ffd00000)
  from space 1536K, 47% used [0x00000000ffe80000,0x00000000fff38000,0x0000000100000000)
  to   space 1536K, 0% used [0x00000000ffd00000,0x00000000ffd00000,0x00000000ffe80000)
 ParOldGen       total 114688K, used 54412K [0x00000000f4800000, 0x00000000fb800000, 0x00000000fb800000)
  object space 114688K, 47% used [0x00000000f4800000,0x00000000f7d23378,0x00000000fb800000)
 Metaspace       used 75078K, capacity 79184K, committed 79744K, reserved 1118208K
  class space    used 9477K, capacity 10201K, committed 10368K, reserved 1048576K
2024-06-11T21:12:57.185+0800: 2036.398: [GC (Allocation Failure) [PSYoungGen: 71392K->736K(72192K)] 125804K->55236K(186880K), 0.0050327 secs] [Times: user=0.00 sys=0.00, real=0.00 secs] 
Heap after GC invocations=484 (full 1):
 PSYoungGen      total 72192K, used 736K [0x00000000fb800000, 0x0000000100000000, 0x0000000100000000)
  eden space 70656K, 0% used [0x00000000fb800000,0x00000000fb800000,0x00000000ffd00000)
  from space 1536K, 47% used [0x00000000ffd00000,0x00000000ffdb8000,0x00000000ffe80000)
  to   space 1536K, 0% used [0x00000000ffe80000,0x00000000ffe80000,0x0000000100000000)
 ParOldGen       total 114688K, used 54500K [0x00000000f4800000, 0x00000000fb800000, 0x00000000fb800000)
  object space 114688K, 47% used [0x00000000f4800000,0x00000000f7d39378,0x00000000fb800000)
 Metaspace       used 75078K, capacity 79184K, committed 79744K, reserved 1118208K
  class space    used 9477K, capacity 10201K, committed 10368K, reserved 1048576K
}
{Heap before GC invocations=485 (full 1):
 PSYoungGen      total 72192K, used 71392K [0x00000000fb800000, 0x0000000100000000, 0x0000000100000000)
  eden space 70656K, 100% used [0x00000000fb800000,0x00000000ffd00000,0x00000000ffd00000)
  from space 1536K, 47% used [0x00000000ffd00000,0x00000000ffdb8000,0x00000000ffe80000)
  to   space 1536K, 0% used [0x00000000ffe80000,0x00000000ffe80000,0x0000000100000000)
 ParOldGen       total 114688K, used 54500K [0x00000000f4800000, 0x00000000fb800000, 0x00000000fb800000)
  object space 114688K, 47% used [0x00000000f4800000,0x00000000f7d39378,0x00000000fb800000)
 Metaspace       used 75078K, capacity 79184K, committed 79744K, reserved 1118208K
  class space    used 9477K, capacity 10201K, committed 10368K, reserved 1048576K
2024-06-11T21:13:01.472+0800: 2040.685: [GC (Allocation Failure) [PSYoungGen: 71392K->704K(72192K)] 125892K->55284K(186880K), 0.0044655 secs] [Times: user=0.01 sys=0.00, real=0.00 secs] 
Heap after GC invocations=485 (full 1):
 PSYoungGen      total 72192K, used 704K [0x00000000fb800000, 0x0000000100000000, 0x0000000100000000)
  eden space 70656K, 0% used [0x00000000fb800000,0x00000000fb800000,0x00000000ffd00000)
  from space 1536K, 45% used [0x00000000ffe80000,0x00000000fff30000,0x0000000100000000)
  to   space 1536K, 0% used [0x00000000ffd00000,0x00000000ffd00000,0x00000000ffe80000)
 ParOldGen       total 114688K, used 54580K [0x00000000f4800000, 0x00000000fb800000, 0x00000000fb800000)
  object space 114688K, 47% used [0x00000000f4800000,0x00000000f7d4d378,0x00000000fb800000)
 Metaspace       used 75078K, capacity 79184K, committed 79744K, reserved 1118208K
  class space    used 9477K, capacity 10201K, committed 10368K, reserved 1048576K
}
{Heap before GC invocations=486 (full 1):
 PSYoungGen      total 72192K, used 71360K [0x00000000fb800000, 0x0000000100000000, 0x0000000100000000)
  eden space 70656K, 100% used [0x00000000fb800000,0x00000000ffd00000,0x00000000ffd00000)
  from space 1536K, 45% used [0x00000000ffe80000,0x00000000fff30000,0x0000000100000000)
  to   space 1536K, 0% used [0x00000000ffd00000,0x00000000ffd00000,0x00000000ffe80000)
 ParOldGen       total 114688K, used 54580K [0x00000000f4800000, 0x00000000fb800000, 0x00000000fb800000)
  object space 114688K, 47% used [0x00000000f4800000,0x00000000f7d4d378,0x00000000fb800000)
 Metaspace       used 75078K, capacity 79184K, committed 79744K, reserved 1118208K
  class space    used 9477K, capacity 10201K, committed 10368K, reserved 1048576K
2024-06-11T21:13:05.640+0800: 2044.853: [GC (Allocation Failure) [PSYoungGen: 71360K->736K(72192K)] 125940K->55404K(186880K), 0.0044506 secs] [Times: user=0.01 sys=0.00, real=0.01 secs] 
Heap after GC invocations=486 (full 1):
 PSYoungGen      total 72192K, used 736K [0x00000000fb800000, 0x0000000100000000, 0x0000000100000000)
  eden space 70656K, 0% used [0x00000000fb800000,0x00000000fb800000,0x00000000ffd00000)
  from space 1536K, 47% used [0x00000000ffd00000,0x00000000ffdb8000,0x00000000ffe80000)
  to   space 1536K, 0% used [0x00000000ffe80000,0x00000000ffe80000,0x0000000100000000)
 ParOldGen       total 114688K, used 54668K [0x00000000f4800000, 0x00000000fb800000, 0x00000000fb800000)
  object space 114688K, 47% used [0x00000000f4800000,0x00000000f7d63378,0x00000000fb800000)
 Metaspace       used 75078K, capacity 79184K, committed 79744K, reserved 1118208K
  class space    used 9477K, capacity 10201K, committed 10368K, reserved 1048576K
}
{Heap before GC invocations=487 (full 1):
 PSYoungGen      total 72192K, used 71392K [0x00000000fb800000, 0x0000000100000000, 0x0000000100000000)
  eden space 70656K, 100% used [0x00000000fb800000,0x00000000ffd00000,0x00000000ffd00000)
  from space 1536K, 47% used [0x00000000ffd00000,0x00000000ffdb8000,0x00000000ffe80000)
  to   space 1536K, 0% used [0x00000000ffe80000,0x00000000ffe80000,0x0000000100000000)
 ParOldGen       total 114688K, used 54668K [0x00000000f4800000, 0x00000000fb800000, 0x00000000fb800000)
  object space 114688K, 47% used [0x00000000f4800000,0x00000000f7d63378,0x00000000fb800000)
 Metaspace       used 75078K, capacity 79184K, committed 79744K, reserved 1118208K
  class space    used 9477K, capacity 10201K, committed 10368K, reserved 1048576K
2024-06-11T21:13:10.001+0800: 2049.214: [GC (Allocation Failure) [PSYoungGen: 71392K->1230K(72192K)] 126060K->55978K(186880K), 0.0058531 secs] [Times: user=0.01 sys=0.00, real=0.00 secs] 
Heap after GC invocations=487 (full 1):
 PSYoungGen      total 72192K, used 1230K [0x00000000fb800000, 0x0000000100000000, 0x0000000100000000)
  eden space 70656K, 0% used [0x00000000fb800000,0x00000000fb800000,0x00000000ffd00000)
  from space 1536K, 80% used [0x00000000ffe80000,0x00000000fffb3850,0x0000000100000000)
  to   space 1536K, 0% used [0x00000000ffd00000,0x00000000ffd00000,0x00000000ffe80000)
 ParOldGen       total 114688K, used 54748K [0x00000000f4800000, 0x00000000fb800000, 0x00000000fb800000)
  object space 114688K, 47% used [0x00000000f4800000,0x00000000f7d77378,0x00000000fb800000)
 Metaspace       used 75078K, capacity 79184K, committed 79744K, reserved 1118208K
  class space    used 9477K, capacity 10201K, committed 10368K, reserved 1048576K
}
{Heap before GC invocations=488 (full 1):
 PSYoungGen      total 72192K, used 71886K [0x00000000fb800000, 0x0000000100000000, 0x0000000100000000)
  eden space 70656K, 100% used [0x00000000fb800000,0x00000000ffd00000,0x00000000ffd00000)
  from space 1536K, 80% used [0x00000000ffe80000,0x00000000fffb3850,0x0000000100000000)
  to   space 1536K, 0% used [0x00000000ffd00000,0x00000000ffd00000,0x00000000ffe80000)
 ParOldGen       total 114688K, used 54748K [0x00000000f4800000, 0x00000000fb800000, 0x00000000fb800000)
  object space 114688K, 47% used [0x00000000f4800000,0x00000000f7d77378,0x00000000fb800000)
 Metaspace       used 75078K, capacity 79184K, committed 79744K, reserved 1118208K
  class space    used 9477K, capacity 10201K, committed 10368K, reserved 1048576K
2024-06-11T21:13:14.699+0800: 2053.913: [GC (Allocation Failure) [PSYoungGen: 71886K->736K(72192K)] 126634K->55564K(186880K), 0.0045499 secs] [Times: user=0.01 sys=0.00, real=0.01 secs] 
Heap after GC invocations=488 (full 1):
 PSYoungGen      total 72192K, used 736K [0x00000000fb800000, 0x0000000100000000, 0x0000000100000000)
  eden space 70656K, 0% used [0x00000000fb800000,0x00000000fb800000,0x00000000ffd00000)
  from space 1536K, 47% used [0x00000000ffd00000,0x00000000ffdb8000,0x00000000ffe80000)
  to   space 1536K, 0% used [0x00000000ffe80000,0x00000000ffe80000,0x0000000100000000)
 ParOldGen       total 114688K, used 54828K [0x00000000f4800000, 0x00000000fb800000, 0x00000000fb800000)
  object space 114688K, 47% used [0x00000000f4800000,0x00000000f7d8b378,0x00000000fb800000)
 Metaspace       used 75078K, capacity 79184K, committed 79744K, reserved 1118208K
  class space    used 9477K, capacity 10201K, committed 10368K, reserved 1048576K
}
{Heap before GC invocations=489 (full 1):
 PSYoungGen      total 72192K, used 71392K [0x00000000fb800000, 0x0000000100000000, 0x0000000100000000)
  eden space 70656K, 100% used [0x00000000fb800000,0x00000000ffd00000,0x00000000ffd00000)
  from space 1536K, 47% used [0x00000000ffd00000,0x00000000ffdb8000,0x00000000ffe80000)
  to   space 1536K, 0% used [0x00000000ffe80000,0x00000000ffe80000,0x0000000100000000)
 ParOldGen       total 114688K, used 54828K [0x00000000f4800000, 0x00000000fb800000, 0x00000000fb800000)
  object space 114688K, 47% used [0x00000000f4800000,0x00000000f7d8b378,0x00000000fb800000)
 Metaspace       used 75078K, capacity 79184K, committed 79744K, reserved 1118208K
  class space    used 9477K, capacity 10201K, committed 10368K, reserved 1048576K
2024-06-11T21:13:18.927+0800: 2058.140: [GC (Allocation Failure) [PSYoungGen: 71392K->704K(72192K)] 126220K->55612K(186880K), 0.0487502 secs] [Times: user=0.04 sys=0.03, real=0.05 secs] 
Heap after GC invocations=489 (full 1):
 PSYoungGen      total 72192K, used 704K [0x00000000fb800000, 0x0000000100000000, 0x0000000100000000)
  eden space 70656K, 0% used [0x00000000fb800000,0x00000000fb800000,0x00000000ffd00000)
  from space 1536K, 45% used [0x00000000ffe80000,0x00000000fff30000,0x0000000100000000)
  to   space 1536K, 0% used [0x00000000ffd00000,0x00000000ffd00000,0x00000000ffe80000)
 ParOldGen       total 114688K, used 54908K [0x00000000f4800000, 0x00000000fb800000, 0x00000000fb800000)
  object space 114688K, 47% used [0x00000000f4800000,0x00000000f7d9f378,0x00000000fb800000)
 Metaspace       used 75078K, capacity 79184K, committed 79744K, reserved 1118208K
  class space    used 9477K, capacity 10201K, committed 10368K, reserved 1048576K
}
{Heap before GC invocations=490 (full 1):
 PSYoungGen      total 72192K, used 71360K [0x00000000fb800000, 0x0000000100000000, 0x0000000100000000)
  eden space 70656K, 100% used [0x00000000fb800000,0x00000000ffd00000,0x00000000ffd00000)
  from space 1536K, 45% used [0x00000000ffe80000,0x00000000fff30000,0x0000000100000000)
  to   space 1536K, 0% used [0x00000000ffd00000,0x00000000ffd00000,0x00000000ffe80000)
 ParOldGen       total 114688K, used 54908K [0x00000000f4800000, 0x00000000fb800000, 0x00000000fb800000)
  object space 114688K, 47% used [0x00000000f4800000,0x00000000f7d9f378,0x00000000fb800000)
 Metaspace       used 75078K, capacity 79184K, committed 79744K, reserved 1118208K
  class space    used 9477K, capacity 10201K, committed 10368K, reserved 1048576K
2024-06-11T21:13:23.563+0800: 2062.776: [GC (Allocation Failure) [PSYoungGen: 71360K->1536K(72192K)] 126268K->56892K(186880K), 0.0162947 secs] [Times: user=0.01 sys=0.01, real=0.01 secs] 
Heap after GC invocations=490 (full 1):
 PSYoungGen      total 72192K, used 1536K [0x00000000fb800000, 0x0000000100000000, 0x0000000100000000)
  eden space 70656K, 0% used [0x00000000fb800000,0x00000000fb800000,0x00000000ffd00000)
  from space 1536K, 100% used [0x00000000ffd00000,0x00000000ffe80000,0x00000000ffe80000)
  to   space 1536K, 0% used [0x00000000ffe80000,0x00000000ffe80000,0x0000000100000000)
 ParOldGen       total 114688K, used 55356K [0x00000000f4800000, 0x00000000fb800000, 0x00000000fb800000)
  object space 114688K, 48% used [0x00000000f4800000,0x00000000f7e0f378,0x00000000fb800000)
 Metaspace       used 75078K, capacity 79184K, committed 79744K, reserved 1118208K
  class space    used 9477K, capacity 10201K, committed 10368K, reserved 1048576K
}
{Heap before GC invocations=491 (full 1):
 PSYoungGen      total 72192K, used 72192K [0x00000000fb800000, 0x0000000100000000, 0x0000000100000000)
  eden space 70656K, 100% used [0x00000000fb800000,0x00000000ffd00000,0x00000000ffd00000)
  from space 1536K, 100% used [0x00000000ffd00000,0x00000000ffe80000,0x00000000ffe80000)
  to   space 1536K, 0% used [0x00000000ffe80000,0x00000000ffe80000,0x0000000100000000)
 ParOldGen       total 114688K, used 55356K [0x00000000f4800000, 0x00000000fb800000, 0x00000000fb800000)
  object space 114688K, 48% used [0x00000000f4800000,0x00000000f7e0f378,0x00000000fb800000)
 Metaspace       used 75099K, capacity 79248K, committed 79744K, reserved 1118208K
  class space    used 9477K, capacity 10201K, committed 10368K, reserved 1048576K
2024-06-11T21:13:27.680+0800: 2066.893: [GC (Allocation Failure) [PSYoungGen: 72192K->832K(71168K)] 127548K->57308K(185856K), 0.0248105 secs] [Times: user=0.04 sys=0.01, real=0.03 secs] 
Heap after GC invocations=491 (full 1):
 PSYoungGen      total 71168K, used 832K [0x00000000fb800000, 0x0000000100000000, 0x0000000100000000)
  eden space 69632K, 0% used [0x00000000fb800000,0x00000000fb800000,0x00000000ffc00000)
  from space 1536K, 54% used [0x00000000ffe80000,0x00000000fff50000,0x0000000100000000)
  to   space 2048K, 0% used [0x00000000ffc00000,0x00000000ffc00000,0x00000000ffe00000)
 ParOldGen       total 114688K, used 56476K [0x00000000f4800000, 0x00000000fb800000, 0x00000000fb800000)
  object space 114688K, 49% used [0x00000000f4800000,0x00000000f7f27378,0x00000000fb800000)
 Metaspace       used 75099K, capacity 79248K, committed 79744K, reserved 1118208K
  class space    used 9477K, capacity 10201K, committed 10368K, reserved 1048576K
}
{Heap before GC invocations=492 (full 1):
 PSYoungGen      total 71168K, used 70464K [0x00000000fb800000, 0x0000000100000000, 0x0000000100000000)
  eden space 69632K, 100% used [0x00000000fb800000,0x00000000ffc00000,0x00000000ffc00000)
  from space 1536K, 54% used [0x00000000ffe80000,0x00000000fff50000,0x0000000100000000)
  to   space 2048K, 0% used [0x00000000ffc00000,0x00000000ffc00000,0x00000000ffe00000)
 ParOldGen       total 114688K, used 56476K [0x00000000f4800000, 0x00000000fb800000, 0x00000000fb800000)
  object space 114688K, 49% used [0x00000000f4800000,0x00000000f7f27378,0x00000000fb800000)
 Metaspace       used 75099K, capacity 79248K, committed 79744K, reserved 1118208K
  class space    used 9477K, capacity 10201K, committed 10368K, reserved 1048576K
2024-06-11T21:13:31.974+0800: 2071.187: [GC (Allocation Failure) [PSYoungGen: 70464K->768K(71680K)] 126940K->57412K(186368K), 0.0046728 secs] [Times: user=0.01 sys=0.00, real=0.00 secs] 
Heap after GC invocations=492 (full 1):
 PSYoungGen      total 71680K, used 768K [0x00000000fb800000, 0x0000000100000000, 0x0000000100000000)
  eden space 69632K, 0% used [0x00000000fb800000,0x00000000fb800000,0x00000000ffc00000)
  from space 2048K, 37% used [0x00000000ffc00000,0x00000000ffcc0000,0x00000000ffe00000)
  to   space 2048K, 0% used [0x00000000ffe00000,0x00000000ffe00000,0x0000000100000000)
 ParOldGen       total 114688K, used 56644K [0x00000000f4800000, 0x00000000fb800000, 0x00000000fb800000)
  object space 114688K, 49% used [0x00000000f4800000,0x00000000f7f51378,0x00000000fb800000)
 Metaspace       used 75099K, capacity 79248K, committed 79744K, reserved 1118208K
  class space    used 9477K, capacity 10201K, committed 10368K, reserved 1048576K
}
{Heap before GC invocations=493 (full 1):
 PSYoungGen      total 71680K, used 70400K [0x00000000fb800000, 0x0000000100000000, 0x0000000100000000)
  eden space 69632K, 100% used [0x00000000fb800000,0x00000000ffc00000,0x00000000ffc00000)
  from space 2048K, 37% used [0x00000000ffc00000,0x00000000ffcc0000,0x00000000ffe00000)
  to   space 2048K, 0% used [0x00000000ffe00000,0x00000000ffe00000,0x0000000100000000)
 ParOldGen       total 114688K, used 56644K [0x00000000f4800000, 0x00000000fb800000, 0x00000000fb800000)
  object space 114688K, 49% used [0x00000000f4800000,0x00000000f7f51378,0x00000000fb800000)
 Metaspace       used 75099K, capacity 79248K, committed 79744K, reserved 1118208K
  class space    used 9477K, capacity 10201K, committed 10368K, reserved 1048576K
2024-06-11T21:13:36.218+0800: 2075.432: [GC (Allocation Failure) [PSYoungGen: 70400K->704K(72192K)] 127044K->57428K(186880K), 0.0046116 secs] [Times: user=0.00 sys=0.00, real=0.01 secs] 
Heap after GC invocations=493 (full 1):
 PSYoungGen      total 72192K, used 704K [0x00000000fb800000, 0x0000000100000000, 0x0000000100000000)
  eden space 70144K, 0% used [0x00000000fb800000,0x00000000fb800000,0x00000000ffc80000)
  from space 2048K, 34% used [0x00000000ffe00000,0x00000000ffeb0000,0x0000000100000000)
  to   space 1536K, 0% used [0x00000000ffc80000,0x00000000ffc80000,0x00000000ffe00000)
 ParOldGen       total 114688K, used 56724K [0x00000000f4800000, 0x00000000fb800000, 0x00000000fb800000)
  object space 114688K, 49% used [0x00000000f4800000,0x00000000f7f65378,0x00000000fb800000)
 Metaspace       used 75099K, capacity 79248K, committed 79744K, reserved 1118208K
  class space    used 9477K, capacity 10201K, committed 10368K, reserved 1048576K
}
{Heap before GC invocations=494 (full 1):
 PSYoungGen      total 72192K, used 70848K [0x00000000fb800000, 0x0000000100000000, 0x0000000100000000)
  eden space 70144K, 100% used [0x00000000fb800000,0x00000000ffc80000,0x00000000ffc80000)
  from space 2048K, 34% used [0x00000000ffe00000,0x00000000ffeb0000,0x0000000100000000)
  to   space 1536K, 0% used [0x00000000ffc80000,0x00000000ffc80000,0x00000000ffe00000)
 ParOldGen       total 114688K, used 56724K [0x00000000f4800000, 0x00000000fb800000, 0x00000000fb800000)
  object space 114688K, 49% used [0x00000000f4800000,0x00000000f7f65378,0x00000000fb800000)
 Metaspace       used 75099K, capacity 79248K, committed 79744K, reserved 1118208K
  class space    used 9477K, capacity 10201K, committed 10368K, reserved 1048576K
2024-06-11T21:13:40.581+0800: 2079.795: [GC (Allocation Failure) [PSYoungGen: 70848K->704K(71680K)] 127572K->57508K(186368K), 0.0045889 secs] [Times: user=0.01 sys=0.00, real=0.00 secs] 
Heap after GC invocations=494 (full 1):
 PSYoungGen      total 71680K, used 704K [0x00000000fb800000, 0x0000000100000000, 0x0000000100000000)
  eden space 70144K, 0% used [0x00000000fb800000,0x00000000fb800000,0x00000000ffc80000)
  from space 1536K, 45% used [0x00000000ffc80000,0x00000000ffd30000,0x00000000ffe00000)
  to   space 1536K, 0% used [0x00000000ffe80000,0x00000000ffe80000,0x0000000100000000)
 ParOldGen       total 114688K, used 56804K [0x00000000f4800000, 0x00000000fb800000, 0x00000000fb800000)
  object space 114688K, 49% used [0x00000000f4800000,0x00000000f7f79378,0x00000000fb800000)
 Metaspace       used 75099K, capacity 79248K, committed 79744K, reserved 1118208K
  class space    used 9477K, capacity 10201K, committed 10368K, reserved 1048576K
}
{Heap before GC invocations=495 (full 1):
 PSYoungGen      total 71680K, used 70848K [0x00000000fb800000, 0x0000000100000000, 0x0000000100000000)
  eden space 70144K, 100% used [0x00000000fb800000,0x00000000ffc80000,0x00000000ffc80000)
  from space 1536K, 45% used [0x00000000ffc80000,0x00000000ffd30000,0x00000000ffe00000)
  to   space 1536K, 0% used [0x00000000ffe80000,0x00000000ffe80000,0x0000000100000000)
 ParOldGen       total 114688K, used 56804K [0x00000000f4800000, 0x00000000fb800000, 0x00000000fb800000)
  object space 114688K, 49% used [0x00000000f4800000,0x00000000f7f79378,0x00000000fb800000)
 Metaspace       used 75099K, capacity 79248K, committed 79744K, reserved 1118208K
  class space    used 9477K, capacity 10201K, committed 10368K, reserved 1048576K
2024-06-11T21:13:44.915+0800: 2084.128: [GC (Allocation Failure) [PSYoungGen: 70848K->704K(72192K)] 127652K->57588K(186880K), 0.0045003 secs] [Times: user=0.01 sys=0.00, real=0.00 secs] 
Heap after GC invocations=495 (full 1):
 PSYoungGen      total 72192K, used 704K [0x00000000fb800000, 0x0000000100000000, 0x0000000100000000)
  eden space 70656K, 0% used [0x00000000fb800000,0x00000000fb800000,0x00000000ffd00000)
  from space 1536K, 45% used [0x00000000ffe80000,0x00000000fff30000,0x0000000100000000)
  to   space 1536K, 0% used [0x00000000ffd00000,0x00000000ffd00000,0x00000000ffe80000)
 ParOldGen       total 114688K, used 56884K [0x00000000f4800000, 0x00000000fb800000, 0x00000000fb800000)
  object space 114688K, 49% used [0x00000000f4800000,0x00000000f7f8d378,0x00000000fb800000)
 Metaspace       used 75099K, capacity 79248K, committed 79744K, reserved 1118208K
  class space    used 9477K, capacity 10201K, committed 10368K, reserved 1048576K
}
{Heap before GC invocations=496 (full 1):
 PSYoungGen      total 72192K, used 71360K [0x00000000fb800000, 0x0000000100000000, 0x0000000100000000)
  eden space 70656K, 100% used [0x00000000fb800000,0x00000000ffd00000,0x00000000ffd00000)
  from space 1536K, 45% used [0x00000000ffe80000,0x00000000fff30000,0x0000000100000000)
  to   space 1536K, 0% used [0x00000000ffd00000,0x00000000ffd00000,0x00000000ffe80000)
 ParOldGen       total 114688K, used 56884K [0x00000000f4800000, 0x00000000fb800000, 0x00000000fb800000)
  object space 114688K, 49% used [0x00000000f4800000,0x00000000f7f8d378,0x00000000fb800000)
 Metaspace       used 75101K, capacity 79248K, committed 79744K, reserved 1118208K
  class space    used 9477K, capacity 10201K, committed 10368K, reserved 1048576K
2024-06-11T21:13:49.065+0800: 2088.279: [GC (Allocation Failure) [PSYoungGen: 71360K->736K(72192K)] 128244K->57708K(186880K), 0.0052444 secs] [Times: user=0.01 sys=0.00, real=0.01 secs] 
Heap after GC invocations=496 (full 1):
 PSYoungGen      total 72192K, used 736K [0x00000000fb800000, 0x0000000100000000, 0x0000000100000000)
  eden space 70656K, 0% used [0x00000000fb800000,0x00000000fb800000,0x00000000ffd00000)
  from space 1536K, 47% used [0x00000000ffd00000,0x00000000ffdb8000,0x00000000ffe80000)
  to   space 1536K, 0% used [0x00000000ffe80000,0x00000000ffe80000,0x0000000100000000)
 ParOldGen       total 114688K, used 56972K [0x00000000f4800000, 0x00000000fb800000, 0x00000000fb800000)
  object space 114688K, 49% used [0x00000000f4800000,0x00000000f7fa3378,0x00000000fb800000)
 Metaspace       used 75101K, capacity 79248K, committed 79744K, reserved 1118208K
  class space    used 9477K, capacity 10201K, committed 10368K, reserved 1048576K
}
{Heap before GC invocations=497 (full 1):
 PSYoungGen      total 72192K, used 71392K [0x00000000fb800000, 0x0000000100000000, 0x0000000100000000)
  eden space 70656K, 100% used [0x00000000fb800000,0x00000000ffd00000,0x00000000ffd00000)
  from space 1536K, 47% used [0x00000000ffd00000,0x00000000ffdb8000,0x00000000ffe80000)
  to   space 1536K, 0% used [0x00000000ffe80000,0x00000000ffe80000,0x0000000100000000)
 ParOldGen       total 114688K, used 56972K [0x00000000f4800000, 0x00000000fb800000, 0x00000000fb800000)
  object space 114688K, 49% used [0x00000000f4800000,0x00000000f7fa3378,0x00000000fb800000)
 Metaspace       used 75101K, capacity 79248K, committed 79744K, reserved 1118208K
  class space    used 9477K, capacity 10201K, committed 10368K, reserved 1048576K
2024-06-11T21:13:53.311+0800: 2092.524: [GC (Allocation Failure) [PSYoungGen: 71392K->1198K(72192K)] 128364K->58258K(186880K), 0.0059742 secs] [Times: user=0.01 sys=0.00, real=0.00 secs] 
Heap after GC invocations=497 (full 1):
 PSYoungGen      total 72192K, used 1198K [0x00000000fb800000, 0x0000000100000000, 0x0000000100000000)
  eden space 70656K, 0% used [0x00000000fb800000,0x00000000fb800000,0x00000000ffd00000)
  from space 1536K, 77% used [0x00000000ffe80000,0x00000000fffab840,0x0000000100000000)
  to   space 1536K, 0% used [0x00000000ffd00000,0x00000000ffd00000,0x00000000ffe80000)
 ParOldGen       total 114688K, used 57060K [0x00000000f4800000, 0x00000000fb800000, 0x00000000fb800000)
  object space 114688K, 49% used [0x00000000f4800000,0x00000000f7fb9378,0x00000000fb800000)
 Metaspace       used 75101K, capacity 79248K, committed 79744K, reserved 1118208K
  class space    used 9477K, capacity 10201K, committed 10368K, reserved 1048576K
}
{Heap before GC invocations=498 (full 1):
 PSYoungGen      total 72192K, used 71854K [0x00000000fb800000, 0x0000000100000000, 0x0000000100000000)
  eden space 70656K, 100% used [0x00000000fb800000,0x00000000ffd00000,0x00000000ffd00000)
  from space 1536K, 77% used [0x00000000ffe80000,0x00000000fffab840,0x0000000100000000)
  to   space 1536K, 0% used [0x00000000ffd00000,0x00000000ffd00000,0x00000000ffe80000)
 ParOldGen       total 114688K, used 57060K [0x00000000f4800000, 0x00000000fb800000, 0x00000000fb800000)
  object space 114688K, 49% used [0x00000000f4800000,0x00000000f7fb9378,0x00000000fb800000)
 Metaspace       used 75104K, capacity 79248K, committed 79744K, reserved 1118208K
  class space    used 9477K, capacity 10201K, committed 10368K, reserved 1048576K
2024-06-11T21:13:57.868+0800: 2097.081: [GC (Allocation Failure) [PSYoungGen: 71854K->736K(72192K)] 128914K->57876K(186880K), 0.0053616 secs] [Times: user=0.01 sys=0.00, real=0.01 secs] 
Heap after GC invocations=498 (full 1):
 PSYoungGen      total 72192K, used 736K [0x00000000fb800000, 0x0000000100000000, 0x0000000100000000)
  eden space 70656K, 0% used [0x00000000fb800000,0x00000000fb800000,0x00000000ffd00000)
  from space 1536K, 47% used [0x00000000ffd00000,0x00000000ffdb8000,0x00000000ffe80000)
  to   space 1536K, 0% used [0x00000000ffe80000,0x00000000ffe80000,0x0000000100000000)
 ParOldGen       total 114688K, used 57140K [0x00000000f4800000, 0x00000000fb800000, 0x00000000fb800000)
  object space 114688K, 49% used [0x00000000f4800000,0x00000000f7fcd378,0x00000000fb800000)
 Metaspace       used 75104K, capacity 79248K, committed 79744K, reserved 1118208K
  class space    used 9477K, capacity 10201K, committed 10368K, reserved 1048576K
}
{Heap before GC invocations=499 (full 1):
 PSYoungGen      total 72192K, used 71392K [0x00000000fb800000, 0x0000000100000000, 0x0000000100000000)
  eden space 70656K, 100% used [0x00000000fb800000,0x00000000ffd00000,0x00000000ffd00000)
  from space 1536K, 47% used [0x00000000ffd00000,0x00000000ffdb8000,0x00000000ffe80000)
  to   space 1536K, 0% used [0x00000000ffe80000,0x00000000ffe80000,0x0000000100000000)
 ParOldGen       total 114688K, used 57140K [0x00000000f4800000, 0x00000000fb800000, 0x00000000fb800000)
  object space 114688K, 49% used [0x00000000f4800000,0x00000000f7fcd378,0x00000000fb800000)
 Metaspace       used 75104K, capacity 79248K, committed 79744K, reserved 1118208K
  class space    used 9477K, capacity 10201K, committed 10368K, reserved 1048576K
2024-06-11T21:14:02.302+0800: 2101.515: [GC (Allocation Failure) [PSYoungGen: 71392K->736K(72192K)] 128532K->57964K(186880K), 0.0046405 secs] [Times: user=0.01 sys=0.00, real=0.00 secs] 
Heap after GC invocations=499 (full 1):
 PSYoungGen      total 72192K, used 736K [0x00000000fb800000, 0x0000000100000000, 0x0000000100000000)
  eden space 70656K, 0% used [0x00000000fb800000,0x00000000fb800000,0x00000000ffd00000)
  from space 1536K, 47% used [0x00000000ffe80000,0x00000000fff38000,0x0000000100000000)
  to   space 1536K, 0% used [0x00000000ffd00000,0x00000000ffd00000,0x00000000ffe80000)
 ParOldGen       total 114688K, used 57228K [0x00000000f4800000, 0x00000000fb800000, 0x00000000fb800000)
  object space 114688K, 49% used [0x00000000f4800000,0x00000000f7fe3378,0x00000000fb800000)
 Metaspace       used 75104K, capacity 79248K, committed 79744K, reserved 1118208K
  class space    used 9477K, capacity 10201K, committed 10368K, reserved 1048576K
}
{Heap before GC invocations=500 (full 1):
 PSYoungGen      total 72192K, used 71392K [0x00000000fb800000, 0x0000000100000000, 0x0000000100000000)
  eden space 70656K, 100% used [0x00000000fb800000,0x00000000ffd00000,0x00000000ffd00000)
  from space 1536K, 47% used [0x00000000ffe80000,0x00000000fff38000,0x0000000100000000)
  to   space 1536K, 0% used [0x00000000ffd00000,0x00000000ffd00000,0x00000000ffe80000)
 ParOldGen       total 114688K, used 57228K [0x00000000f4800000, 0x00000000fb800000, 0x00000000fb800000)
  object space 114688K, 49% used [0x00000000f4800000,0x00000000f7fe3378,0x00000000fb800000)
 Metaspace       used 75104K, capacity 79248K, committed 79744K, reserved 1118208K
  class space    used 9477K, capacity 10201K, committed 10368K, reserved 1048576K
2024-06-11T21:14:06.448+0800: 2105.662: [GC (Allocation Failure) [PSYoungGen: 71392K->736K(72192K)] 128620K->58044K(186880K), 0.0045589 secs] [Times: user=0.00 sys=0.00, real=0.01 secs] 
Heap after GC invocations=500 (full 1):
 PSYoungGen      total 72192K, used 736K [0x00000000fb800000, 0x0000000100000000, 0x0000000100000000)
  eden space 70656K, 0% used [0x00000000fb800000,0x00000000fb800000,0x00000000ffd00000)
  from space 1536K, 47% used [0x00000000ffd00000,0x00000000ffdb8000,0x00000000ffe80000)
  to   space 1536K, 0% used [0x00000000ffe80000,0x00000000ffe80000,0x0000000100000000)
 ParOldGen       total 114688K, used 57308K [0x00000000f4800000, 0x00000000fb800000, 0x00000000fb800000)
  object space 114688K, 49% used [0x00000000f4800000,0x00000000f7ff7378,0x00000000fb800000)
 Metaspace       used 75104K, capacity 79248K, committed 79744K, reserved 1118208K
  class space    used 9477K, capacity 10201K, committed 10368K, reserved 1048576K
}
{Heap before GC invocations=501 (full 1):
 PSYoungGen      total 72192K, used 71392K [0x00000000fb800000, 0x0000000100000000, 0x0000000100000000)
  eden space 70656K, 100% used [0x00000000fb800000,0x00000000ffd00000,0x00000000ffd00000)
  from space 1536K, 47% used [0x00000000ffd00000,0x00000000ffdb8000,0x00000000ffe80000)
  to   space 1536K, 0% used [0x00000000ffe80000,0x00000000ffe80000,0x0000000100000000)
 ParOldGen       total 114688K, used 57308K [0x00000000f4800000, 0x00000000fb800000, 0x00000000fb800000)
  object space 114688K, 49% used [0x00000000f4800000,0x00000000f7ff7378,0x00000000fb800000)
 Metaspace       used 75104K, capacity 79248K, committed 79744K, reserved 1118208K
  class space    used 9477K, capacity 10201K, committed 10368K, reserved 1048576K
2024-06-11T21:14:10.981+0800: 2110.194: [GC (Allocation Failure) [PSYoungGen: 71392K->704K(72192K)] 128700K->58100K(186880K), 0.0045307 secs] [Times: user=0.00 sys=0.00, real=0.00 secs] 
Heap after GC invocations=501 (full 1):
 PSYoungGen      total 72192K, used 704K [0x00000000fb800000, 0x0000000100000000, 0x0000000100000000)
  eden space 70656K, 0% used [0x00000000fb800000,0x00000000fb800000,0x00000000ffd00000)
  from space 1536K, 45% used [0x00000000ffe80000,0x00000000fff30000,0x0000000100000000)
  to   space 1536K, 0% used [0x00000000ffd00000,0x00000000ffd00000,0x00000000ffe80000)
 ParOldGen       total 114688K, used 57396K [0x00000000f4800000, 0x00000000fb800000, 0x00000000fb800000)
  object space 114688K, 50% used [0x00000000f4800000,0x00000000f800d378,0x00000000fb800000)
 Metaspace       used 75104K, capacity 79248K, committed 79744K, reserved 1118208K
  class space    used 9477K, capacity 10201K, committed 10368K, reserved 1048576K
}
{Heap before GC invocations=502 (full 1):
 PSYoungGen      total 72192K, used 71360K [0x00000000fb800000, 0x0000000100000000, 0x0000000100000000)
  eden space 70656K, 100% used [0x00000000fb800000,0x00000000ffd00000,0x00000000ffd00000)
  from space 1536K, 45% used [0x00000000ffe80000,0x00000000fff30000,0x0000000100000000)
  to   space 1536K, 0% used [0x00000000ffd00000,0x00000000ffd00000,0x00000000ffe80000)
 ParOldGen       total 114688K, used 57396K [0x00000000f4800000, 0x00000000fb800000, 0x00000000fb800000)
  object space 114688K, 50% used [0x00000000f4800000,0x00000000f800d378,0x00000000fb800000)
 Metaspace       used 75104K, capacity 79248K, committed 79744K, reserved 1118208K
  class space    used 9477K, capacity 10201K, committed 10368K, reserved 1048576K
2024-06-11T21:14:15.316+0800: 2114.530: [GC (Allocation Failure) [PSYoungGen: 71360K->736K(72192K)] 128756K->58212K(186880K), 0.0044630 secs] [Times: user=0.01 sys=0.00, real=0.01 secs] 
Heap after GC invocations=502 (full 1):
 PSYoungGen      total 72192K, used 736K [0x00000000fb800000, 0x0000000100000000, 0x0000000100000000)
  eden space 70656K, 0% used [0x00000000fb800000,0x00000000fb800000,0x00000000ffd00000)
  from space 1536K, 47% used [0x00000000ffd00000,0x00000000ffdb8000,0x00000000ffe80000)
  to   space 1536K, 0% used [0x00000000ffe80000,0x00000000ffe80000,0x0000000100000000)
 ParOldGen       total 114688K, used 57476K [0x00000000f4800000, 0x00000000fb800000, 0x00000000fb800000)
  object space 114688K, 50% used [0x00000000f4800000,0x00000000f8021378,0x00000000fb800000)
 Metaspace       used 75104K, capacity 79248K, committed 79744K, reserved 1118208K
  class space    used 9477K, capacity 10201K, committed 10368K, reserved 1048576K
}
{Heap before GC invocations=503 (full 1):
 PSYoungGen      total 72192K, used 71392K [0x00000000fb800000, 0x0000000100000000, 0x0000000100000000)
  eden space 70656K, 100% used [0x00000000fb800000,0x00000000ffd00000,0x00000000ffd00000)
  from space 1536K, 47% used [0x00000000ffd00000,0x00000000ffdb8000,0x00000000ffe80000)
  to   space 1536K, 0% used [0x00000000ffe80000,0x00000000ffe80000,0x0000000100000000)
 ParOldGen       total 114688K, used 57476K [0x00000000f4800000, 0x00000000fb800000, 0x00000000fb800000)
  object space 114688K, 50% used [0x00000000f4800000,0x00000000f8021378,0x00000000fb800000)
 Metaspace       used 75107K, capacity 79248K, committed 79744K, reserved 1118208K
  class space    used 9477K, capacity 10201K, committed 10368K, reserved 1048576K
2024-06-11T21:14:19.732+0800: 2118.945: [GC (Allocation Failure) [PSYoungGen: 71392K->736K(72192K)] 128868K->58300K(186880K), 0.0053545 secs] [Times: user=0.01 sys=0.01, real=0.00 secs] 
Heap after GC invocations=503 (full 1):
 PSYoungGen      total 72192K, used 736K [0x00000000fb800000, 0x0000000100000000, 0x0000000100000000)
  eden space 70656K, 0% used [0x00000000fb800000,0x00000000fb800000,0x00000000ffd00000)
  from space 1536K, 47% used [0x00000000ffe80000,0x00000000fff38000,0x0000000100000000)
  to   space 1536K, 0% used [0x00000000ffd00000,0x00000000ffd00000,0x00000000ffe80000)
 ParOldGen       total 114688K, used 57564K [0x00000000f4800000, 0x00000000fb800000, 0x00000000fb800000)
  object space 114688K, 50% used [0x00000000f4800000,0x00000000f8037378,0x00000000fb800000)
 Metaspace       used 75107K, capacity 79248K, committed 79744K, reserved 1118208K
  class space    used 9477K, capacity 10201K, committed 10368K, reserved 1048576K
}
{Heap before GC invocations=504 (full 1):
 PSYoungGen      total 72192K, used 71392K [0x00000000fb800000, 0x0000000100000000, 0x0000000100000000)
  eden space 70656K, 100% used [0x00000000fb800000,0x00000000ffd00000,0x00000000ffd00000)
  from space 1536K, 47% used [0x00000000ffe80000,0x00000000fff38000,0x0000000100000000)
  to   space 1536K, 0% used [0x00000000ffd00000,0x00000000ffd00000,0x00000000ffe80000)
 ParOldGen       total 114688K, used 57564K [0x00000000f4800000, 0x00000000fb800000, 0x00000000fb800000)
  object space 114688K, 50% used [0x00000000f4800000,0x00000000f8037378,0x00000000fb800000)
 Metaspace       used 75107K, capacity 79248K, committed 79744K, reserved 1118208K
  class space    used 9477K, capacity 10201K, committed 10368K, reserved 1048576K
2024-06-11T21:14:23.798+0800: 2123.012: [GC (Allocation Failure) [PSYoungGen: 71392K->1518K(72192K)] 128956K->60026K(186880K), 0.0059823 secs] [Times: user=0.01 sys=0.00, real=0.01 secs] 
Heap after GC invocations=504 (full 1):
 PSYoungGen      total 72192K, used 1518K [0x00000000fb800000, 0x0000000100000000, 0x0000000100000000)
  eden space 70656K, 0% used [0x00000000fb800000,0x00000000fb800000,0x00000000ffd00000)
  from space 1536K, 98% used [0x00000000ffd00000,0x00000000ffe7b850,0x00000000ffe80000)
  to   space 1536K, 0% used [0x00000000ffe80000,0x00000000ffe80000,0x0000000100000000)
 ParOldGen       total 114688K, used 58508K [0x00000000f4800000, 0x00000000fb800000, 0x00000000fb800000)
  object space 114688K, 51% used [0x00000000f4800000,0x00000000f8123378,0x00000000fb800000)
 Metaspace       used 75107K, capacity 79248K, committed 79744K, reserved 1118208K
  class space    used 9477K, capacity 10201K, committed 10368K, reserved 1048576K
}
{Heap before GC invocations=505 (full 1):
 PSYoungGen      total 72192K, used 72174K [0x00000000fb800000, 0x0000000100000000, 0x0000000100000000)
  eden space 70656K, 100% used [0x00000000fb800000,0x00000000ffd00000,0x00000000ffd00000)
  from space 1536K, 98% used [0x00000000ffd00000,0x00000000ffe7b850,0x00000000ffe80000)
  to   space 1536K, 0% used [0x00000000ffe80000,0x00000000ffe80000,0x0000000100000000)
 ParOldGen       total 114688K, used 58508K [0x00000000f4800000, 0x00000000fb800000, 0x00000000fb800000)
  object space 114688K, 51% used [0x00000000f4800000,0x00000000f8123378,0x00000000fb800000)
 Metaspace       used 75107K, capacity 79248K, committed 79744K, reserved 1118208K
  class space    used 9477K, capacity 10201K, committed 10368K, reserved 1048576K
2024-06-11T21:14:28.595+0800: 2127.809: [GC (Allocation Failure) [PSYoungGen: 72174K->1056K(71168K)] 130682K->60476K(185856K), 0.0063012 secs] [Times: user=0.01 sys=0.00, real=0.01 secs] 
Heap after GC invocations=505 (full 1):
 PSYoungGen      total 71168K, used 1056K [0x00000000fb800000, 0x0000000100000000, 0x0000000100000000)
  eden space 69632K, 0% used [0x00000000fb800000,0x00000000fb800000,0x00000000ffc00000)
  from space 1536K, 68% used [0x00000000ffe80000,0x00000000fff88000,0x0000000100000000)
  to   space 2048K, 0% used [0x00000000ffc00000,0x00000000ffc00000,0x00000000ffe00000)
 ParOldGen       total 114688K, used 59420K [0x00000000f4800000, 0x00000000fb800000, 0x00000000fb800000)
  object space 114688K, 51% used [0x00000000f4800000,0x00000000f8207378,0x00000000fb800000)
 Metaspace       used 75107K, capacity 79248K, committed 79744K, reserved 1118208K
  class space    used 9477K, capacity 10201K, committed 10368K, reserved 1048576K
}
{Heap before GC invocations=506 (full 1):
 PSYoungGen      total 71168K, used 70688K [0x00000000fb800000, 0x0000000100000000, 0x0000000100000000)
  eden space 69632K, 100% used [0x00000000fb800000,0x00000000ffc00000,0x00000000ffc00000)
  from space 1536K, 68% used [0x00000000ffe80000,0x00000000fff88000,0x0000000100000000)
  to   space 2048K, 0% used [0x00000000ffc00000,0x00000000ffc00000,0x00000000ffe00000)
 ParOldGen       total 114688K, used 59420K [0x00000000f4800000, 0x00000000fb800000, 0x00000000fb800000)
  object space 114688K, 51% used [0x00000000f4800000,0x00000000f8207378,0x00000000fb800000)
 Metaspace       used 75107K, capacity 79248K, committed 79744K, reserved 1118208K
  class space    used 9477K, capacity 10201K, committed 10368K, reserved 1048576K
2024-06-11T21:14:32.687+0800: 2131.901: [GC (Allocation Failure) [PSYoungGen: 70688K->736K(71680K)] 130108K->60596K(186368K), 0.0050178 secs] [Times: user=0.01 sys=0.00, real=0.01 secs] 
Heap after GC invocations=506 (full 1):
 PSYoungGen      total 71680K, used 736K [0x00000000fb800000, 0x0000000100000000, 0x0000000100000000)
  eden space 69632K, 0% used [0x00000000fb800000,0x00000000fb800000,0x00000000ffc00000)
  from space 2048K, 35% used [0x00000000ffc00000,0x00000000ffcb8000,0x00000000ffe00000)
  to   space 2048K, 0% used [0x00000000ffe00000,0x00000000ffe00000,0x0000000100000000)
 ParOldGen       total 114688K, used 59860K [0x00000000f4800000, 0x00000000fb800000, 0x00000000fb800000)
  object space 114688K, 52% used [0x00000000f4800000,0x00000000f8275378,0x00000000fb800000)
 Metaspace       used 75107K, capacity 79248K, committed 79744K, reserved 1118208K
  class space    used 9477K, capacity 10201K, committed 10368K, reserved 1048576K
}
{Heap before GC invocations=507 (full 1):
 PSYoungGen      total 71680K, used 70368K [0x00000000fb800000, 0x0000000100000000, 0x0000000100000000)
  eden space 69632K, 100% used [0x00000000fb800000,0x00000000ffc00000,0x00000000ffc00000)
  from space 2048K, 35% used [0x00000000ffc00000,0x00000000ffcb8000,0x00000000ffe00000)
  to   space 2048K, 0% used [0x00000000ffe00000,0x00000000ffe00000,0x0000000100000000)
 ParOldGen       total 114688K, used 59860K [0x00000000f4800000, 0x00000000fb800000, 0x00000000fb800000)
  object space 114688K, 52% used [0x00000000f4800000,0x00000000f8275378,0x00000000fb800000)
 Metaspace       used 75107K, capacity 79248K, committed 79744K, reserved 1118208K
  class space    used 9477K, capacity 10201K, committed 10368K, reserved 1048576K
2024-06-11T21:14:36.887+0800: 2136.101: [GC (Allocation Failure) [PSYoungGen: 70368K->736K(71680K)] 130228K->60676K(186368K), 0.0053549 secs] [Times: user=0.00 sys=0.00, real=0.01 secs] 
Heap after GC invocations=507 (full 1):
 PSYoungGen      total 71680K, used 736K [0x00000000fb800000, 0x0000000100000000, 0x0000000100000000)
  eden space 69632K, 0% used [0x00000000fb800000,0x00000000fb800000,0x00000000ffc00000)
  from space 2048K, 35% used [0x00000000ffe00000,0x00000000ffeb8000,0x0000000100000000)
  to   space 2048K, 0% used [0x00000000ffc00000,0x00000000ffc00000,0x00000000ffe00000)
 ParOldGen       total 114688K, used 59940K [0x00000000f4800000, 0x00000000fb800000, 0x00000000fb800000)
  object space 114688K, 52% used [0x00000000f4800000,0x00000000f8289378,0x00000000fb800000)
 Metaspace       used 75107K, capacity 79248K, committed 79744K, reserved 1118208K
  class space    used 9477K, capacity 10201K, committed 10368K, reserved 1048576K
}
{Heap before GC invocations=508 (full 1):
 PSYoungGen      total 71680K, used 70368K [0x00000000fb800000, 0x0000000100000000, 0x0000000100000000)
  eden space 69632K, 100% used [0x00000000fb800000,0x00000000ffc00000,0x00000000ffc00000)
  from space 2048K, 35% used [0x00000000ffe00000,0x00000000ffeb8000,0x0000000100000000)
  to   space 2048K, 0% used [0x00000000ffc00000,0x00000000ffc00000,0x00000000ffe00000)
 ParOldGen       total 114688K, used 59940K [0x00000000f4800000, 0x00000000fb800000, 0x00000000fb800000)
  object space 114688K, 52% used [0x00000000f4800000,0x00000000f8289378,0x00000000fb800000)
 Metaspace       used 75107K, capacity 79248K, committed 79744K, reserved 1118208K
  class space    used 9477K, capacity 10201K, committed 10368K, reserved 1048576K
2024-06-11T21:14:41.406+0800: 2140.619: [GC (Allocation Failure) [PSYoungGen: 70368K->736K(71680K)] 130308K->60756K(186368K), 0.0046156 secs] [Times: user=0.01 sys=0.00, real=0.00 secs] 
Heap after GC invocations=508 (full 1):
 PSYoungGen      total 71680K, used 736K [0x00000000fb800000, 0x0000000100000000, 0x0000000100000000)
  eden space 69632K, 0% used [0x00000000fb800000,0x00000000fb800000,0x00000000ffc00000)
  from space 2048K, 35% used [0x00000000ffc00000,0x00000000ffcb8000,0x00000000ffe00000)
  to   space 2048K, 0% used [0x00000000ffe00000,0x00000000ffe00000,0x0000000100000000)
 ParOldGen       total 114688K, used 60020K [0x00000000f4800000, 0x00000000fb800000, 0x00000000fb800000)
  object space 114688K, 52% used [0x00000000f4800000,0x00000000f829d378,0x00000000fb800000)
 Metaspace       used 75107K, capacity 79248K, committed 79744K, reserved 1118208K
  class space    used 9477K, capacity 10201K, committed 10368K, reserved 1048576K
}
{Heap before GC invocations=509 (full 1):
 PSYoungGen      total 71680K, used 70368K [0x00000000fb800000, 0x0000000100000000, 0x0000000100000000)
  eden space 69632K, 100% used [0x00000000fb800000,0x00000000ffc00000,0x00000000ffc00000)
  from space 2048K, 35% used [0x00000000ffc00000,0x00000000ffcb8000,0x00000000ffe00000)
  to   space 2048K, 0% used [0x00000000ffe00000,0x00000000ffe00000,0x0000000100000000)
 ParOldGen       total 114688K, used 60020K [0x00000000f4800000, 0x00000000fb800000, 0x00000000fb800000)
  object space 114688K, 52% used [0x00000000f4800000,0x00000000f829d378,0x00000000fb800000)
 Metaspace       used 75107K, capacity 79248K, committed 79744K, reserved 1118208K
  class space    used 9477K, capacity 10201K, committed 10368K, reserved 1048576K
2024-06-11T21:14:45.541+0800: 2144.754: [GC (Allocation Failure) [PSYoungGen: 70368K->736K(71680K)] 130388K->60836K(186368K), 0.0043377 secs] [Times: user=0.01 sys=0.01, real=0.00 secs] 
Heap after GC invocations=509 (full 1):
 PSYoungGen      total 71680K, used 736K [0x00000000fb800000, 0x0000000100000000, 0x0000000100000000)
  eden space 69632K, 0% used [0x00000000fb800000,0x00000000fb800000,0x00000000ffc00000)
  from space 2048K, 35% used [0x00000000ffe00000,0x00000000ffeb8000,0x0000000100000000)
  to   space 2048K, 0% used [0x00000000ffc00000,0x00000000ffc00000,0x00000000ffe00000)
 ParOldGen       total 114688K, used 60100K [0x00000000f4800000, 0x00000000fb800000, 0x00000000fb800000)
  object space 114688K, 52% used [0x00000000f4800000,0x00000000f82b1378,0x00000000fb800000)
 Metaspace       used 75107K, capacity 79248K, committed 79744K, reserved 1118208K
  class space    used 9477K, capacity 10201K, committed 10368K, reserved 1048576K
}
{Heap before GC invocations=510 (full 1):
 PSYoungGen      total 71680K, used 70368K [0x00000000fb800000, 0x0000000100000000, 0x0000000100000000)
  eden space 69632K, 100% used [0x00000000fb800000,0x00000000ffc00000,0x00000000ffc00000)
  from space 2048K, 35% used [0x00000000ffe00000,0x00000000ffeb8000,0x0000000100000000)
  to   space 2048K, 0% used [0x00000000ffc00000,0x00000000ffc00000,0x00000000ffe00000)
 ParOldGen       total 114688K, used 60100K [0x00000000f4800000, 0x00000000fb800000, 0x00000000fb800000)
  object space 114688K, 52% used [0x00000000f4800000,0x00000000f82b1378,0x00000000fb800000)
 Metaspace       used 75107K, capacity 79248K, committed 79744K, reserved 1118208K
  class space    used 9477K, capacity 10201K, committed 10368K, reserved 1048576K
2024-06-11T21:14:49.857+0800: 2149.070: [GC (Allocation Failure) [PSYoungGen: 70368K->736K(71680K)] 130468K->60916K(186368K), 0.0056174 secs] [Times: user=0.00 sys=0.00, real=0.01 secs] 
Heap after GC invocations=510 (full 1):
 PSYoungGen      total 71680K, used 736K [0x00000000fb800000, 0x0000000100000000, 0x0000000100000000)
  eden space 69632K, 0% used [0x00000000fb800000,0x00000000fb800000,0x00000000ffc00000)
  from space 2048K, 35% used [0x00000000ffc00000,0x00000000ffcb8000,0x00000000ffe00000)
  to   space 2048K, 0% used [0x00000000ffe00000,0x00000000ffe00000,0x0000000100000000)
 ParOldGen       total 114688K, used 60180K [0x00000000f4800000, 0x00000000fb800000, 0x00000000fb800000)
  object space 114688K, 52% used [0x00000000f4800000,0x00000000f82c5378,0x00000000fb800000)
 Metaspace       used 75107K, capacity 79248K, committed 79744K, reserved 1118208K
  class space    used 9477K, capacity 10201K, committed 10368K, reserved 1048576K
}
{Heap before GC invocations=511 (full 1):
 PSYoungGen      total 71680K, used 70368K [0x00000000fb800000, 0x0000000100000000, 0x0000000100000000)
  eden space 69632K, 100% used [0x00000000fb800000,0x00000000ffc00000,0x00000000ffc00000)
  from space 2048K, 35% used [0x00000000ffc00000,0x00000000ffcb8000,0x00000000ffe00000)
  to   space 2048K, 0% used [0x00000000ffe00000,0x00000000ffe00000,0x0000000100000000)
 ParOldGen       total 114688K, used 60180K [0x00000000f4800000, 0x00000000fb800000, 0x00000000fb800000)
  object space 114688K, 52% used [0x00000000f4800000,0x00000000f82c5378,0x00000000fb800000)
 Metaspace       used 75107K, capacity 79248K, committed 79744K, reserved 1118208K
  class space    used 9477K, capacity 10201K, committed 10368K, reserved 1048576K
2024-06-11T21:14:54.139+0800: 2153.353: [GC (Allocation Failure) [PSYoungGen: 70368K->736K(72192K)] 130548K->60996K(186880K), 0.0045805 secs] [Times: user=0.01 sys=0.00, real=0.01 secs] 
Heap after GC invocations=511 (full 1):
 PSYoungGen      total 72192K, used 736K [0x00000000fb800000, 0x0000000100000000, 0x0000000100000000)
  eden space 70144K, 0% used [0x00000000fb800000,0x00000000fb800000,0x00000000ffc80000)
  from space 2048K, 35% used [0x00000000ffe00000,0x00000000ffeb8000,0x0000000100000000)
  to   space 1536K, 0% used [0x00000000ffc80000,0x00000000ffc80000,0x00000000ffe00000)
 ParOldGen       total 114688K, used 60260K [0x00000000f4800000, 0x00000000fb800000, 0x00000000fb800000)
  object space 114688K, 52% used [0x00000000f4800000,0x00000000f82d9378,0x00000000fb800000)
 Metaspace       used 75107K, capacity 79248K, committed 79744K, reserved 1118208K
  class space    used 9477K, capacity 10201K, committed 10368K, reserved 1048576K
}
{Heap before GC invocations=512 (full 1):
 PSYoungGen      total 72192K, used 70880K [0x00000000fb800000, 0x0000000100000000, 0x0000000100000000)
  eden space 70144K, 100% used [0x00000000fb800000,0x00000000ffc80000,0x00000000ffc80000)
  from space 2048K, 35% used [0x00000000ffe00000,0x00000000ffeb8000,0x0000000100000000)
  to   space 1536K, 0% used [0x00000000ffc80000,0x00000000ffc80000,0x00000000ffe00000)
 ParOldGen       total 114688K, used 60260K [0x00000000f4800000, 0x00000000fb800000, 0x00000000fb800000)
  object space 114688K, 52% used [0x00000000f4800000,0x00000000f82d9378,0x00000000fb800000)
 Metaspace       used 75107K, capacity 79248K, committed 79744K, reserved 1118208K
  class space    used 9477K, capacity 10201K, committed 10368K, reserved 1048576K
2024-06-11T21:14:58.421+0800: 2157.635: [GC (Allocation Failure) [PSYoungGen: 70880K->672K(71680K)] 131140K->61020K(186368K), 0.0044258 secs] [Times: user=0.01 sys=0.00, real=0.00 secs] 
Heap after GC invocations=512 (full 1):
 PSYoungGen      total 71680K, used 672K [0x00000000fb800000, 0x0000000100000000, 0x0000000100000000)
  eden space 70144K, 0% used [0x00000000fb800000,0x00000000fb800000,0x00000000ffc80000)
  from space 1536K, 43% used [0x00000000ffc80000,0x00000000ffd28000,0x00000000ffe00000)
  to   space 1536K, 0% used [0x00000000ffe80000,0x00000000ffe80000,0x0000000100000000)
 ParOldGen       total 114688K, used 60348K [0x00000000f4800000, 0x00000000fb800000, 0x00000000fb800000)
  object space 114688K, 52% used [0x00000000f4800000,0x00000000f82ef378,0x00000000fb800000)
 Metaspace       used 75107K, capacity 79248K, committed 79744K, reserved 1118208K
  class space    used 9477K, capacity 10201K, committed 10368K, reserved 1048576K
}
{Heap before GC invocations=513 (full 1):
 PSYoungGen      total 71680K, used 70816K [0x00000000fb800000, 0x0000000100000000, 0x0000000100000000)
  eden space 70144K, 100% used [0x00000000fb800000,0x00000000ffc80000,0x00000000ffc80000)
  from space 1536K, 43% used [0x00000000ffc80000,0x00000000ffd28000,0x00000000ffe00000)
  to   space 1536K, 0% used [0x00000000ffe80000,0x00000000ffe80000,0x0000000100000000)
 ParOldGen       total 114688K, used 60348K [0x00000000f4800000, 0x00000000fb800000, 0x00000000fb800000)
  object space 114688K, 52% used [0x00000000f4800000,0x00000000f82ef378,0x00000000fb800000)
 Metaspace       used 75112K, capacity 79248K, committed 79744K, reserved 1118208K
  class space    used 9477K, capacity 10201K, committed 10368K, reserved 1048576K
2024-06-11T21:15:02.737+0800: 2161.951: [GC (Allocation Failure) [PSYoungGen: 70816K->608K(72192K)] 131164K->61044K(186880K), 0.0047061 secs] [Times: user=0.00 sys=0.00, real=0.01 secs] 
Heap after GC invocations=513 (full 1):
 PSYoungGen      total 72192K, used 608K [0x00000000fb800000, 0x0000000100000000, 0x0000000100000000)
  eden space 70656K, 0% used [0x00000000fb800000,0x00000000fb800000,0x00000000ffd00000)
  from space 1536K, 39% used [0x00000000ffe80000,0x00000000fff18000,0x0000000100000000)
  to   space 1536K, 0% used [0x00000000ffd00000,0x00000000ffd00000,0x00000000ffe80000)
 ParOldGen       total 114688K, used 60436K [0x00000000f4800000, 0x00000000fb800000, 0x00000000fb800000)
  object space 114688K, 52% used [0x00000000f4800000,0x00000000f8305378,0x00000000fb800000)
 Metaspace       used 75112K, capacity 79248K, committed 79744K, reserved 1118208K
  class space    used 9477K, capacity 10201K, committed 10368K, reserved 1048576K
}
{Heap before GC invocations=514 (full 1):
 PSYoungGen      total 72192K, used 71264K [0x00000000fb800000, 0x0000000100000000, 0x0000000100000000)
  eden space 70656K, 100% used [0x00000000fb800000,0x00000000ffd00000,0x00000000ffd00000)
  from space 1536K, 39% used [0x00000000ffe80000,0x00000000fff18000,0x0000000100000000)
  to   space 1536K, 0% used [0x00000000ffd00000,0x00000000ffd00000,0x00000000ffe80000)
 ParOldGen       total 114688K, used 60436K [0x00000000f4800000, 0x00000000fb800000, 0x00000000fb800000)
  object space 114688K, 52% used [0x00000000f4800000,0x00000000f8305378,0x00000000fb800000)
 Metaspace       used 75124K, capacity 79248K, committed 79744K, reserved 1118208K
  class space    used 9477K, capacity 10201K, committed 10368K, reserved 1048576K
2024-06-11T21:15:07.058+0800: 2166.271: [GC (Allocation Failure) [PSYoungGen: 71264K->1536K(72192K)] 131700K->62788K(186880K), 0.0066279 secs] [Times: user=0.02 sys=0.00, real=0.01 secs] 
Heap after GC invocations=514 (full 1):
 PSYoungGen      total 72192K, used 1536K [0x00000000fb800000, 0x0000000100000000, 0x0000000100000000)
  eden space 70656K, 0% used [0x00000000fb800000,0x00000000fb800000,0x00000000ffd00000)
  from space 1536K, 100% used [0x00000000ffd00000,0x00000000ffe80000,0x00000000ffe80000)
  to   space 1536K, 0% used [0x00000000ffe80000,0x00000000ffe80000,0x0000000100000000)
 ParOldGen       total 114688K, used 61252K [0x00000000f4800000, 0x00000000fb800000, 0x00000000fb800000)
  object space 114688K, 53% used [0x00000000f4800000,0x00000000f83d1378,0x00000000fb800000)
 Metaspace       used 75124K, capacity 79248K, committed 79744K, reserved 1118208K
  class space    used 9477K, capacity 10201K, committed 10368K, reserved 1048576K
}
{Heap before GC invocations=515 (full 1):
 PSYoungGen      total 72192K, used 72192K [0x00000000fb800000, 0x0000000100000000, 0x0000000100000000)
  eden space 70656K, 100% used [0x00000000fb800000,0x00000000ffd00000,0x00000000ffd00000)
  from space 1536K, 100% used [0x00000000ffd00000,0x00000000ffe80000,0x00000000ffe80000)
  to   space 1536K, 0% used [0x00000000ffe80000,0x00000000ffe80000,0x0000000100000000)
 ParOldGen       total 114688K, used 61252K [0x00000000f4800000, 0x00000000fb800000, 0x00000000fb800000)
  object space 114688K, 53% used [0x00000000f4800000,0x00000000f83d1378,0x00000000fb800000)
 Metaspace       used 75125K, capacity 79248K, committed 79744K, reserved 1118208K
  class space    used 9477K, capacity 10201K, committed 10368K, reserved 1048576K
2024-06-11T21:15:11.421+0800: 2170.635: [GC (Allocation Failure) [PSYoungGen: 72192K->1120K(71168K)] 133444K->63628K(185856K), 0.0065317 secs] [Times: user=0.01 sys=0.00, real=0.00 secs] 
Heap after GC invocations=515 (full 1):
 PSYoungGen      total 71168K, used 1120K [0x00000000fb800000, 0x0000000100000000, 0x0000000100000000)
  eden space 69632K, 0% used [0x00000000fb800000,0x00000000fb800000,0x00000000ffc00000)
  from space 1536K, 72% used [0x00000000ffe80000,0x00000000fff98000,0x0000000100000000)
  to   space 2048K, 0% used [0x00000000ffc00000,0x00000000ffc00000,0x00000000ffe00000)
 ParOldGen       total 114688K, used 62508K [0x00000000f4800000, 0x00000000fb800000, 0x00000000fb800000)
  object space 114688K, 54% used [0x00000000f4800000,0x00000000f850b378,0x00000000fb800000)
 Metaspace       used 75125K, capacity 79248K, committed 79744K, reserved 1118208K
  class space    used 9477K, capacity 10201K, committed 10368K, reserved 1048576K
}
{Heap before GC invocations=516 (full 1):
 PSYoungGen      total 71168K, used 70752K [0x00000000fb800000, 0x0000000100000000, 0x0000000100000000)
  eden space 69632K, 100% used [0x00000000fb800000,0x00000000ffc00000,0x00000000ffc00000)
  from space 1536K, 72% used [0x00000000ffe80000,0x00000000fff98000,0x0000000100000000)
  to   space 2048K, 0% used [0x00000000ffc00000,0x00000000ffc00000,0x00000000ffe00000)
 ParOldGen       total 114688K, used 62508K [0x00000000f4800000, 0x00000000fb800000, 0x00000000fb800000)
  object space 114688K, 54% used [0x00000000f4800000,0x00000000f850b378,0x00000000fb800000)
 Metaspace       used 75125K, capacity 79248K, committed 79744K, reserved 1118208K
  class space    used 9477K, capacity 10201K, committed 10368K, reserved 1048576K
2024-06-11T21:15:15.520+0800: 2174.733: [GC (Allocation Failure) [PSYoungGen: 70752K->800K(71680K)] 133260K->63660K(186368K), 0.0050546 secs] [Times: user=0.01 sys=0.00, real=0.01 secs] 
Heap after GC invocations=516 (full 1):
 PSYoungGen      total 71680K, used 800K [0x00000000fb800000, 0x0000000100000000, 0x0000000100000000)
  eden space 69632K, 0% used [0x00000000fb800000,0x00000000fb800000,0x00000000ffc00000)
  from space 2048K, 39% used [0x00000000ffc00000,0x00000000ffcc8000,0x00000000ffe00000)
  to   space 2048K, 0% used [0x00000000ffe00000,0x00000000ffe00000,0x0000000100000000)
 ParOldGen       total 114688K, used 62860K [0x00000000f4800000, 0x00000000fb800000, 0x00000000fb800000)
  object space 114688K, 54% used [0x00000000f4800000,0x00000000f8563378,0x00000000fb800000)
 Metaspace       used 75125K, capacity 79248K, committed 79744K, reserved 1118208K
  class space    used 9477K, capacity 10201K, committed 10368K, reserved 1048576K
}
{Heap before GC invocations=517 (full 1):
 PSYoungGen      total 71680K, used 70432K [0x00000000fb800000, 0x0000000100000000, 0x0000000100000000)
  eden space 69632K, 100% used [0x00000000fb800000,0x00000000ffc00000,0x00000000ffc00000)
  from space 2048K, 39% used [0x00000000ffc00000,0x00000000ffcc8000,0x00000000ffe00000)
  to   space 2048K, 0% used [0x00000000ffe00000,0x00000000ffe00000,0x0000000100000000)
 ParOldGen       total 114688K, used 62860K [0x00000000f4800000, 0x00000000fb800000, 0x00000000fb800000)
  object space 114688K, 54% used [0x00000000f4800000,0x00000000f8563378,0x00000000fb800000)
 Metaspace       used 75125K, capacity 79248K, committed 79744K, reserved 1118208K
  class space    used 9477K, capacity 10201K, committed 10368K, reserved 1048576K
2024-06-11T21:15:20.081+0800: 2179.294: [GC (Allocation Failure) [PSYoungGen: 70432K->832K(71680K)] 133292K->63772K(186368K), 0.0048697 secs] [Times: user=0.01 sys=0.00, real=0.00 secs] 
Heap after GC invocations=517 (full 1):
 PSYoungGen      total 71680K, used 832K [0x00000000fb800000, 0x0000000100000000, 0x0000000100000000)
  eden space 69632K, 0% used [0x00000000fb800000,0x00000000fb800000,0x00000000ffc00000)
  from space 2048K, 40% used [0x00000000ffe00000,0x00000000ffed0000,0x0000000100000000)
  to   space 2048K, 0% used [0x00000000ffc00000,0x00000000ffc00000,0x00000000ffe00000)
 ParOldGen       total 114688K, used 62940K [0x00000000f4800000, 0x00000000fb800000, 0x00000000fb800000)
  object space 114688K, 54% used [0x00000000f4800000,0x00000000f8577378,0x00000000fb800000)
 Metaspace       used 75125K, capacity 79248K, committed 79744K, reserved 1118208K
  class space    used 9477K, capacity 10201K, committed 10368K, reserved 1048576K
}
{Heap before GC invocations=518 (full 1):
 PSYoungGen      total 71680K, used 70464K [0x00000000fb800000, 0x0000000100000000, 0x0000000100000000)
  eden space 69632K, 100% used [0x00000000fb800000,0x00000000ffc00000,0x00000000ffc00000)
  from space 2048K, 40% used [0x00000000ffe00000,0x00000000ffed0000,0x0000000100000000)
  to   space 2048K, 0% used [0x00000000ffc00000,0x00000000ffc00000,0x00000000ffe00000)
 ParOldGen       total 114688K, used 62940K [0x00000000f4800000, 0x00000000fb800000, 0x00000000fb800000)
  object space 114688K, 54% used [0x00000000f4800000,0x00000000f8577378,0x00000000fb800000)
 Metaspace       used 75125K, capacity 79248K, committed 79744K, reserved 1118208K
  class space    used 9477K, capacity 10201K, committed 10368K, reserved 1048576K
2024-06-11T21:15:24.408+0800: 2183.622: [GC (Allocation Failure) [PSYoungGen: 70464K->1079K(71680K)] 133404K->64099K(186368K), 0.0139284 secs] [Times: user=0.02 sys=0.01, real=0.01 secs] 
Heap after GC invocations=518 (full 1):
 PSYoungGen      total 71680K, used 1079K [0x00000000fb800000, 0x0000000100000000, 0x0000000100000000)
  eden space 69632K, 0% used [0x00000000fb800000,0x00000000fb800000,0x00000000ffc00000)
  from space 2048K, 52% used [0x00000000ffc00000,0x00000000ffd0dc28,0x00000000ffe00000)
  to   space 2048K, 0% used [0x00000000ffe00000,0x00000000ffe00000,0x0000000100000000)
 ParOldGen       total 114688K, used 63020K [0x00000000f4800000, 0x00000000fb800000, 0x00000000fb800000)
  object space 114688K, 54% used [0x00000000f4800000,0x00000000f858b378,0x00000000fb800000)
 Metaspace       used 75125K, capacity 79248K, committed 79744K, reserved 1118208K
  class space    used 9477K, capacity 10201K, committed 10368K, reserved 1048576K
}
{Heap before GC invocations=519 (full 1):
 PSYoungGen      total 71680K, used 70711K [0x00000000fb800000, 0x0000000100000000, 0x0000000100000000)
  eden space 69632K, 100% used [0x00000000fb800000,0x00000000ffc00000,0x00000000ffc00000)
  from space 2048K, 52% used [0x00000000ffc00000,0x00000000ffd0dc28,0x00000000ffe00000)
  to   space 2048K, 0% used [0x00000000ffe00000,0x00000000ffe00000,0x0000000100000000)
 ParOldGen       total 114688K, used 63020K [0x00000000f4800000, 0x00000000fb800000, 0x00000000fb800000)
  object space 114688K, 54% used [0x00000000f4800000,0x00000000f858b378,0x00000000fb800000)
 Metaspace       used 75125K, capacity 79248K, committed 79744K, reserved 1118208K
  class space    used 9477K, capacity 10201K, committed 10368K, reserved 1048576K
2024-06-11T21:15:28.791+0800: 2188.005: [GC (Allocation Failure) [PSYoungGen: 70711K->800K(71680K)] 133731K->63892K(186368K), 0.0076148 secs] [Times: user=0.01 sys=0.00, real=0.00 secs] 
Heap after GC invocations=519 (full 1):
 PSYoungGen      total 71680K, used 800K [0x00000000fb800000, 0x0000000100000000, 0x0000000100000000)
  eden space 69632K, 0% used [0x00000000fb800000,0x00000000fb800000,0x00000000ffc00000)
  from space 2048K, 39% used [0x00000000ffe00000,0x00000000ffec8000,0x0000000100000000)
  to   space 2048K, 0% used [0x00000000ffc00000,0x00000000ffc00000,0x00000000ffe00000)
 ParOldGen       total 114688K, used 63092K [0x00000000f4800000, 0x00000000fb800000, 0x00000000fb800000)
  object space 114688K, 55% used [0x00000000f4800000,0x00000000f859d378,0x00000000fb800000)
 Metaspace       used 75125K, capacity 79248K, committed 79744K, reserved 1118208K
  class space    used 9477K, capacity 10201K, committed 10368K, reserved 1048576K
}
{Heap before GC invocations=520 (full 1):
 PSYoungGen      total 71680K, used 70432K [0x00000000fb800000, 0x0000000100000000, 0x0000000100000000)
  eden space 69632K, 100% used [0x00000000fb800000,0x00000000ffc00000,0x00000000ffc00000)
  from space 2048K, 39% used [0x00000000ffe00000,0x00000000ffec8000,0x0000000100000000)
  to   space 2048K, 0% used [0x00000000ffc00000,0x00000000ffc00000,0x00000000ffe00000)
 ParOldGen       total 114688K, used 63092K [0x00000000f4800000, 0x00000000fb800000, 0x00000000fb800000)
  object space 114688K, 55% used [0x00000000f4800000,0x00000000f859d378,0x00000000fb800000)
 Metaspace       used 75125K, capacity 79248K, committed 79744K, reserved 1118208K
  class space    used 9477K, capacity 10201K, committed 10368K, reserved 1048576K
2024-06-11T21:15:33.030+0800: 2192.244: [GC (Allocation Failure) [PSYoungGen: 70432K->768K(71680K)] 133524K->63948K(186368K), 0.0045044 secs] [Times: user=0.01 sys=0.00, real=0.01 secs] 
Heap after GC invocations=520 (full 1):
 PSYoungGen      total 71680K, used 768K [0x00000000fb800000, 0x0000000100000000, 0x0000000100000000)
  eden space 69632K, 0% used [0x00000000fb800000,0x00000000fb800000,0x00000000ffc00000)
  from space 2048K, 37% used [0x00000000ffc00000,0x00000000ffcc0000,0x00000000ffe00000)
  to   space 2048K, 0% used [0x00000000ffe00000,0x00000000ffe00000,0x0000000100000000)
 ParOldGen       total 114688K, used 63180K [0x00000000f4800000, 0x00000000fb800000, 0x00000000fb800000)
  object space 114688K, 55% used [0x00000000f4800000,0x00000000f85b3378,0x00000000fb800000)
 Metaspace       used 75125K, capacity 79248K, committed 79744K, reserved 1118208K
  class space    used 9477K, capacity 10201K, committed 10368K, reserved 1048576K
}
{Heap before GC invocations=521 (full 1):
 PSYoungGen      total 71680K, used 70400K [0x00000000fb800000, 0x0000000100000000, 0x0000000100000000)
  eden space 69632K, 100% used [0x00000000fb800000,0x00000000ffc00000,0x00000000ffc00000)
  from space 2048K, 37% used [0x00000000ffc00000,0x00000000ffcc0000,0x00000000ffe00000)
  to   space 2048K, 0% used [0x00000000ffe00000,0x00000000ffe00000,0x0000000100000000)
 ParOldGen       total 114688K, used 63180K [0x00000000f4800000, 0x00000000fb800000, 0x00000000fb800000)
  object space 114688K, 55% used [0x00000000f4800000,0x00000000f85b3378,0x00000000fb800000)
 Metaspace       used 75125K, capacity 79248K, committed 79744K, reserved 1118208K
  class space    used 9477K, capacity 10201K, committed 10368K, reserved 1048576K
2024-06-11T21:15:37.327+0800: 2196.541: [GC (Allocation Failure) [PSYoungGen: 70400K->832K(71680K)] 133580K->64100K(186368K), 0.0046974 secs] [Times: user=0.01 sys=0.00, real=0.01 secs] 
Heap after GC invocations=521 (full 1):
 PSYoungGen      total 71680K, used 832K [0x00000000fb800000, 0x0000000100000000, 0x0000000100000000)
  eden space 69632K, 0% used [0x00000000fb800000,0x00000000fb800000,0x00000000ffc00000)
  from space 2048K, 40% used [0x00000000ffe00000,0x00000000ffed0000,0x0000000100000000)
  to   space 2048K, 0% used [0x00000000ffc00000,0x00000000ffc00000,0x00000000ffe00000)
 ParOldGen       total 114688K, used 63268K [0x00000000f4800000, 0x00000000fb800000, 0x00000000fb800000)
  object space 114688K, 55% used [0x00000000f4800000,0x00000000f85c9378,0x00000000fb800000)
 Metaspace       used 75125K, capacity 79248K, committed 79744K, reserved 1118208K
  class space    used 9477K, capacity 10201K, committed 10368K, reserved 1048576K
}
{Heap before GC invocations=522 (full 1):
 PSYoungGen      total 71680K, used 70464K [0x00000000fb800000, 0x0000000100000000, 0x0000000100000000)
  eden space 69632K, 100% used [0x00000000fb800000,0x00000000ffc00000,0x00000000ffc00000)
  from space 2048K, 40% used [0x00000000ffe00000,0x00000000ffed0000,0x0000000100000000)
  to   space 2048K, 0% used [0x00000000ffc00000,0x00000000ffc00000,0x00000000ffe00000)
 ParOldGen       total 114688K, used 63268K [0x00000000f4800000, 0x00000000fb800000, 0x00000000fb800000)
  object space 114688K, 55% used [0x00000000f4800000,0x00000000f85c9378,0x00000000fb800000)
 Metaspace       used 75138K, capacity 79248K, committed 79744K, reserved 1118208K
  class space    used 9477K, capacity 10201K, committed 10368K, reserved 1048576K
2024-06-11T21:15:41.725+0800: 2200.938: [GC (Allocation Failure) [PSYoungGen: 70464K->800K(71680K)] 133732K->64156K(186368K), 0.0049992 secs] [Times: user=0.01 sys=0.00, real=0.00 secs] 
Heap after GC invocations=522 (full 1):
 PSYoungGen      total 71680K, used 800K [0x00000000fb800000, 0x0000000100000000, 0x0000000100000000)
  eden space 69632K, 0% used [0x00000000fb800000,0x00000000fb800000,0x00000000ffc00000)
  from space 2048K, 39% used [0x00000000ffc00000,0x00000000ffcc8000,0x00000000ffe00000)
  to   space 2048K, 0% used [0x00000000ffe00000,0x00000000ffe00000,0x0000000100000000)
 ParOldGen       total 114688K, used 63356K [0x00000000f4800000, 0x00000000fb800000, 0x00000000fb800000)
  object space 114688K, 55% used [0x00000000f4800000,0x00000000f85df378,0x00000000fb800000)
 Metaspace       used 75138K, capacity 79248K, committed 79744K, reserved 1118208K
  class space    used 9477K, capacity 10201K, committed 10368K, reserved 1048576K
}
{Heap before GC invocations=523 (full 1):
 PSYoungGen      total 71680K, used 70432K [0x00000000fb800000, 0x0000000100000000, 0x0000000100000000)
  eden space 69632K, 100% used [0x00000000fb800000,0x00000000ffc00000,0x00000000ffc00000)
  from space 2048K, 39% used [0x00000000ffc00000,0x00000000ffcc8000,0x00000000ffe00000)
  to   space 2048K, 0% used [0x00000000ffe00000,0x00000000ffe00000,0x0000000100000000)
 ParOldGen       total 114688K, used 63356K [0x00000000f4800000, 0x00000000fb800000, 0x00000000fb800000)
  object space 114688K, 55% used [0x00000000f4800000,0x00000000f85df378,0x00000000fb800000)
 Metaspace       used 75138K, capacity 79248K, committed 79744K, reserved 1118208K
  class space    used 9477K, capacity 10201K, committed 10368K, reserved 1048576K
2024-06-11T21:15:46.089+0800: 2205.302: [GC (Allocation Failure) [PSYoungGen: 70432K->800K(72192K)] 133788K->64236K(186880K), 0.0057996 secs] [Times: user=0.01 sys=0.01, real=0.01 secs] 
Heap after GC invocations=523 (full 1):
 PSYoungGen      total 72192K, used 800K [0x00000000fb800000, 0x0000000100000000, 0x0000000100000000)
  eden space 70144K, 0% used [0x00000000fb800000,0x00000000fb800000,0x00000000ffc80000)
  from space 2048K, 39% used [0x00000000ffe00000,0x00000000ffec8000,0x0000000100000000)
  to   space 1536K, 0% used [0x00000000ffc80000,0x00000000ffc80000,0x00000000ffe00000)
 ParOldGen       total 114688K, used 63436K [0x00000000f4800000, 0x00000000fb800000, 0x00000000fb800000)
  object space 114688K, 55% used [0x00000000f4800000,0x00000000f85f3378,0x00000000fb800000)
 Metaspace       used 75138K, capacity 79248K, committed 79744K, reserved 1118208K
  class space    used 9477K, capacity 10201K, committed 10368K, reserved 1048576K
}
{Heap before GC invocations=524 (full 1):
 PSYoungGen      total 72192K, used 70944K [0x00000000fb800000, 0x0000000100000000, 0x0000000100000000)
  eden space 70144K, 100% used [0x00000000fb800000,0x00000000ffc80000,0x00000000ffc80000)
  from space 2048K, 39% used [0x00000000ffe00000,0x00000000ffec8000,0x0000000100000000)
  to   space 1536K, 0% used [0x00000000ffc80000,0x00000000ffc80000,0x00000000ffe00000)
 ParOldGen       total 114688K, used 63436K [0x00000000f4800000, 0x00000000fb800000, 0x00000000fb800000)
  object space 114688K, 55% used [0x00000000f4800000,0x00000000f85f3378,0x00000000fb800000)
 Metaspace       used 75138K, capacity 79248K, committed 79744K, reserved 1118208K
  class space    used 9477K, capacity 10201K, committed 10368K, reserved 1048576K
2024-06-11T21:15:50.532+0800: 2209.745: [GC (Allocation Failure) [PSYoungGen: 70944K->832K(71680K)] 134380K->64348K(186368K), 0.0048065 secs] [Times: user=0.01 sys=0.00, real=0.00 secs] 
Heap after GC invocations=524 (full 1):
 PSYoungGen      total 71680K, used 832K [0x00000000fb800000, 0x0000000100000000, 0x0000000100000000)
  eden space 70144K, 0% used [0x00000000fb800000,0x00000000fb800000,0x00000000ffc80000)
  from space 1536K, 54% used [0x00000000ffc80000,0x00000000ffd50000,0x00000000ffe00000)
  to   space 1536K, 0% used [0x00000000ffe80000,0x00000000ffe80000,0x0000000100000000)
 ParOldGen       total 114688K, used 63516K [0x00000000f4800000, 0x00000000fb800000, 0x00000000fb800000)
  object space 114688K, 55% used [0x00000000f4800000,0x00000000f8607378,0x00000000fb800000)
 Metaspace       used 75138K, capacity 79248K, committed 79744K, reserved 1118208K
  class space    used 9477K, capacity 10201K, committed 10368K, reserved 1048576K
}
{Heap before GC invocations=525 (full 1):
 PSYoungGen      total 71680K, used 70976K [0x00000000fb800000, 0x0000000100000000, 0x0000000100000000)
  eden space 70144K, 100% used [0x00000000fb800000,0x00000000ffc80000,0x00000000ffc80000)
  from space 1536K, 54% used [0x00000000ffc80000,0x00000000ffd50000,0x00000000ffe00000)
  to   space 1536K, 0% used [0x00000000ffe80000,0x00000000ffe80000,0x0000000100000000)
 ParOldGen       total 114688K, used 63516K [0x00000000f4800000, 0x00000000fb800000, 0x00000000fb800000)
  object space 114688K, 55% used [0x00000000f4800000,0x00000000f8607378,0x00000000fb800000)
 Metaspace       used 75138K, capacity 79248K, committed 79744K, reserved 1118208K
  class space    used 9477K, capacity 10201K, committed 10368K, reserved 1048576K
2024-06-11T21:15:55.003+0800: 2214.216: [GC (Allocation Failure) [PSYoungGen: 70976K->832K(72192K)] 134492K->64436K(186880K), 0.0056864 secs] [Times: user=0.01 sys=0.00, real=0.00 secs] 
Heap after GC invocations=525 (full 1):
 PSYoungGen      total 72192K, used 832K [0x00000000fb800000, 0x0000000100000000, 0x0000000100000000)
  eden space 70656K, 0% used [0x00000000fb800000,0x00000000fb800000,0x00000000ffd00000)
  from space 1536K, 54% used [0x00000000ffe80000,0x00000000fff50000,0x0000000100000000)
  to   space 1536K, 0% used [0x00000000ffd00000,0x00000000ffd00000,0x00000000ffe80000)
 ParOldGen       total 114688K, used 63604K [0x00000000f4800000, 0x00000000fb800000, 0x00000000fb800000)
  object space 114688K, 55% used [0x00000000f4800000,0x00000000f861d378,0x00000000fb800000)
 Metaspace       used 75138K, capacity 79248K, committed 79744K, reserved 1118208K
  class space    used 9477K, capacity 10201K, committed 10368K, reserved 1048576K
}
{Heap before GC invocations=526 (full 1):
 PSYoungGen      total 72192K, used 71488K [0x00000000fb800000, 0x0000000100000000, 0x0000000100000000)
  eden space 70656K, 100% used [0x00000000fb800000,0x00000000ffd00000,0x00000000ffd00000)
  from space 1536K, 54% used [0x00000000ffe80000,0x00000000fff50000,0x0000000100000000)
  to   space 1536K, 0% used [0x00000000ffd00000,0x00000000ffd00000,0x00000000ffe80000)
 ParOldGen       total 114688K, used 63604K [0x00000000f4800000, 0x00000000fb800000, 0x00000000fb800000)
  object space 114688K, 55% used [0x00000000f4800000,0x00000000f861d378,0x00000000fb800000)
 Metaspace       used 75138K, capacity 79248K, committed 79744K, reserved 1118208K
  class space    used 9477K, capacity 10201K, committed 10368K, reserved 1048576K
2024-06-11T21:15:59.335+0800: 2218.549: [GC (Allocation Failure) [PSYoungGen: 71488K->832K(72192K)] 135092K->64516K(186880K), 0.0046495 secs] [Times: user=0.01 sys=0.00, real=0.00 secs] 
Heap after GC invocations=526 (full 1):
 PSYoungGen      total 72192K, used 832K [0x00000000fb800000, 0x0000000100000000, 0x0000000100000000)
  eden space 70656K, 0% used [0x00000000fb800000,0x00000000fb800000,0x00000000ffd00000)
  from space 1536K, 54% used [0x00000000ffd00000,0x00000000ffdd0000,0x00000000ffe80000)
  to   space 1536K, 0% used [0x00000000ffe80000,0x00000000ffe80000,0x0000000100000000)
 ParOldGen       total 114688K, used 63684K [0x00000000f4800000, 0x00000000fb800000, 0x00000000fb800000)
  object space 114688K, 55% used [0x00000000f4800000,0x00000000f8631378,0x00000000fb800000)
 Metaspace       used 75138K, capacity 79248K, committed 79744K, reserved 1118208K
  class space    used 9477K, capacity 10201K, committed 10368K, reserved 1048576K
}
{Heap before GC invocations=527 (full 1):
 PSYoungGen      total 72192K, used 71488K [0x00000000fb800000, 0x0000000100000000, 0x0000000100000000)
  eden space 70656K, 100% used [0x00000000fb800000,0x00000000ffd00000,0x00000000ffd00000)
  from space 1536K, 54% used [0x00000000ffd00000,0x00000000ffdd0000,0x00000000ffe80000)
  to   space 1536K, 0% used [0x00000000ffe80000,0x00000000ffe80000,0x0000000100000000)
 ParOldGen       total 114688K, used 63684K [0x00000000f4800000, 0x00000000fb800000, 0x00000000fb800000)
  object space 114688K, 55% used [0x00000000f4800000,0x00000000f8631378,0x00000000fb800000)
 Metaspace       used 75138K, capacity 79248K, committed 79744K, reserved 1118208K
  class space    used 9477K, capacity 10201K, committed 10368K, reserved 1048576K
2024-06-11T21:16:03.742+0800: 2222.955: [GC (Allocation Failure) [PSYoungGen: 71488K->832K(72192K)] 135172K->64604K(186880K), 0.0047581 secs] [Times: user=0.01 sys=0.00, real=0.00 secs] 
Heap after GC invocations=527 (full 1):
 PSYoungGen      total 72192K, used 832K [0x00000000fb800000, 0x0000000100000000, 0x0000000100000000)
  eden space 70656K, 0% used [0x00000000fb800000,0x00000000fb800000,0x00000000ffd00000)
  from space 1536K, 54% used [0x00000000ffe80000,0x00000000fff50000,0x0000000100000000)
  to   space 1536K, 0% used [0x00000000ffd00000,0x00000000ffd00000,0x00000000ffe80000)
 ParOldGen       total 114688K, used 63772K [0x00000000f4800000, 0x00000000fb800000, 0x00000000fb800000)
  object space 114688K, 55% used [0x00000000f4800000,0x00000000f8647378,0x00000000fb800000)
 Metaspace       used 75138K, capacity 79248K, committed 79744K, reserved 1118208K
  class space    used 9477K, capacity 10201K, committed 10368K, reserved 1048576K
}
{Heap before GC invocations=528 (full 1):
 PSYoungGen      total 72192K, used 71488K [0x00000000fb800000, 0x0000000100000000, 0x0000000100000000)
  eden space 70656K, 100% used [0x00000000fb800000,0x00000000ffd00000,0x00000000ffd00000)
  from space 1536K, 54% used [0x00000000ffe80000,0x00000000fff50000,0x0000000100000000)
  to   space 1536K, 0% used [0x00000000ffd00000,0x00000000ffd00000,0x00000000ffe80000)
 ParOldGen       total 114688K, used 63772K [0x00000000f4800000, 0x00000000fb800000, 0x00000000fb800000)
  object space 114688K, 55% used [0x00000000f4800000,0x00000000f8647378,0x00000000fb800000)
 Metaspace       used 75138K, capacity 79248K, committed 79744K, reserved 1118208K
  class space    used 9477K, capacity 10201K, committed 10368K, reserved 1048576K
2024-06-11T21:16:08.058+0800: 2227.271: [GC (Allocation Failure) [PSYoungGen: 71488K->1536K(72192K)] 135260K->66650K(186880K), 0.0074073 secs] [Times: user=0.02 sys=0.00, real=0.01 secs] 
Heap after GC invocations=528 (full 1):
 PSYoungGen      total 72192K, used 1536K [0x00000000fb800000, 0x0000000100000000, 0x0000000100000000)
  eden space 70656K, 0% used [0x00000000fb800000,0x00000000fb800000,0x00000000ffd00000)
  from space 1536K, 100% used [0x00000000ffd00000,0x00000000ffe80000,0x00000000ffe80000)
  to   space 1536K, 0% used [0x00000000ffe80000,0x00000000ffe80000,0x0000000100000000)
 ParOldGen       total 114688K, used 65114K [0x00000000f4800000, 0x00000000fb800000, 0x00000000fb800000)
  object space 114688K, 56% used [0x00000000f4800000,0x00000000f8796b98,0x00000000fb800000)
 Metaspace       used 75138K, capacity 79248K, committed 79744K, reserved 1118208K
  class space    used 9477K, capacity 10201K, committed 10368K, reserved 1048576K
}
{Heap before GC invocations=529 (full 1):
 PSYoungGen      total 72192K, used 72192K [0x00000000fb800000, 0x0000000100000000, 0x0000000100000000)
  eden space 70656K, 100% used [0x00000000fb800000,0x00000000ffd00000,0x00000000ffd00000)
  from space 1536K, 100% used [0x00000000ffd00000,0x00000000ffe80000,0x00000000ffe80000)
  to   space 1536K, 0% used [0x00000000ffe80000,0x00000000ffe80000,0x0000000100000000)
 ParOldGen       total 114688K, used 65114K [0x00000000f4800000, 0x00000000fb800000, 0x00000000fb800000)
  object space 114688K, 56% used [0x00000000f4800000,0x00000000f8796b98,0x00000000fb800000)
 Metaspace       used 75138K, capacity 79248K, committed 79744K, reserved 1118208K
  class space    used 9477K, capacity 10201K, committed 10368K, reserved 1048576K
2024-06-11T21:16:12.386+0800: 2231.599: [GC (Allocation Failure) [PSYoungGen: 72192K->1248K(71168K)] 137306K->67818K(185856K), 0.0066631 secs] [Times: user=0.01 sys=0.00, real=0.01 secs] 
Heap after GC invocations=529 (full 1):
 PSYoungGen      total 71168K, used 1248K [0x00000000fb800000, 0x0000000100000000, 0x0000000100000000)
  eden space 69632K, 0% used [0x00000000fb800000,0x00000000fb800000,0x00000000ffc00000)
  from space 1536K, 81% used [0x00000000ffe80000,0x00000000fffb8000,0x0000000100000000)
  to   space 2048K, 0% used [0x00000000ffc00000,0x00000000ffc00000,0x00000000ffe00000)
 ParOldGen       total 114688K, used 66570K [0x00000000f4800000, 0x00000000fb800000, 0x00000000fb800000)
  object space 114688K, 58% used [0x00000000f4800000,0x00000000f8902b98,0x00000000fb800000)
 Metaspace       used 75138K, capacity 79248K, committed 79744K, reserved 1118208K
  class space    used 9477K, capacity 10201K, committed 10368K, reserved 1048576K
}
{Heap before GC invocations=530 (full 1):
 PSYoungGen      total 71168K, used 70880K [0x00000000fb800000, 0x0000000100000000, 0x0000000100000000)
  eden space 69632K, 100% used [0x00000000fb800000,0x00000000ffc00000,0x00000000ffc00000)
  from space 1536K, 81% used [0x00000000ffe80000,0x00000000fffb8000,0x0000000100000000)
  to   space 2048K, 0% used [0x00000000ffc00000,0x00000000ffc00000,0x00000000ffe00000)
 ParOldGen       total 114688K, used 66570K [0x00000000f4800000, 0x00000000fb800000, 0x00000000fb800000)
  object space 114688K, 58% used [0x00000000f4800000,0x00000000f8902b98,0x00000000fb800000)
 Metaspace       used 75138K, capacity 79248K, committed 79744K, reserved 1118208K
  class space    used 9477K, capacity 10201K, committed 10368K, reserved 1048576K
2024-06-11T21:16:16.796+0800: 2236.010: [GC (Allocation Failure) [PSYoungGen: 70880K->832K(71680K)] 137450K->67914K(186368K), 0.0053825 secs] [Times: user=0.01 sys=0.00, real=0.01 secs] 
Heap after GC invocations=530 (full 1):
 PSYoungGen      total 71680K, used 832K [0x00000000fb800000, 0x0000000100000000, 0x0000000100000000)
  eden space 69632K, 0% used [0x00000000fb800000,0x00000000fb800000,0x00000000ffc00000)
  from space 2048K, 40% used [0x00000000ffc00000,0x00000000ffcd0000,0x00000000ffe00000)
  to   space 2048K, 0% used [0x00000000ffe00000,0x00000000ffe00000,0x0000000100000000)
 ParOldGen       total 114688K, used 67082K [0x00000000f4800000, 0x00000000fb800000, 0x00000000fb800000)
  object space 114688K, 58% used [0x00000000f4800000,0x00000000f8982b98,0x00000000fb800000)
 Metaspace       used 75138K, capacity 79248K, committed 79744K, reserved 1118208K
  class space    used 9477K, capacity 10201K, committed 10368K, reserved 1048576K
}
{Heap before GC invocations=531 (full 1):
 PSYoungGen      total 71680K, used 70464K [0x00000000fb800000, 0x0000000100000000, 0x0000000100000000)
  eden space 69632K, 100% used [0x00000000fb800000,0x00000000ffc00000,0x00000000ffc00000)
  from space 2048K, 40% used [0x00000000ffc00000,0x00000000ffcd0000,0x00000000ffe00000)
  to   space 2048K, 0% used [0x00000000ffe00000,0x00000000ffe00000,0x0000000100000000)
 ParOldGen       total 114688K, used 67082K [0x00000000f4800000, 0x00000000fb800000, 0x00000000fb800000)
  object space 114688K, 58% used [0x00000000f4800000,0x00000000f8982b98,0x00000000fb800000)
 Metaspace       used 75138K, capacity 79248K, committed 79744K, reserved 1118208K
  class space    used 9477K, capacity 10201K, committed 10368K, reserved 1048576K
2024-06-11T21:16:21.216+0800: 2240.429: [GC (Allocation Failure) [PSYoungGen: 70464K->832K(71680K)] 137546K->68002K(186368K), 0.0047578 secs] [Times: user=0.00 sys=0.00, real=0.01 secs] 
Heap after GC invocations=531 (full 1):
 PSYoungGen      total 71680K, used 832K [0x00000000fb800000, 0x0000000100000000, 0x0000000100000000)
  eden space 69632K, 0% used [0x00000000fb800000,0x00000000fb800000,0x00000000ffc00000)
  from space 2048K, 40% used [0x00000000ffe00000,0x00000000ffed0000,0x0000000100000000)
  to   space 2048K, 0% used [0x00000000ffc00000,0x00000000ffc00000,0x00000000ffe00000)
 ParOldGen       total 114688K, used 67170K [0x00000000f4800000, 0x00000000fb800000, 0x00000000fb800000)
  object space 114688K, 58% used [0x00000000f4800000,0x00000000f8998b98,0x00000000fb800000)
 Metaspace       used 75138K, capacity 79248K, committed 79744K, reserved 1118208K
  class space    used 9477K, capacity 10201K, committed 10368K, reserved 1048576K
}
{Heap before GC invocations=532 (full 1):
 PSYoungGen      total 71680K, used 70464K [0x00000000fb800000, 0x0000000100000000, 0x0000000100000000)
  eden space 69632K, 100% used [0x00000000fb800000,0x00000000ffc00000,0x00000000ffc00000)
  from space 2048K, 40% used [0x00000000ffe00000,0x00000000ffed0000,0x0000000100000000)
  to   space 2048K, 0% used [0x00000000ffc00000,0x00000000ffc00000,0x00000000ffe00000)
 ParOldGen       total 114688K, used 67170K [0x00000000f4800000, 0x00000000fb800000, 0x00000000fb800000)
  object space 114688K, 58% used [0x00000000f4800000,0x00000000f8998b98,0x00000000fb800000)
 Metaspace       used 75138K, capacity 79248K, committed 79744K, reserved 1118208K
  class space    used 9477K, capacity 10201K, committed 10368K, reserved 1048576K
2024-06-11T21:16:25.638+0800: 2244.852: [GC (Allocation Failure) [PSYoungGen: 70464K->800K(71680K)] 137634K->68050K(186368K), 0.0048411 secs] [Times: user=0.01 sys=0.00, real=0.01 secs] 
Heap after GC invocations=532 (full 1):
 PSYoungGen      total 71680K, used 800K [0x00000000fb800000, 0x0000000100000000, 0x0000000100000000)
  eden space 69632K, 0% used [0x00000000fb800000,0x00000000fb800000,0x00000000ffc00000)
  from space 2048K, 39% used [0x00000000ffc00000,0x00000000ffcc8000,0x00000000ffe00000)
  to   space 2048K, 0% used [0x00000000ffe00000,0x00000000ffe00000,0x0000000100000000)
 ParOldGen       total 114688K, used 67250K [0x00000000f4800000, 0x00000000fb800000, 0x00000000fb800000)
  object space 114688K, 58% used [0x00000000f4800000,0x00000000f89acb98,0x00000000fb800000)
 Metaspace       used 75138K, capacity 79248K, committed 79744K, reserved 1118208K
  class space    used 9477K, capacity 10201K, committed 10368K, reserved 1048576K
}
{Heap before GC invocations=533 (full 1):
 PSYoungGen      total 71680K, used 70432K [0x00000000fb800000, 0x0000000100000000, 0x0000000100000000)
  eden space 69632K, 100% used [0x00000000fb800000,0x00000000ffc00000,0x00000000ffc00000)
  from space 2048K, 39% used [0x00000000ffc00000,0x00000000ffcc8000,0x00000000ffe00000)
  to   space 2048K, 0% used [0x00000000ffe00000,0x00000000ffe00000,0x0000000100000000)
 ParOldGen       total 114688K, used 67250K [0x00000000f4800000, 0x00000000fb800000, 0x00000000fb800000)
  object space 114688K, 58% used [0x00000000f4800000,0x00000000f89acb98,0x00000000fb800000)
 Metaspace       used 75138K, capacity 79248K, committed 79744K, reserved 1118208K
  class space    used 9477K, capacity 10201K, committed 10368K, reserved 1048576K
2024-06-11T21:16:30.016+0800: 2249.229: [GC (Allocation Failure) [PSYoungGen: 70432K->832K(71680K)] 137682K->68162K(186368K), 0.0051712 secs] [Times: user=0.01 sys=0.00, real=0.01 secs] 
Heap after GC invocations=533 (full 1):
 PSYoungGen      total 71680K, used 832K [0x00000000fb800000, 0x0000000100000000, 0x0000000100000000)
  eden space 69632K, 0% used [0x00000000fb800000,0x00000000fb800000,0x00000000ffc00000)
  from space 2048K, 40% used [0x00000000ffe00000,0x00000000ffed0000,0x0000000100000000)
  to   space 2048K, 0% used [0x00000000ffc00000,0x00000000ffc00000,0x00000000ffe00000)
 ParOldGen       total 114688K, used 67330K [0x00000000f4800000, 0x00000000fb800000, 0x00000000fb800000)
  object space 114688K, 58% used [0x00000000f4800000,0x00000000f89c0b98,0x00000000fb800000)
 Metaspace       used 75138K, capacity 79248K, committed 79744K, reserved 1118208K
  class space    used 9477K, capacity 10201K, committed 10368K, reserved 1048576K
}
{Heap before GC invocations=534 (full 1):
 PSYoungGen      total 71680K, used 70464K [0x00000000fb800000, 0x0000000100000000, 0x0000000100000000)
  eden space 69632K, 100% used [0x00000000fb800000,0x00000000ffc00000,0x00000000ffc00000)
  from space 2048K, 40% used [0x00000000ffe00000,0x00000000ffed0000,0x0000000100000000)
  to   space 2048K, 0% used [0x00000000ffc00000,0x00000000ffc00000,0x00000000ffe00000)
 ParOldGen       total 114688K, used 67330K [0x00000000f4800000, 0x00000000fb800000, 0x00000000fb800000)
  object space 114688K, 58% used [0x00000000f4800000,0x00000000f89c0b98,0x00000000fb800000)
 Metaspace       used 75138K, capacity 79248K, committed 79744K, reserved 1118208K
  class space    used 9477K, capacity 10201K, committed 10368K, reserved 1048576K
2024-06-11T21:16:34.317+0800: 2253.530: [GC (Allocation Failure) [PSYoungGen: 70464K->800K(71680K)] 137794K->68210K(186368K), 0.0064177 secs] [Times: user=0.01 sys=0.00, real=0.01 secs] 
Heap after GC invocations=534 (full 1):
 PSYoungGen      total 71680K, used 800K [0x00000000fb800000, 0x0000000100000000, 0x0000000100000000)
  eden space 69632K, 0% used [0x00000000fb800000,0x00000000fb800000,0x00000000ffc00000)
  from space 2048K, 39% used [0x00000000ffc00000,0x00000000ffcc8000,0x00000000ffe00000)
  to   space 2048K, 0% used [0x00000000ffe00000,0x00000000ffe00000,0x0000000100000000)
 ParOldGen       total 114688K, used 67410K [0x00000000f4800000, 0x00000000fb800000, 0x00000000fb800000)
  object space 114688K, 58% used [0x00000000f4800000,0x00000000f89d4b98,0x00000000fb800000)
 Metaspace       used 75138K, capacity 79248K, committed 79744K, reserved 1118208K
  class space    used 9477K, capacity 10201K, committed 10368K, reserved 1048576K
}
{Heap before GC invocations=535 (full 1):
 PSYoungGen      total 71680K, used 70432K [0x00000000fb800000, 0x0000000100000000, 0x0000000100000000)
  eden space 69632K, 100% used [0x00000000fb800000,0x00000000ffc00000,0x00000000ffc00000)
  from space 2048K, 39% used [0x00000000ffc00000,0x00000000ffcc8000,0x00000000ffe00000)
  to   space 2048K, 0% used [0x00000000ffe00000,0x00000000ffe00000,0x0000000100000000)
 ParOldGen       total 114688K, used 67410K [0x00000000f4800000, 0x00000000fb800000, 0x00000000fb800000)
  object space 114688K, 58% used [0x00000000f4800000,0x00000000f89d4b98,0x00000000fb800000)
 Metaspace       used 75138K, capacity 79248K, committed 79744K, reserved 1118208K
  class space    used 9477K, capacity 10201K, committed 10368K, reserved 1048576K
2024-06-11T21:16:38.654+0800: 2257.867: [GC (Allocation Failure) [PSYoungGen: 70432K->768K(71680K)] 137842K->68258K(186368K), 0.0057333 secs] [Times: user=0.01 sys=0.00, real=0.00 secs] 
Heap after GC invocations=535 (full 1):
 PSYoungGen      total 71680K, used 768K [0x00000000fb800000, 0x0000000100000000, 0x0000000100000000)
  eden space 69632K, 0% used [0x00000000fb800000,0x00000000fb800000,0x00000000ffc00000)
  from space 2048K, 37% used [0x00000000ffe00000,0x00000000ffec0000,0x0000000100000000)
  to   space 2048K, 0% used [0x00000000ffc00000,0x00000000ffc00000,0x00000000ffe00000)
 ParOldGen       total 114688K, used 67490K [0x00000000f4800000, 0x00000000fb800000, 0x00000000fb800000)
  object space 114688K, 58% used [0x00000000f4800000,0x00000000f89e8b98,0x00000000fb800000)
 Metaspace       used 75138K, capacity 79248K, committed 79744K, reserved 1118208K
  class space    used 9477K, capacity 10201K, committed 10368K, reserved 1048576K
}
{Heap before GC invocations=536 (full 1):
 PSYoungGen      total 71680K, used 70400K [0x00000000fb800000, 0x0000000100000000, 0x0000000100000000)
  eden space 69632K, 100% used [0x00000000fb800000,0x00000000ffc00000,0x00000000ffc00000)
  from space 2048K, 37% used [0x00000000ffe00000,0x00000000ffec0000,0x0000000100000000)
  to   space 2048K, 0% used [0x00000000ffc00000,0x00000000ffc00000,0x00000000ffe00000)
 ParOldGen       total 114688K, used 67490K [0x00000000f4800000, 0x00000000fb800000, 0x00000000fb800000)
  object space 114688K, 58% used [0x00000000f4800000,0x00000000f89e8b98,0x00000000fb800000)
 Metaspace       used 75138K, capacity 79248K, committed 79744K, reserved 1118208K
  class space    used 9477K, capacity 10201K, committed 10368K, reserved 1048576K
2024-06-11T21:16:43.028+0800: 2262.241: [GC (Allocation Failure) [PSYoungGen: 70400K->832K(71680K)] 137890K->68402K(186368K), 0.0047828 secs] [Times: user=0.01 sys=0.00, real=0.01 secs] 
Heap after GC invocations=536 (full 1):
 PSYoungGen      total 71680K, used 832K [0x00000000fb800000, 0x0000000100000000, 0x0000000100000000)
  eden space 69632K, 0% used [0x00000000fb800000,0x00000000fb800000,0x00000000ffc00000)
  from space 2048K, 40% used [0x00000000ffc00000,0x00000000ffcd0000,0x00000000ffe00000)
  to   space 2048K, 0% used [0x00000000ffe00000,0x00000000ffe00000,0x0000000100000000)
 ParOldGen       total 114688K, used 67570K [0x00000000f4800000, 0x00000000fb800000, 0x00000000fb800000)
  object space 114688K, 58% used [0x00000000f4800000,0x00000000f89fcb98,0x00000000fb800000)
 Metaspace       used 75138K, capacity 79248K, committed 79744K, reserved 1118208K
  class space    used 9477K, capacity 10201K, committed 10368K, reserved 1048576K
}
{Heap before GC invocations=537 (full 1):
 PSYoungGen      total 71680K, used 70464K [0x00000000fb800000, 0x0000000100000000, 0x0000000100000000)
  eden space 69632K, 100% used [0x00000000fb800000,0x00000000ffc00000,0x00000000ffc00000)
  from space 2048K, 40% used [0x00000000ffc00000,0x00000000ffcd0000,0x00000000ffe00000)
  to   space 2048K, 0% used [0x00000000ffe00000,0x00000000ffe00000,0x0000000100000000)
 ParOldGen       total 114688K, used 67570K [0x00000000f4800000, 0x00000000fb800000, 0x00000000fb800000)
  object space 114688K, 58% used [0x00000000f4800000,0x00000000f89fcb98,0x00000000fb800000)
 Metaspace       used 75138K, capacity 79248K, committed 79744K, reserved 1118208K
  class space    used 9477K, capacity 10201K, committed 10368K, reserved 1048576K
2024-06-11T21:16:47.376+0800: 2266.589: [GC (Allocation Failure) [PSYoungGen: 70464K->800K(71680K)] 138034K->68458K(186368K), 0.0047310 secs] [Times: user=0.01 sys=0.00, real=0.01 secs] 
Heap after GC invocations=537 (full 1):
 PSYoungGen      total 71680K, used 800K [0x00000000fb800000, 0x0000000100000000, 0x0000000100000000)
  eden space 69632K, 0% used [0x00000000fb800000,0x00000000fb800000,0x00000000ffc00000)
  from space 2048K, 39% used [0x00000000ffe00000,0x00000000ffec8000,0x0000000100000000)
  to   space 2048K, 0% used [0x00000000ffc00000,0x00000000ffc00000,0x00000000ffe00000)
 ParOldGen       total 114688K, used 67658K [0x00000000f4800000, 0x00000000fb800000, 0x00000000fb800000)
  object space 114688K, 58% used [0x00000000f4800000,0x00000000f8a12b98,0x00000000fb800000)
 Metaspace       used 75138K, capacity 79248K, committed 79744K, reserved 1118208K
  class space    used 9477K, capacity 10201K, committed 10368K, reserved 1048576K
}
{Heap before GC invocations=538 (full 1):
 PSYoungGen      total 71680K, used 70432K [0x00000000fb800000, 0x0000000100000000, 0x0000000100000000)
  eden space 69632K, 100% used [0x00000000fb800000,0x00000000ffc00000,0x00000000ffc00000)
  from space 2048K, 39% used [0x00000000ffe00000,0x00000000ffec8000,0x0000000100000000)
  to   space 2048K, 0% used [0x00000000ffc00000,0x00000000ffc00000,0x00000000ffe00000)
 ParOldGen       total 114688K, used 67658K [0x00000000f4800000, 0x00000000fb800000, 0x00000000fb800000)
  object space 114688K, 58% used [0x00000000f4800000,0x00000000f8a12b98,0x00000000fb800000)
 Metaspace       used 75138K, capacity 79248K, committed 79744K, reserved 1118208K
  class space    used 9477K, capacity 10201K, committed 10368K, reserved 1048576K
2024-06-11T21:16:51.736+0800: 2270.949: [GC (Allocation Failure) [PSYoungGen: 70432K->832K(71680K)] 138090K->68562K(186368K), 0.0056329 secs] [Times: user=0.01 sys=0.00, real=0.01 secs] 
Heap after GC invocations=538 (full 1):
 PSYoungGen      total 71680K, used 832K [0x00000000fb800000, 0x0000000100000000, 0x0000000100000000)
  eden space 69632K, 0% used [0x00000000fb800000,0x00000000fb800000,0x00000000ffc00000)
  from space 2048K, 40% used [0x00000000ffc00000,0x00000000ffcd0000,0x00000000ffe00000)
  to   space 2048K, 0% used [0x00000000ffe00000,0x00000000ffe00000,0x0000000100000000)
 ParOldGen       total 114688K, used 67730K [0x00000000f4800000, 0x00000000fb800000, 0x00000000fb800000)
  object space 114688K, 59% used [0x00000000f4800000,0x00000000f8a24b98,0x00000000fb800000)
 Metaspace       used 75138K, capacity 79248K, committed 79744K, reserved 1118208K
  class space    used 9477K, capacity 10201K, committed 10368K, reserved 1048576K
}
{Heap before GC invocations=539 (full 1):
 PSYoungGen      total 71680K, used 70464K [0x00000000fb800000, 0x0000000100000000, 0x0000000100000000)
  eden space 69632K, 100% used [0x00000000fb800000,0x00000000ffc00000,0x00000000ffc00000)
  from space 2048K, 40% used [0x00000000ffc00000,0x00000000ffcd0000,0x00000000ffe00000)
  to   space 2048K, 0% used [0x00000000ffe00000,0x00000000ffe00000,0x0000000100000000)
 ParOldGen       total 114688K, used 67730K [0x00000000f4800000, 0x00000000fb800000, 0x00000000fb800000)
  object space 114688K, 59% used [0x00000000f4800000,0x00000000f8a24b98,0x00000000fb800000)
 Metaspace       used 75138K, capacity 79248K, committed 79744K, reserved 1118208K
  class space    used 9477K, capacity 10201K, committed 10368K, reserved 1048576K
2024-06-11T21:16:56.064+0800: 2275.278: [GC (Allocation Failure) [PSYoungGen: 70464K->832K(72192K)] 138194K->68650K(186880K), 0.0071548 secs] [Times: user=0.01 sys=0.00, real=0.01 secs] 
Heap after GC invocations=539 (full 1):
 PSYoungGen      total 72192K, used 832K [0x00000000fb800000, 0x0000000100000000, 0x0000000100000000)
  eden space 70144K, 0% used [0x00000000fb800000,0x00000000fb800000,0x00000000ffc80000)
  from space 2048K, 40% used [0x00000000ffe00000,0x00000000ffed0000,0x0000000100000000)
  to   space 1536K, 0% used [0x00000000ffc80000,0x00000000ffc80000,0x00000000ffe00000)
 ParOldGen       total 114688K, used 67818K [0x00000000f4800000, 0x00000000fb800000, 0x00000000fb800000)
  object space 114688K, 59% used [0x00000000f4800000,0x00000000f8a3ab98,0x00000000fb800000)
 Metaspace       used 75138K, capacity 79248K, committed 79744K, reserved 1118208K
  class space    used 9477K, capacity 10201K, committed 10368K, reserved 1048576K
}
{Heap before GC invocations=540 (full 1):
 PSYoungGen      total 72192K, used 70976K [0x00000000fb800000, 0x0000000100000000, 0x0000000100000000)
  eden space 70144K, 100% used [0x00000000fb800000,0x00000000ffc80000,0x00000000ffc80000)
  from space 2048K, 40% used [0x00000000ffe00000,0x00000000ffed0000,0x0000000100000000)
  to   space 1536K, 0% used [0x00000000ffc80000,0x00000000ffc80000,0x00000000ffe00000)
 ParOldGen       total 114688K, used 67818K [0x00000000f4800000, 0x00000000fb800000, 0x00000000fb800000)
  object space 114688K, 59% used [0x00000000f4800000,0x00000000f8a3ab98,0x00000000fb800000)
 Metaspace       used 75138K, capacity 79248K, committed 79744K, reserved 1118208K
  class space    used 9477K, capacity 10201K, committed 10368K, reserved 1048576K
2024-06-11T21:17:00.601+0800: 2279.815: [GC (Allocation Failure) [PSYoungGen: 70976K->832K(71680K)] 138794K->68730K(186368K), 0.0047758 secs] [Times: user=0.01 sys=0.00, real=0.00 secs] 
Heap after GC invocations=540 (full 1):
 PSYoungGen      total 71680K, used 832K [0x00000000fb800000, 0x0000000100000000, 0x0000000100000000)
  eden space 70144K, 0% used [0x00000000fb800000,0x00000000fb800000,0x00000000ffc80000)
  from space 1536K, 54% used [0x00000000ffc80000,0x00000000ffd50000,0x00000000ffe00000)
  to   space 1536K, 0% used [0x00000000ffe80000,0x00000000ffe80000,0x0000000100000000)
 ParOldGen       total 114688K, used 67898K [0x00000000f4800000, 0x00000000fb800000, 0x00000000fb800000)
  object space 114688K, 59% used [0x00000000f4800000,0x00000000f8a4eb98,0x00000000fb800000)
 Metaspace       used 75138K, capacity 79248K, committed 79744K, reserved 1118208K
  class space    used 9477K, capacity 10201K, committed 10368K, reserved 1048576K
}
{Heap before GC invocations=541 (full 1):
 PSYoungGen      total 71680K, used 70976K [0x00000000fb800000, 0x0000000100000000, 0x0000000100000000)
  eden space 70144K, 100% used [0x00000000fb800000,0x00000000ffc80000,0x00000000ffc80000)
  from space 1536K, 54% used [0x00000000ffc80000,0x00000000ffd50000,0x00000000ffe00000)
  to   space 1536K, 0% used [0x00000000ffe80000,0x00000000ffe80000,0x0000000100000000)
 ParOldGen       total 114688K, used 67898K [0x00000000f4800000, 0x00000000fb800000, 0x00000000fb800000)
  object space 114688K, 59% used [0x00000000f4800000,0x00000000f8a4eb98,0x00000000fb800000)
 Metaspace       used 75138K, capacity 79248K, committed 79744K, reserved 1118208K
  class space    used 9477K, capacity 10201K, committed 10368K, reserved 1048576K
2024-06-11T21:17:04.815+0800: 2284.028: [GC (Allocation Failure) [PSYoungGen: 70976K->800K(72192K)] 138874K->68786K(186880K), 0.0049739 secs] [Times: user=0.01 sys=0.00, real=0.00 secs] 
Heap after GC invocations=541 (full 1):
 PSYoungGen      total 72192K, used 800K [0x00000000fb800000, 0x0000000100000000, 0x0000000100000000)
  eden space 70656K, 0% used [0x00000000fb800000,0x00000000fb800000,0x00000000ffd00000)
  from space 1536K, 52% used [0x00000000ffe80000,0x00000000fff48000,0x0000000100000000)
  to   space 1536K, 0% used [0x00000000ffd00000,0x00000000ffd00000,0x00000000ffe80000)
 ParOldGen       total 114688K, used 67986K [0x00000000f4800000, 0x00000000fb800000, 0x00000000fb800000)
  object space 114688K, 59% used [0x00000000f4800000,0x00000000f8a64b98,0x00000000fb800000)
 Metaspace       used 75138K, capacity 79248K, committed 79744K, reserved 1118208K
  class space    used 9477K, capacity 10201K, committed 10368K, reserved 1048576K
}
{Heap before GC invocations=542 (full 1):
 PSYoungGen      total 72192K, used 71456K [0x00000000fb800000, 0x0000000100000000, 0x0000000100000000)
  eden space 70656K, 100% used [0x00000000fb800000,0x00000000ffd00000,0x00000000ffd00000)
  from space 1536K, 52% used [0x00000000ffe80000,0x00000000fff48000,0x0000000100000000)
  to   space 1536K, 0% used [0x00000000ffd00000,0x00000000ffd00000,0x00000000ffe80000)
 ParOldGen       total 114688K, used 67986K [0x00000000f4800000, 0x00000000fb800000, 0x00000000fb800000)
  object space 114688K, 59% used [0x00000000f4800000,0x00000000f8a64b98,0x00000000fb800000)
 Metaspace       used 75138K, capacity 79248K, committed 79744K, reserved 1118208K
  class space    used 9477K, capacity 10201K, committed 10368K, reserved 1048576K
2024-06-11T21:17:09.090+0800: 2288.303: [GC (Allocation Failure) [PSYoungGen: 71456K->1536K(72192K)] 139442K->70346K(186880K), 0.0079505 secs] [Times: user=0.01 sys=0.00, real=0.01 secs] 
Heap after GC invocations=542 (full 1):
 PSYoungGen      total 72192K, used 1536K [0x00000000fb800000, 0x0000000100000000, 0x0000000100000000)
  eden space 70656K, 0% used [0x00000000fb800000,0x00000000fb800000,0x00000000ffd00000)
  from space 1536K, 100% used [0x00000000ffd00000,0x00000000ffe80000,0x00000000ffe80000)
  to   space 1536K, 0% used [0x00000000ffe80000,0x00000000ffe80000,0x0000000100000000)
 ParOldGen       total 114688K, used 68810K [0x00000000f4800000, 0x00000000fb800000, 0x00000000fb800000)
  object space 114688K, 59% used [0x00000000f4800000,0x00000000f8b32b98,0x00000000fb800000)
 Metaspace       used 75138K, capacity 79248K, committed 79744K, reserved 1118208K
  class space    used 9477K, capacity 10201K, committed 10368K, reserved 1048576K
}
{Heap before GC invocations=543 (full 1):
 PSYoungGen      total 72192K, used 72192K [0x00000000fb800000, 0x0000000100000000, 0x0000000100000000)
  eden space 70656K, 100% used [0x00000000fb800000,0x00000000ffd00000,0x00000000ffd00000)
  from space 1536K, 100% used [0x00000000ffd00000,0x00000000ffe80000,0x00000000ffe80000)
  to   space 1536K, 0% used [0x00000000ffe80000,0x00000000ffe80000,0x0000000100000000)
 ParOldGen       total 114688K, used 68810K [0x00000000f4800000, 0x00000000fb800000, 0x00000000fb800000)
  object space 114688K, 59% used [0x00000000f4800000,0x00000000f8b32b98,0x00000000fb800000)
 Metaspace       used 75138K, capacity 79248K, committed 79744K, reserved 1118208K
  class space    used 9477K, capacity 10201K, committed 10368K, reserved 1048576K
2024-06-11T21:17:13.476+0800: 2292.689: [GC (Allocation Failure) [PSYoungGen: 72192K->1216K(71168K)] 141002K->71474K(185856K), 0.0070626 secs] [Times: user=0.01 sys=0.00, real=0.01 secs] 
Heap after GC invocations=543 (full 1):
 PSYoungGen      total 71168K, used 1216K [0x00000000fb800000, 0x0000000100000000, 0x0000000100000000)
  eden space 69632K, 0% used [0x00000000fb800000,0x00000000fb800000,0x00000000ffc00000)
  from space 1536K, 79% used [0x00000000ffe80000,0x00000000fffb0000,0x0000000100000000)
  to   space 2048K, 0% used [0x00000000ffc00000,0x00000000ffc00000,0x00000000ffe00000)
 ParOldGen       total 114688K, used 70258K [0x00000000f4800000, 0x00000000fb800000, 0x00000000fb800000)
  object space 114688K, 61% used [0x00000000f4800000,0x00000000f8c9cb98,0x00000000fb800000)
 Metaspace       used 75138K, capacity 79248K, committed 79744K, reserved 1118208K
  class space    used 9477K, capacity 10201K, committed 10368K, reserved 1048576K
}
{Heap before GC invocations=544 (full 1):
 PSYoungGen      total 71168K, used 70848K [0x00000000fb800000, 0x0000000100000000, 0x0000000100000000)
  eden space 69632K, 100% used [0x00000000fb800000,0x00000000ffc00000,0x00000000ffc00000)
  from space 1536K, 79% used [0x00000000ffe80000,0x00000000fffb0000,0x0000000100000000)
  to   space 2048K, 0% used [0x00000000ffc00000,0x00000000ffc00000,0x00000000ffe00000)
 ParOldGen       total 114688K, used 70258K [0x00000000f4800000, 0x00000000fb800000, 0x00000000fb800000)
  object space 114688K, 61% used [0x00000000f4800000,0x00000000f8c9cb98,0x00000000fb800000)
 Metaspace       used 75139K, capacity 79252K, committed 79744K, reserved 1118208K
  class space    used 9477K, capacity 10201K, committed 10368K, reserved 1048576K
2024-06-11T21:17:17.667+0800: 2296.880: [GC (Allocation Failure) [PSYoungGen: 70848K->832K(71680K)] 141106K->71594K(186368K), 0.0053871 secs] [Times: user=0.01 sys=0.00, real=0.01 secs] 
Heap after GC invocations=544 (full 1):
 PSYoungGen      total 71680K, used 832K [0x00000000fb800000, 0x0000000100000000, 0x0000000100000000)
  eden space 69632K, 0% used [0x00000000fb800000,0x00000000fb800000,0x00000000ffc00000)
  from space 2048K, 40% used [0x00000000ffc00000,0x00000000ffcd0000,0x00000000ffe00000)
  to   space 2048K, 0% used [0x00000000ffe00000,0x00000000ffe00000,0x0000000100000000)
 ParOldGen       total 114688K, used 70762K [0x00000000f4800000, 0x00000000fb800000, 0x00000000fb800000)
  object space 114688K, 61% used [0x00000000f4800000,0x00000000f8d1ab98,0x00000000fb800000)
 Metaspace       used 75139K, capacity 79252K, committed 79744K, reserved 1118208K
  class space    used 9477K, capacity 10201K, committed 10368K, reserved 1048576K
}
{Heap before GC invocations=545 (full 1):
 PSYoungGen      total 71680K, used 70464K [0x00000000fb800000, 0x0000000100000000, 0x0000000100000000)
  eden space 69632K, 100% used [0x00000000fb800000,0x00000000ffc00000,0x00000000ffc00000)
  from space 2048K, 40% used [0x00000000ffc00000,0x00000000ffcd0000,0x00000000ffe00000)
  to   space 2048K, 0% used [0x00000000ffe00000,0x00000000ffe00000,0x0000000100000000)
 ParOldGen       total 114688K, used 70762K [0x00000000f4800000, 0x00000000fb800000, 0x00000000fb800000)
  object space 114688K, 61% used [0x00000000f4800000,0x00000000f8d1ab98,0x00000000fb800000)
 Metaspace       used 75139K, capacity 79252K, committed 79744K, reserved 1118208K
  class space    used 9477K, capacity 10201K, committed 10368K, reserved 1048576K
2024-06-11T21:17:22.074+0800: 2301.287: [GC (Allocation Failure) [PSYoungGen: 70464K->800K(71680K)] 141226K->71654K(186368K), 0.0047481 secs] [Times: user=0.01 sys=0.00, real=0.00 secs] 
Heap after GC invocations=545 (full 1):
 PSYoungGen      total 71680K, used 800K [0x00000000fb800000, 0x0000000100000000, 0x0000000100000000)
  eden space 69632K, 0% used [0x00000000fb800000,0x00000000fb800000,0x00000000ffc00000)
  from space 2048K, 39% used [0x00000000ffe00000,0x00000000ffec8000,0x0000000100000000)
  to   space 2048K, 0% used [0x00000000ffc00000,0x00000000ffc00000,0x00000000ffe00000)
 ParOldGen       total 114688K, used 70854K [0x00000000f4800000, 0x00000000fb800000, 0x00000000fb800000)
  object space 114688K, 61% used [0x00000000f4800000,0x00000000f8d31ba8,0x00000000fb800000)
 Metaspace       used 75139K, capacity 79252K, committed 79744K, reserved 1118208K
  class space    used 9477K, capacity 10201K, committed 10368K, reserved 1048576K
}
{Heap before GC invocations=546 (full 1):
 PSYoungGen      total 71680K, used 70432K [0x00000000fb800000, 0x0000000100000000, 0x0000000100000000)
  eden space 69632K, 100% used [0x00000000fb800000,0x00000000ffc00000,0x00000000ffc00000)
  from space 2048K, 39% used [0x00000000ffe00000,0x00000000ffec8000,0x0000000100000000)
  to   space 2048K, 0% used [0x00000000ffc00000,0x00000000ffc00000,0x00000000ffe00000)
 ParOldGen       total 114688K, used 70854K [0x00000000f4800000, 0x00000000fb800000, 0x00000000fb800000)
  object space 114688K, 61% used [0x00000000f4800000,0x00000000f8d31ba8,0x00000000fb800000)
 Metaspace       used 75139K, capacity 79252K, committed 79744K, reserved 1118208K
  class space    used 9477K, capacity 10201K, committed 10368K, reserved 1048576K
2024-06-11T21:17:26.300+0800: 2305.513: [GC (Allocation Failure) [PSYoungGen: 70432K->1326K(71680K)] 141286K->72269K(186368K), 0.0050517 secs] [Times: user=0.01 sys=0.00, real=0.01 secs] 
Heap after GC invocations=546 (full 1):
 PSYoungGen      total 71680K, used 1326K [0x00000000fb800000, 0x0000000100000000, 0x0000000100000000)
  eden space 69632K, 0% used [0x00000000fb800000,0x00000000fb800000,0x00000000ffc00000)
  from space 2048K, 64% used [0x00000000ffc00000,0x00000000ffd4b860,0x00000000ffe00000)
  to   space 2048K, 0% used [0x00000000ffe00000,0x00000000ffe00000,0x0000000100000000)
 ParOldGen       total 114688K, used 70942K [0x00000000f4800000, 0x00000000fb800000, 0x00000000fb800000)
  object space 114688K, 61% used [0x00000000f4800000,0x00000000f8d47ba8,0x00000000fb800000)
 Metaspace       used 75139K, capacity 79252K, committed 79744K, reserved 1118208K
  class space    used 9477K, capacity 10201K, committed 10368K, reserved 1048576K
}
{Heap before GC invocations=547 (full 1):
 PSYoungGen      total 71680K, used 70958K [0x00000000fb800000, 0x0000000100000000, 0x0000000100000000)
  eden space 69632K, 100% used [0x00000000fb800000,0x00000000ffc00000,0x00000000ffc00000)
  from space 2048K, 64% used [0x00000000ffc00000,0x00000000ffd4b860,0x00000000ffe00000)
  to   space 2048K, 0% used [0x00000000ffe00000,0x00000000ffe00000,0x0000000100000000)
 ParOldGen       total 114688K, used 70942K [0x00000000f4800000, 0x00000000fb800000, 0x00000000fb800000)
  object space 114688K, 61% used [0x00000000f4800000,0x00000000f8d47ba8,0x00000000fb800000)
 Metaspace       used 75139K, capacity 79252K, committed 79744K, reserved 1118208K
  class space    used 9477K, capacity 10201K, committed 10368K, reserved 1048576K
2024-06-11T21:17:30.845+0800: 2310.058: [GC (Allocation Failure) [PSYoungGen: 70958K->800K(71680K)] 141901K->71814K(186368K), 0.0056780 secs] [Times: user=0.00 sys=0.00, real=0.01 secs] 
Heap after GC invocations=547 (full 1):
 PSYoungGen      total 71680K, used 800K [0x00000000fb800000, 0x0000000100000000, 0x0000000100000000)
  eden space 69632K, 0% used [0x00000000fb800000,0x00000000fb800000,0x00000000ffc00000)
  from space 2048K, 39% used [0x00000000ffe00000,0x00000000ffec8000,0x0000000100000000)
  to   space 2048K, 0% used [0x00000000ffc00000,0x00000000ffc00000,0x00000000ffe00000)
 ParOldGen       total 114688K, used 71014K [0x00000000f4800000, 0x00000000fb800000, 0x00000000fb800000)
  object space 114688K, 61% used [0x00000000f4800000,0x00000000f8d59ba8,0x00000000fb800000)
 Metaspace       used 75139K, capacity 79252K, committed 79744K, reserved 1118208K
  class space    used 9477K, capacity 10201K, committed 10368K, reserved 1048576K
}
{Heap before GC invocations=548 (full 1):
 PSYoungGen      total 71680K, used 70432K [0x00000000fb800000, 0x0000000100000000, 0x0000000100000000)
  eden space 69632K, 100% used [0x00000000fb800000,0x00000000ffc00000,0x00000000ffc00000)
  from space 2048K, 39% used [0x00000000ffe00000,0x00000000ffec8000,0x0000000100000000)
  to   space 2048K, 0% used [0x00000000ffc00000,0x00000000ffc00000,0x00000000ffe00000)
 ParOldGen       total 114688K, used 71014K [0x00000000f4800000, 0x00000000fb800000, 0x00000000fb800000)
  object space 114688K, 61% used [0x00000000f4800000,0x00000000f8d59ba8,0x00000000fb800000)
 Metaspace       used 75139K, capacity 79252K, committed 79744K, reserved 1118208K
  class space    used 9477K, capacity 10201K, committed 10368K, reserved 1048576K
2024-06-11T21:17:35.139+0800: 2314.353: [GC (Allocation Failure) [PSYoungGen: 70432K->832K(71680K)] 141446K->71934K(186368K), 0.0053972 secs] [Times: user=0.00 sys=0.00, real=0.01 secs] 
Heap after GC invocations=548 (full 1):
 PSYoungGen      total 71680K, used 832K [0x00000000fb800000, 0x0000000100000000, 0x0000000100000000)
  eden space 69632K, 0% used [0x00000000fb800000,0x00000000fb800000,0x00000000ffc00000)
  from space 2048K, 40% used [0x00000000ffc00000,0x00000000ffcd0000,0x00000000ffe00000)
  to   space 2048K, 0% used [0x00000000ffe00000,0x00000000ffe00000,0x0000000100000000)
 ParOldGen       total 114688K, used 71102K [0x00000000f4800000, 0x00000000fb800000, 0x00000000fb800000)
  object space 114688K, 61% used [0x00000000f4800000,0x00000000f8d6fba8,0x00000000fb800000)
 Metaspace       used 75139K, capacity 79252K, committed 79744K, reserved 1118208K
  class space    used 9477K, capacity 10201K, committed 10368K, reserved 1048576K
}
{Heap before GC invocations=549 (full 1):
 PSYoungGen      total 71680K, used 70464K [0x00000000fb800000, 0x0000000100000000, 0x0000000100000000)
  eden space 69632K, 100% used [0x00000000fb800000,0x00000000ffc00000,0x00000000ffc00000)
  from space 2048K, 40% used [0x00000000ffc00000,0x00000000ffcd0000,0x00000000ffe00000)
  to   space 2048K, 0% used [0x00000000ffe00000,0x00000000ffe00000,0x0000000100000000)
 ParOldGen       total 114688K, used 71102K [0x00000000f4800000, 0x00000000fb800000, 0x00000000fb800000)
  object space 114688K, 61% used [0x00000000f4800000,0x00000000f8d6fba8,0x00000000fb800000)
 Metaspace       used 75140K, capacity 79252K, committed 79744K, reserved 1118208K
  class space    used 9477K, capacity 10201K, committed 10368K, reserved 1048576K
2024-06-11T21:17:39.568+0800: 2318.781: [GC (Allocation Failure) [PSYoungGen: 70464K->800K(71680K)] 141566K->71982K(186368K), 0.0047151 secs] [Times: user=0.00 sys=0.00, real=0.01 secs] 
Heap after GC invocations=549 (full 1):
 PSYoungGen      total 71680K, used 800K [0x00000000fb800000, 0x0000000100000000, 0x0000000100000000)
  eden space 69632K, 0% used [0x00000000fb800000,0x00000000fb800000,0x00000000ffc00000)
  from space 2048K, 39% used [0x00000000ffe00000,0x00000000ffec8000,0x0000000100000000)
  to   space 2048K, 0% used [0x00000000ffc00000,0x00000000ffc00000,0x00000000ffe00000)
 ParOldGen       total 114688K, used 71182K [0x00000000f4800000, 0x00000000fb800000, 0x00000000fb800000)
  object space 114688K, 62% used [0x00000000f4800000,0x00000000f8d83ba8,0x00000000fb800000)
 Metaspace       used 75140K, capacity 79252K, committed 79744K, reserved 1118208K
  class space    used 9477K, capacity 10201K, committed 10368K, reserved 1048576K
}
{Heap before GC invocations=550 (full 1):
 PSYoungGen      total 71680K, used 70432K [0x00000000fb800000, 0x0000000100000000, 0x0000000100000000)
  eden space 69632K, 100% used [0x00000000fb800000,0x00000000ffc00000,0x00000000ffc00000)
  from space 2048K, 39% used [0x00000000ffe00000,0x00000000ffec8000,0x0000000100000000)
  to   space 2048K, 0% used [0x00000000ffc00000,0x00000000ffc00000,0x00000000ffe00000)
 ParOldGen       total 114688K, used 71182K [0x00000000f4800000, 0x00000000fb800000, 0x00000000fb800000)
  object space 114688K, 62% used [0x00000000f4800000,0x00000000f8d83ba8,0x00000000fb800000)
 Metaspace       used 75140K, capacity 79252K, committed 79744K, reserved 1118208K
  class space    used 9477K, capacity 10201K, committed 10368K, reserved 1048576K
2024-06-11T21:17:43.894+0800: 2323.108: [GC (Allocation Failure) [PSYoungGen: 70432K->832K(71680K)] 141614K->72086K(186368K), 0.0051445 secs] [Times: user=0.01 sys=0.00, real=0.00 secs] 
Heap after GC invocations=550 (full 1):
 PSYoungGen      total 71680K, used 832K [0x00000000fb800000, 0x0000000100000000, 0x0000000100000000)
  eden space 69632K, 0% used [0x00000000fb800000,0x00000000fb800000,0x00000000ffc00000)
  from space 2048K, 40% used [0x00000000ffc00000,0x00000000ffcd0000,0x00000000ffe00000)
  to   space 2048K, 0% used [0x00000000ffe00000,0x00000000ffe00000,0x0000000100000000)
 ParOldGen       total 114688K, used 71254K [0x00000000f4800000, 0x00000000fb800000, 0x00000000fb800000)
  object space 114688K, 62% used [0x00000000f4800000,0x00000000f8d95ba8,0x00000000fb800000)
 Metaspace       used 75140K, capacity 79252K, committed 79744K, reserved 1118208K
  class space    used 9477K, capacity 10201K, committed 10368K, reserved 1048576K
}
{Heap before GC invocations=551 (full 1):
 PSYoungGen      total 71680K, used 70464K [0x00000000fb800000, 0x0000000100000000, 0x0000000100000000)
  eden space 69632K, 100% used [0x00000000fb800000,0x00000000ffc00000,0x00000000ffc00000)
  from space 2048K, 40% used [0x00000000ffc00000,0x00000000ffcd0000,0x00000000ffe00000)
  to   space 2048K, 0% used [0x00000000ffe00000,0x00000000ffe00000,0x0000000100000000)
 ParOldGen       total 114688K, used 71254K [0x00000000f4800000, 0x00000000fb800000, 0x00000000fb800000)
  object space 114688K, 62% used [0x00000000f4800000,0x00000000f8d95ba8,0x00000000fb800000)
 Metaspace       used 75140K, capacity 79252K, committed 79744K, reserved 1118208K
  class space    used 9477K, capacity 10201K, committed 10368K, reserved 1048576K
2024-06-11T21:17:48.501+0800: 2327.714: [GC (Allocation Failure) [PSYoungGen: 70464K->800K(71680K)] 141718K->72134K(186368K), 0.0047140 secs] [Times: user=0.00 sys=0.00, real=0.00 secs] 
Heap after GC invocations=551 (full 1):
 PSYoungGen      total 71680K, used 800K [0x00000000fb800000, 0x0000000100000000, 0x0000000100000000)
  eden space 69632K, 0% used [0x00000000fb800000,0x00000000fb800000,0x00000000ffc00000)
  from space 2048K, 39% used [0x00000000ffe00000,0x00000000ffec8000,0x0000000100000000)
  to   space 2048K, 0% used [0x00000000ffc00000,0x00000000ffc00000,0x00000000ffe00000)
 ParOldGen       total 114688K, used 71334K [0x00000000f4800000, 0x00000000fb800000, 0x00000000fb800000)
  object space 114688K, 62% used [0x00000000f4800000,0x00000000f8da9ba8,0x00000000fb800000)
 Metaspace       used 75140K, capacity 79252K, committed 79744K, reserved 1118208K
  class space    used 9477K, capacity 10201K, committed 10368K, reserved 1048576K
}
{Heap before GC invocations=552 (full 1):
 PSYoungGen      total 71680K, used 70432K [0x00000000fb800000, 0x0000000100000000, 0x0000000100000000)
  eden space 69632K, 100% used [0x00000000fb800000,0x00000000ffc00000,0x00000000ffc00000)
  from space 2048K, 39% used [0x00000000ffe00000,0x00000000ffec8000,0x0000000100000000)
  to   space 2048K, 0% used [0x00000000ffc00000,0x00000000ffc00000,0x00000000ffe00000)
 ParOldGen       total 114688K, used 71334K [0x00000000f4800000, 0x00000000fb800000, 0x00000000fb800000)
  object space 114688K, 62% used [0x00000000f4800000,0x00000000f8da9ba8,0x00000000fb800000)
 Metaspace       used 75140K, capacity 79252K, committed 79744K, reserved 1118208K
  class space    used 9477K, capacity 10201K, committed 10368K, reserved 1048576K
2024-06-11T21:17:52.705+0800: 2331.919: [GC (Allocation Failure) [PSYoungGen: 70432K->800K(71680K)] 141766K->72222K(186368K), 0.0056562 secs] [Times: user=0.01 sys=0.00, real=0.01 secs] 
Heap after GC invocations=552 (full 1):
 PSYoungGen      total 71680K, used 800K [0x00000000fb800000, 0x0000000100000000, 0x0000000100000000)
  eden space 69632K, 0% used [0x00000000fb800000,0x00000000fb800000,0x00000000ffc00000)
  from space 2048K, 39% used [0x00000000ffc00000,0x00000000ffcc8000,0x00000000ffe00000)
  to   space 2048K, 0% used [0x00000000ffe00000,0x00000000ffe00000,0x0000000100000000)
 ParOldGen       total 114688K, used 71422K [0x00000000f4800000, 0x00000000fb800000, 0x00000000fb800000)
  object space 114688K, 62% used [0x00000000f4800000,0x00000000f8dbfba8,0x00000000fb800000)
 Metaspace       used 75140K, capacity 79252K, committed 79744K, reserved 1118208K
  class space    used 9477K, capacity 10201K, committed 10368K, reserved 1048576K
}
{Heap before GC invocations=553 (full 1):
 PSYoungGen      total 71680K, used 70432K [0x00000000fb800000, 0x0000000100000000, 0x0000000100000000)
  eden space 69632K, 100% used [0x00000000fb800000,0x00000000ffc00000,0x00000000ffc00000)
  from space 2048K, 39% used [0x00000000ffc00000,0x00000000ffcc8000,0x00000000ffe00000)
  to   space 2048K, 0% used [0x00000000ffe00000,0x00000000ffe00000,0x0000000100000000)
 ParOldGen       total 114688K, used 71422K [0x00000000f4800000, 0x00000000fb800000, 0x00000000fb800000)
  object space 114688K, 62% used [0x00000000f4800000,0x00000000f8dbfba8,0x00000000fb800000)
 Metaspace       used 75140K, capacity 79252K, committed 79744K, reserved 1118208K
  class space    used 9477K, capacity 10201K, committed 10368K, reserved 1048576K
2024-06-11T21:17:57.162+0800: 2336.375: [GC (Allocation Failure) [PSYoungGen: 70432K->832K(71680K)] 141854K->72334K(186368K), 0.0046601 secs] [Times: user=0.01 sys=0.00, real=0.00 secs] 
Heap after GC invocations=553 (full 1):
 PSYoungGen      total 71680K, used 832K [0x00000000fb800000, 0x0000000100000000, 0x0000000100000000)
  eden space 69632K, 0% used [0x00000000fb800000,0x00000000fb800000,0x00000000ffc00000)
  from space 2048K, 40% used [0x00000000ffe00000,0x00000000ffed0000,0x0000000100000000)
  to   space 2048K, 0% used [0x00000000ffc00000,0x00000000ffc00000,0x00000000ffe00000)
 ParOldGen       total 114688K, used 71502K [0x00000000f4800000, 0x00000000fb800000, 0x00000000fb800000)
  object space 114688K, 62% used [0x00000000f4800000,0x00000000f8dd3ba8,0x00000000fb800000)
 Metaspace       used 75140K, capacity 79252K, committed 79744K, reserved 1118208K
  class space    used 9477K, capacity 10201K, committed 10368K, reserved 1048576K
}
{Heap before GC invocations=554 (full 1):
 PSYoungGen      total 71680K, used 70464K [0x00000000fb800000, 0x0000000100000000, 0x0000000100000000)
  eden space 69632K, 100% used [0x00000000fb800000,0x00000000ffc00000,0x00000000ffc00000)
  from space 2048K, 40% used [0x00000000ffe00000,0x00000000ffed0000,0x0000000100000000)
  to   space 2048K, 0% used [0x00000000ffc00000,0x00000000ffc00000,0x00000000ffe00000)
 ParOldGen       total 114688K, used 71502K [0x00000000f4800000, 0x00000000fb800000, 0x00000000fb800000)
  object space 114688K, 62% used [0x00000000f4800000,0x00000000f8dd3ba8,0x00000000fb800000)
 Metaspace       used 75140K, capacity 79252K, committed 79744K, reserved 1118208K
  class space    used 9477K, capacity 10201K, committed 10368K, reserved 1048576K
2024-06-11T21:18:01.390+0800: 2340.604: [GC (Allocation Failure) [PSYoungGen: 70464K->832K(71680K)] 141966K->72414K(186368K), 0.0047903 secs] [Times: user=0.01 sys=0.00, real=0.01 secs] 
Heap after GC invocations=554 (full 1):
 PSYoungGen      total 71680K, used 832K [0x00000000fb800000, 0x0000000100000000, 0x0000000100000000)
  eden space 69632K, 0% used [0x00000000fb800000,0x00000000fb800000,0x00000000ffc00000)
  from space 2048K, 40% used [0x00000000ffc00000,0x00000000ffcd0000,0x00000000ffe00000)
  to   space 1536K, 0% used [0x00000000ffe80000,0x00000000ffe80000,0x0000000100000000)
 ParOldGen       total 114688K, used 71582K [0x00000000f4800000, 0x00000000fb800000, 0x00000000fb800000)
  object space 114688K, 62% used [0x00000000f4800000,0x00000000f8de7ba8,0x00000000fb800000)
 Metaspace       used 75140K, capacity 79252K, committed 79744K, reserved 1118208K
  class space    used 9477K, capacity 10201K, committed 10368K, reserved 1048576K
}
{Heap before GC invocations=555 (full 1):
 PSYoungGen      total 71680K, used 70464K [0x00000000fb800000, 0x0000000100000000, 0x0000000100000000)
  eden space 69632K, 100% used [0x00000000fb800000,0x00000000ffc00000,0x00000000ffc00000)
  from space 2048K, 40% used [0x00000000ffc00000,0x00000000ffcd0000,0x00000000ffe00000)
  to   space 1536K, 0% used [0x00000000ffe80000,0x00000000ffe80000,0x0000000100000000)
 ParOldGen       total 114688K, used 71582K [0x00000000f4800000, 0x00000000fb800000, 0x00000000fb800000)
  object space 114688K, 62% used [0x00000000f4800000,0x00000000f8de7ba8,0x00000000fb800000)
 Metaspace       used 75140K, capacity 79252K, committed 79744K, reserved 1118208K
  class space    used 9477K, capacity 10201K, committed 10368K, reserved 1048576K
2024-06-11T21:18:05.615+0800: 2344.828: [GC (Allocation Failure) [PSYoungGen: 70464K->832K(72192K)] 142046K->72494K(186880K), 0.0048814 secs] [Times: user=0.01 sys=0.00, real=0.00 secs] 
Heap after GC invocations=555 (full 1):
 PSYoungGen      total 72192K, used 832K [0x00000000fb800000, 0x0000000100000000, 0x0000000100000000)
  eden space 70656K, 0% used [0x00000000fb800000,0x00000000fb800000,0x00000000ffd00000)
  from space 1536K, 54% used [0x00000000ffe80000,0x00000000fff50000,0x0000000100000000)
  to   space 1536K, 0% used [0x00000000ffd00000,0x00000000ffd00000,0x00000000ffe80000)
 ParOldGen       total 114688K, used 71662K [0x00000000f4800000, 0x00000000fb800000, 0x00000000fb800000)
  object space 114688K, 62% used [0x00000000f4800000,0x00000000f8dfbba8,0x00000000fb800000)
 Metaspace       used 75140K, capacity 79252K, committed 79744K, reserved 1118208K
  class space    used 9477K, capacity 10201K, committed 10368K, reserved 1048576K
}
{Heap before GC invocations=556 (full 1):
 PSYoungGen      total 72192K, used 71488K [0x00000000fb800000, 0x0000000100000000, 0x0000000100000000)
  eden space 70656K, 100% used [0x00000000fb800000,0x00000000ffd00000,0x00000000ffd00000)
  from space 1536K, 54% used [0x00000000ffe80000,0x00000000fff50000,0x0000000100000000)
  to   space 1536K, 0% used [0x00000000ffd00000,0x00000000ffd00000,0x00000000ffe80000)
 ParOldGen       total 114688K, used 71662K [0x00000000f4800000, 0x00000000fb800000, 0x00000000fb800000)
  object space 114688K, 62% used [0x00000000f4800000,0x00000000f8dfbba8,0x00000000fb800000)
 Metaspace       used 75140K, capacity 79252K, committed 79744K, reserved 1118208K
  class space    used 9477K, capacity 10201K, committed 10368K, reserved 1048576K
2024-06-11T21:18:10.030+0800: 2349.243: [GC (Allocation Failure) [PSYoungGen: 71488K->1536K(72192K)] 143150K->74038K(186880K), 0.0070768 secs] [Times: user=0.01 sys=0.00, real=0.01 secs] 
Heap after GC invocations=556 (full 1):
 PSYoungGen      total 72192K, used 1536K [0x00000000fb800000, 0x0000000100000000, 0x0000000100000000)
  eden space 70656K, 0% used [0x00000000fb800000,0x00000000fb800000,0x00000000ffd00000)
  from space 1536K, 100% used [0x00000000ffd00000,0x00000000ffe80000,0x00000000ffe80000)
  to   space 1536K, 0% used [0x00000000ffe80000,0x00000000ffe80000,0x0000000100000000)
 ParOldGen       total 114688K, used 72502K [0x00000000f4800000, 0x00000000fb800000, 0x00000000fb800000)
  object space 114688K, 63% used [0x00000000f4800000,0x00000000f8ecdba8,0x00000000fb800000)
 Metaspace       used 75140K, capacity 79252K, committed 79744K, reserved 1118208K
  class space    used 9477K, capacity 10201K, committed 10368K, reserved 1048576K
}
{Heap before GC invocations=557 (full 1):
 PSYoungGen      total 72192K, used 72192K [0x00000000fb800000, 0x0000000100000000, 0x0000000100000000)
  eden space 70656K, 100% used [0x00000000fb800000,0x00000000ffd00000,0x00000000ffd00000)
  from space 1536K, 100% used [0x00000000ffd00000,0x00000000ffe80000,0x00000000ffe80000)
  to   space 1536K, 0% used [0x00000000ffe80000,0x00000000ffe80000,0x0000000100000000)
 ParOldGen       total 114688K, used 72502K [0x00000000f4800000, 0x00000000fb800000, 0x00000000fb800000)
  object space 114688K, 63% used [0x00000000f4800000,0x00000000f8ecdba8,0x00000000fb800000)
 Metaspace       used 75140K, capacity 79252K, committed 79744K, reserved 1118208K
  class space    used 9477K, capacity 10201K, committed 10368K, reserved 1048576K
2024-06-11T21:18:14.423+0800: 2353.636: [GC (Allocation Failure) [PSYoungGen: 72192K->1248K(71168K)] 144694K->75150K(185856K), 0.0063691 secs] [Times: user=0.01 sys=0.00, real=0.00 secs] 
Heap after GC invocations=557 (full 1):
 PSYoungGen      total 71168K, used 1248K [0x00000000fb800000, 0x0000000100000000, 0x0000000100000000)
  eden space 69632K, 0% used [0x00000000fb800000,0x00000000fb800000,0x00000000ffc00000)
  from space 1536K, 81% used [0x00000000ffe80000,0x00000000fffb8000,0x0000000100000000)
  to   space 2048K, 0% used [0x00000000ffc00000,0x00000000ffc00000,0x00000000ffe00000)
 ParOldGen       total 114688K, used 73902K [0x00000000f4800000, 0x00000000fb800000, 0x00000000fb800000)
  object space 114688K, 64% used [0x00000000f4800000,0x00000000f902bba8,0x00000000fb800000)
 Metaspace       used 75140K, capacity 79252K, committed 79744K, reserved 1118208K
  class space    used 9477K, capacity 10201K, committed 10368K, reserved 1048576K
}
{Heap before GC invocations=558 (full 1):
 PSYoungGen      total 71168K, used 70880K [0x00000000fb800000, 0x0000000100000000, 0x0000000100000000)
  eden space 69632K, 100% used [0x00000000fb800000,0x00000000ffc00000,0x00000000ffc00000)
  from space 1536K, 81% used [0x00000000ffe80000,0x00000000fffb8000,0x0000000100000000)
  to   space 2048K, 0% used [0x00000000ffc00000,0x00000000ffc00000,0x00000000ffe00000)
 ParOldGen       total 114688K, used 73902K [0x00000000f4800000, 0x00000000fb800000, 0x00000000fb800000)
  object space 114688K, 64% used [0x00000000f4800000,0x00000000f902bba8,0x00000000fb800000)
 Metaspace       used 75140K, capacity 79252K, committed 79744K, reserved 1118208K
  class space    used 9477K, capacity 10201K, committed 10368K, reserved 1048576K
2024-06-11T21:18:18.516+0800: 2357.729: [GC (Allocation Failure) [PSYoungGen: 70880K->768K(71680K)] 144782K->75182K(186368K), 0.0052574 secs] [Times: user=0.01 sys=0.00, real=0.01 secs] 
Heap after GC invocations=558 (full 1):
 PSYoungGen      total 71680K, used 768K [0x00000000fb800000, 0x0000000100000000, 0x0000000100000000)
  eden space 69632K, 0% used [0x00000000fb800000,0x00000000fb800000,0x00000000ffc00000)
  from space 2048K, 37% used [0x00000000ffc00000,0x00000000ffcc0000,0x00000000ffe00000)
  to   space 2048K, 0% used [0x00000000ffe00000,0x00000000ffe00000,0x0000000100000000)
 ParOldGen       total 114688K, used 74414K [0x00000000f4800000, 0x00000000fb800000, 0x00000000fb800000)
  object space 114688K, 64% used [0x00000000f4800000,0x00000000f90abba8,0x00000000fb800000)
 Metaspace       used 75140K, capacity 79252K, committed 79744K, reserved 1118208K
  class space    used 9477K, capacity 10201K, committed 10368K, reserved 1048576K
}
{Heap before GC invocations=559 (full 1):
 PSYoungGen      total 71680K, used 70400K [0x00000000fb800000, 0x0000000100000000, 0x0000000100000000)
  eden space 69632K, 100% used [0x00000000fb800000,0x00000000ffc00000,0x00000000ffc00000)
  from space 2048K, 37% used [0x00000000ffc00000,0x00000000ffcc0000,0x00000000ffe00000)
  to   space 2048K, 0% used [0x00000000ffe00000,0x00000000ffe00000,0x0000000100000000)
 ParOldGen       total 114688K, used 74414K [0x00000000f4800000, 0x00000000fb800000, 0x00000000fb800000)
  object space 114688K, 64% used [0x00000000f4800000,0x00000000f90abba8,0x00000000fb800000)
 Metaspace       used 75140K, capacity 79252K, committed 79744K, reserved 1118208K
  class space    used 9477K, capacity 10201K, committed 10368K, reserved 1048576K
2024-06-11T21:18:22.824+0800: 2362.037: [GC (Allocation Failure) [PSYoungGen: 70400K->1326K(71680K)] 144814K->75821K(186368K), 0.0063587 secs] [Times: user=0.01 sys=0.00, real=0.00 secs] 
Heap after GC invocations=559 (full 1):
 PSYoungGen      total 71680K, used 1326K [0x00000000fb800000, 0x0000000100000000, 0x0000000100000000)
  eden space 69632K, 0% used [0x00000000fb800000,0x00000000fb800000,0x00000000ffc00000)
  from space 2048K, 64% used [0x00000000ffe00000,0x00000000fff4b870,0x0000000100000000)
  to   space 2048K, 0% used [0x00000000ffc00000,0x00000000ffc00000,0x00000000ffe00000)
 ParOldGen       total 114688K, used 74494K [0x00000000f4800000, 0x00000000fb800000, 0x00000000fb800000)
  object space 114688K, 64% used [0x00000000f4800000,0x00000000f90bfba8,0x00000000fb800000)
 Metaspace       used 75140K, capacity 79252K, committed 79744K, reserved 1118208K
  class space    used 9477K, capacity 10201K, committed 10368K, reserved 1048576K
}
{Heap before GC invocations=560 (full 1):
 PSYoungGen      total 71680K, used 70958K [0x00000000fb800000, 0x0000000100000000, 0x0000000100000000)
  eden space 69632K, 100% used [0x00000000fb800000,0x00000000ffc00000,0x00000000ffc00000)
  from space 2048K, 64% used [0x00000000ffe00000,0x00000000fff4b870,0x0000000100000000)
  to   space 2048K, 0% used [0x00000000ffc00000,0x00000000ffc00000,0x00000000ffe00000)
 ParOldGen       total 114688K, used 74494K [0x00000000f4800000, 0x00000000fb800000, 0x00000000fb800000)
  object space 114688K, 64% used [0x00000000f4800000,0x00000000f90bfba8,0x00000000fb800000)
 Metaspace       used 75140K, capacity 79252K, committed 79744K, reserved 1118208K
  class space    used 9477K, capacity 10201K, committed 10368K, reserved 1048576K
2024-06-11T21:18:27.099+0800: 2366.312: [GC (Allocation Failure) [PSYoungGen: 70958K->832K(71680K)] 145453K->75406K(186368K), 0.0045787 secs] [Times: user=0.01 sys=0.00, real=0.01 secs] 
Heap after GC invocations=560 (full 1):
 PSYoungGen      total 71680K, used 832K [0x00000000fb800000, 0x0000000100000000, 0x0000000100000000)
  eden space 69632K, 0% used [0x00000000fb800000,0x00000000fb800000,0x00000000ffc00000)
  from space 2048K, 40% used [0x00000000ffc00000,0x00000000ffcd0000,0x00000000ffe00000)
  to   space 2048K, 0% used [0x00000000ffe00000,0x00000000ffe00000,0x0000000100000000)
 ParOldGen       total 114688K, used 74574K [0x00000000f4800000, 0x00000000fb800000, 0x00000000fb800000)
  object space 114688K, 65% used [0x00000000f4800000,0x00000000f90d3ba8,0x00000000fb800000)
 Metaspace       used 75140K, capacity 79252K, committed 79744K, reserved 1118208K
  class space    used 9477K, capacity 10201K, committed 10368K, reserved 1048576K
}
{Heap before GC invocations=561 (full 1):
 PSYoungGen      total 71680K, used 70464K [0x00000000fb800000, 0x0000000100000000, 0x0000000100000000)
  eden space 69632K, 100% used [0x00000000fb800000,0x00000000ffc00000,0x00000000ffc00000)
  from space 2048K, 40% used [0x00000000ffc00000,0x00000000ffcd0000,0x00000000ffe00000)
  to   space 2048K, 0% used [0x00000000ffe00000,0x00000000ffe00000,0x0000000100000000)
 ParOldGen       total 114688K, used 74574K [0x00000000f4800000, 0x00000000fb800000, 0x00000000fb800000)
  object space 114688K, 65% used [0x00000000f4800000,0x00000000f90d3ba8,0x00000000fb800000)
 Metaspace       used 75140K, capacity 79252K, committed 79744K, reserved 1118208K
  class space    used 9477K, capacity 10201K, committed 10368K, reserved 1048576K
2024-06-11T21:18:31.660+0800: 2370.874: [GC (Allocation Failure) [PSYoungGen: 70464K->800K(71680K)] 145038K->75462K(186368K), 0.0047925 secs] [Times: user=0.01 sys=0.00, real=0.01 secs] 
Heap after GC invocations=561 (full 1):
 PSYoungGen      total 71680K, used 800K [0x00000000fb800000, 0x0000000100000000, 0x0000000100000000)
  eden space 69632K, 0% used [0x00000000fb800000,0x00000000fb800000,0x00000000ffc00000)
  from space 2048K, 39% used [0x00000000ffe00000,0x00000000ffec8000,0x0000000100000000)
  to   space 2048K, 0% used [0x00000000ffc00000,0x00000000ffc00000,0x00000000ffe00000)
 ParOldGen       total 114688K, used 74662K [0x00000000f4800000, 0x00000000fb800000, 0x00000000fb800000)
  object space 114688K, 65% used [0x00000000f4800000,0x00000000f90e9ba8,0x00000000fb800000)
 Metaspace       used 75140K, capacity 79252K, committed 79744K, reserved 1118208K
  class space    used 9477K, capacity 10201K, committed 10368K, reserved 1048576K
}
{Heap before GC invocations=562 (full 1):
 PSYoungGen      total 71680K, used 70432K [0x00000000fb800000, 0x0000000100000000, 0x0000000100000000)
  eden space 69632K, 100% used [0x00000000fb800000,0x00000000ffc00000,0x00000000ffc00000)
  from space 2048K, 39% used [0x00000000ffe00000,0x00000000ffec8000,0x0000000100000000)
  to   space 2048K, 0% used [0x00000000ffc00000,0x00000000ffc00000,0x00000000ffe00000)
 ParOldGen       total 114688K, used 74662K [0x00000000f4800000, 0x00000000fb800000, 0x00000000fb800000)
  object space 114688K, 65% used [0x00000000f4800000,0x00000000f90e9ba8,0x00000000fb800000)
 Metaspace       used 75140K, capacity 79252K, committed 79744K, reserved 1118208K
  class space    used 9477K, capacity 10201K, committed 10368K, reserved 1048576K
2024-06-11T21:18:35.951+0800: 2375.164: [GC (Allocation Failure) [PSYoungGen: 70432K->832K(71680K)] 145094K->75574K(186368K), 0.0047941 secs] [Times: user=0.01 sys=0.00, real=0.00 secs] 
Heap after GC invocations=562 (full 1):
 PSYoungGen      total 71680K, used 832K [0x00000000fb800000, 0x0000000100000000, 0x0000000100000000)
  eden space 69632K, 0% used [0x00000000fb800000,0x00000000fb800000,0x00000000ffc00000)
  from space 2048K, 40% used [0x00000000ffc00000,0x00000000ffcd0000,0x00000000ffe00000)
  to   space 2048K, 0% used [0x00000000ffe00000,0x00000000ffe00000,0x0000000100000000)
 ParOldGen       total 114688K, used 74742K [0x00000000f4800000, 0x00000000fb800000, 0x00000000fb800000)
  object space 114688K, 65% used [0x00000000f4800000,0x00000000f90fdba8,0x00000000fb800000)
 Metaspace       used 75140K, capacity 79252K, committed 79744K, reserved 1118208K
  class space    used 9477K, capacity 10201K, committed 10368K, reserved 1048576K
}
{Heap before GC invocations=563 (full 1):
 PSYoungGen      total 71680K, used 70464K [0x00000000fb800000, 0x0000000100000000, 0x0000000100000000)
  eden space 69632K, 100% used [0x00000000fb800000,0x00000000ffc00000,0x00000000ffc00000)
  from space 2048K, 40% used [0x00000000ffc00000,0x00000000ffcd0000,0x00000000ffe00000)
  to   space 2048K, 0% used [0x00000000ffe00000,0x00000000ffe00000,0x0000000100000000)
 ParOldGen       total 114688K, used 74742K [0x00000000f4800000, 0x00000000fb800000, 0x00000000fb800000)
  object space 114688K, 65% used [0x00000000f4800000,0x00000000f90fdba8,0x00000000fb800000)
 Metaspace       used 75140K, capacity 79252K, committed 79744K, reserved 1118208K
  class space    used 9477K, capacity 10201K, committed 10368K, reserved 1048576K
2024-06-11T21:18:40.249+0800: 2379.463: [GC (Allocation Failure) [PSYoungGen: 70464K->800K(71680K)] 145206K->75622K(186368K), 0.0062467 secs] [Times: user=0.01 sys=0.00, real=0.01 secs] 
Heap after GC invocations=563 (full 1):
 PSYoungGen      total 71680K, used 800K [0x00000000fb800000, 0x0000000100000000, 0x0000000100000000)
  eden space 69632K, 0% used [0x00000000fb800000,0x00000000fb800000,0x00000000ffc00000)
  from space 2048K, 39% used [0x00000000ffe00000,0x00000000ffec8000,0x0000000100000000)
  to   space 2048K, 0% used [0x00000000ffc00000,0x00000000ffc00000,0x00000000ffe00000)
 ParOldGen       total 114688K, used 74822K [0x00000000f4800000, 0x00000000fb800000, 0x00000000fb800000)
  object space 114688K, 65% used [0x00000000f4800000,0x00000000f9111ba8,0x00000000fb800000)
 Metaspace       used 75140K, capacity 79252K, committed 79744K, reserved 1118208K
  class space    used 9477K, capacity 10201K, committed 10368K, reserved 1048576K
}
{Heap before GC invocations=564 (full 1):
 PSYoungGen      total 71680K, used 70432K [0x00000000fb800000, 0x0000000100000000, 0x0000000100000000)
  eden space 69632K, 100% used [0x00000000fb800000,0x00000000ffc00000,0x00000000ffc00000)
  from space 2048K, 39% used [0x00000000ffe00000,0x00000000ffec8000,0x0000000100000000)
  to   space 2048K, 0% used [0x00000000ffc00000,0x00000000ffc00000,0x00000000ffe00000)
 ParOldGen       total 114688K, used 74822K [0x00000000f4800000, 0x00000000fb800000, 0x00000000fb800000)
  object space 114688K, 65% used [0x00000000f4800000,0x00000000f9111ba8,0x00000000fb800000)
 Metaspace       used 75140K, capacity 79252K, committed 79744K, reserved 1118208K
  class space    used 9477K, capacity 10201K, committed 10368K, reserved 1048576K
2024-06-11T21:18:44.582+0800: 2383.795: [GC (Allocation Failure) [PSYoungGen: 70432K->832K(71680K)] 145254K->75734K(186368K), 0.0047717 secs] [Times: user=0.01 sys=0.00, real=0.00 secs] 
Heap after GC invocations=564 (full 1):
 PSYoungGen      total 71680K, used 832K [0x00000000fb800000, 0x0000000100000000, 0x0000000100000000)
  eden space 69632K, 0% used [0x00000000fb800000,0x00000000fb800000,0x00000000ffc00000)
  from space 2048K, 40% used [0x00000000ffc00000,0x00000000ffcd0000,0x00000000ffe00000)
  to   space 2048K, 0% used [0x00000000ffe00000,0x00000000ffe00000,0x0000000100000000)
 ParOldGen       total 114688K, used 74902K [0x00000000f4800000, 0x00000000fb800000, 0x00000000fb800000)
  object space 114688K, 65% used [0x00000000f4800000,0x00000000f9125ba8,0x00000000fb800000)
 Metaspace       used 75140K, capacity 79252K, committed 79744K, reserved 1118208K
  class space    used 9477K, capacity 10201K, committed 10368K, reserved 1048576K
}
{Heap before GC invocations=565 (full 1):
 PSYoungGen      total 71680K, used 70464K [0x00000000fb800000, 0x0000000100000000, 0x0000000100000000)
  eden space 69632K, 100% used [0x00000000fb800000,0x00000000ffc00000,0x00000000ffc00000)
  from space 2048K, 40% used [0x00000000ffc00000,0x00000000ffcd0000,0x00000000ffe00000)
  to   space 2048K, 0% used [0x00000000ffe00000,0x00000000ffe00000,0x0000000100000000)
 ParOldGen       total 114688K, used 74902K [0x00000000f4800000, 0x00000000fb800000, 0x00000000fb800000)
  object space 114688K, 65% used [0x00000000f4800000,0x00000000f9125ba8,0x00000000fb800000)
 Metaspace       used 75140K, capacity 79252K, committed 79744K, reserved 1118208K
  class space    used 9477K, capacity 10201K, committed 10368K, reserved 1048576K
2024-06-11T21:18:49.025+0800: 2388.238: [GC (Allocation Failure) [PSYoungGen: 70464K->832K(71680K)] 145366K->75814K(186368K), 0.0047479 secs] [Times: user=0.01 sys=0.00, real=0.00 secs] 
Heap after GC invocations=565 (full 1):
 PSYoungGen      total 71680K, used 832K [0x00000000fb800000, 0x0000000100000000, 0x0000000100000000)
  eden space 69632K, 0% used [0x00000000fb800000,0x00000000fb800000,0x00000000ffc00000)
  from space 2048K, 40% used [0x00000000ffe00000,0x00000000ffed0000,0x0000000100000000)
  to   space 2048K, 0% used [0x00000000ffc00000,0x00000000ffc00000,0x00000000ffe00000)
 ParOldGen       total 114688K, used 74982K [0x00000000f4800000, 0x00000000fb800000, 0x00000000fb800000)
  object space 114688K, 65% used [0x00000000f4800000,0x00000000f9139ba8,0x00000000fb800000)
 Metaspace       used 75140K, capacity 79252K, committed 79744K, reserved 1118208K
  class space    used 9477K, capacity 10201K, committed 10368K, reserved 1048576K
}
{Heap before GC invocations=566 (full 1):
 PSYoungGen      total 71680K, used 70464K [0x00000000fb800000, 0x0000000100000000, 0x0000000100000000)
  eden space 69632K, 100% used [0x00000000fb800000,0x00000000ffc00000,0x00000000ffc00000)
  from space 2048K, 40% used [0x00000000ffe00000,0x00000000ffed0000,0x0000000100000000)
  to   space 2048K, 0% used [0x00000000ffc00000,0x00000000ffc00000,0x00000000ffe00000)
 ParOldGen       total 114688K, used 74982K [0x00000000f4800000, 0x00000000fb800000, 0x00000000fb800000)
  object space 114688K, 65% used [0x00000000f4800000,0x00000000f9139ba8,0x00000000fb800000)
 Metaspace       used 75140K, capacity 79252K, committed 79744K, reserved 1118208K
  class space    used 9477K, capacity 10201K, committed 10368K, reserved 1048576K
2024-06-11T21:18:53.141+0800: 2392.354: [GC (Allocation Failure) [PSYoungGen: 70464K->1294K(71680K)] 145446K->76364K(186368K), 0.0050095 secs] [Times: user=0.01 sys=0.00, real=0.00 secs] 
Heap after GC invocations=566 (full 1):
 PSYoungGen      total 71680K, used 1294K [0x00000000fb800000, 0x0000000100000000, 0x0000000100000000)
  eden space 69632K, 0% used [0x00000000fb800000,0x00000000fb800000,0x00000000ffc00000)
  from space 2048K, 63% used [0x00000000ffc00000,0x00000000ffd43850,0x00000000ffe00000)
  to   space 2048K, 0% used [0x00000000ffe00000,0x00000000ffe00000,0x0000000100000000)
 ParOldGen       total 114688K, used 75070K [0x00000000f4800000, 0x00000000fb800000, 0x00000000fb800000)
  object space 114688K, 65% used [0x00000000f4800000,0x00000000f914fba8,0x00000000fb800000)
 Metaspace       used 75140K, capacity 79252K, committed 79744K, reserved 1118208K
  class space    used 9477K, capacity 10201K, committed 10368K, reserved 1048576K
}
{Heap before GC invocations=567 (full 1):
 PSYoungGen      total 71680K, used 70926K [0x00000000fb800000, 0x0000000100000000, 0x0000000100000000)
  eden space 69632K, 100% used [0x00000000fb800000,0x00000000ffc00000,0x00000000ffc00000)
  from space 2048K, 63% used [0x00000000ffc00000,0x00000000ffd43850,0x00000000ffe00000)
  to   space 2048K, 0% used [0x00000000ffe00000,0x00000000ffe00000,0x0000000100000000)
 ParOldGen       total 114688K, used 75070K [0x00000000f4800000, 0x00000000fb800000, 0x00000000fb800000)
  object space 114688K, 65% used [0x00000000f4800000,0x00000000f914fba8,0x00000000fb800000)
 Metaspace       used 75140K, capacity 79252K, committed 79744K, reserved 1118208K
  class space    used 9477K, capacity 10201K, committed 10368K, reserved 1048576K
2024-06-11T21:18:57.549+0800: 2396.763: [GC (Allocation Failure) [PSYoungGen: 70926K->832K(71680K)] 145996K->75982K(186368K), 0.0061106 secs] [Times: user=0.01 sys=0.00, real=0.01 secs] 
Heap after GC invocations=567 (full 1):
 PSYoungGen      total 71680K, used 832K [0x00000000fb800000, 0x0000000100000000, 0x0000000100000000)
  eden space 69632K, 0% used [0x00000000fb800000,0x00000000fb800000,0x00000000ffc00000)
  from space 2048K, 40% used [0x00000000ffe00000,0x00000000ffed0000,0x0000000100000000)
  to   space 2048K, 0% used [0x00000000ffc00000,0x00000000ffc00000,0x00000000ffe00000)
 ParOldGen       total 114688K, used 75150K [0x00000000f4800000, 0x00000000fb800000, 0x00000000fb800000)
  object space 114688K, 65% used [0x00000000f4800000,0x00000000f9163ba8,0x00000000fb800000)
 Metaspace       used 75140K, capacity 79252K, committed 79744K, reserved 1118208K
  class space    used 9477K, capacity 10201K, committed 10368K, reserved 1048576K
}
{Heap before GC invocations=568 (full 1):
 PSYoungGen      total 71680K, used 70464K [0x00000000fb800000, 0x0000000100000000, 0x0000000100000000)
  eden space 69632K, 100% used [0x00000000fb800000,0x00000000ffc00000,0x00000000ffc00000)
  from space 2048K, 40% used [0x00000000ffe00000,0x00000000ffed0000,0x0000000100000000)
  to   space 2048K, 0% used [0x00000000ffc00000,0x00000000ffc00000,0x00000000ffe00000)
 ParOldGen       total 114688K, used 75150K [0x00000000f4800000, 0x00000000fb800000, 0x00000000fb800000)
  object space 114688K, 65% used [0x00000000f4800000,0x00000000f9163ba8,0x00000000fb800000)
 Metaspace       used 75140K, capacity 79252K, committed 79744K, reserved 1118208K
  class space    used 9477K, capacity 10201K, committed 10368K, reserved 1048576K
2024-06-11T21:19:01.709+0800: 2400.922: [GC (Allocation Failure) [PSYoungGen: 70464K->832K(71680K)] 145614K->76070K(186368K), 0.0048456 secs] [Times: user=0.00 sys=0.00, real=0.01 secs] 
Heap after GC invocations=568 (full 1):
 PSYoungGen      total 71680K, used 832K [0x00000000fb800000, 0x0000000100000000, 0x0000000100000000)
  eden space 69632K, 0% used [0x00000000fb800000,0x00000000fb800000,0x00000000ffc00000)
  from space 2048K, 40% used [0x00000000ffc00000,0x00000000ffcd0000,0x00000000ffe00000)
  to   space 2048K, 0% used [0x00000000ffe00000,0x00000000ffe00000,0x0000000100000000)
 ParOldGen       total 114688K, used 75238K [0x00000000f4800000, 0x00000000fb800000, 0x00000000fb800000)
  object space 114688K, 65% used [0x00000000f4800000,0x00000000f9179ba8,0x00000000fb800000)
 Metaspace       used 75140K, capacity 79252K, committed 79744K, reserved 1118208K
  class space    used 9477K, capacity 10201K, committed 10368K, reserved 1048576K
}
{Heap before GC invocations=569 (full 1):
 PSYoungGen      total 71680K, used 70464K [0x00000000fb800000, 0x0000000100000000, 0x0000000100000000)
  eden space 69632K, 100% used [0x00000000fb800000,0x00000000ffc00000,0x00000000ffc00000)
  from space 2048K, 40% used [0x00000000ffc00000,0x00000000ffcd0000,0x00000000ffe00000)
  to   space 2048K, 0% used [0x00000000ffe00000,0x00000000ffe00000,0x0000000100000000)
 ParOldGen       total 114688K, used 75238K [0x00000000f4800000, 0x00000000fb800000, 0x00000000fb800000)
  object space 114688K, 65% used [0x00000000f4800000,0x00000000f9179ba8,0x00000000fb800000)
 Metaspace       used 75140K, capacity 79252K, committed 79744K, reserved 1118208K
  class space    used 9477K, capacity 10201K, committed 10368K, reserved 1048576K
2024-06-11T21:19:06.296+0800: 2405.510: [GC (Allocation Failure) [PSYoungGen: 70464K->832K(71680K)] 145702K->76150K(186368K), 0.0053327 secs] [Times: user=0.01 sys=0.01, real=0.01 secs] 
Heap after GC invocations=569 (full 1):
 PSYoungGen      total 71680K, used 832K [0x00000000fb800000, 0x0000000100000000, 0x0000000100000000)
  eden space 69632K, 0% used [0x00000000fb800000,0x00000000fb800000,0x00000000ffc00000)
  from space 2048K, 40% used [0x00000000ffe00000,0x00000000ffed0000,0x0000000100000000)
  to   space 2048K, 0% used [0x00000000ffc00000,0x00000000ffc00000,0x00000000ffe00000)
 ParOldGen       total 114688K, used 75318K [0x00000000f4800000, 0x00000000fb800000, 0x00000000fb800000)
  object space 114688K, 65% used [0x00000000f4800000,0x00000000f918dba8,0x00000000fb800000)
 Metaspace       used 75140K, capacity 79252K, committed 79744K, reserved 1118208K
  class space    used 9477K, capacity 10201K, committed 10368K, reserved 1048576K
}
{Heap before GC invocations=570 (full 1):
 PSYoungGen      total 71680K, used 70464K [0x00000000fb800000, 0x0000000100000000, 0x0000000100000000)
  eden space 69632K, 100% used [0x00000000fb800000,0x00000000ffc00000,0x00000000ffc00000)
  from space 2048K, 40% used [0x00000000ffe00000,0x00000000ffed0000,0x0000000100000000)
  to   space 2048K, 0% used [0x00000000ffc00000,0x00000000ffc00000,0x00000000ffe00000)
 ParOldGen       total 114688K, used 75318K [0x00000000f4800000, 0x00000000fb800000, 0x00000000fb800000)
  object space 114688K, 65% used [0x00000000f4800000,0x00000000f918dba8,0x00000000fb800000)
 Metaspace       used 75140K, capacity 79252K, committed 79744K, reserved 1118208K
  class space    used 9477K, capacity 10201K, committed 10368K, reserved 1048576K
2024-06-11T21:19:10.483+0800: 2409.696: [GC (Allocation Failure) [PSYoungGen: 70464K->2048K(71680K)] 145782K->78213K(186368K), 0.0073810 secs] [Times: user=0.01 sys=0.01, real=0.01 secs] 
Heap after GC invocations=570 (full 1):
 PSYoungGen      total 71680K, used 2048K [0x00000000fb800000, 0x0000000100000000, 0x0000000100000000)
  eden space 69632K, 0% used [0x00000000fb800000,0x00000000fb800000,0x00000000ffc00000)
  from space 2048K, 100% used [0x00000000ffc00000,0x00000000ffe00000,0x00000000ffe00000)
  to   space 2048K, 0% used [0x00000000ffe00000,0x00000000ffe00000,0x0000000100000000)
 ParOldGen       total 114688K, used 76165K [0x00000000f4800000, 0x00000000fb800000, 0x00000000fb800000)
  object space 114688K, 66% used [0x00000000f4800000,0x00000000f9261418,0x00000000fb800000)
 Metaspace       used 75140K, capacity 79252K, committed 79744K, reserved 1118208K
  class space    used 9477K, capacity 10201K, committed 10368K, reserved 1048576K
}
{Heap before GC invocations=571 (full 1):
 PSYoungGen      total 71680K, used 71680K [0x00000000fb800000, 0x0000000100000000, 0x0000000100000000)
  eden space 69632K, 100% used [0x00000000fb800000,0x00000000ffc00000,0x00000000ffc00000)
  from space 2048K, 100% used [0x00000000ffc00000,0x00000000ffe00000,0x00000000ffe00000)
  to   space 2048K, 0% used [0x00000000ffe00000,0x00000000ffe00000,0x0000000100000000)
 ParOldGen       total 114688K, used 76165K [0x00000000f4800000, 0x00000000fb800000, 0x00000000fb800000)
  object space 114688K, 66% used [0x00000000f4800000,0x00000000f9261418,0x00000000fb800000)
 Metaspace       used 75140K, capacity 79252K, committed 79744K, reserved 1118208K
  class space    used 9477K, capacity 10201K, committed 10368K, reserved 1048576K
2024-06-11T21:19:14.815+0800: 2414.028: [GC (Allocation Failure) [PSYoungGen: 71680K->1280K(70656K)] 147845K->79373K(185344K), 0.0074194 secs] [Times: user=0.02 sys=0.00, real=0.01 secs] 
Heap after GC invocations=571 (full 1):
 PSYoungGen      total 70656K, used 1280K [0x00000000fb800000, 0x0000000100000000, 0x0000000100000000)
  eden space 68608K, 0% used [0x00000000fb800000,0x00000000fb800000,0x00000000ffb00000)
  from space 2048K, 62% used [0x00000000ffe00000,0x00000000fff40000,0x0000000100000000)
  to   space 2560K, 0% used [0x00000000ffb00000,0x00000000ffb00000,0x00000000ffd80000)
 ParOldGen       total 114688K, used 78093K [0x00000000f4800000, 0x00000000fb800000, 0x00000000fb800000)
  object space 114688K, 68% used [0x00000000f4800000,0x00000000f9443418,0x00000000fb800000)
 Metaspace       used 75140K, capacity 79252K, committed 79744K, reserved 1118208K
  class space    used 9477K, capacity 10201K, committed 10368K, reserved 1048576K
}
{Heap before GC invocations=572 (full 1):
 PSYoungGen      total 70656K, used 69888K [0x00000000fb800000, 0x0000000100000000, 0x0000000100000000)
  eden space 68608K, 100% used [0x00000000fb800000,0x00000000ffb00000,0x00000000ffb00000)
  from space 2048K, 62% used [0x00000000ffe00000,0x00000000fff40000,0x0000000100000000)
  to   space 2560K, 0% used [0x00000000ffb00000,0x00000000ffb00000,0x00000000ffd80000)
 ParOldGen       total 114688K, used 78093K [0x00000000f4800000, 0x00000000fb800000, 0x00000000fb800000)
  object space 114688K, 68% used [0x00000000f4800000,0x00000000f9443418,0x00000000fb800000)
 Metaspace       used 75140K, capacity 79252K, committed 79744K, reserved 1118208K
  class space    used 9477K, capacity 10201K, committed 10368K, reserved 1048576K
2024-06-11T21:19:19.247+0800: 2418.460: [GC (Allocation Failure) [PSYoungGen: 69888K->832K(71168K)] 147981K->79445K(185856K), 0.0054684 secs] [Times: user=0.01 sys=0.00, real=0.01 secs] 
Heap after GC invocations=572 (full 1):
 PSYoungGen      total 71168K, used 832K [0x00000000fb800000, 0x0000000100000000, 0x0000000100000000)
  eden space 68608K, 0% used [0x00000000fb800000,0x00000000fb800000,0x00000000ffb00000)
  from space 2560K, 32% used [0x00000000ffb00000,0x00000000ffbd0000,0x00000000ffd80000)
  to   space 2560K, 0% used [0x00000000ffd80000,0x00000000ffd80000,0x0000000100000000)
 ParOldGen       total 114688K, used 78613K [0x00000000f4800000, 0x00000000fb800000, 0x00000000fb800000)
  object space 114688K, 68% used [0x00000000f4800000,0x00000000f94c5418,0x00000000fb800000)
 Metaspace       used 75140K, capacity 79252K, committed 79744K, reserved 1118208K
  class space    used 9477K, capacity 10201K, committed 10368K, reserved 1048576K
}
{Heap before GC invocations=573 (full 1):
 PSYoungGen      total 71168K, used 69440K [0x00000000fb800000, 0x0000000100000000, 0x0000000100000000)
  eden space 68608K, 100% used [0x00000000fb800000,0x00000000ffb00000,0x00000000ffb00000)
  from space 2560K, 32% used [0x00000000ffb00000,0x00000000ffbd0000,0x00000000ffd80000)
  to   space 2560K, 0% used [0x00000000ffd80000,0x00000000ffd80000,0x0000000100000000)
 ParOldGen       total 114688K, used 78613K [0x00000000f4800000, 0x00000000fb800000, 0x00000000fb800000)
  object space 114688K, 68% used [0x00000000f4800000,0x00000000f94c5418,0x00000000fb800000)
 Metaspace       used 75140K, capacity 79252K, committed 79744K, reserved 1118208K
  class space    used 9477K, capacity 10201K, committed 10368K, reserved 1048576K
2024-06-11T21:19:23.405+0800: 2422.618: [GC (Allocation Failure) [PSYoungGen: 69440K->1326K(71168K)] 148053K->80019K(185856K), 0.0051643 secs] [Times: user=0.01 sys=0.00, real=0.00 secs] 
Heap after GC invocations=573 (full 1):
 PSYoungGen      total 71168K, used 1326K [0x00000000fb800000, 0x0000000100000000, 0x0000000100000000)
  eden space 68608K, 0% used [0x00000000fb800000,0x00000000fb800000,0x00000000ffb00000)
  from space 2560K, 51% used [0x00000000ffd80000,0x00000000ffecb860,0x0000000100000000)
  to   space 2560K, 0% used [0x00000000ffb00000,0x00000000ffb00000,0x00000000ffd80000)
 ParOldGen       total 114688K, used 78693K [0x00000000f4800000, 0x00000000fb800000, 0x00000000fb800000)
  object space 114688K, 68% used [0x00000000f4800000,0x00000000f94d9418,0x00000000fb800000)
 Metaspace       used 75140K, capacity 79252K, committed 79744K, reserved 1118208K
  class space    used 9477K, capacity 10201K, committed 10368K, reserved 1048576K
}
{Heap before GC invocations=574 (full 1):
 PSYoungGen      total 71168K, used 69934K [0x00000000fb800000, 0x0000000100000000, 0x0000000100000000)
  eden space 68608K, 100% used [0x00000000fb800000,0x00000000ffb00000,0x00000000ffb00000)
  from space 2560K, 51% used [0x00000000ffd80000,0x00000000ffecb860,0x0000000100000000)
  to   space 2560K, 0% used [0x00000000ffb00000,0x00000000ffb00000,0x00000000ffd80000)
 ParOldGen       total 114688K, used 78693K [0x00000000f4800000, 0x00000000fb800000, 0x00000000fb800000)
  object space 114688K, 68% used [0x00000000f4800000,0x00000000f94d9418,0x00000000fb800000)
 Metaspace       used 75140K, capacity 79252K, committed 79744K, reserved 1118208K
  class space    used 9477K, capacity 10201K, committed 10368K, reserved 1048576K
2024-06-11T21:19:27.573+0800: 2426.786: [GC (Allocation Failure) [PSYoungGen: 69934K->832K(71168K)] 148627K->79605K(185856K), 0.0048616 secs] [Times: user=0.01 sys=0.00, real=0.00 secs] 
Heap after GC invocations=574 (full 1):
 PSYoungGen      total 71168K, used 832K [0x00000000fb800000, 0x0000000100000000, 0x0000000100000000)
  eden space 68608K, 0% used [0x00000000fb800000,0x00000000fb800000,0x00000000ffb00000)
  from space 2560K, 32% used [0x00000000ffb00000,0x00000000ffbd0000,0x00000000ffd80000)
  to   space 2560K, 0% used [0x00000000ffd80000,0x00000000ffd80000,0x0000000100000000)
 ParOldGen       total 114688K, used 78773K [0x00000000f4800000, 0x00000000fb800000, 0x00000000fb800000)
  object space 114688K, 68% used [0x00000000f4800000,0x00000000f94ed418,0x00000000fb800000)
 Metaspace       used 75140K, capacity 79252K, committed 79744K, reserved 1118208K
  class space    used 9477K, capacity 10201K, committed 10368K, reserved 1048576K
}
{Heap before GC invocations=575 (full 1):
 PSYoungGen      total 71168K, used 69440K [0x00000000fb800000, 0x0000000100000000, 0x0000000100000000)
  eden space 68608K, 100% used [0x00000000fb800000,0x00000000ffb00000,0x00000000ffb00000)
  from space 2560K, 32% used [0x00000000ffb00000,0x00000000ffbd0000,0x00000000ffd80000)
  to   space 2560K, 0% used [0x00000000ffd80000,0x00000000ffd80000,0x0000000100000000)
 ParOldGen       total 114688K, used 78773K [0x00000000f4800000, 0x00000000fb800000, 0x00000000fb800000)
  object space 114688K, 68% used [0x00000000f4800000,0x00000000f94ed418,0x00000000fb800000)
 Metaspace       used 75140K, capacity 79252K, committed 79744K, reserved 1118208K
  class space    used 9477K, capacity 10201K, committed 10368K, reserved 1048576K
2024-06-11T21:19:31.969+0800: 2431.183: [GC (Allocation Failure) [PSYoungGen: 69440K->800K(71680K)] 148213K->79661K(186368K), 0.0054998 secs] [Times: user=0.01 sys=0.00, real=0.01 secs] 
Heap after GC invocations=575 (full 1):
 PSYoungGen      total 71680K, used 800K [0x00000000fb800000, 0x0000000100000000, 0x0000000100000000)
  eden space 69120K, 0% used [0x00000000fb800000,0x00000000fb800000,0x00000000ffb80000)
  from space 2560K, 31% used [0x00000000ffd80000,0x00000000ffe48000,0x0000000100000000)
  to   space 2048K, 0% used [0x00000000ffb80000,0x00000000ffb80000,0x00000000ffd80000)
 ParOldGen       total 114688K, used 78861K [0x00000000f4800000, 0x00000000fb800000, 0x00000000fb800000)
  object space 114688K, 68% used [0x00000000f4800000,0x00000000f9503418,0x00000000fb800000)
 Metaspace       used 75140K, capacity 79252K, committed 79744K, reserved 1118208K
  class space    used 9477K, capacity 10201K, committed 10368K, reserved 1048576K
}
{Heap before GC invocations=576 (full 1):
 PSYoungGen      total 71680K, used 69920K [0x00000000fb800000, 0x0000000100000000, 0x0000000100000000)
  eden space 69120K, 100% used [0x00000000fb800000,0x00000000ffb80000,0x00000000ffb80000)
  from space 2560K, 31% used [0x00000000ffd80000,0x00000000ffe48000,0x0000000100000000)
  to   space 2048K, 0% used [0x00000000ffb80000,0x00000000ffb80000,0x00000000ffd80000)
 ParOldGen       total 114688K, used 78861K [0x00000000f4800000, 0x00000000fb800000, 0x00000000fb800000)
  object space 114688K, 68% used [0x00000000f4800000,0x00000000f9503418,0x00000000fb800000)
 Metaspace       used 75140K, capacity 79252K, committed 79744K, reserved 1118208K
  class space    used 9477K, capacity 10201K, committed 10368K, reserved 1048576K
2024-06-11T21:19:36.088+0800: 2435.301: [GC (Allocation Failure) [PSYoungGen: 69920K->800K(71168K)] 148781K->79741K(185856K), 0.0047995 secs] [Times: user=0.01 sys=0.00, real=0.01 secs] 
Heap after GC invocations=576 (full 1):
 PSYoungGen      total 71168K, used 800K [0x00000000fb800000, 0x0000000100000000, 0x0000000100000000)
  eden space 69120K, 0% used [0x00000000fb800000,0x00000000fb800000,0x00000000ffb80000)
  from space 2048K, 39% used [0x00000000ffb80000,0x00000000ffc48000,0x00000000ffd80000)
  to   space 2048K, 0% used [0x00000000ffe00000,0x00000000ffe00000,0x0000000100000000)
 ParOldGen       total 114688K, used 78941K [0x00000000f4800000, 0x00000000fb800000, 0x00000000fb800000)
  object space 114688K, 68% used [0x00000000f4800000,0x00000000f9517418,0x00000000fb800000)
 Metaspace       used 75140K, capacity 79252K, committed 79744K, reserved 1118208K
  class space    used 9477K, capacity 10201K, committed 10368K, reserved 1048576K
}
{Heap before GC invocations=577 (full 1):
 PSYoungGen      total 71168K, used 69920K [0x00000000fb800000, 0x0000000100000000, 0x0000000100000000)
  eden space 69120K, 100% used [0x00000000fb800000,0x00000000ffb80000,0x00000000ffb80000)
  from space 2048K, 39% used [0x00000000ffb80000,0x00000000ffc48000,0x00000000ffd80000)
  to   space 2048K, 0% used [0x00000000ffe00000,0x00000000ffe00000,0x0000000100000000)
 ParOldGen       total 114688K, used 78941K [0x00000000f4800000, 0x00000000fb800000, 0x00000000fb800000)
  object space 114688K, 68% used [0x00000000f4800000,0x00000000f9517418,0x00000000fb800000)
 Metaspace       used 75142K, capacity 79252K, committed 79744K, reserved 1118208K
  class space    used 9478K, capacity 10201K, committed 10368K, reserved 1048576K
2024-06-11T21:19:40.495+0800: 2439.708: [GC (Allocation Failure) [PSYoungGen: 69920K->832K(71680K)] 148861K->79853K(186368K), 0.0063290 secs] [Times: user=0.00 sys=0.00, real=0.01 secs] 
Heap after GC invocations=577 (full 1):
 PSYoungGen      total 71680K, used 832K [0x00000000fb800000, 0x0000000100000000, 0x0000000100000000)
  eden space 69632K, 0% used [0x00000000fb800000,0x00000000fb800000,0x00000000ffc00000)
  from space 2048K, 40% used [0x00000000ffe00000,0x00000000ffed0000,0x0000000100000000)
  to   space 2048K, 0% used [0x00000000ffc00000,0x00000000ffc00000,0x00000000ffe00000)
 ParOldGen       total 114688K, used 79021K [0x00000000f4800000, 0x00000000fb800000, 0x00000000fb800000)
  object space 114688K, 68% used [0x00000000f4800000,0x00000000f952b418,0x00000000fb800000)
 Metaspace       used 75142K, capacity 79252K, committed 79744K, reserved 1118208K
  class space    used 9478K, capacity 10201K, committed 10368K, reserved 1048576K
}
{Heap before GC invocations=578 (full 1):
 PSYoungGen      total 71680K, used 70464K [0x00000000fb800000, 0x0000000100000000, 0x0000000100000000)
  eden space 69632K, 100% used [0x00000000fb800000,0x00000000ffc00000,0x00000000ffc00000)
  from space 2048K, 40% used [0x00000000ffe00000,0x00000000ffed0000,0x0000000100000000)
  to   space 2048K, 0% used [0x00000000ffc00000,0x00000000ffc00000,0x00000000ffe00000)
 ParOldGen       total 114688K, used 79021K [0x00000000f4800000, 0x00000000fb800000, 0x00000000fb800000)
  object space 114688K, 68% used [0x00000000f4800000,0x00000000f952b418,0x00000000fb800000)
 Metaspace       used 75142K, capacity 79252K, committed 79744K, reserved 1118208K
  class space    used 9478K, capacity 10201K, committed 10368K, reserved 1048576K
2024-06-11T21:19:44.818+0800: 2444.032: [GC (Allocation Failure) [PSYoungGen: 70464K->864K(71680K)] 149485K->79965K(186368K), 0.0062257 secs] [Times: user=0.01 sys=0.00, real=0.01 secs] 
Heap after GC invocations=578 (full 1):
 PSYoungGen      total 71680K, used 864K [0x00000000fb800000, 0x0000000100000000, 0x0000000100000000)
  eden space 69632K, 0% used [0x00000000fb800000,0x00000000fb800000,0x00000000ffc00000)
  from space 2048K, 42% used [0x00000000ffc00000,0x00000000ffcd8000,0x00000000ffe00000)
  to   space 2048K, 0% used [0x00000000ffe00000,0x00000000ffe00000,0x0000000100000000)
 ParOldGen       total 114688K, used 79101K [0x00000000f4800000, 0x00000000fb800000, 0x00000000fb800000)
  object space 114688K, 68% used [0x00000000f4800000,0x00000000f953f418,0x00000000fb800000)
 Metaspace       used 75142K, capacity 79252K, committed 79744K, reserved 1118208K
  class space    used 9478K, capacity 10201K, committed 10368K, reserved 1048576K
}
{Heap before GC invocations=579 (full 1):
 PSYoungGen      total 71680K, used 70496K [0x00000000fb800000, 0x0000000100000000, 0x0000000100000000)
  eden space 69632K, 100% used [0x00000000fb800000,0x00000000ffc00000,0x00000000ffc00000)
  from space 2048K, 42% used [0x00000000ffc00000,0x00000000ffcd8000,0x00000000ffe00000)
  to   space 2048K, 0% used [0x00000000ffe00000,0x00000000ffe00000,0x0000000100000000)
 ParOldGen       total 114688K, used 79101K [0x00000000f4800000, 0x00000000fb800000, 0x00000000fb800000)
  object space 114688K, 68% used [0x00000000f4800000,0x00000000f953f418,0x00000000fb800000)
 Metaspace       used 75142K, capacity 79252K, committed 79744K, reserved 1118208K
  class space    used 9478K, capacity 10201K, committed 10368K, reserved 1048576K
2024-06-11T21:19:49.109+0800: 2448.322: [GC (Allocation Failure) [PSYoungGen: 70496K->832K(71680K)] 149597K->80021K(186368K), 0.0048463 secs] [Times: user=0.01 sys=0.00, real=0.01 secs] 
Heap after GC invocations=579 (full 1):
 PSYoungGen      total 71680K, used 832K [0x00000000fb800000, 0x0000000100000000, 0x0000000100000000)
  eden space 69632K, 0% used [0x00000000fb800000,0x00000000fb800000,0x00000000ffc00000)
  from space 2048K, 40% used [0x00000000ffe00000,0x00000000ffed0000,0x0000000100000000)
  to   space 2048K, 0% used [0x00000000ffc00000,0x00000000ffc00000,0x00000000ffe00000)
 ParOldGen       total 114688K, used 79189K [0x00000000f4800000, 0x00000000fb800000, 0x00000000fb800000)
  object space 114688K, 69% used [0x00000000f4800000,0x00000000f9555418,0x00000000fb800000)
 Metaspace       used 75142K, capacity 79252K, committed 79744K, reserved 1118208K
  class space    used 9478K, capacity 10201K, committed 10368K, reserved 1048576K
}
{Heap before GC invocations=580 (full 1):
 PSYoungGen      total 71680K, used 70464K [0x00000000fb800000, 0x0000000100000000, 0x0000000100000000)
  eden space 69632K, 100% used [0x00000000fb800000,0x00000000ffc00000,0x00000000ffc00000)
  from space 2048K, 40% used [0x00000000ffe00000,0x00000000ffed0000,0x0000000100000000)
  to   space 2048K, 0% used [0x00000000ffc00000,0x00000000ffc00000,0x00000000ffe00000)
 ParOldGen       total 114688K, used 79189K [0x00000000f4800000, 0x00000000fb800000, 0x00000000fb800000)
  object space 114688K, 69% used [0x00000000f4800000,0x00000000f9555418,0x00000000fb800000)
 Metaspace       used 75142K, capacity 79252K, committed 79744K, reserved 1118208K
  class space    used 9478K, capacity 10201K, committed 10368K, reserved 1048576K
2024-06-11T21:19:53.266+0800: 2452.480: [GC (Allocation Failure) [PSYoungGen: 70464K->1294K(71680K)] 149653K->80571K(186368K), 0.0051463 secs] [Times: user=0.01 sys=0.00, real=0.01 secs] 
Heap after GC invocations=580 (full 1):
 PSYoungGen      total 71680K, used 1294K [0x00000000fb800000, 0x0000000100000000, 0x0000000100000000)
  eden space 69632K, 0% used [0x00000000fb800000,0x00000000fb800000,0x00000000ffc00000)
  from space 2048K, 63% used [0x00000000ffc00000,0x00000000ffd43860,0x00000000ffe00000)
  to   space 2048K, 0% used [0x00000000ffe00000,0x00000000ffe00000,0x0000000100000000)
 ParOldGen       total 114688K, used 79277K [0x00000000f4800000, 0x00000000fb800000, 0x00000000fb800000)
  object space 114688K, 69% used [0x00000000f4800000,0x00000000f956b418,0x00000000fb800000)
 Metaspace       used 75142K, capacity 79252K, committed 79744K, reserved 1118208K
  class space    used 9478K, capacity 10201K, committed 10368K, reserved 1048576K
}
{Heap before GC invocations=581 (full 1):
 PSYoungGen      total 71680K, used 70926K [0x00000000fb800000, 0x0000000100000000, 0x0000000100000000)
  eden space 69632K, 100% used [0x00000000fb800000,0x00000000ffc00000,0x00000000ffc00000)
  from space 2048K, 63% used [0x00000000ffc00000,0x00000000ffd43860,0x00000000ffe00000)
  to   space 2048K, 0% used [0x00000000ffe00000,0x00000000ffe00000,0x0000000100000000)
 ParOldGen       total 114688K, used 79277K [0x00000000f4800000, 0x00000000fb800000, 0x00000000fb800000)
  object space 114688K, 69% used [0x00000000f4800000,0x00000000f956b418,0x00000000fb800000)
 Metaspace       used 75142K, capacity 79252K, committed 79744K, reserved 1118208K
  class space    used 9478K, capacity 10201K, committed 10368K, reserved 1048576K
2024-06-11T21:19:57.666+0800: 2456.879: [GC (Allocation Failure) [PSYoungGen: 70926K->832K(71680K)] 150203K->80189K(186368K), 0.0045829 secs] [Times: user=0.00 sys=0.00, real=0.01 secs] 
Heap after GC invocations=581 (full 1):
 PSYoungGen      total 71680K, used 832K [0x00000000fb800000, 0x0000000100000000, 0x0000000100000000)
  eden space 69632K, 0% used [0x00000000fb800000,0x00000000fb800000,0x00000000ffc00000)
  from space 2048K, 40% used [0x00000000ffe00000,0x00000000ffed0000,0x0000000100000000)
  to   space 2048K, 0% used [0x00000000ffc00000,0x00000000ffc00000,0x00000000ffe00000)
 ParOldGen       total 114688K, used 79357K [0x00000000f4800000, 0x00000000fb800000, 0x00000000fb800000)
  object space 114688K, 69% used [0x00000000f4800000,0x00000000f957f418,0x00000000fb800000)
 Metaspace       used 75142K, capacity 79252K, committed 79744K, reserved 1118208K
  class space    used 9478K, capacity 10201K, committed 10368K, reserved 1048576K
}
{Heap before GC invocations=582 (full 1):
 PSYoungGen      total 71680K, used 70464K [0x00000000fb800000, 0x0000000100000000, 0x0000000100000000)
  eden space 69632K, 100% used [0x00000000fb800000,0x00000000ffc00000,0x00000000ffc00000)
  from space 2048K, 40% used [0x00000000ffe00000,0x00000000ffed0000,0x0000000100000000)
  to   space 2048K, 0% used [0x00000000ffc00000,0x00000000ffc00000,0x00000000ffe00000)
 ParOldGen       total 114688K, used 79357K [0x00000000f4800000, 0x00000000fb800000, 0x00000000fb800000)
  object space 114688K, 69% used [0x00000000f4800000,0x00000000f957f418,0x00000000fb800000)
 Metaspace       used 75142K, capacity 79252K, committed 79744K, reserved 1118208K
  class space    used 9478K, capacity 10201K, committed 10368K, reserved 1048576K
2024-06-11T21:20:02.152+0800: 2461.365: [GC (Allocation Failure) [PSYoungGen: 70464K->800K(71680K)] 149821K->80245K(186368K), 0.0050495 secs] [Times: user=0.01 sys=0.00, real=0.00 secs] 
Heap after GC invocations=582 (full 1):
 PSYoungGen      total 71680K, used 800K [0x00000000fb800000, 0x0000000100000000, 0x0000000100000000)
  eden space 69632K, 0% used [0x00000000fb800000,0x00000000fb800000,0x00000000ffc00000)
  from space 2048K, 39% used [0x00000000ffc00000,0x00000000ffcc8000,0x00000000ffe00000)
  to   space 2048K, 0% used [0x00000000ffe00000,0x00000000ffe00000,0x0000000100000000)
 ParOldGen       total 114688K, used 79445K [0x00000000f4800000, 0x00000000fb800000, 0x00000000fb800000)
  object space 114688K, 69% used [0x00000000f4800000,0x00000000f9595418,0x00000000fb800000)
 Metaspace       used 75142K, capacity 79252K, committed 79744K, reserved 1118208K
  class space    used 9478K, capacity 10201K, committed 10368K, reserved 1048576K
}
{Heap before GC invocations=583 (full 1):
 PSYoungGen      total 71680K, used 70432K [0x00000000fb800000, 0x0000000100000000, 0x0000000100000000)
  eden space 69632K, 100% used [0x00000000fb800000,0x00000000ffc00000,0x00000000ffc00000)
  from space 2048K, 39% used [0x00000000ffc00000,0x00000000ffcc8000,0x00000000ffe00000)
  to   space 2048K, 0% used [0x00000000ffe00000,0x00000000ffe00000,0x0000000100000000)
 ParOldGen       total 114688K, used 79445K [0x00000000f4800000, 0x00000000fb800000, 0x00000000fb800000)
  object space 114688K, 69% used [0x00000000f4800000,0x00000000f9595418,0x00000000fb800000)
 Metaspace       used 75142K, capacity 79252K, committed 79744K, reserved 1118208K
  class space    used 9478K, capacity 10201K, committed 10368K, reserved 1048576K
2024-06-11T21:20:06.532+0800: 2465.745: [GC (Allocation Failure) [PSYoungGen: 70432K->832K(71680K)] 149877K->80365K(186368K), 0.0047323 secs] [Times: user=0.00 sys=0.00, real=0.00 secs] 
Heap after GC invocations=583 (full 1):
 PSYoungGen      total 71680K, used 832K [0x00000000fb800000, 0x0000000100000000, 0x0000000100000000)
  eden space 69632K, 0% used [0x00000000fb800000,0x00000000fb800000,0x00000000ffc00000)
  from space 2048K, 40% used [0x00000000ffe00000,0x00000000ffed0000,0x0000000100000000)
  to   space 2048K, 0% used [0x00000000ffc00000,0x00000000ffc00000,0x00000000ffe00000)
 ParOldGen       total 114688K, used 79533K [0x00000000f4800000, 0x00000000fb800000, 0x00000000fb800000)
  object space 114688K, 69% used [0x00000000f4800000,0x00000000f95ab418,0x00000000fb800000)
 Metaspace       used 75142K, capacity 79252K, committed 79744K, reserved 1118208K
  class space    used 9478K, capacity 10201K, committed 10368K, reserved 1048576K
}
{Heap before GC invocations=584 (full 1):
 PSYoungGen      total 71680K, used 70464K [0x00000000fb800000, 0x0000000100000000, 0x0000000100000000)
  eden space 69632K, 100% used [0x00000000fb800000,0x00000000ffc00000,0x00000000ffc00000)
  from space 2048K, 40% used [0x00000000ffe00000,0x00000000ffed0000,0x0000000100000000)
  to   space 2048K, 0% used [0x00000000ffc00000,0x00000000ffc00000,0x00000000ffe00000)
 ParOldGen       total 114688K, used 79533K [0x00000000f4800000, 0x00000000fb800000, 0x00000000fb800000)
  object space 114688K, 69% used [0x00000000f4800000,0x00000000f95ab418,0x00000000fb800000)
 Metaspace       used 75142K, capacity 79252K, committed 79744K, reserved 1118208K
  class space    used 9478K, capacity 10201K, committed 10368K, reserved 1048576K
2024-06-11T21:20:10.779+0800: 2469.992: [GC (Allocation Failure) [PSYoungGen: 70464K->2048K(71680K)] 149997K->81877K(186368K), 0.0081139 secs] [Times: user=0.01 sys=0.00, real=0.01 secs] 
Heap after GC invocations=584 (full 1):
 PSYoungGen      total 71680K, used 2048K [0x00000000fb800000, 0x0000000100000000, 0x0000000100000000)
  eden space 69632K, 0% used [0x00000000fb800000,0x00000000fb800000,0x00000000ffc00000)
  from space 2048K, 100% used [0x00000000ffc00000,0x00000000ffe00000,0x00000000ffe00000)
  to   space 2048K, 0% used [0x00000000ffe00000,0x00000000ffe00000,0x0000000100000000)
 ParOldGen       total 114688K, used 79829K [0x00000000f4800000, 0x00000000fb800000, 0x00000000fb800000)
  object space 114688K, 69% used [0x00000000f4800000,0x00000000f95f5418,0x00000000fb800000)
 Metaspace       used 75142K, capacity 79252K, committed 79744K, reserved 1118208K
  class space    used 9478K, capacity 10201K, committed 10368K, reserved 1048576K
}
{Heap before GC invocations=585 (full 1):
 PSYoungGen      total 71680K, used 71680K [0x00000000fb800000, 0x0000000100000000, 0x0000000100000000)
  eden space 69632K, 100% used [0x00000000fb800000,0x00000000ffc00000,0x00000000ffc00000)
  from space 2048K, 100% used [0x00000000ffc00000,0x00000000ffe00000,0x00000000ffe00000)
  to   space 2048K, 0% used [0x00000000ffe00000,0x00000000ffe00000,0x0000000100000000)
 ParOldGen       total 114688K, used 79829K [0x00000000f4800000, 0x00000000fb800000, 0x00000000fb800000)
  object space 114688K, 69% used [0x00000000f4800000,0x00000000f95f5418,0x00000000fb800000)
 Metaspace       used 75142K, capacity 79252K, committed 79744K, reserved 1118208K
  class space    used 9478K, capacity 10201K, committed 10368K, reserved 1048576K
2024-06-11T21:20:14.966+0800: 2474.179: [GC (Allocation Failure) [PSYoungGen: 71680K->1248K(70656K)] 151509K->83013K(185344K), 0.0072068 secs] [Times: user=0.01 sys=0.00, real=0.01 secs] 
Heap after GC invocations=585 (full 1):
 PSYoungGen      total 70656K, used 1248K [0x00000000fb800000, 0x0000000100000000, 0x0000000100000000)
  eden space 68608K, 0% used [0x00000000fb800000,0x00000000fb800000,0x00000000ffb00000)
  from space 2048K, 60% used [0x00000000ffe00000,0x00000000fff38000,0x0000000100000000)
  to   space 2560K, 0% used [0x00000000ffb00000,0x00000000ffb00000,0x00000000ffd80000)
 ParOldGen       total 114688K, used 81765K [0x00000000f4800000, 0x00000000fb800000, 0x00000000fb800000)
  object space 114688K, 71% used [0x00000000f4800000,0x00000000f97d9418,0x00000000fb800000)
 Metaspace       used 75142K, capacity 79252K, committed 79744K, reserved 1118208K
  class space    used 9478K, capacity 10201K, committed 10368K, reserved 1048576K
}
{Heap before GC invocations=586 (full 1):
 PSYoungGen      total 70656K, used 69856K [0x00000000fb800000, 0x0000000100000000, 0x0000000100000000)
  eden space 68608K, 100% used [0x00000000fb800000,0x00000000ffb00000,0x00000000ffb00000)
  from space 2048K, 60% used [0x00000000ffe00000,0x00000000fff38000,0x0000000100000000)
  to   space 2560K, 0% used [0x00000000ffb00000,0x00000000ffb00000,0x00000000ffd80000)
 ParOldGen       total 114688K, used 81765K [0x00000000f4800000, 0x00000000fb800000, 0x00000000fb800000)
  object space 114688K, 71% used [0x00000000f4800000,0x00000000f97d9418,0x00000000fb800000)
 Metaspace       used 75142K, capacity 79252K, committed 79744K, reserved 1118208K
  class space    used 9478K, capacity 10201K, committed 10368K, reserved 1048576K
2024-06-11T21:20:19.324+0800: 2478.537: [GC (Allocation Failure) [PSYoungGen: 69856K->800K(71168K)] 151621K->83069K(185856K), 0.0059348 secs] [Times: user=0.01 sys=0.00, real=0.00 secs] 
Heap after GC invocations=586 (full 1):
 PSYoungGen      total 71168K, used 800K [0x00000000fb800000, 0x0000000100000000, 0x0000000100000000)
  eden space 68608K, 0% used [0x00000000fb800000,0x00000000fb800000,0x00000000ffb00000)
  from space 2560K, 31% used [0x00000000ffb00000,0x00000000ffbc8000,0x00000000ffd80000)
  to   space 2048K, 0% used [0x00000000ffe00000,0x00000000ffe00000,0x0000000100000000)
 ParOldGen       total 114688K, used 82269K [0x00000000f4800000, 0x00000000fb800000, 0x00000000fb800000)
  object space 114688K, 71% used [0x00000000f4800000,0x00000000f9857418,0x00000000fb800000)
 Metaspace       used 75142K, capacity 79252K, committed 79744K, reserved 1118208K
  class space    used 9478K, capacity 10201K, committed 10368K, reserved 1048576K
}
{Heap before GC invocations=587 (full 1):
 PSYoungGen      total 71168K, used 69408K [0x00000000fb800000, 0x0000000100000000, 0x0000000100000000)
  eden space 68608K, 100% used [0x00000000fb800000,0x00000000ffb00000,0x00000000ffb00000)
  from space 2560K, 31% used [0x00000000ffb00000,0x00000000ffbc8000,0x00000000ffd80000)
  to   space 2048K, 0% used [0x00000000ffe00000,0x00000000ffe00000,0x0000000100000000)
 ParOldGen       total 114688K, used 82269K [0x00000000f4800000, 0x00000000fb800000, 0x00000000fb800000)
  object space 114688K, 71% used [0x00000000f4800000,0x00000000f9857418,0x00000000fb800000)
 Metaspace       used 75142K, capacity 79252K, committed 79744K, reserved 1118208K
  class space    used 9478K, capacity 10201K, committed 10368K, reserved 1048576K
2024-06-11T21:20:23.694+0800: 2482.907: [GC (Allocation Failure) [PSYoungGen: 69408K->1294K(71680K)] 151677K->83643K(186368K), 0.0060960 secs] [Times: user=0.01 sys=0.00, real=0.00 secs] 
Heap after GC invocations=587 (full 1):
 PSYoungGen      total 71680K, used 1294K [0x00000000fb800000, 0x0000000100000000, 0x0000000100000000)
  eden space 69632K, 0% used [0x00000000fb800000,0x00000000fb800000,0x00000000ffc00000)
  from space 2048K, 63% used [0x00000000ffe00000,0x00000000fff43860,0x0000000100000000)
  to   space 2048K, 0% used [0x00000000ffc00000,0x00000000ffc00000,0x00000000ffe00000)
 ParOldGen       total 114688K, used 82349K [0x00000000f4800000, 0x00000000fb800000, 0x00000000fb800000)
  object space 114688K, 71% used [0x00000000f4800000,0x00000000f986b418,0x00000000fb800000)
 Metaspace       used 75142K, capacity 79252K, committed 79744K, reserved 1118208K
  class space    used 9478K, capacity 10201K, committed 10368K, reserved 1048576K
}
{Heap before GC invocations=588 (full 1):
 PSYoungGen      total 71680K, used 70926K [0x00000000fb800000, 0x0000000100000000, 0x0000000100000000)
  eden space 69632K, 100% used [0x00000000fb800000,0x00000000ffc00000,0x00000000ffc00000)
  from space 2048K, 63% used [0x00000000ffe00000,0x00000000fff43860,0x0000000100000000)
  to   space 2048K, 0% used [0x00000000ffc00000,0x00000000ffc00000,0x00000000ffe00000)
 ParOldGen       total 114688K, used 82349K [0x00000000f4800000, 0x00000000fb800000, 0x00000000fb800000)
  object space 114688K, 71% used [0x00000000f4800000,0x00000000f986b418,0x00000000fb800000)
 Metaspace       used 75142K, capacity 79252K, committed 79744K, reserved 1118208K
  class space    used 9478K, capacity 10201K, committed 10368K, reserved 1048576K
2024-06-11T21:20:28.092+0800: 2487.306: [GC (Allocation Failure) [PSYoungGen: 70926K->832K(71680K)] 153275K->83261K(186368K), 0.0047740 secs] [Times: user=0.01 sys=0.00, real=0.00 secs] 
Heap after GC invocations=588 (full 1):
 PSYoungGen      total 71680K, used 832K [0x00000000fb800000, 0x0000000100000000, 0x0000000100000000)
  eden space 69632K, 0% used [0x00000000fb800000,0x00000000fb800000,0x00000000ffc00000)
  from space 2048K, 40% used [0x00000000ffc00000,0x00000000ffcd0000,0x00000000ffe00000)
  to   space 2048K, 0% used [0x00000000ffe00000,0x00000000ffe00000,0x0000000100000000)
 ParOldGen       total 114688K, used 82429K [0x00000000f4800000, 0x00000000fb800000, 0x00000000fb800000)
  object space 114688K, 71% used [0x00000000f4800000,0x00000000f987f418,0x00000000fb800000)
 Metaspace       used 75142K, capacity 79252K, committed 79744K, reserved 1118208K
  class space    used 9478K, capacity 10201K, committed 10368K, reserved 1048576K
}
{Heap before GC invocations=589 (full 1):
 PSYoungGen      total 71680K, used 70464K [0x00000000fb800000, 0x0000000100000000, 0x0000000100000000)
  eden space 69632K, 100% used [0x00000000fb800000,0x00000000ffc00000,0x00000000ffc00000)
  from space 2048K, 40% used [0x00000000ffc00000,0x00000000ffcd0000,0x00000000ffe00000)
  to   space 2048K, 0% used [0x00000000ffe00000,0x00000000ffe00000,0x0000000100000000)
 ParOldGen       total 114688K, used 82429K [0x00000000f4800000, 0x00000000fb800000, 0x00000000fb800000)
  object space 114688K, 71% used [0x00000000f4800000,0x00000000f987f418,0x00000000fb800000)
 Metaspace       used 75142K, capacity 79252K, committed 79744K, reserved 1118208K
  class space    used 9478K, capacity 10201K, committed 10368K, reserved 1048576K
2024-06-11T21:20:32.419+0800: 2491.633: [GC (Allocation Failure) [PSYoungGen: 70464K->832K(71680K)] 152893K->83341K(186368K), 0.0047818 secs] [Times: user=0.01 sys=0.00, real=0.01 secs] 
Heap after GC invocations=589 (full 1):
 PSYoungGen      total 71680K, used 832K [0x00000000fb800000, 0x0000000100000000, 0x0000000100000000)
  eden space 69632K, 0% used [0x00000000fb800000,0x00000000fb800000,0x00000000ffc00000)
  from space 2048K, 40% used [0x00000000ffe00000,0x00000000ffed0000,0x0000000100000000)
  to   space 2048K, 0% used [0x00000000ffc00000,0x00000000ffc00000,0x00000000ffe00000)
 ParOldGen       total 114688K, used 82509K [0x00000000f4800000, 0x00000000fb800000, 0x00000000fb800000)
  object space 114688K, 71% used [0x00000000f4800000,0x00000000f9893418,0x00000000fb800000)
 Metaspace       used 75142K, capacity 79252K, committed 79744K, reserved 1118208K
  class space    used 9478K, capacity 10201K, committed 10368K, reserved 1048576K
}
{Heap before GC invocations=590 (full 1):
 PSYoungGen      total 71680K, used 70464K [0x00000000fb800000, 0x0000000100000000, 0x0000000100000000)
  eden space 69632K, 100% used [0x00000000fb800000,0x00000000ffc00000,0x00000000ffc00000)
  from space 2048K, 40% used [0x00000000ffe00000,0x00000000ffed0000,0x0000000100000000)
  to   space 2048K, 0% used [0x00000000ffc00000,0x00000000ffc00000,0x00000000ffe00000)
 ParOldGen       total 114688K, used 82509K [0x00000000f4800000, 0x00000000fb800000, 0x00000000fb800000)
  object space 114688K, 71% used [0x00000000f4800000,0x00000000f9893418,0x00000000fb800000)
 Metaspace       used 75142K, capacity 79252K, committed 79744K, reserved 1118208K
  class space    used 9478K, capacity 10201K, committed 10368K, reserved 1048576K
2024-06-11T21:20:36.734+0800: 2495.947: [GC (Allocation Failure) [PSYoungGen: 70464K->832K(71680K)] 152973K->83429K(186368K), 0.0050832 secs] [Times: user=0.01 sys=0.00, real=0.00 secs] 
Heap after GC invocations=590 (full 1):
 PSYoungGen      total 71680K, used 832K [0x00000000fb800000, 0x0000000100000000, 0x0000000100000000)
  eden space 69632K, 0% used [0x00000000fb800000,0x00000000fb800000,0x00000000ffc00000)
  from space 2048K, 40% used [0x00000000ffc00000,0x00000000ffcd0000,0x00000000ffe00000)
  to   space 2048K, 0% used [0x00000000ffe00000,0x00000000ffe00000,0x0000000100000000)
 ParOldGen       total 114688K, used 82597K [0x00000000f4800000, 0x00000000fb800000, 0x00000000fb800000)
  object space 114688K, 72% used [0x00000000f4800000,0x00000000f98a9418,0x00000000fb800000)
 Metaspace       used 75142K, capacity 79252K, committed 79744K, reserved 1118208K
  class space    used 9478K, capacity 10201K, committed 10368K, reserved 1048576K
}
{Heap before GC invocations=591 (full 1):
 PSYoungGen      total 71680K, used 70464K [0x00000000fb800000, 0x0000000100000000, 0x0000000100000000)
  eden space 69632K, 100% used [0x00000000fb800000,0x00000000ffc00000,0x00000000ffc00000)
  from space 2048K, 40% used [0x00000000ffc00000,0x00000000ffcd0000,0x00000000ffe00000)
  to   space 2048K, 0% used [0x00000000ffe00000,0x00000000ffe00000,0x0000000100000000)
 ParOldGen       total 114688K, used 82597K [0x00000000f4800000, 0x00000000fb800000, 0x00000000fb800000)
  object space 114688K, 72% used [0x00000000f4800000,0x00000000f98a9418,0x00000000fb800000)
 Metaspace       used 75142K, capacity 79252K, committed 79744K, reserved 1118208K
  class space    used 9478K, capacity 10201K, committed 10368K, reserved 1048576K
2024-06-11T21:20:41.038+0800: 2500.251: [GC (Allocation Failure) [PSYoungGen: 70464K->800K(71680K)] 153061K->83477K(186368K), 0.0278927 secs] [Times: user=0.03 sys=0.01, real=0.03 secs] 
Heap after GC invocations=591 (full 1):
 PSYoungGen      total 71680K, used 800K [0x00000000fb800000, 0x0000000100000000, 0x0000000100000000)
  eden space 69632K, 0% used [0x00000000fb800000,0x00000000fb800000,0x00000000ffc00000)
  from space 2048K, 39% used [0x00000000ffe00000,0x00000000ffec8000,0x0000000100000000)
  to   space 2048K, 0% used [0x00000000ffc00000,0x00000000ffc00000,0x00000000ffe00000)
 ParOldGen       total 114688K, used 82677K [0x00000000f4800000, 0x00000000fb800000, 0x00000000fb800000)
  object space 114688K, 72% used [0x00000000f4800000,0x00000000f98bd418,0x00000000fb800000)
 Metaspace       used 75142K, capacity 79252K, committed 79744K, reserved 1118208K
  class space    used 9478K, capacity 10201K, committed 10368K, reserved 1048576K
}
{Heap before GC invocations=592 (full 1):
 PSYoungGen      total 71680K, used 70432K [0x00000000fb800000, 0x0000000100000000, 0x0000000100000000)
  eden space 69632K, 100% used [0x00000000fb800000,0x00000000ffc00000,0x00000000ffc00000)
  from space 2048K, 39% used [0x00000000ffe00000,0x00000000ffec8000,0x0000000100000000)
  to   space 2048K, 0% used [0x00000000ffc00000,0x00000000ffc00000,0x00000000ffe00000)
 ParOldGen       total 114688K, used 82677K [0x00000000f4800000, 0x00000000fb800000, 0x00000000fb800000)
  object space 114688K, 72% used [0x00000000f4800000,0x00000000f98bd418,0x00000000fb800000)
 Metaspace       used 75142K, capacity 79252K, committed 79744K, reserved 1118208K
  class space    used 9478K, capacity 10201K, committed 10368K, reserved 1048576K
2024-06-11T21:20:45.590+0800: 2504.804: [GC (Allocation Failure) [PSYoungGen: 70432K->800K(71680K)] 153109K->83557K(186368K), 0.0048562 secs] [Times: user=0.01 sys=0.00, real=0.01 secs] 
Heap after GC invocations=592 (full 1):
 PSYoungGen      total 71680K, used 800K [0x00000000fb800000, 0x0000000100000000, 0x0000000100000000)
  eden space 69632K, 0% used [0x00000000fb800000,0x00000000fb800000,0x00000000ffc00000)
  from space 2048K, 39% used [0x00000000ffc00000,0x00000000ffcc8000,0x00000000ffe00000)
  to   space 2048K, 0% used [0x00000000ffe00000,0x00000000ffe00000,0x0000000100000000)
 ParOldGen       total 114688K, used 82757K [0x00000000f4800000, 0x00000000fb800000, 0x00000000fb800000)
  object space 114688K, 72% used [0x00000000f4800000,0x00000000f98d1418,0x00000000fb800000)
 Metaspace       used 75142K, capacity 79252K, committed 79744K, reserved 1118208K
  class space    used 9478K, capacity 10201K, committed 10368K, reserved 1048576K
}
{Heap before GC invocations=593 (full 1):
 PSYoungGen      total 71680K, used 70432K [0x00000000fb800000, 0x0000000100000000, 0x0000000100000000)
  eden space 69632K, 100% used [0x00000000fb800000,0x00000000ffc00000,0x00000000ffc00000)
  from space 2048K, 39% used [0x00000000ffc00000,0x00000000ffcc8000,0x00000000ffe00000)
  to   space 2048K, 0% used [0x00000000ffe00000,0x00000000ffe00000,0x0000000100000000)
 ParOldGen       total 114688K, used 82757K [0x00000000f4800000, 0x00000000fb800000, 0x00000000fb800000)
  object space 114688K, 72% used [0x00000000f4800000,0x00000000f98d1418,0x00000000fb800000)
 Metaspace       used 75142K, capacity 79252K, committed 79744K, reserved 1118208K
  class space    used 9478K, capacity 10201K, committed 10368K, reserved 1048576K
2024-06-11T21:20:49.847+0800: 2509.060: [GC (Allocation Failure) [PSYoungGen: 70432K->832K(71680K)] 153189K->83677K(186368K), 0.0049516 secs] [Times: user=0.01 sys=0.00, real=0.01 secs] 
Heap after GC invocations=593 (full 1):
 PSYoungGen      total 71680K, used 832K [0x00000000fb800000, 0x0000000100000000, 0x0000000100000000)
  eden space 69632K, 0% used [0x00000000fb800000,0x00000000fb800000,0x00000000ffc00000)
  from space 2048K, 40% used [0x00000000ffe00000,0x00000000ffed0000,0x0000000100000000)
  to   space 2048K, 0% used [0x00000000ffc00000,0x00000000ffc00000,0x00000000ffe00000)
 ParOldGen       total 114688K, used 82845K [0x00000000f4800000, 0x00000000fb800000, 0x00000000fb800000)
  object space 114688K, 72% used [0x00000000f4800000,0x00000000f98e7418,0x00000000fb800000)
 Metaspace       used 75142K, capacity 79252K, committed 79744K, reserved 1118208K
  class space    used 9478K, capacity 10201K, committed 10368K, reserved 1048576K
}
{Heap before GC invocations=594 (full 1):
 PSYoungGen      total 71680K, used 70464K [0x00000000fb800000, 0x0000000100000000, 0x0000000100000000)
  eden space 69632K, 100% used [0x00000000fb800000,0x00000000ffc00000,0x00000000ffc00000)
  from space 2048K, 40% used [0x00000000ffe00000,0x00000000ffed0000,0x0000000100000000)
  to   space 2048K, 0% used [0x00000000ffc00000,0x00000000ffc00000,0x00000000ffe00000)
 ParOldGen       total 114688K, used 82845K [0x00000000f4800000, 0x00000000fb800000, 0x00000000fb800000)
  object space 114688K, 72% used [0x00000000f4800000,0x00000000f98e7418,0x00000000fb800000)
 Metaspace       used 75142K, capacity 79252K, committed 79744K, reserved 1118208K
  class space    used 9478K, capacity 10201K, committed 10368K, reserved 1048576K
2024-06-11T21:20:54.272+0800: 2513.486: [GC (Allocation Failure) [PSYoungGen: 70464K->1358K(71680K)] 153309K->84283K(186368K), 0.0051293 secs] [Times: user=0.00 sys=0.00, real=0.00 secs] 
Heap after GC invocations=594 (full 1):
 PSYoungGen      total 71680K, used 1358K [0x00000000fb800000, 0x0000000100000000, 0x0000000100000000)
  eden space 69632K, 0% used [0x00000000fb800000,0x00000000fb800000,0x00000000ffc00000)
  from space 2048K, 66% used [0x00000000ffc00000,0x00000000ffd53860,0x00000000ffe00000)
  to   space 2048K, 0% used [0x00000000ffe00000,0x00000000ffe00000,0x0000000100000000)
 ParOldGen       total 114688K, used 82925K [0x00000000f4800000, 0x00000000fb800000, 0x00000000fb800000)
  object space 114688K, 72% used [0x00000000f4800000,0x00000000f98fb418,0x00000000fb800000)
 Metaspace       used 75142K, capacity 79252K, committed 79744K, reserved 1118208K
  class space    used 9478K, capacity 10201K, committed 10368K, reserved 1048576K
}
{Heap before GC invocations=595 (full 1):
 PSYoungGen      total 71680K, used 70990K [0x00000000fb800000, 0x0000000100000000, 0x0000000100000000)
  eden space 69632K, 100% used [0x00000000fb800000,0x00000000ffc00000,0x00000000ffc00000)
  from space 2048K, 66% used [0x00000000ffc00000,0x00000000ffd53860,0x00000000ffe00000)
  to   space 2048K, 0% used [0x00000000ffe00000,0x00000000ffe00000,0x0000000100000000)
 ParOldGen       total 114688K, used 82925K [0x00000000f4800000, 0x00000000fb800000, 0x00000000fb800000)
  object space 114688K, 72% used [0x00000000f4800000,0x00000000f98fb418,0x00000000fb800000)
 Metaspace       used 75142K, capacity 79252K, committed 79744K, reserved 1118208K
  class space    used 9478K, capacity 10201K, committed 10368K, reserved 1048576K
2024-06-11T21:20:58.639+0800: 2517.852: [GC (Allocation Failure) [PSYoungGen: 70990K->768K(71680K)] 153915K->83773K(186368K), 0.0047875 secs] [Times: user=0.01 sys=0.00, real=0.01 secs] 
Heap after GC invocations=595 (full 1):
 PSYoungGen      total 71680K, used 768K [0x00000000fb800000, 0x0000000100000000, 0x0000000100000000)
  eden space 69632K, 0% used [0x00000000fb800000,0x00000000fb800000,0x00000000ffc00000)
  from space 2048K, 37% used [0x00000000ffe00000,0x00000000ffec0000,0x0000000100000000)
  to   space 2048K, 0% used [0x00000000ffc00000,0x00000000ffc00000,0x00000000ffe00000)
 ParOldGen       total 114688K, used 83005K [0x00000000f4800000, 0x00000000fb800000, 0x00000000fb800000)
  object space 114688K, 72% used [0x00000000f4800000,0x00000000f990f418,0x00000000fb800000)
 Metaspace       used 75142K, capacity 79252K, committed 79744K, reserved 1118208K
  class space    used 9478K, capacity 10201K, committed 10368K, reserved 1048576K
}
{Heap before GC invocations=596 (full 1):
 PSYoungGen      total 71680K, used 70400K [0x00000000fb800000, 0x0000000100000000, 0x0000000100000000)
  eden space 69632K, 100% used [0x00000000fb800000,0x00000000ffc00000,0x00000000ffc00000)
  from space 2048K, 37% used [0x00000000ffe00000,0x00000000ffec0000,0x0000000100000000)
  to   space 2048K, 0% used [0x00000000ffc00000,0x00000000ffc00000,0x00000000ffe00000)
 ParOldGen       total 114688K, used 83005K [0x00000000f4800000, 0x00000000fb800000, 0x00000000fb800000)
  object space 114688K, 72% used [0x00000000f4800000,0x00000000f990f418,0x00000000fb800000)
 Metaspace       used 75142K, capacity 79252K, committed 79744K, reserved 1118208K
  class space    used 9478K, capacity 10201K, committed 10368K, reserved 1048576K
2024-06-11T21:21:02.833+0800: 2522.047: [GC (Allocation Failure) [PSYoungGen: 70400K->800K(71680K)] 153405K->83893K(186368K), 0.0046723 secs] [Times: user=0.01 sys=0.00, real=0.00 secs] 
Heap after GC invocations=596 (full 1):
 PSYoungGen      total 71680K, used 800K [0x00000000fb800000, 0x0000000100000000, 0x0000000100000000)
  eden space 69632K, 0% used [0x00000000fb800000,0x00000000fb800000,0x00000000ffc00000)
  from space 2048K, 39% used [0x00000000ffc00000,0x00000000ffcc8000,0x00000000ffe00000)
  to   space 2048K, 0% used [0x00000000ffe00000,0x00000000ffe00000,0x0000000100000000)
 ParOldGen       total 114688K, used 83093K [0x00000000f4800000, 0x00000000fb800000, 0x00000000fb800000)
  object space 114688K, 72% used [0x00000000f4800000,0x00000000f9925418,0x00000000fb800000)
 Metaspace       used 75142K, capacity 79252K, committed 79744K, reserved 1118208K
  class space    used 9478K, capacity 10201K, committed 10368K, reserved 1048576K
}
{Heap before GC invocations=597 (full 1):
 PSYoungGen      total 71680K, used 70432K [0x00000000fb800000, 0x0000000100000000, 0x0000000100000000)
  eden space 69632K, 100% used [0x00000000fb800000,0x00000000ffc00000,0x00000000ffc00000)
  from space 2048K, 39% used [0x00000000ffc00000,0x00000000ffcc8000,0x00000000ffe00000)
  to   space 2048K, 0% used [0x00000000ffe00000,0x00000000ffe00000,0x0000000100000000)
 ParOldGen       total 114688K, used 83093K [0x00000000f4800000, 0x00000000fb800000, 0x00000000fb800000)
  object space 114688K, 72% used [0x00000000f4800000,0x00000000f9925418,0x00000000fb800000)
 Metaspace       used 75142K, capacity 79252K, committed 79744K, reserved 1118208K
  class space    used 9478K, capacity 10201K, committed 10368K, reserved 1048576K
2024-06-11T21:21:07.438+0800: 2526.651: [GC (Allocation Failure) [PSYoungGen: 70432K->896K(71680K)] 153525K->84069K(186368K), 0.0050394 secs] [Times: user=0.01 sys=0.00, real=0.01 secs] 
Heap after GC invocations=597 (full 1):
 PSYoungGen      total 71680K, used 896K [0x00000000fb800000, 0x0000000100000000, 0x0000000100000000)
  eden space 69632K, 0% used [0x00000000fb800000,0x00000000fb800000,0x00000000ffc00000)
  from space 2048K, 43% used [0x00000000ffe00000,0x00000000ffee0000,0x0000000100000000)
  to   space 2048K, 0% used [0x00000000ffc00000,0x00000000ffc00000,0x00000000ffe00000)
 ParOldGen       total 114688K, used 83173K [0x00000000f4800000, 0x00000000fb800000, 0x00000000fb800000)
  object space 114688K, 72% used [0x00000000f4800000,0x00000000f9939418,0x00000000fb800000)
 Metaspace       used 75142K, capacity 79252K, committed 79744K, reserved 1118208K
  class space    used 9478K, capacity 10201K, committed 10368K, reserved 1048576K
}
{Heap before GC invocations=598 (full 1):
 PSYoungGen      total 71680K, used 70528K [0x00000000fb800000, 0x0000000100000000, 0x0000000100000000)
  eden space 69632K, 100% used [0x00000000fb800000,0x00000000ffc00000,0x00000000ffc00000)
  from space 2048K, 43% used [0x00000000ffe00000,0x00000000ffee0000,0x0000000100000000)
  to   space 2048K, 0% used [0x00000000ffc00000,0x00000000ffc00000,0x00000000ffe00000)
 ParOldGen       total 114688K, used 83173K [0x00000000f4800000, 0x00000000fb800000, 0x00000000fb800000)
  object space 114688K, 72% used [0x00000000f4800000,0x00000000f9939418,0x00000000fb800000)
 Metaspace       used 75142K, capacity 79252K, committed 79744K, reserved 1118208K
  class space    used 9478K, capacity 10201K, committed 10368K, reserved 1048576K
2024-06-11T21:21:11.752+0800: 2530.965: [GC (Allocation Failure) [PSYoungGen: 70528K->2048K(71680K)] 153701K->85557K(186368K), 0.0066360 secs] [Times: user=0.01 sys=0.00, real=0.00 secs] 
Heap after GC invocations=598 (full 1):
 PSYoungGen      total 71680K, used 2048K [0x00000000fb800000, 0x0000000100000000, 0x0000000100000000)
  eden space 69632K, 0% used [0x00000000fb800000,0x00000000fb800000,0x00000000ffc00000)
  from space 2048K, 100% used [0x00000000ffc00000,0x00000000ffe00000,0x00000000ffe00000)
  to   space 2048K, 0% used [0x00000000ffe00000,0x00000000ffe00000,0x0000000100000000)
 ParOldGen       total 114688K, used 83509K [0x00000000f4800000, 0x00000000fb800000, 0x00000000fb800000)
  object space 114688K, 72% used [0x00000000f4800000,0x00000000f998d418,0x00000000fb800000)
 Metaspace       used 75142K, capacity 79252K, committed 79744K, reserved 1118208K
  class space    used 9478K, capacity 10201K, committed 10368K, reserved 1048576K
}
{Heap before GC invocations=599 (full 1):
 PSYoungGen      total 71680K, used 71680K [0x00000000fb800000, 0x0000000100000000, 0x0000000100000000)
  eden space 69632K, 100% used [0x00000000fb800000,0x00000000ffc00000,0x00000000ffc00000)
  from space 2048K, 100% used [0x00000000ffc00000,0x00000000ffe00000,0x00000000ffe00000)
  to   space 2048K, 0% used [0x00000000ffe00000,0x00000000ffe00000,0x0000000100000000)
 ParOldGen       total 114688K, used 83509K [0x00000000f4800000, 0x00000000fb800000, 0x00000000fb800000)
  object space 114688K, 72% used [0x00000000f4800000,0x00000000f998d418,0x00000000fb800000)
 Metaspace       used 75142K, capacity 79252K, committed 79744K, reserved 1118208K
  class space    used 9478K, capacity 10201K, committed 10368K, reserved 1048576K
2024-06-11T21:21:15.943+0800: 2535.156: [GC (Allocation Failure) [PSYoungGen: 71680K->1248K(70656K)] 155189K->86669K(185344K), 0.0069836 secs] [Times: user=0.02 sys=0.00, real=0.00 secs] 
Heap after GC invocations=599 (full 1):
 PSYoungGen      total 70656K, used 1248K [0x00000000fb800000, 0x0000000100000000, 0x0000000100000000)
  eden space 68608K, 0% used [0x00000000fb800000,0x00000000fb800000,0x00000000ffb00000)
  from space 2048K, 60% used [0x00000000ffe00000,0x00000000fff38000,0x0000000100000000)
  to   space 2560K, 0% used [0x00000000ffb00000,0x00000000ffb00000,0x00000000ffd80000)
 ParOldGen       total 114688K, used 85421K [0x00000000f4800000, 0x00000000fb800000, 0x00000000fb800000)
  object space 114688K, 74% used [0x00000000f4800000,0x00000000f9b6b418,0x00000000fb800000)
 Metaspace       used 75142K, capacity 79252K, committed 79744K, reserved 1118208K
  class space    used 9478K, capacity 10201K, committed 10368K, reserved 1048576K
}
{Heap before GC invocations=600 (full 1):
 PSYoungGen      total 70656K, used 69856K [0x00000000fb800000, 0x0000000100000000, 0x0000000100000000)
  eden space 68608K, 100% used [0x00000000fb800000,0x00000000ffb00000,0x00000000ffb00000)
  from space 2048K, 60% used [0x00000000ffe00000,0x00000000fff38000,0x0000000100000000)
  to   space 2560K, 0% used [0x00000000ffb00000,0x00000000ffb00000,0x00000000ffd80000)
 ParOldGen       total 114688K, used 85421K [0x00000000f4800000, 0x00000000fb800000, 0x00000000fb800000)
  object space 114688K, 74% used [0x00000000f4800000,0x00000000f9b6b418,0x00000000fb800000)
 Metaspace       used 75142K, capacity 79252K, committed 79744K, reserved 1118208K
  class space    used 9478K, capacity 10201K, committed 10368K, reserved 1048576K
2024-06-11T21:21:20.072+0800: 2539.285: [GC (Allocation Failure) [PSYoungGen: 69856K->832K(71168K)] 155277K->86765K(185856K), 0.0053273 secs] [Times: user=0.01 sys=0.01, real=0.00 secs] 
Heap after GC invocations=600 (full 1):
 PSYoungGen      total 71168K, used 832K [0x00000000fb800000, 0x0000000100000000, 0x0000000100000000)
  eden space 68608K, 0% used [0x00000000fb800000,0x00000000fb800000,0x00000000ffb00000)
  from space 2560K, 32% used [0x00000000ffb00000,0x00000000ffbd0000,0x00000000ffd80000)
  to   space 2048K, 0% used [0x00000000ffe00000,0x00000000ffe00000,0x0000000100000000)
 ParOldGen       total 114688K, used 85933K [0x00000000f4800000, 0x00000000fb800000, 0x00000000fb800000)
  object space 114688K, 74% used [0x00000000f4800000,0x00000000f9beb418,0x00000000fb800000)
 Metaspace       used 75142K, capacity 79252K, committed 79744K, reserved 1118208K
  class space    used 9478K, capacity 10201K, committed 10368K, reserved 1048576K
}
{Heap before GC invocations=601 (full 1):
 PSYoungGen      total 71168K, used 69440K [0x00000000fb800000, 0x0000000100000000, 0x0000000100000000)
  eden space 68608K, 100% used [0x00000000fb800000,0x00000000ffb00000,0x00000000ffb00000)
  from space 2560K, 32% used [0x00000000ffb00000,0x00000000ffbd0000,0x00000000ffd80000)
  to   space 2048K, 0% used [0x00000000ffe00000,0x00000000ffe00000,0x0000000100000000)
 ParOldGen       total 114688K, used 85933K [0x00000000f4800000, 0x00000000fb800000, 0x00000000fb800000)
  object space 114688K, 74% used [0x00000000f4800000,0x00000000f9beb418,0x00000000fb800000)
 Metaspace       used 75143K, capacity 79252K, committed 79744K, reserved 1118208K
  class space    used 9478K, capacity 10201K, committed 10368K, reserved 1048576K
2024-06-11T21:21:24.415+0800: 2543.628: [GC (Allocation Failure) [PSYoungGen: 69440K->832K(71680K)] 155373K->86845K(186368K), 0.0051721 secs] [Times: user=0.01 sys=0.00, real=0.00 secs] 
Heap after GC invocations=601 (full 1):
 PSYoungGen      total 71680K, used 832K [0x00000000fb800000, 0x0000000100000000, 0x0000000100000000)
  eden space 69632K, 0% used [0x00000000fb800000,0x00000000fb800000,0x00000000ffc00000)
  from space 2048K, 40% used [0x00000000ffe00000,0x00000000ffed0000,0x0000000100000000)
  to   space 2048K, 0% used [0x00000000ffc00000,0x00000000ffc00000,0x00000000ffe00000)
 ParOldGen       total 114688K, used 86013K [0x00000000f4800000, 0x00000000fb800000, 0x00000000fb800000)
  object space 114688K, 74% used [0x00000000f4800000,0x00000000f9bff418,0x00000000fb800000)
 Metaspace       used 75143K, capacity 79252K, committed 79744K, reserved 1118208K
  class space    used 9478K, capacity 10201K, committed 10368K, reserved 1048576K
}
{Heap before GC invocations=602 (full 1):
 PSYoungGen      total 71680K, used 70464K [0x00000000fb800000, 0x0000000100000000, 0x0000000100000000)
  eden space 69632K, 100% used [0x00000000fb800000,0x00000000ffc00000,0x00000000ffc00000)
  from space 2048K, 40% used [0x00000000ffe00000,0x00000000ffed0000,0x0000000100000000)
  to   space 2048K, 0% used [0x00000000ffc00000,0x00000000ffc00000,0x00000000ffe00000)
 ParOldGen       total 114688K, used 86013K [0x00000000f4800000, 0x00000000fb800000, 0x00000000fb800000)
  object space 114688K, 74% used [0x00000000f4800000,0x00000000f9bff418,0x00000000fb800000)
 Metaspace       used 75143K, capacity 79252K, committed 79744K, reserved 1118208K
  class space    used 9478K, capacity 10201K, committed 10368K, reserved 1048576K
2024-06-11T21:21:28.807+0800: 2548.020: [GC (Allocation Failure) [PSYoungGen: 70464K->832K(71680K)] 156477K->86925K(186368K), 0.0048118 secs] [Times: user=0.01 sys=0.00, real=0.01 secs] 
Heap after GC invocations=602 (full 1):
 PSYoungGen      total 71680K, used 832K [0x00000000fb800000, 0x0000000100000000, 0x0000000100000000)
  eden space 69632K, 0% used [0x00000000fb800000,0x00000000fb800000,0x00000000ffc00000)
  from space 2048K, 40% used [0x00000000ffc00000,0x00000000ffcd0000,0x00000000ffe00000)
  to   space 2048K, 0% used [0x00000000ffe00000,0x00000000ffe00000,0x0000000100000000)
 ParOldGen       total 114688K, used 86093K [0x00000000f4800000, 0x00000000fb800000, 0x00000000fb800000)
  object space 114688K, 75% used [0x00000000f4800000,0x00000000f9c13418,0x00000000fb800000)
 Metaspace       used 75143K, capacity 79252K, committed 79744K, reserved 1118208K
  class space    used 9478K, capacity 10201K, committed 10368K, reserved 1048576K
}
{Heap before GC invocations=603 (full 1):
 PSYoungGen      total 71680K, used 70464K [0x00000000fb800000, 0x0000000100000000, 0x0000000100000000)
  eden space 69632K, 100% used [0x00000000fb800000,0x00000000ffc00000,0x00000000ffc00000)
  from space 2048K, 40% used [0x00000000ffc00000,0x00000000ffcd0000,0x00000000ffe00000)
  to   space 2048K, 0% used [0x00000000ffe00000,0x00000000ffe00000,0x0000000100000000)
 ParOldGen       total 114688K, used 86093K [0x00000000f4800000, 0x00000000fb800000, 0x00000000fb800000)
  object space 114688K, 75% used [0x00000000f4800000,0x00000000f9c13418,0x00000000fb800000)
 Metaspace       used 75143K, capacity 79252K, committed 79744K, reserved 1118208K
  class space    used 9478K, capacity 10201K, committed 10368K, reserved 1048576K
2024-06-11T21:21:33.241+0800: 2552.455: [GC (Allocation Failure) [PSYoungGen: 70464K->800K(71680K)] 156557K->86973K(186368K), 0.0047487 secs] [Times: user=0.01 sys=0.00, real=0.00 secs] 
Heap after GC invocations=603 (full 1):
 PSYoungGen      total 71680K, used 800K [0x00000000fb800000, 0x0000000100000000, 0x0000000100000000)
  eden space 69632K, 0% used [0x00000000fb800000,0x00000000fb800000,0x00000000ffc00000)
  from space 2048K, 39% used [0x00000000ffe00000,0x00000000ffec8000,0x0000000100000000)
  to   space 2048K, 0% used [0x00000000ffc00000,0x00000000ffc00000,0x00000000ffe00000)
 ParOldGen       total 114688K, used 86173K [0x00000000f4800000, 0x00000000fb800000, 0x00000000fb800000)
  object space 114688K, 75% used [0x00000000f4800000,0x00000000f9c27418,0x00000000fb800000)
 Metaspace       used 75143K, capacity 79252K, committed 79744K, reserved 1118208K
  class space    used 9478K, capacity 10201K, committed 10368K, reserved 1048576K
}
{Heap before GC invocations=604 (full 1):
 PSYoungGen      total 71680K, used 70432K [0x00000000fb800000, 0x0000000100000000, 0x0000000100000000)
  eden space 69632K, 100% used [0x00000000fb800000,0x00000000ffc00000,0x00000000ffc00000)
  from space 2048K, 39% used [0x00000000ffe00000,0x00000000ffec8000,0x0000000100000000)
  to   space 2048K, 0% used [0x00000000ffc00000,0x00000000ffc00000,0x00000000ffe00000)
 ParOldGen       total 114688K, used 86173K [0x00000000f4800000, 0x00000000fb800000, 0x00000000fb800000)
  object space 114688K, 75% used [0x00000000f4800000,0x00000000f9c27418,0x00000000fb800000)
 Metaspace       used 75143K, capacity 79252K, committed 79744K, reserved 1118208K
  class space    used 9478K, capacity 10201K, committed 10368K, reserved 1048576K
2024-06-11T21:21:37.587+0800: 2556.800: [GC (Allocation Failure) [PSYoungGen: 70432K->832K(71680K)] 156605K->87085K(186368K), 0.0048590 secs] [Times: user=0.00 sys=0.00, real=0.01 secs] 
Heap after GC invocations=604 (full 1):
 PSYoungGen      total 71680K, used 832K [0x00000000fb800000, 0x0000000100000000, 0x0000000100000000)
  eden space 69632K, 0% used [0x00000000fb800000,0x00000000fb800000,0x00000000ffc00000)
  from space 2048K, 40% used [0x00000000ffc00000,0x00000000ffcd0000,0x00000000ffe00000)
  to   space 2048K, 0% used [0x00000000ffe00000,0x00000000ffe00000,0x0000000100000000)
 ParOldGen       total 114688K, used 86253K [0x00000000f4800000, 0x00000000fb800000, 0x00000000fb800000)
  object space 114688K, 75% used [0x00000000f4800000,0x00000000f9c3b418,0x00000000fb800000)
 Metaspace       used 75143K, capacity 79252K, committed 79744K, reserved 1118208K
  class space    used 9478K, capacity 10201K, committed 10368K, reserved 1048576K
}
{Heap before GC invocations=605 (full 1):
 PSYoungGen      total 71680K, used 70464K [0x00000000fb800000, 0x0000000100000000, 0x0000000100000000)
  eden space 69632K, 100% used [0x00000000fb800000,0x00000000ffc00000,0x00000000ffc00000)
  from space 2048K, 40% used [0x00000000ffc00000,0x00000000ffcd0000,0x00000000ffe00000)
  to   space 2048K, 0% used [0x00000000ffe00000,0x00000000ffe00000,0x0000000100000000)
 ParOldGen       total 114688K, used 86253K [0x00000000f4800000, 0x00000000fb800000, 0x00000000fb800000)
  object space 114688K, 75% used [0x00000000f4800000,0x00000000f9c3b418,0x00000000fb800000)
 Metaspace       used 75145K, capacity 79252K, committed 79744K, reserved 1118208K
  class space    used 9478K, capacity 10201K, committed 10368K, reserved 1048576K
2024-06-11T21:21:42.036+0800: 2561.249: [GC (Allocation Failure) [PSYoungGen: 70464K->864K(71680K)] 156717K->87197K(186368K), 0.0048661 secs] [Times: user=0.01 sys=0.00, real=0.01 secs] 
Heap after GC invocations=605 (full 1):
 PSYoungGen      total 71680K, used 864K [0x00000000fb800000, 0x0000000100000000, 0x0000000100000000)
  eden space 69632K, 0% used [0x00000000fb800000,0x00000000fb800000,0x00000000ffc00000)
  from space 2048K, 42% used [0x00000000ffe00000,0x00000000ffed8000,0x0000000100000000)
  to   space 2048K, 0% used [0x00000000ffc00000,0x00000000ffc00000,0x00000000ffe00000)
 ParOldGen       total 114688K, used 86333K [0x00000000f4800000, 0x00000000fb800000, 0x00000000fb800000)
  object space 114688K, 75% used [0x00000000f4800000,0x00000000f9c4f418,0x00000000fb800000)
 Metaspace       used 75145K, capacity 79252K, committed 79744K, reserved 1118208K
  class space    used 9478K, capacity 10201K, committed 10368K, reserved 1048576K
}
{Heap before GC invocations=606 (full 1):
 PSYoungGen      total 71680K, used 70496K [0x00000000fb800000, 0x0000000100000000, 0x0000000100000000)
  eden space 69632K, 100% used [0x00000000fb800000,0x00000000ffc00000,0x00000000ffc00000)
  from space 2048K, 42% used [0x00000000ffe00000,0x00000000ffed8000,0x0000000100000000)
  to   space 2048K, 0% used [0x00000000ffc00000,0x00000000ffc00000,0x00000000ffe00000)
 ParOldGen       total 114688K, used 86333K [0x00000000f4800000, 0x00000000fb800000, 0x00000000fb800000)
  object space 114688K, 75% used [0x00000000f4800000,0x00000000f9c4f418,0x00000000fb800000)
 Metaspace       used 75145K, capacity 79252K, committed 79744K, reserved 1118208K
  class space    used 9478K, capacity 10201K, committed 10368K, reserved 1048576K
2024-06-11T21:21:46.143+0800: 2565.356: [GC (Allocation Failure) [PSYoungGen: 70496K->832K(71680K)] 156829K->87245K(186368K), 0.0050023 secs] [Times: user=0.01 sys=0.00, real=0.00 secs] 
Heap after GC invocations=606 (full 1):
 PSYoungGen      total 71680K, used 832K [0x00000000fb800000, 0x0000000100000000, 0x0000000100000000)
  eden space 69632K, 0% used [0x00000000fb800000,0x00000000fb800000,0x00000000ffc00000)
  from space 2048K, 40% used [0x00000000ffc00000,0x00000000ffcd0000,0x00000000ffe00000)
  to   space 2048K, 0% used [0x00000000ffe00000,0x00000000ffe00000,0x0000000100000000)
 ParOldGen       total 114688K, used 86413K [0x00000000f4800000, 0x00000000fb800000, 0x00000000fb800000)
  object space 114688K, 75% used [0x00000000f4800000,0x00000000f9c63418,0x00000000fb800000)
 Metaspace       used 75145K, capacity 79252K, committed 79744K, reserved 1118208K
  class space    used 9478K, capacity 10201K, committed 10368K, reserved 1048576K
}
{Heap before GC invocations=607 (full 1):
 PSYoungGen      total 71680K, used 70464K [0x00000000fb800000, 0x0000000100000000, 0x0000000100000000)
  eden space 69632K, 100% used [0x00000000fb800000,0x00000000ffc00000,0x00000000ffc00000)
  from space 2048K, 40% used [0x00000000ffc00000,0x00000000ffcd0000,0x00000000ffe00000)
  to   space 2048K, 0% used [0x00000000ffe00000,0x00000000ffe00000,0x0000000100000000)
 ParOldGen       total 114688K, used 86413K [0x00000000f4800000, 0x00000000fb800000, 0x00000000fb800000)
  object space 114688K, 75% used [0x00000000f4800000,0x00000000f9c63418,0x00000000fb800000)
 Metaspace       used 75145K, capacity 79252K, committed 79744K, reserved 1118208K
  class space    used 9478K, capacity 10201K, committed 10368K, reserved 1048576K
2024-06-11T21:21:50.445+0800: 2569.658: [GC (Allocation Failure) [PSYoungGen: 70464K->800K(71680K)] 156877K->87293K(186368K), 0.0047742 secs] [Times: user=0.01 sys=0.00, real=0.00 secs] 
Heap after GC invocations=607 (full 1):
 PSYoungGen      total 71680K, used 800K [0x00000000fb800000, 0x0000000100000000, 0x0000000100000000)
  eden space 69632K, 0% used [0x00000000fb800000,0x00000000fb800000,0x00000000ffc00000)
  from space 2048K, 39% used [0x00000000ffe00000,0x00000000ffec8000,0x0000000100000000)
  to   space 2048K, 0% used [0x00000000ffc00000,0x00000000ffc00000,0x00000000ffe00000)
 ParOldGen       total 114688K, used 86493K [0x00000000f4800000, 0x00000000fb800000, 0x00000000fb800000)
  object space 114688K, 75% used [0x00000000f4800000,0x00000000f9c77418,0x00000000fb800000)
 Metaspace       used 75145K, capacity 79252K, committed 79744K, reserved 1118208K
  class space    used 9478K, capacity 10201K, committed 10368K, reserved 1048576K
}
{Heap before GC invocations=608 (full 1):
 PSYoungGen      total 71680K, used 70432K [0x00000000fb800000, 0x0000000100000000, 0x0000000100000000)
  eden space 69632K, 100% used [0x00000000fb800000,0x00000000ffc00000,0x00000000ffc00000)
  from space 2048K, 39% used [0x00000000ffe00000,0x00000000ffec8000,0x0000000100000000)
  to   space 2048K, 0% used [0x00000000ffc00000,0x00000000ffc00000,0x00000000ffe00000)
 ParOldGen       total 114688K, used 86493K [0x00000000f4800000, 0x00000000fb800000, 0x00000000fb800000)
  object space 114688K, 75% used [0x00000000f4800000,0x00000000f9c77418,0x00000000fb800000)
 Metaspace       used 75145K, capacity 79252K, committed 79744K, reserved 1118208K
  class space    used 9478K, capacity 10201K, committed 10368K, reserved 1048576K
2024-06-11T21:21:55.005+0800: 2574.218: [GC (Allocation Failure) [PSYoungGen: 70432K->832K(71680K)] 156925K->87413K(186368K), 0.0542408 secs] [Times: user=0.06 sys=0.02, real=0.05 secs] 
Heap after GC invocations=608 (full 1):
 PSYoungGen      total 71680K, used 832K [0x00000000fb800000, 0x0000000100000000, 0x0000000100000000)
  eden space 69632K, 0% used [0x00000000fb800000,0x00000000fb800000,0x00000000ffc00000)
  from space 2048K, 40% used [0x00000000ffc00000,0x00000000ffcd0000,0x00000000ffe00000)
  to   space 2048K, 0% used [0x00000000ffe00000,0x00000000ffe00000,0x0000000100000000)
 ParOldGen       total 114688K, used 86581K [0x00000000f4800000, 0x00000000fb800000, 0x00000000fb800000)
  object space 114688K, 75% used [0x00000000f4800000,0x00000000f9c8d418,0x00000000fb800000)
 Metaspace       used 75145K, capacity 79252K, committed 79744K, reserved 1118208K
  class space    used 9478K, capacity 10201K, committed 10368K, reserved 1048576K
}
{Heap before GC invocations=609 (full 1):
 PSYoungGen      total 71680K, used 70464K [0x00000000fb800000, 0x0000000100000000, 0x0000000100000000)
  eden space 69632K, 100% used [0x00000000fb800000,0x00000000ffc00000,0x00000000ffc00000)
  from space 2048K, 40% used [0x00000000ffc00000,0x00000000ffcd0000,0x00000000ffe00000)
  to   space 2048K, 0% used [0x00000000ffe00000,0x00000000ffe00000,0x0000000100000000)
 ParOldGen       total 114688K, used 86581K [0x00000000f4800000, 0x00000000fb800000, 0x00000000fb800000)
  object space 114688K, 75% used [0x00000000f4800000,0x00000000f9c8d418,0x00000000fb800000)
 Metaspace       used 75145K, capacity 79252K, committed 79744K, reserved 1118208K
  class space    used 9478K, capacity 10201K, committed 10368K, reserved 1048576K
2024-06-11T21:21:59.218+0800: 2578.431: [GC (Allocation Failure) [PSYoungGen: 70464K->832K(71680K)] 157045K->87493K(186368K), 0.0048054 secs] [Times: user=0.01 sys=0.00, real=0.01 secs] 
Heap after GC invocations=609 (full 1):
 PSYoungGen      total 71680K, used 832K [0x00000000fb800000, 0x0000000100000000, 0x0000000100000000)
  eden space 69632K, 0% used [0x00000000fb800000,0x00000000fb800000,0x00000000ffc00000)
  from space 2048K, 40% used [0x00000000ffe00000,0x00000000ffed0000,0x0000000100000000)
  to   space 2048K, 0% used [0x00000000ffc00000,0x00000000ffc00000,0x00000000ffe00000)
 ParOldGen       total 114688K, used 86661K [0x00000000f4800000, 0x00000000fb800000, 0x00000000fb800000)
  object space 114688K, 75% used [0x00000000f4800000,0x00000000f9ca1418,0x00000000fb800000)
 Metaspace       used 75145K, capacity 79252K, committed 79744K, reserved 1118208K
  class space    used 9478K, capacity 10201K, committed 10368K, reserved 1048576K
}
{Heap before GC invocations=610 (full 1):
 PSYoungGen      total 71680K, used 70464K [0x00000000fb800000, 0x0000000100000000, 0x0000000100000000)
  eden space 69632K, 100% used [0x00000000fb800000,0x00000000ffc00000,0x00000000ffc00000)
  from space 2048K, 40% used [0x00000000ffe00000,0x00000000ffed0000,0x0000000100000000)
  to   space 2048K, 0% used [0x00000000ffc00000,0x00000000ffc00000,0x00000000ffe00000)
 ParOldGen       total 114688K, used 86661K [0x00000000f4800000, 0x00000000fb800000, 0x00000000fb800000)
  object space 114688K, 75% used [0x00000000f4800000,0x00000000f9ca1418,0x00000000fb800000)
 Metaspace       used 75145K, capacity 79252K, committed 79744K, reserved 1118208K
  class space    used 9478K, capacity 10201K, committed 10368K, reserved 1048576K
2024-06-11T21:22:03.594+0800: 2582.807: [GC (Allocation Failure) [PSYoungGen: 70464K->800K(71680K)] 157125K->87541K(186368K), 0.0062501 secs] [Times: user=0.00 sys=0.00, real=0.00 secs] 
Heap after GC invocations=610 (full 1):
 PSYoungGen      total 71680K, used 800K [0x00000000fb800000, 0x0000000100000000, 0x0000000100000000)
  eden space 69632K, 0% used [0x00000000fb800000,0x00000000fb800000,0x00000000ffc00000)
  from space 2048K, 39% used [0x00000000ffc00000,0x00000000ffcc8000,0x00000000ffe00000)
  to   space 1536K, 0% used [0x00000000ffe80000,0x00000000ffe80000,0x0000000100000000)
 ParOldGen       total 114688K, used 86741K [0x00000000f4800000, 0x00000000fb800000, 0x00000000fb800000)
  object space 114688K, 75% used [0x00000000f4800000,0x00000000f9cb5418,0x00000000fb800000)
 Metaspace       used 75145K, capacity 79252K, committed 79744K, reserved 1118208K
  class space    used 9478K, capacity 10201K, committed 10368K, reserved 1048576K
}
{Heap before GC invocations=611 (full 1):
 PSYoungGen      total 71680K, used 70432K [0x00000000fb800000, 0x0000000100000000, 0x0000000100000000)
  eden space 69632K, 100% used [0x00000000fb800000,0x00000000ffc00000,0x00000000ffc00000)
  from space 2048K, 39% used [0x00000000ffc00000,0x00000000ffcc8000,0x00000000ffe00000)
  to   space 1536K, 0% used [0x00000000ffe80000,0x00000000ffe80000,0x0000000100000000)
 ParOldGen       total 114688K, used 86741K [0x00000000f4800000, 0x00000000fb800000, 0x00000000fb800000)
  object space 114688K, 75% used [0x00000000f4800000,0x00000000f9cb5418,0x00000000fb800000)
 Metaspace       used 75145K, capacity 79252K, committed 79744K, reserved 1118208K
  class space    used 9478K, capacity 10201K, committed 10368K, reserved 1048576K
2024-06-11T21:22:07.815+0800: 2587.028: [GC (Allocation Failure) [PSYoungGen: 70432K->1390K(71168K)] 157173K->88211K(185856K), 0.0053426 secs] [Times: user=0.00 sys=0.00, real=0.00 secs] 
Heap after GC invocations=611 (full 1):
 PSYoungGen      total 71168K, used 1390K [0x00000000fb800000, 0x0000000100000000, 0x0000000100000000)
  eden space 69632K, 0% used [0x00000000fb800000,0x00000000fb800000,0x00000000ffc00000)
  from space 1536K, 90% used [0x00000000ffe80000,0x00000000fffdb850,0x0000000100000000)
  to   space 2048K, 0% used [0x00000000ffc00000,0x00000000ffc00000,0x00000000ffe00000)
 ParOldGen       total 114688K, used 86821K [0x00000000f4800000, 0x00000000fb800000, 0x00000000fb800000)
  object space 114688K, 75% used [0x00000000f4800000,0x00000000f9cc9418,0x00000000fb800000)
 Metaspace       used 75145K, capacity 79252K, committed 79744K, reserved 1118208K
  class space    used 9478K, capacity 10201K, committed 10368K, reserved 1048576K
}
{Heap before GC invocations=612 (full 1):
 PSYoungGen      total 71168K, used 71022K [0x00000000fb800000, 0x0000000100000000, 0x0000000100000000)
  eden space 69632K, 100% used [0x00000000fb800000,0x00000000ffc00000,0x00000000ffc00000)
  from space 1536K, 90% used [0x00000000ffe80000,0x00000000fffdb850,0x0000000100000000)
  to   space 2048K, 0% used [0x00000000ffc00000,0x00000000ffc00000,0x00000000ffe00000)
 ParOldGen       total 114688K, used 86821K [0x00000000f4800000, 0x00000000fb800000, 0x00000000fb800000)
  object space 114688K, 75% used [0x00000000f4800000,0x00000000f9cc9418,0x00000000fb800000)
 Metaspace       used 75145K, capacity 79252K, committed 79744K, reserved 1118208K
  class space    used 9478K, capacity 10201K, committed 10368K, reserved 1048576K
2024-06-11T21:22:12.261+0800: 2591.474: [GC (Allocation Failure) [PSYoungGen: 71022K->2048K(71680K)] 157843K->89205K(186368K), 0.0073142 secs] [Times: user=0.02 sys=0.00, real=0.00 secs] 
Heap after GC invocations=612 (full 1):
 PSYoungGen      total 71680K, used 2048K [0x00000000fb800000, 0x0000000100000000, 0x0000000100000000)
  eden space 69632K, 0% used [0x00000000fb800000,0x00000000fb800000,0x00000000ffc00000)
  from space 2048K, 100% used [0x00000000ffc00000,0x00000000ffe00000,0x00000000ffe00000)
  to   space 2048K, 0% used [0x00000000ffe00000,0x00000000ffe00000,0x0000000100000000)
 ParOldGen       total 114688K, used 87157K [0x00000000f4800000, 0x00000000fb800000, 0x00000000fb800000)
  object space 114688K, 75% used [0x00000000f4800000,0x00000000f9d1d418,0x00000000fb800000)
 Metaspace       used 75145K, capacity 79252K, committed 79744K, reserved 1118208K
  class space    used 9478K, capacity 10201K, committed 10368K, reserved 1048576K
}
{Heap before GC invocations=613 (full 1):
 PSYoungGen      total 71680K, used 71680K [0x00000000fb800000, 0x0000000100000000, 0x0000000100000000)
  eden space 69632K, 100% used [0x00000000fb800000,0x00000000ffc00000,0x00000000ffc00000)
  from space 2048K, 100% used [0x00000000ffc00000,0x00000000ffe00000,0x00000000ffe00000)
  to   space 2048K, 0% used [0x00000000ffe00000,0x00000000ffe00000,0x0000000100000000)
 ParOldGen       total 114688K, used 87157K [0x00000000f4800000, 0x00000000fb800000, 0x00000000fb800000)
  object space 114688K, 75% used [0x00000000f4800000,0x00000000f9d1d418,0x00000000fb800000)
 Metaspace       used 75145K, capacity 79252K, committed 79744K, reserved 1118208K
  class space    used 9478K, capacity 10201K, committed 10368K, reserved 1048576K
2024-06-11T21:22:16.494+0800: 2595.707: [GC (Allocation Failure) [PSYoungGen: 71680K->1280K(70656K)] 158837K->90373K(185344K), 0.0077177 secs] [Times: user=0.01 sys=0.00, real=0.01 secs] 
Heap after GC invocations=613 (full 1):
 PSYoungGen      total 70656K, used 1280K [0x00000000fb800000, 0x0000000100000000, 0x0000000100000000)
  eden space 68608K, 0% used [0x00000000fb800000,0x00000000fb800000,0x00000000ffb00000)
  from space 2048K, 62% used [0x00000000ffe00000,0x00000000fff40000,0x0000000100000000)
  to   space 2560K, 0% used [0x00000000ffb00000,0x00000000ffb00000,0x00000000ffd80000)
 ParOldGen       total 114688K, used 89093K [0x00000000f4800000, 0x00000000fb800000, 0x00000000fb800000)
  object space 114688K, 77% used [0x00000000f4800000,0x00000000f9f01418,0x00000000fb800000)
 Metaspace       used 75145K, capacity 79252K, committed 79744K, reserved 1118208K
  class space    used 9478K, capacity 10201K, committed 10368K, reserved 1048576K
}
{Heap before GC invocations=614 (full 1):
 PSYoungGen      total 70656K, used 69888K [0x00000000fb800000, 0x0000000100000000, 0x0000000100000000)
  eden space 68608K, 100% used [0x00000000fb800000,0x00000000ffb00000,0x00000000ffb00000)
  from space 2048K, 62% used [0x00000000ffe00000,0x00000000fff40000,0x0000000100000000)
  to   space 2560K, 0% used [0x00000000ffb00000,0x00000000ffb00000,0x00000000ffd80000)
 ParOldGen       total 114688K, used 89093K [0x00000000f4800000, 0x00000000fb800000, 0x00000000fb800000)
  object space 114688K, 77% used [0x00000000f4800000,0x00000000f9f01418,0x00000000fb800000)
 Metaspace       used 75145K, capacity 79252K, committed 79744K, reserved 1118208K
  class space    used 9478K, capacity 10201K, committed 10368K, reserved 1048576K
2024-06-11T21:22:20.765+0800: 2599.978: [GC (Allocation Failure) [PSYoungGen: 69888K->832K(71168K)] 158981K->90445K(185856K), 0.0053293 secs] [Times: user=0.01 sys=0.00, real=0.01 secs] 
Heap after GC invocations=614 (full 1):
 PSYoungGen      total 71168K, used 832K [0x00000000fb800000, 0x0000000100000000, 0x0000000100000000)
  eden space 68608K, 0% used [0x00000000fb800000,0x00000000fb800000,0x00000000ffb00000)
  from space 2560K, 32% used [0x00000000ffb00000,0x00000000ffbd0000,0x00000000ffd80000)
  to   space 2048K, 0% used [0x00000000ffe00000,0x00000000ffe00000,0x0000000100000000)
 ParOldGen       total 114688K, used 89613K [0x00000000f4800000, 0x00000000fb800000, 0x00000000fb800000)
  object space 114688K, 78% used [0x00000000f4800000,0x00000000f9f83418,0x00000000fb800000)
 Metaspace       used 75145K, capacity 79252K, committed 79744K, reserved 1118208K
  class space    used 9478K, capacity 10201K, committed 10368K, reserved 1048576K
}
{Heap before GC invocations=615 (full 1):
 PSYoungGen      total 71168K, used 69440K [0x00000000fb800000, 0x0000000100000000, 0x0000000100000000)
  eden space 68608K, 100% used [0x00000000fb800000,0x00000000ffb00000,0x00000000ffb00000)
  from space 2560K, 32% used [0x00000000ffb00000,0x00000000ffbd0000,0x00000000ffd80000)
  to   space 2048K, 0% used [0x00000000ffe00000,0x00000000ffe00000,0x0000000100000000)
 ParOldGen       total 114688K, used 89613K [0x00000000f4800000, 0x00000000fb800000, 0x00000000fb800000)
  object space 114688K, 78% used [0x00000000f4800000,0x00000000f9f83418,0x00000000fb800000)
 Metaspace       used 75145K, capacity 79252K, committed 79744K, reserved 1118208K
  class space    used 9478K, capacity 10201K, committed 10368K, reserved 1048576K
2024-06-11T21:22:24.985+0800: 2604.198: [GC (Allocation Failure) [PSYoungGen: 69440K->832K(71680K)] 159053K->90525K(186368K), 0.0063020 secs] [Times: user=0.01 sys=0.00, real=0.01 secs] 
Heap after GC invocations=615 (full 1):
 PSYoungGen      total 71680K, used 832K [0x00000000fb800000, 0x0000000100000000, 0x0000000100000000)
  eden space 69632K, 0% used [0x00000000fb800000,0x00000000fb800000,0x00000000ffc00000)
  from space 2048K, 40% used [0x00000000ffe00000,0x00000000ffed0000,0x0000000100000000)
  to   space 2048K, 0% used [0x00000000ffc00000,0x00000000ffc00000,0x00000000ffe00000)
 ParOldGen       total 114688K, used 89693K [0x00000000f4800000, 0x00000000fb800000, 0x00000000fb800000)
  object space 114688K, 78% used [0x00000000f4800000,0x00000000f9f97418,0x00000000fb800000)
 Metaspace       used 75145K, capacity 79252K, committed 79744K, reserved 1118208K
  class space    used 9478K, capacity 10201K, committed 10368K, reserved 1048576K
}
{Heap before GC invocations=616 (full 1):
 PSYoungGen      total 71680K, used 70464K [0x00000000fb800000, 0x0000000100000000, 0x0000000100000000)
  eden space 69632K, 100% used [0x00000000fb800000,0x00000000ffc00000,0x00000000ffc00000)
  from space 2048K, 40% used [0x00000000ffe00000,0x00000000ffed0000,0x0000000100000000)
  to   space 2048K, 0% used [0x00000000ffc00000,0x00000000ffc00000,0x00000000ffe00000)
 ParOldGen       total 114688K, used 89693K [0x00000000f4800000, 0x00000000fb800000, 0x00000000fb800000)
  object space 114688K, 78% used [0x00000000f4800000,0x00000000f9f97418,0x00000000fb800000)
 Metaspace       used 75145K, capacity 79252K, committed 79744K, reserved 1118208K
  class space    used 9478K, capacity 10201K, committed 10368K, reserved 1048576K
2024-06-11T21:22:29.192+0800: 2608.405: [GC (Allocation Failure) [PSYoungGen: 70464K->832K(71680K)] 160157K->90605K(186368K), 0.0046699 secs] [Times: user=0.01 sys=0.00, real=0.00 secs] 
Heap after GC invocations=616 (full 1):
 PSYoungGen      total 71680K, used 832K [0x00000000fb800000, 0x0000000100000000, 0x0000000100000000)
  eden space 69632K, 0% used [0x00000000fb800000,0x00000000fb800000,0x00000000ffc00000)
  from space 2048K, 40% used [0x00000000ffc00000,0x00000000ffcd0000,0x00000000ffe00000)
  to   space 2048K, 0% used [0x00000000ffe00000,0x00000000ffe00000,0x0000000100000000)
 ParOldGen       total 114688K, used 89773K [0x00000000f4800000, 0x00000000fb800000, 0x00000000fb800000)
  object space 114688K, 78% used [0x00000000f4800000,0x00000000f9fab418,0x00000000fb800000)
 Metaspace       used 75145K, capacity 79252K, committed 79744K, reserved 1118208K
  class space    used 9478K, capacity 10201K, committed 10368K, reserved 1048576K
}
{Heap before GC invocations=617 (full 1):
 PSYoungGen      total 71680K, used 70464K [0x00000000fb800000, 0x0000000100000000, 0x0000000100000000)
  eden space 69632K, 100% used [0x00000000fb800000,0x00000000ffc00000,0x00000000ffc00000)
  from space 2048K, 40% used [0x00000000ffc00000,0x00000000ffcd0000,0x00000000ffe00000)
  to   space 2048K, 0% used [0x00000000ffe00000,0x00000000ffe00000,0x0000000100000000)
 ParOldGen       total 114688K, used 89773K [0x00000000f4800000, 0x00000000fb800000, 0x00000000fb800000)
  object space 114688K, 78% used [0x00000000f4800000,0x00000000f9fab418,0x00000000fb800000)
 Metaspace       used 75145K, capacity 79252K, committed 79744K, reserved 1118208K
  class space    used 9478K, capacity 10201K, committed 10368K, reserved 1048576K
2024-06-11T21:22:33.462+0800: 2612.675: [GC (Allocation Failure) [PSYoungGen: 70464K->800K(71680K)] 160237K->90661K(186368K), 0.0060927 secs] [Times: user=0.00 sys=0.00, real=0.00 secs] 
Heap after GC invocations=617 (full 1):
 PSYoungGen      total 71680K, used 800K [0x00000000fb800000, 0x0000000100000000, 0x0000000100000000)
  eden space 69632K, 0% used [0x00000000fb800000,0x00000000fb800000,0x00000000ffc00000)
  from space 2048K, 39% used [0x00000000ffe00000,0x00000000ffec8000,0x0000000100000000)
  to   space 2048K, 0% used [0x00000000ffc00000,0x00000000ffc00000,0x00000000ffe00000)
 ParOldGen       total 114688K, used 89861K [0x00000000f4800000, 0x00000000fb800000, 0x00000000fb800000)
  object space 114688K, 78% used [0x00000000f4800000,0x00000000f9fc1418,0x00000000fb800000)
 Metaspace       used 75145K, capacity 79252K, committed 79744K, reserved 1118208K
  class space    used 9478K, capacity 10201K, committed 10368K, reserved 1048576K
}
{Heap before GC invocations=618 (full 1):
 PSYoungGen      total 71680K, used 70432K [0x00000000fb800000, 0x0000000100000000, 0x0000000100000000)
  eden space 69632K, 100% used [0x00000000fb800000,0x00000000ffc00000,0x00000000ffc00000)
  from space 2048K, 39% used [0x00000000ffe00000,0x00000000ffec8000,0x0000000100000000)
  to   space 2048K, 0% used [0x00000000ffc00000,0x00000000ffc00000,0x00000000ffe00000)
 ParOldGen       total 114688K, used 89861K [0x00000000f4800000, 0x00000000fb800000, 0x00000000fb800000)
  object space 114688K, 78% used [0x00000000f4800000,0x00000000f9fc1418,0x00000000fb800000)
 Metaspace       used 75146K, capacity 79252K, committed 79744K, reserved 1118208K
  class space    used 9478K, capacity 10201K, committed 10368K, reserved 1048576K
2024-06-11T21:22:37.755+0800: 2616.968: [GC (Allocation Failure) [PSYoungGen: 70432K->1358K(71680K)] 160293K->91299K(186368K), 0.0052654 secs] [Times: user=0.01 sys=0.00, real=0.00 secs] 
Heap after GC invocations=618 (full 1):
 PSYoungGen      total 71680K, used 1358K [0x00000000fb800000, 0x0000000100000000, 0x0000000100000000)
  eden space 69632K, 0% used [0x00000000fb800000,0x00000000fb800000,0x00000000ffc00000)
  from space 2048K, 66% used [0x00000000ffc00000,0x00000000ffd53850,0x00000000ffe00000)
  to   space 2048K, 0% used [0x00000000ffe00000,0x00000000ffe00000,0x0000000100000000)
 ParOldGen       total 114688K, used 89941K [0x00000000f4800000, 0x00000000fb800000, 0x00000000fb800000)
  object space 114688K, 78% used [0x00000000f4800000,0x00000000f9fd5418,0x00000000fb800000)
 Metaspace       used 75146K, capacity 79252K, committed 79744K, reserved 1118208K
  class space    used 9478K, capacity 10201K, committed 10368K, reserved 1048576K
}
{Heap before GC invocations=619 (full 1):
 PSYoungGen      total 71680K, used 70990K [0x00000000fb800000, 0x0000000100000000, 0x0000000100000000)
  eden space 69632K, 100% used [0x00000000fb800000,0x00000000ffc00000,0x00000000ffc00000)
  from space 2048K, 66% used [0x00000000ffc00000,0x00000000ffd53850,0x00000000ffe00000)
  to   space 2048K, 0% used [0x00000000ffe00000,0x00000000ffe00000,0x0000000100000000)
 ParOldGen       total 114688K, used 89941K [0x00000000f4800000, 0x00000000fb800000, 0x00000000fb800000)
  object space 114688K, 78% used [0x00000000f4800000,0x00000000f9fd5418,0x00000000fb800000)
 Metaspace       used 75146K, capacity 79252K, committed 79744K, reserved 1118208K
  class space    used 9478K, capacity 10201K, committed 10368K, reserved 1048576K
2024-06-11T21:22:42.291+0800: 2621.505: [GC (Allocation Failure) [PSYoungGen: 70990K->832K(71680K)] 160931K->90853K(186368K), 0.0061948 secs] [Times: user=0.00 sys=0.00, real=0.00 secs] 
Heap after GC invocations=619 (full 1):
 PSYoungGen      total 71680K, used 832K [0x00000000fb800000, 0x0000000100000000, 0x0000000100000000)
  eden space 69632K, 0% used [0x00000000fb800000,0x00000000fb800000,0x00000000ffc00000)
  from space 2048K, 40% used [0x00000000ffe00000,0x00000000ffed0000,0x0000000100000000)
  to   space 2048K, 0% used [0x00000000ffc00000,0x00000000ffc00000,0x00000000ffe00000)
 ParOldGen       total 114688K, used 90021K [0x00000000f4800000, 0x00000000fb800000, 0x00000000fb800000)
  object space 114688K, 78% used [0x00000000f4800000,0x00000000f9fe9418,0x00000000fb800000)
 Metaspace       used 75146K, capacity 79252K, committed 79744K, reserved 1118208K
  class space    used 9478K, capacity 10201K, committed 10368K, reserved 1048576K
}
{Heap before GC invocations=620 (full 1):
 PSYoungGen      total 71680K, used 70464K [0x00000000fb800000, 0x0000000100000000, 0x0000000100000000)
  eden space 69632K, 100% used [0x00000000fb800000,0x00000000ffc00000,0x00000000ffc00000)
  from space 2048K, 40% used [0x00000000ffe00000,0x00000000ffed0000,0x0000000100000000)
  to   space 2048K, 0% used [0x00000000ffc00000,0x00000000ffc00000,0x00000000ffe00000)
 ParOldGen       total 114688K, used 90021K [0x00000000f4800000, 0x00000000fb800000, 0x00000000fb800000)
  object space 114688K, 78% used [0x00000000f4800000,0x00000000f9fe9418,0x00000000fb800000)
 Metaspace       used 75146K, capacity 79252K, committed 79744K, reserved 1118208K
  class space    used 9478K, capacity 10201K, committed 10368K, reserved 1048576K
2024-06-11T21:22:46.623+0800: 2625.836: [GC (Allocation Failure) [PSYoungGen: 70464K->832K(71680K)] 160485K->90933K(186368K), 0.0054792 secs] [Times: user=0.01 sys=0.00, real=0.00 secs] 
Heap after GC invocations=620 (full 1):
 PSYoungGen      total 71680K, used 832K [0x00000000fb800000, 0x0000000100000000, 0x0000000100000000)
  eden space 69632K, 0% used [0x00000000fb800000,0x00000000fb800000,0x00000000ffc00000)
  from space 2048K, 40% used [0x00000000ffc00000,0x00000000ffcd0000,0x00000000ffe00000)
  to   space 2048K, 0% used [0x00000000ffe00000,0x00000000ffe00000,0x0000000100000000)
 ParOldGen       total 114688K, used 90101K [0x00000000f4800000, 0x00000000fb800000, 0x00000000fb800000)
  object space 114688K, 78% used [0x00000000f4800000,0x00000000f9ffd418,0x00000000fb800000)
 Metaspace       used 75146K, capacity 79252K, committed 79744K, reserved 1118208K
  class space    used 9478K, capacity 10201K, committed 10368K, reserved 1048576K
}
{Heap before GC invocations=621 (full 1):
 PSYoungGen      total 71680K, used 70464K [0x00000000fb800000, 0x0000000100000000, 0x0000000100000000)
  eden space 69632K, 100% used [0x00000000fb800000,0x00000000ffc00000,0x00000000ffc00000)
  from space 2048K, 40% used [0x00000000ffc00000,0x00000000ffcd0000,0x00000000ffe00000)
  to   space 2048K, 0% used [0x00000000ffe00000,0x00000000ffe00000,0x0000000100000000)
 ParOldGen       total 114688K, used 90101K [0x00000000f4800000, 0x00000000fb800000, 0x00000000fb800000)
  object space 114688K, 78% used [0x00000000f4800000,0x00000000f9ffd418,0x00000000fb800000)
 Metaspace       used 75146K, capacity 79252K, committed 79744K, reserved 1118208K
  class space    used 9478K, capacity 10201K, committed 10368K, reserved 1048576K
2024-06-11T21:22:50.736+0800: 2629.949: [GC (Allocation Failure) [PSYoungGen: 70464K->832K(71680K)] 160565K->91013K(186368K), 0.0051071 secs] [Times: user=0.01 sys=0.00, real=0.01 secs] 
Heap after GC invocations=621 (full 1):
 PSYoungGen      total 71680K, used 832K [0x00000000fb800000, 0x0000000100000000, 0x0000000100000000)
  eden space 69632K, 0% used [0x00000000fb800000,0x00000000fb800000,0x00000000ffc00000)
  from space 2048K, 40% used [0x00000000ffe00000,0x00000000ffed0000,0x0000000100000000)
  to   space 2048K, 0% used [0x00000000ffc00000,0x00000000ffc00000,0x00000000ffe00000)
 ParOldGen       total 114688K, used 90181K [0x00000000f4800000, 0x00000000fb800000, 0x00000000fb800000)
  object space 114688K, 78% used [0x00000000f4800000,0x00000000fa011418,0x00000000fb800000)
 Metaspace       used 75146K, capacity 79252K, committed 79744K, reserved 1118208K
  class space    used 9478K, capacity 10201K, committed 10368K, reserved 1048576K
}
{Heap before GC invocations=622 (full 1):
 PSYoungGen      total 71680K, used 70464K [0x00000000fb800000, 0x0000000100000000, 0x0000000100000000)
  eden space 69632K, 100% used [0x00000000fb800000,0x00000000ffc00000,0x00000000ffc00000)
  from space 2048K, 40% used [0x00000000ffe00000,0x00000000ffed0000,0x0000000100000000)
  to   space 2048K, 0% used [0x00000000ffc00000,0x00000000ffc00000,0x00000000ffe00000)
 ParOldGen       total 114688K, used 90181K [0x00000000f4800000, 0x00000000fb800000, 0x00000000fb800000)
  object space 114688K, 78% used [0x00000000f4800000,0x00000000fa011418,0x00000000fb800000)
 Metaspace       used 75146K, capacity 79252K, committed 79744K, reserved 1118208K
  class space    used 9478K, capacity 10201K, committed 10368K, reserved 1048576K
2024-06-11T21:22:55.114+0800: 2634.328: [GC (Allocation Failure) [PSYoungGen: 70464K->864K(71680K)] 160645K->91125K(186368K), 0.0048412 secs] [Times: user=0.01 sys=0.00, real=0.00 secs] 
Heap after GC invocations=622 (full 1):
 PSYoungGen      total 71680K, used 864K [0x00000000fb800000, 0x0000000100000000, 0x0000000100000000)
  eden space 69632K, 0% used [0x00000000fb800000,0x00000000fb800000,0x00000000ffc00000)
  from space 2048K, 42% used [0x00000000ffc00000,0x00000000ffcd8000,0x00000000ffe00000)
  to   space 2048K, 0% used [0x00000000ffe00000,0x00000000ffe00000,0x0000000100000000)
 ParOldGen       total 114688K, used 90261K [0x00000000f4800000, 0x00000000fb800000, 0x00000000fb800000)
  object space 114688K, 78% used [0x00000000f4800000,0x00000000fa025418,0x00000000fb800000)
 Metaspace       used 75146K, capacity 79252K, committed 79744K, reserved 1118208K
  class space    used 9478K, capacity 10201K, committed 10368K, reserved 1048576K
}
{Heap before GC invocations=623 (full 1):
 PSYoungGen      total 71680K, used 70496K [0x00000000fb800000, 0x0000000100000000, 0x0000000100000000)
  eden space 69632K, 100% used [0x00000000fb800000,0x00000000ffc00000,0x00000000ffc00000)
  from space 2048K, 42% used [0x00000000ffc00000,0x00000000ffcd8000,0x00000000ffe00000)
  to   space 2048K, 0% used [0x00000000ffe00000,0x00000000ffe00000,0x0000000100000000)
 ParOldGen       total 114688K, used 90261K [0x00000000f4800000, 0x00000000fb800000, 0x00000000fb800000)
  object space 114688K, 78% used [0x00000000f4800000,0x00000000fa025418,0x00000000fb800000)
 Metaspace       used 75146K, capacity 79252K, committed 79744K, reserved 1118208K
  class space    used 9478K, capacity 10201K, committed 10368K, reserved 1048576K
2024-06-11T21:22:59.466+0800: 2638.680: [GC (Allocation Failure) [PSYoungGen: 70496K->832K(71680K)] 160757K->91173K(186368K), 0.0054866 secs] [Times: user=0.01 sys=0.00, real=0.01 secs] 
Heap after GC invocations=623 (full 1):
 PSYoungGen      total 71680K, used 832K [0x00000000fb800000, 0x0000000100000000, 0x0000000100000000)
  eden space 69632K, 0% used [0x00000000fb800000,0x00000000fb800000,0x00000000ffc00000)
  from space 2048K, 40% used [0x00000000ffe00000,0x00000000ffed0000,0x0000000100000000)
  to   space 2048K, 0% used [0x00000000ffc00000,0x00000000ffc00000,0x00000000ffe00000)
 ParOldGen       total 114688K, used 90341K [0x00000000f4800000, 0x00000000fb800000, 0x00000000fb800000)
  object space 114688K, 78% used [0x00000000f4800000,0x00000000fa039418,0x00000000fb800000)
 Metaspace       used 75146K, capacity 79252K, committed 79744K, reserved 1118208K
  class space    used 9478K, capacity 10201K, committed 10368K, reserved 1048576K
}
{Heap before GC invocations=624 (full 1):
 PSYoungGen      total 71680K, used 70464K [0x00000000fb800000, 0x0000000100000000, 0x0000000100000000)
  eden space 69632K, 100% used [0x00000000fb800000,0x00000000ffc00000,0x00000000ffc00000)
  from space 2048K, 40% used [0x00000000ffe00000,0x00000000ffed0000,0x0000000100000000)
  to   space 2048K, 0% used [0x00000000ffc00000,0x00000000ffc00000,0x00000000ffe00000)
 ParOldGen       total 114688K, used 90341K [0x00000000f4800000, 0x00000000fb800000, 0x00000000fb800000)
  object space 114688K, 78% used [0x00000000f4800000,0x00000000fa039418,0x00000000fb800000)
 Metaspace       used 75146K, capacity 79252K, committed 79744K, reserved 1118208K
  class space    used 9478K, capacity 10201K, committed 10368K, reserved 1048576K
2024-06-11T21:23:03.764+0800: 2642.977: [GC (Allocation Failure) [PSYoungGen: 70464K->800K(71680K)] 160805K->91221K(186368K), 0.0047908 secs] [Times: user=0.01 sys=0.00, real=0.00 secs] 
Heap after GC invocations=624 (full 1):
 PSYoungGen      total 71680K, used 800K [0x00000000fb800000, 0x0000000100000000, 0x0000000100000000)
  eden space 69632K, 0% used [0x00000000fb800000,0x00000000fb800000,0x00000000ffc00000)
  from space 2048K, 39% used [0x00000000ffc00000,0x00000000ffcc8000,0x00000000ffe00000)
  to   space 2048K, 0% used [0x00000000ffe00000,0x00000000ffe00000,0x0000000100000000)
 ParOldGen       total 114688K, used 90421K [0x00000000f4800000, 0x00000000fb800000, 0x00000000fb800000)
  object space 114688K, 78% used [0x00000000f4800000,0x00000000fa04d418,0x00000000fb800000)
 Metaspace       used 75146K, capacity 79252K, committed 79744K, reserved 1118208K
  class space    used 9478K, capacity 10201K, committed 10368K, reserved 1048576K
}
{Heap before GC invocations=625 (full 1):
 PSYoungGen      total 71680K, used 70432K [0x00000000fb800000, 0x0000000100000000, 0x0000000100000000)
  eden space 69632K, 100% used [0x00000000fb800000,0x00000000ffc00000,0x00000000ffc00000)
  from space 2048K, 39% used [0x00000000ffc00000,0x00000000ffcc8000,0x00000000ffe00000)
  to   space 2048K, 0% used [0x00000000ffe00000,0x00000000ffe00000,0x0000000100000000)
 ParOldGen       total 114688K, used 90421K [0x00000000f4800000, 0x00000000fb800000, 0x00000000fb800000)
  object space 114688K, 78% used [0x00000000f4800000,0x00000000fa04d418,0x00000000fb800000)
 Metaspace       used 75146K, capacity 79252K, committed 79744K, reserved 1118208K
  class space    used 9478K, capacity 10201K, committed 10368K, reserved 1048576K
2024-06-11T21:23:08.078+0800: 2647.291: [GC (Allocation Failure) [PSYoungGen: 70432K->800K(71680K)] 160853K->91301K(186368K), 0.0053107 secs] [Times: user=0.01 sys=0.00, real=0.01 secs] 
Heap after GC invocations=625 (full 1):
 PSYoungGen      total 71680K, used 800K [0x00000000fb800000, 0x0000000100000000, 0x0000000100000000)
  eden space 69632K, 0% used [0x00000000fb800000,0x00000000fb800000,0x00000000ffc00000)
  from space 2048K, 39% used [0x00000000ffe00000,0x00000000ffec8000,0x0000000100000000)
  to   space 2048K, 0% used [0x00000000ffc00000,0x00000000ffc00000,0x00000000ffe00000)
 ParOldGen       total 114688K, used 90501K [0x00000000f4800000, 0x00000000fb800000, 0x00000000fb800000)
  object space 114688K, 78% used [0x00000000f4800000,0x00000000fa061418,0x00000000fb800000)
 Metaspace       used 75146K, capacity 79252K, committed 79744K, reserved 1118208K
  class space    used 9478K, capacity 10201K, committed 10368K, reserved 1048576K
}
{Heap before GC invocations=626 (full 1):
 PSYoungGen      total 71680K, used 70432K [0x00000000fb800000, 0x0000000100000000, 0x0000000100000000)
  eden space 69632K, 100% used [0x00000000fb800000,0x00000000ffc00000,0x00000000ffc00000)
  from space 2048K, 39% used [0x00000000ffe00000,0x00000000ffec8000,0x0000000100000000)
  to   space 2048K, 0% used [0x00000000ffc00000,0x00000000ffc00000,0x00000000ffe00000)
 ParOldGen       total 114688K, used 90501K [0x00000000f4800000, 0x00000000fb800000, 0x00000000fb800000)
  object space 114688K, 78% used [0x00000000f4800000,0x00000000fa061418,0x00000000fb800000)
 Metaspace       used 75146K, capacity 79252K, committed 79744K, reserved 1118208K
  class space    used 9478K, capacity 10201K, committed 10368K, reserved 1048576K
2024-06-11T21:23:12.780+0800: 2651.993: [GC (Allocation Failure) [PSYoungGen: 70432K->2048K(71680K)] 160933K->92869K(186368K), 0.0090729 secs] [Times: user=0.01 sys=0.00, real=0.01 secs] 
Heap after GC invocations=626 (full 1):
 PSYoungGen      total 71680K, used 2048K [0x00000000fb800000, 0x0000000100000000, 0x0000000100000000)
  eden space 69632K, 0% used [0x00000000fb800000,0x00000000fb800000,0x00000000ffc00000)
  from space 2048K, 100% used [0x00000000ffc00000,0x00000000ffe00000,0x00000000ffe00000)
  to   space 2048K, 0% used [0x00000000ffe00000,0x00000000ffe00000,0x0000000100000000)
 ParOldGen       total 114688K, used 90821K [0x00000000f4800000, 0x00000000fb800000, 0x00000000fb800000)
  object space 114688K, 79% used [0x00000000f4800000,0x00000000fa0b1418,0x00000000fb800000)
 Metaspace       used 75146K, capacity 79252K, committed 79744K, reserved 1118208K
  class space    used 9478K, capacity 10201K, committed 10368K, reserved 1048576K
}
{Heap before GC invocations=627 (full 1):
 PSYoungGen      total 71680K, used 71680K [0x00000000fb800000, 0x0000000100000000, 0x0000000100000000)
  eden space 69632K, 100% used [0x00000000fb800000,0x00000000ffc00000,0x00000000ffc00000)
  from space 2048K, 100% used [0x00000000ffc00000,0x00000000ffe00000,0x00000000ffe00000)
  to   space 2048K, 0% used [0x00000000ffe00000,0x00000000ffe00000,0x0000000100000000)
 ParOldGen       total 114688K, used 90821K [0x00000000f4800000, 0x00000000fb800000, 0x00000000fb800000)
  object space 114688K, 79% used [0x00000000f4800000,0x00000000fa0b1418,0x00000000fb800000)
 Metaspace       used 75146K, capacity 79252K, committed 79744K, reserved 1118208K
  class space    used 9478K, capacity 10201K, committed 10368K, reserved 1048576K
2024-06-11T21:23:17.078+0800: 2656.292: [GC (Allocation Failure) [PSYoungGen: 71680K->960K(71680K)] 162501K->93397K(186368K), 0.0078028 secs] [Times: user=0.02 sys=0.00, real=0.01 secs] 
Heap after GC invocations=627 (full 1):
 PSYoungGen      total 71680K, used 960K [0x00000000fb800000, 0x0000000100000000, 0x0000000100000000)
  eden space 69632K, 0% used [0x00000000fb800000,0x00000000fb800000,0x00000000ffc00000)
  from space 2048K, 46% used [0x00000000ffe00000,0x00000000ffef0000,0x0000000100000000)
  to   space 2048K, 0% used [0x00000000ffc00000,0x00000000ffc00000,0x00000000ffe00000)
 ParOldGen       total 114688K, used 92437K [0x00000000f4800000, 0x00000000fb800000, 0x00000000fb800000)
  object space 114688K, 80% used [0x00000000f4800000,0x00000000fa245418,0x00000000fb800000)
 Metaspace       used 75146K, capacity 79252K, committed 79744K, reserved 1118208K
  class space    used 9478K, capacity 10201K, committed 10368K, reserved 1048576K
}
{Heap before GC invocations=628 (full 1):
 PSYoungGen      total 71680K, used 70592K [0x00000000fb800000, 0x0000000100000000, 0x0000000100000000)
  eden space 69632K, 100% used [0x00000000fb800000,0x00000000ffc00000,0x00000000ffc00000)
  from space 2048K, 46% used [0x00000000ffe00000,0x00000000ffef0000,0x0000000100000000)
  to   space 2048K, 0% used [0x00000000ffc00000,0x00000000ffc00000,0x00000000ffe00000)
 ParOldGen       total 114688K, used 92437K [0x00000000f4800000, 0x00000000fb800000, 0x00000000fb800000)
  object space 114688K, 80% used [0x00000000f4800000,0x00000000fa245418,0x00000000fb800000)
 Metaspace       used 75146K, capacity 79252K, committed 79744K, reserved 1118208K
  class space    used 9478K, capacity 10201K, committed 10368K, reserved 1048576K
2024-06-11T21:23:21.409+0800: 2660.623: [GC (Allocation Failure) [PSYoungGen: 70592K->832K(71680K)] 163029K->93509K(186368K), 0.0051910 secs] [Times: user=0.01 sys=0.00, real=0.01 secs] 
Heap after GC invocations=628 (full 1):
 PSYoungGen      total 71680K, used 832K [0x00000000fb800000, 0x0000000100000000, 0x0000000100000000)
  eden space 69632K, 0% used [0x00000000fb800000,0x00000000fb800000,0x00000000ffc00000)
  from space 2048K, 40% used [0x00000000ffc00000,0x00000000ffcd0000,0x00000000ffe00000)
  to   space 2048K, 0% used [0x00000000ffe00000,0x00000000ffe00000,0x0000000100000000)
 ParOldGen       total 114688K, used 92677K [0x00000000f4800000, 0x00000000fb800000, 0x00000000fb800000)
  object space 114688K, 80% used [0x00000000f4800000,0x00000000fa281418,0x00000000fb800000)
 Metaspace       used 75146K, capacity 79252K, committed 79744K, reserved 1118208K
  class space    used 9478K, capacity 10201K, committed 10368K, reserved 1048576K
}
{Heap before GC invocations=629 (full 1):
 PSYoungGen      total 71680K, used 70464K [0x00000000fb800000, 0x0000000100000000, 0x0000000100000000)
  eden space 69632K, 100% used [0x00000000fb800000,0x00000000ffc00000,0x00000000ffc00000)
  from space 2048K, 40% used [0x00000000ffc00000,0x00000000ffcd0000,0x00000000ffe00000)
  to   space 2048K, 0% used [0x00000000ffe00000,0x00000000ffe00000,0x0000000100000000)
 ParOldGen       total 114688K, used 92677K [0x00000000f4800000, 0x00000000fb800000, 0x00000000fb800000)
  object space 114688K, 80% used [0x00000000f4800000,0x00000000fa281418,0x00000000fb800000)
 Metaspace       used 75146K, capacity 79252K, committed 79744K, reserved 1118208K
  class space    used 9478K, capacity 10201K, committed 10368K, reserved 1048576K
2024-06-11T21:23:25.667+0800: 2664.880: [GC (Allocation Failure) [PSYoungGen: 70464K->832K(71680K)] 163141K->93597K(186368K), 0.0048849 secs] [Times: user=0.01 sys=0.00, real=0.01 secs] 
Heap after GC invocations=629 (full 1):
 PSYoungGen      total 71680K, used 832K [0x00000000fb800000, 0x0000000100000000, 0x0000000100000000)
  eden space 69632K, 0% used [0x00000000fb800000,0x00000000fb800000,0x00000000ffc00000)
  from space 2048K, 40% used [0x00000000ffe00000,0x00000000ffed0000,0x0000000100000000)
  to   space 2048K, 0% used [0x00000000ffc00000,0x00000000ffc00000,0x00000000ffe00000)
 ParOldGen       total 114688K, used 92765K [0x00000000f4800000, 0x00000000fb800000, 0x00000000fb800000)
  object space 114688K, 80% used [0x00000000f4800000,0x00000000fa297418,0x00000000fb800000)
 Metaspace       used 75146K, capacity 79252K, committed 79744K, reserved 1118208K
  class space    used 9478K, capacity 10201K, committed 10368K, reserved 1048576K
}
{Heap before GC invocations=630 (full 1):
 PSYoungGen      total 71680K, used 70464K [0x00000000fb800000, 0x0000000100000000, 0x0000000100000000)
  eden space 69632K, 100% used [0x00000000fb800000,0x00000000ffc00000,0x00000000ffc00000)
  from space 2048K, 40% used [0x00000000ffe00000,0x00000000ffed0000,0x0000000100000000)
  to   space 2048K, 0% used [0x00000000ffc00000,0x00000000ffc00000,0x00000000ffe00000)
 ParOldGen       total 114688K, used 92765K [0x00000000f4800000, 0x00000000fb800000, 0x00000000fb800000)
  object space 114688K, 80% used [0x00000000f4800000,0x00000000fa297418,0x00000000fb800000)
 Metaspace       used 75146K, capacity 79252K, committed 79744K, reserved 1118208K
  class space    used 9478K, capacity 10201K, committed 10368K, reserved 1048576K
2024-06-11T21:23:30.063+0800: 2669.276: [GC (Allocation Failure) [PSYoungGen: 70464K->832K(71680K)] 163229K->93677K(186368K), 0.0046923 secs] [Times: user=0.01 sys=0.00, real=0.00 secs] 
Heap after GC invocations=630 (full 1):
 PSYoungGen      total 71680K, used 832K [0x00000000fb800000, 0x0000000100000000, 0x0000000100000000)
  eden space 69632K, 0% used [0x00000000fb800000,0x00000000fb800000,0x00000000ffc00000)
  from space 2048K, 40% used [0x00000000ffc00000,0x00000000ffcd0000,0x00000000ffe00000)
  to   space 2048K, 0% used [0x00000000ffe00000,0x00000000ffe00000,0x0000000100000000)
 ParOldGen       total 114688K, used 92845K [0x00000000f4800000, 0x00000000fb800000, 0x00000000fb800000)
  object space 114688K, 80% used [0x00000000f4800000,0x00000000fa2ab418,0x00000000fb800000)
 Metaspace       used 75146K, capacity 79252K, committed 79744K, reserved 1118208K
  class space    used 9478K, capacity 10201K, committed 10368K, reserved 1048576K
}
{Heap before GC invocations=631 (full 1):
 PSYoungGen      total 71680K, used 70464K [0x00000000fb800000, 0x0000000100000000, 0x0000000100000000)
  eden space 69632K, 100% used [0x00000000fb800000,0x00000000ffc00000,0x00000000ffc00000)
  from space 2048K, 40% used [0x00000000ffc00000,0x00000000ffcd0000,0x00000000ffe00000)
  to   space 2048K, 0% used [0x00000000ffe00000,0x00000000ffe00000,0x0000000100000000)
 ParOldGen       total 114688K, used 92845K [0x00000000f4800000, 0x00000000fb800000, 0x00000000fb800000)
  object space 114688K, 80% used [0x00000000f4800000,0x00000000fa2ab418,0x00000000fb800000)
 Metaspace       used 75146K, capacity 79252K, committed 79744K, reserved 1118208K
  class space    used 9478K, capacity 10201K, committed 10368K, reserved 1048576K
2024-06-11T21:23:34.477+0800: 2673.690: [GC (Allocation Failure) [PSYoungGen: 70464K->800K(71680K)] 163309K->93717K(186368K), 0.0056781 secs] [Times: user=0.00 sys=0.00, real=0.01 secs] 
Heap after GC invocations=631 (full 1):
 PSYoungGen      total 71680K, used 800K [0x00000000fb800000, 0x0000000100000000, 0x0000000100000000)
  eden space 69632K, 0% used [0x00000000fb800000,0x00000000fb800000,0x00000000ffc00000)
  from space 2048K, 39% used [0x00000000ffe00000,0x00000000ffec8000,0x0000000100000000)
  to   space 2048K, 0% used [0x00000000ffc00000,0x00000000ffc00000,0x00000000ffe00000)
 ParOldGen       total 114688K, used 92917K [0x00000000f4800000, 0x00000000fb800000, 0x00000000fb800000)
  object space 114688K, 81% used [0x00000000f4800000,0x00000000fa2bd418,0x00000000fb800000)
 Metaspace       used 75146K, capacity 79252K, committed 79744K, reserved 1118208K
  class space    used 9478K, capacity 10201K, committed 10368K, reserved 1048576K
}
{Heap before GC invocations=632 (full 1):
 PSYoungGen      total 71680K, used 70432K [0x00000000fb800000, 0x0000000100000000, 0x0000000100000000)
  eden space 69632K, 100% used [0x00000000fb800000,0x00000000ffc00000,0x00000000ffc00000)
  from space 2048K, 39% used [0x00000000ffe00000,0x00000000ffec8000,0x0000000100000000)
  to   space 2048K, 0% used [0x00000000ffc00000,0x00000000ffc00000,0x00000000ffe00000)
 ParOldGen       total 114688K, used 92917K [0x00000000f4800000, 0x00000000fb800000, 0x00000000fb800000)
  object space 114688K, 81% used [0x00000000f4800000,0x00000000fa2bd418,0x00000000fb800000)
 Metaspace       used 75146K, capacity 79252K, committed 79744K, reserved 1118208K
  class space    used 9478K, capacity 10201K, committed 10368K, reserved 1048576K
2024-06-11T21:23:38.852+0800: 2678.065: [GC (Allocation Failure) [PSYoungGen: 70432K->1326K(71680K)] 163349K->94315K(186368K), 0.0065985 secs] [Times: user=0.01 sys=0.00, real=0.00 secs] 
Heap after GC invocations=632 (full 1):
 PSYoungGen      total 71680K, used 1326K [0x00000000fb800000, 0x0000000100000000, 0x0000000100000000)
  eden space 69632K, 0% used [0x00000000fb800000,0x00000000fb800000,0x00000000ffc00000)
  from space 2048K, 64% used [0x00000000ffc00000,0x00000000ffd4b810,0x00000000ffe00000)
  to   space 2048K, 0% used [0x00000000ffe00000,0x00000000ffe00000,0x0000000100000000)
 ParOldGen       total 114688K, used 92989K [0x00000000f4800000, 0x00000000fb800000, 0x00000000fb800000)
  object space 114688K, 81% used [0x00000000f4800000,0x00000000fa2cf418,0x00000000fb800000)
 Metaspace       used 75146K, capacity 79252K, committed 79744K, reserved 1118208K
  class space    used 9478K, capacity 10201K, committed 10368K, reserved 1048576K
}
{Heap before GC invocations=633 (full 1):
 PSYoungGen      total 71680K, used 70958K [0x00000000fb800000, 0x0000000100000000, 0x0000000100000000)
  eden space 69632K, 100% used [0x00000000fb800000,0x00000000ffc00000,0x00000000ffc00000)
  from space 2048K, 64% used [0x00000000ffc00000,0x00000000ffd4b810,0x00000000ffe00000)
  to   space 2048K, 0% used [0x00000000ffe00000,0x00000000ffe00000,0x0000000100000000)
 ParOldGen       total 114688K, used 92989K [0x00000000f4800000, 0x00000000fb800000, 0x00000000fb800000)
  object space 114688K, 81% used [0x00000000f4800000,0x00000000fa2cf418,0x00000000fb800000)
 Metaspace       used 75146K, capacity 79252K, committed 79744K, reserved 1118208K
  class space    used 9478K, capacity 10201K, committed 10368K, reserved 1048576K
2024-06-11T21:23:43.317+0800: 2682.530: [GC (Allocation Failure) [PSYoungGen: 70958K->800K(71680K)] 163947K->93869K(186368K), 0.0059626 secs] [Times: user=0.01 sys=0.00, real=0.01 secs] 
Heap after GC invocations=633 (full 1):
 PSYoungGen      total 71680K, used 800K [0x00000000fb800000, 0x0000000100000000, 0x0000000100000000)
  eden space 69632K, 0% used [0x00000000fb800000,0x00000000fb800000,0x00000000ffc00000)
  from space 2048K, 39% used [0x00000000ffe00000,0x00000000ffec8000,0x0000000100000000)
  to   space 2048K, 0% used [0x00000000ffc00000,0x00000000ffc00000,0x00000000ffe00000)
 ParOldGen       total 114688K, used 93069K [0x00000000f4800000, 0x00000000fb800000, 0x00000000fb800000)
  object space 114688K, 81% used [0x00000000f4800000,0x00000000fa2e3418,0x00000000fb800000)
 Metaspace       used 75146K, capacity 79252K, committed 79744K, reserved 1118208K
  class space    used 9478K, capacity 10201K, committed 10368K, reserved 1048576K
}
{Heap before GC invocations=634 (full 1):
 PSYoungGen      total 71680K, used 70432K [0x00000000fb800000, 0x0000000100000000, 0x0000000100000000)
  eden space 69632K, 100% used [0x00000000fb800000,0x00000000ffc00000,0x00000000ffc00000)
  from space 2048K, 39% used [0x00000000ffe00000,0x00000000ffec8000,0x0000000100000000)
  to   space 2048K, 0% used [0x00000000ffc00000,0x00000000ffc00000,0x00000000ffe00000)
 ParOldGen       total 114688K, used 93069K [0x00000000f4800000, 0x00000000fb800000, 0x00000000fb800000)
  object space 114688K, 81% used [0x00000000f4800000,0x00000000fa2e3418,0x00000000fb800000)
 Metaspace       used 75146K, capacity 79252K, committed 79744K, reserved 1118208K
  class space    used 9478K, capacity 10201K, committed 10368K, reserved 1048576K
2024-06-11T21:23:47.592+0800: 2686.805: [GC (Allocation Failure) [PSYoungGen: 70432K->800K(71680K)] 163501K->93949K(186368K), 0.0064025 secs] [Times: user=0.01 sys=0.00, real=0.00 secs] 
Heap after GC invocations=634 (full 1):
 PSYoungGen      total 71680K, used 800K [0x00000000fb800000, 0x0000000100000000, 0x0000000100000000)
  eden space 69632K, 0% used [0x00000000fb800000,0x00000000fb800000,0x00000000ffc00000)
  from space 2048K, 39% used [0x00000000ffc00000,0x00000000ffcc8000,0x00000000ffe00000)
  to   space 2048K, 0% used [0x00000000ffe00000,0x00000000ffe00000,0x0000000100000000)
 ParOldGen       total 114688K, used 93149K [0x00000000f4800000, 0x00000000fb800000, 0x00000000fb800000)
  object space 114688K, 81% used [0x00000000f4800000,0x00000000fa2f7418,0x00000000fb800000)
 Metaspace       used 75146K, capacity 79252K, committed 79744K, reserved 1118208K
  class space    used 9478K, capacity 10201K, committed 10368K, reserved 1048576K
}
{Heap before GC invocations=635 (full 1):
 PSYoungGen      total 71680K, used 70432K [0x00000000fb800000, 0x0000000100000000, 0x0000000100000000)
  eden space 69632K, 100% used [0x00000000fb800000,0x00000000ffc00000,0x00000000ffc00000)
  from space 2048K, 39% used [0x00000000ffc00000,0x00000000ffcc8000,0x00000000ffe00000)
  to   space 2048K, 0% used [0x00000000ffe00000,0x00000000ffe00000,0x0000000100000000)
 ParOldGen       total 114688K, used 93149K [0x00000000f4800000, 0x00000000fb800000, 0x00000000fb800000)
  object space 114688K, 81% used [0x00000000f4800000,0x00000000fa2f7418,0x00000000fb800000)
 Metaspace       used 75146K, capacity 79252K, committed 79744K, reserved 1118208K
  class space    used 9478K, capacity 10201K, committed 10368K, reserved 1048576K
2024-06-11T21:23:51.902+0800: 2691.115: [GC (Allocation Failure) [PSYoungGen: 70432K->864K(71680K)] 163581K->94101K(186368K), 0.0050452 secs] [Times: user=0.01 sys=0.00, real=0.00 secs] 
Heap after GC invocations=635 (full 1):
 PSYoungGen      total 71680K, used 864K [0x00000000fb800000, 0x0000000100000000, 0x0000000100000000)
  eden space 69632K, 0% used [0x00000000fb800000,0x00000000fb800000,0x00000000ffc00000)
  from space 2048K, 42% used [0x00000000ffe00000,0x00000000ffed8000,0x0000000100000000)
  to   space 2048K, 0% used [0x00000000ffc00000,0x00000000ffc00000,0x00000000ffe00000)
 ParOldGen       total 114688K, used 93237K [0x00000000f4800000, 0x00000000fb800000, 0x00000000fb800000)
  object space 114688K, 81% used [0x00000000f4800000,0x00000000fa30d418,0x00000000fb800000)
 Metaspace       used 75146K, capacity 79252K, committed 79744K, reserved 1118208K
  class space    used 9478K, capacity 10201K, committed 10368K, reserved 1048576K
}
{Heap before GC invocations=636 (full 1):
 PSYoungGen      total 71680K, used 70496K [0x00000000fb800000, 0x0000000100000000, 0x0000000100000000)
  eden space 69632K, 100% used [0x00000000fb800000,0x00000000ffc00000,0x00000000ffc00000)
  from space 2048K, 42% used [0x00000000ffe00000,0x00000000ffed8000,0x0000000100000000)
  to   space 2048K, 0% used [0x00000000ffc00000,0x00000000ffc00000,0x00000000ffe00000)
 ParOldGen       total 114688K, used 93237K [0x00000000f4800000, 0x00000000fb800000, 0x00000000fb800000)
  object space 114688K, 81% used [0x00000000f4800000,0x00000000fa30d418,0x00000000fb800000)
 Metaspace       used 75146K, capacity 79252K, committed 79744K, reserved 1118208K
  class space    used 9478K, capacity 10201K, committed 10368K, reserved 1048576K
2024-06-11T21:23:56.238+0800: 2695.451: [GC (Allocation Failure) [PSYoungGen: 70496K->800K(71680K)] 163733K->94125K(186368K), 0.0054948 secs] [Times: user=0.01 sys=0.00, real=0.01 secs] 
Heap after GC invocations=636 (full 1):
 PSYoungGen      total 71680K, used 800K [0x00000000fb800000, 0x0000000100000000, 0x0000000100000000)
  eden space 69632K, 0% used [0x00000000fb800000,0x00000000fb800000,0x00000000ffc00000)
  from space 2048K, 39% used [0x00000000ffc00000,0x00000000ffcc8000,0x00000000ffe00000)
  to   space 2048K, 0% used [0x00000000ffe00000,0x00000000ffe00000,0x0000000100000000)
 ParOldGen       total 114688K, used 93325K [0x00000000f4800000, 0x00000000fb800000, 0x00000000fb800000)
  object space 114688K, 81% used [0x00000000f4800000,0x00000000fa323418,0x00000000fb800000)
 Metaspace       used 75146K, capacity 79252K, committed 79744K, reserved 1118208K
  class space    used 9478K, capacity 10201K, committed 10368K, reserved 1048576K
}
{Heap before GC invocations=637 (full 1):
 PSYoungGen      total 71680K, used 70432K [0x00000000fb800000, 0x0000000100000000, 0x0000000100000000)
  eden space 69632K, 100% used [0x00000000fb800000,0x00000000ffc00000,0x00000000ffc00000)
  from space 2048K, 39% used [0x00000000ffc00000,0x00000000ffcc8000,0x00000000ffe00000)
  to   space 2048K, 0% used [0x00000000ffe00000,0x00000000ffe00000,0x0000000100000000)
 ParOldGen       total 114688K, used 93325K [0x00000000f4800000, 0x00000000fb800000, 0x00000000fb800000)
  object space 114688K, 81% used [0x00000000f4800000,0x00000000fa323418,0x00000000fb800000)
 Metaspace       used 75146K, capacity 79252K, committed 79744K, reserved 1118208K
  class space    used 9478K, capacity 10201K, committed 10368K, reserved 1048576K
2024-06-11T21:24:00.515+0800: 2699.729: [GC (Allocation Failure) [PSYoungGen: 70432K->832K(71680K)] 163757K->94237K(186368K), 0.0048049 secs] [Times: user=0.01 sys=0.00, real=0.00 secs] 
Heap after GC invocations=637 (full 1):
 PSYoungGen      total 71680K, used 832K [0x00000000fb800000, 0x0000000100000000, 0x0000000100000000)
  eden space 69632K, 0% used [0x00000000fb800000,0x00000000fb800000,0x00000000ffc00000)
  from space 2048K, 40% used [0x00000000ffe00000,0x00000000ffed0000,0x0000000100000000)
  to   space 2048K, 0% used [0x00000000ffc00000,0x00000000ffc00000,0x00000000ffe00000)
 ParOldGen       total 114688K, used 93405K [0x00000000f4800000, 0x00000000fb800000, 0x00000000fb800000)
  object space 114688K, 81% used [0x00000000f4800000,0x00000000fa337418,0x00000000fb800000)
 Metaspace       used 75146K, capacity 79252K, committed 79744K, reserved 1118208K
  class space    used 9478K, capacity 10201K, committed 10368K, reserved 1048576K
}
{Heap before GC invocations=638 (full 1):
 PSYoungGen      total 71680K, used 70464K [0x00000000fb800000, 0x0000000100000000, 0x0000000100000000)
  eden space 69632K, 100% used [0x00000000fb800000,0x00000000ffc00000,0x00000000ffc00000)
  from space 2048K, 40% used [0x00000000ffe00000,0x00000000ffed0000,0x0000000100000000)
  to   space 2048K, 0% used [0x00000000ffc00000,0x00000000ffc00000,0x00000000ffe00000)
 ParOldGen       total 114688K, used 93405K [0x00000000f4800000, 0x00000000fb800000, 0x00000000fb800000)
  object space 114688K, 81% used [0x00000000f4800000,0x00000000fa337418,0x00000000fb800000)
 Metaspace       used 75149K, capacity 79252K, committed 79744K, reserved 1118208K
  class space    used 9478K, capacity 10201K, committed 10368K, reserved 1048576K
2024-06-11T21:24:04.915+0800: 2704.128: [GC (Allocation Failure) [PSYoungGen: 70464K->832K(71680K)] 163869K->94325K(186368K), 0.0049057 secs] [Times: user=0.01 sys=0.00, real=0.00 secs] 
Heap after GC invocations=638 (full 1):
 PSYoungGen      total 71680K, used 832K [0x00000000fb800000, 0x0000000100000000, 0x0000000100000000)
  eden space 69632K, 0% used [0x00000000fb800000,0x00000000fb800000,0x00000000ffc00000)
  from space 2048K, 40% used [0x00000000ffc00000,0x00000000ffcd0000,0x00000000ffe00000)
  to   space 1536K, 0% used [0x00000000ffe80000,0x00000000ffe80000,0x0000000100000000)
 ParOldGen       total 114688K, used 93493K [0x00000000f4800000, 0x00000000fb800000, 0x00000000fb800000)
  object space 114688K, 81% used [0x00000000f4800000,0x00000000fa34d418,0x00000000fb800000)
 Metaspace       used 75149K, capacity 79252K, committed 79744K, reserved 1118208K
  class space    used 9478K, capacity 10201K, committed 10368K, reserved 1048576K
}
{Heap before GC invocations=639 (full 1):
 PSYoungGen      total 71680K, used 70464K [0x00000000fb800000, 0x0000000100000000, 0x0000000100000000)
  eden space 69632K, 100% used [0x00000000fb800000,0x00000000ffc00000,0x00000000ffc00000)
  from space 2048K, 40% used [0x00000000ffc00000,0x00000000ffcd0000,0x00000000ffe00000)
  to   space 1536K, 0% used [0x00000000ffe80000,0x00000000ffe80000,0x0000000100000000)
 ParOldGen       total 114688K, used 93493K [0x00000000f4800000, 0x00000000fb800000, 0x00000000fb800000)
  object space 114688K, 81% used [0x00000000f4800000,0x00000000fa34d418,0x00000000fb800000)
 Metaspace       used 75149K, capacity 79252K, committed 79744K, reserved 1118208K
  class space    used 9478K, capacity 10201K, committed 10368K, reserved 1048576K
2024-06-11T21:24:09.183+0800: 2708.397: [GC (Allocation Failure) [PSYoungGen: 70464K->960K(72192K)] 163957K->94533K(186880K), 0.0055067 secs] [Times: user=0.01 sys=0.00, real=0.00 secs] 
Heap after GC invocations=639 (full 1):
 PSYoungGen      total 72192K, used 960K [0x00000000fb800000, 0x0000000100000000, 0x0000000100000000)
  eden space 70656K, 0% used [0x00000000fb800000,0x00000000fb800000,0x00000000ffd00000)
  from space 1536K, 62% used [0x00000000ffe80000,0x00000000fff70000,0x0000000100000000)
  to   space 1536K, 0% used [0x00000000ffd00000,0x00000000ffd00000,0x00000000ffe80000)
 ParOldGen       total 114688K, used 93573K [0x00000000f4800000, 0x00000000fb800000, 0x00000000fb800000)
  object space 114688K, 81% used [0x00000000f4800000,0x00000000fa361418,0x00000000fb800000)
 Metaspace       used 75149K, capacity 79252K, committed 79744K, reserved 1118208K
  class space    used 9478K, capacity 10201K, committed 10368K, reserved 1048576K
}
{Heap before GC invocations=640 (full 1):
 PSYoungGen      total 72192K, used 71616K [0x00000000fb800000, 0x0000000100000000, 0x0000000100000000)
  eden space 70656K, 100% used [0x00000000fb800000,0x00000000ffd00000,0x00000000ffd00000)
  from space 1536K, 62% used [0x00000000ffe80000,0x00000000fff70000,0x0000000100000000)
  to   space 1536K, 0% used [0x00000000ffd00000,0x00000000ffd00000,0x00000000ffe80000)
 ParOldGen       total 114688K, used 93573K [0x00000000f4800000, 0x00000000fb800000, 0x00000000fb800000)
  object space 114688K, 81% used [0x00000000f4800000,0x00000000fa361418,0x00000000fb800000)
 Metaspace       used 75149K, capacity 79252K, committed 79744K, reserved 1118208K
  class space    used 9478K, capacity 10201K, committed 10368K, reserved 1048576K
2024-06-11T21:24:13.515+0800: 2712.728: [GC (Allocation Failure) [PSYoungGen: 71616K->1536K(72192K)] 165189K->95933K(186880K), 0.0079143 secs] [Times: user=0.01 sys=0.00, real=0.01 secs] 
Heap after GC invocations=640 (full 1):
 PSYoungGen      total 72192K, used 1536K [0x00000000fb800000, 0x0000000100000000, 0x0000000100000000)
  eden space 70656K, 0% used [0x00000000fb800000,0x00000000fb800000,0x00000000ffd00000)
  from space 1536K, 100% used [0x00000000ffd00000,0x00000000ffe80000,0x00000000ffe80000)
  to   space 1536K, 0% used [0x00000000ffe80000,0x00000000ffe80000,0x0000000100000000)
 ParOldGen       total 114688K, used 94397K [0x00000000f4800000, 0x00000000fb800000, 0x00000000fb800000)
  object space 114688K, 82% used [0x00000000f4800000,0x00000000fa42f418,0x00000000fb800000)
 Metaspace       used 75149K, capacity 79252K, committed 79744K, reserved 1118208K
  class space    used 9478K, capacity 10201K, committed 10368K, reserved 1048576K
}
{Heap before GC invocations=641 (full 1):
 PSYoungGen      total 72192K, used 72192K [0x00000000fb800000, 0x0000000100000000, 0x0000000100000000)
  eden space 70656K, 100% used [0x00000000fb800000,0x00000000ffd00000,0x00000000ffd00000)
  from space 1536K, 100% used [0x00000000ffd00000,0x00000000ffe80000,0x00000000ffe80000)
  to   space 1536K, 0% used [0x00000000ffe80000,0x00000000ffe80000,0x0000000100000000)
 ParOldGen       total 114688K, used 94397K [0x00000000f4800000, 0x00000000fb800000, 0x00000000fb800000)
  object space 114688K, 82% used [0x00000000f4800000,0x00000000fa42f418,0x00000000fb800000)
 Metaspace       used 75149K, capacity 79252K, committed 79744K, reserved 1118208K
  class space    used 9478K, capacity 10201K, committed 10368K, reserved 1048576K
2024-06-11T21:24:17.913+0800: 2717.126: [GC (Allocation Failure) [PSYoungGen: 72192K->1120K(71168K)] 166589K->96797K(185856K), 0.0064004 secs] [Times: user=0.01 sys=0.00, real=0.00 secs] 
Heap after GC invocations=641 (full 1):
 PSYoungGen      total 71168K, used 1120K [0x00000000fb800000, 0x0000000100000000, 0x0000000100000000)
  eden space 69632K, 0% used [0x00000000fb800000,0x00000000fb800000,0x00000000ffc00000)
  from space 1536K, 72% used [0x00000000ffe80000,0x00000000fff98000,0x0000000100000000)
  to   space 2048K, 0% used [0x00000000ffc00000,0x00000000ffc00000,0x00000000ffe00000)
 ParOldGen       total 114688K, used 95677K [0x00000000f4800000, 0x00000000fb800000, 0x00000000fb800000)
  object space 114688K, 83% used [0x00000000f4800000,0x00000000fa56f418,0x00000000fb800000)
 Metaspace       used 75149K, capacity 79252K, committed 79744K, reserved 1118208K
  class space    used 9478K, capacity 10201K, committed 10368K, reserved 1048576K
}
{Heap before GC invocations=642 (full 1):
 PSYoungGen      total 71168K, used 70752K [0x00000000fb800000, 0x0000000100000000, 0x0000000100000000)
  eden space 69632K, 100% used [0x00000000fb800000,0x00000000ffc00000,0x00000000ffc00000)
  from space 1536K, 72% used [0x00000000ffe80000,0x00000000fff98000,0x0000000100000000)
  to   space 2048K, 0% used [0x00000000ffc00000,0x00000000ffc00000,0x00000000ffe00000)
 ParOldGen       total 114688K, used 95677K [0x00000000f4800000, 0x00000000fb800000, 0x00000000fb800000)
  object space 114688K, 83% used [0x00000000f4800000,0x00000000fa56f418,0x00000000fb800000)
 Metaspace       used 75149K, capacity 79252K, committed 79744K, reserved 1118208K
  class space    used 9478K, capacity 10201K, committed 10368K, reserved 1048576K
2024-06-11T21:24:22.164+0800: 2721.377: [GC (Allocation Failure) [PSYoungGen: 70752K->800K(71680K)] 166429K->96861K(186368K), 0.0052095 secs] [Times: user=0.01 sys=0.00, real=0.00 secs] 
Heap after GC invocations=642 (full 1):
 PSYoungGen      total 71680K, used 800K [0x00000000fb800000, 0x0000000100000000, 0x0000000100000000)
  eden space 69632K, 0% used [0x00000000fb800000,0x00000000fb800000,0x00000000ffc00000)
  from space 2048K, 39% used [0x00000000ffc00000,0x00000000ffcc8000,0x00000000ffe00000)
  to   space 2048K, 0% used [0x00000000ffe00000,0x00000000ffe00000,0x0000000100000000)
 ParOldGen       total 114688K, used 96061K [0x00000000f4800000, 0x00000000fb800000, 0x00000000fb800000)
  object space 114688K, 83% used [0x00000000f4800000,0x00000000fa5cf418,0x00000000fb800000)
 Metaspace       used 75149K, capacity 79252K, committed 79744K, reserved 1118208K
  class space    used 9478K, capacity 10201K, committed 10368K, reserved 1048576K
}
{Heap before GC invocations=643 (full 1):
 PSYoungGen      total 71680K, used 70432K [0x00000000fb800000, 0x0000000100000000, 0x0000000100000000)
  eden space 69632K, 100% used [0x00000000fb800000,0x00000000ffc00000,0x00000000ffc00000)
  from space 2048K, 39% used [0x00000000ffc00000,0x00000000ffcc8000,0x00000000ffe00000)
  to   space 2048K, 0% used [0x00000000ffe00000,0x00000000ffe00000,0x0000000100000000)
 ParOldGen       total 114688K, used 96061K [0x00000000f4800000, 0x00000000fb800000, 0x00000000fb800000)
  object space 114688K, 83% used [0x00000000f4800000,0x00000000fa5cf418,0x00000000fb800000)
 Metaspace       used 75149K, capacity 79252K, committed 79744K, reserved 1118208K
  class space    used 9478K, capacity 10201K, committed 10368K, reserved 1048576K
2024-06-11T21:24:26.660+0800: 2725.873: [GC (Allocation Failure) [PSYoungGen: 70432K->832K(71680K)] 166493K->96973K(186368K), 0.0049318 secs] [Times: user=0.00 sys=0.00, real=0.01 secs] 
Heap after GC invocations=643 (full 1):
 PSYoungGen      total 71680K, used 832K [0x00000000fb800000, 0x0000000100000000, 0x0000000100000000)
  eden space 69632K, 0% used [0x00000000fb800000,0x00000000fb800000,0x00000000ffc00000)
  from space 2048K, 40% used [0x00000000ffe00000,0x00000000ffed0000,0x0000000100000000)
  to   space 2048K, 0% used [0x00000000ffc00000,0x00000000ffc00000,0x00000000ffe00000)
 ParOldGen       total 114688K, used 96141K [0x00000000f4800000, 0x00000000fb800000, 0x00000000fb800000)
  object space 114688K, 83% used [0x00000000f4800000,0x00000000fa5e3418,0x00000000fb800000)
 Metaspace       used 75149K, capacity 79252K, committed 79744K, reserved 1118208K
  class space    used 9478K, capacity 10201K, committed 10368K, reserved 1048576K
}
{Heap before GC invocations=644 (full 1):
 PSYoungGen      total 71680K, used 70464K [0x00000000fb800000, 0x0000000100000000, 0x0000000100000000)
  eden space 69632K, 100% used [0x00000000fb800000,0x00000000ffc00000,0x00000000ffc00000)
  from space 2048K, 40% used [0x00000000ffe00000,0x00000000ffed0000,0x0000000100000000)
  to   space 2048K, 0% used [0x00000000ffc00000,0x00000000ffc00000,0x00000000ffe00000)
 ParOldGen       total 114688K, used 96141K [0x00000000f4800000, 0x00000000fb800000, 0x00000000fb800000)
  object space 114688K, 83% used [0x00000000f4800000,0x00000000fa5e3418,0x00000000fb800000)
 Metaspace       used 75149K, capacity 79252K, committed 79744K, reserved 1118208K
  class space    used 9478K, capacity 10201K, committed 10368K, reserved 1048576K
2024-06-11T21:24:30.958+0800: 2730.171: [GC (Allocation Failure) [PSYoungGen: 70464K->800K(71680K)] 166605K->97021K(186368K), 0.0049372 secs] [Times: user=0.01 sys=0.00, real=0.01 secs] 
Heap after GC invocations=644 (full 1):
 PSYoungGen      total 71680K, used 800K [0x00000000fb800000, 0x0000000100000000, 0x0000000100000000)
  eden space 69632K, 0% used [0x00000000fb800000,0x00000000fb800000,0x00000000ffc00000)
  from space 2048K, 39% used [0x00000000ffc00000,0x00000000ffcc8000,0x00000000ffe00000)
  to   space 2048K, 0% used [0x00000000ffe00000,0x00000000ffe00000,0x0000000100000000)
 ParOldGen       total 114688K, used 96221K [0x00000000f4800000, 0x00000000fb800000, 0x00000000fb800000)
  object space 114688K, 83% used [0x00000000f4800000,0x00000000fa5f7418,0x00000000fb800000)
 Metaspace       used 75149K, capacity 79252K, committed 79744K, reserved 1118208K
  class space    used 9478K, capacity 10201K, committed 10368K, reserved 1048576K
}
{Heap before GC invocations=645 (full 1):
 PSYoungGen      total 71680K, used 70432K [0x00000000fb800000, 0x0000000100000000, 0x0000000100000000)
  eden space 69632K, 100% used [0x00000000fb800000,0x00000000ffc00000,0x00000000ffc00000)
  from space 2048K, 39% used [0x00000000ffc00000,0x00000000ffcc8000,0x00000000ffe00000)
  to   space 2048K, 0% used [0x00000000ffe00000,0x00000000ffe00000,0x0000000100000000)
 ParOldGen       total 114688K, used 96221K [0x00000000f4800000, 0x00000000fb800000, 0x00000000fb800000)
  object space 114688K, 83% used [0x00000000f4800000,0x00000000fa5f7418,0x00000000fb800000)
 Metaspace       used 75149K, capacity 79252K, committed 79744K, reserved 1118208K
  class space    used 9478K, capacity 10201K, committed 10368K, reserved 1048576K
2024-06-11T21:24:35.043+0800: 2734.256: [GC (Allocation Failure) [PSYoungGen: 70432K->800K(71680K)] 166653K->97093K(186368K), 0.0048702 secs] [Times: user=0.01 sys=0.00, real=0.00 secs] 
Heap after GC invocations=645 (full 1):
 PSYoungGen      total 71680K, used 800K [0x00000000fb800000, 0x0000000100000000, 0x0000000100000000)
  eden space 69632K, 0% used [0x00000000fb800000,0x00000000fb800000,0x00000000ffc00000)
  from space 2048K, 39% used [0x00000000ffe00000,0x00000000ffec8000,0x0000000100000000)
  to   space 2048K, 0% used [0x00000000ffc00000,0x00000000ffc00000,0x00000000ffe00000)
 ParOldGen       total 114688K, used 96293K [0x00000000f4800000, 0x00000000fb800000, 0x00000000fb800000)
  object space 114688K, 83% used [0x00000000f4800000,0x00000000fa609418,0x00000000fb800000)
 Metaspace       used 75149K, capacity 79252K, committed 79744K, reserved 1118208K
  class space    used 9478K, capacity 10201K, committed 10368K, reserved 1048576K
}
{Heap before GC invocations=646 (full 1):
 PSYoungGen      total 71680K, used 70432K [0x00000000fb800000, 0x0000000100000000, 0x0000000100000000)
  eden space 69632K, 100% used [0x00000000fb800000,0x00000000ffc00000,0x00000000ffc00000)
  from space 2048K, 39% used [0x00000000ffe00000,0x00000000ffec8000,0x0000000100000000)
  to   space 2048K, 0% used [0x00000000ffc00000,0x00000000ffc00000,0x00000000ffe00000)
 ParOldGen       total 114688K, used 96293K [0x00000000f4800000, 0x00000000fb800000, 0x00000000fb800000)
  object space 114688K, 83% used [0x00000000f4800000,0x00000000fa609418,0x00000000fb800000)
 Metaspace       used 75149K, capacity 79252K, committed 79744K, reserved 1118208K
  class space    used 9478K, capacity 10201K, committed 10368K, reserved 1048576K
2024-06-11T21:24:39.577+0800: 2738.790: [GC (Allocation Failure) [PSYoungGen: 70432K->832K(71680K)] 166725K->97197K(186368K), 0.0049680 secs] [Times: user=0.01 sys=0.00, real=0.01 secs] 
Heap after GC invocations=646 (full 1):
 PSYoungGen      total 71680K, used 832K [0x00000000fb800000, 0x0000000100000000, 0x0000000100000000)
  eden space 69632K, 0% used [0x00000000fb800000,0x00000000fb800000,0x00000000ffc00000)
  from space 2048K, 40% used [0x00000000ffc00000,0x00000000ffcd0000,0x00000000ffe00000)
  to   space 2048K, 0% used [0x00000000ffe00000,0x00000000ffe00000,0x0000000100000000)
 ParOldGen       total 114688K, used 96365K [0x00000000f4800000, 0x00000000fb800000, 0x00000000fb800000)
  object space 114688K, 84% used [0x00000000f4800000,0x00000000fa61b418,0x00000000fb800000)
 Metaspace       used 75149K, capacity 79252K, committed 79744K, reserved 1118208K
  class space    used 9478K, capacity 10201K, committed 10368K, reserved 1048576K
}
{Heap before GC invocations=647 (full 1):
 PSYoungGen      total 71680K, used 70464K [0x00000000fb800000, 0x0000000100000000, 0x0000000100000000)
  eden space 69632K, 100% used [0x00000000fb800000,0x00000000ffc00000,0x00000000ffc00000)
  from space 2048K, 40% used [0x00000000ffc00000,0x00000000ffcd0000,0x00000000ffe00000)
  to   space 2048K, 0% used [0x00000000ffe00000,0x00000000ffe00000,0x0000000100000000)
 ParOldGen       total 114688K, used 96365K [0x00000000f4800000, 0x00000000fb800000, 0x00000000fb800000)
  object space 114688K, 84% used [0x00000000f4800000,0x00000000fa61b418,0x00000000fb800000)
 Metaspace       used 75149K, capacity 79252K, committed 79744K, reserved 1118208K
  class space    used 9478K, capacity 10201K, committed 10368K, reserved 1048576K
2024-06-11T21:24:44.110+0800: 2743.323: [GC (Allocation Failure) [PSYoungGen: 70464K->864K(71680K)] 166829K->97309K(186368K), 0.0050757 secs] [Times: user=0.01 sys=0.00, real=0.01 secs] 
Heap after GC invocations=647 (full 1):
 PSYoungGen      total 71680K, used 864K [0x00000000fb800000, 0x0000000100000000, 0x0000000100000000)
  eden space 69632K, 0% used [0x00000000fb800000,0x00000000fb800000,0x00000000ffc00000)
  from space 2048K, 42% used [0x00000000ffe00000,0x00000000ffed8000,0x0000000100000000)
  to   space 2048K, 0% used [0x00000000ffc00000,0x00000000ffc00000,0x00000000ffe00000)
 ParOldGen       total 114688K, used 96445K [0x00000000f4800000, 0x00000000fb800000, 0x00000000fb800000)
  object space 114688K, 84% used [0x00000000f4800000,0x00000000fa62f418,0x00000000fb800000)
 Metaspace       used 75149K, capacity 79252K, committed 79744K, reserved 1118208K
  class space    used 9478K, capacity 10201K, committed 10368K, reserved 1048576K
}
{Heap before GC invocations=648 (full 1):
 PSYoungGen      total 71680K, used 70496K [0x00000000fb800000, 0x0000000100000000, 0x0000000100000000)
  eden space 69632K, 100% used [0x00000000fb800000,0x00000000ffc00000,0x00000000ffc00000)
  from space 2048K, 42% used [0x00000000ffe00000,0x00000000ffed8000,0x0000000100000000)
  to   space 2048K, 0% used [0x00000000ffc00000,0x00000000ffc00000,0x00000000ffe00000)
 ParOldGen       total 114688K, used 96445K [0x00000000f4800000, 0x00000000fb800000, 0x00000000fb800000)
  object space 114688K, 84% used [0x00000000f4800000,0x00000000fa62f418,0x00000000fb800000)
 Metaspace       used 75149K, capacity 79252K, committed 79744K, reserved 1118208K
  class space    used 9478K, capacity 10201K, committed 10368K, reserved 1048576K
2024-06-11T21:24:48.254+0800: 2747.467: [GC (Allocation Failure) [PSYoungGen: 70496K->800K(71680K)] 166941K->97325K(186368K), 0.0048954 secs] [Times: user=0.01 sys=0.00, real=0.00 secs] 
Heap after GC invocations=648 (full 1):
 PSYoungGen      total 71680K, used 800K [0x00000000fb800000, 0x0000000100000000, 0x0000000100000000)
  eden space 69632K, 0% used [0x00000000fb800000,0x00000000fb800000,0x00000000ffc00000)
  from space 2048K, 39% used [0x00000000ffc00000,0x00000000ffcc8000,0x00000000ffe00000)
  to   space 2048K, 0% used [0x00000000ffe00000,0x00000000ffe00000,0x0000000100000000)
 ParOldGen       total 114688K, used 96525K [0x00000000f4800000, 0x00000000fb800000, 0x00000000fb800000)
  object space 114688K, 84% used [0x00000000f4800000,0x00000000fa643418,0x00000000fb800000)
 Metaspace       used 75149K, capacity 79252K, committed 79744K, reserved 1118208K
  class space    used 9478K, capacity 10201K, committed 10368K, reserved 1048576K
}
{Heap before GC invocations=649 (full 1):
 PSYoungGen      total 71680K, used 70432K [0x00000000fb800000, 0x0000000100000000, 0x0000000100000000)
  eden space 69632K, 100% used [0x00000000fb800000,0x00000000ffc00000,0x00000000ffc00000)
  from space 2048K, 39% used [0x00000000ffc00000,0x00000000ffcc8000,0x00000000ffe00000)
  to   space 2048K, 0% used [0x00000000ffe00000,0x00000000ffe00000,0x0000000100000000)
 ParOldGen       total 114688K, used 96525K [0x00000000f4800000, 0x00000000fb800000, 0x00000000fb800000)
  object space 114688K, 84% used [0x00000000f4800000,0x00000000fa643418,0x00000000fb800000)
 Metaspace       used 75149K, capacity 79252K, committed 79744K, reserved 1118208K
  class space    used 9478K, capacity 10201K, committed 10368K, reserved 1048576K
2024-06-11T21:24:52.474+0800: 2751.687: [GC (Allocation Failure) [PSYoungGen: 70432K->800K(71680K)] 166957K->97405K(186368K), 0.0048874 secs] [Times: user=0.01 sys=0.00, real=0.00 secs] 
Heap after GC invocations=649 (full 1):
 PSYoungGen      total 71680K, used 800K [0x00000000fb800000, 0x0000000100000000, 0x0000000100000000)
  eden space 69632K, 0% used [0x00000000fb800000,0x00000000fb800000,0x00000000ffc00000)
  from space 2048K, 39% used [0x00000000ffe00000,0x00000000ffec8000,0x0000000100000000)
  to   space 2048K, 0% used [0x00000000ffc00000,0x00000000ffc00000,0x00000000ffe00000)
 ParOldGen       total 114688K, used 96605K [0x00000000f4800000, 0x00000000fb800000, 0x00000000fb800000)
  object space 114688K, 84% used [0x00000000f4800000,0x00000000fa657418,0x00000000fb800000)
 Metaspace       used 75149K, capacity 79252K, committed 79744K, reserved 1118208K
  class space    used 9478K, capacity 10201K, committed 10368K, reserved 1048576K
}
{Heap before GC invocations=650 (full 1):
 PSYoungGen      total 71680K, used 70432K [0x00000000fb800000, 0x0000000100000000, 0x0000000100000000)
  eden space 69632K, 100% used [0x00000000fb800000,0x00000000ffc00000,0x00000000ffc00000)
  from space 2048K, 39% used [0x00000000ffe00000,0x00000000ffec8000,0x0000000100000000)
  to   space 2048K, 0% used [0x00000000ffc00000,0x00000000ffc00000,0x00000000ffe00000)
 ParOldGen       total 114688K, used 96605K [0x00000000f4800000, 0x00000000fb800000, 0x00000000fb800000)
  object space 114688K, 84% used [0x00000000f4800000,0x00000000fa657418,0x00000000fb800000)
 Metaspace       used 75149K, capacity 79252K, committed 79744K, reserved 1118208K
  class space    used 9478K, capacity 10201K, committed 10368K, reserved 1048576K
2024-06-11T21:24:57.114+0800: 2756.327: [GC (Allocation Failure) [PSYoungGen: 70432K->832K(71680K)] 167037K->97525K(186368K), 0.0051076 secs] [Times: user=0.00 sys=0.00, real=0.00 secs] 
Heap after GC invocations=650 (full 1):
 PSYoungGen      total 71680K, used 832K [0x00000000fb800000, 0x0000000100000000, 0x0000000100000000)
  eden space 69632K, 0% used [0x00000000fb800000,0x00000000fb800000,0x00000000ffc00000)
  from space 2048K, 40% used [0x00000000ffc00000,0x00000000ffcd0000,0x00000000ffe00000)
  to   space 1536K, 0% used [0x00000000ffe80000,0x00000000ffe80000,0x0000000100000000)
 ParOldGen       total 114688K, used 96693K [0x00000000f4800000, 0x00000000fb800000, 0x00000000fb800000)
  object space 114688K, 84% used [0x00000000f4800000,0x00000000fa66d418,0x00000000fb800000)
 Metaspace       used 75149K, capacity 79252K, committed 79744K, reserved 1118208K
  class space    used 9478K, capacity 10201K, committed 10368K, reserved 1048576K
}
{Heap before GC invocations=651 (full 1):
 PSYoungGen      total 71680K, used 70464K [0x00000000fb800000, 0x0000000100000000, 0x0000000100000000)
  eden space 69632K, 100% used [0x00000000fb800000,0x00000000ffc00000,0x00000000ffc00000)
  from space 2048K, 40% used [0x00000000ffc00000,0x00000000ffcd0000,0x00000000ffe00000)
  to   space 1536K, 0% used [0x00000000ffe80000,0x00000000ffe80000,0x0000000100000000)
 ParOldGen       total 114688K, used 96693K [0x00000000f4800000, 0x00000000fb800000, 0x00000000fb800000)
  object space 114688K, 84% used [0x00000000f4800000,0x00000000fa66d418,0x00000000fb800000)
 Metaspace       used 75151K, capacity 79252K, committed 79744K, reserved 1118208K
  class space    used 9478K, capacity 10201K, committed 10368K, reserved 1048576K
2024-06-11T21:25:01.479+0800: 2760.693: [GC (Allocation Failure) [PSYoungGen: 70464K->832K(72192K)] 167157K->97605K(186880K), 0.0049948 secs] [Times: user=0.01 sys=0.00, real=0.01 secs] 
Heap after GC invocations=651 (full 1):
 PSYoungGen      total 72192K, used 832K [0x00000000fb800000, 0x0000000100000000, 0x0000000100000000)
  eden space 70656K, 0% used [0x00000000fb800000,0x00000000fb800000,0x00000000ffd00000)
  from space 1536K, 54% used [0x00000000ffe80000,0x00000000fff50000,0x0000000100000000)
  to   space 1536K, 0% used [0x00000000ffd00000,0x00000000ffd00000,0x00000000ffe80000)
 ParOldGen       total 114688K, used 96773K [0x00000000f4800000, 0x00000000fb800000, 0x00000000fb800000)
  object space 114688K, 84% used [0x00000000f4800000,0x00000000fa681418,0x00000000fb800000)
 Metaspace       used 75151K, capacity 79252K, committed 79744K, reserved 1118208K
  class space    used 9478K, capacity 10201K, committed 10368K, reserved 1048576K
}
{Heap before GC invocations=652 (full 1):
 PSYoungGen      total 72192K, used 71488K [0x00000000fb800000, 0x0000000100000000, 0x0000000100000000)
  eden space 70656K, 100% used [0x00000000fb800000,0x00000000ffd00000,0x00000000ffd00000)
  from space 1536K, 54% used [0x00000000ffe80000,0x00000000fff50000,0x0000000100000000)
  to   space 1536K, 0% used [0x00000000ffd00000,0x00000000ffd00000,0x00000000ffe80000)
 ParOldGen       total 114688K, used 96773K [0x00000000f4800000, 0x00000000fb800000, 0x00000000fb800000)
  object space 114688K, 84% used [0x00000000f4800000,0x00000000fa681418,0x00000000fb800000)
 Metaspace       used 75151K, capacity 79252K, committed 79744K, reserved 1118208K
  class space    used 9478K, capacity 10201K, committed 10368K, reserved 1048576K
2024-06-11T21:25:05.658+0800: 2764.871: [GC (Allocation Failure) [PSYoungGen: 71488K->832K(72192K)] 168261K->97685K(186880K), 0.0060326 secs] [Times: user=0.00 sys=0.00, real=0.01 secs] 
Heap after GC invocations=652 (full 1):
 PSYoungGen      total 72192K, used 832K [0x00000000fb800000, 0x0000000100000000, 0x0000000100000000)
  eden space 70656K, 0% used [0x00000000fb800000,0x00000000fb800000,0x00000000ffd00000)
  from space 1536K, 54% used [0x00000000ffd00000,0x00000000ffdd0000,0x00000000ffe80000)
  to   space 1536K, 0% used [0x00000000ffe80000,0x00000000ffe80000,0x0000000100000000)
 ParOldGen       total 114688K, used 96853K [0x00000000f4800000, 0x00000000fb800000, 0x00000000fb800000)
  object space 114688K, 84% used [0x00000000f4800000,0x00000000fa695418,0x00000000fb800000)
 Metaspace       used 75151K, capacity 79252K, committed 79744K, reserved 1118208K
  class space    used 9478K, capacity 10201K, committed 10368K, reserved 1048576K
}
{Heap before GC invocations=653 (full 1):
 PSYoungGen      total 72192K, used 71488K [0x00000000fb800000, 0x0000000100000000, 0x0000000100000000)
  eden space 70656K, 100% used [0x00000000fb800000,0x00000000ffd00000,0x00000000ffd00000)
  from space 1536K, 54% used [0x00000000ffd00000,0x00000000ffdd0000,0x00000000ffe80000)
  to   space 1536K, 0% used [0x00000000ffe80000,0x00000000ffe80000,0x0000000100000000)
 ParOldGen       total 114688K, used 96853K [0x00000000f4800000, 0x00000000fb800000, 0x00000000fb800000)
  object space 114688K, 84% used [0x00000000f4800000,0x00000000fa695418,0x00000000fb800000)
 Metaspace       used 75151K, capacity 79252K, committed 79744K, reserved 1118208K
  class space    used 9478K, capacity 10201K, committed 10368K, reserved 1048576K
2024-06-11T21:25:10.209+0800: 2769.422: [GC (Allocation Failure) [PSYoungGen: 71488K->1184K(72192K)] 168341K->98125K(186880K), 0.0052786 secs] [Times: user=0.01 sys=0.00, real=0.01 secs] 
Heap after GC invocations=653 (full 1):
 PSYoungGen      total 72192K, used 1184K [0x00000000fb800000, 0x0000000100000000, 0x0000000100000000)
  eden space 70656K, 0% used [0x00000000fb800000,0x00000000fb800000,0x00000000ffd00000)
  from space 1536K, 77% used [0x00000000ffe80000,0x00000000fffa8000,0x0000000100000000)
  to   space 1536K, 0% used [0x00000000ffd00000,0x00000000ffd00000,0x00000000ffe80000)
 ParOldGen       total 114688K, used 96941K [0x00000000f4800000, 0x00000000fb800000, 0x00000000fb800000)
  object space 114688K, 84% used [0x00000000f4800000,0x00000000fa6ab418,0x00000000fb800000)
 Metaspace       used 75151K, capacity 79252K, committed 79744K, reserved 1118208K
  class space    used 9478K, capacity 10201K, committed 10368K, reserved 1048576K
}
{Heap before GC invocations=654 (full 1):
 PSYoungGen      total 72192K, used 71840K [0x00000000fb800000, 0x0000000100000000, 0x0000000100000000)
  eden space 70656K, 100% used [0x00000000fb800000,0x00000000ffd00000,0x00000000ffd00000)
  from space 1536K, 77% used [0x00000000ffe80000,0x00000000fffa8000,0x0000000100000000)
  to   space 1536K, 0% used [0x00000000ffd00000,0x00000000ffd00000,0x00000000ffe80000)
 ParOldGen       total 114688K, used 96941K [0x00000000f4800000, 0x00000000fb800000, 0x00000000fb800000)
  object space 114688K, 84% used [0x00000000f4800000,0x00000000fa6ab418,0x00000000fb800000)
 Metaspace       used 75151K, capacity 79252K, committed 79744K, reserved 1118208K
  class space    used 9478K, capacity 10201K, committed 10368K, reserved 1048576K
2024-06-11T21:25:14.535+0800: 2773.749: [GC (Allocation Failure) [PSYoungGen: 71840K->1536K(72192K)] 168781K->99325K(186880K), 0.0068509 secs] [Times: user=0.01 sys=0.00, real=0.01 secs] 
Heap after GC invocations=654 (full 1):
 PSYoungGen      total 72192K, used 1536K [0x00000000fb800000, 0x0000000100000000, 0x0000000100000000)
  eden space 70656K, 0% used [0x00000000fb800000,0x00000000fb800000,0x00000000ffd00000)
  from space 1536K, 100% used [0x00000000ffd00000,0x00000000ffe80000,0x00000000ffe80000)
  to   space 1536K, 0% used [0x00000000ffe80000,0x00000000ffe80000,0x0000000100000000)
 ParOldGen       total 114688K, used 97789K [0x00000000f4800000, 0x00000000fb800000, 0x00000000fb800000)
  object space 114688K, 85% used [0x00000000f4800000,0x00000000fa77f418,0x00000000fb800000)
 Metaspace       used 75151K, capacity 79252K, committed 79744K, reserved 1118208K
  class space    used 9478K, capacity 10201K, committed 10368K, reserved 1048576K
}
{Heap before GC invocations=655 (full 1):
 PSYoungGen      total 72192K, used 72192K [0x00000000fb800000, 0x0000000100000000, 0x0000000100000000)
  eden space 70656K, 100% used [0x00000000fb800000,0x00000000ffd00000,0x00000000ffd00000)
  from space 1536K, 100% used [0x00000000ffd00000,0x00000000ffe80000,0x00000000ffe80000)
  to   space 1536K, 0% used [0x00000000ffe80000,0x00000000ffe80000,0x0000000100000000)
 ParOldGen       total 114688K, used 97789K [0x00000000f4800000, 0x00000000fb800000, 0x00000000fb800000)
  object space 114688K, 85% used [0x00000000f4800000,0x00000000fa77f418,0x00000000fb800000)
 Metaspace       used 75151K, capacity 79252K, committed 79744K, reserved 1118208K
  class space    used 9478K, capacity 10201K, committed 10368K, reserved 1048576K
2024-06-11T21:25:18.842+0800: 2778.055: [GC (Allocation Failure) [PSYoungGen: 72192K->1056K(71168K)] 169981K->100013K(185856K), 0.0068068 secs] [Times: user=0.01 sys=0.00, real=0.00 secs] 
Heap after GC invocations=655 (full 1):
 PSYoungGen      total 71168K, used 1056K [0x00000000fb800000, 0x0000000100000000, 0x0000000100000000)
  eden space 69632K, 0% used [0x00000000fb800000,0x00000000fb800000,0x00000000ffc00000)
  from space 1536K, 68% used [0x00000000ffe80000,0x00000000fff88000,0x0000000100000000)
  to   space 2048K, 0% used [0x00000000ffc00000,0x00000000ffc00000,0x00000000ffe00000)
 ParOldGen       total 114688K, used 98957K [0x00000000f4800000, 0x00000000fb800000, 0x00000000fb800000)
  object space 114688K, 86% used [0x00000000f4800000,0x00000000fa8a3418,0x00000000fb800000)
 Metaspace       used 75151K, capacity 79252K, committed 79744K, reserved 1118208K
  class space    used 9478K, capacity 10201K, committed 10368K, reserved 1048576K
}
{Heap before GC invocations=656 (full 1):
 PSYoungGen      total 71168K, used 70688K [0x00000000fb800000, 0x0000000100000000, 0x0000000100000000)
  eden space 69632K, 100% used [0x00000000fb800000,0x00000000ffc00000,0x00000000ffc00000)
  from space 1536K, 68% used [0x00000000ffe80000,0x00000000fff88000,0x0000000100000000)
  to   space 2048K, 0% used [0x00000000ffc00000,0x00000000ffc00000,0x00000000ffe00000)
 ParOldGen       total 114688K, used 98957K [0x00000000f4800000, 0x00000000fb800000, 0x00000000fb800000)
  object space 114688K, 86% used [0x00000000f4800000,0x00000000fa8a3418,0x00000000fb800000)
 Metaspace       used 75151K, capacity 79252K, committed 79744K, reserved 1118208K
  class space    used 9478K, capacity 10201K, committed 10368K, reserved 1048576K
2024-06-11T21:25:22.980+0800: 2782.193: [GC (Allocation Failure) [PSYoungGen: 70688K->1262K(71680K)] 169645K->100523K(186368K), 0.0056204 secs] [Times: user=0.02 sys=0.00, real=0.01 secs] 
Heap after GC invocations=656 (full 1):
 PSYoungGen      total 71680K, used 1262K [0x00000000fb800000, 0x0000000100000000, 0x0000000100000000)
  eden space 69632K, 0% used [0x00000000fb800000,0x00000000fb800000,0x00000000ffc00000)
  from space 2048K, 61% used [0x00000000ffc00000,0x00000000ffd3b880,0x00000000ffe00000)
  to   space 2048K, 0% used [0x00000000ffe00000,0x00000000ffe00000,0x0000000100000000)
 ParOldGen       total 114688K, used 99261K [0x00000000f4800000, 0x00000000fb800000, 0x00000000fb800000)
  object space 114688K, 86% used [0x00000000f4800000,0x00000000fa8ef418,0x00000000fb800000)
 Metaspace       used 75151K, capacity 79252K, committed 79744K, reserved 1118208K
  class space    used 9478K, capacity 10201K, committed 10368K, reserved 1048576K
}
{Heap before GC invocations=657 (full 1):
 PSYoungGen      total 71680K, used 70894K [0x00000000fb800000, 0x0000000100000000, 0x0000000100000000)
  eden space 69632K, 100% used [0x00000000fb800000,0x00000000ffc00000,0x00000000ffc00000)
  from space 2048K, 61% used [0x00000000ffc00000,0x00000000ffd3b880,0x00000000ffe00000)
  to   space 2048K, 0% used [0x00000000ffe00000,0x00000000ffe00000,0x0000000100000000)
 ParOldGen       total 114688K, used 99261K [0x00000000f4800000, 0x00000000fb800000, 0x00000000fb800000)
  object space 114688K, 86% used [0x00000000f4800000,0x00000000fa8ef418,0x00000000fb800000)
 Metaspace       used 75151K, capacity 79252K, committed 79744K, reserved 1118208K
  class space    used 9478K, capacity 10201K, committed 10368K, reserved 1048576K
2024-06-11T21:25:27.555+0800: 2786.768: [GC (Allocation Failure) [PSYoungGen: 70894K->800K(71680K)] 170155K->100133K(186368K), 0.0064638 secs] [Times: user=0.01 sys=0.00, real=0.01 secs] 
Heap after GC invocations=657 (full 1):
 PSYoungGen      total 71680K, used 800K [0x00000000fb800000, 0x0000000100000000, 0x0000000100000000)
  eden space 69632K, 0% used [0x00000000fb800000,0x00000000fb800000,0x00000000ffc00000)
  from space 2048K, 39% used [0x00000000ffe00000,0x00000000ffec8000,0x0000000100000000)
  to   space 2048K, 0% used [0x00000000ffc00000,0x00000000ffc00000,0x00000000ffe00000)
 ParOldGen       total 114688K, used 99333K [0x00000000f4800000, 0x00000000fb800000, 0x00000000fb800000)
  object space 114688K, 86% used [0x00000000f4800000,0x00000000fa901418,0x00000000fb800000)
 Metaspace       used 75151K, capacity 79252K, committed 79744K, reserved 1118208K
  class space    used 9478K, capacity 10201K, committed 10368K, reserved 1048576K
}
{Heap before GC invocations=658 (full 1):
 PSYoungGen      total 71680K, used 70432K [0x00000000fb800000, 0x0000000100000000, 0x0000000100000000)
  eden space 69632K, 100% used [0x00000000fb800000,0x00000000ffc00000,0x00000000ffc00000)
  from space 2048K, 39% used [0x00000000ffe00000,0x00000000ffec8000,0x0000000100000000)
  to   space 2048K, 0% used [0x00000000ffc00000,0x00000000ffc00000,0x00000000ffe00000)
 ParOldGen       total 114688K, used 99333K [0x00000000f4800000, 0x00000000fb800000, 0x00000000fb800000)
  object space 114688K, 86% used [0x00000000f4800000,0x00000000fa901418,0x00000000fb800000)
 Metaspace       used 75151K, capacity 79252K, committed 79744K, reserved 1118208K
  class space    used 9478K, capacity 10201K, committed 10368K, reserved 1048576K
2024-06-11T21:25:31.874+0800: 2791.087: [GC (Allocation Failure) [PSYoungGen: 70432K->832K(71680K)] 169765K->100253K(186368K), 0.0051821 secs] [Times: user=0.01 sys=0.00, real=0.00 secs] 
Heap after GC invocations=658 (full 1):
 PSYoungGen      total 71680K, used 832K [0x00000000fb800000, 0x0000000100000000, 0x0000000100000000)
  eden space 69632K, 0% used [0x00000000fb800000,0x00000000fb800000,0x00000000ffc00000)
  from space 2048K, 40% used [0x00000000ffc00000,0x00000000ffcd0000,0x00000000ffe00000)
  to   space 2048K, 0% used [0x00000000ffe00000,0x00000000ffe00000,0x0000000100000000)
 ParOldGen       total 114688K, used 99421K [0x00000000f4800000, 0x00000000fb800000, 0x00000000fb800000)
  object space 114688K, 86% used [0x00000000f4800000,0x00000000fa917418,0x00000000fb800000)
 Metaspace       used 75151K, capacity 79252K, committed 79744K, reserved 1118208K
  class space    used 9478K, capacity 10201K, committed 10368K, reserved 1048576K
}
{Heap before GC invocations=659 (full 1):
 PSYoungGen      total 71680K, used 70464K [0x00000000fb800000, 0x0000000100000000, 0x0000000100000000)
  eden space 69632K, 100% used [0x00000000fb800000,0x00000000ffc00000,0x00000000ffc00000)
  from space 2048K, 40% used [0x00000000ffc00000,0x00000000ffcd0000,0x00000000ffe00000)
  to   space 2048K, 0% used [0x00000000ffe00000,0x00000000ffe00000,0x0000000100000000)
 ParOldGen       total 114688K, used 99421K [0x00000000f4800000, 0x00000000fb800000, 0x00000000fb800000)
  object space 114688K, 86% used [0x00000000f4800000,0x00000000fa917418,0x00000000fb800000)
 Metaspace       used 75151K, capacity 79252K, committed 79744K, reserved 1118208K
  class space    used 9478K, capacity 10201K, committed 10368K, reserved 1048576K
2024-06-11T21:25:36.018+0800: 2795.232: [GC (Allocation Failure) [PSYoungGen: 70464K->800K(71680K)] 169885K->100301K(186368K), 0.0047924 secs] [Times: user=0.01 sys=0.00, real=0.01 secs] 
Heap after GC invocations=659 (full 1):
 PSYoungGen      total 71680K, used 800K [0x00000000fb800000, 0x0000000100000000, 0x0000000100000000)
  eden space 69632K, 0% used [0x00000000fb800000,0x00000000fb800000,0x00000000ffc00000)
  from space 2048K, 39% used [0x00000000ffe00000,0x00000000ffec8000,0x0000000100000000)
  to   space 2048K, 0% used [0x00000000ffc00000,0x00000000ffc00000,0x00000000ffe00000)
 ParOldGen       total 114688K, used 99501K [0x00000000f4800000, 0x00000000fb800000, 0x00000000fb800000)
  object space 114688K, 86% used [0x00000000f4800000,0x00000000fa92b418,0x00000000fb800000)
 Metaspace       used 75151K, capacity 79252K, committed 79744K, reserved 1118208K
  class space    used 9478K, capacity 10201K, committed 10368K, reserved 1048576K
}
{Heap before GC invocations=660 (full 1):
 PSYoungGen      total 71680K, used 70432K [0x00000000fb800000, 0x0000000100000000, 0x0000000100000000)
  eden space 69632K, 100% used [0x00000000fb800000,0x00000000ffc00000,0x00000000ffc00000)
  from space 2048K, 39% used [0x00000000ffe00000,0x00000000ffec8000,0x0000000100000000)
  to   space 2048K, 0% used [0x00000000ffc00000,0x00000000ffc00000,0x00000000ffe00000)
 ParOldGen       total 114688K, used 99501K [0x00000000f4800000, 0x00000000fb800000, 0x00000000fb800000)
  object space 114688K, 86% used [0x00000000f4800000,0x00000000fa92b418,0x00000000fb800000)
 Metaspace       used 75162K, capacity 79252K, committed 79744K, reserved 1118208K
  class space    used 9478K, capacity 10201K, committed 10368K, reserved 1048576K
2024-06-11T21:25:40.568+0800: 2799.781: [GC (Allocation Failure) [PSYoungGen: 70432K->832K(71680K)] 169933K->100421K(186368K), 0.0049323 secs] [Times: user=0.01 sys=0.00, real=0.01 secs] 
Heap after GC invocations=660 (full 1):
 PSYoungGen      total 71680K, used 832K [0x00000000fb800000, 0x0000000100000000, 0x0000000100000000)
  eden space 69632K, 0% used [0x00000000fb800000,0x00000000fb800000,0x00000000ffc00000)
  from space 2048K, 40% used [0x00000000ffc00000,0x00000000ffcd0000,0x00000000ffe00000)
  to   space 2048K, 0% used [0x00000000ffe00000,0x00000000ffe00000,0x0000000100000000)
 ParOldGen       total 114688K, used 99589K [0x00000000f4800000, 0x00000000fb800000, 0x00000000fb800000)
  object space 114688K, 86% used [0x00000000f4800000,0x00000000fa941418,0x00000000fb800000)
 Metaspace       used 75162K, capacity 79252K, committed 79744K, reserved 1118208K
  class space    used 9478K, capacity 10201K, committed 10368K, reserved 1048576K
}
{Heap before GC invocations=661 (full 1):
 PSYoungGen      total 71680K, used 70464K [0x00000000fb800000, 0x0000000100000000, 0x0000000100000000)
  eden space 69632K, 100% used [0x00000000fb800000,0x00000000ffc00000,0x00000000ffc00000)
  from space 2048K, 40% used [0x00000000ffc00000,0x00000000ffcd0000,0x00000000ffe00000)
  to   space 2048K, 0% used [0x00000000ffe00000,0x00000000ffe00000,0x0000000100000000)
 ParOldGen       total 114688K, used 99589K [0x00000000f4800000, 0x00000000fb800000, 0x00000000fb800000)
  object space 114688K, 86% used [0x00000000f4800000,0x00000000fa941418,0x00000000fb800000)
 Metaspace       used 75162K, capacity 79252K, committed 79744K, reserved 1118208K
  class space    used 9478K, capacity 10201K, committed 10368K, reserved 1048576K
2024-06-11T21:25:44.781+0800: 2803.994: [GC (Allocation Failure) [PSYoungGen: 70464K->800K(71680K)] 170053K->100461K(186368K), 0.0079632 secs] [Times: user=0.01 sys=0.00, real=0.00 secs] 
Heap after GC invocations=661 (full 1):
 PSYoungGen      total 71680K, used 800K [0x00000000fb800000, 0x0000000100000000, 0x0000000100000000)
  eden space 69632K, 0% used [0x00000000fb800000,0x00000000fb800000,0x00000000ffc00000)
  from space 2048K, 39% used [0x00000000ffe00000,0x00000000ffec8000,0x0000000100000000)
  to   space 2048K, 0% used [0x00000000ffc00000,0x00000000ffc00000,0x00000000ffe00000)
 ParOldGen       total 114688K, used 99661K [0x00000000f4800000, 0x00000000fb800000, 0x00000000fb800000)
  object space 114688K, 86% used [0x00000000f4800000,0x00000000fa953418,0x00000000fb800000)
 Metaspace       used 75162K, capacity 79252K, committed 79744K, reserved 1118208K
  class space    used 9478K, capacity 10201K, committed 10368K, reserved 1048576K
}
{Heap before GC invocations=662 (full 1):
 PSYoungGen      total 71680K, used 70432K [0x00000000fb800000, 0x0000000100000000, 0x0000000100000000)
  eden space 69632K, 100% used [0x00000000fb800000,0x00000000ffc00000,0x00000000ffc00000)
  from space 2048K, 39% used [0x00000000ffe00000,0x00000000ffec8000,0x0000000100000000)
  to   space 2048K, 0% used [0x00000000ffc00000,0x00000000ffc00000,0x00000000ffe00000)
 ParOldGen       total 114688K, used 99661K [0x00000000f4800000, 0x00000000fb800000, 0x00000000fb800000)
  object space 114688K, 86% used [0x00000000f4800000,0x00000000fa953418,0x00000000fb800000)
 Metaspace       used 75176K, capacity 79316K, committed 80000K, reserved 1118208K
  class space    used 9478K, capacity 10201K, committed 10368K, reserved 1048576K
2024-06-11T21:25:48.925+0800: 2808.139: [GC (Allocation Failure) [PSYoungGen: 70432K->832K(71680K)] 170093K->100573K(186368K), 0.0047844 secs] [Times: user=0.01 sys=0.00, real=0.00 secs] 
Heap after GC invocations=662 (full 1):
 PSYoungGen      total 71680K, used 832K [0x00000000fb800000, 0x0000000100000000, 0x0000000100000000)
  eden space 69632K, 0% used [0x00000000fb800000,0x00000000fb800000,0x00000000ffc00000)
  from space 2048K, 40% used [0x00000000ffc00000,0x00000000ffcd0000,0x00000000ffe00000)
  to   space 2048K, 0% used [0x00000000ffe00000,0x00000000ffe00000,0x0000000100000000)
 ParOldGen       total 114688K, used 99741K [0x00000000f4800000, 0x00000000fb800000, 0x00000000fb800000)
  object space 114688K, 86% used [0x00000000f4800000,0x00000000fa967418,0x00000000fb800000)
 Metaspace       used 75176K, capacity 79316K, committed 80000K, reserved 1118208K
  class space    used 9478K, capacity 10201K, committed 10368K, reserved 1048576K
}
{Heap before GC invocations=663 (full 1):
 PSYoungGen      total 71680K, used 70464K [0x00000000fb800000, 0x0000000100000000, 0x0000000100000000)
  eden space 69632K, 100% used [0x00000000fb800000,0x00000000ffc00000,0x00000000ffc00000)
  from space 2048K, 40% used [0x00000000ffc00000,0x00000000ffcd0000,0x00000000ffe00000)
  to   space 2048K, 0% used [0x00000000ffe00000,0x00000000ffe00000,0x0000000100000000)
 ParOldGen       total 114688K, used 99741K [0x00000000f4800000, 0x00000000fb800000, 0x00000000fb800000)
  object space 114688K, 86% used [0x00000000f4800000,0x00000000fa967418,0x00000000fb800000)
 Metaspace       used 75176K, capacity 79316K, committed 80000K, reserved 1118208K
  class space    used 9478K, capacity 10201K, committed 10368K, reserved 1048576K
2024-06-11T21:25:53.214+0800: 2812.427: [GC (Allocation Failure) [PSYoungGen: 70464K->1294K(71680K)] 170205K->101123K(186368K), 0.0052026 secs] [Times: user=0.01 sys=0.00, real=0.00 secs] 
Heap after GC invocations=663 (full 1):
 PSYoungGen      total 71680K, used 1294K [0x00000000fb800000, 0x0000000100000000, 0x0000000100000000)
  eden space 69632K, 0% used [0x00000000fb800000,0x00000000fb800000,0x00000000ffc00000)
  from space 2048K, 63% used [0x00000000ffe00000,0x00000000fff43860,0x0000000100000000)
  to   space 2048K, 0% used [0x00000000ffc00000,0x00000000ffc00000,0x00000000ffe00000)
 ParOldGen       total 114688K, used 99829K [0x00000000f4800000, 0x00000000fb800000, 0x00000000fb800000)
  object space 114688K, 87% used [0x00000000f4800000,0x00000000fa97d418,0x00000000fb800000)
 Metaspace       used 75176K, capacity 79316K, committed 80000K, reserved 1118208K
  class space    used 9478K, capacity 10201K, committed 10368K, reserved 1048576K
}
{Heap before GC invocations=664 (full 1):
 PSYoungGen      total 71680K, used 70926K [0x00000000fb800000, 0x0000000100000000, 0x0000000100000000)
  eden space 69632K, 100% used [0x00000000fb800000,0x00000000ffc00000,0x00000000ffc00000)
  from space 2048K, 63% used [0x00000000ffe00000,0x00000000fff43860,0x0000000100000000)
  to   space 2048K, 0% used [0x00000000ffc00000,0x00000000ffc00000,0x00000000ffe00000)
 ParOldGen       total 114688K, used 99829K [0x00000000f4800000, 0x00000000fb800000, 0x00000000fb800000)
  object space 114688K, 87% used [0x00000000f4800000,0x00000000fa97d418,0x00000000fb800000)
 Metaspace       used 75176K, capacity 79316K, committed 80000K, reserved 1118208K
  class space    used 9478K, capacity 10201K, committed 10368K, reserved 1048576K
2024-06-11T21:25:57.686+0800: 2816.900: [GC (Allocation Failure) [PSYoungGen: 70926K->832K(71680K)] 170755K->100741K(186368K), 0.0055275 secs] [Times: user=0.01 sys=0.00, real=0.01 secs] 
Heap after GC invocations=664 (full 1):
 PSYoungGen      total 71680K, used 832K [0x00000000fb800000, 0x0000000100000000, 0x0000000100000000)
  eden space 69632K, 0% used [0x00000000fb800000,0x00000000fb800000,0x00000000ffc00000)
  from space 2048K, 40% used [0x00000000ffc00000,0x00000000ffcd0000,0x00000000ffe00000)
  to   space 2048K, 0% used [0x00000000ffe00000,0x00000000ffe00000,0x0000000100000000)
 ParOldGen       total 114688K, used 99909K [0x00000000f4800000, 0x00000000fb800000, 0x00000000fb800000)
  object space 114688K, 87% used [0x00000000f4800000,0x00000000fa991418,0x00000000fb800000)
 Metaspace       used 75176K, capacity 79316K, committed 80000K, reserved 1118208K
  class space    used 9478K, capacity 10201K, committed 10368K, reserved 1048576K
}
{Heap before GC invocations=665 (full 1):
 PSYoungGen      total 71680K, used 70464K [0x00000000fb800000, 0x0000000100000000, 0x0000000100000000)
  eden space 69632K, 100% used [0x00000000fb800000,0x00000000ffc00000,0x00000000ffc00000)
  from space 2048K, 40% used [0x00000000ffc00000,0x00000000ffcd0000,0x00000000ffe00000)
  to   space 2048K, 0% used [0x00000000ffe00000,0x00000000ffe00000,0x0000000100000000)
 ParOldGen       total 114688K, used 99909K [0x00000000f4800000, 0x00000000fb800000, 0x00000000fb800000)
  object space 114688K, 87% used [0x00000000f4800000,0x00000000fa991418,0x00000000fb800000)
 Metaspace       used 75176K, capacity 79316K, committed 80000K, reserved 1118208K
  class space    used 9478K, capacity 10201K, committed 10368K, reserved 1048576K
2024-06-11T21:26:02.010+0800: 2821.223: [GC (Allocation Failure) [PSYoungGen: 70464K->832K(71680K)] 170373K->100829K(186368K), 0.0051808 secs] [Times: user=0.01 sys=0.00, real=0.01 secs] 
Heap after GC invocations=665 (full 1):
 PSYoungGen      total 71680K, used 832K [0x00000000fb800000, 0x0000000100000000, 0x0000000100000000)
  eden space 69632K, 0% used [0x00000000fb800000,0x00000000fb800000,0x00000000ffc00000)
  from space 2048K, 40% used [0x00000000ffe00000,0x00000000ffed0000,0x0000000100000000)
  to   space 2048K, 0% used [0x00000000ffc00000,0x00000000ffc00000,0x00000000ffe00000)
 ParOldGen       total 114688K, used 99997K [0x00000000f4800000, 0x00000000fb800000, 0x00000000fb800000)
  object space 114688K, 87% used [0x00000000f4800000,0x00000000fa9a7418,0x00000000fb800000)
 Metaspace       used 75176K, capacity 79316K, committed 80000K, reserved 1118208K
  class space    used 9478K, capacity 10201K, committed 10368K, reserved 1048576K
}
{Heap before GC invocations=666 (full 1):
 PSYoungGen      total 71680K, used 70464K [0x00000000fb800000, 0x0000000100000000, 0x0000000100000000)
  eden space 69632K, 100% used [0x00000000fb800000,0x00000000ffc00000,0x00000000ffc00000)
  from space 2048K, 40% used [0x00000000ffe00000,0x00000000ffed0000,0x0000000100000000)
  to   space 2048K, 0% used [0x00000000ffc00000,0x00000000ffc00000,0x00000000ffe00000)
 ParOldGen       total 114688K, used 99997K [0x00000000f4800000, 0x00000000fb800000, 0x00000000fb800000)
  object space 114688K, 87% used [0x00000000f4800000,0x00000000fa9a7418,0x00000000fb800000)
 Metaspace       used 75176K, capacity 79316K, committed 80000K, reserved 1118208K
  class space    used 9478K, capacity 10201K, committed 10368K, reserved 1048576K
2024-06-11T21:26:06.317+0800: 2825.530: [GC (Allocation Failure) [PSYoungGen: 70464K->768K(71680K)] 170461K->100845K(186368K), 0.0049078 secs] [Times: user=0.01 sys=0.00, real=0.01 secs] 
Heap after GC invocations=666 (full 1):
 PSYoungGen      total 71680K, used 768K [0x00000000fb800000, 0x0000000100000000, 0x0000000100000000)
  eden space 69632K, 0% used [0x00000000fb800000,0x00000000fb800000,0x00000000ffc00000)
  from space 2048K, 37% used [0x00000000ffc00000,0x00000000ffcc0000,0x00000000ffe00000)
  to   space 2048K, 0% used [0x00000000ffe00000,0x00000000ffe00000,0x0000000100000000)
 ParOldGen       total 114688K, used 100077K [0x00000000f4800000, 0x00000000fb800000, 0x00000000fb800000)
  object space 114688K, 87% used [0x00000000f4800000,0x00000000fa9bb418,0x00000000fb800000)
 Metaspace       used 75176K, capacity 79316K, committed 80000K, reserved 1118208K
  class space    used 9478K, capacity 10201K, committed 10368K, reserved 1048576K
}
{Heap before GC invocations=667 (full 1):
 PSYoungGen      total 71680K, used 70400K [0x00000000fb800000, 0x0000000100000000, 0x0000000100000000)
  eden space 69632K, 100% used [0x00000000fb800000,0x00000000ffc00000,0x00000000ffc00000)
  from space 2048K, 37% used [0x00000000ffc00000,0x00000000ffcc0000,0x00000000ffe00000)
  to   space 2048K, 0% used [0x00000000ffe00000,0x00000000ffe00000,0x0000000100000000)
 ParOldGen       total 114688K, used 100077K [0x00000000f4800000, 0x00000000fb800000, 0x00000000fb800000)
  object space 114688K, 87% used [0x00000000f4800000,0x00000000fa9bb418,0x00000000fb800000)
 Metaspace       used 75178K, capacity 79316K, committed 80000K, reserved 1118208K
  class space    used 9478K, capacity 10201K, committed 10368K, reserved 1048576K
2024-06-11T21:26:11.110+0800: 2830.323: [GC (Allocation Failure) [PSYoungGen: 70400K->1504K(71680K)] 170477K->101653K(186368K), 0.0054543 secs] [Times: user=0.01 sys=0.00, real=0.01 secs] 
Heap after GC invocations=667 (full 1):
 PSYoungGen      total 71680K, used 1504K [0x00000000fb800000, 0x0000000100000000, 0x0000000100000000)
  eden space 69632K, 0% used [0x00000000fb800000,0x00000000fb800000,0x00000000ffc00000)
  from space 2048K, 73% used [0x00000000ffe00000,0x00000000fff78000,0x0000000100000000)
  to   space 2048K, 0% used [0x00000000ffc00000,0x00000000ffc00000,0x00000000ffe00000)
 ParOldGen       total 114688K, used 100149K [0x00000000f4800000, 0x00000000fb800000, 0x00000000fb800000)
  object space 114688K, 87% used [0x00000000f4800000,0x00000000fa9cd418,0x00000000fb800000)
 Metaspace       used 75178K, capacity 79316K, committed 80000K, reserved 1118208K
  class space    used 9478K, capacity 10201K, committed 10368K, reserved 1048576K
}
{Heap before GC invocations=668 (full 1):
 PSYoungGen      total 71680K, used 71136K [0x00000000fb800000, 0x0000000100000000, 0x0000000100000000)
  eden space 69632K, 100% used [0x00000000fb800000,0x00000000ffc00000,0x00000000ffc00000)
  from space 2048K, 73% used [0x00000000ffe00000,0x00000000fff78000,0x0000000100000000)
  to   space 2048K, 0% used [0x00000000ffc00000,0x00000000ffc00000,0x00000000ffe00000)
 ParOldGen       total 114688K, used 100149K [0x00000000f4800000, 0x00000000fb800000, 0x00000000fb800000)
  object space 114688K, 87% used [0x00000000f4800000,0x00000000fa9cd418,0x00000000fb800000)
 Metaspace       used 75178K, capacity 79316K, committed 80000K, reserved 1118208K
  class space    used 9478K, capacity 10201K, committed 10368K, reserved 1048576K
2024-06-11T21:26:15.226+0800: 2834.439: [GC (Allocation Failure) [PSYoungGen: 71136K->1600K(71680K)] 171285K->102581K(186368K), 0.0069473 secs] [Times: user=0.01 sys=0.00, real=0.01 secs] 
Heap after GC invocations=668 (full 1):
 PSYoungGen      total 71680K, used 1600K [0x00000000fb800000, 0x0000000100000000, 0x0000000100000000)
  eden space 69632K, 0% used [0x00000000fb800000,0x00000000fb800000,0x00000000ffc00000)
  from space 2048K, 78% used [0x00000000ffc00000,0x00000000ffd90000,0x00000000ffe00000)
  to   space 2048K, 0% used [0x00000000ffe00000,0x00000000ffe00000,0x0000000100000000)
 ParOldGen       total 114688K, used 100981K [0x00000000f4800000, 0x00000000fb800000, 0x00000000fb800000)
  object space 114688K, 88% used [0x00000000f4800000,0x00000000faa9d418,0x00000000fb800000)
 Metaspace       used 75178K, capacity 79316K, committed 80000K, reserved 1118208K
  class space    used 9478K, capacity 10201K, committed 10368K, reserved 1048576K
}
{Heap before GC invocations=669 (full 1):
 PSYoungGen      total 71680K, used 71232K [0x00000000fb800000, 0x0000000100000000, 0x0000000100000000)
  eden space 69632K, 100% used [0x00000000fb800000,0x00000000ffc00000,0x00000000ffc00000)
  from space 2048K, 78% used [0x00000000ffc00000,0x00000000ffd90000,0x00000000ffe00000)
  to   space 2048K, 0% used [0x00000000ffe00000,0x00000000ffe00000,0x0000000100000000)
 ParOldGen       total 114688K, used 100981K [0x00000000f4800000, 0x00000000fb800000, 0x00000000fb800000)
  object space 114688K, 88% used [0x00000000f4800000,0x00000000faa9d418,0x00000000fb800000)
 Metaspace       used 75178K, capacity 79316K, committed 80000K, reserved 1118208K
  class space    used 9478K, capacity 10201K, committed 10368K, reserved 1048576K
2024-06-11T21:26:19.507+0800: 2838.720: [GC (Allocation Failure) [PSYoungGen: 71232K->832K(71680K)] 172213K->102685K(186368K), 0.0059951 secs] [Times: user=0.01 sys=0.00, real=0.01 secs] 
Heap after GC invocations=669 (full 1):
 PSYoungGen      total 71680K, used 832K [0x00000000fb800000, 0x0000000100000000, 0x0000000100000000)
  eden space 69632K, 0% used [0x00000000fb800000,0x00000000fb800000,0x00000000ffc00000)
  from space 2048K, 40% used [0x00000000ffe00000,0x00000000ffed0000,0x0000000100000000)
  to   space 2048K, 0% used [0x00000000ffc00000,0x00000000ffc00000,0x00000000ffe00000)
 ParOldGen       total 114688K, used 101853K [0x00000000f4800000, 0x00000000fb800000, 0x00000000fb800000)
  object space 114688K, 88% used [0x00000000f4800000,0x00000000fab77418,0x00000000fb800000)
 Metaspace       used 75178K, capacity 79316K, committed 80000K, reserved 1118208K
  class space    used 9478K, capacity 10201K, committed 10368K, reserved 1048576K
}
{Heap before GC invocations=670 (full 1):
 PSYoungGen      total 71680K, used 70464K [0x00000000fb800000, 0x0000000100000000, 0x0000000100000000)
  eden space 69632K, 100% used [0x00000000fb800000,0x00000000ffc00000,0x00000000ffc00000)
  from space 2048K, 40% used [0x00000000ffe00000,0x00000000ffed0000,0x0000000100000000)
  to   space 2048K, 0% used [0x00000000ffc00000,0x00000000ffc00000,0x00000000ffe00000)
 ParOldGen       total 114688K, used 101853K [0x00000000f4800000, 0x00000000fb800000, 0x00000000fb800000)
  object space 114688K, 88% used [0x00000000f4800000,0x00000000fab77418,0x00000000fb800000)
 Metaspace       used 75183K, capacity 79316K, committed 80000K, reserved 1118208K
  class space    used 9478K, capacity 10201K, committed 10368K, reserved 1048576K
2024-06-11T21:26:23.643+0800: 2842.856: [GC (Allocation Failure) [PSYoungGen: 70464K->1294K(71680K)] 172317K->103243K(186368K), 0.0049212 secs] [Times: user=0.00 sys=0.00, real=0.00 secs] 
Heap after GC invocations=670 (full 1):
 PSYoungGen      total 71680K, used 1294K [0x00000000fb800000, 0x0000000100000000, 0x0000000100000000)
  eden space 69632K, 0% used [0x00000000fb800000,0x00000000fb800000,0x00000000ffc00000)
  from space 2048K, 63% used [0x00000000ffc00000,0x00000000ffd43840,0x00000000ffe00000)
  to   space 2048K, 0% used [0x00000000ffe00000,0x00000000ffe00000,0x0000000100000000)
 ParOldGen       total 114688K, used 101949K [0x00000000f4800000, 0x00000000fb800000, 0x00000000fb800000)
  object space 114688K, 88% used [0x00000000f4800000,0x00000000fab8f418,0x00000000fb800000)
 Metaspace       used 75183K, capacity 79316K, committed 80000K, reserved 1118208K
  class space    used 9478K, capacity 10201K, committed 10368K, reserved 1048576K
}
{Heap before GC invocations=671 (full 1):
 PSYoungGen      total 71680K, used 70926K [0x00000000fb800000, 0x0000000100000000, 0x0000000100000000)
  eden space 69632K, 100% used [0x00000000fb800000,0x00000000ffc00000,0x00000000ffc00000)
  from space 2048K, 63% used [0x00000000ffc00000,0x00000000ffd43840,0x00000000ffe00000)
  to   space 2048K, 0% used [0x00000000ffe00000,0x00000000ffe00000,0x0000000100000000)
 ParOldGen       total 114688K, used 101949K [0x00000000f4800000, 0x00000000fb800000, 0x00000000fb800000)
  object space 114688K, 88% used [0x00000000f4800000,0x00000000fab8f418,0x00000000fb800000)
 Metaspace       used 75183K, capacity 79316K, committed 80000K, reserved 1118208K
  class space    used 9478K, capacity 10201K, committed 10368K, reserved 1048576K
2024-06-11T21:26:28.182+0800: 2847.395: [GC (Allocation Failure) [PSYoungGen: 70926K->832K(71680K)] 172875K->102861K(186368K), 0.0049846 secs] [Times: user=0.01 sys=0.00, real=0.00 secs] 
Heap after GC invocations=671 (full 1):
 PSYoungGen      total 71680K, used 832K [0x00000000fb800000, 0x0000000100000000, 0x0000000100000000)
  eden space 69632K, 0% used [0x00000000fb800000,0x00000000fb800000,0x00000000ffc00000)
  from space 2048K, 40% used [0x00000000ffe00000,0x00000000ffed0000,0x0000000100000000)
  to   space 2048K, 0% used [0x00000000ffc00000,0x00000000ffc00000,0x00000000ffe00000)
 ParOldGen       total 114688K, used 102029K [0x00000000f4800000, 0x00000000fb800000, 0x00000000fb800000)
  object space 114688K, 88% used [0x00000000f4800000,0x00000000faba3418,0x00000000fb800000)
 Metaspace       used 75183K, capacity 79316K, committed 80000K, reserved 1118208K
  class space    used 9478K, capacity 10201K, committed 10368K, reserved 1048576K
}
{Heap before GC invocations=672 (full 1):
 PSYoungGen      total 71680K, used 70464K [0x00000000fb800000, 0x0000000100000000, 0x0000000100000000)
  eden space 69632K, 100% used [0x00000000fb800000,0x00000000ffc00000,0x00000000ffc00000)
  from space 2048K, 40% used [0x00000000ffe00000,0x00000000ffed0000,0x0000000100000000)
  to   space 2048K, 0% used [0x00000000ffc00000,0x00000000ffc00000,0x00000000ffe00000)
 ParOldGen       total 114688K, used 102029K [0x00000000f4800000, 0x00000000fb800000, 0x00000000fb800000)
  object space 114688K, 88% used [0x00000000f4800000,0x00000000faba3418,0x00000000fb800000)
 Metaspace       used 75183K, capacity 79316K, committed 80000K, reserved 1118208K
  class space    used 9478K, capacity 10201K, committed 10368K, reserved 1048576K
2024-06-11T21:26:32.810+0800: 2852.023: [GC (Allocation Failure) [PSYoungGen: 70464K->832K(71680K)] 172493K->102949K(186368K), 0.0049961 secs] [Times: user=0.01 sys=0.00, real=0.01 secs] 
Heap after GC invocations=672 (full 1):
 PSYoungGen      total 71680K, used 832K [0x00000000fb800000, 0x0000000100000000, 0x0000000100000000)
  eden space 69632K, 0% used [0x00000000fb800000,0x00000000fb800000,0x00000000ffc00000)
  from space 2048K, 40% used [0x00000000ffc00000,0x00000000ffcd0000,0x00000000ffe00000)
  to   space 2048K, 0% used [0x00000000ffe00000,0x00000000ffe00000,0x0000000100000000)
 ParOldGen       total 114688K, used 102117K [0x00000000f4800000, 0x00000000fb800000, 0x00000000fb800000)
  object space 114688K, 89% used [0x00000000f4800000,0x00000000fabb9418,0x00000000fb800000)
 Metaspace       used 75183K, capacity 79316K, committed 80000K, reserved 1118208K
  class space    used 9478K, capacity 10201K, committed 10368K, reserved 1048576K
}
{Heap before GC invocations=673 (full 1):
 PSYoungGen      total 71680K, used 70464K [0x00000000fb800000, 0x0000000100000000, 0x0000000100000000)
  eden space 69632K, 100% used [0x00000000fb800000,0x00000000ffc00000,0x00000000ffc00000)
  from space 2048K, 40% used [0x00000000ffc00000,0x00000000ffcd0000,0x00000000ffe00000)
  to   space 2048K, 0% used [0x00000000ffe00000,0x00000000ffe00000,0x0000000100000000)
 ParOldGen       total 114688K, used 102117K [0x00000000f4800000, 0x00000000fb800000, 0x00000000fb800000)
  object space 114688K, 89% used [0x00000000f4800000,0x00000000fabb9418,0x00000000fb800000)
 Metaspace       used 75183K, capacity 79316K, committed 80000K, reserved 1118208K
  class space    used 9478K, capacity 10201K, committed 10368K, reserved 1048576K
2024-06-11T21:26:37.073+0800: 2856.286: [GC (Allocation Failure) [PSYoungGen: 70464K->832K(71680K)] 172581K->103037K(186368K), 0.0051043 secs] [Times: user=0.01 sys=0.00, real=0.00 secs] 
Heap after GC invocations=673 (full 1):
 PSYoungGen      total 71680K, used 832K [0x00000000fb800000, 0x0000000100000000, 0x0000000100000000)
  eden space 69632K, 0% used [0x00000000fb800000,0x00000000fb800000,0x00000000ffc00000)
  from space 2048K, 40% used [0x00000000ffe00000,0x00000000ffed0000,0x0000000100000000)
  to   space 2048K, 0% used [0x00000000ffc00000,0x00000000ffc00000,0x00000000ffe00000)
 ParOldGen       total 114688K, used 102205K [0x00000000f4800000, 0x00000000fb800000, 0x00000000fb800000)
  object space 114688K, 89% used [0x00000000f4800000,0x00000000fabcf418,0x00000000fb800000)
 Metaspace       used 75183K, capacity 79316K, committed 80000K, reserved 1118208K
  class space    used 9478K, capacity 10201K, committed 10368K, reserved 1048576K
}
{Heap before GC invocations=674 (full 1):
 PSYoungGen      total 71680K, used 70464K [0x00000000fb800000, 0x0000000100000000, 0x0000000100000000)
  eden space 69632K, 100% used [0x00000000fb800000,0x00000000ffc00000,0x00000000ffc00000)
  from space 2048K, 40% used [0x00000000ffe00000,0x00000000ffed0000,0x0000000100000000)
  to   space 2048K, 0% used [0x00000000ffc00000,0x00000000ffc00000,0x00000000ffe00000)
 ParOldGen       total 114688K, used 102205K [0x00000000f4800000, 0x00000000fb800000, 0x00000000fb800000)
  object space 114688K, 89% used [0x00000000f4800000,0x00000000fabcf418,0x00000000fb800000)
 Metaspace       used 75185K, capacity 79316K, committed 80000K, reserved 1118208K
  class space    used 9478K, capacity 10201K, committed 10368K, reserved 1048576K
2024-06-11T21:26:41.342+0800: 2860.555: [GC (Allocation Failure) [PSYoungGen: 70464K->832K(71680K)] 172669K->103117K(186368K), 0.0052513 secs] [Times: user=0.01 sys=0.00, real=0.00 secs] 
Heap after GC invocations=674 (full 1):
 PSYoungGen      total 71680K, used 832K [0x00000000fb800000, 0x0000000100000000, 0x0000000100000000)
  eden space 69632K, 0% used [0x00000000fb800000,0x00000000fb800000,0x00000000ffc00000)
  from space 2048K, 40% used [0x00000000ffc00000,0x00000000ffcd0000,0x00000000ffe00000)
  to   space 2048K, 0% used [0x00000000ffe00000,0x00000000ffe00000,0x0000000100000000)
 ParOldGen       total 114688K, used 102285K [0x00000000f4800000, 0x00000000fb800000, 0x00000000fb800000)
  object space 114688K, 89% used [0x00000000f4800000,0x00000000fabe3418,0x00000000fb800000)
 Metaspace       used 75185K, capacity 79316K, committed 80000K, reserved 1118208K
  class space    used 9478K, capacity 10201K, committed 10368K, reserved 1048576K
}
{Heap before GC invocations=675 (full 1):
 PSYoungGen      total 71680K, used 70464K [0x00000000fb800000, 0x0000000100000000, 0x0000000100000000)
  eden space 69632K, 100% used [0x00000000fb800000,0x00000000ffc00000,0x00000000ffc00000)
  from space 2048K, 40% used [0x00000000ffc00000,0x00000000ffcd0000,0x00000000ffe00000)
  to   space 2048K, 0% used [0x00000000ffe00000,0x00000000ffe00000,0x0000000100000000)
 ParOldGen       total 114688K, used 102285K [0x00000000f4800000, 0x00000000fb800000, 0x00000000fb800000)
  object space 114688K, 89% used [0x00000000f4800000,0x00000000fabe3418,0x00000000fb800000)
 Metaspace       used 75185K, capacity 79316K, committed 80000K, reserved 1118208K
  class space    used 9478K, capacity 10201K, committed 10368K, reserved 1048576K
2024-06-11T21:26:45.531+0800: 2864.744: [GC (Allocation Failure) [PSYoungGen: 70464K->832K(71680K)] 172749K->103197K(186368K), 0.0048187 secs] [Times: user=0.01 sys=0.00, real=0.00 secs] 
Heap after GC invocations=675 (full 1):
 PSYoungGen      total 71680K, used 832K [0x00000000fb800000, 0x0000000100000000, 0x0000000100000000)
  eden space 69632K, 0% used [0x00000000fb800000,0x00000000fb800000,0x00000000ffc00000)
  from space 2048K, 40% used [0x00000000ffe00000,0x00000000ffed0000,0x0000000100000000)
  to   space 2048K, 0% used [0x00000000ffc00000,0x00000000ffc00000,0x00000000ffe00000)
 ParOldGen       total 114688K, used 102365K [0x00000000f4800000, 0x00000000fb800000, 0x00000000fb800000)
  object space 114688K, 89% used [0x00000000f4800000,0x00000000fabf7418,0x00000000fb800000)
 Metaspace       used 75185K, capacity 79316K, committed 80000K, reserved 1118208K
  class space    used 9478K, capacity 10201K, committed 10368K, reserved 1048576K
}
{Heap before GC invocations=676 (full 1):
 PSYoungGen      total 71680K, used 70464K [0x00000000fb800000, 0x0000000100000000, 0x0000000100000000)
  eden space 69632K, 100% used [0x00000000fb800000,0x00000000ffc00000,0x00000000ffc00000)
  from space 2048K, 40% used [0x00000000ffe00000,0x00000000ffed0000,0x0000000100000000)
  to   space 2048K, 0% used [0x00000000ffc00000,0x00000000ffc00000,0x00000000ffe00000)
 ParOldGen       total 114688K, used 102365K [0x00000000f4800000, 0x00000000fb800000, 0x00000000fb800000)
  object space 114688K, 89% used [0x00000000f4800000,0x00000000fabf7418,0x00000000fb800000)
 Metaspace       used 75185K, capacity 79316K, committed 80000K, reserved 1118208K
  class space    used 9478K, capacity 10201K, committed 10368K, reserved 1048576K
2024-06-11T21:26:49.917+0800: 2869.131: [GC (Allocation Failure) [PSYoungGen: 70464K->800K(71680K)] 172829K->103245K(186368K), 0.0049046 secs] [Times: user=0.01 sys=0.00, real=0.01 secs] 
Heap after GC invocations=676 (full 1):
 PSYoungGen      total 71680K, used 800K [0x00000000fb800000, 0x0000000100000000, 0x0000000100000000)
  eden space 69632K, 0% used [0x00000000fb800000,0x00000000fb800000,0x00000000ffc00000)
  from space 2048K, 39% used [0x00000000ffc00000,0x00000000ffcc8000,0x00000000ffe00000)
  to   space 2048K, 0% used [0x00000000ffe00000,0x00000000ffe00000,0x0000000100000000)
 ParOldGen       total 114688K, used 102445K [0x00000000f4800000, 0x00000000fb800000, 0x00000000fb800000)
  object space 114688K, 89% used [0x00000000f4800000,0x00000000fac0b418,0x00000000fb800000)
 Metaspace       used 75185K, capacity 79316K, committed 80000K, reserved 1118208K
  class space    used 9478K, capacity 10201K, committed 10368K, reserved 1048576K
}
{Heap before GC invocations=677 (full 1):
 PSYoungGen      total 71680K, used 70432K [0x00000000fb800000, 0x0000000100000000, 0x0000000100000000)
  eden space 69632K, 100% used [0x00000000fb800000,0x00000000ffc00000,0x00000000ffc00000)
  from space 2048K, 39% used [0x00000000ffc00000,0x00000000ffcc8000,0x00000000ffe00000)
  to   space 2048K, 0% used [0x00000000ffe00000,0x00000000ffe00000,0x0000000100000000)
 ParOldGen       total 114688K, used 102445K [0x00000000f4800000, 0x00000000fb800000, 0x00000000fb800000)
  object space 114688K, 89% used [0x00000000f4800000,0x00000000fac0b418,0x00000000fb800000)
 Metaspace       used 75186K, capacity 79316K, committed 80000K, reserved 1118208K
  class space    used 9478K, capacity 10201K, committed 10368K, reserved 1048576K
2024-06-11T21:26:54.175+0800: 2873.389: [GC (Allocation Failure) [PSYoungGen: 70432K->832K(71680K)] 172877K->103357K(186368K), 0.0059725 secs] [Times: user=0.01 sys=0.00, real=0.01 secs] 
Heap after GC invocations=677 (full 1):
 PSYoungGen      total 71680K, used 832K [0x00000000fb800000, 0x0000000100000000, 0x0000000100000000)
  eden space 69632K, 0% used [0x00000000fb800000,0x00000000fb800000,0x00000000ffc00000)
  from space 2048K, 40% used [0x00000000ffe00000,0x00000000ffed0000,0x0000000100000000)
  to   space 2048K, 0% used [0x00000000ffc00000,0x00000000ffc00000,0x00000000ffe00000)
 ParOldGen       total 114688K, used 102525K [0x00000000f4800000, 0x00000000fb800000, 0x00000000fb800000)
  object space 114688K, 89% used [0x00000000f4800000,0x00000000fac1f418,0x00000000fb800000)
 Metaspace       used 75186K, capacity 79316K, committed 80000K, reserved 1118208K
  class space    used 9478K, capacity 10201K, committed 10368K, reserved 1048576K
}
{Heap before GC invocations=678 (full 1):
 PSYoungGen      total 71680K, used 70464K [0x00000000fb800000, 0x0000000100000000, 0x0000000100000000)
  eden space 69632K, 100% used [0x00000000fb800000,0x00000000ffc00000,0x00000000ffc00000)
  from space 2048K, 40% used [0x00000000ffe00000,0x00000000ffed0000,0x0000000100000000)
  to   space 2048K, 0% used [0x00000000ffc00000,0x00000000ffc00000,0x00000000ffe00000)
 ParOldGen       total 114688K, used 102525K [0x00000000f4800000, 0x00000000fb800000, 0x00000000fb800000)
  object space 114688K, 89% used [0x00000000f4800000,0x00000000fac1f418,0x00000000fb800000)
 Metaspace       used 75186K, capacity 79316K, committed 80000K, reserved 1118208K
  class space    used 9478K, capacity 10201K, committed 10368K, reserved 1048576K
2024-06-11T21:26:58.556+0800: 2877.770: [GC (Allocation Failure) [PSYoungGen: 70464K->768K(71680K)] 172989K->103373K(186368K), 0.0049163 secs] [Times: user=0.01 sys=0.00, real=0.01 secs] 
Heap after GC invocations=678 (full 1):
 PSYoungGen      total 71680K, used 768K [0x00000000fb800000, 0x0000000100000000, 0x0000000100000000)
  eden space 69632K, 0% used [0x00000000fb800000,0x00000000fb800000,0x00000000ffc00000)
  from space 2048K, 37% used [0x00000000ffc00000,0x00000000ffcc0000,0x00000000ffe00000)
  to   space 1536K, 0% used [0x00000000ffe80000,0x00000000ffe80000,0x0000000100000000)
 ParOldGen       total 114688K, used 102605K [0x00000000f4800000, 0x00000000fb800000, 0x00000000fb800000)
  object space 114688K, 89% used [0x00000000f4800000,0x00000000fac33418,0x00000000fb800000)
 Metaspace       used 75186K, capacity 79316K, committed 80000K, reserved 1118208K
  class space    used 9478K, capacity 10201K, committed 10368K, reserved 1048576K
}
{Heap before GC invocations=679 (full 1):
 PSYoungGen      total 71680K, used 70400K [0x00000000fb800000, 0x0000000100000000, 0x0000000100000000)
  eden space 69632K, 100% used [0x00000000fb800000,0x00000000ffc00000,0x00000000ffc00000)
  from space 2048K, 37% used [0x00000000ffc00000,0x00000000ffcc0000,0x00000000ffe00000)
  to   space 1536K, 0% used [0x00000000ffe80000,0x00000000ffe80000,0x0000000100000000)
 ParOldGen       total 114688K, used 102605K [0x00000000f4800000, 0x00000000fb800000, 0x00000000fb800000)
  object space 114688K, 89% used [0x00000000f4800000,0x00000000fac33418,0x00000000fb800000)
 Metaspace       used 75186K, capacity 79316K, committed 80000K, reserved 1118208K
  class space    used 9478K, capacity 10201K, committed 10368K, reserved 1048576K
2024-06-11T21:27:02.978+0800: 2882.191: [GC (Allocation Failure) [PSYoungGen: 70400K->800K(72192K)] 173005K->103485K(186880K), 0.0050992 secs] [Times: user=0.01 sys=0.00, real=0.01 secs] 
Heap after GC invocations=679 (full 1):
 PSYoungGen      total 72192K, used 800K [0x00000000fb800000, 0x0000000100000000, 0x0000000100000000)
  eden space 70656K, 0% used [0x00000000fb800000,0x00000000fb800000,0x00000000ffd00000)
  from space 1536K, 52% used [0x00000000ffe80000,0x00000000fff48000,0x0000000100000000)
  to   space 1536K, 0% used [0x00000000ffd00000,0x00000000ffd00000,0x00000000ffe80000)
 ParOldGen       total 114688K, used 102685K [0x00000000f4800000, 0x00000000fb800000, 0x00000000fb800000)
  object space 114688K, 89% used [0x00000000f4800000,0x00000000fac47418,0x00000000fb800000)
 Metaspace       used 75186K, capacity 79316K, committed 80000K, reserved 1118208K
  class space    used 9478K, capacity 10201K, committed 10368K, reserved 1048576K
}
{Heap before GC invocations=680 (full 1):
 PSYoungGen      total 72192K, used 71456K [0x00000000fb800000, 0x0000000100000000, 0x0000000100000000)
  eden space 70656K, 100% used [0x00000000fb800000,0x00000000ffd00000,0x00000000ffd00000)
  from space 1536K, 52% used [0x00000000ffe80000,0x00000000fff48000,0x0000000100000000)
  to   space 1536K, 0% used [0x00000000ffd00000,0x00000000ffd00000,0x00000000ffe80000)
 ParOldGen       total 114688K, used 102685K [0x00000000f4800000, 0x00000000fb800000, 0x00000000fb800000)
  object space 114688K, 89% used [0x00000000f4800000,0x00000000fac47418,0x00000000fb800000)
 Metaspace       used 75186K, capacity 79316K, committed 80000K, reserved 1118208K
  class space    used 9478K, capacity 10201K, committed 10368K, reserved 1048576K
2024-06-11T21:27:07.314+0800: 2886.527: [GC (Allocation Failure) [PSYoungGen: 71456K->832K(72192K)] 174141K->103597K(186880K), 0.0049925 secs] [Times: user=0.01 sys=0.00, real=0.00 secs] 
Heap after GC invocations=680 (full 1):
 PSYoungGen      total 72192K, used 832K [0x00000000fb800000, 0x0000000100000000, 0x0000000100000000)
  eden space 70656K, 0% used [0x00000000fb800000,0x00000000fb800000,0x00000000ffd00000)
  from space 1536K, 54% used [0x00000000ffd00000,0x00000000ffdd0000,0x00000000ffe80000)
  to   space 1536K, 0% used [0x00000000ffe80000,0x00000000ffe80000,0x0000000100000000)
 ParOldGen       total 114688K, used 102765K [0x00000000f4800000, 0x00000000fb800000, 0x00000000fb800000)
  object space 114688K, 89% used [0x00000000f4800000,0x00000000fac5b418,0x00000000fb800000)
 Metaspace       used 75186K, capacity 79316K, committed 80000K, reserved 1118208K
  class space    used 9478K, capacity 10201K, committed 10368K, reserved 1048576K
}
{Heap before GC invocations=681 (full 1):
 PSYoungGen      total 72192K, used 71488K [0x00000000fb800000, 0x0000000100000000, 0x0000000100000000)
  eden space 70656K, 100% used [0x00000000fb800000,0x00000000ffd00000,0x00000000ffd00000)
  from space 1536K, 54% used [0x00000000ffd00000,0x00000000ffdd0000,0x00000000ffe80000)
  to   space 1536K, 0% used [0x00000000ffe80000,0x00000000ffe80000,0x0000000100000000)
 ParOldGen       total 114688K, used 102765K [0x00000000f4800000, 0x00000000fb800000, 0x00000000fb800000)
  object space 114688K, 89% used [0x00000000f4800000,0x00000000fac5b418,0x00000000fb800000)
 Metaspace       used 75186K, capacity 79316K, committed 80000K, reserved 1118208K
  class space    used 9478K, capacity 10201K, committed 10368K, reserved 1048576K
2024-06-11T21:27:11.567+0800: 2890.781: [GC (Allocation Failure) [PSYoungGen: 71488K->1536K(71168K)] 174253K->104429K(185856K), 0.0056123 secs] [Times: user=0.01 sys=0.00, real=0.01 secs] 
Heap after GC invocations=681 (full 1):
 PSYoungGen      total 71168K, used 1536K [0x00000000fb800000, 0x0000000100000000, 0x0000000100000000)
  eden space 69632K, 0% used [0x00000000fb800000,0x00000000fb800000,0x00000000ffc00000)
  from space 1536K, 100% used [0x00000000ffe80000,0x0000000100000000,0x0000000100000000)
  to   space 2048K, 0% used [0x00000000ffc00000,0x00000000ffc00000,0x00000000ffe00000)
 ParOldGen       total 114688K, used 102893K [0x00000000f4800000, 0x00000000fb800000, 0x00000000fb800000)
  object space 114688K, 89% used [0x00000000f4800000,0x00000000fac7b418,0x00000000fb800000)
 Metaspace       used 75186K, capacity 79316K, committed 80000K, reserved 1118208K
  class space    used 9478K, capacity 10201K, committed 10368K, reserved 1048576K
}
{Heap before GC invocations=682 (full 1):
 PSYoungGen      total 71168K, used 71168K [0x00000000fb800000, 0x0000000100000000, 0x0000000100000000)
  eden space 69632K, 100% used [0x00000000fb800000,0x00000000ffc00000,0x00000000ffc00000)
  from space 1536K, 100% used [0x00000000ffe80000,0x0000000100000000,0x0000000100000000)
  to   space 2048K, 0% used [0x00000000ffc00000,0x00000000ffc00000,0x00000000ffe00000)
 ParOldGen       total 114688K, used 102893K [0x00000000f4800000, 0x00000000fb800000, 0x00000000fb800000)
  object space 114688K, 89% used [0x00000000f4800000,0x00000000fac7b418,0x00000000fb800000)
 Metaspace       used 75186K, capacity 79316K, committed 80000K, reserved 1118208K
  class space    used 9478K, capacity 10201K, committed 10368K, reserved 1048576K
2024-06-11T21:27:15.865+0800: 2895.078: [GC (Allocation Failure) [PSYoungGen: 71168K->1920K(71680K)] 174061K->106213K(186368K), 0.0076670 secs] [Times: user=0.01 sys=0.00, real=0.01 secs] 
Heap after GC invocations=682 (full 1):
 PSYoungGen      total 71680K, used 1920K [0x00000000fb800000, 0x0000000100000000, 0x0000000100000000)
  eden space 69632K, 0% used [0x00000000fb800000,0x00000000fb800000,0x00000000ffc00000)
  from space 2048K, 93% used [0x00000000ffc00000,0x00000000ffde0000,0x00000000ffe00000)
  to   space 2048K, 0% used [0x00000000ffe00000,0x00000000ffe00000,0x0000000100000000)
 ParOldGen       total 114688K, used 104293K [0x00000000f4800000, 0x00000000fb800000, 0x00000000fb800000)
  object space 114688K, 90% used [0x00000000f4800000,0x00000000fadd9418,0x00000000fb800000)
 Metaspace       used 75186K, capacity 79316K, committed 80000K, reserved 1118208K
  class space    used 9478K, capacity 10201K, committed 10368K, reserved 1048576K
}
{Heap before GC invocations=683 (full 1):
 PSYoungGen      total 71680K, used 71552K [0x00000000fb800000, 0x0000000100000000, 0x0000000100000000)
  eden space 69632K, 100% used [0x00000000fb800000,0x00000000ffc00000,0x00000000ffc00000)
  from space 2048K, 93% used [0x00000000ffc00000,0x00000000ffde0000,0x00000000ffe00000)
  to   space 2048K, 0% used [0x00000000ffe00000,0x00000000ffe00000,0x0000000100000000)
 ParOldGen       total 114688K, used 104293K [0x00000000f4800000, 0x00000000fb800000, 0x00000000fb800000)
  object space 114688K, 90% used [0x00000000f4800000,0x00000000fadd9418,0x00000000fb800000)
 Metaspace       used 75186K, capacity 79316K, committed 80000K, reserved 1118208K
  class space    used 9478K, capacity 10201K, committed 10368K, reserved 1048576K
2024-06-11T21:27:20.040+0800: 2899.253: [GC (Allocation Failure) [PSYoungGen: 71552K->800K(71680K)] 175845K->106269K(186368K), 0.0060021 secs] [Times: user=0.01 sys=0.00, real=0.01 secs] 
Heap after GC invocations=683 (full 1):
 PSYoungGen      total 71680K, used 800K [0x00000000fb800000, 0x0000000100000000, 0x0000000100000000)
  eden space 69632K, 0% used [0x00000000fb800000,0x00000000fb800000,0x00000000ffc00000)
  from space 2048K, 39% used [0x00000000ffe00000,0x00000000ffec8000,0x0000000100000000)
  to   space 2048K, 0% used [0x00000000ffc00000,0x00000000ffc00000,0x00000000ffe00000)
 ParOldGen       total 114688K, used 105469K [0x00000000f4800000, 0x00000000fb800000, 0x00000000fb800000)
  object space 114688K, 91% used [0x00000000f4800000,0x00000000faeff418,0x00000000fb800000)
 Metaspace       used 75186K, capacity 79316K, committed 80000K, reserved 1118208K
  class space    used 9478K, capacity 10201K, committed 10368K, reserved 1048576K
}
{Heap before GC invocations=684 (full 1):
 PSYoungGen      total 71680K, used 70430K [0x00000000fb800000, 0x0000000100000000, 0x0000000100000000)
  eden space 69632K, 99% used [0x00000000fb800000,0x00000000ffbffbf8,0x00000000ffc00000)
  from space 2048K, 39% used [0x00000000ffe00000,0x00000000ffec8000,0x0000000100000000)
  to   space 2048K, 0% used [0x00000000ffc00000,0x00000000ffc00000,0x00000000ffe00000)
 ParOldGen       total 114688K, used 105469K [0x00000000f4800000, 0x00000000fb800000, 0x00000000fb800000)
  object space 114688K, 91% used [0x00000000f4800000,0x00000000faeff418,0x00000000fb800000)
 Metaspace       used 75186K, capacity 79316K, committed 80000K, reserved 1118208K
  class space    used 9478K, capacity 10201K, committed 10368K, reserved 1048576K
2024-06-11T21:27:24.504+0800: 2903.717: [GC (Allocation Failure) [PSYoungGen: 70430K->800K(71680K)] 175900K->106357K(186368K), 0.0047848 secs] [Times: user=0.01 sys=0.00, real=0.00 secs] 
Heap after GC invocations=684 (full 1):
 PSYoungGen      total 71680K, used 800K [0x00000000fb800000, 0x0000000100000000, 0x0000000100000000)
  eden space 69632K, 0% used [0x00000000fb800000,0x00000000fb800000,0x00000000ffc00000)
  from space 2048K, 39% used [0x00000000ffc00000,0x00000000ffcc8000,0x00000000ffe00000)
  to   space 2048K, 0% used [0x00000000ffe00000,0x00000000ffe00000,0x0000000100000000)
 ParOldGen       total 114688K, used 105557K [0x00000000f4800000, 0x00000000fb800000, 0x00000000fb800000)
  object space 114688K, 92% used [0x00000000f4800000,0x00000000faf15418,0x00000000fb800000)
 Metaspace       used 75186K, capacity 79316K, committed 80000K, reserved 1118208K
  class space    used 9478K, capacity 10201K, committed 10368K, reserved 1048576K
}
{Heap before GC invocations=685 (full 1):
 PSYoungGen      total 71680K, used 70432K [0x00000000fb800000, 0x0000000100000000, 0x0000000100000000)
  eden space 69632K, 100% used [0x00000000fb800000,0x00000000ffc00000,0x00000000ffc00000)
  from space 2048K, 39% used [0x00000000ffc00000,0x00000000ffcc8000,0x00000000ffe00000)
  to   space 2048K, 0% used [0x00000000ffe00000,0x00000000ffe00000,0x0000000100000000)
 ParOldGen       total 114688K, used 105557K [0x00000000f4800000, 0x00000000fb800000, 0x00000000fb800000)
  object space 114688K, 92% used [0x00000000f4800000,0x00000000faf15418,0x00000000fb800000)
 Metaspace       used 75186K, capacity 79316K, committed 80000K, reserved 1118208K
  class space    used 9478K, capacity 10201K, committed 10368K, reserved 1048576K
2024-06-11T21:27:28.933+0800: 2908.146: [GC (Allocation Failure) [PSYoungGen: 70432K->832K(71680K)] 175989K->106469K(186368K), 0.0048989 secs] [Times: user=0.01 sys=0.00, real=0.00 secs] 
Heap after GC invocations=685 (full 1):
 PSYoungGen      total 71680K, used 832K [0x00000000fb800000, 0x0000000100000000, 0x0000000100000000)
  eden space 69632K, 0% used [0x00000000fb800000,0x00000000fb800000,0x00000000ffc00000)
  from space 2048K, 40% used [0x00000000ffe00000,0x00000000ffed0000,0x0000000100000000)
  to   space 2048K, 0% used [0x00000000ffc00000,0x00000000ffc00000,0x00000000ffe00000)
 ParOldGen       total 114688K, used 105637K [0x00000000f4800000, 0x00000000fb800000, 0x00000000fb800000)
  object space 114688K, 92% used [0x00000000f4800000,0x00000000faf29418,0x00000000fb800000)
 Metaspace       used 75186K, capacity 79316K, committed 80000K, reserved 1118208K
  class space    used 9478K, capacity 10201K, committed 10368K, reserved 1048576K
}
{Heap before GC invocations=686 (full 1):
 PSYoungGen      total 71680K, used 70464K [0x00000000fb800000, 0x0000000100000000, 0x0000000100000000)
  eden space 69632K, 100% used [0x00000000fb800000,0x00000000ffc00000,0x00000000ffc00000)
  from space 2048K, 40% used [0x00000000ffe00000,0x00000000ffed0000,0x0000000100000000)
  to   space 2048K, 0% used [0x00000000ffc00000,0x00000000ffc00000,0x00000000ffe00000)
 ParOldGen       total 114688K, used 105637K [0x00000000f4800000, 0x00000000fb800000, 0x00000000fb800000)
  object space 114688K, 92% used [0x00000000f4800000,0x00000000faf29418,0x00000000fb800000)
 Metaspace       used 75186K, capacity 79316K, committed 80000K, reserved 1118208K
  class space    used 9478K, capacity 10201K, committed 10368K, reserved 1048576K
2024-06-11T21:27:33.166+0800: 2912.380: [GC (Allocation Failure) [PSYoungGen: 70464K->800K(71680K)] 176101K->106525K(186368K), 0.0056950 secs] [Times: user=0.01 sys=0.00, real=0.01 secs] 
Heap after GC invocations=686 (full 1):
 PSYoungGen      total 71680K, used 800K [0x00000000fb800000, 0x0000000100000000, 0x0000000100000000)
  eden space 69632K, 0% used [0x00000000fb800000,0x00000000fb800000,0x00000000ffc00000)
  from space 2048K, 39% used [0x00000000ffc00000,0x00000000ffcc8000,0x00000000ffe00000)
  to   space 2048K, 0% used [0x00000000ffe00000,0x00000000ffe00000,0x0000000100000000)
 ParOldGen       total 114688K, used 105725K [0x00000000f4800000, 0x00000000fb800000, 0x00000000fb800000)
  object space 114688K, 92% used [0x00000000f4800000,0x00000000faf3f418,0x00000000fb800000)
 Metaspace       used 75186K, capacity 79316K, committed 80000K, reserved 1118208K
  class space    used 9478K, capacity 10201K, committed 10368K, reserved 1048576K
}
{Heap before GC invocations=687 (full 1):
 PSYoungGen      total 71680K, used 70432K [0x00000000fb800000, 0x0000000100000000, 0x0000000100000000)
  eden space 69632K, 100% used [0x00000000fb800000,0x00000000ffc00000,0x00000000ffc00000)
  from space 2048K, 39% used [0x00000000ffc00000,0x00000000ffcc8000,0x00000000ffe00000)
  to   space 2048K, 0% used [0x00000000ffe00000,0x00000000ffe00000,0x0000000100000000)
 ParOldGen       total 114688K, used 105725K [0x00000000f4800000, 0x00000000fb800000, 0x00000000fb800000)
  object space 114688K, 92% used [0x00000000f4800000,0x00000000faf3f418,0x00000000fb800000)
 Metaspace       used 75186K, capacity 79316K, committed 80000K, reserved 1118208K
  class space    used 9478K, capacity 10201K, committed 10368K, reserved 1048576K
2024-06-11T21:27:37.454+0800: 2916.668: [GC (Allocation Failure) [PSYoungGen: 70432K->832K(71680K)] 176157K->106645K(186368K), 0.0049064 secs] [Times: user=0.01 sys=0.00, real=0.00 secs] 
Heap after GC invocations=687 (full 1):
 PSYoungGen      total 71680K, used 832K [0x00000000fb800000, 0x0000000100000000, 0x0000000100000000)
  eden space 69632K, 0% used [0x00000000fb800000,0x00000000fb800000,0x00000000ffc00000)
  from space 2048K, 40% used [0x00000000ffe00000,0x00000000ffed0000,0x0000000100000000)
  to   space 2048K, 0% used [0x00000000ffc00000,0x00000000ffc00000,0x00000000ffe00000)
 ParOldGen       total 114688K, used 105813K [0x00000000f4800000, 0x00000000fb800000, 0x00000000fb800000)
  object space 114688K, 92% used [0x00000000f4800000,0x00000000faf55418,0x00000000fb800000)
 Metaspace       used 75186K, capacity 79316K, committed 80000K, reserved 1118208K
  class space    used 9478K, capacity 10201K, committed 10368K, reserved 1048576K
}
{Heap before GC invocations=688 (full 1):
 PSYoungGen      total 71680K, used 70464K [0x00000000fb800000, 0x0000000100000000, 0x0000000100000000)
  eden space 69632K, 100% used [0x00000000fb800000,0x00000000ffc00000,0x00000000ffc00000)
  from space 2048K, 40% used [0x00000000ffe00000,0x00000000ffed0000,0x0000000100000000)
  to   space 2048K, 0% used [0x00000000ffc00000,0x00000000ffc00000,0x00000000ffe00000)
 ParOldGen       total 114688K, used 105813K [0x00000000f4800000, 0x00000000fb800000, 0x00000000fb800000)
  object space 114688K, 92% used [0x00000000f4800000,0x00000000faf55418,0x00000000fb800000)
 Metaspace       used 75186K, capacity 79316K, committed 80000K, reserved 1118208K
  class space    used 9478K, capacity 10201K, committed 10368K, reserved 1048576K
2024-06-11T21:27:41.844+0800: 2921.057: [GC (Allocation Failure) [PSYoungGen: 70464K->832K(71680K)] 176277K->106733K(186368K), 0.0049894 secs] [Times: user=0.01 sys=0.00, real=0.00 secs] 
Heap after GC invocations=688 (full 1):
 PSYoungGen      total 71680K, used 832K [0x00000000fb800000, 0x0000000100000000, 0x0000000100000000)
  eden space 69632K, 0% used [0x00000000fb800000,0x00000000fb800000,0x00000000ffc00000)
  from space 2048K, 40% used [0x00000000ffc00000,0x00000000ffcd0000,0x00000000ffe00000)
  to   space 2048K, 0% used [0x00000000ffe00000,0x00000000ffe00000,0x0000000100000000)
 ParOldGen       total 114688K, used 105901K [0x00000000f4800000, 0x00000000fb800000, 0x00000000fb800000)
  object space 114688K, 92% used [0x00000000f4800000,0x00000000faf6b418,0x00000000fb800000)
 Metaspace       used 75186K, capacity 79316K, committed 80000K, reserved 1118208K
  class space    used 9478K, capacity 10201K, committed 10368K, reserved 1048576K
}
{Heap before GC invocations=689 (full 1):
 PSYoungGen      total 71680K, used 70464K [0x00000000fb800000, 0x0000000100000000, 0x0000000100000000)
  eden space 69632K, 100% used [0x00000000fb800000,0x00000000ffc00000,0x00000000ffc00000)
  from space 2048K, 40% used [0x00000000ffc00000,0x00000000ffcd0000,0x00000000ffe00000)
  to   space 2048K, 0% used [0x00000000ffe00000,0x00000000ffe00000,0x0000000100000000)
 ParOldGen       total 114688K, used 105901K [0x00000000f4800000, 0x00000000fb800000, 0x00000000fb800000)
  object space 114688K, 92% used [0x00000000f4800000,0x00000000faf6b418,0x00000000fb800000)
 Metaspace       used 75186K, capacity 79316K, committed 80000K, reserved 1118208K
  class space    used 9478K, capacity 10201K, committed 10368K, reserved 1048576K
2024-06-11T21:27:46.177+0800: 2925.390: [GC (Allocation Failure) [PSYoungGen: 70464K->800K(71680K)] 176365K->106781K(186368K), 0.0056583 secs] [Times: user=0.01 sys=0.00, real=0.01 secs] 
Heap after GC invocations=689 (full 1):
 PSYoungGen      total 71680K, used 800K [0x00000000fb800000, 0x0000000100000000, 0x0000000100000000)
  eden space 69632K, 0% used [0x00000000fb800000,0x00000000fb800000,0x00000000ffc00000)
  from space 2048K, 39% used [0x00000000ffe00000,0x00000000ffec8000,0x0000000100000000)
  to   space 2048K, 0% used [0x00000000ffc00000,0x00000000ffc00000,0x00000000ffe00000)
 ParOldGen       total 114688K, used 105981K [0x00000000f4800000, 0x00000000fb800000, 0x00000000fb800000)
  object space 114688K, 92% used [0x00000000f4800000,0x00000000faf7f418,0x00000000fb800000)
 Metaspace       used 75186K, capacity 79316K, committed 80000K, reserved 1118208K
  class space    used 9478K, capacity 10201K, committed 10368K, reserved 1048576K
}
{Heap before GC invocations=690 (full 1):
 PSYoungGen      total 71680K, used 70432K [0x00000000fb800000, 0x0000000100000000, 0x0000000100000000)
  eden space 69632K, 100% used [0x00000000fb800000,0x00000000ffc00000,0x00000000ffc00000)
  from space 2048K, 39% used [0x00000000ffe00000,0x00000000ffec8000,0x0000000100000000)
  to   space 2048K, 0% used [0x00000000ffc00000,0x00000000ffc00000,0x00000000ffe00000)
 ParOldGen       total 114688K, used 105981K [0x00000000f4800000, 0x00000000fb800000, 0x00000000fb800000)
  object space 114688K, 92% used [0x00000000f4800000,0x00000000faf7f418,0x00000000fb800000)
 Metaspace       used 75186K, capacity 79316K, committed 80000K, reserved 1118208K
  class space    used 9478K, capacity 10201K, committed 10368K, reserved 1048576K
2024-06-11T21:27:50.476+0800: 2929.689: [GC (Allocation Failure) [PSYoungGen: 70432K->800K(71680K)] 176413K->106861K(186368K), 0.0049345 secs] [Times: user=0.00 sys=0.00, real=0.01 secs] 
Heap after GC invocations=690 (full 1):
 PSYoungGen      total 71680K, used 800K [0x00000000fb800000, 0x0000000100000000, 0x0000000100000000)
  eden space 69632K, 0% used [0x00000000fb800000,0x00000000fb800000,0x00000000ffc00000)
  from space 2048K, 39% used [0x00000000ffc00000,0x00000000ffcc8000,0x00000000ffe00000)
  to   space 2048K, 0% used [0x00000000ffe00000,0x00000000ffe00000,0x0000000100000000)
 ParOldGen       total 114688K, used 106061K [0x00000000f4800000, 0x00000000fb800000, 0x00000000fb800000)
  object space 114688K, 92% used [0x00000000f4800000,0x00000000faf93418,0x00000000fb800000)
 Metaspace       used 75186K, capacity 79316K, committed 80000K, reserved 1118208K
  class space    used 9478K, capacity 10201K, committed 10368K, reserved 1048576K
}
{Heap before GC invocations=691 (full 1):
 PSYoungGen      total 71680K, used 70432K [0x00000000fb800000, 0x0000000100000000, 0x0000000100000000)
  eden space 69632K, 100% used [0x00000000fb800000,0x00000000ffc00000,0x00000000ffc00000)
  from space 2048K, 39% used [0x00000000ffc00000,0x00000000ffcc8000,0x00000000ffe00000)
  to   space 2048K, 0% used [0x00000000ffe00000,0x00000000ffe00000,0x0000000100000000)
 ParOldGen       total 114688K, used 106061K [0x00000000f4800000, 0x00000000fb800000, 0x00000000fb800000)
  object space 114688K, 92% used [0x00000000f4800000,0x00000000faf93418,0x00000000fb800000)
 Metaspace       used 75186K, capacity 79316K, committed 80000K, reserved 1118208K
  class space    used 9478K, capacity 10201K, committed 10368K, reserved 1048576K
2024-06-11T21:27:54.750+0800: 2933.963: [GC (Allocation Failure) [PSYoungGen: 70432K->832K(72192K)] 176493K->106981K(186880K), 0.0051522 secs] [Times: user=0.01 sys=0.00, real=0.01 secs] 
Heap after GC invocations=691 (full 1):
 PSYoungGen      total 72192K, used 832K [0x00000000fb800000, 0x0000000100000000, 0x0000000100000000)
  eden space 70144K, 0% used [0x00000000fb800000,0x00000000fb800000,0x00000000ffc80000)
  from space 2048K, 40% used [0x00000000ffe00000,0x00000000ffed0000,0x0000000100000000)
  to   space 1536K, 0% used [0x00000000ffc80000,0x00000000ffc80000,0x00000000ffe00000)
 ParOldGen       total 114688K, used 106149K [0x00000000f4800000, 0x00000000fb800000, 0x00000000fb800000)
  object space 114688K, 92% used [0x00000000f4800000,0x00000000fafa9418,0x00000000fb800000)
 Metaspace       used 75186K, capacity 79316K, committed 80000K, reserved 1118208K
  class space    used 9478K, capacity 10201K, committed 10368K, reserved 1048576K
}
{Heap before GC invocations=692 (full 1):
 PSYoungGen      total 72192K, used 70976K [0x00000000fb800000, 0x0000000100000000, 0x0000000100000000)
  eden space 70144K, 100% used [0x00000000fb800000,0x00000000ffc80000,0x00000000ffc80000)
  from space 2048K, 40% used [0x00000000ffe00000,0x00000000ffed0000,0x0000000100000000)
  to   space 1536K, 0% used [0x00000000ffc80000,0x00000000ffc80000,0x00000000ffe00000)
 ParOldGen       total 114688K, used 106149K [0x00000000f4800000, 0x00000000fb800000, 0x00000000fb800000)
  object space 114688K, 92% used [0x00000000f4800000,0x00000000fafa9418,0x00000000fb800000)
 Metaspace       used 75186K, capacity 79316K, committed 80000K, reserved 1118208K
  class space    used 9478K, capacity 10201K, committed 10368K, reserved 1048576K
2024-06-11T21:27:58.932+0800: 2938.146: [GC (Allocation Failure) [PSYoungGen: 70976K->800K(71680K)] 177125K->107029K(186368K), 0.0050616 secs] [Times: user=0.01 sys=0.00, real=0.00 secs] 
Heap after GC invocations=692 (full 1):
 PSYoungGen      total 71680K, used 800K [0x00000000fb800000, 0x0000000100000000, 0x0000000100000000)
  eden space 70144K, 0% used [0x00000000fb800000,0x00000000fb800000,0x00000000ffc80000)
  from space 1536K, 52% used [0x00000000ffc80000,0x00000000ffd48000,0x00000000ffe00000)
  to   space 1536K, 0% used [0x00000000ffe80000,0x00000000ffe80000,0x0000000100000000)
 ParOldGen       total 114688K, used 106229K [0x00000000f4800000, 0x00000000fb800000, 0x00000000fb800000)
  object space 114688K, 92% used [0x00000000f4800000,0x00000000fafbd418,0x00000000fb800000)
 Metaspace       used 75186K, capacity 79316K, committed 80000K, reserved 1118208K
  class space    used 9478K, capacity 10201K, committed 10368K, reserved 1048576K
}
{Heap before GC invocations=693 (full 1):
 PSYoungGen      total 71680K, used 70944K [0x00000000fb800000, 0x0000000100000000, 0x0000000100000000)
  eden space 70144K, 100% used [0x00000000fb800000,0x00000000ffc80000,0x00000000ffc80000)
  from space 1536K, 52% used [0x00000000ffc80000,0x00000000ffd48000,0x00000000ffe00000)
  to   space 1536K, 0% used [0x00000000ffe80000,0x00000000ffe80000,0x0000000100000000)
 ParOldGen       total 114688K, used 106229K [0x00000000f4800000, 0x00000000fb800000, 0x00000000fb800000)
  object space 114688K, 92% used [0x00000000f4800000,0x00000000fafbd418,0x00000000fb800000)
 Metaspace       used 75186K, capacity 79316K, committed 80000K, reserved 1118208K
  class space    used 9478K, capacity 10201K, committed 10368K, reserved 1048576K
2024-06-11T21:28:03.426+0800: 2942.639: [GC (Allocation Failure) [PSYoungGen: 70944K->768K(72192K)] 177173K->107085K(186880K), 0.0050352 secs] [Times: user=0.01 sys=0.00, real=0.01 secs] 
Heap after GC invocations=693 (full 1):
 PSYoungGen      total 72192K, used 768K [0x00000000fb800000, 0x0000000100000000, 0x0000000100000000)
  eden space 70656K, 0% used [0x00000000fb800000,0x00000000fb800000,0x00000000ffd00000)
  from space 1536K, 50% used [0x00000000ffe80000,0x00000000fff40000,0x0000000100000000)
  to   space 1536K, 0% used [0x00000000ffd00000,0x00000000ffd00000,0x00000000ffe80000)
 ParOldGen       total 114688K, used 106317K [0x00000000f4800000, 0x00000000fb800000, 0x00000000fb800000)
  object space 114688K, 92% used [0x00000000f4800000,0x00000000fafd3418,0x00000000fb800000)
 Metaspace       used 75186K, capacity 79316K, committed 80000K, reserved 1118208K
  class space    used 9478K, capacity 10201K, committed 10368K, reserved 1048576K
}
{Heap before GC invocations=694 (full 1):
 PSYoungGen      total 72192K, used 71424K [0x00000000fb800000, 0x0000000100000000, 0x0000000100000000)
  eden space 70656K, 100% used [0x00000000fb800000,0x00000000ffd00000,0x00000000ffd00000)
  from space 1536K, 50% used [0x00000000ffe80000,0x00000000fff40000,0x0000000100000000)
  to   space 1536K, 0% used [0x00000000ffd00000,0x00000000ffd00000,0x00000000ffe80000)
 ParOldGen       total 114688K, used 106317K [0x00000000f4800000, 0x00000000fb800000, 0x00000000fb800000)
  object space 114688K, 92% used [0x00000000f4800000,0x00000000fafd3418,0x00000000fb800000)
 Metaspace       used 75186K, capacity 79316K, committed 80000K, reserved 1118208K
  class space    used 9478K, capacity 10201K, committed 10368K, reserved 1048576K
2024-06-11T21:28:07.599+0800: 2946.812: [GC (Allocation Failure) [PSYoungGen: 71424K->800K(72192K)] 177741K->107197K(186880K), 0.0047876 secs] [Times: user=0.01 sys=0.00, real=0.01 secs] 
Heap after GC invocations=694 (full 1):
 PSYoungGen      total 72192K, used 800K [0x00000000fb800000, 0x0000000100000000, 0x0000000100000000)
  eden space 70656K, 0% used [0x00000000fb800000,0x00000000fb800000,0x00000000ffd00000)
  from space 1536K, 52% used [0x00000000ffd00000,0x00000000ffdc8000,0x00000000ffe80000)
  to   space 1536K, 0% used [0x00000000ffe80000,0x00000000ffe80000,0x0000000100000000)
 ParOldGen       total 114688K, used 106397K [0x00000000f4800000, 0x00000000fb800000, 0x00000000fb800000)
  object space 114688K, 92% used [0x00000000f4800000,0x00000000fafe7418,0x00000000fb800000)
 Metaspace       used 75186K, capacity 79316K, committed 80000K, reserved 1118208K
  class space    used 9478K, capacity 10201K, committed 10368K, reserved 1048576K
}
{Heap before GC invocations=695 (full 1):
 PSYoungGen      total 72192K, used 71456K [0x00000000fb800000, 0x0000000100000000, 0x0000000100000000)
  eden space 70656K, 100% used [0x00000000fb800000,0x00000000ffd00000,0x00000000ffd00000)
  from space 1536K, 52% used [0x00000000ffd00000,0x00000000ffdc8000,0x00000000ffe80000)
  to   space 1536K, 0% used [0x00000000ffe80000,0x00000000ffe80000,0x0000000100000000)
 ParOldGen       total 114688K, used 106397K [0x00000000f4800000, 0x00000000fb800000, 0x00000000fb800000)
  object space 114688K, 92% used [0x00000000f4800000,0x00000000fafe7418,0x00000000fb800000)
 Metaspace       used 75187K, capacity 79316K, committed 80000K, reserved 1118208K
  class space    used 9478K, capacity 10201K, committed 10368K, reserved 1048576K
2024-06-11T21:28:12.136+0800: 2951.349: [GC (Allocation Failure) [PSYoungGen: 71456K->1536K(71168K)] 177853K->108061K(185856K), 0.0076488 secs] [Times: user=0.01 sys=0.00, real=0.01 secs] 
Heap after GC invocations=695 (full 1):
 PSYoungGen      total 71168K, used 1536K [0x00000000fb800000, 0x0000000100000000, 0x0000000100000000)
  eden space 69632K, 0% used [0x00000000fb800000,0x00000000fb800000,0x00000000ffc00000)
  from space 1536K, 100% used [0x00000000ffe80000,0x0000000100000000,0x0000000100000000)
  to   space 2048K, 0% used [0x00000000ffc00000,0x00000000ffc00000,0x00000000ffe00000)
 ParOldGen       total 114688K, used 106525K [0x00000000f4800000, 0x00000000fb800000, 0x00000000fb800000)
  object space 114688K, 92% used [0x00000000f4800000,0x00000000fb007418,0x00000000fb800000)
 Metaspace       used 75187K, capacity 79316K, committed 80000K, reserved 1118208K
  class space    used 9478K, capacity 10201K, committed 10368K, reserved 1048576K
}
{Heap before GC invocations=696 (full 1):
 PSYoungGen      total 71168K, used 71168K [0x00000000fb800000, 0x0000000100000000, 0x0000000100000000)
  eden space 69632K, 100% used [0x00000000fb800000,0x00000000ffc00000,0x00000000ffc00000)
  from space 1536K, 100% used [0x00000000ffe80000,0x0000000100000000,0x0000000100000000)
  to   space 2048K, 0% used [0x00000000ffc00000,0x00000000ffc00000,0x00000000ffe00000)
 ParOldGen       total 114688K, used 106525K [0x00000000f4800000, 0x00000000fb800000, 0x00000000fb800000)
  object space 114688K, 92% used [0x00000000f4800000,0x00000000fb007418,0x00000000fb800000)
 Metaspace       used 75187K, capacity 79316K, committed 80000K, reserved 1118208K
  class space    used 9478K, capacity 10201K, committed 10368K, reserved 1048576K
2024-06-11T21:28:16.435+0800: 2955.648: [GC (Allocation Failure) [PSYoungGen: 71168K->1472K(71680K)] 177693K->108965K(186368K), 0.0078477 secs] [Times: user=0.01 sys=0.00, real=0.01 secs] 
Heap after GC invocations=696 (full 1):
 PSYoungGen      total 71680K, used 1472K [0x00000000fb800000, 0x0000000100000000, 0x0000000100000000)
  eden space 69632K, 0% used [0x00000000fb800000,0x00000000fb800000,0x00000000ffc00000)
  from space 2048K, 71% used [0x00000000ffc00000,0x00000000ffd70000,0x00000000ffe00000)
  to   space 2048K, 0% used [0x00000000ffe00000,0x00000000ffe00000,0x0000000100000000)
 ParOldGen       total 114688K, used 107493K [0x00000000f4800000, 0x00000000fb800000, 0x00000000fb800000)
  object space 114688K, 93% used [0x00000000f4800000,0x00000000fb0f9418,0x00000000fb800000)
 Metaspace       used 75187K, capacity 79316K, committed 80000K, reserved 1118208K
  class space    used 9478K, capacity 10201K, committed 10368K, reserved 1048576K
}
{Heap before GC invocations=697 (full 1):
 PSYoungGen      total 71680K, used 71104K [0x00000000fb800000, 0x0000000100000000, 0x0000000100000000)
  eden space 69632K, 100% used [0x00000000fb800000,0x00000000ffc00000,0x00000000ffc00000)
  from space 2048K, 71% used [0x00000000ffc00000,0x00000000ffd70000,0x00000000ffe00000)
  to   space 2048K, 0% used [0x00000000ffe00000,0x00000000ffe00000,0x0000000100000000)
 ParOldGen       total 114688K, used 107493K [0x00000000f4800000, 0x00000000fb800000, 0x00000000fb800000)
  object space 114688K, 93% used [0x00000000f4800000,0x00000000fb0f9418,0x00000000fb800000)
 Metaspace       used 75187K, capacity 79316K, committed 80000K, reserved 1118208K
  class space    used 9478K, capacity 10201K, committed 10368K, reserved 1048576K
2024-06-11T21:28:20.790+0800: 2960.003: [GC (Allocation Failure) [PSYoungGen: 71104K->864K(71680K)] 178597K->109101K(186368K), 0.0052419 secs] [Times: user=0.01 sys=0.00, real=0.01 secs] 
Heap after GC invocations=697 (full 1):
 PSYoungGen      total 71680K, used 864K [0x00000000fb800000, 0x0000000100000000, 0x0000000100000000)
  eden space 69632K, 0% used [0x00000000fb800000,0x00000000fb800000,0x00000000ffc00000)
  from space 2048K, 42% used [0x00000000ffe00000,0x00000000ffed8000,0x0000000100000000)
  to   space 2048K, 0% used [0x00000000ffc00000,0x00000000ffc00000,0x00000000ffe00000)
 ParOldGen       total 114688K, used 108237K [0x00000000f4800000, 0x00000000fb800000, 0x00000000fb800000)
  object space 114688K, 94% used [0x00000000f4800000,0x00000000fb1b3418,0x00000000fb800000)
 Metaspace       used 75187K, capacity 79316K, committed 80000K, reserved 1118208K
  class space    used 9478K, capacity 10201K, committed 10368K, reserved 1048576K
}
{Heap before GC invocations=698 (full 1):
 PSYoungGen      total 71680K, used 70496K [0x00000000fb800000, 0x0000000100000000, 0x0000000100000000)
  eden space 69632K, 100% used [0x00000000fb800000,0x00000000ffc00000,0x00000000ffc00000)
  from space 2048K, 42% used [0x00000000ffe00000,0x00000000ffed8000,0x0000000100000000)
  to   space 2048K, 0% used [0x00000000ffc00000,0x00000000ffc00000,0x00000000ffe00000)
 ParOldGen       total 114688K, used 108237K [0x00000000f4800000, 0x00000000fb800000, 0x00000000fb800000)
  object space 114688K, 94% used [0x00000000f4800000,0x00000000fb1b3418,0x00000000fb800000)
 Metaspace       used 75187K, capacity 79316K, committed 80000K, reserved 1118208K
  class space    used 9478K, capacity 10201K, committed 10368K, reserved 1048576K
2024-06-11T21:28:25.131+0800: 2964.344: [GC (Allocation Failure) [PSYoungGen: 70496K->832K(71680K)] 178733K->109157K(186368K), 0.0049904 secs] [Times: user=0.01 sys=0.00, real=0.00 secs] 
Heap after GC invocations=698 (full 1):
 PSYoungGen      total 71680K, used 832K [0x00000000fb800000, 0x0000000100000000, 0x0000000100000000)
  eden space 69632K, 0% used [0x00000000fb800000,0x00000000fb800000,0x00000000ffc00000)
  from space 2048K, 40% used [0x00000000ffc00000,0x00000000ffcd0000,0x00000000ffe00000)
  to   space 2048K, 0% used [0x00000000ffe00000,0x00000000ffe00000,0x0000000100000000)
 ParOldGen       total 114688K, used 108325K [0x00000000f4800000, 0x00000000fb800000, 0x00000000fb800000)
  object space 114688K, 94% used [0x00000000f4800000,0x00000000fb1c9418,0x00000000fb800000)
 Metaspace       used 75187K, capacity 79316K, committed 80000K, reserved 1118208K
  class space    used 9478K, capacity 10201K, committed 10368K, reserved 1048576K
}
{Heap before GC invocations=699 (full 1):
 PSYoungGen      total 71680K, used 70464K [0x00000000fb800000, 0x0000000100000000, 0x0000000100000000)
  eden space 69632K, 100% used [0x00000000fb800000,0x00000000ffc00000,0x00000000ffc00000)
  from space 2048K, 40% used [0x00000000ffc00000,0x00000000ffcd0000,0x00000000ffe00000)
  to   space 2048K, 0% used [0x00000000ffe00000,0x00000000ffe00000,0x0000000100000000)
 ParOldGen       total 114688K, used 108325K [0x00000000f4800000, 0x00000000fb800000, 0x00000000fb800000)
  object space 114688K, 94% used [0x00000000f4800000,0x00000000fb1c9418,0x00000000fb800000)
 Metaspace       used 75187K, capacity 79316K, committed 80000K, reserved 1118208K
  class space    used 9478K, capacity 10201K, committed 10368K, reserved 1048576K
2024-06-11T21:28:29.296+0800: 2968.509: [GC (Allocation Failure) [PSYoungGen: 70464K->832K(71680K)] 178789K->109237K(186368K), 0.0070396 secs] [Times: user=0.01 sys=0.00, real=0.01 secs] 
Heap after GC invocations=699 (full 1):
 PSYoungGen      total 71680K, used 832K [0x00000000fb800000, 0x0000000100000000, 0x0000000100000000)
  eden space 69632K, 0% used [0x00000000fb800000,0x00000000fb800000,0x00000000ffc00000)
  from space 2048K, 40% used [0x00000000ffe00000,0x00000000ffed0000,0x0000000100000000)
  to   space 2048K, 0% used [0x00000000ffc00000,0x00000000ffc00000,0x00000000ffe00000)
 ParOldGen       total 114688K, used 108405K [0x00000000f4800000, 0x00000000fb800000, 0x00000000fb800000)
  object space 114688K, 94% used [0x00000000f4800000,0x00000000fb1dd418,0x00000000fb800000)
 Metaspace       used 75187K, capacity 79316K, committed 80000K, reserved 1118208K
  class space    used 9478K, capacity 10201K, committed 10368K, reserved 1048576K
}
{Heap before GC invocations=700 (full 1):
 PSYoungGen      total 71680K, used 70464K [0x00000000fb800000, 0x0000000100000000, 0x0000000100000000)
  eden space 69632K, 100% used [0x00000000fb800000,0x00000000ffc00000,0x00000000ffc00000)
  from space 2048K, 40% used [0x00000000ffe00000,0x00000000ffed0000,0x0000000100000000)
  to   space 2048K, 0% used [0x00000000ffc00000,0x00000000ffc00000,0x00000000ffe00000)
 ParOldGen       total 114688K, used 108405K [0x00000000f4800000, 0x00000000fb800000, 0x00000000fb800000)
  object space 114688K, 94% used [0x00000000f4800000,0x00000000fb1dd418,0x00000000fb800000)
 Metaspace       used 75187K, capacity 79316K, committed 80000K, reserved 1118208K
  class space    used 9478K, capacity 10201K, committed 10368K, reserved 1048576K
2024-06-11T21:28:33.709+0800: 2972.923: [GC (Allocation Failure) [PSYoungGen: 70464K->768K(71680K)] 178869K->109253K(186368K), 0.0062069 secs] [Times: user=0.00 sys=0.00, real=0.01 secs] 
Heap after GC invocations=700 (full 1):
 PSYoungGen      total 71680K, used 768K [0x00000000fb800000, 0x0000000100000000, 0x0000000100000000)
  eden space 69632K, 0% used [0x00000000fb800000,0x00000000fb800000,0x00000000ffc00000)
  from space 2048K, 37% used [0x00000000ffc00000,0x00000000ffcc0000,0x00000000ffe00000)
  to   space 2048K, 0% used [0x00000000ffe00000,0x00000000ffe00000,0x0000000100000000)
 ParOldGen       total 114688K, used 108485K [0x00000000f4800000, 0x00000000fb800000, 0x00000000fb800000)
  object space 114688K, 94% used [0x00000000f4800000,0x00000000fb1f1418,0x00000000fb800000)
 Metaspace       used 75187K, capacity 79316K, committed 80000K, reserved 1118208K
  class space    used 9478K, capacity 10201K, committed 10368K, reserved 1048576K
}
{Heap before GC invocations=701 (full 1):
 PSYoungGen      total 71680K, used 70400K [0x00000000fb800000, 0x0000000100000000, 0x0000000100000000)
  eden space 69632K, 100% used [0x00000000fb800000,0x00000000ffc00000,0x00000000ffc00000)
  from space 2048K, 37% used [0x00000000ffc00000,0x00000000ffcc0000,0x00000000ffe00000)
  to   space 2048K, 0% used [0x00000000ffe00000,0x00000000ffe00000,0x0000000100000000)
 ParOldGen       total 114688K, used 108485K [0x00000000f4800000, 0x00000000fb800000, 0x00000000fb800000)
  object space 114688K, 94% used [0x00000000f4800000,0x00000000fb1f1418,0x00000000fb800000)
 Metaspace       used 75187K, capacity 79316K, committed 80000K, reserved 1118208K
  class space    used 9478K, capacity 10201K, committed 10368K, reserved 1048576K
2024-06-11T21:28:38.050+0800: 2977.263: [GC (Allocation Failure) [PSYoungGen: 70400K->1358K(71680K)] 178885K->109923K(186368K), 0.0051995 secs] [Times: user=0.01 sys=0.00, real=0.01 secs] 
Heap after GC invocations=701 (full 1):
 PSYoungGen      total 71680K, used 1358K [0x00000000fb800000, 0x0000000100000000, 0x0000000100000000)
  eden space 69632K, 0% used [0x00000000fb800000,0x00000000fb800000,0x00000000ffc00000)
  from space 2048K, 66% used [0x00000000ffe00000,0x00000000fff53840,0x0000000100000000)
  to   space 2048K, 0% used [0x00000000ffc00000,0x00000000ffc00000,0x00000000ffe00000)
 ParOldGen       total 114688K, used 108565K [0x00000000f4800000, 0x00000000fb800000, 0x00000000fb800000)
  object space 114688K, 94% used [0x00000000f4800000,0x00000000fb205418,0x00000000fb800000)
 Metaspace       used 75187K, capacity 79316K, committed 80000K, reserved 1118208K
  class space    used 9478K, capacity 10201K, committed 10368K, reserved 1048576K
}
{Heap before GC invocations=702 (full 1):
 PSYoungGen      total 71680K, used 70990K [0x00000000fb800000, 0x0000000100000000, 0x0000000100000000)
  eden space 69632K, 100% used [0x00000000fb800000,0x00000000ffc00000,0x00000000ffc00000)
  from space 2048K, 66% used [0x00000000ffe00000,0x00000000fff53840,0x0000000100000000)
  to   space 2048K, 0% used [0x00000000ffc00000,0x00000000ffc00000,0x00000000ffe00000)
 ParOldGen       total 114688K, used 108565K [0x00000000f4800000, 0x00000000fb800000, 0x00000000fb800000)
  object space 114688K, 94% used [0x00000000f4800000,0x00000000fb205418,0x00000000fb800000)
 Metaspace       used 75187K, capacity 79316K, committed 80000K, reserved 1118208K
  class space    used 9478K, capacity 10201K, committed 10368K, reserved 1048576K
2024-06-11T21:28:42.350+0800: 2981.563: [GC (Allocation Failure) [PSYoungGen: 70990K->832K(71680K)] 179555K->109469K(186368K), 0.0048261 secs] [Times: user=0.01 sys=0.00, real=0.01 secs] 
Heap after GC invocations=702 (full 1):
 PSYoungGen      total 71680K, used 832K [0x00000000fb800000, 0x0000000100000000, 0x0000000100000000)
  eden space 69632K, 0% used [0x00000000fb800000,0x00000000fb800000,0x00000000ffc00000)
  from space 2048K, 40% used [0x00000000ffc00000,0x00000000ffcd0000,0x00000000ffe00000)
  to   space 2048K, 0% used [0x00000000ffe00000,0x00000000ffe00000,0x0000000100000000)
 ParOldGen       total 114688K, used 108637K [0x00000000f4800000, 0x00000000fb800000, 0x00000000fb800000)
  object space 114688K, 94% used [0x00000000f4800000,0x00000000fb217418,0x00000000fb800000)
 Metaspace       used 75187K, capacity 79316K, committed 80000K, reserved 1118208K
  class space    used 9478K, capacity 10201K, committed 10368K, reserved 1048576K
}
{Heap before GC invocations=703 (full 1):
 PSYoungGen      total 71680K, used 70464K [0x00000000fb800000, 0x0000000100000000, 0x0000000100000000)
  eden space 69632K, 100% used [0x00000000fb800000,0x00000000ffc00000,0x00000000ffc00000)
  from space 2048K, 40% used [0x00000000ffc00000,0x00000000ffcd0000,0x00000000ffe00000)
  to   space 2048K, 0% used [0x00000000ffe00000,0x00000000ffe00000,0x0000000100000000)
 ParOldGen       total 114688K, used 108637K [0x00000000f4800000, 0x00000000fb800000, 0x00000000fb800000)
  object space 114688K, 94% used [0x00000000f4800000,0x00000000fb217418,0x00000000fb800000)
 Metaspace       used 75187K, capacity 79316K, committed 80000K, reserved 1118208K
  class space    used 9478K, capacity 10201K, committed 10368K, reserved 1048576K
2024-06-11T21:28:46.785+0800: 2985.998: [GC (Allocation Failure) [PSYoungGen: 70464K->864K(71680K)] 179101K->109573K(186368K), 0.0076796 secs] [Times: user=0.01 sys=0.00, real=0.01 secs] 
Heap after GC invocations=703 (full 1):
 PSYoungGen      total 71680K, used 864K [0x00000000fb800000, 0x0000000100000000, 0x0000000100000000)
  eden space 69632K, 0% used [0x00000000fb800000,0x00000000fb800000,0x00000000ffc00000)
  from space 2048K, 42% used [0x00000000ffe00000,0x00000000ffed8000,0x0000000100000000)
  to   space 2048K, 0% used [0x00000000ffc00000,0x00000000ffc00000,0x00000000ffe00000)
 ParOldGen       total 114688K, used 108709K [0x00000000f4800000, 0x00000000fb800000, 0x00000000fb800000)
  object space 114688K, 94% used [0x00000000f4800000,0x00000000fb229418,0x00000000fb800000)
 Metaspace       used 75187K, capacity 79316K, committed 80000K, reserved 1118208K
  class space    used 9478K, capacity 10201K, committed 10368K, reserved 1048576K
}
{Heap before GC invocations=704 (full 1):
 PSYoungGen      total 71680K, used 70496K [0x00000000fb800000, 0x0000000100000000, 0x0000000100000000)
  eden space 69632K, 100% used [0x00000000fb800000,0x00000000ffc00000,0x00000000ffc00000)
  from space 2048K, 42% used [0x00000000ffe00000,0x00000000ffed8000,0x0000000100000000)
  to   space 2048K, 0% used [0x00000000ffc00000,0x00000000ffc00000,0x00000000ffe00000)
 ParOldGen       total 114688K, used 108709K [0x00000000f4800000, 0x00000000fb800000, 0x00000000fb800000)
  object space 114688K, 94% used [0x00000000f4800000,0x00000000fb229418,0x00000000fb800000)
 Metaspace       used 75187K, capacity 79316K, committed 80000K, reserved 1118208K
  class space    used 9478K, capacity 10201K, committed 10368K, reserved 1048576K
2024-06-11T21:28:51.331+0800: 2990.544: [GC (Allocation Failure) [PSYoungGen: 70496K->832K(71680K)] 179205K->109629K(186368K), 0.0049344 secs] [Times: user=0.01 sys=0.00, real=0.00 secs] 
Heap after GC invocations=704 (full 1):
 PSYoungGen      total 71680K, used 832K [0x00000000fb800000, 0x0000000100000000, 0x0000000100000000)
  eden space 69632K, 0% used [0x00000000fb800000,0x00000000fb800000,0x00000000ffc00000)
  from space 2048K, 40% used [0x00000000ffc00000,0x00000000ffcd0000,0x00000000ffe00000)
  to   space 2048K, 0% used [0x00000000ffe00000,0x00000000ffe00000,0x0000000100000000)
 ParOldGen       total 114688K, used 108797K [0x00000000f4800000, 0x00000000fb800000, 0x00000000fb800000)
  object space 114688K, 94% used [0x00000000f4800000,0x00000000fb23f418,0x00000000fb800000)
 Metaspace       used 75187K, capacity 79316K, committed 80000K, reserved 1118208K
  class space    used 9478K, capacity 10201K, committed 10368K, reserved 1048576K
}
{Heap before GC invocations=705 (full 1):
 PSYoungGen      total 71680K, used 70464K [0x00000000fb800000, 0x0000000100000000, 0x0000000100000000)
  eden space 69632K, 100% used [0x00000000fb800000,0x00000000ffc00000,0x00000000ffc00000)
  from space 2048K, 40% used [0x00000000ffc00000,0x00000000ffcd0000,0x00000000ffe00000)
  to   space 2048K, 0% used [0x00000000ffe00000,0x00000000ffe00000,0x0000000100000000)
 ParOldGen       total 114688K, used 108797K [0x00000000f4800000, 0x00000000fb800000, 0x00000000fb800000)
  object space 114688K, 94% used [0x00000000f4800000,0x00000000fb23f418,0x00000000fb800000)
 Metaspace       used 75187K, capacity 79316K, committed 80000K, reserved 1118208K
  class space    used 9478K, capacity 10201K, committed 10368K, reserved 1048576K
2024-06-11T21:28:55.730+0800: 2994.943: [GC (Allocation Failure) [PSYoungGen: 70464K->1111K(71680K)] 179261K->109996K(186368K), 0.0050729 secs] [Times: user=0.01 sys=0.00, real=0.01 secs] 
Heap after GC invocations=705 (full 1):
 PSYoungGen      total 71680K, used 1111K [0x00000000fb800000, 0x0000000100000000, 0x0000000100000000)
  eden space 69632K, 0% used [0x00000000fb800000,0x00000000fb800000,0x00000000ffc00000)
  from space 2048K, 54% used [0x00000000ffe00000,0x00000000fff15c00,0x0000000100000000)
  to   space 2048K, 0% used [0x00000000ffc00000,0x00000000ffc00000,0x00000000ffe00000)
 ParOldGen       total 114688K, used 108885K [0x00000000f4800000, 0x00000000fb800000, 0x00000000fb800000)
  object space 114688K, 94% used [0x00000000f4800000,0x00000000fb255418,0x00000000fb800000)
 Metaspace       used 75187K, capacity 79316K, committed 80000K, reserved 1118208K
  class space    used 9478K, capacity 10201K, committed 10368K, reserved 1048576K
}
{Heap before GC invocations=706 (full 1):
 PSYoungGen      total 71680K, used 70743K [0x00000000fb800000, 0x0000000100000000, 0x0000000100000000)
  eden space 69632K, 100% used [0x00000000fb800000,0x00000000ffc00000,0x00000000ffc00000)
  from space 2048K, 54% used [0x00000000ffe00000,0x00000000fff15c00,0x0000000100000000)
  to   space 2048K, 0% used [0x00000000ffc00000,0x00000000ffc00000,0x00000000ffe00000)
 ParOldGen       total 114688K, used 108885K [0x00000000f4800000, 0x00000000fb800000, 0x00000000fb800000)
  object space 114688K, 94% used [0x00000000f4800000,0x00000000fb255418,0x00000000fb800000)
 Metaspace       used 75187K, capacity 79316K, committed 80000K, reserved 1118208K
  class space    used 9478K, capacity 10201K, committed 10368K, reserved 1048576K
2024-06-11T21:29:00.116+0800: 2999.329: [GC (Allocation Failure) [PSYoungGen: 70743K->800K(71680K)] 179628K->109757K(186368K), 0.0047760 secs] [Times: user=0.01 sys=0.00, real=0.01 secs] 
Heap after GC invocations=706 (full 1):
 PSYoungGen      total 71680K, used 800K [0x00000000fb800000, 0x0000000100000000, 0x0000000100000000)
  eden space 69632K, 0% used [0x00000000fb800000,0x00000000fb800000,0x00000000ffc00000)
  from space 2048K, 39% used [0x00000000ffc00000,0x00000000ffcc8000,0x00000000ffe00000)
  to   space 1536K, 0% used [0x00000000ffe80000,0x00000000ffe80000,0x0000000100000000)
 ParOldGen       total 114688K, used 108957K [0x00000000f4800000, 0x00000000fb800000, 0x00000000fb800000)
  object space 114688K, 95% used [0x00000000f4800000,0x00000000fb267418,0x00000000fb800000)
 Metaspace       used 75187K, capacity 79316K, committed 80000K, reserved 1118208K
  class space    used 9478K, capacity 10201K, committed 10368K, reserved 1048576K
}
{Heap before GC invocations=707 (full 1):
 PSYoungGen      total 71680K, used 70432K [0x00000000fb800000, 0x0000000100000000, 0x0000000100000000)
  eden space 69632K, 100% used [0x00000000fb800000,0x00000000ffc00000,0x00000000ffc00000)
  from space 2048K, 39% used [0x00000000ffc00000,0x00000000ffcc8000,0x00000000ffe00000)
  to   space 1536K, 0% used [0x00000000ffe80000,0x00000000ffe80000,0x0000000100000000)
 ParOldGen       total 114688K, used 108957K [0x00000000f4800000, 0x00000000fb800000, 0x00000000fb800000)
  object space 114688K, 95% used [0x00000000f4800000,0x00000000fb267418,0x00000000fb800000)
 Metaspace       used 75187K, capacity 79316K, committed 80000K, reserved 1118208K
  class space    used 9478K, capacity 10201K, committed 10368K, reserved 1048576K
2024-06-11T21:29:04.709+0800: 3003.922: [GC (Allocation Failure) [PSYoungGen: 70432K->832K(72192K)] 179389K->109869K(186880K), 0.0050868 secs] [Times: user=0.01 sys=0.00, real=0.01 secs] 
Heap after GC invocations=707 (full 1):
 PSYoungGen      total 72192K, used 832K [0x00000000fb800000, 0x0000000100000000, 0x0000000100000000)
  eden space 70656K, 0% used [0x00000000fb800000,0x00000000fb800000,0x00000000ffd00000)
  from space 1536K, 54% used [0x00000000ffe80000,0x00000000fff50000,0x0000000100000000)
  to   space 1536K, 0% used [0x00000000ffd00000,0x00000000ffd00000,0x00000000ffe80000)
 ParOldGen       total 114688K, used 109037K [0x00000000f4800000, 0x00000000fb800000, 0x00000000fb800000)
  object space 114688K, 95% used [0x00000000f4800000,0x00000000fb27b418,0x00000000fb800000)
 Metaspace       used 75187K, capacity 79316K, committed 80000K, reserved 1118208K
  class space    used 9478K, capacity 10201K, committed 10368K, reserved 1048576K
}
{Heap before GC invocations=708 (full 1):
 PSYoungGen      total 72192K, used 71488K [0x00000000fb800000, 0x0000000100000000, 0x0000000100000000)
  eden space 70656K, 100% used [0x00000000fb800000,0x00000000ffd00000,0x00000000ffd00000)
  from space 1536K, 54% used [0x00000000ffe80000,0x00000000fff50000,0x0000000100000000)
  to   space 1536K, 0% used [0x00000000ffd00000,0x00000000ffd00000,0x00000000ffe80000)
 ParOldGen       total 114688K, used 109037K [0x00000000f4800000, 0x00000000fb800000, 0x00000000fb800000)
  object space 114688K, 95% used [0x00000000f4800000,0x00000000fb27b418,0x00000000fb800000)
 Metaspace       used 75187K, capacity 79316K, committed 80000K, reserved 1118208K
  class space    used 9478K, capacity 10201K, committed 10368K, reserved 1048576K
2024-06-11T21:29:09.010+0800: 3008.224: [GC (Allocation Failure) [PSYoungGen: 71488K->832K(72192K)] 180525K->109957K(186880K), 0.0049251 secs] [Times: user=0.01 sys=0.00, real=0.01 secs] 
Heap after GC invocations=708 (full 1):
 PSYoungGen      total 72192K, used 832K [0x00000000fb800000, 0x0000000100000000, 0x0000000100000000)
  eden space 70656K, 0% used [0x00000000fb800000,0x00000000fb800000,0x00000000ffd00000)
  from space 1536K, 54% used [0x00000000ffd00000,0x00000000ffdd0000,0x00000000ffe80000)
  to   space 1536K, 0% used [0x00000000ffe80000,0x00000000ffe80000,0x0000000100000000)
 ParOldGen       total 114688K, used 109125K [0x00000000f4800000, 0x00000000fb800000, 0x00000000fb800000)
  object space 114688K, 95% used [0x00000000f4800000,0x00000000fb291418,0x00000000fb800000)
 Metaspace       used 75187K, capacity 79316K, committed 80000K, reserved 1118208K
  class space    used 9478K, capacity 10201K, committed 10368K, reserved 1048576K
}
{Heap before GC invocations=709 (full 1):
 PSYoungGen      total 72192K, used 71488K [0x00000000fb800000, 0x0000000100000000, 0x0000000100000000)
  eden space 70656K, 100% used [0x00000000fb800000,0x00000000ffd00000,0x00000000ffd00000)
  from space 1536K, 54% used [0x00000000ffd00000,0x00000000ffdd0000,0x00000000ffe80000)
  to   space 1536K, 0% used [0x00000000ffe80000,0x00000000ffe80000,0x0000000100000000)
 ParOldGen       total 114688K, used 109125K [0x00000000f4800000, 0x00000000fb800000, 0x00000000fb800000)
  object space 114688K, 95% used [0x00000000f4800000,0x00000000fb291418,0x00000000fb800000)
 Metaspace       used 75187K, capacity 79316K, committed 80000K, reserved 1118208K
  class space    used 9478K, capacity 10201K, committed 10368K, reserved 1048576K
2024-06-11T21:29:13.339+0800: 3012.552: [GC (Allocation Failure) [PSYoungGen: 71488K->1536K(71168K)] 180613K->111021K(185856K), 0.0065367 secs] [Times: user=0.01 sys=0.00, real=0.01 secs] 
Heap after GC invocations=709 (full 1):
 PSYoungGen      total 71168K, used 1536K [0x00000000fb800000, 0x0000000100000000, 0x0000000100000000)
  eden space 69632K, 0% used [0x00000000fb800000,0x00000000fb800000,0x00000000ffc00000)
  from space 1536K, 100% used [0x00000000ffe80000,0x0000000100000000,0x0000000100000000)
  to   space 2048K, 0% used [0x00000000ffc00000,0x00000000ffc00000,0x00000000ffe00000)
 ParOldGen       total 114688K, used 109485K [0x00000000f4800000, 0x00000000fb800000, 0x00000000fb800000)
  object space 114688K, 95% used [0x00000000f4800000,0x00000000fb2eb418,0x00000000fb800000)
 Metaspace       used 75187K, capacity 79316K, committed 80000K, reserved 1118208K
  class space    used 9478K, capacity 10201K, committed 10368K, reserved 1048576K
}
{Heap before GC invocations=710 (full 1):
 PSYoungGen      total 71168K, used 71168K [0x00000000fb800000, 0x0000000100000000, 0x0000000100000000)
  eden space 69632K, 100% used [0x00000000fb800000,0x00000000ffc00000,0x00000000ffc00000)
  from space 1536K, 100% used [0x00000000ffe80000,0x0000000100000000,0x0000000100000000)
  to   space 2048K, 0% used [0x00000000ffc00000,0x00000000ffc00000,0x00000000ffe00000)
 ParOldGen       total 114688K, used 109485K [0x00000000f4800000, 0x00000000fb800000, 0x00000000fb800000)
  object space 114688K, 95% used [0x00000000f4800000,0x00000000fb2eb418,0x00000000fb800000)
 Metaspace       used 75187K, capacity 79316K, committed 80000K, reserved 1118208K
  class space    used 9478K, capacity 10201K, committed 10368K, reserved 1048576K
2024-06-11T21:29:17.471+0800: 3016.684: [GC (Allocation Failure) [PSYoungGen: 71168K->1056K(71680K)] 180653K->111917K(186368K), 0.0067857 secs] [Times: user=0.01 sys=0.00, real=0.01 secs] 
Heap after GC invocations=710 (full 1):
 PSYoungGen      total 71680K, used 1056K [0x00000000fb800000, 0x0000000100000000, 0x0000000100000000)
  eden space 69632K, 0% used [0x00000000fb800000,0x00000000fb800000,0x00000000ffc00000)
  from space 2048K, 51% used [0x00000000ffc00000,0x00000000ffd08000,0x00000000ffe00000)
  to   space 2048K, 0% used [0x00000000ffe00000,0x00000000ffe00000,0x0000000100000000)
 ParOldGen       total 114688K, used 110861K [0x00000000f4800000, 0x00000000fb800000, 0x00000000fb800000)
  object space 114688K, 96% used [0x00000000f4800000,0x00000000fb443418,0x00000000fb800000)
 Metaspace       used 75187K, capacity 79316K, committed 80000K, reserved 1118208K
  class space    used 9478K, capacity 10201K, committed 10368K, reserved 1048576K
}
{Heap before GC invocations=711 (full 1):
 PSYoungGen      total 71680K, used 70688K [0x00000000fb800000, 0x0000000100000000, 0x0000000100000000)
  eden space 69632K, 100% used [0x00000000fb800000,0x00000000ffc00000,0x00000000ffc00000)
  from space 2048K, 51% used [0x00000000ffc00000,0x00000000ffd08000,0x00000000ffe00000)
  to   space 2048K, 0% used [0x00000000ffe00000,0x00000000ffe00000,0x0000000100000000)
 ParOldGen       total 114688K, used 110861K [0x00000000f4800000, 0x00000000fb800000, 0x00000000fb800000)
  object space 114688K, 96% used [0x00000000f4800000,0x00000000fb443418,0x00000000fb800000)
 Metaspace       used 75188K, capacity 79316K, committed 80000K, reserved 1118208K
  class space    used 9478K, capacity 10201K, committed 10368K, reserved 1048576K
2024-06-11T21:29:21.733+0800: 3020.946: [GC (Allocation Failure) [PSYoungGen: 70688K->2048K(70656K)] 181549K->113805K(185344K), 0.0072506 secs] [Times: user=0.02 sys=0.00, real=0.00 secs] 
Heap after GC invocations=711 (full 1):
 PSYoungGen      total 70656K, used 2048K [0x00000000fb800000, 0x0000000100000000, 0x0000000100000000)
  eden space 68608K, 0% used [0x00000000fb800000,0x00000000fb800000,0x00000000ffb00000)
  from space 2048K, 100% used [0x00000000ffe00000,0x0000000100000000,0x0000000100000000)
  to   space 2560K, 0% used [0x00000000ffb00000,0x00000000ffb00000,0x00000000ffd80000)
 ParOldGen       total 114688K, used 111757K [0x00000000f4800000, 0x00000000fb800000, 0x00000000fb800000)
  object space 114688K, 97% used [0x00000000f4800000,0x00000000fb523418,0x00000000fb800000)
 Metaspace       used 75188K, capacity 79316K, committed 80000K, reserved 1118208K
  class space    used 9478K, capacity 10201K, committed 10368K, reserved 1048576K
}
{Heap before GC invocations=712 (full 1):
 PSYoungGen      total 70656K, used 70656K [0x00000000fb800000, 0x0000000100000000, 0x0000000100000000)
  eden space 68608K, 100% used [0x00000000fb800000,0x00000000ffb00000,0x00000000ffb00000)
  from space 2048K, 100% used [0x00000000ffe00000,0x0000000100000000,0x0000000100000000)
  to   space 2560K, 0% used [0x00000000ffb00000,0x00000000ffb00000,0x00000000ffd80000)
 ParOldGen       total 114688K, used 111757K [0x00000000f4800000, 0x00000000fb800000, 0x00000000fb800000)
  object space 114688K, 97% used [0x00000000f4800000,0x00000000fb523418,0x00000000fb800000)
 Metaspace       used 75188K, capacity 79316K, committed 80000K, reserved 1118208K
  class space    used 9478K, capacity 10201K, committed 10368K, reserved 1048576K
2024-06-11T21:29:26.186+0800: 3025.399: [GC (Allocation Failure) [PSYoungGen: 70656K->1184K(71168K)] 182413K->114605K(185856K), 0.0073619 secs] [Times: user=0.01 sys=0.00, real=0.01 secs] 
Heap after GC invocations=712 (full 1):
 PSYoungGen      total 71168K, used 1184K [0x00000000fb800000, 0x0000000100000000, 0x0000000100000000)
  eden space 68608K, 0% used [0x00000000fb800000,0x00000000fb800000,0x00000000ffb00000)
  from space 2560K, 46% used [0x00000000ffb00000,0x00000000ffc28000,0x00000000ffd80000)
  to   space 2560K, 0% used [0x00000000ffd80000,0x00000000ffd80000,0x0000000100000000)
 ParOldGen       total 114688K, used 113421K [0x00000000f4800000, 0x00000000fb800000, 0x00000000fb800000)
  object space 114688K, 98% used [0x00000000f4800000,0x00000000fb6c3418,0x00000000fb800000)
 Metaspace       used 75188K, capacity 79316K, committed 80000K, reserved 1118208K
  class space    used 9478K, capacity 10201K, committed 10368K, reserved 1048576K
}
{Heap before GC invocations=713 (full 2):
 PSYoungGen      total 71168K, used 1184K [0x00000000fb800000, 0x0000000100000000, 0x0000000100000000)
  eden space 68608K, 0% used [0x00000000fb800000,0x00000000fb800000,0x00000000ffb00000)
  from space 2560K, 46% used [0x00000000ffb00000,0x00000000ffc28000,0x00000000ffd80000)
  to   space 2560K, 0% used [0x00000000ffd80000,0x00000000ffd80000,0x0000000100000000)
 ParOldGen       total 114688K, used 113421K [0x00000000f4800000, 0x00000000fb800000, 0x00000000fb800000)
  object space 114688K, 98% used [0x00000000f4800000,0x00000000fb6c3418,0x00000000fb800000)
 Metaspace       used 75188K, capacity 79316K, committed 80000K, reserved 1118208K
  class space    used 9478K, capacity 10201K, committed 10368K, reserved 1048576K
2024-06-11T21:29:26.193+0800: 3025.407: [Full GC (Ergonomics) [PSYoungGen: 1184K->0K(71168K)] [ParOldGen: 113421K->44066K(114688K)] 114605K->44066K(185856K), [Metaspace: 75188K->75176K(1118208K)], 0.1069056 secs] [Times: user=0.17 sys=0.00, real=0.10 secs] 
Heap after GC invocations=713 (full 2):
 PSYoungGen      total 71168K, used 0K [0x00000000fb800000, 0x0000000100000000, 0x0000000100000000)
  eden space 68608K, 0% used [0x00000000fb800000,0x00000000fb800000,0x00000000ffb00000)
  from space 2560K, 0% used [0x00000000ffb00000,0x00000000ffb00000,0x00000000ffd80000)
  to   space 2560K, 0% used [0x00000000ffd80000,0x00000000ffd80000,0x0000000100000000)
 ParOldGen       total 114688K, used 44066K [0x00000000f4800000, 0x00000000fb800000, 0x00000000fb800000)
  object space 114688K, 38% used [0x00000000f4800000,0x00000000f7308870,0x00000000fb800000)
 Metaspace       used 75176K, capacity 79298K, committed 80000K, reserved 1118208K
  class space    used 9477K, capacity 10198K, committed 10368K, reserved 1048576K
}
{Heap before GC invocations=714 (full 2):
 PSYoungGen      total 71168K, used 68608K [0x00000000fb800000, 0x0000000100000000, 0x0000000100000000)
  eden space 68608K, 100% used [0x00000000fb800000,0x00000000ffb00000,0x00000000ffb00000)
  from space 2560K, 0% used [0x00000000ffb00000,0x00000000ffb00000,0x00000000ffd80000)
  to   space 2560K, 0% used [0x00000000ffd80000,0x00000000ffd80000,0x0000000100000000)
 ParOldGen       total 114688K, used 44066K [0x00000000f4800000, 0x00000000fb800000, 0x00000000fb800000)
  object space 114688K, 38% used [0x00000000f4800000,0x00000000f7308870,0x00000000fb800000)
 Metaspace       used 75177K, capacity 79298K, committed 80000K, reserved 1118208K
  class space    used 9477K, capacity 10198K, committed 10368K, reserved 1048576K
2024-06-11T21:29:30.401+0800: 3029.614: [GC (Allocation Failure) [PSYoungGen: 68608K->1408K(71168K)] 112674K->45474K(185856K), 0.0056879 secs] [Times: user=0.01 sys=0.00, real=0.00 secs] 
Heap after GC invocations=714 (full 2):
 PSYoungGen      total 71168K, used 1408K [0x00000000fb800000, 0x0000000100000000, 0x0000000100000000)
  eden space 68608K, 0% used [0x00000000fb800000,0x00000000fb800000,0x00000000ffb00000)
  from space 2560K, 55% used [0x00000000ffd80000,0x00000000ffee0000,0x0000000100000000)
  to   space 2560K, 0% used [0x00000000ffb00000,0x00000000ffb00000,0x00000000ffd80000)
 ParOldGen       total 114688K, used 44066K [0x00000000f4800000, 0x00000000fb800000, 0x00000000fb800000)
  object space 114688K, 38% used [0x00000000f4800000,0x00000000f7308870,0x00000000fb800000)
 Metaspace       used 75177K, capacity 79298K, committed 80000K, reserved 1118208K
  class space    used 9477K, capacity 10198K, committed 10368K, reserved 1048576K
}
{Heap before GC invocations=715 (full 2):
 PSYoungGen      total 71168K, used 70016K [0x00000000fb800000, 0x0000000100000000, 0x0000000100000000)
  eden space 68608K, 100% used [0x00000000fb800000,0x00000000ffb00000,0x00000000ffb00000)
  from space 2560K, 55% used [0x00000000ffd80000,0x00000000ffee0000,0x0000000100000000)
  to   space 2560K, 0% used [0x00000000ffb00000,0x00000000ffb00000,0x00000000ffd80000)
 ParOldGen       total 114688K, used 44066K [0x00000000f4800000, 0x00000000fb800000, 0x00000000fb800000)
  object space 114688K, 38% used [0x00000000f4800000,0x00000000f7308870,0x00000000fb800000)
 Metaspace       used 75177K, capacity 79298K, committed 80000K, reserved 1118208K
  class space    used 9477K, capacity 10198K, committed 10368K, reserved 1048576K
2024-06-11T21:29:34.567+0800: 3033.781: [GC (Allocation Failure) [PSYoungGen: 70016K->928K(71168K)] 114082K->45578K(185856K), 0.0053477 secs] [Times: user=0.01 sys=0.00, real=0.01 secs] 
Heap after GC invocations=715 (full 2):
 PSYoungGen      total 71168K, used 928K [0x00000000fb800000, 0x0000000100000000, 0x0000000100000000)
  eden space 68608K, 0% used [0x00000000fb800000,0x00000000fb800000,0x00000000ffb00000)
  from space 2560K, 36% used [0x00000000ffb00000,0x00000000ffbe8000,0x00000000ffd80000)
  to   space 2560K, 0% used [0x00000000ffd80000,0x00000000ffd80000,0x0000000100000000)
 ParOldGen       total 114688K, used 44650K [0x00000000f4800000, 0x00000000fb800000, 0x00000000fb800000)
  object space 114688K, 38% used [0x00000000f4800000,0x00000000f739a870,0x00000000fb800000)
 Metaspace       used 75177K, capacity 79298K, committed 80000K, reserved 1118208K
  class space    used 9477K, capacity 10198K, committed 10368K, reserved 1048576K
}
{Heap before GC invocations=716 (full 2):
 PSYoungGen      total 71168K, used 69536K [0x00000000fb800000, 0x0000000100000000, 0x0000000100000000)
  eden space 68608K, 100% used [0x00000000fb800000,0x00000000ffb00000,0x00000000ffb00000)
  from space 2560K, 36% used [0x00000000ffb00000,0x00000000ffbe8000,0x00000000ffd80000)
  to   space 2560K, 0% used [0x00000000ffd80000,0x00000000ffd80000,0x0000000100000000)
 ParOldGen       total 114688K, used 44650K [0x00000000f4800000, 0x00000000fb800000, 0x00000000fb800000)
  object space 114688K, 38% used [0x00000000f4800000,0x00000000f739a870,0x00000000fb800000)
 Metaspace       used 75177K, capacity 79298K, committed 80000K, reserved 1118208K
  class space    used 9477K, capacity 10198K, committed 10368K, reserved 1048576K
2024-06-11T21:29:38.847+0800: 3038.061: [GC (Allocation Failure) [PSYoungGen: 69536K->1454K(71168K)] 114186K->46184K(185856K), 0.0050460 secs] [Times: user=0.01 sys=0.01, real=0.01 secs] 
Heap after GC invocations=716 (full 2):
 PSYoungGen      total 71168K, used 1454K [0x00000000fb800000, 0x0000000100000000, 0x0000000100000000)
  eden space 68608K, 0% used [0x00000000fb800000,0x00000000fb800000,0x00000000ffb00000)
  from space 2560K, 56% used [0x00000000ffd80000,0x00000000ffeeb850,0x0000000100000000)
  to   space 2560K, 0% used [0x00000000ffb00000,0x00000000ffb00000,0x00000000ffd80000)
 ParOldGen       total 114688K, used 44730K [0x00000000f4800000, 0x00000000fb800000, 0x00000000fb800000)
  object space 114688K, 39% used [0x00000000f4800000,0x00000000f73ae870,0x00000000fb800000)
 Metaspace       used 75177K, capacity 79298K, committed 80000K, reserved 1118208K
  class space    used 9477K, capacity 10198K, committed 10368K, reserved 1048576K
}
{Heap before GC invocations=717 (full 2):
 PSYoungGen      total 71168K, used 70062K [0x00000000fb800000, 0x0000000100000000, 0x0000000100000000)
  eden space 68608K, 100% used [0x00000000fb800000,0x00000000ffb00000,0x00000000ffb00000)
  from space 2560K, 56% used [0x00000000ffd80000,0x00000000ffeeb850,0x0000000100000000)
  to   space 2560K, 0% used [0x00000000ffb00000,0x00000000ffb00000,0x00000000ffd80000)
 ParOldGen       total 114688K, used 44730K [0x00000000f4800000, 0x00000000fb800000, 0x00000000fb800000)
  object space 114688K, 39% used [0x00000000f4800000,0x00000000f73ae870,0x00000000fb800000)
 Metaspace       used 75177K, capacity 79298K, committed 80000K, reserved 1118208K
  class space    used 9477K, capacity 10198K, committed 10368K, reserved 1048576K
2024-06-11T21:29:43.243+0800: 3042.456: [GC (Allocation Failure) [PSYoungGen: 70062K->896K(71168K)] 114792K->45706K(185856K), 0.0050081 secs] [Times: user=0.01 sys=0.00, real=0.00 secs] 
Heap after GC invocations=717 (full 2):
 PSYoungGen      total 71168K, used 896K [0x00000000fb800000, 0x0000000100000000, 0x0000000100000000)
  eden space 68608K, 0% used [0x00000000fb800000,0x00000000fb800000,0x00000000ffb00000)
  from space 2560K, 35% used [0x00000000ffb00000,0x00000000ffbe0000,0x00000000ffd80000)
  to   space 2560K, 0% used [0x00000000ffd80000,0x00000000ffd80000,0x0000000100000000)
 ParOldGen       total 114688K, used 44810K [0x00000000f4800000, 0x00000000fb800000, 0x00000000fb800000)
  object space 114688K, 39% used [0x00000000f4800000,0x00000000f73c2870,0x00000000fb800000)
 Metaspace       used 75177K, capacity 79298K, committed 80000K, reserved 1118208K
  class space    used 9477K, capacity 10198K, committed 10368K, reserved 1048576K
}
{Heap before GC invocations=718 (full 2):
 PSYoungGen      total 71168K, used 69504K [0x00000000fb800000, 0x0000000100000000, 0x0000000100000000)
  eden space 68608K, 100% used [0x00000000fb800000,0x00000000ffb00000,0x00000000ffb00000)
  from space 2560K, 35% used [0x00000000ffb00000,0x00000000ffbe0000,0x00000000ffd80000)
  to   space 2560K, 0% used [0x00000000ffd80000,0x00000000ffd80000,0x0000000100000000)
 ParOldGen       total 114688K, used 44810K [0x00000000f4800000, 0x00000000fb800000, 0x00000000fb800000)
  object space 114688K, 39% used [0x00000000f4800000,0x00000000f73c2870,0x00000000fb800000)
 Metaspace       used 75177K, capacity 79298K, committed 80000K, reserved 1118208K
  class space    used 9477K, capacity 10198K, committed 10368K, reserved 1048576K
2024-06-11T21:29:47.507+0800: 3046.720: [GC (Allocation Failure) [PSYoungGen: 69504K->928K(71168K)] 114314K->45818K(185856K), 0.0049011 secs] [Times: user=0.01 sys=0.00, real=0.01 secs] 
Heap after GC invocations=718 (full 2):
 PSYoungGen      total 71168K, used 928K [0x00000000fb800000, 0x0000000100000000, 0x0000000100000000)
  eden space 68608K, 0% used [0x00000000fb800000,0x00000000fb800000,0x00000000ffb00000)
  from space 2560K, 36% used [0x00000000ffd80000,0x00000000ffe68000,0x0000000100000000)
  to   space 2560K, 0% used [0x00000000ffb00000,0x00000000ffb00000,0x00000000ffd80000)
 ParOldGen       total 114688K, used 44890K [0x00000000f4800000, 0x00000000fb800000, 0x00000000fb800000)
  object space 114688K, 39% used [0x00000000f4800000,0x00000000f73d6870,0x00000000fb800000)
 Metaspace       used 75177K, capacity 79298K, committed 80000K, reserved 1118208K
  class space    used 9477K, capacity 10198K, committed 10368K, reserved 1048576K
}
{Heap before GC invocations=719 (full 2):
 PSYoungGen      total 71168K, used 69536K [0x00000000fb800000, 0x0000000100000000, 0x0000000100000000)
  eden space 68608K, 100% used [0x00000000fb800000,0x00000000ffb00000,0x00000000ffb00000)
  from space 2560K, 36% used [0x00000000ffd80000,0x00000000ffe68000,0x0000000100000000)
  to   space 2560K, 0% used [0x00000000ffb00000,0x00000000ffb00000,0x00000000ffd80000)
 ParOldGen       total 114688K, used 44890K [0x00000000f4800000, 0x00000000fb800000, 0x00000000fb800000)
  object space 114688K, 39% used [0x00000000f4800000,0x00000000f73d6870,0x00000000fb800000)
 Metaspace       used 75177K, capacity 79298K, committed 80000K, reserved 1118208K
  class space    used 9477K, capacity 10198K, committed 10368K, reserved 1048576K
2024-06-11T21:29:51.593+0800: 3050.807: [GC (Allocation Failure) [PSYoungGen: 69536K->928K(71168K)] 114426K->45898K(185856K), 0.0048229 secs] [Times: user=0.01 sys=0.00, real=0.00 secs] 
Heap after GC invocations=719 (full 2):
 PSYoungGen      total 71168K, used 928K [0x00000000fb800000, 0x0000000100000000, 0x0000000100000000)
  eden space 68608K, 0% used [0x00000000fb800000,0x00000000fb800000,0x00000000ffb00000)
  from space 2560K, 36% used [0x00000000ffb00000,0x00000000ffbe8000,0x00000000ffd80000)
  to   space 2048K, 0% used [0x00000000ffe00000,0x00000000ffe00000,0x0000000100000000)
 ParOldGen       total 114688K, used 44970K [0x00000000f4800000, 0x00000000fb800000, 0x00000000fb800000)
  object space 114688K, 39% used [0x00000000f4800000,0x00000000f73ea870,0x00000000fb800000)
 Metaspace       used 75177K, capacity 79298K, committed 80000K, reserved 1118208K
  class space    used 9477K, capacity 10198K, committed 10368K, reserved 1048576K
}
{Heap before GC invocations=720 (full 2):
 PSYoungGen      total 71168K, used 69536K [0x00000000fb800000, 0x0000000100000000, 0x0000000100000000)
  eden space 68608K, 100% used [0x00000000fb800000,0x00000000ffb00000,0x00000000ffb00000)
  from space 2560K, 36% used [0x00000000ffb00000,0x00000000ffbe8000,0x00000000ffd80000)
  to   space 2048K, 0% used [0x00000000ffe00000,0x00000000ffe00000,0x0000000100000000)
 ParOldGen       total 114688K, used 44970K [0x00000000f4800000, 0x00000000fb800000, 0x00000000fb800000)
  object space 114688K, 39% used [0x00000000f4800000,0x00000000f73ea870,0x00000000fb800000)
 Metaspace       used 75177K, capacity 79298K, committed 80000K, reserved 1118208K
  class space    used 9477K, capacity 10198K, committed 10368K, reserved 1048576K
2024-06-11T21:29:55.929+0800: 3055.143: [GC (Allocation Failure) [PSYoungGen: 69536K->896K(71680K)] 114506K->45946K(186368K), 0.0048257 secs] [Times: user=0.01 sys=0.00, real=0.01 secs] 
Heap after GC invocations=720 (full 2):
 PSYoungGen      total 71680K, used 896K [0x00000000fb800000, 0x0000000100000000, 0x0000000100000000)
  eden space 69632K, 0% used [0x00000000fb800000,0x00000000fb800000,0x00000000ffc00000)
  from space 2048K, 43% used [0x00000000ffe00000,0x00000000ffee0000,0x0000000100000000)
  to   space 2048K, 0% used [0x00000000ffc00000,0x00000000ffc00000,0x00000000ffe00000)
 ParOldGen       total 114688K, used 45050K [0x00000000f4800000, 0x00000000fb800000, 0x00000000fb800000)
  object space 114688K, 39% used [0x00000000f4800000,0x00000000f73fe870,0x00000000fb800000)
 Metaspace       used 75177K, capacity 79298K, committed 80000K, reserved 1118208K
  class space    used 9477K, capacity 10198K, committed 10368K, reserved 1048576K
}
{Heap before GC invocations=721 (full 2):
 PSYoungGen      total 71680K, used 70528K [0x00000000fb800000, 0x0000000100000000, 0x0000000100000000)
  eden space 69632K, 100% used [0x00000000fb800000,0x00000000ffc00000,0x00000000ffc00000)
  from space 2048K, 43% used [0x00000000ffe00000,0x00000000ffee0000,0x0000000100000000)
  to   space 2048K, 0% used [0x00000000ffc00000,0x00000000ffc00000,0x00000000ffe00000)
 ParOldGen       total 114688K, used 45050K [0x00000000f4800000, 0x00000000fb800000, 0x00000000fb800000)
  object space 114688K, 39% used [0x00000000f4800000,0x00000000f73fe870,0x00000000fb800000)
 Metaspace       used 75177K, capacity 79298K, committed 80000K, reserved 1118208K
  class space    used 9477K, capacity 10198K, committed 10368K, reserved 1048576K
2024-06-11T21:30:00.288+0800: 3059.502: [GC (Allocation Failure) [PSYoungGen: 70528K->928K(71680K)] 115578K->46058K(186368K), 0.0049423 secs] [Times: user=0.01 sys=0.00, real=0.01 secs] 
Heap after GC invocations=721 (full 2):
 PSYoungGen      total 71680K, used 928K [0x00000000fb800000, 0x0000000100000000, 0x0000000100000000)
  eden space 69632K, 0% used [0x00000000fb800000,0x00000000fb800000,0x00000000ffc00000)
  from space 2048K, 45% used [0x00000000ffc00000,0x00000000ffce8000,0x00000000ffe00000)
  to   space 2048K, 0% used [0x00000000ffe00000,0x00000000ffe00000,0x0000000100000000)
 ParOldGen       total 114688K, used 45130K [0x00000000f4800000, 0x00000000fb800000, 0x00000000fb800000)
  object space 114688K, 39% used [0x00000000f4800000,0x00000000f7412870,0x00000000fb800000)
 Metaspace       used 75177K, capacity 79298K, committed 80000K, reserved 1118208K
  class space    used 9477K, capacity 10198K, committed 10368K, reserved 1048576K
}
{Heap before GC invocations=722 (full 2):
 PSYoungGen      total 71680K, used 70560K [0x00000000fb800000, 0x0000000100000000, 0x0000000100000000)
  eden space 69632K, 100% used [0x00000000fb800000,0x00000000ffc00000,0x00000000ffc00000)
  from space 2048K, 45% used [0x00000000ffc00000,0x00000000ffce8000,0x00000000ffe00000)
  to   space 2048K, 0% used [0x00000000ffe00000,0x00000000ffe00000,0x0000000100000000)
 ParOldGen       total 114688K, used 45130K [0x00000000f4800000, 0x00000000fb800000, 0x00000000fb800000)
  object space 114688K, 39% used [0x00000000f4800000,0x00000000f7412870,0x00000000fb800000)
 Metaspace       used 75177K, capacity 79298K, committed 80000K, reserved 1118208K
  class space    used 9477K, capacity 10198K, committed 10368K, reserved 1048576K
2024-06-11T21:30:04.704+0800: 3063.917: [GC (Allocation Failure) [PSYoungGen: 70560K->928K(71680K)] 115690K->46146K(186368K), 0.0049038 secs] [Times: user=0.00 sys=0.00, real=0.00 secs] 
Heap after GC invocations=722 (full 2):
 PSYoungGen      total 71680K, used 928K [0x00000000fb800000, 0x0000000100000000, 0x0000000100000000)
  eden space 69632K, 0% used [0x00000000fb800000,0x00000000fb800000,0x00000000ffc00000)
  from space 2048K, 45% used [0x00000000ffe00000,0x00000000ffee8000,0x0000000100000000)
  to   space 2048K, 0% used [0x00000000ffc00000,0x00000000ffc00000,0x00000000ffe00000)
 ParOldGen       total 114688K, used 45218K [0x00000000f4800000, 0x00000000fb800000, 0x00000000fb800000)
  object space 114688K, 39% used [0x00000000f4800000,0x00000000f7428870,0x00000000fb800000)
 Metaspace       used 75177K, capacity 79298K, committed 80000K, reserved 1118208K
  class space    used 9477K, capacity 10198K, committed 10368K, reserved 1048576K
}
{Heap before GC invocations=723 (full 2):
 PSYoungGen      total 71680K, used 70560K [0x00000000fb800000, 0x0000000100000000, 0x0000000100000000)
  eden space 69632K, 100% used [0x00000000fb800000,0x00000000ffc00000,0x00000000ffc00000)
  from space 2048K, 45% used [0x00000000ffe00000,0x00000000ffee8000,0x0000000100000000)
  to   space 2048K, 0% used [0x00000000ffc00000,0x00000000ffc00000,0x00000000ffe00000)
 ParOldGen       total 114688K, used 45218K [0x00000000f4800000, 0x00000000fb800000, 0x00000000fb800000)
  object space 114688K, 39% used [0x00000000f4800000,0x00000000f7428870,0x00000000fb800000)
 Metaspace       used 75178K, capacity 79298K, committed 80000K, reserved 1118208K
  class space    used 9477K, capacity 10198K, committed 10368K, reserved 1048576K
2024-06-11T21:30:09.014+0800: 3068.227: [GC (Allocation Failure) [PSYoungGen: 70560K->928K(71680K)] 115778K->46226K(186368K), 0.0063152 secs] [Times: user=0.00 sys=0.00, real=0.00 secs] 
Heap after GC invocations=723 (full 2):
 PSYoungGen      total 71680K, used 928K [0x00000000fb800000, 0x0000000100000000, 0x0000000100000000)
  eden space 69632K, 0% used [0x00000000fb800000,0x00000000fb800000,0x00000000ffc00000)
  from space 2048K, 45% used [0x00000000ffc00000,0x00000000ffce8000,0x00000000ffe00000)
  to   space 2048K, 0% used [0x00000000ffe00000,0x00000000ffe00000,0x0000000100000000)
 ParOldGen       total 114688K, used 45298K [0x00000000f4800000, 0x00000000fb800000, 0x00000000fb800000)
  object space 114688K, 39% used [0x00000000f4800000,0x00000000f743c870,0x00000000fb800000)
 Metaspace       used 75178K, capacity 79298K, committed 80000K, reserved 1118208K
  class space    used 9477K, capacity 10198K, committed 10368K, reserved 1048576K
}
{Heap before GC invocations=724 (full 2):
 PSYoungGen      total 71680K, used 70560K [0x00000000fb800000, 0x0000000100000000, 0x0000000100000000)
  eden space 69632K, 100% used [0x00000000fb800000,0x00000000ffc00000,0x00000000ffc00000)
  from space 2048K, 45% used [0x00000000ffc00000,0x00000000ffce8000,0x00000000ffe00000)
  to   space 2048K, 0% used [0x00000000ffe00000,0x00000000ffe00000,0x0000000100000000)
 ParOldGen       total 114688K, used 45298K [0x00000000f4800000, 0x00000000fb800000, 0x00000000fb800000)
  object space 114688K, 39% used [0x00000000f4800000,0x00000000f743c870,0x00000000fb800000)
 Metaspace       used 75178K, capacity 79298K, committed 80000K, reserved 1118208K
  class space    used 9477K, capacity 10198K, committed 10368K, reserved 1048576K
2024-06-11T21:30:13.412+0800: 3072.625: [GC (Allocation Failure) [PSYoungGen: 70560K->896K(71680K)] 115858K->46274K(186368K), 0.0048877 secs] [Times: user=0.00 sys=0.00, real=0.00 secs] 
Heap after GC invocations=724 (full 2):
 PSYoungGen      total 71680K, used 896K [0x00000000fb800000, 0x0000000100000000, 0x0000000100000000)
  eden space 69632K, 0% used [0x00000000fb800000,0x00000000fb800000,0x00000000ffc00000)
  from space 2048K, 43% used [0x00000000ffe00000,0x00000000ffee0000,0x0000000100000000)
  to   space 2048K, 0% used [0x00000000ffc00000,0x00000000ffc00000,0x00000000ffe00000)
 ParOldGen       total 114688K, used 45378K [0x00000000f4800000, 0x00000000fb800000, 0x00000000fb800000)
  object space 114688K, 39% used [0x00000000f4800000,0x00000000f7450870,0x00000000fb800000)
 Metaspace       used 75178K, capacity 79298K, committed 80000K, reserved 1118208K
  class space    used 9477K, capacity 10198K, committed 10368K, reserved 1048576K
}
{Heap before GC invocations=725 (full 2):
 PSYoungGen      total 71680K, used 70528K [0x00000000fb800000, 0x0000000100000000, 0x0000000100000000)
  eden space 69632K, 100% used [0x00000000fb800000,0x00000000ffc00000,0x00000000ffc00000)
  from space 2048K, 43% used [0x00000000ffe00000,0x00000000ffee0000,0x0000000100000000)
  to   space 2048K, 0% used [0x00000000ffc00000,0x00000000ffc00000,0x00000000ffe00000)
 ParOldGen       total 114688K, used 45378K [0x00000000f4800000, 0x00000000fb800000, 0x00000000fb800000)
  object space 114688K, 39% used [0x00000000f4800000,0x00000000f7450870,0x00000000fb800000)
 Metaspace       used 75178K, capacity 79298K, committed 80000K, reserved 1118208K
  class space    used 9477K, capacity 10198K, committed 10368K, reserved 1048576K
2024-06-11T21:30:17.581+0800: 3076.794: [GC (Allocation Failure) [PSYoungGen: 70528K->928K(71680K)] 115906K->46386K(186368K), 0.0047802 secs] [Times: user=0.00 sys=0.00, real=0.00 secs] 
Heap after GC invocations=725 (full 2):
 PSYoungGen      total 71680K, used 928K [0x00000000fb800000, 0x0000000100000000, 0x0000000100000000)
  eden space 69632K, 0% used [0x00000000fb800000,0x00000000fb800000,0x00000000ffc00000)
  from space 2048K, 45% used [0x00000000ffc00000,0x00000000ffce8000,0x00000000ffe00000)
  to   space 2048K, 0% used [0x00000000ffe00000,0x00000000ffe00000,0x0000000100000000)
 ParOldGen       total 114688K, used 45458K [0x00000000f4800000, 0x00000000fb800000, 0x00000000fb800000)
  object space 114688K, 39% used [0x00000000f4800000,0x00000000f7464870,0x00000000fb800000)
 Metaspace       used 75178K, capacity 79298K, committed 80000K, reserved 1118208K
  class space    used 9477K, capacity 10198K, committed 10368K, reserved 1048576K
}
{Heap before GC invocations=726 (full 2):
 PSYoungGen      total 71680K, used 70560K [0x00000000fb800000, 0x0000000100000000, 0x0000000100000000)
  eden space 69632K, 100% used [0x00000000fb800000,0x00000000ffc00000,0x00000000ffc00000)
  from space 2048K, 45% used [0x00000000ffc00000,0x00000000ffce8000,0x00000000ffe00000)
  to   space 2048K, 0% used [0x00000000ffe00000,0x00000000ffe00000,0x0000000100000000)
 ParOldGen       total 114688K, used 45458K [0x00000000f4800000, 0x00000000fb800000, 0x00000000fb800000)
  object space 114688K, 39% used [0x00000000f4800000,0x00000000f7464870,0x00000000fb800000)
 Metaspace       used 75178K, capacity 79298K, committed 80000K, reserved 1118208K
  class space    used 9477K, capacity 10198K, committed 10368K, reserved 1048576K
2024-06-11T21:30:22.003+0800: 3081.217: [GC (Allocation Failure) [PSYoungGen: 70560K->1856K(71680K)] 116018K->47394K(186368K), 0.0068665 secs] [Times: user=0.01 sys=0.00, real=0.00 secs] 
Heap after GC invocations=726 (full 2):
 PSYoungGen      total 71680K, used 1856K [0x00000000fb800000, 0x0000000100000000, 0x0000000100000000)
  eden space 69632K, 0% used [0x00000000fb800000,0x00000000fb800000,0x00000000ffc00000)
  from space 2048K, 90% used [0x00000000ffe00000,0x00000000fffd0000,0x0000000100000000)
  to   space 2048K, 0% used [0x00000000ffc00000,0x00000000ffc00000,0x00000000ffe00000)
 ParOldGen       total 114688K, used 45538K [0x00000000f4800000, 0x00000000fb800000, 0x00000000fb800000)
  object space 114688K, 39% used [0x00000000f4800000,0x00000000f7478870,0x00000000fb800000)
 Metaspace       used 75178K, capacity 79298K, committed 80000K, reserved 1118208K
  class space    used 9477K, capacity 10198K, committed 10368K, reserved 1048576K
}
{Heap before GC invocations=727 (full 2):
 PSYoungGen      total 71680K, used 71488K [0x00000000fb800000, 0x0000000100000000, 0x0000000100000000)
  eden space 69632K, 100% used [0x00000000fb800000,0x00000000ffc00000,0x00000000ffc00000)
  from space 2048K, 90% used [0x00000000ffe00000,0x00000000fffd0000,0x0000000100000000)
  to   space 2048K, 0% used [0x00000000ffc00000,0x00000000ffc00000,0x00000000ffe00000)
 ParOldGen       total 114688K, used 45538K [0x00000000f4800000, 0x00000000fb800000, 0x00000000fb800000)
  object space 114688K, 39% used [0x00000000f4800000,0x00000000f7478870,0x00000000fb800000)
 Metaspace       used 75178K, capacity 79298K, committed 80000K, reserved 1118208K
  class space    used 9477K, capacity 10198K, committed 10368K, reserved 1048576K
2024-06-11T21:30:26.289+0800: 3085.502: [GC (Allocation Failure) [PSYoungGen: 71488K->1568K(71680K)] 117026K->48258K(186368K), 0.0064898 secs] [Times: user=0.01 sys=0.00, real=0.01 secs] 
Heap after GC invocations=727 (full 2):
 PSYoungGen      total 71680K, used 1568K [0x00000000fb800000, 0x0000000100000000, 0x0000000100000000)
  eden space 69632K, 0% used [0x00000000fb800000,0x00000000fb800000,0x00000000ffc00000)
  from space 2048K, 76% used [0x00000000ffc00000,0x00000000ffd88000,0x00000000ffe00000)
  to   space 2048K, 0% used [0x00000000ffe00000,0x00000000ffe00000,0x0000000100000000)
 ParOldGen       total 114688K, used 46690K [0x00000000f4800000, 0x00000000fb800000, 0x00000000fb800000)
  object space 114688K, 40% used [0x00000000f4800000,0x00000000f7598870,0x00000000fb800000)
 Metaspace       used 75178K, capacity 79298K, committed 80000K, reserved 1118208K
  class space    used 9477K, capacity 10198K, committed 10368K, reserved 1048576K
}
{Heap before GC invocations=728 (full 2):
 PSYoungGen      total 71680K, used 71200K [0x00000000fb800000, 0x0000000100000000, 0x0000000100000000)
  eden space 69632K, 100% used [0x00000000fb800000,0x00000000ffc00000,0x00000000ffc00000)
  from space 2048K, 76% used [0x00000000ffc00000,0x00000000ffd88000,0x00000000ffe00000)
  to   space 2048K, 0% used [0x00000000ffe00000,0x00000000ffe00000,0x0000000100000000)
 ParOldGen       total 114688K, used 46690K [0x00000000f4800000, 0x00000000fb800000, 0x00000000fb800000)
  object space 114688K, 40% used [0x00000000f4800000,0x00000000f7598870,0x00000000fb800000)
 Metaspace       used 75178K, capacity 79298K, committed 80000K, reserved 1118208K
  class space    used 9477K, capacity 10198K, committed 10368K, reserved 1048576K
2024-06-11T21:30:30.629+0800: 3089.842: [GC (Allocation Failure) [PSYoungGen: 71200K->960K(71680K)] 117890K->48466K(186368K), 0.0053937 secs] [Times: user=0.01 sys=0.00, real=0.01 secs] 
Heap after GC invocations=728 (full 2):
 PSYoungGen      total 71680K, used 960K [0x00000000fb800000, 0x0000000100000000, 0x0000000100000000)
  eden space 69632K, 0% used [0x00000000fb800000,0x00000000fb800000,0x00000000ffc00000)
  from space 2048K, 46% used [0x00000000ffe00000,0x00000000ffef0000,0x0000000100000000)
  to   space 2048K, 0% used [0x00000000ffc00000,0x00000000ffc00000,0x00000000ffe00000)
 ParOldGen       total 114688K, used 47506K [0x00000000f4800000, 0x00000000fb800000, 0x00000000fb800000)
  object space 114688K, 41% used [0x00000000f4800000,0x00000000f7664870,0x00000000fb800000)
 Metaspace       used 75178K, capacity 79298K, committed 80000K, reserved 1118208K
  class space    used 9477K, capacity 10198K, committed 10368K, reserved 1048576K
}
{Heap before GC invocations=729 (full 2):
 PSYoungGen      total 71680K, used 70592K [0x00000000fb800000, 0x0000000100000000, 0x0000000100000000)
  eden space 69632K, 100% used [0x00000000fb800000,0x00000000ffc00000,0x00000000ffc00000)
  from space 2048K, 46% used [0x00000000ffe00000,0x00000000ffef0000,0x0000000100000000)
  to   space 2048K, 0% used [0x00000000ffc00000,0x00000000ffc00000,0x00000000ffe00000)
 ParOldGen       total 114688K, used 47506K [0x00000000f4800000, 0x00000000fb800000, 0x00000000fb800000)
  object space 114688K, 41% used [0x00000000f4800000,0x00000000f7664870,0x00000000fb800000)
 Metaspace       used 75178K, capacity 79298K, committed 80000K, reserved 1118208K
  class space    used 9477K, capacity 10198K, committed 10368K, reserved 1048576K
2024-06-11T21:30:34.910+0800: 3094.123: [GC (Allocation Failure) [PSYoungGen: 70592K->928K(71680K)] 118098K->48514K(186368K), 0.0051942 secs] [Times: user=0.01 sys=0.00, real=0.01 secs] 
Heap after GC invocations=729 (full 2):
 PSYoungGen      total 71680K, used 928K [0x00000000fb800000, 0x0000000100000000, 0x0000000100000000)
  eden space 69632K, 0% used [0x00000000fb800000,0x00000000fb800000,0x00000000ffc00000)
  from space 2048K, 45% used [0x00000000ffc00000,0x00000000ffce8000,0x00000000ffe00000)
  to   space 2048K, 0% used [0x00000000ffe00000,0x00000000ffe00000,0x0000000100000000)
 ParOldGen       total 114688K, used 47586K [0x00000000f4800000, 0x00000000fb800000, 0x00000000fb800000)
  object space 114688K, 41% used [0x00000000f4800000,0x00000000f7678870,0x00000000fb800000)
 Metaspace       used 75178K, capacity 79298K, committed 80000K, reserved 1118208K
  class space    used 9477K, capacity 10198K, committed 10368K, reserved 1048576K
}
{Heap before GC invocations=730 (full 2):
 PSYoungGen      total 71680K, used 70560K [0x00000000fb800000, 0x0000000100000000, 0x0000000100000000)
  eden space 69632K, 100% used [0x00000000fb800000,0x00000000ffc00000,0x00000000ffc00000)
  from space 2048K, 45% used [0x00000000ffc00000,0x00000000ffce8000,0x00000000ffe00000)
  to   space 2048K, 0% used [0x00000000ffe00000,0x00000000ffe00000,0x0000000100000000)
 ParOldGen       total 114688K, used 47586K [0x00000000f4800000, 0x00000000fb800000, 0x00000000fb800000)
  object space 114688K, 41% used [0x00000000f4800000,0x00000000f7678870,0x00000000fb800000)
 Metaspace       used 75178K, capacity 79298K, committed 80000K, reserved 1118208K
  class space    used 9477K, capacity 10198K, committed 10368K, reserved 1048576K
2024-06-11T21:30:39.410+0800: 3098.623: [GC (Allocation Failure) [PSYoungGen: 70560K->928K(71680K)] 118146K->48594K(186368K), 0.0074142 secs] [Times: user=0.01 sys=0.00, real=0.01 secs] 
Heap after GC invocations=730 (full 2):
 PSYoungGen      total 71680K, used 928K [0x00000000fb800000, 0x0000000100000000, 0x0000000100000000)
  eden space 69632K, 0% used [0x00000000fb800000,0x00000000fb800000,0x00000000ffc00000)
  from space 2048K, 45% used [0x00000000ffe00000,0x00000000ffee8000,0x0000000100000000)
  to   space 2048K, 0% used [0x00000000ffc00000,0x00000000ffc00000,0x00000000ffe00000)
 ParOldGen       total 114688K, used 47666K [0x00000000f4800000, 0x00000000fb800000, 0x00000000fb800000)
  object space 114688K, 41% used [0x00000000f4800000,0x00000000f768c870,0x00000000fb800000)
 Metaspace       used 75178K, capacity 79298K, committed 80000K, reserved 1118208K
  class space    used 9477K, capacity 10198K, committed 10368K, reserved 1048576K
}
{Heap before GC invocations=731 (full 2):
 PSYoungGen      total 71680K, used 70560K [0x00000000fb800000, 0x0000000100000000, 0x0000000100000000)
  eden space 69632K, 100% used [0x00000000fb800000,0x00000000ffc00000,0x00000000ffc00000)
  from space 2048K, 45% used [0x00000000ffe00000,0x00000000ffee8000,0x0000000100000000)
  to   space 2048K, 0% used [0x00000000ffc00000,0x00000000ffc00000,0x00000000ffe00000)
 ParOldGen       total 114688K, used 47666K [0x00000000f4800000, 0x00000000fb800000, 0x00000000fb800000)
  object space 114688K, 41% used [0x00000000f4800000,0x00000000f768c870,0x00000000fb800000)
 Metaspace       used 75178K, capacity 79298K, committed 80000K, reserved 1118208K
  class space    used 9477K, capacity 10198K, committed 10368K, reserved 1048576K
2024-06-11T21:30:43.644+0800: 3102.857: [GC (Allocation Failure) [PSYoungGen: 70560K->896K(71680K)] 118226K->48650K(186368K), 0.0048336 secs] [Times: user=0.01 sys=0.00, real=0.00 secs] 
Heap after GC invocations=731 (full 2):
 PSYoungGen      total 71680K, used 896K [0x00000000fb800000, 0x0000000100000000, 0x0000000100000000)
  eden space 69632K, 0% used [0x00000000fb800000,0x00000000fb800000,0x00000000ffc00000)
  from space 2048K, 43% used [0x00000000ffc00000,0x00000000ffce0000,0x00000000ffe00000)
  to   space 2048K, 0% used [0x00000000ffe00000,0x00000000ffe00000,0x0000000100000000)
 ParOldGen       total 114688K, used 47754K [0x00000000f4800000, 0x00000000fb800000, 0x00000000fb800000)
  object space 114688K, 41% used [0x00000000f4800000,0x00000000f76a2870,0x00000000fb800000)
 Metaspace       used 75178K, capacity 79298K, committed 80000K, reserved 1118208K
  class space    used 9477K, capacity 10198K, committed 10368K, reserved 1048576K
}
{Heap before GC invocations=732 (full 2):
 PSYoungGen      total 71680K, used 70528K [0x00000000fb800000, 0x0000000100000000, 0x0000000100000000)
  eden space 69632K, 100% used [0x00000000fb800000,0x00000000ffc00000,0x00000000ffc00000)
  from space 2048K, 43% used [0x00000000ffc00000,0x00000000ffce0000,0x00000000ffe00000)
  to   space 2048K, 0% used [0x00000000ffe00000,0x00000000ffe00000,0x0000000100000000)
 ParOldGen       total 114688K, used 47754K [0x00000000f4800000, 0x00000000fb800000, 0x00000000fb800000)
  object space 114688K, 41% used [0x00000000f4800000,0x00000000f76a2870,0x00000000fb800000)
 Metaspace       used 75178K, capacity 79298K, committed 80000K, reserved 1118208K
  class space    used 9477K, capacity 10198K, committed 10368K, reserved 1048576K
2024-06-11T21:30:47.946+0800: 3107.159: [GC (Allocation Failure) [PSYoungGen: 70528K->928K(71680K)] 118282K->48762K(186368K), 0.0048253 secs] [Times: user=0.00 sys=0.00, real=0.01 secs] 
Heap after GC invocations=732 (full 2):
 PSYoungGen      total 71680K, used 928K [0x00000000fb800000, 0x0000000100000000, 0x0000000100000000)
  eden space 69632K, 0% used [0x00000000fb800000,0x00000000fb800000,0x00000000ffc00000)
  from space 2048K, 45% used [0x00000000ffe00000,0x00000000ffee8000,0x0000000100000000)
  to   space 2048K, 0% used [0x00000000ffc00000,0x00000000ffc00000,0x00000000ffe00000)
 ParOldGen       total 114688K, used 47834K [0x00000000f4800000, 0x00000000fb800000, 0x00000000fb800000)
  object space 114688K, 41% used [0x00000000f4800000,0x00000000f76b6870,0x00000000fb800000)
 Metaspace       used 75178K, capacity 79298K, committed 80000K, reserved 1118208K
  class space    used 9477K, capacity 10198K, committed 10368K, reserved 1048576K
}
{Heap before GC invocations=733 (full 2):
 PSYoungGen      total 71680K, used 70560K [0x00000000fb800000, 0x0000000100000000, 0x0000000100000000)
  eden space 69632K, 100% used [0x00000000fb800000,0x00000000ffc00000,0x00000000ffc00000)
  from space 2048K, 45% used [0x00000000ffe00000,0x00000000ffee8000,0x0000000100000000)
  to   space 2048K, 0% used [0x00000000ffc00000,0x00000000ffc00000,0x00000000ffe00000)
 ParOldGen       total 114688K, used 47834K [0x00000000f4800000, 0x00000000fb800000, 0x00000000fb800000)
  object space 114688K, 41% used [0x00000000f4800000,0x00000000f76b6870,0x00000000fb800000)
 Metaspace       used 75178K, capacity 79298K, committed 80000K, reserved 1118208K
  class space    used 9477K, capacity 10198K, committed 10368K, reserved 1048576K
2024-06-11T21:30:52.269+0800: 3111.482: [GC (Allocation Failure) [PSYoungGen: 70560K->928K(71680K)] 118394K->48842K(186368K), 0.0056891 secs] [Times: user=0.01 sys=0.00, real=0.01 secs] 
Heap after GC invocations=733 (full 2):
 PSYoungGen      total 71680K, used 928K [0x00000000fb800000, 0x0000000100000000, 0x0000000100000000)
  eden space 69632K, 0% used [0x00000000fb800000,0x00000000fb800000,0x00000000ffc00000)
  from space 2048K, 45% used [0x00000000ffc00000,0x00000000ffce8000,0x00000000ffe00000)
  to   space 2048K, 0% used [0x00000000ffe00000,0x00000000ffe00000,0x0000000100000000)
 ParOldGen       total 114688K, used 47914K [0x00000000f4800000, 0x00000000fb800000, 0x00000000fb800000)
  object space 114688K, 41% used [0x00000000f4800000,0x00000000f76ca870,0x00000000fb800000)
 Metaspace       used 75178K, capacity 79298K, committed 80000K, reserved 1118208K
  class space    used 9477K, capacity 10198K, committed 10368K, reserved 1048576K
}
{Heap before GC invocations=734 (full 2):
 PSYoungGen      total 71680K, used 70560K [0x00000000fb800000, 0x0000000100000000, 0x0000000100000000)
  eden space 69632K, 100% used [0x00000000fb800000,0x00000000ffc00000,0x00000000ffc00000)
  from space 2048K, 45% used [0x00000000ffc00000,0x00000000ffce8000,0x00000000ffe00000)
  to   space 2048K, 0% used [0x00000000ffe00000,0x00000000ffe00000,0x0000000100000000)
 ParOldGen       total 114688K, used 47914K [0x00000000f4800000, 0x00000000fb800000, 0x00000000fb800000)
  object space 114688K, 41% used [0x00000000f4800000,0x00000000f76ca870,0x00000000fb800000)
 Metaspace       used 75179K, capacity 79302K, committed 80000K, reserved 1118208K
  class space    used 9477K, capacity 10198K, committed 10368K, reserved 1048576K
2024-06-11T21:30:56.782+0800: 3115.995: [GC (Allocation Failure) [PSYoungGen: 70560K->928K(71680K)] 118474K->48930K(186368K), 0.0076850 secs] [Times: user=0.01 sys=0.00, real=0.00 secs] 
Heap after GC invocations=734 (full 2):
 PSYoungGen      total 71680K, used 928K [0x00000000fb800000, 0x0000000100000000, 0x0000000100000000)
  eden space 69632K, 0% used [0x00000000fb800000,0x00000000fb800000,0x00000000ffc00000)
  from space 2048K, 45% used [0x00000000ffe00000,0x00000000ffee8000,0x0000000100000000)
  to   space 2048K, 0% used [0x00000000ffc00000,0x00000000ffc00000,0x00000000ffe00000)
 ParOldGen       total 114688K, used 48002K [0x00000000f4800000, 0x00000000fb800000, 0x00000000fb800000)
  object space 114688K, 41% used [0x00000000f4800000,0x00000000f76e0870,0x00000000fb800000)
 Metaspace       used 75179K, capacity 79302K, committed 80000K, reserved 1118208K
  class space    used 9477K, capacity 10198K, committed 10368K, reserved 1048576K
}
{Heap before GC invocations=735 (full 2):
 PSYoungGen      total 71680K, used 70560K [0x00000000fb800000, 0x0000000100000000, 0x0000000100000000)
  eden space 69632K, 100% used [0x00000000fb800000,0x00000000ffc00000,0x00000000ffc00000)
  from space 2048K, 45% used [0x00000000ffe00000,0x00000000ffee8000,0x0000000100000000)
  to   space 2048K, 0% used [0x00000000ffc00000,0x00000000ffc00000,0x00000000ffe00000)
 ParOldGen       total 114688K, used 48002K [0x00000000f4800000, 0x00000000fb800000, 0x00000000fb800000)
  object space 114688K, 41% used [0x00000000f4800000,0x00000000f76e0870,0x00000000fb800000)
 Metaspace       used 75179K, capacity 79302K, committed 80000K, reserved 1118208K
  class space    used 9477K, capacity 10198K, committed 10368K, reserved 1048576K
2024-06-11T21:31:01.111+0800: 3120.324: [GC (Allocation Failure) [PSYoungGen: 70560K->960K(71680K)] 118562K->49034K(186368K), 0.0060554 secs] [Times: user=0.00 sys=0.00, real=0.00 secs] 
Heap after GC invocations=735 (full 2):
 PSYoungGen      total 71680K, used 960K [0x00000000fb800000, 0x0000000100000000, 0x0000000100000000)
  eden space 69632K, 0% used [0x00000000fb800000,0x00000000fb800000,0x00000000ffc00000)
  from space 2048K, 46% used [0x00000000ffc00000,0x00000000ffcf0000,0x00000000ffe00000)
  to   space 2048K, 0% used [0x00000000ffe00000,0x00000000ffe00000,0x0000000100000000)
 ParOldGen       total 114688K, used 48074K [0x00000000f4800000, 0x00000000fb800000, 0x00000000fb800000)
  object space 114688K, 41% used [0x00000000f4800000,0x00000000f76f2870,0x00000000fb800000)
 Metaspace       used 75179K, capacity 79302K, committed 80000K, reserved 1118208K
  class space    used 9477K, capacity 10198K, committed 10368K, reserved 1048576K
}
{Heap before GC invocations=736 (full 2):
 PSYoungGen      total 71680K, used 70592K [0x00000000fb800000, 0x0000000100000000, 0x0000000100000000)
  eden space 69632K, 100% used [0x00000000fb800000,0x00000000ffc00000,0x00000000ffc00000)
  from space 2048K, 46% used [0x00000000ffc00000,0x00000000ffcf0000,0x00000000ffe00000)
  to   space 2048K, 0% used [0x00000000ffe00000,0x00000000ffe00000,0x0000000100000000)
 ParOldGen       total 114688K, used 48074K [0x00000000f4800000, 0x00000000fb800000, 0x00000000fb800000)
  object space 114688K, 41% used [0x00000000f4800000,0x00000000f76f2870,0x00000000fb800000)
 Metaspace       used 75179K, capacity 79302K, committed 80000K, reserved 1118208K
  class space    used 9477K, capacity 10198K, committed 10368K, reserved 1048576K
2024-06-11T21:31:05.209+0800: 3124.422: [GC (Allocation Failure) [PSYoungGen: 70592K->960K(71680K)] 118666K->49114K(186368K), 0.0046091 secs] [Times: user=0.01 sys=0.00, real=0.01 secs] 
Heap after GC invocations=736 (full 2):
 PSYoungGen      total 71680K, used 960K [0x00000000fb800000, 0x0000000100000000, 0x0000000100000000)
  eden space 69632K, 0% used [0x00000000fb800000,0x00000000fb800000,0x00000000ffc00000)
  from space 2048K, 46% used [0x00000000ffe00000,0x00000000ffef0000,0x0000000100000000)
  to   space 2048K, 0% used [0x00000000ffc00000,0x00000000ffc00000,0x00000000ffe00000)
 ParOldGen       total 114688K, used 48154K [0x00000000f4800000, 0x00000000fb800000, 0x00000000fb800000)
  object space 114688K, 41% used [0x00000000f4800000,0x00000000f7706870,0x00000000fb800000)
 Metaspace       used 75179K, capacity 79302K, committed 80000K, reserved 1118208K
  class space    used 9477K, capacity 10198K, committed 10368K, reserved 1048576K
}
{Heap before GC invocations=737 (full 2):
 PSYoungGen      total 71680K, used 70592K [0x00000000fb800000, 0x0000000100000000, 0x0000000100000000)
  eden space 69632K, 100% used [0x00000000fb800000,0x00000000ffc00000,0x00000000ffc00000)
  from space 2048K, 46% used [0x00000000ffe00000,0x00000000ffef0000,0x0000000100000000)
  to   space 2048K, 0% used [0x00000000ffc00000,0x00000000ffc00000,0x00000000ffe00000)
 ParOldGen       total 114688K, used 48154K [0x00000000f4800000, 0x00000000fb800000, 0x00000000fb800000)
  object space 114688K, 41% used [0x00000000f4800000,0x00000000f7706870,0x00000000fb800000)
 Metaspace       used 75181K, capacity 79302K, committed 80000K, reserved 1118208K
  class space    used 9477K, capacity 10198K, committed 10368K, reserved 1048576K
2024-06-11T21:31:09.563+0800: 3128.776: [GC (Allocation Failure) [PSYoungGen: 70592K->928K(71680K)] 118746K->49162K(186368K), 0.0046330 secs] [Times: user=0.01 sys=0.00, real=0.00 secs] 
Heap after GC invocations=737 (full 2):
 PSYoungGen      total 71680K, used 928K [0x00000000fb800000, 0x0000000100000000, 0x0000000100000000)
  eden space 69632K, 0% used [0x00000000fb800000,0x00000000fb800000,0x00000000ffc00000)
  from space 2048K, 45% used [0x00000000ffc00000,0x00000000ffce8000,0x00000000ffe00000)
  to   space 2048K, 0% used [0x00000000ffe00000,0x00000000ffe00000,0x0000000100000000)
 ParOldGen       total 114688K, used 48234K [0x00000000f4800000, 0x00000000fb800000, 0x00000000fb800000)
  object space 114688K, 42% used [0x00000000f4800000,0x00000000f771a870,0x00000000fb800000)
 Metaspace       used 75181K, capacity 79302K, committed 80000K, reserved 1118208K
  class space    used 9477K, capacity 10198K, committed 10368K, reserved 1048576K
}
{Heap before GC invocations=738 (full 2):
 PSYoungGen      total 71680K, used 70560K [0x00000000fb800000, 0x0000000100000000, 0x0000000100000000)
  eden space 69632K, 100% used [0x00000000fb800000,0x00000000ffc00000,0x00000000ffc00000)
  from space 2048K, 45% used [0x00000000ffc00000,0x00000000ffce8000,0x00000000ffe00000)
  to   space 2048K, 0% used [0x00000000ffe00000,0x00000000ffe00000,0x0000000100000000)
 ParOldGen       total 114688K, used 48234K [0x00000000f4800000, 0x00000000fb800000, 0x00000000fb800000)
  object space 114688K, 42% used [0x00000000f4800000,0x00000000f771a870,0x00000000fb800000)
 Metaspace       used 75181K, capacity 79302K, committed 80000K, reserved 1118208K
  class space    used 9477K, capacity 10198K, committed 10368K, reserved 1048576K
2024-06-11T21:31:13.863+0800: 3133.077: [GC (Allocation Failure) [PSYoungGen: 70560K->928K(72192K)] 118794K->49242K(186880K), 0.0046037 secs] [Times: user=0.01 sys=0.00, real=0.00 secs] 
Heap after GC invocations=738 (full 2):
 PSYoungGen      total 72192K, used 928K [0x00000000fb800000, 0x0000000100000000, 0x0000000100000000)
  eden space 70144K, 0% used [0x00000000fb800000,0x00000000fb800000,0x00000000ffc80000)
  from space 2048K, 45% used [0x00000000ffe00000,0x00000000ffee8000,0x0000000100000000)
  to   space 1536K, 0% used [0x00000000ffc80000,0x00000000ffc80000,0x00000000ffe00000)
 ParOldGen       total 114688K, used 48314K [0x00000000f4800000, 0x00000000fb800000, 0x00000000fb800000)
  object space 114688K, 42% used [0x00000000f4800000,0x00000000f772e870,0x00000000fb800000)
 Metaspace       used 75181K, capacity 79302K, committed 80000K, reserved 1118208K
  class space    used 9477K, capacity 10198K, committed 10368K, reserved 1048576K
}
{Heap before GC invocations=739 (full 2):
 PSYoungGen      total 72192K, used 71072K [0x00000000fb800000, 0x0000000100000000, 0x0000000100000000)
  eden space 70144K, 100% used [0x00000000fb800000,0x00000000ffc80000,0x00000000ffc80000)
  from space 2048K, 45% used [0x00000000ffe00000,0x00000000ffee8000,0x0000000100000000)
  to   space 1536K, 0% used [0x00000000ffc80000,0x00000000ffc80000,0x00000000ffe00000)
 ParOldGen       total 114688K, used 48314K [0x00000000f4800000, 0x00000000fb800000, 0x00000000fb800000)
  object space 114688K, 42% used [0x00000000f4800000,0x00000000f772e870,0x00000000fb800000)
 Metaspace       used 75181K, capacity 79302K, committed 80000K, reserved 1118208K
  class space    used 9477K, capacity 10198K, committed 10368K, reserved 1048576K
2024-06-11T21:31:18.252+0800: 3137.465: [GC (Allocation Failure) [PSYoungGen: 71072K->896K(71680K)] 119386K->49290K(186368K), 0.0048394 secs] [Times: user=0.00 sys=0.00, real=0.00 secs] 
Heap after GC invocations=739 (full 2):
 PSYoungGen      total 71680K, used 896K [0x00000000fb800000, 0x0000000100000000, 0x0000000100000000)
  eden space 70144K, 0% used [0x00000000fb800000,0x00000000fb800000,0x00000000ffc80000)
  from space 1536K, 58% used [0x00000000ffc80000,0x00000000ffd60000,0x00000000ffe00000)
  to   space 1536K, 0% used [0x00000000ffe80000,0x00000000ffe80000,0x0000000100000000)
 ParOldGen       total 114688K, used 48394K [0x00000000f4800000, 0x00000000fb800000, 0x00000000fb800000)
  object space 114688K, 42% used [0x00000000f4800000,0x00000000f7742870,0x00000000fb800000)
 Metaspace       used 75181K, capacity 79302K, committed 80000K, reserved 1118208K
  class space    used 9477K, capacity 10198K, committed 10368K, reserved 1048576K
}
{Heap before GC invocations=740 (full 2):
 PSYoungGen      total 71680K, used 71040K [0x00000000fb800000, 0x0000000100000000, 0x0000000100000000)
  eden space 70144K, 100% used [0x00000000fb800000,0x00000000ffc80000,0x00000000ffc80000)
  from space 1536K, 58% used [0x00000000ffc80000,0x00000000ffd60000,0x00000000ffe00000)
  to   space 1536K, 0% used [0x00000000ffe80000,0x00000000ffe80000,0x0000000100000000)
 ParOldGen       total 114688K, used 48394K [0x00000000f4800000, 0x00000000fb800000, 0x00000000fb800000)
  object space 114688K, 42% used [0x00000000f4800000,0x00000000f7742870,0x00000000fb800000)
 Metaspace       used 75181K, capacity 79302K, committed 80000K, reserved 1118208K
  class space    used 9477K, capacity 10198K, committed 10368K, reserved 1048576K
2024-06-11T21:31:22.590+0800: 3141.803: [GC (Allocation Failure) [PSYoungGen: 71040K->1536K(71168K)] 119434K->50594K(185856K), 0.0063752 secs] [Times: user=0.01 sys=0.00, real=0.01 secs] 
Heap after GC invocations=740 (full 2):
 PSYoungGen      total 71168K, used 1536K [0x00000000fb800000, 0x0000000100000000, 0x0000000100000000)
  eden space 69632K, 0% used [0x00000000fb800000,0x00000000fb800000,0x00000000ffc00000)
  from space 1536K, 100% used [0x00000000ffe80000,0x0000000100000000,0x0000000100000000)
  to   space 2048K, 0% used [0x00000000ffc00000,0x00000000ffc00000,0x00000000ffe00000)
 ParOldGen       total 114688K, used 49058K [0x00000000f4800000, 0x00000000fb800000, 0x00000000fb800000)
  object space 114688K, 42% used [0x00000000f4800000,0x00000000f77e8870,0x00000000fb800000)
 Metaspace       used 75181K, capacity 79302K, committed 80000K, reserved 1118208K
  class space    used 9477K, capacity 10198K, committed 10368K, reserved 1048576K
}
{Heap before GC invocations=741 (full 2):
 PSYoungGen      total 71168K, used 71168K [0x00000000fb800000, 0x0000000100000000, 0x0000000100000000)
  eden space 69632K, 100% used [0x00000000fb800000,0x00000000ffc00000,0x00000000ffc00000)
  from space 1536K, 100% used [0x00000000ffe80000,0x0000000100000000,0x0000000100000000)
  to   space 2048K, 0% used [0x00000000ffc00000,0x00000000ffc00000,0x00000000ffe00000)
 ParOldGen       total 114688K, used 49058K [0x00000000f4800000, 0x00000000fb800000, 0x00000000fb800000)
  object space 114688K, 42% used [0x00000000f4800000,0x00000000f77e8870,0x00000000fb800000)
 Metaspace       used 75181K, capacity 79302K, committed 80000K, reserved 1118208K
  class space    used 9477K, capacity 10198K, committed 10368K, reserved 1048576K
2024-06-11T21:31:27.533+0800: 3146.746: [GC (Allocation Failure) [PSYoungGen: 71168K->1856K(71680K)] 120226K->52418K(186368K), 0.0072020 secs] [Times: user=0.01 sys=0.00, real=0.00 secs] 
Heap after GC invocations=741 (full 2):
 PSYoungGen      total 71680K, used 1856K [0x00000000fb800000, 0x0000000100000000, 0x0000000100000000)
  eden space 69632K, 0% used [0x00000000fb800000,0x00000000fb800000,0x00000000ffc00000)
  from space 2048K, 90% used [0x00000000ffc00000,0x00000000ffdd0000,0x00000000ffe00000)
  to   space 2048K, 0% used [0x00000000ffe00000,0x00000000ffe00000,0x0000000100000000)
 ParOldGen       total 114688K, used 50562K [0x00000000f4800000, 0x00000000fb800000, 0x00000000fb800000)
  object space 114688K, 44% used [0x00000000f4800000,0x00000000f7960870,0x00000000fb800000)
 Metaspace       used 75181K, capacity 79302K, committed 80000K, reserved 1118208K
  class space    used 9477K, capacity 10198K, committed 10368K, reserved 1048576K
}
{Heap before GC invocations=742 (full 2):
 PSYoungGen      total 71680K, used 71488K [0x00000000fb800000, 0x0000000100000000, 0x0000000100000000)
  eden space 69632K, 100% used [0x00000000fb800000,0x00000000ffc00000,0x00000000ffc00000)
  from space 2048K, 90% used [0x00000000ffc00000,0x00000000ffdd0000,0x00000000ffe00000)
  to   space 2048K, 0% used [0x00000000ffe00000,0x00000000ffe00000,0x0000000100000000)
 ParOldGen       total 114688K, used 50562K [0x00000000f4800000, 0x00000000fb800000, 0x00000000fb800000)
  object space 114688K, 44% used [0x00000000f4800000,0x00000000f7960870,0x00000000fb800000)
 Metaspace       used 75181K, capacity 79302K, committed 80000K, reserved 1118208K
  class space    used 9477K, capacity 10198K, committed 10368K, reserved 1048576K
2024-06-11T21:31:31.822+0800: 3151.035: [GC (Allocation Failure) [PSYoungGen: 71488K->960K(71680K)] 122050K->52506K(186368K), 0.0065243 secs] [Times: user=0.01 sys=0.00, real=0.00 secs] 
Heap after GC invocations=742 (full 2):
 PSYoungGen      total 71680K, used 960K [0x00000000fb800000, 0x0000000100000000, 0x0000000100000000)
  eden space 69632K, 0% used [0x00000000fb800000,0x00000000fb800000,0x00000000ffc00000)
  from space 2048K, 46% used [0x00000000ffe00000,0x00000000ffef0000,0x0000000100000000)
  to   space 2048K, 0% used [0x00000000ffc00000,0x00000000ffc00000,0x00000000ffe00000)
 ParOldGen       total 114688K, used 51546K [0x00000000f4800000, 0x00000000fb800000, 0x00000000fb800000)
  object space 114688K, 44% used [0x00000000f4800000,0x00000000f7a56870,0x00000000fb800000)
 Metaspace       used 75181K, capacity 79302K, committed 80000K, reserved 1118208K
  class space    used 9477K, capacity 10198K, committed 10368K, reserved 1048576K
}
{Heap before GC invocations=743 (full 2):
 PSYoungGen      total 71680K, used 70592K [0x00000000fb800000, 0x0000000100000000, 0x0000000100000000)
  eden space 69632K, 100% used [0x00000000fb800000,0x00000000ffc00000,0x00000000ffc00000)
  from space 2048K, 46% used [0x00000000ffe00000,0x00000000ffef0000,0x0000000100000000)
  to   space 2048K, 0% used [0x00000000ffc00000,0x00000000ffc00000,0x00000000ffe00000)
 ParOldGen       total 114688K, used 51546K [0x00000000f4800000, 0x00000000fb800000, 0x00000000fb800000)
  object space 114688K, 44% used [0x00000000f4800000,0x00000000f7a56870,0x00000000fb800000)
 Metaspace       used 75181K, capacity 79302K, committed 80000K, reserved 1118208K
  class space    used 9477K, capacity 10198K, committed 10368K, reserved 1048576K
2024-06-11T21:31:35.973+0800: 3155.186: [GC (Allocation Failure) [PSYoungGen: 70592K->928K(71680K)] 122138K->52554K(186368K), 0.0060638 secs] [Times: user=0.01 sys=0.00, real=0.00 secs] 
Heap after GC invocations=743 (full 2):
 PSYoungGen      total 71680K, used 928K [0x00000000fb800000, 0x0000000100000000, 0x0000000100000000)
  eden space 69632K, 0% used [0x00000000fb800000,0x00000000fb800000,0x00000000ffc00000)
  from space 2048K, 45% used [0x00000000ffc00000,0x00000000ffce8000,0x00000000ffe00000)
  to   space 2048K, 0% used [0x00000000ffe00000,0x00000000ffe00000,0x0000000100000000)
 ParOldGen       total 114688K, used 51626K [0x00000000f4800000, 0x00000000fb800000, 0x00000000fb800000)
  object space 114688K, 45% used [0x00000000f4800000,0x00000000f7a6a870,0x00000000fb800000)
 Metaspace       used 75181K, capacity 79302K, committed 80000K, reserved 1118208K
  class space    used 9477K, capacity 10198K, committed 10368K, reserved 1048576K
}
{Heap before GC invocations=744 (full 2):
 PSYoungGen      total 71680K, used 70559K [0x00000000fb800000, 0x0000000100000000, 0x0000000100000000)
  eden space 69632K, 99% used [0x00000000fb800000,0x00000000ffbfffe0,0x00000000ffc00000)
  from space 2048K, 45% used [0x00000000ffc00000,0x00000000ffce8000,0x00000000ffe00000)
  to   space 2048K, 0% used [0x00000000ffe00000,0x00000000ffe00000,0x0000000100000000)
 ParOldGen       total 114688K, used 51626K [0x00000000f4800000, 0x00000000fb800000, 0x00000000fb800000)
  object space 114688K, 45% used [0x00000000f4800000,0x00000000f7a6a870,0x00000000fb800000)
 Metaspace       used 75181K, capacity 79302K, committed 80000K, reserved 1118208K
  class space    used 9477K, capacity 10198K, committed 10368K, reserved 1048576K
2024-06-11T21:31:40.274+0800: 3159.487: [GC (Allocation Failure) [PSYoungGen: 70559K->960K(71680K)] 122186K->52666K(186368K), 0.0047752 secs] [Times: user=0.01 sys=0.00, real=0.00 secs] 
Heap after GC invocations=744 (full 2):
 PSYoungGen      total 71680K, used 960K [0x00000000fb800000, 0x0000000100000000, 0x0000000100000000)
  eden space 69632K, 0% used [0x00000000fb800000,0x00000000fb800000,0x00000000ffc00000)
  from space 2048K, 46% used [0x00000000ffe00000,0x00000000ffef0000,0x0000000100000000)
  to   space 2048K, 0% used [0x00000000ffc00000,0x00000000ffc00000,0x00000000ffe00000)
 ParOldGen       total 114688K, used 51706K [0x00000000f4800000, 0x00000000fb800000, 0x00000000fb800000)
  object space 114688K, 45% used [0x00000000f4800000,0x00000000f7a7e870,0x00000000fb800000)
 Metaspace       used 75181K, capacity 79302K, committed 80000K, reserved 1118208K
  class space    used 9477K, capacity 10198K, committed 10368K, reserved 1048576K
}
{Heap before GC invocations=745 (full 2):
 PSYoungGen      total 71680K, used 70592K [0x00000000fb800000, 0x0000000100000000, 0x0000000100000000)
  eden space 69632K, 100% used [0x00000000fb800000,0x00000000ffc00000,0x00000000ffc00000)
  from space 2048K, 46% used [0x00000000ffe00000,0x00000000ffef0000,0x0000000100000000)
  to   space 2048K, 0% used [0x00000000ffc00000,0x00000000ffc00000,0x00000000ffe00000)
 ParOldGen       total 114688K, used 51706K [0x00000000f4800000, 0x00000000fb800000, 0x00000000fb800000)
  object space 114688K, 45% used [0x00000000f4800000,0x00000000f7a7e870,0x00000000fb800000)
 Metaspace       used 75181K, capacity 79302K, committed 80000K, reserved 1118208K
  class space    used 9477K, capacity 10198K, committed 10368K, reserved 1048576K
2024-06-11T21:31:44.611+0800: 3163.825: [GC (Allocation Failure) [PSYoungGen: 70592K->928K(71680K)] 122298K->52714K(186368K), 0.0047140 secs] [Times: user=0.01 sys=0.00, real=0.00 secs] 
Heap after GC invocations=745 (full 2):
 PSYoungGen      total 71680K, used 928K [0x00000000fb800000, 0x0000000100000000, 0x0000000100000000)
  eden space 69632K, 0% used [0x00000000fb800000,0x00000000fb800000,0x00000000ffc00000)
  from space 2048K, 45% used [0x00000000ffc00000,0x00000000ffce8000,0x00000000ffe00000)
  to   space 2048K, 0% used [0x00000000ffe00000,0x00000000ffe00000,0x0000000100000000)
 ParOldGen       total 114688K, used 51786K [0x00000000f4800000, 0x00000000fb800000, 0x00000000fb800000)
  object space 114688K, 45% used [0x00000000f4800000,0x00000000f7a92870,0x00000000fb800000)
 Metaspace       used 75181K, capacity 79302K, committed 80000K, reserved 1118208K
  class space    used 9477K, capacity 10198K, committed 10368K, reserved 1048576K
}
{Heap before GC invocations=746 (full 2):
 PSYoungGen      total 71680K, used 70560K [0x00000000fb800000, 0x0000000100000000, 0x0000000100000000)
  eden space 69632K, 100% used [0x00000000fb800000,0x00000000ffc00000,0x00000000ffc00000)
  from space 2048K, 45% used [0x00000000ffc00000,0x00000000ffce8000,0x00000000ffe00000)
  to   space 2048K, 0% used [0x00000000ffe00000,0x00000000ffe00000,0x0000000100000000)
 ParOldGen       total 114688K, used 51786K [0x00000000f4800000, 0x00000000fb800000, 0x00000000fb800000)
  object space 114688K, 45% used [0x00000000f4800000,0x00000000f7a92870,0x00000000fb800000)
 Metaspace       used 75181K, capacity 79302K, committed 80000K, reserved 1118208K
  class space    used 9477K, capacity 10198K, committed 10368K, reserved 1048576K
2024-06-11T21:31:49.198+0800: 3168.411: [GC (Allocation Failure) [PSYoungGen: 70560K->928K(71680K)] 122346K->52786K(186368K), 0.0048387 secs] [Times: user=0.01 sys=0.00, real=0.01 secs] 
Heap after GC invocations=746 (full 2):
 PSYoungGen      total 71680K, used 928K [0x00000000fb800000, 0x0000000100000000, 0x0000000100000000)
  eden space 69632K, 0% used [0x00000000fb800000,0x00000000fb800000,0x00000000ffc00000)
  from space 2048K, 45% used [0x00000000ffe00000,0x00000000ffee8000,0x0000000100000000)
  to   space 2048K, 0% used [0x00000000ffc00000,0x00000000ffc00000,0x00000000ffe00000)
 ParOldGen       total 114688K, used 51858K [0x00000000f4800000, 0x00000000fb800000, 0x00000000fb800000)
  object space 114688K, 45% used [0x00000000f4800000,0x00000000f7aa4870,0x00000000fb800000)
 Metaspace       used 75181K, capacity 79302K, committed 80000K, reserved 1118208K
  class space    used 9477K, capacity 10198K, committed 10368K, reserved 1048576K
}
{Heap before GC invocations=747 (full 2):
 PSYoungGen      total 71680K, used 70560K [0x00000000fb800000, 0x0000000100000000, 0x0000000100000000)
  eden space 69632K, 100% used [0x00000000fb800000,0x00000000ffc00000,0x00000000ffc00000)
  from space 2048K, 45% used [0x00000000ffe00000,0x00000000ffee8000,0x0000000100000000)
  to   space 2048K, 0% used [0x00000000ffc00000,0x00000000ffc00000,0x00000000ffe00000)
 ParOldGen       total 114688K, used 51858K [0x00000000f4800000, 0x00000000fb800000, 0x00000000fb800000)
  object space 114688K, 45% used [0x00000000f4800000,0x00000000f7aa4870,0x00000000fb800000)
 Metaspace       used 75183K, capacity 79302K, committed 80000K, reserved 1118208K
  class space    used 9477K, capacity 10198K, committed 10368K, reserved 1048576K
2024-06-11T21:31:53.711+0800: 3172.924: [GC (Allocation Failure) [PSYoungGen: 70560K->1390K(71680K)] 122418K->53336K(186368K), 0.0051479 secs] [Times: user=0.00 sys=0.00, real=0.00 secs] 
Heap after GC invocations=747 (full 2):
 PSYoungGen      total 71680K, used 1390K [0x00000000fb800000, 0x0000000100000000, 0x0000000100000000)
  eden space 69632K, 0% used [0x00000000fb800000,0x00000000fb800000,0x00000000ffc00000)
  from space 2048K, 67% used [0x00000000ffc00000,0x00000000ffd5b850,0x00000000ffe00000)
  to   space 2048K, 0% used [0x00000000ffe00000,0x00000000ffe00000,0x0000000100000000)
 ParOldGen       total 114688K, used 51946K [0x00000000f4800000, 0x00000000fb800000, 0x00000000fb800000)
  object space 114688K, 45% used [0x00000000f4800000,0x00000000f7aba870,0x00000000fb800000)
 Metaspace       used 75183K, capacity 79302K, committed 80000K, reserved 1118208K
  class space    used 9477K, capacity 10198K, committed 10368K, reserved 1048576K
}
{Heap before GC invocations=748 (full 2):
 PSYoungGen      total 71680K, used 71022K [0x00000000fb800000, 0x0000000100000000, 0x0000000100000000)
  eden space 69632K, 100% used [0x00000000fb800000,0x00000000ffc00000,0x00000000ffc00000)
  from space 2048K, 67% used [0x00000000ffc00000,0x00000000ffd5b850,0x00000000ffe00000)
  to   space 2048K, 0% used [0x00000000ffe00000,0x00000000ffe00000,0x0000000100000000)
 ParOldGen       total 114688K, used 51946K [0x00000000f4800000, 0x00000000fb800000, 0x00000000fb800000)
  object space 114688K, 45% used [0x00000000f4800000,0x00000000f7aba870,0x00000000fb800000)
 Metaspace       used 75183K, capacity 79302K, committed 80000K, reserved 1118208K
  class space    used 9477K, capacity 10198K, committed 10368K, reserved 1048576K
2024-06-11T21:31:58.056+0800: 3177.269: [GC (Allocation Failure) [PSYoungGen: 71022K->928K(71680K)] 122968K->52946K(186368K), 0.0135566 secs] [Times: user=0.02 sys=0.00, real=0.01 secs] 
Heap after GC invocations=748 (full 2):
 PSYoungGen      total 71680K, used 928K [0x00000000fb800000, 0x0000000100000000, 0x0000000100000000)
  eden space 69632K, 0% used [0x00000000fb800000,0x00000000fb800000,0x00000000ffc00000)
  from space 2048K, 45% used [0x00000000ffe00000,0x00000000ffee8000,0x0000000100000000)
  to   space 2048K, 0% used [0x00000000ffc00000,0x00000000ffc00000,0x00000000ffe00000)
 ParOldGen       total 114688K, used 52018K [0x00000000f4800000, 0x00000000fb800000, 0x00000000fb800000)
  object space 114688K, 45% used [0x00000000f4800000,0x00000000f7acc870,0x00000000fb800000)
 Metaspace       used 75183K, capacity 79302K, committed 80000K, reserved 1118208K
  class space    used 9477K, capacity 10198K, committed 10368K, reserved 1048576K
}
{Heap before GC invocations=749 (full 2):
 PSYoungGen      total 71680K, used 70560K [0x00000000fb800000, 0x0000000100000000, 0x0000000100000000)
  eden space 69632K, 100% used [0x00000000fb800000,0x00000000ffc00000,0x00000000ffc00000)
  from space 2048K, 45% used [0x00000000ffe00000,0x00000000ffee8000,0x0000000100000000)
  to   space 2048K, 0% used [0x00000000ffc00000,0x00000000ffc00000,0x00000000ffe00000)
 ParOldGen       total 114688K, used 52018K [0x00000000f4800000, 0x00000000fb800000, 0x00000000fb800000)
  object space 114688K, 45% used [0x00000000f4800000,0x00000000f7acc870,0x00000000fb800000)
 Metaspace       used 75183K, capacity 79302K, committed 80000K, reserved 1118208K
  class space    used 9477K, capacity 10198K, committed 10368K, reserved 1048576K
2024-06-11T21:32:02.296+0800: 3181.510: [GC (Allocation Failure) [PSYoungGen: 70560K->896K(71680K)] 122578K->53002K(186368K), 0.0050384 secs] [Times: user=0.00 sys=0.00, real=0.01 secs] 
Heap after GC invocations=749 (full 2):
 PSYoungGen      total 71680K, used 896K [0x00000000fb800000, 0x0000000100000000, 0x0000000100000000)
  eden space 69632K, 0% used [0x00000000fb800000,0x00000000fb800000,0x00000000ffc00000)
  from space 2048K, 43% used [0x00000000ffc00000,0x00000000ffce0000,0x00000000ffe00000)
  to   space 2048K, 0% used [0x00000000ffe00000,0x00000000ffe00000,0x0000000100000000)
 ParOldGen       total 114688K, used 52106K [0x00000000f4800000, 0x00000000fb800000, 0x00000000fb800000)
  object space 114688K, 45% used [0x00000000f4800000,0x00000000f7ae2870,0x00000000fb800000)
 Metaspace       used 75183K, capacity 79302K, committed 80000K, reserved 1118208K
  class space    used 9477K, capacity 10198K, committed 10368K, reserved 1048576K
}
{Heap before GC invocations=750 (full 2):
 PSYoungGen      total 71680K, used 70528K [0x00000000fb800000, 0x0000000100000000, 0x0000000100000000)
  eden space 69632K, 100% used [0x00000000fb800000,0x00000000ffc00000,0x00000000ffc00000)
  from space 2048K, 43% used [0x00000000ffc00000,0x00000000ffce0000,0x00000000ffe00000)
  to   space 2048K, 0% used [0x00000000ffe00000,0x00000000ffe00000,0x0000000100000000)
 ParOldGen       total 114688K, used 52106K [0x00000000f4800000, 0x00000000fb800000, 0x00000000fb800000)
  object space 114688K, 45% used [0x00000000f4800000,0x00000000f7ae2870,0x00000000fb800000)
 Metaspace       used 75183K, capacity 79302K, committed 80000K, reserved 1118208K
  class space    used 9477K, capacity 10198K, committed 10368K, reserved 1048576K
2024-06-11T21:32:06.895+0800: 3186.108: [GC (Allocation Failure) [PSYoungGen: 70528K->928K(71680K)] 122634K->53114K(186368K), 0.0050490 secs] [Times: user=0.01 sys=0.00, real=0.00 secs] 
Heap after GC invocations=750 (full 2):
 PSYoungGen      total 71680K, used 928K [0x00000000fb800000, 0x0000000100000000, 0x0000000100000000)
  eden space 69632K, 0% used [0x00000000fb800000,0x00000000fb800000,0x00000000ffc00000)
  from space 2048K, 45% used [0x00000000ffe00000,0x00000000ffee8000,0x0000000100000000)
  to   space 2048K, 0% used [0x00000000ffc00000,0x00000000ffc00000,0x00000000ffe00000)
 ParOldGen       total 114688K, used 52186K [0x00000000f4800000, 0x00000000fb800000, 0x00000000fb800000)
  object space 114688K, 45% used [0x00000000f4800000,0x00000000f7af6870,0x00000000fb800000)
 Metaspace       used 75183K, capacity 79302K, committed 80000K, reserved 1118208K
  class space    used 9477K, capacity 10198K, committed 10368K, reserved 1048576K
}
{Heap before GC invocations=751 (full 2):
 PSYoungGen      total 71680K, used 70560K [0x00000000fb800000, 0x0000000100000000, 0x0000000100000000)
  eden space 69632K, 100% used [0x00000000fb800000,0x00000000ffc00000,0x00000000ffc00000)
  from space 2048K, 45% used [0x00000000ffe00000,0x00000000ffee8000,0x0000000100000000)
  to   space 2048K, 0% used [0x00000000ffc00000,0x00000000ffc00000,0x00000000ffe00000)
 ParOldGen       total 114688K, used 52186K [0x00000000f4800000, 0x00000000fb800000, 0x00000000fb800000)
  object space 114688K, 45% used [0x00000000f4800000,0x00000000f7af6870,0x00000000fb800000)
 Metaspace       used 75183K, capacity 79302K, committed 80000K, reserved 1118208K
  class space    used 9477K, capacity 10198K, committed 10368K, reserved 1048576K
2024-06-11T21:32:11.381+0800: 3190.594: [GC (Allocation Failure) [PSYoungGen: 70560K->960K(71680K)] 122746K->53234K(186368K), 0.0049230 secs] [Times: user=0.00 sys=0.00, real=0.00 secs] 
Heap after GC invocations=751 (full 2):
 PSYoungGen      total 71680K, used 960K [0x00000000fb800000, 0x0000000100000000, 0x0000000100000000)
  eden space 69632K, 0% used [0x00000000fb800000,0x00000000fb800000,0x00000000ffc00000)
  from space 2048K, 46% used [0x00000000ffc00000,0x00000000ffcf0000,0x00000000ffe00000)
  to   space 2048K, 0% used [0x00000000ffe00000,0x00000000ffe00000,0x0000000100000000)
 ParOldGen       total 114688K, used 52274K [0x00000000f4800000, 0x00000000fb800000, 0x00000000fb800000)
  object space 114688K, 45% used [0x00000000f4800000,0x00000000f7b0c870,0x00000000fb800000)
 Metaspace       used 75183K, capacity 79302K, committed 80000K, reserved 1118208K
  class space    used 9477K, capacity 10198K, committed 10368K, reserved 1048576K
}
{Heap before GC invocations=752 (full 2):
 PSYoungGen      total 71680K, used 70592K [0x00000000fb800000, 0x0000000100000000, 0x0000000100000000)
  eden space 69632K, 100% used [0x00000000fb800000,0x00000000ffc00000,0x00000000ffc00000)
  from space 2048K, 46% used [0x00000000ffc00000,0x00000000ffcf0000,0x00000000ffe00000)
  to   space 2048K, 0% used [0x00000000ffe00000,0x00000000ffe00000,0x0000000100000000)
 ParOldGen       total 114688K, used 52274K [0x00000000f4800000, 0x00000000fb800000, 0x00000000fb800000)
  object space 114688K, 45% used [0x00000000f4800000,0x00000000f7b0c870,0x00000000fb800000)
 Metaspace       used 75183K, capacity 79302K, committed 80000K, reserved 1118208K
  class space    used 9477K, capacity 10198K, committed 10368K, reserved 1048576K
2024-06-11T21:32:15.723+0800: 3194.937: [GC (Allocation Failure) [PSYoungGen: 70592K->928K(71680K)] 122866K->53282K(186368K), 0.0048412 secs] [Times: user=0.01 sys=0.00, real=0.00 secs] 
Heap after GC invocations=752 (full 2):
 PSYoungGen      total 71680K, used 928K [0x00000000fb800000, 0x0000000100000000, 0x0000000100000000)
  eden space 69632K, 0% used [0x00000000fb800000,0x00000000fb800000,0x00000000ffc00000)
  from space 2048K, 45% used [0x00000000ffe00000,0x00000000ffee8000,0x0000000100000000)
  to   space 2048K, 0% used [0x00000000ffc00000,0x00000000ffc00000,0x00000000ffe00000)
 ParOldGen       total 114688K, used 52354K [0x00000000f4800000, 0x00000000fb800000, 0x00000000fb800000)
  object space 114688K, 45% used [0x00000000f4800000,0x00000000f7b20870,0x00000000fb800000)
 Metaspace       used 75183K, capacity 79302K, committed 80000K, reserved 1118208K
  class space    used 9477K, capacity 10198K, committed 10368K, reserved 1048576K
}
{Heap before GC invocations=753 (full 2):
 PSYoungGen      total 71680K, used 70560K [0x00000000fb800000, 0x0000000100000000, 0x0000000100000000)
  eden space 69632K, 100% used [0x00000000fb800000,0x00000000ffc00000,0x00000000ffc00000)
  from space 2048K, 45% used [0x00000000ffe00000,0x00000000ffee8000,0x0000000100000000)
  to   space 2048K, 0% used [0x00000000ffc00000,0x00000000ffc00000,0x00000000ffe00000)
 ParOldGen       total 114688K, used 52354K [0x00000000f4800000, 0x00000000fb800000, 0x00000000fb800000)
  object space 114688K, 45% used [0x00000000f4800000,0x00000000f7b20870,0x00000000fb800000)
 Metaspace       used 75183K, capacity 79302K, committed 80000K, reserved 1118208K
  class space    used 9477K, capacity 10198K, committed 10368K, reserved 1048576K
2024-06-11T21:32:20.022+0800: 3199.235: [GC (Allocation Failure) [PSYoungGen: 70560K->928K(71680K)] 122914K->53362K(186368K), 0.0049467 secs] [Times: user=0.01 sys=0.00, real=0.00 secs] 
Heap after GC invocations=753 (full 2):
 PSYoungGen      total 71680K, used 928K [0x00000000fb800000, 0x0000000100000000, 0x0000000100000000)
  eden space 69632K, 0% used [0x00000000fb800000,0x00000000fb800000,0x00000000ffc00000)
  from space 2048K, 45% used [0x00000000ffc00000,0x00000000ffce8000,0x00000000ffe00000)
  to   space 2048K, 0% used [0x00000000ffe00000,0x00000000ffe00000,0x0000000100000000)
 ParOldGen       total 114688K, used 52434K [0x00000000f4800000, 0x00000000fb800000, 0x00000000fb800000)
  object space 114688K, 45% used [0x00000000f4800000,0x00000000f7b34870,0x00000000fb800000)
 Metaspace       used 75183K, capacity 79302K, committed 80000K, reserved 1118208K
  class space    used 9477K, capacity 10198K, committed 10368K, reserved 1048576K
}
{Heap before GC invocations=754 (full 2):
 PSYoungGen      total 71680K, used 70560K [0x00000000fb800000, 0x0000000100000000, 0x0000000100000000)
  eden space 69632K, 100% used [0x00000000fb800000,0x00000000ffc00000,0x00000000ffc00000)
  from space 2048K, 45% used [0x00000000ffc00000,0x00000000ffce8000,0x00000000ffe00000)
  to   space 2048K, 0% used [0x00000000ffe00000,0x00000000ffe00000,0x0000000100000000)
 ParOldGen       total 114688K, used 52434K [0x00000000f4800000, 0x00000000fb800000, 0x00000000fb800000)
  object space 114688K, 45% used [0x00000000f4800000,0x00000000f7b34870,0x00000000fb800000)
 Metaspace       used 75184K, capacity 79302K, committed 80000K, reserved 1118208K
  class space    used 9477K, capacity 10198K, committed 10368K, reserved 1048576K
2024-06-11T21:32:24.216+0800: 3203.429: [GC (Allocation Failure) [PSYoungGen: 70560K->2048K(70656K)] 122994K->55584K(185344K), 0.0069044 secs] [Times: user=0.02 sys=0.00, real=0.01 secs] 
Heap after GC invocations=754 (full 2):
 PSYoungGen      total 70656K, used 2048K [0x00000000fb800000, 0x0000000100000000, 0x0000000100000000)
  eden space 68608K, 0% used [0x00000000fb800000,0x00000000fb800000,0x00000000ffb00000)
  from space 2048K, 100% used [0x00000000ffe00000,0x0000000100000000,0x0000000100000000)
  to   space 2560K, 0% used [0x00000000ffb00000,0x00000000ffb00000,0x00000000ffd80000)
 ParOldGen       total 114688K, used 53536K [0x00000000f4800000, 0x00000000fb800000, 0x00000000fb800000)
  object space 114688K, 46% used [0x00000000f4800000,0x00000000f7c48080,0x00000000fb800000)
 Metaspace       used 75184K, capacity 79302K, committed 80000K, reserved 1118208K
  class space    used 9477K, capacity 10198K, committed 10368K, reserved 1048576K
}
{Heap before GC invocations=755 (full 2):
 PSYoungGen      total 70656K, used 70656K [0x00000000fb800000, 0x0000000100000000, 0x0000000100000000)
  eden space 68608K, 100% used [0x00000000fb800000,0x00000000ffb00000,0x00000000ffb00000)
  from space 2048K, 100% used [0x00000000ffe00000,0x0000000100000000,0x0000000100000000)
  to   space 2560K, 0% used [0x00000000ffb00000,0x00000000ffb00000,0x00000000ffd80000)
 ParOldGen       total 114688K, used 53536K [0x00000000f4800000, 0x00000000fb800000, 0x00000000fb800000)
  object space 114688K, 46% used [0x00000000f4800000,0x00000000f7c48080,0x00000000fb800000)
 Metaspace       used 75184K, capacity 79302K, committed 80000K, reserved 1118208K
  class space    used 9477K, capacity 10198K, committed 10368K, reserved 1048576K
2024-06-11T21:32:28.473+0800: 3207.686: [GC (Allocation Failure) [PSYoungGen: 70656K->1440K(71168K)] 124192K->56920K(185856K), 0.0075265 secs] [Times: user=0.02 sys=0.00, real=0.00 secs] 
Heap after GC invocations=755 (full 2):
 PSYoungGen      total 71168K, used 1440K [0x00000000fb800000, 0x0000000100000000, 0x0000000100000000)
  eden space 68608K, 0% used [0x00000000fb800000,0x00000000fb800000,0x00000000ffb00000)
  from space 2560K, 56% used [0x00000000ffb00000,0x00000000ffc68000,0x00000000ffd80000)
  to   space 2560K, 0% used [0x00000000ffd80000,0x00000000ffd80000,0x0000000100000000)
 ParOldGen       total 114688K, used 55480K [0x00000000f4800000, 0x00000000fb800000, 0x00000000fb800000)
  object space 114688K, 48% used [0x00000000f4800000,0x00000000f7e2e080,0x00000000fb800000)
 Metaspace       used 75184K, capacity 79302K, committed 80000K, reserved 1118208K
  class space    used 9477K, capacity 10198K, committed 10368K, reserved 1048576K
}
{Heap before GC invocations=756 (full 2):
 PSYoungGen      total 71168K, used 70048K [0x00000000fb800000, 0x0000000100000000, 0x0000000100000000)
  eden space 68608K, 100% used [0x00000000fb800000,0x00000000ffb00000,0x00000000ffb00000)
  from space 2560K, 56% used [0x00000000ffb00000,0x00000000ffc68000,0x00000000ffd80000)
  to   space 2560K, 0% used [0x00000000ffd80000,0x00000000ffd80000,0x0000000100000000)
 ParOldGen       total 114688K, used 55480K [0x00000000f4800000, 0x00000000fb800000, 0x00000000fb800000)
  object space 114688K, 48% used [0x00000000f4800000,0x00000000f7e2e080,0x00000000fb800000)
 Metaspace       used 75184K, capacity 79302K, committed 80000K, reserved 1118208K
  class space    used 9477K, capacity 10198K, committed 10368K, reserved 1048576K
2024-06-11T21:32:32.871+0800: 3212.085: [GC (Allocation Failure) [PSYoungGen: 70048K->896K(71168K)] 125528K->57016K(185856K), 0.0056493 secs] [Times: user=0.01 sys=0.00, real=0.00 secs] 
Heap after GC invocations=756 (full 2):
 PSYoungGen      total 71168K, used 896K [0x00000000fb800000, 0x0000000100000000, 0x0000000100000000)
  eden space 68608K, 0% used [0x00000000fb800000,0x00000000fb800000,0x00000000ffb00000)
  from space 2560K, 35% used [0x00000000ffd80000,0x00000000ffe60000,0x0000000100000000)
  to   space 2560K, 0% used [0x00000000ffb00000,0x00000000ffb00000,0x00000000ffd80000)
 ParOldGen       total 114688K, used 56120K [0x00000000f4800000, 0x00000000fb800000, 0x00000000fb800000)
  object space 114688K, 48% used [0x00000000f4800000,0x00000000f7ece080,0x00000000fb800000)
 Metaspace       used 75184K, capacity 79302K, committed 80000K, reserved 1118208K
  class space    used 9477K, capacity 10198K, committed 10368K, reserved 1048576K
}
{Heap before GC invocations=757 (full 2):
 PSYoungGen      total 71168K, used 69504K [0x00000000fb800000, 0x0000000100000000, 0x0000000100000000)
  eden space 68608K, 100% used [0x00000000fb800000,0x00000000ffb00000,0x00000000ffb00000)
  from space 2560K, 35% used [0x00000000ffd80000,0x00000000ffe60000,0x0000000100000000)
  to   space 2560K, 0% used [0x00000000ffb00000,0x00000000ffb00000,0x00000000ffd80000)
 ParOldGen       total 114688K, used 56120K [0x00000000f4800000, 0x00000000fb800000, 0x00000000fb800000)
  object space 114688K, 48% used [0x00000000f4800000,0x00000000f7ece080,0x00000000fb800000)
 Metaspace       used 75184K, capacity 79302K, committed 80000K, reserved 1118208K
  class space    used 9477K, capacity 10198K, committed 10368K, reserved 1048576K
2024-06-11T21:32:36.928+0800: 3216.141: [GC (Allocation Failure) [PSYoungGen: 69504K->960K(71168K)] 125624K->57152K(185856K), 0.0047766 secs] [Times: user=0.01 sys=0.00, real=0.01 secs] 
Heap after GC invocations=757 (full 2):
 PSYoungGen      total 71168K, used 960K [0x00000000fb800000, 0x0000000100000000, 0x0000000100000000)
  eden space 68608K, 0% used [0x00000000fb800000,0x00000000fb800000,0x00000000ffb00000)
  from space 2560K, 37% used [0x00000000ffb00000,0x00000000ffbf0000,0x00000000ffd80000)
  to   space 2560K, 0% used [0x00000000ffd80000,0x00000000ffd80000,0x0000000100000000)
 ParOldGen       total 114688K, used 56192K [0x00000000f4800000, 0x00000000fb800000, 0x00000000fb800000)
  object space 114688K, 48% used [0x00000000f4800000,0x00000000f7ee0080,0x00000000fb800000)
 Metaspace       used 75184K, capacity 79302K, committed 80000K, reserved 1118208K
  class space    used 9477K, capacity 10198K, committed 10368K, reserved 1048576K
}
{Heap before GC invocations=758 (full 2):
 PSYoungGen      total 71168K, used 69568K [0x00000000fb800000, 0x0000000100000000, 0x0000000100000000)
  eden space 68608K, 100% used [0x00000000fb800000,0x00000000ffb00000,0x00000000ffb00000)
  from space 2560K, 37% used [0x00000000ffb00000,0x00000000ffbf0000,0x00000000ffd80000)
  to   space 2560K, 0% used [0x00000000ffd80000,0x00000000ffd80000,0x0000000100000000)
 ParOldGen       total 114688K, used 56192K [0x00000000f4800000, 0x00000000fb800000, 0x00000000fb800000)
  object space 114688K, 48% used [0x00000000f4800000,0x00000000f7ee0080,0x00000000fb800000)
 Metaspace       used 75186K, capacity 79302K, committed 80000K, reserved 1118208K
  class space    used 9477K, capacity 10198K, committed 10368K, reserved 1048576K
2024-06-11T21:32:41.390+0800: 3220.603: [GC (Allocation Failure) [PSYoungGen: 69568K->928K(71168K)] 125760K->57200K(185856K), 0.0047923 secs] [Times: user=0.01 sys=0.00, real=0.01 secs] 
Heap after GC invocations=758 (full 2):
 PSYoungGen      total 71168K, used 928K [0x00000000fb800000, 0x0000000100000000, 0x0000000100000000)
  eden space 68608K, 0% used [0x00000000fb800000,0x00000000fb800000,0x00000000ffb00000)
  from space 2560K, 36% used [0x00000000ffd80000,0x00000000ffe68000,0x0000000100000000)
  to   space 2560K, 0% used [0x00000000ffb00000,0x00000000ffb00000,0x00000000ffd80000)
 ParOldGen       total 114688K, used 56272K [0x00000000f4800000, 0x00000000fb800000, 0x00000000fb800000)
  object space 114688K, 49% used [0x00000000f4800000,0x00000000f7ef4080,0x00000000fb800000)
 Metaspace       used 75186K, capacity 79302K, committed 80000K, reserved 1118208K
  class space    used 9477K, capacity 10198K, committed 10368K, reserved 1048576K
}
{Heap before GC invocations=759 (full 2):
 PSYoungGen      total 71168K, used 69536K [0x00000000fb800000, 0x0000000100000000, 0x0000000100000000)
  eden space 68608K, 100% used [0x00000000fb800000,0x00000000ffb00000,0x00000000ffb00000)
  from space 2560K, 36% used [0x00000000ffd80000,0x00000000ffe68000,0x0000000100000000)
  to   space 2560K, 0% used [0x00000000ffb00000,0x00000000ffb00000,0x00000000ffd80000)
 ParOldGen       total 114688K, used 56272K [0x00000000f4800000, 0x00000000fb800000, 0x00000000fb800000)
  object space 114688K, 49% used [0x00000000f4800000,0x00000000f7ef4080,0x00000000fb800000)
 Metaspace       used 75186K, capacity 79302K, committed 80000K, reserved 1118208K
  class space    used 9477K, capacity 10198K, committed 10368K, reserved 1048576K
2024-06-11T21:32:45.608+0800: 3224.821: [GC (Allocation Failure) [PSYoungGen: 69536K->928K(71168K)] 125808K->57280K(185856K), 0.0048418 secs] [Times: user=0.01 sys=0.00, real=0.01 secs] 
Heap after GC invocations=759 (full 2):
 PSYoungGen      total 71168K, used 928K [0x00000000fb800000, 0x0000000100000000, 0x0000000100000000)
  eden space 68608K, 0% used [0x00000000fb800000,0x00000000fb800000,0x00000000ffb00000)
  from space 2560K, 36% used [0x00000000ffb00000,0x00000000ffbe8000,0x00000000ffd80000)
  to   space 2560K, 0% used [0x00000000ffd80000,0x00000000ffd80000,0x0000000100000000)
 ParOldGen       total 114688K, used 56352K [0x00000000f4800000, 0x00000000fb800000, 0x00000000fb800000)
  object space 114688K, 49% used [0x00000000f4800000,0x00000000f7f08080,0x00000000fb800000)
 Metaspace       used 75186K, capacity 79302K, committed 80000K, reserved 1118208K
  class space    used 9477K, capacity 10198K, committed 10368K, reserved 1048576K
}
{Heap before GC invocations=760 (full 2):
 PSYoungGen      total 71168K, used 69536K [0x00000000fb800000, 0x0000000100000000, 0x0000000100000000)
  eden space 68608K, 100% used [0x00000000fb800000,0x00000000ffb00000,0x00000000ffb00000)
  from space 2560K, 36% used [0x00000000ffb00000,0x00000000ffbe8000,0x00000000ffd80000)
  to   space 2560K, 0% used [0x00000000ffd80000,0x00000000ffd80000,0x0000000100000000)
 ParOldGen       total 114688K, used 56352K [0x00000000f4800000, 0x00000000fb800000, 0x00000000fb800000)
  object space 114688K, 49% used [0x00000000f4800000,0x00000000f7f08080,0x00000000fb800000)
 Metaspace       used 75186K, capacity 79302K, committed 80000K, reserved 1118208K
  class space    used 9477K, capacity 10198K, committed 10368K, reserved 1048576K
2024-06-11T21:32:49.953+0800: 3229.167: [GC (Allocation Failure) [PSYoungGen: 69536K->928K(71680K)] 125888K->57360K(186368K), 0.0048220 secs] [Times: user=0.01 sys=0.00, real=0.00 secs] 
Heap after GC invocations=760 (full 2):
 PSYoungGen      total 71680K, used 928K [0x00000000fb800000, 0x0000000100000000, 0x0000000100000000)
  eden space 69120K, 0% used [0x00000000fb800000,0x00000000fb800000,0x00000000ffb80000)
  from space 2560K, 36% used [0x00000000ffd80000,0x00000000ffe68000,0x0000000100000000)
  to   space 2048K, 0% used [0x00000000ffb80000,0x00000000ffb80000,0x00000000ffd80000)
 ParOldGen       total 114688K, used 56432K [0x00000000f4800000, 0x00000000fb800000, 0x00000000fb800000)
  object space 114688K, 49% used [0x00000000f4800000,0x00000000f7f1c080,0x00000000fb800000)
 Metaspace       used 75186K, capacity 79302K, committed 80000K, reserved 1118208K
  class space    used 9477K, capacity 10198K, committed 10368K, reserved 1048576K
}
{Heap before GC invocations=761 (full 2):
 PSYoungGen      total 71680K, used 70048K [0x00000000fb800000, 0x0000000100000000, 0x0000000100000000)
  eden space 69120K, 100% used [0x00000000fb800000,0x00000000ffb80000,0x00000000ffb80000)
  from space 2560K, 36% used [0x00000000ffd80000,0x00000000ffe68000,0x0000000100000000)
  to   space 2048K, 0% used [0x00000000ffb80000,0x00000000ffb80000,0x00000000ffd80000)
 ParOldGen       total 114688K, used 56432K [0x00000000f4800000, 0x00000000fb800000, 0x00000000fb800000)
  object space 114688K, 49% used [0x00000000f4800000,0x00000000f7f1c080,0x00000000fb800000)
 Metaspace       used 75186K, capacity 79302K, committed 80000K, reserved 1118208K
  class space    used 9477K, capacity 10198K, committed 10368K, reserved 1048576K
2024-06-11T21:32:54.223+0800: 3233.436: [GC (Allocation Failure) [PSYoungGen: 70048K->864K(71168K)] 126480K->57376K(185856K), 0.0049329 secs] [Times: user=0.00 sys=0.01, real=0.00 secs] 
Heap after GC invocations=761 (full 2):
 PSYoungGen      total 71168K, used 864K [0x00000000fb800000, 0x0000000100000000, 0x0000000100000000)
  eden space 69120K, 0% used [0x00000000fb800000,0x00000000fb800000,0x00000000ffb80000)
  from space 2048K, 42% used [0x00000000ffb80000,0x00000000ffc58000,0x00000000ffd80000)
  to   space 2048K, 0% used [0x00000000ffe00000,0x00000000ffe00000,0x0000000100000000)
 ParOldGen       total 114688K, used 56512K [0x00000000f4800000, 0x00000000fb800000, 0x00000000fb800000)
  object space 114688K, 49% used [0x00000000f4800000,0x00000000f7f30080,0x00000000fb800000)
 Metaspace       used 75186K, capacity 79302K, committed 80000K, reserved 1118208K
  class space    used 9477K, capacity 10198K, committed 10368K, reserved 1048576K
}
{Heap before GC invocations=762 (full 2):
 PSYoungGen      total 71168K, used 69984K [0x00000000fb800000, 0x0000000100000000, 0x0000000100000000)
  eden space 69120K, 100% used [0x00000000fb800000,0x00000000ffb80000,0x00000000ffb80000)
  from space 2048K, 42% used [0x00000000ffb80000,0x00000000ffc58000,0x00000000ffd80000)
  to   space 2048K, 0% used [0x00000000ffe00000,0x00000000ffe00000,0x0000000100000000)
 ParOldGen       total 114688K, used 56512K [0x00000000f4800000, 0x00000000fb800000, 0x00000000fb800000)
  object space 114688K, 49% used [0x00000000f4800000,0x00000000f7f30080,0x00000000fb800000)
 Metaspace       used 75186K, capacity 79302K, committed 80000K, reserved 1118208K
  class space    used 9477K, capacity 10198K, committed 10368K, reserved 1048576K
2024-06-11T21:32:58.550+0800: 3237.764: [GC (Allocation Failure) [PSYoungGen: 69984K->896K(71680K)] 126496K->57496K(186368K), 0.0049253 secs] [Times: user=0.01 sys=0.00, real=0.01 secs] 
Heap after GC invocations=762 (full 2):
 PSYoungGen      total 71680K, used 896K [0x00000000fb800000, 0x0000000100000000, 0x0000000100000000)
  eden space 69632K, 0% used [0x00000000fb800000,0x00000000fb800000,0x00000000ffc00000)
  from space 2048K, 43% used [0x00000000ffe00000,0x00000000ffee0000,0x0000000100000000)
  to   space 2048K, 0% used [0x00000000ffc00000,0x00000000ffc00000,0x00000000ffe00000)
 ParOldGen       total 114688K, used 56600K [0x00000000f4800000, 0x00000000fb800000, 0x00000000fb800000)
  object space 114688K, 49% used [0x00000000f4800000,0x00000000f7f46080,0x00000000fb800000)
 Metaspace       used 75186K, capacity 79302K, committed 80000K, reserved 1118208K
  class space    used 9477K, capacity 10198K, committed 10368K, reserved 1048576K
}
{Heap before GC invocations=763 (full 2):
 PSYoungGen      total 71680K, used 70528K [0x00000000fb800000, 0x0000000100000000, 0x0000000100000000)
  eden space 69632K, 100% used [0x00000000fb800000,0x00000000ffc00000,0x00000000ffc00000)
  from space 2048K, 43% used [0x00000000ffe00000,0x00000000ffee0000,0x0000000100000000)
  to   space 2048K, 0% used [0x00000000ffc00000,0x00000000ffc00000,0x00000000ffe00000)
 ParOldGen       total 114688K, used 56600K [0x00000000f4800000, 0x00000000fb800000, 0x00000000fb800000)
  object space 114688K, 49% used [0x00000000f4800000,0x00000000f7f46080,0x00000000fb800000)
 Metaspace       used 75186K, capacity 79302K, committed 80000K, reserved 1118208K
  class space    used 9477K, capacity 10198K, committed 10368K, reserved 1048576K
2024-06-11T21:33:02.613+0800: 3241.827: [GC (Allocation Failure) [PSYoungGen: 70528K->960K(71680K)] 127128K->57640K(186368K), 0.0047097 secs] [Times: user=0.01 sys=0.00, real=0.00 secs] 
Heap after GC invocations=763 (full 2):
 PSYoungGen      total 71680K, used 960K [0x00000000fb800000, 0x0000000100000000, 0x0000000100000000)
  eden space 69632K, 0% used [0x00000000fb800000,0x00000000fb800000,0x00000000ffc00000)
  from space 2048K, 46% used [0x00000000ffc00000,0x00000000ffcf0000,0x00000000ffe00000)
  to   space 2048K, 0% used [0x00000000ffe00000,0x00000000ffe00000,0x0000000100000000)
 ParOldGen       total 114688K, used 56680K [0x00000000f4800000, 0x00000000fb800000, 0x00000000fb800000)
  object space 114688K, 49% used [0x00000000f4800000,0x00000000f7f5a080,0x00000000fb800000)
 Metaspace       used 75186K, capacity 79302K, committed 80000K, reserved 1118208K
  class space    used 9477K, capacity 10198K, committed 10368K, reserved 1048576K
}
{Heap before GC invocations=764 (full 2):
 PSYoungGen      total 71680K, used 70592K [0x00000000fb800000, 0x0000000100000000, 0x0000000100000000)
  eden space 69632K, 100% used [0x00000000fb800000,0x00000000ffc00000,0x00000000ffc00000)
  from space 2048K, 46% used [0x00000000ffc00000,0x00000000ffcf0000,0x00000000ffe00000)
  to   space 2048K, 0% used [0x00000000ffe00000,0x00000000ffe00000,0x0000000100000000)
 ParOldGen       total 114688K, used 56680K [0x00000000f4800000, 0x00000000fb800000, 0x00000000fb800000)
  object space 114688K, 49% used [0x00000000f4800000,0x00000000f7f5a080,0x00000000fb800000)
 Metaspace       used 75186K, capacity 79302K, committed 80000K, reserved 1118208K
  class space    used 9477K, capacity 10198K, committed 10368K, reserved 1048576K
2024-06-11T21:33:07.042+0800: 3246.255: [GC (Allocation Failure) [PSYoungGen: 70592K->960K(71680K)] 127272K->57728K(186368K), 0.0047943 secs] [Times: user=0.01 sys=0.00, real=0.00 secs] 
Heap after GC invocations=764 (full 2):
 PSYoungGen      total 71680K, used 960K [0x00000000fb800000, 0x0000000100000000, 0x0000000100000000)
  eden space 69632K, 0% used [0x00000000fb800000,0x00000000fb800000,0x00000000ffc00000)
  from space 2048K, 46% used [0x00000000ffe00000,0x00000000ffef0000,0x0000000100000000)
  to   space 2048K, 0% used [0x00000000ffc00000,0x00000000ffc00000,0x00000000ffe00000)
 ParOldGen       total 114688K, used 56768K [0x00000000f4800000, 0x00000000fb800000, 0x00000000fb800000)
  object space 114688K, 49% used [0x00000000f4800000,0x00000000f7f70080,0x00000000fb800000)
 Metaspace       used 75186K, capacity 79302K, committed 80000K, reserved 1118208K
  class space    used 9477K, capacity 10198K, committed 10368K, reserved 1048576K
}
{Heap before GC invocations=765 (full 2):
 PSYoungGen      total 71680K, used 70592K [0x00000000fb800000, 0x0000000100000000, 0x0000000100000000)
  eden space 69632K, 100% used [0x00000000fb800000,0x00000000ffc00000,0x00000000ffc00000)
  from space 2048K, 46% used [0x00000000ffe00000,0x00000000ffef0000,0x0000000100000000)
  to   space 2048K, 0% used [0x00000000ffc00000,0x00000000ffc00000,0x00000000ffe00000)
 ParOldGen       total 114688K, used 56768K [0x00000000f4800000, 0x00000000fb800000, 0x00000000fb800000)
  object space 114688K, 49% used [0x00000000f4800000,0x00000000f7f70080,0x00000000fb800000)
 Metaspace       used 75188K, capacity 79306K, committed 80000K, reserved 1118208K
  class space    used 9477K, capacity 10198K, committed 10368K, reserved 1048576K
2024-06-11T21:33:11.544+0800: 3250.757: [GC (Allocation Failure) [PSYoungGen: 70592K->960K(71680K)] 127360K->57816K(186368K), 0.0048489 secs] [Times: user=0.01 sys=0.00, real=0.00 secs] 
Heap after GC invocations=765 (full 2):
 PSYoungGen      total 71680K, used 960K [0x00000000fb800000, 0x0000000100000000, 0x0000000100000000)
  eden space 69632K, 0% used [0x00000000fb800000,0x00000000fb800000,0x00000000ffc00000)
  from space 2048K, 46% used [0x00000000ffc00000,0x00000000ffcf0000,0x00000000ffe00000)
  to   space 2048K, 0% used [0x00000000ffe00000,0x00000000ffe00000,0x0000000100000000)
 ParOldGen       total 114688K, used 56856K [0x00000000f4800000, 0x00000000fb800000, 0x00000000fb800000)
  object space 114688K, 49% used [0x00000000f4800000,0x00000000f7f86080,0x00000000fb800000)
 Metaspace       used 75188K, capacity 79306K, committed 80000K, reserved 1118208K
  class space    used 9477K, capacity 10198K, committed 10368K, reserved 1048576K
}
{Heap before GC invocations=766 (full 2):
 PSYoungGen      total 71680K, used 70592K [0x00000000fb800000, 0x0000000100000000, 0x0000000100000000)
  eden space 69632K, 100% used [0x00000000fb800000,0x00000000ffc00000,0x00000000ffc00000)
  from space 2048K, 46% used [0x00000000ffc00000,0x00000000ffcf0000,0x00000000ffe00000)
  to   space 2048K, 0% used [0x00000000ffe00000,0x00000000ffe00000,0x0000000100000000)
 ParOldGen       total 114688K, used 56856K [0x00000000f4800000, 0x00000000fb800000, 0x00000000fb800000)
  object space 114688K, 49% used [0x00000000f4800000,0x00000000f7f86080,0x00000000fb800000)
 Metaspace       used 75188K, capacity 79306K, committed 80000K, reserved 1118208K
  class space    used 9477K, capacity 10198K, committed 10368K, reserved 1048576K
2024-06-11T21:33:15.869+0800: 3255.083: [GC (Allocation Failure) [PSYoungGen: 70592K->960K(71680K)] 127448K->57896K(186368K), 0.0058815 secs] [Times: user=0.01 sys=0.00, real=0.01 secs] 
Heap after GC invocations=766 (full 2):
 PSYoungGen      total 71680K, used 960K [0x00000000fb800000, 0x0000000100000000, 0x0000000100000000)
  eden space 69632K, 0% used [0x00000000fb800000,0x00000000fb800000,0x00000000ffc00000)
  from space 2048K, 46% used [0x00000000ffe00000,0x00000000ffef0000,0x0000000100000000)
  to   space 2048K, 0% used [0x00000000ffc00000,0x00000000ffc00000,0x00000000ffe00000)
 ParOldGen       total 114688K, used 56936K [0x00000000f4800000, 0x00000000fb800000, 0x00000000fb800000)
  object space 114688K, 49% used [0x00000000f4800000,0x00000000f7f9a080,0x00000000fb800000)
 Metaspace       used 75188K, capacity 79306K, committed 80000K, reserved 1118208K
  class space    used 9477K, capacity 10198K, committed 10368K, reserved 1048576K
}
{Heap before GC invocations=767 (full 2):
 PSYoungGen      total 71680K, used 70592K [0x00000000fb800000, 0x0000000100000000, 0x0000000100000000)
  eden space 69632K, 100% used [0x00000000fb800000,0x00000000ffc00000,0x00000000ffc00000)
  from space 2048K, 46% used [0x00000000ffe00000,0x00000000ffef0000,0x0000000100000000)
  to   space 2048K, 0% used [0x00000000ffc00000,0x00000000ffc00000,0x00000000ffe00000)
 ParOldGen       total 114688K, used 56936K [0x00000000f4800000, 0x00000000fb800000, 0x00000000fb800000)
  object space 114688K, 49% used [0x00000000f4800000,0x00000000f7f9a080,0x00000000fb800000)
 Metaspace       used 75188K, capacity 79306K, committed 80000K, reserved 1118208K
  class space    used 9477K, capacity 10198K, committed 10368K, reserved 1048576K
2024-06-11T21:33:20.025+0800: 3259.238: [GC (Allocation Failure) [PSYoungGen: 70592K->928K(71680K)] 127528K->57952K(186368K), 0.0047168 secs] [Times: user=0.01 sys=0.00, real=0.00 secs] 
Heap after GC invocations=767 (full 2):
 PSYoungGen      total 71680K, used 928K [0x00000000fb800000, 0x0000000100000000, 0x0000000100000000)
  eden space 69632K, 0% used [0x00000000fb800000,0x00000000fb800000,0x00000000ffc00000)
  from space 2048K, 45% used [0x00000000ffc00000,0x00000000ffce8000,0x00000000ffe00000)
  to   space 2048K, 0% used [0x00000000ffe00000,0x00000000ffe00000,0x0000000100000000)
 ParOldGen       total 114688K, used 57024K [0x00000000f4800000, 0x00000000fb800000, 0x00000000fb800000)
  object space 114688K, 49% used [0x00000000f4800000,0x00000000f7fb0080,0x00000000fb800000)
 Metaspace       used 75188K, capacity 79306K, committed 80000K, reserved 1118208K
  class space    used 9477K, capacity 10198K, committed 10368K, reserved 1048576K
}
{Heap before GC invocations=768 (full 2):
 PSYoungGen      total 71680K, used 70560K [0x00000000fb800000, 0x0000000100000000, 0x0000000100000000)
  eden space 69632K, 100% used [0x00000000fb800000,0x00000000ffc00000,0x00000000ffc00000)
  from space 2048K, 45% used [0x00000000ffc00000,0x00000000ffce8000,0x00000000ffe00000)
  to   space 2048K, 0% used [0x00000000ffe00000,0x00000000ffe00000,0x0000000100000000)
 ParOldGen       total 114688K, used 57024K [0x00000000f4800000, 0x00000000fb800000, 0x00000000fb800000)
  object space 114688K, 49% used [0x00000000f4800000,0x00000000f7fb0080,0x00000000fb800000)
 Metaspace       used 75188K, capacity 79306K, committed 80000K, reserved 1118208K
  class space    used 9477K, capacity 10198K, committed 10368K, reserved 1048576K
2024-06-11T21:33:24.462+0800: 3263.675: [GC (Allocation Failure) [PSYoungGen: 70560K->2048K(70656K)] 127584K->59504K(185344K), 0.0079116 secs] [Times: user=0.02 sys=0.00, real=0.00 secs] 
Heap after GC invocations=768 (full 2):
 PSYoungGen      total 70656K, used 2048K [0x00000000fb800000, 0x0000000100000000, 0x0000000100000000)
  eden space 68608K, 0% used [0x00000000fb800000,0x00000000fb800000,0x00000000ffb00000)
  from space 2048K, 100% used [0x00000000ffe00000,0x0000000100000000,0x0000000100000000)
  to   space 2560K, 0% used [0x00000000ffb00000,0x00000000ffb00000,0x00000000ffd80000)
 ParOldGen       total 114688K, used 57456K [0x00000000f4800000, 0x00000000fb800000, 0x00000000fb800000)
  object space 114688K, 50% used [0x00000000f4800000,0x00000000f801c080,0x00000000fb800000)
 Metaspace       used 75188K, capacity 79306K, committed 80000K, reserved 1118208K
  class space    used 9477K, capacity 10198K, committed 10368K, reserved 1048576K
}
{Heap before GC invocations=769 (full 2):
 PSYoungGen      total 70656K, used 70656K [0x00000000fb800000, 0x0000000100000000, 0x0000000100000000)
  eden space 68608K, 100% used [0x00000000fb800000,0x00000000ffb00000,0x00000000ffb00000)
  from space 2048K, 100% used [0x00000000ffe00000,0x0000000100000000,0x0000000100000000)
  to   space 2560K, 0% used [0x00000000ffb00000,0x00000000ffb00000,0x00000000ffd80000)
 ParOldGen       total 114688K, used 57456K [0x00000000f4800000, 0x00000000fb800000, 0x00000000fb800000)
  object space 114688K, 50% used [0x00000000f4800000,0x00000000f801c080,0x00000000fb800000)
 Metaspace       used 75188K, capacity 79306K, committed 80000K, reserved 1118208K
  class space    used 9477K, capacity 10198K, committed 10368K, reserved 1048576K
2024-06-11T21:33:28.666+0800: 3267.880: [GC (Allocation Failure) [PSYoungGen: 70656K->1216K(71168K)] 128112K->60296K(185856K), 0.0070198 secs] [Times: user=0.01 sys=0.00, real=0.01 secs] 
Heap after GC invocations=769 (full 2):
 PSYoungGen      total 71168K, used 1216K [0x00000000fb800000, 0x0000000100000000, 0x0000000100000000)
  eden space 68608K, 0% used [0x00000000fb800000,0x00000000fb800000,0x00000000ffb00000)
  from space 2560K, 47% used [0x00000000ffb00000,0x00000000ffc30000,0x00000000ffd80000)
  to   space 2048K, 0% used [0x00000000ffe00000,0x00000000ffe00000,0x0000000100000000)
 ParOldGen       total 114688K, used 59080K [0x00000000f4800000, 0x00000000fb800000, 0x00000000fb800000)
  object space 114688K, 51% used [0x00000000f4800000,0x00000000f81b2080,0x00000000fb800000)
 Metaspace       used 75188K, capacity 79306K, committed 80000K, reserved 1118208K
  class space    used 9477K, capacity 10198K, committed 10368K, reserved 1048576K
}
{Heap before GC invocations=770 (full 2):
 PSYoungGen      total 71168K, used 69824K [0x00000000fb800000, 0x0000000100000000, 0x0000000100000000)
  eden space 68608K, 100% used [0x00000000fb800000,0x00000000ffb00000,0x00000000ffb00000)
  from space 2560K, 47% used [0x00000000ffb00000,0x00000000ffc30000,0x00000000ffd80000)
  to   space 2048K, 0% used [0x00000000ffe00000,0x00000000ffe00000,0x0000000100000000)
 ParOldGen       total 114688K, used 59080K [0x00000000f4800000, 0x00000000fb800000, 0x00000000fb800000)
  object space 114688K, 51% used [0x00000000f4800000,0x00000000f81b2080,0x00000000fb800000)
 Metaspace       used 75188K, capacity 79306K, committed 80000K, reserved 1118208K
  class space    used 9477K, capacity 10198K, committed 10368K, reserved 1048576K
2024-06-11T21:33:32.811+0800: 3272.024: [GC (Allocation Failure) [PSYoungGen: 69824K->928K(71680K)] 128904K->60440K(186368K), 0.0053764 secs] [Times: user=0.01 sys=0.00, real=0.00 secs] 
Heap after GC invocations=770 (full 2):
 PSYoungGen      total 71680K, used 928K [0x00000000fb800000, 0x0000000100000000, 0x0000000100000000)
  eden space 69632K, 0% used [0x00000000fb800000,0x00000000fb800000,0x00000000ffc00000)
  from space 2048K, 45% used [0x00000000ffe00000,0x00000000ffee8000,0x0000000100000000)
  to   space 2048K, 0% used [0x00000000ffc00000,0x00000000ffc00000,0x00000000ffe00000)
 ParOldGen       total 114688K, used 59512K [0x00000000f4800000, 0x00000000fb800000, 0x00000000fb800000)
  object space 114688K, 51% used [0x00000000f4800000,0x00000000f821e080,0x00000000fb800000)
 Metaspace       used 75188K, capacity 79306K, committed 80000K, reserved 1118208K
  class space    used 9477K, capacity 10198K, committed 10368K, reserved 1048576K
}
{Heap before GC invocations=771 (full 2):
 PSYoungGen      total 71680K, used 70560K [0x00000000fb800000, 0x0000000100000000, 0x0000000100000000)
  eden space 69632K, 100% used [0x00000000fb800000,0x00000000ffc00000,0x00000000ffc00000)
  from space 2048K, 45% used [0x00000000ffe00000,0x00000000ffee8000,0x0000000100000000)
  to   space 2048K, 0% used [0x00000000ffc00000,0x00000000ffc00000,0x00000000ffe00000)
 ParOldGen       total 114688K, used 59512K [0x00000000f4800000, 0x00000000fb800000, 0x00000000fb800000)
  object space 114688K, 51% used [0x00000000f4800000,0x00000000f821e080,0x00000000fb800000)
 Metaspace       used 75188K, capacity 79306K, committed 80000K, reserved 1118208K
  class space    used 9477K, capacity 10198K, committed 10368K, reserved 1048576K
2024-06-11T21:33:37.116+0800: 3276.329: [GC (Allocation Failure) [PSYoungGen: 70560K->928K(71680K)] 130072K->60512K(186368K), 0.0047635 secs] [Times: user=0.01 sys=0.00, real=0.01 secs] 
Heap after GC invocations=771 (full 2):
 PSYoungGen      total 71680K, used 928K [0x00000000fb800000, 0x0000000100000000, 0x0000000100000000)
  eden space 69632K, 0% used [0x00000000fb800000,0x00000000fb800000,0x00000000ffc00000)
  from space 2048K, 45% used [0x00000000ffc00000,0x00000000ffce8000,0x00000000ffe00000)
  to   space 2048K, 0% used [0x00000000ffe00000,0x00000000ffe00000,0x0000000100000000)
 ParOldGen       total 114688K, used 59584K [0x00000000f4800000, 0x00000000fb800000, 0x00000000fb800000)
  object space 114688K, 51% used [0x00000000f4800000,0x00000000f8230080,0x00000000fb800000)
 Metaspace       used 75188K, capacity 79306K, committed 80000K, reserved 1118208K
  class space    used 9477K, capacity 10198K, committed 10368K, reserved 1048576K
}
{Heap before GC invocations=772 (full 2):
 PSYoungGen      total 71680K, used 70560K [0x00000000fb800000, 0x0000000100000000, 0x0000000100000000)
  eden space 69632K, 100% used [0x00000000fb800000,0x00000000ffc00000,0x00000000ffc00000)
  from space 2048K, 45% used [0x00000000ffc00000,0x00000000ffce8000,0x00000000ffe00000)
  to   space 2048K, 0% used [0x00000000ffe00000,0x00000000ffe00000,0x0000000100000000)
 ParOldGen       total 114688K, used 59584K [0x00000000f4800000, 0x00000000fb800000, 0x00000000fb800000)
  object space 114688K, 51% used [0x00000000f4800000,0x00000000f8230080,0x00000000fb800000)
 Metaspace       used 75188K, capacity 79306K, committed 80000K, reserved 1118208K
  class space    used 9477K, capacity 10198K, committed 10368K, reserved 1048576K
2024-06-11T21:33:41.405+0800: 3280.618: [GC (Allocation Failure) [PSYoungGen: 70560K->928K(71680K)] 130144K->60592K(186368K), 0.0065103 secs] [Times: user=0.00 sys=0.00, real=0.01 secs] 
Heap after GC invocations=772 (full 2):
 PSYoungGen      total 71680K, used 928K [0x00000000fb800000, 0x0000000100000000, 0x0000000100000000)
  eden space 69632K, 0% used [0x00000000fb800000,0x00000000fb800000,0x00000000ffc00000)
  from space 2048K, 45% used [0x00000000ffe00000,0x00000000ffee8000,0x0000000100000000)
  to   space 2048K, 0% used [0x00000000ffc00000,0x00000000ffc00000,0x00000000ffe00000)
 ParOldGen       total 114688K, used 59664K [0x00000000f4800000, 0x00000000fb800000, 0x00000000fb800000)
  object space 114688K, 52% used [0x00000000f4800000,0x00000000f8244080,0x00000000fb800000)
 Metaspace       used 75188K, capacity 79306K, committed 80000K, reserved 1118208K
  class space    used 9477K, capacity 10198K, committed 10368K, reserved 1048576K
}
{Heap before GC invocations=773 (full 2):
 PSYoungGen      total 71680K, used 70560K [0x00000000fb800000, 0x0000000100000000, 0x0000000100000000)
  eden space 69632K, 100% used [0x00000000fb800000,0x00000000ffc00000,0x00000000ffc00000)
  from space 2048K, 45% used [0x00000000ffe00000,0x00000000ffee8000,0x0000000100000000)
  to   space 2048K, 0% used [0x00000000ffc00000,0x00000000ffc00000,0x00000000ffe00000)
 ParOldGen       total 114688K, used 59664K [0x00000000f4800000, 0x00000000fb800000, 0x00000000fb800000)
  object space 114688K, 52% used [0x00000000f4800000,0x00000000f8244080,0x00000000fb800000)
 Metaspace       used 75188K, capacity 79306K, committed 80000K, reserved 1118208K
  class space    used 9477K, capacity 10198K, committed 10368K, reserved 1048576K
2024-06-11T21:33:45.687+0800: 3284.900: [GC (Allocation Failure) [PSYoungGen: 70560K->928K(71680K)] 130224K->60672K(186368K), 0.0048928 secs] [Times: user=0.01 sys=0.00, real=0.01 secs] 
Heap after GC invocations=773 (full 2):
 PSYoungGen      total 71680K, used 928K [0x00000000fb800000, 0x0000000100000000, 0x0000000100000000)
  eden space 69632K, 0% used [0x00000000fb800000,0x00000000fb800000,0x00000000ffc00000)
  from space 2048K, 45% used [0x00000000ffc00000,0x00000000ffce8000,0x00000000ffe00000)
  to   space 2048K, 0% used [0x00000000ffe00000,0x00000000ffe00000,0x0000000100000000)
 ParOldGen       total 114688K, used 59744K [0x00000000f4800000, 0x00000000fb800000, 0x00000000fb800000)
  object space 114688K, 52% used [0x00000000f4800000,0x00000000f8258080,0x00000000fb800000)
 Metaspace       used 75188K, capacity 79306K, committed 80000K, reserved 1118208K
  class space    used 9477K, capacity 10198K, committed 10368K, reserved 1048576K
}
{Heap before GC invocations=774 (full 2):
 PSYoungGen      total 71680K, used 70560K [0x00000000fb800000, 0x0000000100000000, 0x0000000100000000)
  eden space 69632K, 100% used [0x00000000fb800000,0x00000000ffc00000,0x00000000ffc00000)
  from space 2048K, 45% used [0x00000000ffc00000,0x00000000ffce8000,0x00000000ffe00000)
  to   space 2048K, 0% used [0x00000000ffe00000,0x00000000ffe00000,0x0000000100000000)
 ParOldGen       total 114688K, used 59744K [0x00000000f4800000, 0x00000000fb800000, 0x00000000fb800000)
  object space 114688K, 52% used [0x00000000f4800000,0x00000000f8258080,0x00000000fb800000)
 Metaspace       used 75188K, capacity 79306K, committed 80000K, reserved 1118208K
  class space    used 9477K, capacity 10198K, committed 10368K, reserved 1048576K
2024-06-11T21:33:49.979+0800: 3289.192: [GC (Allocation Failure) [PSYoungGen: 70560K->960K(71680K)] 130304K->60784K(186368K), 0.0047677 secs] [Times: user=0.00 sys=0.00, real=0.01 secs] 
Heap after GC invocations=774 (full 2):
 PSYoungGen      total 71680K, used 960K [0x00000000fb800000, 0x0000000100000000, 0x0000000100000000)
  eden space 69632K, 0% used [0x00000000fb800000,0x00000000fb800000,0x00000000ffc00000)
  from space 2048K, 46% used [0x00000000ffe00000,0x00000000ffef0000,0x0000000100000000)
  to   space 2048K, 0% used [0x00000000ffc00000,0x00000000ffc00000,0x00000000ffe00000)
 ParOldGen       total 114688K, used 59824K [0x00000000f4800000, 0x00000000fb800000, 0x00000000fb800000)
  object space 114688K, 52% used [0x00000000f4800000,0x00000000f826c080,0x00000000fb800000)
 Metaspace       used 75188K, capacity 79306K, committed 80000K, reserved 1118208K
  class space    used 9477K, capacity 10198K, committed 10368K, reserved 1048576K
}
{Heap before GC invocations=775 (full 2):
 PSYoungGen      total 71680K, used 70592K [0x00000000fb800000, 0x0000000100000000, 0x0000000100000000)
  eden space 69632K, 100% used [0x00000000fb800000,0x00000000ffc00000,0x00000000ffc00000)
  from space 2048K, 46% used [0x00000000ffe00000,0x00000000ffef0000,0x0000000100000000)
  to   space 2048K, 0% used [0x00000000ffc00000,0x00000000ffc00000,0x00000000ffe00000)
 ParOldGen       total 114688K, used 59824K [0x00000000f4800000, 0x00000000fb800000, 0x00000000fb800000)
  object space 114688K, 52% used [0x00000000f4800000,0x00000000f826c080,0x00000000fb800000)
 Metaspace       used 75188K, capacity 79306K, committed 80000K, reserved 1118208K
  class space    used 9477K, capacity 10198K, committed 10368K, reserved 1048576K
2024-06-11T21:33:54.239+0800: 3293.452: [GC (Allocation Failure) [PSYoungGen: 70592K->928K(71680K)] 130416K->60832K(186368K), 0.0047675 secs] [Times: user=0.01 sys=0.00, real=0.01 secs] 
Heap after GC invocations=775 (full 2):
 PSYoungGen      total 71680K, used 928K [0x00000000fb800000, 0x0000000100000000, 0x0000000100000000)
  eden space 69632K, 0% used [0x00000000fb800000,0x00000000fb800000,0x00000000ffc00000)
  from space 2048K, 45% used [0x00000000ffc00000,0x00000000ffce8000,0x00000000ffe00000)
  to   space 2048K, 0% used [0x00000000ffe00000,0x00000000ffe00000,0x0000000100000000)
 ParOldGen       total 114688K, used 59904K [0x00000000f4800000, 0x00000000fb800000, 0x00000000fb800000)
  object space 114688K, 52% used [0x00000000f4800000,0x00000000f8280080,0x00000000fb800000)
 Metaspace       used 75188K, capacity 79306K, committed 80000K, reserved 1118208K
  class space    used 9477K, capacity 10198K, committed 10368K, reserved 1048576K
}
{Heap before GC invocations=776 (full 2):
 PSYoungGen      total 71680K, used 70560K [0x00000000fb800000, 0x0000000100000000, 0x0000000100000000)
  eden space 69632K, 100% used [0x00000000fb800000,0x00000000ffc00000,0x00000000ffc00000)
  from space 2048K, 45% used [0x00000000ffc00000,0x00000000ffce8000,0x00000000ffe00000)
  to   space 2048K, 0% used [0x00000000ffe00000,0x00000000ffe00000,0x0000000100000000)
 ParOldGen       total 114688K, used 59904K [0x00000000f4800000, 0x00000000fb800000, 0x00000000fb800000)
  object space 114688K, 52% used [0x00000000f4800000,0x00000000f8280080,0x00000000fb800000)
 Metaspace       used 75188K, capacity 79306K, committed 80000K, reserved 1118208K
  class space    used 9477K, capacity 10198K, committed 10368K, reserved 1048576K
2024-06-11T21:33:58.568+0800: 3297.781: [GC (Allocation Failure) [PSYoungGen: 70560K->896K(71680K)] 130464K->60880K(186368K), 0.0049602 secs] [Times: user=0.01 sys=0.00, real=0.01 secs] 
Heap after GC invocations=776 (full 2):
 PSYoungGen      total 71680K, used 896K [0x00000000fb800000, 0x0000000100000000, 0x0000000100000000)
  eden space 69632K, 0% used [0x00000000fb800000,0x00000000fb800000,0x00000000ffc00000)
  from space 2048K, 43% used [0x00000000ffe00000,0x00000000ffee0000,0x0000000100000000)
  to   space 2048K, 0% used [0x00000000ffc00000,0x00000000ffc00000,0x00000000ffe00000)
 ParOldGen       total 114688K, used 59984K [0x00000000f4800000, 0x00000000fb800000, 0x00000000fb800000)
  object space 114688K, 52% used [0x00000000f4800000,0x00000000f8294080,0x00000000fb800000)
 Metaspace       used 75188K, capacity 79306K, committed 80000K, reserved 1118208K
  class space    used 9477K, capacity 10198K, committed 10368K, reserved 1048576K
}
{Heap before GC invocations=777 (full 2):
 PSYoungGen      total 71680K, used 70528K [0x00000000fb800000, 0x0000000100000000, 0x0000000100000000)
  eden space 69632K, 100% used [0x00000000fb800000,0x00000000ffc00000,0x00000000ffc00000)
  from space 2048K, 43% used [0x00000000ffe00000,0x00000000ffee0000,0x0000000100000000)
  to   space 2048K, 0% used [0x00000000ffc00000,0x00000000ffc00000,0x00000000ffe00000)
 ParOldGen       total 114688K, used 59984K [0x00000000f4800000, 0x00000000fb800000, 0x00000000fb800000)
  object space 114688K, 52% used [0x00000000f4800000,0x00000000f8294080,0x00000000fb800000)
 Metaspace       used 75188K, capacity 79306K, committed 80000K, reserved 1118208K
  class space    used 9477K, capacity 10198K, committed 10368K, reserved 1048576K
2024-06-11T21:34:02.955+0800: 3302.168: [GC (Allocation Failure) [PSYoungGen: 70528K->928K(71680K)] 130512K->60992K(186368K), 0.0048661 secs] [Times: user=0.01 sys=0.00, real=0.00 secs] 
Heap after GC invocations=777 (full 2):
 PSYoungGen      total 71680K, used 928K [0x00000000fb800000, 0x0000000100000000, 0x0000000100000000)
  eden space 69632K, 0% used [0x00000000fb800000,0x00000000fb800000,0x00000000ffc00000)
  from space 2048K, 45% used [0x00000000ffc00000,0x00000000ffce8000,0x00000000ffe00000)
  to   space 2048K, 0% used [0x00000000ffe00000,0x00000000ffe00000,0x0000000100000000)
 ParOldGen       total 114688K, used 60064K [0x00000000f4800000, 0x00000000fb800000, 0x00000000fb800000)
  object space 114688K, 52% used [0x00000000f4800000,0x00000000f82a8080,0x00000000fb800000)
 Metaspace       used 75188K, capacity 79306K, committed 80000K, reserved 1118208K
  class space    used 9477K, capacity 10198K, committed 10368K, reserved 1048576K
}
{Heap before GC invocations=778 (full 2):
 PSYoungGen      total 71680K, used 70560K [0x00000000fb800000, 0x0000000100000000, 0x0000000100000000)
  eden space 69632K, 100% used [0x00000000fb800000,0x00000000ffc00000,0x00000000ffc00000)
  from space 2048K, 45% used [0x00000000ffc00000,0x00000000ffce8000,0x00000000ffe00000)
  to   space 2048K, 0% used [0x00000000ffe00000,0x00000000ffe00000,0x0000000100000000)
 ParOldGen       total 114688K, used 60064K [0x00000000f4800000, 0x00000000fb800000, 0x00000000fb800000)
  object space 114688K, 52% used [0x00000000f4800000,0x00000000f82a8080,0x00000000fb800000)
 Metaspace       used 75190K, capacity 79310K, committed 80000K, reserved 1118208K
  class space    used 9477K, capacity 10198K, committed 10368K, reserved 1048576K
2024-06-11T21:34:07.245+0800: 3306.458: [GC (Allocation Failure) [PSYoungGen: 70560K->960K(71680K)] 130624K->61112K(186368K), 0.0052975 secs] [Times: user=0.01 sys=0.00, real=0.00 secs] 
Heap after GC invocations=778 (full 2):
 PSYoungGen      total 71680K, used 960K [0x00000000fb800000, 0x0000000100000000, 0x0000000100000000)
  eden space 69632K, 0% used [0x00000000fb800000,0x00000000fb800000,0x00000000ffc00000)
  from space 2048K, 46% used [0x00000000ffe00000,0x00000000ffef0000,0x0000000100000000)
  to   space 2048K, 0% used [0x00000000ffc00000,0x00000000ffc00000,0x00000000ffe00000)
 ParOldGen       total 114688K, used 60152K [0x00000000f4800000, 0x00000000fb800000, 0x00000000fb800000)
  object space 114688K, 52% used [0x00000000f4800000,0x00000000f82be080,0x00000000fb800000)
 Metaspace       used 75190K, capacity 79310K, committed 80000K, reserved 1118208K
  class space    used 9477K, capacity 10198K, committed 10368K, reserved 1048576K
}
{Heap before GC invocations=779 (full 2):
 PSYoungGen      total 71680K, used 70592K [0x00000000fb800000, 0x0000000100000000, 0x0000000100000000)
  eden space 69632K, 100% used [0x00000000fb800000,0x00000000ffc00000,0x00000000ffc00000)
  from space 2048K, 46% used [0x00000000ffe00000,0x00000000ffef0000,0x0000000100000000)
  to   space 2048K, 0% used [0x00000000ffc00000,0x00000000ffc00000,0x00000000ffe00000)
 ParOldGen       total 114688K, used 60152K [0x00000000f4800000, 0x00000000fb800000, 0x00000000fb800000)
  object space 114688K, 52% used [0x00000000f4800000,0x00000000f82be080,0x00000000fb800000)
 Metaspace       used 75190K, capacity 79310K, committed 80000K, reserved 1118208K
  class space    used 9477K, capacity 10198K, committed 10368K, reserved 1048576K
2024-06-11T21:34:11.481+0800: 3310.694: [GC (Allocation Failure) [PSYoungGen: 70592K->960K(71680K)] 130744K->61200K(186368K), 0.0049333 secs] [Times: user=0.01 sys=0.00, real=0.00 secs] 
Heap after GC invocations=779 (full 2):
 PSYoungGen      total 71680K, used 960K [0x00000000fb800000, 0x0000000100000000, 0x0000000100000000)
  eden space 69632K, 0% used [0x00000000fb800000,0x00000000fb800000,0x00000000ffc00000)
  from space 2048K, 46% used [0x00000000ffc00000,0x00000000ffcf0000,0x00000000ffe00000)
  to   space 2048K, 0% used [0x00000000ffe00000,0x00000000ffe00000,0x0000000100000000)
 ParOldGen       total 114688K, used 60240K [0x00000000f4800000, 0x00000000fb800000, 0x00000000fb800000)
  object space 114688K, 52% used [0x00000000f4800000,0x00000000f82d4080,0x00000000fb800000)
 Metaspace       used 75190K, capacity 79310K, committed 80000K, reserved 1118208K
  class space    used 9477K, capacity 10198K, committed 10368K, reserved 1048576K
}
{Heap before GC invocations=780 (full 2):
 PSYoungGen      total 71680K, used 70592K [0x00000000fb800000, 0x0000000100000000, 0x0000000100000000)
  eden space 69632K, 100% used [0x00000000fb800000,0x00000000ffc00000,0x00000000ffc00000)
  from space 2048K, 46% used [0x00000000ffc00000,0x00000000ffcf0000,0x00000000ffe00000)
  to   space 2048K, 0% used [0x00000000ffe00000,0x00000000ffe00000,0x0000000100000000)
 ParOldGen       total 114688K, used 60240K [0x00000000f4800000, 0x00000000fb800000, 0x00000000fb800000)
  object space 114688K, 52% used [0x00000000f4800000,0x00000000f82d4080,0x00000000fb800000)
 Metaspace       used 75190K, capacity 79310K, committed 80000K, reserved 1118208K
  class space    used 9477K, capacity 10198K, committed 10368K, reserved 1048576K
2024-06-11T21:34:15.778+0800: 3314.991: [GC (Allocation Failure) [PSYoungGen: 70592K->928K(72192K)] 130832K->61240K(186880K), 0.0089969 secs] [Times: user=0.00 sys=0.00, real=0.01 secs] 
Heap after GC invocations=780 (full 2):
 PSYoungGen      total 72192K, used 928K [0x00000000fb800000, 0x0000000100000000, 0x0000000100000000)
  eden space 70144K, 0% used [0x00000000fb800000,0x00000000fb800000,0x00000000ffc80000)
  from space 2048K, 45% used [0x00000000ffe00000,0x00000000ffee8000,0x0000000100000000)
  to   space 1536K, 0% used [0x00000000ffc80000,0x00000000ffc80000,0x00000000ffe00000)
 ParOldGen       total 114688K, used 60312K [0x00000000f4800000, 0x00000000fb800000, 0x00000000fb800000)
  object space 114688K, 52% used [0x00000000f4800000,0x00000000f82e6080,0x00000000fb800000)
 Metaspace       used 75190K, capacity 79310K, committed 80000K, reserved 1118208K
  class space    used 9477K, capacity 10198K, committed 10368K, reserved 1048576K
}
{Heap before GC invocations=781 (full 2):
 PSYoungGen      total 72192K, used 71072K [0x00000000fb800000, 0x0000000100000000, 0x0000000100000000)
  eden space 70144K, 100% used [0x00000000fb800000,0x00000000ffc80000,0x00000000ffc80000)
  from space 2048K, 45% used [0x00000000ffe00000,0x00000000ffee8000,0x0000000100000000)
  to   space 1536K, 0% used [0x00000000ffc80000,0x00000000ffc80000,0x00000000ffe00000)
 ParOldGen       total 114688K, used 60312K [0x00000000f4800000, 0x00000000fb800000, 0x00000000fb800000)
  object space 114688K, 52% used [0x00000000f4800000,0x00000000f82e6080,0x00000000fb800000)
 Metaspace       used 75190K, capacity 79310K, committed 80000K, reserved 1118208K
  class space    used 9477K, capacity 10198K, committed 10368K, reserved 1048576K
2024-06-11T21:34:19.949+0800: 3319.162: [GC (Allocation Failure) [PSYoungGen: 71072K->928K(71680K)] 131384K->61320K(186368K), 0.0047247 secs] [Times: user=0.01 sys=0.00, real=0.01 secs] 
Heap after GC invocations=781 (full 2):
 PSYoungGen      total 71680K, used 928K [0x00000000fb800000, 0x0000000100000000, 0x0000000100000000)
  eden space 70144K, 0% used [0x00000000fb800000,0x00000000fb800000,0x00000000ffc80000)
  from space 1536K, 60% used [0x00000000ffc80000,0x00000000ffd68000,0x00000000ffe00000)
  to   space 1536K, 0% used [0x00000000ffe80000,0x00000000ffe80000,0x0000000100000000)
 ParOldGen       total 114688K, used 60392K [0x00000000f4800000, 0x00000000fb800000, 0x00000000fb800000)
  object space 114688K, 52% used [0x00000000f4800000,0x00000000f82fa080,0x00000000fb800000)
 Metaspace       used 75190K, capacity 79310K, committed 80000K, reserved 1118208K
  class space    used 9477K, capacity 10198K, committed 10368K, reserved 1048576K
}
{Heap before GC invocations=782 (full 2):
 PSYoungGen      total 71680K, used 71072K [0x00000000fb800000, 0x0000000100000000, 0x0000000100000000)
  eden space 70144K, 100% used [0x00000000fb800000,0x00000000ffc80000,0x00000000ffc80000)
  from space 1536K, 60% used [0x00000000ffc80000,0x00000000ffd68000,0x00000000ffe00000)
  to   space 1536K, 0% used [0x00000000ffe80000,0x00000000ffe80000,0x0000000100000000)
 ParOldGen       total 114688K, used 60392K [0x00000000f4800000, 0x00000000fb800000, 0x00000000fb800000)
  object space 114688K, 52% used [0x00000000f4800000,0x00000000f82fa080,0x00000000fb800000)
 Metaspace       used 75193K, capacity 79310K, committed 80000K, reserved 1118208K
  class space    used 9477K, capacity 10198K, committed 10368K, reserved 1048576K
2024-06-11T21:34:24.477+0800: 3323.691: [GC (Allocation Failure) [PSYoungGen: 71072K->1536K(71168K)] 131464K->62480K(185856K), 0.0063811 secs] [Times: user=0.01 sys=0.00, real=0.01 secs] 
Heap after GC invocations=782 (full 2):
 PSYoungGen      total 71168K, used 1536K [0x00000000fb800000, 0x0000000100000000, 0x0000000100000000)
  eden space 69632K, 0% used [0x00000000fb800000,0x00000000fb800000,0x00000000ffc00000)
  from space 1536K, 100% used [0x00000000ffe80000,0x0000000100000000,0x0000000100000000)
  to   space 2048K, 0% used [0x00000000ffc00000,0x00000000ffc00000,0x00000000ffe00000)
 ParOldGen       total 114688K, used 60944K [0x00000000f4800000, 0x00000000fb800000, 0x00000000fb800000)
  object space 114688K, 53% used [0x00000000f4800000,0x00000000f8384080,0x00000000fb800000)
 Metaspace       used 75193K, capacity 79310K, committed 80000K, reserved 1118208K
  class space    used 9477K, capacity 10198K, committed 10368K, reserved 1048576K
}
{Heap before GC invocations=783 (full 2):
 PSYoungGen      total 71168K, used 71168K [0x00000000fb800000, 0x0000000100000000, 0x0000000100000000)
  eden space 69632K, 100% used [0x00000000fb800000,0x00000000ffc00000,0x00000000ffc00000)
  from space 1536K, 100% used [0x00000000ffe80000,0x0000000100000000,0x0000000100000000)
  to   space 2048K, 0% used [0x00000000ffc00000,0x00000000ffc00000,0x00000000ffe00000)
 ParOldGen       total 114688K, used 60944K [0x00000000f4800000, 0x00000000fb800000, 0x00000000fb800000)
  object space 114688K, 53% used [0x00000000f4800000,0x00000000f8384080,0x00000000fb800000)
 Metaspace       used 75193K, capacity 79310K, committed 80000K, reserved 1118208K
  class space    used 9477K, capacity 10198K, committed 10368K, reserved 1048576K
2024-06-11T21:34:28.705+0800: 3327.918: [GC (Allocation Failure) [PSYoungGen: 71168K->1952K(71680K)] 132112K->64392K(186368K), 0.0075455 secs] [Times: user=0.02 sys=0.00, real=0.01 secs] 
Heap after GC invocations=783 (full 2):
 PSYoungGen      total 71680K, used 1952K [0x00000000fb800000, 0x0000000100000000, 0x0000000100000000)
  eden space 69632K, 0% used [0x00000000fb800000,0x00000000fb800000,0x00000000ffc00000)
  from space 2048K, 95% used [0x00000000ffc00000,0x00000000ffde8000,0x00000000ffe00000)
  to   space 2048K, 0% used [0x00000000ffe00000,0x00000000ffe00000,0x0000000100000000)
 ParOldGen       total 114688K, used 62440K [0x00000000f4800000, 0x00000000fb800000, 0x00000000fb800000)
  object space 114688K, 54% used [0x00000000f4800000,0x00000000f84fa080,0x00000000fb800000)
 Metaspace       used 75193K, capacity 79310K, committed 80000K, reserved 1118208K
  class space    used 9477K, capacity 10198K, committed 10368K, reserved 1048576K
}
{Heap before GC invocations=784 (full 2):
 PSYoungGen      total 71680K, used 71584K [0x00000000fb800000, 0x0000000100000000, 0x0000000100000000)
  eden space 69632K, 100% used [0x00000000fb800000,0x00000000ffc00000,0x00000000ffc00000)
  from space 2048K, 95% used [0x00000000ffc00000,0x00000000ffde8000,0x00000000ffe00000)
  to   space 2048K, 0% used [0x00000000ffe00000,0x00000000ffe00000,0x0000000100000000)
 ParOldGen       total 114688K, used 62440K [0x00000000f4800000, 0x00000000fb800000, 0x00000000fb800000)
  object space 114688K, 54% used [0x00000000f4800000,0x00000000f84fa080,0x00000000fb800000)
 Metaspace       used 75193K, capacity 79310K, committed 80000K, reserved 1118208K
  class space    used 9477K, capacity 10198K, committed 10368K, reserved 1048576K
2024-06-11T21:34:33.200+0800: 3332.414: [GC (Allocation Failure) [PSYoungGen: 71584K->960K(71680K)] 134024K->64504K(186368K), 0.0061697 secs] [Times: user=0.01 sys=0.00, real=0.01 secs] 
Heap after GC invocations=784 (full 2):
 PSYoungGen      total 71680K, used 960K [0x00000000fb800000, 0x0000000100000000, 0x0000000100000000)
  eden space 69632K, 0% used [0x00000000fb800000,0x00000000fb800000,0x00000000ffc00000)
  from space 2048K, 46% used [0x00000000ffe00000,0x00000000ffef0000,0x0000000100000000)
  to   space 2048K, 0% used [0x00000000ffc00000,0x00000000ffc00000,0x00000000ffe00000)
 ParOldGen       total 114688K, used 63544K [0x00000000f4800000, 0x00000000fb800000, 0x00000000fb800000)
  object space 114688K, 55% used [0x00000000f4800000,0x00000000f860e080,0x00000000fb800000)
 Metaspace       used 75193K, capacity 79310K, committed 80000K, reserved 1118208K
  class space    used 9477K, capacity 10198K, committed 10368K, reserved 1048576K
}
{Heap before GC invocations=785 (full 2):
 PSYoungGen      total 71680K, used 70592K [0x00000000fb800000, 0x0000000100000000, 0x0000000100000000)
  eden space 69632K, 100% used [0x00000000fb800000,0x00000000ffc00000,0x00000000ffc00000)
  from space 2048K, 46% used [0x00000000ffe00000,0x00000000ffef0000,0x0000000100000000)
  to   space 2048K, 0% used [0x00000000ffc00000,0x00000000ffc00000,0x00000000ffe00000)
 ParOldGen       total 114688K, used 63544K [0x00000000f4800000, 0x00000000fb800000, 0x00000000fb800000)
  object space 114688K, 55% used [0x00000000f4800000,0x00000000f860e080,0x00000000fb800000)
 Metaspace       used 75193K, capacity 79310K, committed 80000K, reserved 1118208K
  class space    used 9477K, capacity 10198K, committed 10368K, reserved 1048576K
2024-06-11T21:34:37.525+0800: 3336.738: [GC (Allocation Failure) [PSYoungGen: 70592K->960K(71680K)] 134136K->64584K(186368K), 0.0058246 secs] [Times: user=0.01 sys=0.00, real=0.01 secs] 
Heap after GC invocations=785 (full 2):
 PSYoungGen      total 71680K, used 960K [0x00000000fb800000, 0x0000000100000000, 0x0000000100000000)
  eden space 69632K, 0% used [0x00000000fb800000,0x00000000fb800000,0x00000000ffc00000)
  from space 2048K, 46% used [0x00000000ffc00000,0x00000000ffcf0000,0x00000000ffe00000)
  to   space 2048K, 0% used [0x00000000ffe00000,0x00000000ffe00000,0x0000000100000000)
 ParOldGen       total 114688K, used 63624K [0x00000000f4800000, 0x00000000fb800000, 0x00000000fb800000)
  object space 114688K, 55% used [0x00000000f4800000,0x00000000f8622080,0x00000000fb800000)
 Metaspace       used 75193K, capacity 79310K, committed 80000K, reserved 1118208K
  class space    used 9477K, capacity 10198K, committed 10368K, reserved 1048576K
}
{Heap before GC invocations=786 (full 2):
 PSYoungGen      total 71680K, used 70592K [0x00000000fb800000, 0x0000000100000000, 0x0000000100000000)
  eden space 69632K, 100% used [0x00000000fb800000,0x00000000ffc00000,0x00000000ffc00000)
  from space 2048K, 46% used [0x00000000ffc00000,0x00000000ffcf0000,0x00000000ffe00000)
  to   space 2048K, 0% used [0x00000000ffe00000,0x00000000ffe00000,0x0000000100000000)
 ParOldGen       total 114688K, used 63624K [0x00000000f4800000, 0x00000000fb800000, 0x00000000fb800000)
  object space 114688K, 55% used [0x00000000f4800000,0x00000000f8622080,0x00000000fb800000)
 Metaspace       used 75193K, capacity 79310K, committed 80000K, reserved 1118208K
  class space    used 9477K, capacity 10198K, committed 10368K, reserved 1048576K
2024-06-11T21:34:41.966+0800: 3341.179: [GC (Allocation Failure) [PSYoungGen: 70592K->928K(71680K)] 134216K->64632K(186368K), 0.0085936 secs] [Times: user=0.01 sys=0.00, real=0.01 secs] 
Heap after GC invocations=786 (full 2):
 PSYoungGen      total 71680K, used 928K [0x00000000fb800000, 0x0000000100000000, 0x0000000100000000)
  eden space 69632K, 0% used [0x00000000fb800000,0x00000000fb800000,0x00000000ffc00000)
  from space 2048K, 45% used [0x00000000ffe00000,0x00000000ffee8000,0x0000000100000000)
  to   space 2048K, 0% used [0x00000000ffc00000,0x00000000ffc00000,0x00000000ffe00000)
 ParOldGen       total 114688K, used 63704K [0x00000000f4800000, 0x00000000fb800000, 0x00000000fb800000)
  object space 114688K, 55% used [0x00000000f4800000,0x00000000f8636080,0x00000000fb800000)
 Metaspace       used 75193K, capacity 79310K, committed 80000K, reserved 1118208K
  class space    used 9477K, capacity 10198K, committed 10368K, reserved 1048576K
}
{Heap before GC invocations=787 (full 2):
 PSYoungGen      total 71680K, used 70560K [0x00000000fb800000, 0x0000000100000000, 0x0000000100000000)
  eden space 69632K, 100% used [0x00000000fb800000,0x00000000ffc00000,0x00000000ffc00000)
  from space 2048K, 45% used [0x00000000ffe00000,0x00000000ffee8000,0x0000000100000000)
  to   space 2048K, 0% used [0x00000000ffc00000,0x00000000ffc00000,0x00000000ffe00000)
 ParOldGen       total 114688K, used 63704K [0x00000000f4800000, 0x00000000fb800000, 0x00000000fb800000)
  object space 114688K, 55% used [0x00000000f4800000,0x00000000f8636080,0x00000000fb800000)
 Metaspace       used 75193K, capacity 79310K, committed 80000K, reserved 1118208K
  class space    used 9477K, capacity 10198K, committed 10368K, reserved 1048576K
2024-06-11T21:34:46.319+0800: 3345.532: [GC (Allocation Failure) [PSYoungGen: 70560K->928K(71680K)] 134264K->64712K(186368K), 0.0048078 secs] [Times: user=0.01 sys=0.00, real=0.01 secs] 
Heap after GC invocations=787 (full 2):
 PSYoungGen      total 71680K, used 928K [0x00000000fb800000, 0x0000000100000000, 0x0000000100000000)
  eden space 69632K, 0% used [0x00000000fb800000,0x00000000fb800000,0x00000000ffc00000)
  from space 2048K, 45% used [0x00000000ffc00000,0x00000000ffce8000,0x00000000ffe00000)
  to   space 2048K, 0% used [0x00000000ffe00000,0x00000000ffe00000,0x0000000100000000)
 ParOldGen       total 114688K, used 63784K [0x00000000f4800000, 0x00000000fb800000, 0x00000000fb800000)
  object space 114688K, 55% used [0x00000000f4800000,0x00000000f864a080,0x00000000fb800000)
 Metaspace       used 75193K, capacity 79310K, committed 80000K, reserved 1118208K
  class space    used 9477K, capacity 10198K, committed 10368K, reserved 1048576K
}
{Heap before GC invocations=788 (full 2):
 PSYoungGen      total 71680K, used 70560K [0x00000000fb800000, 0x0000000100000000, 0x0000000100000000)
  eden space 69632K, 100% used [0x00000000fb800000,0x00000000ffc00000,0x00000000ffc00000)
  from space 2048K, 45% used [0x00000000ffc00000,0x00000000ffce8000,0x00000000ffe00000)
  to   space 2048K, 0% used [0x00000000ffe00000,0x00000000ffe00000,0x0000000100000000)
 ParOldGen       total 114688K, used 63784K [0x00000000f4800000, 0x00000000fb800000, 0x00000000fb800000)
  object space 114688K, 55% used [0x00000000f4800000,0x00000000f864a080,0x00000000fb800000)
 Metaspace       used 75193K, capacity 79310K, committed 80000K, reserved 1118208K
  class space    used 9477K, capacity 10198K, committed 10368K, reserved 1048576K
2024-06-11T21:34:50.512+0800: 3349.725: [GC (Allocation Failure) [PSYoungGen: 70560K->928K(71680K)] 134344K->64792K(186368K), 0.0058250 secs] [Times: user=0.00 sys=0.01, real=0.00 secs] 
Heap after GC invocations=788 (full 2):
 PSYoungGen      total 71680K, used 928K [0x00000000fb800000, 0x0000000100000000, 0x0000000100000000)
  eden space 69632K, 0% used [0x00000000fb800000,0x00000000fb800000,0x00000000ffc00000)
  from space 2048K, 45% used [0x00000000ffe00000,0x00000000ffee8000,0x0000000100000000)
  to   space 2048K, 0% used [0x00000000ffc00000,0x00000000ffc00000,0x00000000ffe00000)
 ParOldGen       total 114688K, used 63864K [0x00000000f4800000, 0x00000000fb800000, 0x00000000fb800000)
  object space 114688K, 55% used [0x00000000f4800000,0x00000000f865e080,0x00000000fb800000)
 Metaspace       used 75193K, capacity 79310K, committed 80000K, reserved 1118208K
  class space    used 9477K, capacity 10198K, committed 10368K, reserved 1048576K
}
{Heap before GC invocations=789 (full 2):
 PSYoungGen      total 71680K, used 70560K [0x00000000fb800000, 0x0000000100000000, 0x0000000100000000)
  eden space 69632K, 100% used [0x00000000fb800000,0x00000000ffc00000,0x00000000ffc00000)
  from space 2048K, 45% used [0x00000000ffe00000,0x00000000ffee8000,0x0000000100000000)
  to   space 2048K, 0% used [0x00000000ffc00000,0x00000000ffc00000,0x00000000ffe00000)
 ParOldGen       total 114688K, used 63864K [0x00000000f4800000, 0x00000000fb800000, 0x00000000fb800000)
  object space 114688K, 55% used [0x00000000f4800000,0x00000000f865e080,0x00000000fb800000)
 Metaspace       used 75193K, capacity 79310K, committed 80000K, reserved 1118208K
  class space    used 9477K, capacity 10198K, committed 10368K, reserved 1048576K
2024-06-11T21:34:55.009+0800: 3354.222: [GC (Allocation Failure) [PSYoungGen: 70560K->928K(71680K)] 134424K->64880K(186368K), 0.0050180 secs] [Times: user=0.01 sys=0.00, real=0.01 secs] 
Heap after GC invocations=789 (full 2):
 PSYoungGen      total 71680K, used 928K [0x00000000fb800000, 0x0000000100000000, 0x0000000100000000)
  eden space 69632K, 0% used [0x00000000fb800000,0x00000000fb800000,0x00000000ffc00000)
  from space 2048K, 45% used [0x00000000ffc00000,0x00000000ffce8000,0x00000000ffe00000)
  to   space 2048K, 0% used [0x00000000ffe00000,0x00000000ffe00000,0x0000000100000000)
 ParOldGen       total 114688K, used 63952K [0x00000000f4800000, 0x00000000fb800000, 0x00000000fb800000)
  object space 114688K, 55% used [0x00000000f4800000,0x00000000f8674080,0x00000000fb800000)
 Metaspace       used 75193K, capacity 79310K, committed 80000K, reserved 1118208K
  class space    used 9477K, capacity 10198K, committed 10368K, reserved 1048576K
}
{Heap before GC invocations=790 (full 2):
 PSYoungGen      total 71680K, used 70560K [0x00000000fb800000, 0x0000000100000000, 0x0000000100000000)
  eden space 69632K, 100% used [0x00000000fb800000,0x00000000ffc00000,0x00000000ffc00000)
  from space 2048K, 45% used [0x00000000ffc00000,0x00000000ffce8000,0x00000000ffe00000)
  to   space 2048K, 0% used [0x00000000ffe00000,0x00000000ffe00000,0x0000000100000000)
 ParOldGen       total 114688K, used 63952K [0x00000000f4800000, 0x00000000fb800000, 0x00000000fb800000)
  object space 114688K, 55% used [0x00000000f4800000,0x00000000f8674080,0x00000000fb800000)
 Metaspace       used 75193K, capacity 79310K, committed 80000K, reserved 1118208K
  class space    used 9477K, capacity 10198K, committed 10368K, reserved 1048576K
2024-06-11T21:34:59.140+0800: 3358.353: [GC (Allocation Failure) [PSYoungGen: 70560K->960K(71680K)] 134512K->64992K(186368K), 0.0048874 secs] [Times: user=0.01 sys=0.00, real=0.01 secs] 
Heap after GC invocations=790 (full 2):
 PSYoungGen      total 71680K, used 960K [0x00000000fb800000, 0x0000000100000000, 0x0000000100000000)
  eden space 69632K, 0% used [0x00000000fb800000,0x00000000fb800000,0x00000000ffc00000)
  from space 2048K, 46% used [0x00000000ffe00000,0x00000000ffef0000,0x0000000100000000)
  to   space 2048K, 0% used [0x00000000ffc00000,0x00000000ffc00000,0x00000000ffe00000)
 ParOldGen       total 114688K, used 64032K [0x00000000f4800000, 0x00000000fb800000, 0x00000000fb800000)
  object space 114688K, 55% used [0x00000000f4800000,0x00000000f8688080,0x00000000fb800000)
 Metaspace       used 75193K, capacity 79310K, committed 80000K, reserved 1118208K
  class space    used 9477K, capacity 10198K, committed 10368K, reserved 1048576K
}
{Heap before GC invocations=791 (full 2):
 PSYoungGen      total 71680K, used 70592K [0x00000000fb800000, 0x0000000100000000, 0x0000000100000000)
  eden space 69632K, 100% used [0x00000000fb800000,0x00000000ffc00000,0x00000000ffc00000)
  from space 2048K, 46% used [0x00000000ffe00000,0x00000000ffef0000,0x0000000100000000)
  to   space 2048K, 0% used [0x00000000ffc00000,0x00000000ffc00000,0x00000000ffe00000)
 ParOldGen       total 114688K, used 64032K [0x00000000f4800000, 0x00000000fb800000, 0x00000000fb800000)
  object space 114688K, 55% used [0x00000000f4800000,0x00000000f8688080,0x00000000fb800000)
 Metaspace       used 75193K, capacity 79310K, committed 80000K, reserved 1118208K
  class space    used 9477K, capacity 10198K, committed 10368K, reserved 1048576K
2024-06-11T21:35:03.449+0800: 3362.662: [GC (Allocation Failure) [PSYoungGen: 70592K->896K(71680K)] 134624K->65016K(186368K), 0.0049034 secs] [Times: user=0.01 sys=0.00, real=0.01 secs] 
Heap after GC invocations=791 (full 2):
 PSYoungGen      total 71680K, used 896K [0x00000000fb800000, 0x0000000100000000, 0x0000000100000000)
  eden space 69632K, 0% used [0x00000000fb800000,0x00000000fb800000,0x00000000ffc00000)
  from space 2048K, 43% used [0x00000000ffc00000,0x00000000ffce0000,0x00000000ffe00000)
  to   space 2048K, 0% used [0x00000000ffe00000,0x00000000ffe00000,0x0000000100000000)
 ParOldGen       total 114688K, used 64120K [0x00000000f4800000, 0x00000000fb800000, 0x00000000fb800000)
  object space 114688K, 55% used [0x00000000f4800000,0x00000000f869e080,0x00000000fb800000)
 Metaspace       used 75193K, capacity 79310K, committed 80000K, reserved 1118208K
  class space    used 9477K, capacity 10198K, committed 10368K, reserved 1048576K
}
{Heap before GC invocations=792 (full 2):
 PSYoungGen      total 71680K, used 70528K [0x00000000fb800000, 0x0000000100000000, 0x0000000100000000)
  eden space 69632K, 100% used [0x00000000fb800000,0x00000000ffc00000,0x00000000ffc00000)
  from space 2048K, 43% used [0x00000000ffc00000,0x00000000ffce0000,0x00000000ffe00000)
  to   space 2048K, 0% used [0x00000000ffe00000,0x00000000ffe00000,0x0000000100000000)
 ParOldGen       total 114688K, used 64120K [0x00000000f4800000, 0x00000000fb800000, 0x00000000fb800000)
  object space 114688K, 55% used [0x00000000f4800000,0x00000000f869e080,0x00000000fb800000)
 Metaspace       used 75193K, capacity 79310K, committed 80000K, reserved 1118208K
  class space    used 9477K, capacity 10198K, committed 10368K, reserved 1048576K
2024-06-11T21:35:07.749+0800: 3366.963: [GC (Allocation Failure) [PSYoungGen: 70528K->1454K(71680K)] 134648K->65654K(186368K), 0.0053155 secs] [Times: user=0.01 sys=0.00, real=0.01 secs] 
Heap after GC invocations=792 (full 2):
 PSYoungGen      total 71680K, used 1454K [0x00000000fb800000, 0x0000000100000000, 0x0000000100000000)
  eden space 69632K, 0% used [0x00000000fb800000,0x00000000fb800000,0x00000000ffc00000)
  from space 2048K, 70% used [0x00000000ffe00000,0x00000000fff6b840,0x0000000100000000)
  to   space 2048K, 0% used [0x00000000ffc00000,0x00000000ffc00000,0x00000000ffe00000)
 ParOldGen       total 114688K, used 64200K [0x00000000f4800000, 0x00000000fb800000, 0x00000000fb800000)
  object space 114688K, 55% used [0x00000000f4800000,0x00000000f86b2080,0x00000000fb800000)
 Metaspace       used 75193K, capacity 79310K, committed 80000K, reserved 1118208K
  class space    used 9477K, capacity 10198K, committed 10368K, reserved 1048576K
}
{Heap before GC invocations=793 (full 2):
 PSYoungGen      total 71680K, used 71086K [0x00000000fb800000, 0x0000000100000000, 0x0000000100000000)
  eden space 69632K, 100% used [0x00000000fb800000,0x00000000ffc00000,0x00000000ffc00000)
  from space 2048K, 70% used [0x00000000ffe00000,0x00000000fff6b840,0x0000000100000000)
  to   space 2048K, 0% used [0x00000000ffc00000,0x00000000ffc00000,0x00000000ffe00000)
 ParOldGen       total 114688K, used 64200K [0x00000000f4800000, 0x00000000fb800000, 0x00000000fb800000)
  object space 114688K, 55% used [0x00000000f4800000,0x00000000f86b2080,0x00000000fb800000)
 Metaspace       used 75193K, capacity 79310K, committed 80000K, reserved 1118208K
  class space    used 9477K, capacity 10198K, committed 10368K, reserved 1048576K
2024-06-11T21:35:12.497+0800: 3371.711: [GC (Allocation Failure) [PSYoungGen: 71086K->928K(71680K)] 135286K->65208K(186368K), 0.0048445 secs] [Times: user=0.01 sys=0.00, real=0.01 secs] 
Heap after GC invocations=793 (full 2):
 PSYoungGen      total 71680K, used 928K [0x00000000fb800000, 0x0000000100000000, 0x0000000100000000)
  eden space 69632K, 0% used [0x00000000fb800000,0x00000000fb800000,0x00000000ffc00000)
  from space 2048K, 45% used [0x00000000ffc00000,0x00000000ffce8000,0x00000000ffe00000)
  to   space 2048K, 0% used [0x00000000ffe00000,0x00000000ffe00000,0x0000000100000000)
 ParOldGen       total 114688K, used 64280K [0x00000000f4800000, 0x00000000fb800000, 0x00000000fb800000)
  object space 114688K, 56% used [0x00000000f4800000,0x00000000f86c6080,0x00000000fb800000)
 Metaspace       used 75193K, capacity 79310K, committed 80000K, reserved 1118208K
  class space    used 9477K, capacity 10198K, committed 10368K, reserved 1048576K
}
{Heap before GC invocations=794 (full 2):
 PSYoungGen      total 71680K, used 70560K [0x00000000fb800000, 0x0000000100000000, 0x0000000100000000)
  eden space 69632K, 100% used [0x00000000fb800000,0x00000000ffc00000,0x00000000ffc00000)
  from space 2048K, 45% used [0x00000000ffc00000,0x00000000ffce8000,0x00000000ffe00000)
  to   space 2048K, 0% used [0x00000000ffe00000,0x00000000ffe00000,0x0000000100000000)
 ParOldGen       total 114688K, used 64280K [0x00000000f4800000, 0x00000000fb800000, 0x00000000fb800000)
  object space 114688K, 56% used [0x00000000f4800000,0x00000000f86c6080,0x00000000fb800000)
 Metaspace       used 75193K, capacity 79310K, committed 80000K, reserved 1118208K
  class space    used 9477K, capacity 10198K, committed 10368K, reserved 1048576K
2024-06-11T21:35:16.940+0800: 3376.153: [GC (Allocation Failure) [PSYoungGen: 70560K->896K(71680K)] 134840K->65264K(186368K), 0.0047623 secs] [Times: user=0.01 sys=0.00, real=0.01 secs] 
Heap after GC invocations=794 (full 2):
 PSYoungGen      total 71680K, used 896K [0x00000000fb800000, 0x0000000100000000, 0x0000000100000000)
  eden space 69632K, 0% used [0x00000000fb800000,0x00000000fb800000,0x00000000ffc00000)
  from space 2048K, 43% used [0x00000000ffe00000,0x00000000ffee0000,0x0000000100000000)
  to   space 2048K, 0% used [0x00000000ffc00000,0x00000000ffc00000,0x00000000ffe00000)
 ParOldGen       total 114688K, used 64368K [0x00000000f4800000, 0x00000000fb800000, 0x00000000fb800000)
  object space 114688K, 56% used [0x00000000f4800000,0x00000000f86dc080,0x00000000fb800000)
 Metaspace       used 75193K, capacity 79310K, committed 80000K, reserved 1118208K
  class space    used 9477K, capacity 10198K, committed 10368K, reserved 1048576K
}
{Heap before GC invocations=795 (full 2):
 PSYoungGen      total 71680K, used 70528K [0x00000000fb800000, 0x0000000100000000, 0x0000000100000000)
  eden space 69632K, 100% used [0x00000000fb800000,0x00000000ffc00000,0x00000000ffc00000)
  from space 2048K, 43% used [0x00000000ffe00000,0x00000000ffee0000,0x0000000100000000)
  to   space 2048K, 0% used [0x00000000ffc00000,0x00000000ffc00000,0x00000000ffe00000)
 ParOldGen       total 114688K, used 64368K [0x00000000f4800000, 0x00000000fb800000, 0x00000000fb800000)
  object space 114688K, 56% used [0x00000000f4800000,0x00000000f86dc080,0x00000000fb800000)
 Metaspace       used 75193K, capacity 79310K, committed 80000K, reserved 1118208K
  class space    used 9477K, capacity 10198K, committed 10368K, reserved 1048576K
2024-06-11T21:35:21.464+0800: 3380.677: [GC (Allocation Failure) [PSYoungGen: 70528K->928K(71680K)] 134896K->65368K(186368K), 0.0050624 secs] [Times: user=0.01 sys=0.00, real=0.00 secs] 
Heap after GC invocations=795 (full 2):
 PSYoungGen      total 71680K, used 928K [0x00000000fb800000, 0x0000000100000000, 0x0000000100000000)
  eden space 69632K, 0% used [0x00000000fb800000,0x00000000fb800000,0x00000000ffc00000)
  from space 2048K, 45% used [0x00000000ffc00000,0x00000000ffce8000,0x00000000ffe00000)
  to   space 2048K, 0% used [0x00000000ffe00000,0x00000000ffe00000,0x0000000100000000)
 ParOldGen       total 114688K, used 64440K [0x00000000f4800000, 0x00000000fb800000, 0x00000000fb800000)
  object space 114688K, 56% used [0x00000000f4800000,0x00000000f86ee080,0x00000000fb800000)
 Metaspace       used 75193K, capacity 79310K, committed 80000K, reserved 1118208K
  class space    used 9477K, capacity 10198K, committed 10368K, reserved 1048576K
}
{Heap before GC invocations=796 (full 2):
 PSYoungGen      total 71680K, used 70560K [0x00000000fb800000, 0x0000000100000000, 0x0000000100000000)
  eden space 69632K, 100% used [0x00000000fb800000,0x00000000ffc00000,0x00000000ffc00000)
  from space 2048K, 45% used [0x00000000ffc00000,0x00000000ffce8000,0x00000000ffe00000)
  to   space 2048K, 0% used [0x00000000ffe00000,0x00000000ffe00000,0x0000000100000000)
 ParOldGen       total 114688K, used 64440K [0x00000000f4800000, 0x00000000fb800000, 0x00000000fb800000)
  object space 114688K, 56% used [0x00000000f4800000,0x00000000f86ee080,0x00000000fb800000)
 Metaspace       used 75193K, capacity 79310K, committed 80000K, reserved 1118208K
  class space    used 9477K, capacity 10198K, committed 10368K, reserved 1048576K
2024-06-11T21:35:25.970+0800: 3385.183: [GC (Allocation Failure) [PSYoungGen: 70560K->2048K(70656K)] 135000K->67072K(185344K), 0.0077458 secs] [Times: user=0.02 sys=0.00, real=0.01 secs] 
Heap after GC invocations=796 (full 2):
 PSYoungGen      total 70656K, used 2048K [0x00000000fb800000, 0x0000000100000000, 0x0000000100000000)
  eden space 68608K, 0% used [0x00000000fb800000,0x00000000fb800000,0x00000000ffb00000)
  from space 2048K, 100% used [0x00000000ffe00000,0x0000000100000000,0x0000000100000000)
  to   space 2560K, 0% used [0x00000000ffb00000,0x00000000ffb00000,0x00000000ffd80000)
 ParOldGen       total 114688K, used 65024K [0x00000000f4800000, 0x00000000fb800000, 0x00000000fb800000)
  object space 114688K, 56% used [0x00000000f4800000,0x00000000f8780080,0x00000000fb800000)
 Metaspace       used 75193K, capacity 79310K, committed 80000K, reserved 1118208K
  class space    used 9477K, capacity 10198K, committed 10368K, reserved 1048576K
}
{Heap before GC invocations=797 (full 2):
 PSYoungGen      total 70656K, used 70656K [0x00000000fb800000, 0x0000000100000000, 0x0000000100000000)
  eden space 68608K, 100% used [0x00000000fb800000,0x00000000ffb00000,0x00000000ffb00000)
  from space 2048K, 100% used [0x00000000ffe00000,0x0000000100000000,0x0000000100000000)
  to   space 2560K, 0% used [0x00000000ffb00000,0x00000000ffb00000,0x00000000ffd80000)
 ParOldGen       total 114688K, used 65024K [0x00000000f4800000, 0x00000000fb800000, 0x00000000fb800000)
  object space 114688K, 56% used [0x00000000f4800000,0x00000000f8780080,0x00000000fb800000)
 Metaspace       used 75193K, capacity 79310K, committed 80000K, reserved 1118208K
  class space    used 9477K, capacity 10198K, committed 10368K, reserved 1048576K
2024-06-11T21:35:30.188+0800: 3389.401: [GC (Allocation Failure) [PSYoungGen: 70656K->1376K(71168K)] 135680K->68240K(185856K), 0.0073811 secs] [Times: user=0.01 sys=0.00, real=0.01 secs] 
Heap after GC invocations=797 (full 2):
 PSYoungGen      total 71168K, used 1376K [0x00000000fb800000, 0x0000000100000000, 0x0000000100000000)
  eden space 68608K, 0% used [0x00000000fb800000,0x00000000fb800000,0x00000000ffb00000)
  from space 2560K, 53% used [0x00000000ffb00000,0x00000000ffc58000,0x00000000ffd80000)
  to   space 2560K, 0% used [0x00000000ffd80000,0x00000000ffd80000,0x0000000100000000)
 ParOldGen       total 114688K, used 66864K [0x00000000f4800000, 0x00000000fb800000, 0x00000000fb800000)
  object space 114688K, 58% used [0x00000000f4800000,0x00000000f894c080,0x00000000fb800000)
 Metaspace       used 75193K, capacity 79310K, committed 80000K, reserved 1118208K
  class space    used 9477K, capacity 10198K, committed 10368K, reserved 1048576K
}
{Heap before GC invocations=798 (full 2):
 PSYoungGen      total 71168K, used 69984K [0x00000000fb800000, 0x0000000100000000, 0x0000000100000000)
  eden space 68608K, 100% used [0x00000000fb800000,0x00000000ffb00000,0x00000000ffb00000)
  from space 2560K, 53% used [0x00000000ffb00000,0x00000000ffc58000,0x00000000ffd80000)
  to   space 2560K, 0% used [0x00000000ffd80000,0x00000000ffd80000,0x0000000100000000)
 ParOldGen       total 114688K, used 66864K [0x00000000f4800000, 0x00000000fb800000, 0x00000000fb800000)
  object space 114688K, 58% used [0x00000000f4800000,0x00000000f894c080,0x00000000fb800000)
 Metaspace       used 75193K, capacity 79310K, committed 80000K, reserved 1118208K
  class space    used 9477K, capacity 10198K, committed 10368K, reserved 1048576K
2024-06-11T21:35:34.562+0800: 3393.776: [GC (Allocation Failure) [PSYoungGen: 69984K->928K(71168K)] 136848K->68336K(185856K), 0.0055605 secs] [Times: user=0.01 sys=0.00, real=0.00 secs] 
Heap after GC invocations=798 (full 2):
 PSYoungGen      total 71168K, used 928K [0x00000000fb800000, 0x0000000100000000, 0x0000000100000000)
  eden space 68608K, 0% used [0x00000000fb800000,0x00000000fb800000,0x00000000ffb00000)
  from space 2560K, 36% used [0x00000000ffd80000,0x00000000ffe68000,0x0000000100000000)
  to   space 2560K, 0% used [0x00000000ffb00000,0x00000000ffb00000,0x00000000ffd80000)
 ParOldGen       total 114688K, used 67408K [0x00000000f4800000, 0x00000000fb800000, 0x00000000fb800000)
  object space 114688K, 58% used [0x00000000f4800000,0x00000000f89d4080,0x00000000fb800000)
 Metaspace       used 75193K, capacity 79310K, committed 80000K, reserved 1118208K
  class space    used 9477K, capacity 10198K, committed 10368K, reserved 1048576K
}
{Heap before GC invocations=799 (full 2):
 PSYoungGen      total 71168K, used 69536K [0x00000000fb800000, 0x0000000100000000, 0x0000000100000000)
  eden space 68608K, 100% used [0x00000000fb800000,0x00000000ffb00000,0x00000000ffb00000)
  from space 2560K, 36% used [0x00000000ffd80000,0x00000000ffe68000,0x0000000100000000)
  to   space 2560K, 0% used [0x00000000ffb00000,0x00000000ffb00000,0x00000000ffd80000)
 ParOldGen       total 114688K, used 67408K [0x00000000f4800000, 0x00000000fb800000, 0x00000000fb800000)
  object space 114688K, 58% used [0x00000000f4800000,0x00000000f89d4080,0x00000000fb800000)
 Metaspace       used 75193K, capacity 79310K, committed 80000K, reserved 1118208K
  class space    used 9477K, capacity 10198K, committed 10368K, reserved 1048576K
2024-06-11T21:35:38.696+0800: 3397.910: [GC (Allocation Failure) [PSYoungGen: 69536K->1390K(71168K)] 136944K->68878K(185856K), 0.0057808 secs] [Times: user=0.01 sys=0.00, real=0.01 secs] 
Heap after GC invocations=799 (full 2):
 PSYoungGen      total 71168K, used 1390K [0x00000000fb800000, 0x0000000100000000, 0x0000000100000000)
  eden space 68608K, 0% used [0x00000000fb800000,0x00000000fb800000,0x00000000ffb00000)
  from space 2560K, 54% used [0x00000000ffb00000,0x00000000ffc5b800,0x00000000ffd80000)
  to   space 2560K, 0% used [0x00000000ffd80000,0x00000000ffd80000,0x0000000100000000)
 ParOldGen       total 114688K, used 67488K [0x00000000f4800000, 0x00000000fb800000, 0x00000000fb800000)
  object space 114688K, 58% used [0x00000000f4800000,0x00000000f89e8080,0x00000000fb800000)
 Metaspace       used 75193K, capacity 79310K, committed 80000K, reserved 1118208K
  class space    used 9477K, capacity 10198K, committed 10368K, reserved 1048576K
}
{Heap before GC invocations=800 (full 2):
 PSYoungGen      total 71168K, used 69998K [0x00000000fb800000, 0x0000000100000000, 0x0000000100000000)
  eden space 68608K, 100% used [0x00000000fb800000,0x00000000ffb00000,0x00000000ffb00000)
  from space 2560K, 54% used [0x00000000ffb00000,0x00000000ffc5b800,0x00000000ffd80000)
  to   space 2560K, 0% used [0x00000000ffd80000,0x00000000ffd80000,0x0000000100000000)
 ParOldGen       total 114688K, used 67488K [0x00000000f4800000, 0x00000000fb800000, 0x00000000fb800000)
  object space 114688K, 58% used [0x00000000f4800000,0x00000000f89e8080,0x00000000fb800000)
 Metaspace       used 75193K, capacity 79310K, committed 80000K, reserved 1118208K
  class space    used 9477K, capacity 10198K, committed 10368K, reserved 1048576K
2024-06-11T21:35:43.330+0800: 3402.543: [GC (Allocation Failure) [PSYoungGen: 69998K->928K(71168K)] 137486K->68488K(185856K), 0.0048906 secs] [Times: user=0.01 sys=0.00, real=0.01 secs] 
Heap after GC invocations=800 (full 2):
 PSYoungGen      total 71168K, used 928K [0x00000000fb800000, 0x0000000100000000, 0x0000000100000000)
  eden space 68608K, 0% used [0x00000000fb800000,0x00000000fb800000,0x00000000ffb00000)
  from space 2560K, 36% used [0x00000000ffd80000,0x00000000ffe68000,0x0000000100000000)
  to   space 2560K, 0% used [0x00000000ffb00000,0x00000000ffb00000,0x00000000ffd80000)
 ParOldGen       total 114688K, used 67560K [0x00000000f4800000, 0x00000000fb800000, 0x00000000fb800000)
  object space 114688K, 58% used [0x00000000f4800000,0x00000000f89fa080,0x00000000fb800000)
 Metaspace       used 75193K, capacity 79310K, committed 80000K, reserved 1118208K
  class space    used 9477K, capacity 10198K, committed 10368K, reserved 1048576K
}
{Heap before GC invocations=801 (full 2):
 PSYoungGen      total 71168K, used 69536K [0x00000000fb800000, 0x0000000100000000, 0x0000000100000000)
  eden space 68608K, 100% used [0x00000000fb800000,0x00000000ffb00000,0x00000000ffb00000)
  from space 2560K, 36% used [0x00000000ffd80000,0x00000000ffe68000,0x0000000100000000)
  to   space 2560K, 0% used [0x00000000ffb00000,0x00000000ffb00000,0x00000000ffd80000)
 ParOldGen       total 114688K, used 67560K [0x00000000f4800000, 0x00000000fb800000, 0x00000000fb800000)
  object space 114688K, 58% used [0x00000000f4800000,0x00000000f89fa080,0x00000000fb800000)
 Metaspace       used 75193K, capacity 79310K, committed 80000K, reserved 1118208K
  class space    used 9477K, capacity 10198K, committed 10368K, reserved 1048576K
2024-06-11T21:35:47.663+0800: 3406.876: [GC (Allocation Failure) [PSYoungGen: 69536K->928K(71168K)] 137096K->68560K(185856K), 0.0077608 secs] [Times: user=0.01 sys=0.00, real=0.00 secs] 
Heap after GC invocations=801 (full 2):
 PSYoungGen      total 71168K, used 928K [0x00000000fb800000, 0x0000000100000000, 0x0000000100000000)
  eden space 68608K, 0% used [0x00000000fb800000,0x00000000fb800000,0x00000000ffb00000)
  from space 2560K, 36% used [0x00000000ffb00000,0x00000000ffbe8000,0x00000000ffd80000)
  to   space 2048K, 0% used [0x00000000ffe00000,0x00000000ffe00000,0x0000000100000000)
 ParOldGen       total 114688K, used 67632K [0x00000000f4800000, 0x00000000fb800000, 0x00000000fb800000)
  object space 114688K, 58% used [0x00000000f4800000,0x00000000f8a0c080,0x00000000fb800000)
 Metaspace       used 75193K, capacity 79310K, committed 80000K, reserved 1118208K
  class space    used 9477K, capacity 10198K, committed 10368K, reserved 1048576K
}
{Heap before GC invocations=802 (full 2):
 PSYoungGen      total 71168K, used 69536K [0x00000000fb800000, 0x0000000100000000, 0x0000000100000000)
  eden space 68608K, 100% used [0x00000000fb800000,0x00000000ffb00000,0x00000000ffb00000)
  from space 2560K, 36% used [0x00000000ffb00000,0x00000000ffbe8000,0x00000000ffd80000)
  to   space 2048K, 0% used [0x00000000ffe00000,0x00000000ffe00000,0x0000000100000000)
 ParOldGen       total 114688K, used 67632K [0x00000000f4800000, 0x00000000fb800000, 0x00000000fb800000)
  object space 114688K, 58% used [0x00000000f4800000,0x00000000f8a0c080,0x00000000fb800000)
 Metaspace       used 75193K, capacity 79310K, committed 80000K, reserved 1118208K
  class space    used 9477K, capacity 10198K, committed 10368K, reserved 1048576K
2024-06-11T21:35:51.772+0800: 3410.985: [GC (Allocation Failure) [PSYoungGen: 69536K->960K(71680K)] 137168K->68664K(186368K), 0.0052413 secs] [Times: user=0.01 sys=0.00, real=0.00 secs] 
Heap after GC invocations=802 (full 2):
 PSYoungGen      total 71680K, used 960K [0x00000000fb800000, 0x0000000100000000, 0x0000000100000000)
  eden space 69632K, 0% used [0x00000000fb800000,0x00000000fb800000,0x00000000ffc00000)
  from space 2048K, 46% used [0x00000000ffe00000,0x00000000ffef0000,0x0000000100000000)
  to   space 2048K, 0% used [0x00000000ffc00000,0x00000000ffc00000,0x00000000ffe00000)
 ParOldGen       total 114688K, used 67704K [0x00000000f4800000, 0x00000000fb800000, 0x00000000fb800000)
  object space 114688K, 59% used [0x00000000f4800000,0x00000000f8a1e080,0x00000000fb800000)
 Metaspace       used 75193K, capacity 79310K, committed 80000K, reserved 1118208K
  class space    used 9477K, capacity 10198K, committed 10368K, reserved 1048576K
}
{Heap before GC invocations=803 (full 2):
 PSYoungGen      total 71680K, used 70592K [0x00000000fb800000, 0x0000000100000000, 0x0000000100000000)
  eden space 69632K, 100% used [0x00000000fb800000,0x00000000ffc00000,0x00000000ffc00000)
  from space 2048K, 46% used [0x00000000ffe00000,0x00000000ffef0000,0x0000000100000000)
  to   space 2048K, 0% used [0x00000000ffc00000,0x00000000ffc00000,0x00000000ffe00000)
 ParOldGen       total 114688K, used 67704K [0x00000000f4800000, 0x00000000fb800000, 0x00000000fb800000)
  object space 114688K, 59% used [0x00000000f4800000,0x00000000f8a1e080,0x00000000fb800000)
 Metaspace       used 75193K, capacity 79310K, committed 80000K, reserved 1118208K
  class space    used 9477K, capacity 10198K, committed 10368K, reserved 1048576K
2024-06-11T21:35:56.310+0800: 3415.523: [GC (Allocation Failure) [PSYoungGen: 70592K->928K(71680K)] 138296K->68712K(186368K), 0.0050761 secs] [Times: user=0.01 sys=0.00, real=0.01 secs] 
Heap after GC invocations=803 (full 2):
 PSYoungGen      total 71680K, used 928K [0x00000000fb800000, 0x0000000100000000, 0x0000000100000000)
  eden space 69632K, 0% used [0x00000000fb800000,0x00000000fb800000,0x00000000ffc00000)
  from space 2048K, 45% used [0x00000000ffc00000,0x00000000ffce8000,0x00000000ffe00000)
  to   space 2048K, 0% used [0x00000000ffe00000,0x00000000ffe00000,0x0000000100000000)
 ParOldGen       total 114688K, used 67784K [0x00000000f4800000, 0x00000000fb800000, 0x00000000fb800000)
  object space 114688K, 59% used [0x00000000f4800000,0x00000000f8a32080,0x00000000fb800000)
 Metaspace       used 75193K, capacity 79310K, committed 80000K, reserved 1118208K
  class space    used 9477K, capacity 10198K, committed 10368K, reserved 1048576K
}
{Heap before GC invocations=804 (full 2):
 PSYoungGen      total 71680K, used 70560K [0x00000000fb800000, 0x0000000100000000, 0x0000000100000000)
  eden space 69632K, 100% used [0x00000000fb800000,0x00000000ffc00000,0x00000000ffc00000)
  from space 2048K, 45% used [0x00000000ffc00000,0x00000000ffce8000,0x00000000ffe00000)
  to   space 2048K, 0% used [0x00000000ffe00000,0x00000000ffe00000,0x0000000100000000)
 ParOldGen       total 114688K, used 67784K [0x00000000f4800000, 0x00000000fb800000, 0x00000000fb800000)
  object space 114688K, 59% used [0x00000000f4800000,0x00000000f8a32080,0x00000000fb800000)
 Metaspace       used 75193K, capacity 79310K, committed 80000K, reserved 1118208K
  class space    used 9477K, capacity 10198K, committed 10368K, reserved 1048576K
2024-06-11T21:36:00.398+0800: 3419.611: [GC (Allocation Failure) [PSYoungGen: 70560K->928K(71680K)] 138344K->68792K(186368K), 0.0049626 secs] [Times: user=0.01 sys=0.00, real=0.01 secs] 
Heap after GC invocations=804 (full 2):
 PSYoungGen      total 71680K, used 928K [0x00000000fb800000, 0x0000000100000000, 0x0000000100000000)
  eden space 69632K, 0% used [0x00000000fb800000,0x00000000fb800000,0x00000000ffc00000)
  from space 2048K, 45% used [0x00000000ffe00000,0x00000000ffee8000,0x0000000100000000)
  to   space 2048K, 0% used [0x00000000ffc00000,0x00000000ffc00000,0x00000000ffe00000)
 ParOldGen       total 114688K, used 67864K [0x00000000f4800000, 0x00000000fb800000, 0x00000000fb800000)
  object space 114688K, 59% used [0x00000000f4800000,0x00000000f8a46080,0x00000000fb800000)
 Metaspace       used 75193K, capacity 79310K, committed 80000K, reserved 1118208K
  class space    used 9477K, capacity 10198K, committed 10368K, reserved 1048576K
}
{Heap before GC invocations=805 (full 2):
 PSYoungGen      total 71680K, used 70560K [0x00000000fb800000, 0x0000000100000000, 0x0000000100000000)
  eden space 69632K, 100% used [0x00000000fb800000,0x00000000ffc00000,0x00000000ffc00000)
  from space 2048K, 45% used [0x00000000ffe00000,0x00000000ffee8000,0x0000000100000000)
  to   space 2048K, 0% used [0x00000000ffc00000,0x00000000ffc00000,0x00000000ffe00000)
 ParOldGen       total 114688K, used 67864K [0x00000000f4800000, 0x00000000fb800000, 0x00000000fb800000)
  object space 114688K, 59% used [0x00000000f4800000,0x00000000f8a46080,0x00000000fb800000)
 Metaspace       used 75193K, capacity 79310K, committed 80000K, reserved 1118208K
  class space    used 9477K, capacity 10198K, committed 10368K, reserved 1048576K
2024-06-11T21:36:04.747+0800: 3423.960: [GC (Allocation Failure) [PSYoungGen: 70560K->960K(71680K)] 138424K->68904K(186368K), 0.0244188 secs] [Times: user=0.03 sys=0.01, real=0.02 secs] 
Heap after GC invocations=805 (full 2):
 PSYoungGen      total 71680K, used 960K [0x00000000fb800000, 0x0000000100000000, 0x0000000100000000)
  eden space 69632K, 0% used [0x00000000fb800000,0x00000000fb800000,0x00000000ffc00000)
  from space 2048K, 46% used [0x00000000ffc00000,0x00000000ffcf0000,0x00000000ffe00000)
  to   space 2048K, 0% used [0x00000000ffe00000,0x00000000ffe00000,0x0000000100000000)
 ParOldGen       total 114688K, used 67944K [0x00000000f4800000, 0x00000000fb800000, 0x00000000fb800000)
  object space 114688K, 59% used [0x00000000f4800000,0x00000000f8a5a080,0x00000000fb800000)
 Metaspace       used 75193K, capacity 79310K, committed 80000K, reserved 1118208K
  class space    used 9477K, capacity 10198K, committed 10368K, reserved 1048576K
}
{Heap before GC invocations=806 (full 2):
 PSYoungGen      total 71680K, used 70592K [0x00000000fb800000, 0x0000000100000000, 0x0000000100000000)
  eden space 69632K, 100% used [0x00000000fb800000,0x00000000ffc00000,0x00000000ffc00000)
  from space 2048K, 46% used [0x00000000ffc00000,0x00000000ffcf0000,0x00000000ffe00000)
  to   space 2048K, 0% used [0x00000000ffe00000,0x00000000ffe00000,0x0000000100000000)
 ParOldGen       total 114688K, used 67944K [0x00000000f4800000, 0x00000000fb800000, 0x00000000fb800000)
  object space 114688K, 59% used [0x00000000f4800000,0x00000000f8a5a080,0x00000000fb800000)
 Metaspace       used 75193K, capacity 79310K, committed 80000K, reserved 1118208K
  class space    used 9477K, capacity 10198K, committed 10368K, reserved 1048576K
2024-06-11T21:36:09.048+0800: 3428.261: [GC (Allocation Failure) [PSYoungGen: 70592K->960K(71680K)] 138536K->68992K(186368K), 0.0049915 secs] [Times: user=0.01 sys=0.00, real=0.01 secs] 
Heap after GC invocations=806 (full 2):
 PSYoungGen      total 71680K, used 960K [0x00000000fb800000, 0x0000000100000000, 0x0000000100000000)
  eden space 69632K, 0% used [0x00000000fb800000,0x00000000fb800000,0x00000000ffc00000)
  from space 2048K, 46% used [0x00000000ffe00000,0x00000000ffef0000,0x0000000100000000)
  to   space 2048K, 0% used [0x00000000ffc00000,0x00000000ffc00000,0x00000000ffe00000)
 ParOldGen       total 114688K, used 68032K [0x00000000f4800000, 0x00000000fb800000, 0x00000000fb800000)
  object space 114688K, 59% used [0x00000000f4800000,0x00000000f8a70080,0x00000000fb800000)
 Metaspace       used 75193K, capacity 79310K, committed 80000K, reserved 1118208K
  class space    used 9477K, capacity 10198K, committed 10368K, reserved 1048576K
}
{Heap before GC invocations=807 (full 2):
 PSYoungGen      total 71680K, used 70592K [0x00000000fb800000, 0x0000000100000000, 0x0000000100000000)
  eden space 69632K, 100% used [0x00000000fb800000,0x00000000ffc00000,0x00000000ffc00000)
  from space 2048K, 46% used [0x00000000ffe00000,0x00000000ffef0000,0x0000000100000000)
  to   space 2048K, 0% used [0x00000000ffc00000,0x00000000ffc00000,0x00000000ffe00000)
 ParOldGen       total 114688K, used 68032K [0x00000000f4800000, 0x00000000fb800000, 0x00000000fb800000)
  object space 114688K, 59% used [0x00000000f4800000,0x00000000f8a70080,0x00000000fb800000)
 Metaspace       used 75193K, capacity 79310K, committed 80000K, reserved 1118208K
  class space    used 9477K, capacity 10198K, committed 10368K, reserved 1048576K
2024-06-11T21:36:13.623+0800: 3432.836: [GC (Allocation Failure) [PSYoungGen: 70592K->896K(71680K)] 138624K->69016K(186368K), 0.0049384 secs] [Times: user=0.00 sys=0.00, real=0.00 secs] 
Heap after GC invocations=807 (full 2):
 PSYoungGen      total 71680K, used 896K [0x00000000fb800000, 0x0000000100000000, 0x0000000100000000)
  eden space 69632K, 0% used [0x00000000fb800000,0x00000000fb800000,0x00000000ffc00000)
  from space 2048K, 43% used [0x00000000ffc00000,0x00000000ffce0000,0x00000000ffe00000)
  to   space 2048K, 0% used [0x00000000ffe00000,0x00000000ffe00000,0x0000000100000000)
 ParOldGen       total 114688K, used 68120K [0x00000000f4800000, 0x00000000fb800000, 0x00000000fb800000)
  object space 114688K, 59% used [0x00000000f4800000,0x00000000f8a86080,0x00000000fb800000)
 Metaspace       used 75193K, capacity 79310K, committed 80000K, reserved 1118208K
  class space    used 9477K, capacity 10198K, committed 10368K, reserved 1048576K
}
{Heap before GC invocations=808 (full 2):
 PSYoungGen      total 71680K, used 70528K [0x00000000fb800000, 0x0000000100000000, 0x0000000100000000)
  eden space 69632K, 100% used [0x00000000fb800000,0x00000000ffc00000,0x00000000ffc00000)
  from space 2048K, 43% used [0x00000000ffc00000,0x00000000ffce0000,0x00000000ffe00000)
  to   space 2048K, 0% used [0x00000000ffe00000,0x00000000ffe00000,0x0000000100000000)
 ParOldGen       total 114688K, used 68120K [0x00000000f4800000, 0x00000000fb800000, 0x00000000fb800000)
  object space 114688K, 59% used [0x00000000f4800000,0x00000000f8a86080,0x00000000fb800000)
 Metaspace       used 75193K, capacity 79310K, committed 80000K, reserved 1118208K
  class space    used 9477K, capacity 10198K, committed 10368K, reserved 1048576K
2024-06-11T21:36:17.955+0800: 3437.168: [GC (Allocation Failure) [PSYoungGen: 70528K->928K(71680K)] 138648K->69128K(186368K), 0.0048229 secs] [Times: user=0.01 sys=0.00, real=0.00 secs] 
Heap after GC invocations=808 (full 2):
 PSYoungGen      total 71680K, used 928K [0x00000000fb800000, 0x0000000100000000, 0x0000000100000000)
  eden space 69632K, 0% used [0x00000000fb800000,0x00000000fb800000,0x00000000ffc00000)
  from space 2048K, 45% used [0x00000000ffe00000,0x00000000ffee8000,0x0000000100000000)
  to   space 2048K, 0% used [0x00000000ffc00000,0x00000000ffc00000,0x00000000ffe00000)
 ParOldGen       total 114688K, used 68200K [0x00000000f4800000, 0x00000000fb800000, 0x00000000fb800000)
  object space 114688K, 59% used [0x00000000f4800000,0x00000000f8a9a080,0x00000000fb800000)
 Metaspace       used 75193K, capacity 79310K, committed 80000K, reserved 1118208K
  class space    used 9477K, capacity 10198K, committed 10368K, reserved 1048576K
}
{Heap before GC invocations=809 (full 2):
 PSYoungGen      total 71680K, used 70560K [0x00000000fb800000, 0x0000000100000000, 0x0000000100000000)
  eden space 69632K, 100% used [0x00000000fb800000,0x00000000ffc00000,0x00000000ffc00000)
  from space 2048K, 45% used [0x00000000ffe00000,0x00000000ffee8000,0x0000000100000000)
  to   space 2048K, 0% used [0x00000000ffc00000,0x00000000ffc00000,0x00000000ffe00000)
 ParOldGen       total 114688K, used 68200K [0x00000000f4800000, 0x00000000fb800000, 0x00000000fb800000)
  object space 114688K, 59% used [0x00000000f4800000,0x00000000f8a9a080,0x00000000fb800000)
 Metaspace       used 75198K, capacity 79310K, committed 80000K, reserved 1118208K
  class space    used 9477K, capacity 10198K, committed 10368K, reserved 1048576K
2024-06-11T21:36:22.544+0800: 3441.757: [GC (Allocation Failure) [PSYoungGen: 70560K->960K(71680K)] 138760K->69240K(186368K), 0.0063758 secs] [Times: user=0.01 sys=0.00, real=0.00 secs] 
Heap after GC invocations=809 (full 2):
 PSYoungGen      total 71680K, used 960K [0x00000000fb800000, 0x0000000100000000, 0x0000000100000000)
  eden space 69632K, 0% used [0x00000000fb800000,0x00000000fb800000,0x00000000ffc00000)
  from space 2048K, 46% used [0x00000000ffc00000,0x00000000ffcf0000,0x00000000ffe00000)
  to   space 2048K, 0% used [0x00000000ffe00000,0x00000000ffe00000,0x0000000100000000)
 ParOldGen       total 114688K, used 68280K [0x00000000f4800000, 0x00000000fb800000, 0x00000000fb800000)
  object space 114688K, 59% used [0x00000000f4800000,0x00000000f8aae080,0x00000000fb800000)
 Metaspace       used 75198K, capacity 79310K, committed 80000K, reserved 1118208K
  class space    used 9477K, capacity 10198K, committed 10368K, reserved 1048576K
}
{Heap before GC invocations=810 (full 2):
 PSYoungGen      total 71680K, used 70592K [0x00000000fb800000, 0x0000000100000000, 0x0000000100000000)
  eden space 69632K, 100% used [0x00000000fb800000,0x00000000ffc00000,0x00000000ffc00000)
  from space 2048K, 46% used [0x00000000ffc00000,0x00000000ffcf0000,0x00000000ffe00000)
  to   space 2048K, 0% used [0x00000000ffe00000,0x00000000ffe00000,0x0000000100000000)
 ParOldGen       total 114688K, used 68280K [0x00000000f4800000, 0x00000000fb800000, 0x00000000fb800000)
  object space 114688K, 59% used [0x00000000f4800000,0x00000000f8aae080,0x00000000fb800000)
 Metaspace       used 75198K, capacity 79310K, committed 80000K, reserved 1118208K
  class space    used 9477K, capacity 10198K, committed 10368K, reserved 1048576K
2024-06-11T21:36:26.685+0800: 3445.898: [GC (Allocation Failure) [PSYoungGen: 70592K->2048K(70656K)] 138872K->70952K(185344K), 0.0074471 secs] [Times: user=0.01 sys=0.00, real=0.01 secs] 
Heap after GC invocations=810 (full 2):
 PSYoungGen      total 70656K, used 2048K [0x00000000fb800000, 0x0000000100000000, 0x0000000100000000)
  eden space 68608K, 0% used [0x00000000fb800000,0x00000000fb800000,0x00000000ffb00000)
  from space 2048K, 100% used [0x00000000ffe00000,0x0000000100000000,0x0000000100000000)
  to   space 2560K, 0% used [0x00000000ffb00000,0x00000000ffb00000,0x00000000ffd80000)
 ParOldGen       total 114688K, used 68904K [0x00000000f4800000, 0x00000000fb800000, 0x00000000fb800000)
  object space 114688K, 60% used [0x00000000f4800000,0x00000000f8b4a080,0x00000000fb800000)
 Metaspace       used 75198K, capacity 79310K, committed 80000K, reserved 1118208K
  class space    used 9477K, capacity 10198K, committed 10368K, reserved 1048576K
}
{Heap before GC invocations=811 (full 2):
 PSYoungGen      total 70656K, used 70656K [0x00000000fb800000, 0x0000000100000000, 0x0000000100000000)
  eden space 68608K, 100% used [0x00000000fb800000,0x00000000ffb00000,0x00000000ffb00000)
  from space 2048K, 100% used [0x00000000ffe00000,0x0000000100000000,0x0000000100000000)
  to   space 2560K, 0% used [0x00000000ffb00000,0x00000000ffb00000,0x00000000ffd80000)
 ParOldGen       total 114688K, used 68904K [0x00000000f4800000, 0x00000000fb800000, 0x00000000fb800000)
  object space 114688K, 60% used [0x00000000f4800000,0x00000000f8b4a080,0x00000000fb800000)
 Metaspace       used 75202K, capacity 79310K, committed 80000K, reserved 1118208K
  class space    used 9477K, capacity 10198K, committed 10368K, reserved 1048576K
2024-06-11T21:36:30.980+0800: 3450.193: [GC (Allocation Failure) [PSYoungGen: 70656K->1472K(71168K)] 139560K->72328K(185856K), 0.0089626 secs] [Times: user=0.02 sys=0.00, real=0.01 secs] 
Heap after GC invocations=811 (full 2):
 PSYoungGen      total 71168K, used 1472K [0x00000000fb800000, 0x0000000100000000, 0x0000000100000000)
  eden space 68608K, 0% used [0x00000000fb800000,0x00000000fb800000,0x00000000ffb00000)
  from space 2560K, 57% used [0x00000000ffb00000,0x00000000ffc70000,0x00000000ffd80000)
  to   space 2560K, 0% used [0x00000000ffd80000,0x00000000ffd80000,0x0000000100000000)
 ParOldGen       total 114688K, used 70856K [0x00000000f4800000, 0x00000000fb800000, 0x00000000fb800000)
  object space 114688K, 61% used [0x00000000f4800000,0x00000000f8d32080,0x00000000fb800000)
 Metaspace       used 75202K, capacity 79310K, committed 80000K, reserved 1118208K
  class space    used 9477K, capacity 10198K, committed 10368K, reserved 1048576K
}
{Heap before GC invocations=812 (full 2):
 PSYoungGen      total 71168K, used 70080K [0x00000000fb800000, 0x0000000100000000, 0x0000000100000000)
  eden space 68608K, 100% used [0x00000000fb800000,0x00000000ffb00000,0x00000000ffb00000)
  from space 2560K, 57% used [0x00000000ffb00000,0x00000000ffc70000,0x00000000ffd80000)
  to   space 2560K, 0% used [0x00000000ffd80000,0x00000000ffd80000,0x0000000100000000)
 ParOldGen       total 114688K, used 70856K [0x00000000f4800000, 0x00000000fb800000, 0x00000000fb800000)
  object space 114688K, 61% used [0x00000000f4800000,0x00000000f8d32080,0x00000000fb800000)
 Metaspace       used 75202K, capacity 79310K, committed 80000K, reserved 1118208K
  class space    used 9477K, capacity 10198K, committed 10368K, reserved 1048576K
2024-06-11T21:36:35.095+0800: 3454.308: [GC (Allocation Failure) [PSYoungGen: 70080K->896K(71168K)] 140936K->72376K(185856K), 0.0058930 secs] [Times: user=0.01 sys=0.00, real=0.01 secs] 
Heap after GC invocations=812 (full 2):
 PSYoungGen      total 71168K, used 896K [0x00000000fb800000, 0x0000000100000000, 0x0000000100000000)
  eden space 68608K, 0% used [0x00000000fb800000,0x00000000fb800000,0x00000000ffb00000)
  from space 2560K, 35% used [0x00000000ffd80000,0x00000000ffe60000,0x0000000100000000)
  to   space 2560K, 0% used [0x00000000ffb00000,0x00000000ffb00000,0x00000000ffd80000)
 ParOldGen       total 114688K, used 71480K [0x00000000f4800000, 0x00000000fb800000, 0x00000000fb800000)
  object space 114688K, 62% used [0x00000000f4800000,0x00000000f8dce080,0x00000000fb800000)
 Metaspace       used 75202K, capacity 79310K, committed 80000K, reserved 1118208K
  class space    used 9477K, capacity 10198K, committed 10368K, reserved 1048576K
}
{Heap before GC invocations=813 (full 2):
 PSYoungGen      total 71168K, used 69504K [0x00000000fb800000, 0x0000000100000000, 0x0000000100000000)
  eden space 68608K, 100% used [0x00000000fb800000,0x00000000ffb00000,0x00000000ffb00000)
  from space 2560K, 35% used [0x00000000ffd80000,0x00000000ffe60000,0x0000000100000000)
  to   space 2560K, 0% used [0x00000000ffb00000,0x00000000ffb00000,0x00000000ffd80000)
 ParOldGen       total 114688K, used 71480K [0x00000000f4800000, 0x00000000fb800000, 0x00000000fb800000)
  object space 114688K, 62% used [0x00000000f4800000,0x00000000f8dce080,0x00000000fb800000)
 Metaspace       used 75203K, capacity 79310K, committed 80000K, reserved 1118208K
  class space    used 9477K, capacity 10198K, committed 10368K, reserved 1048576K
2024-06-11T21:36:39.514+0800: 3458.727: [GC (Allocation Failure) [PSYoungGen: 69504K->928K(71168K)] 140984K->72480K(185856K), 0.0050118 secs] [Times: user=0.01 sys=0.00, real=0.00 secs] 
Heap after GC invocations=813 (full 2):
 PSYoungGen      total 71168K, used 928K [0x00000000fb800000, 0x0000000100000000, 0x0000000100000000)
  eden space 68608K, 0% used [0x00000000fb800000,0x00000000fb800000,0x00000000ffb00000)
  from space 2560K, 36% used [0x00000000ffb00000,0x00000000ffbe8000,0x00000000ffd80000)
  to   space 2560K, 0% used [0x00000000ffd80000,0x00000000ffd80000,0x0000000100000000)
 ParOldGen       total 114688K, used 71552K [0x00000000f4800000, 0x00000000fb800000, 0x00000000fb800000)
  object space 114688K, 62% used [0x00000000f4800000,0x00000000f8de0080,0x00000000fb800000)
 Metaspace       used 75203K, capacity 79310K, committed 80000K, reserved 1118208K
  class space    used 9477K, capacity 10198K, committed 10368K, reserved 1048576K
}
{Heap before GC invocations=814 (full 2):
 PSYoungGen      total 71168K, used 69536K [0x00000000fb800000, 0x0000000100000000, 0x0000000100000000)
  eden space 68608K, 100% used [0x00000000fb800000,0x00000000ffb00000,0x00000000ffb00000)
  from space 2560K, 36% used [0x00000000ffb00000,0x00000000ffbe8000,0x00000000ffd80000)
  to   space 2560K, 0% used [0x00000000ffd80000,0x00000000ffd80000,0x0000000100000000)
 ParOldGen       total 114688K, used 71552K [0x00000000f4800000, 0x00000000fb800000, 0x00000000fb800000)
  object space 114688K, 62% used [0x00000000f4800000,0x00000000f8de0080,0x00000000fb800000)
 Metaspace       used 75203K, capacity 79310K, committed 80000K, reserved 1118208K
  class space    used 9477K, capacity 10198K, committed 10368K, reserved 1048576K
2024-06-11T21:36:43.795+0800: 3463.008: [GC (Allocation Failure) [PSYoungGen: 69536K->960K(71680K)] 141088K->72592K(186368K), 0.0047735 secs] [Times: user=0.01 sys=0.00, real=0.00 secs] 
Heap after GC invocations=814 (full 2):
 PSYoungGen      total 71680K, used 960K [0x00000000fb800000, 0x0000000100000000, 0x0000000100000000)
  eden space 69120K, 0% used [0x00000000fb800000,0x00000000fb800000,0x00000000ffb80000)
  from space 2560K, 37% used [0x00000000ffd80000,0x00000000ffe70000,0x0000000100000000)
  to   space 2048K, 0% used [0x00000000ffb80000,0x00000000ffb80000,0x00000000ffd80000)
 ParOldGen       total 114688K, used 71632K [0x00000000f4800000, 0x00000000fb800000, 0x00000000fb800000)
  object space 114688K, 62% used [0x00000000f4800000,0x00000000f8df4080,0x00000000fb800000)
 Metaspace       used 75203K, capacity 79310K, committed 80000K, reserved 1118208K
  class space    used 9477K, capacity 10198K, committed 10368K, reserved 1048576K
}
{Heap before GC invocations=815 (full 2):
 PSYoungGen      total 71680K, used 70080K [0x00000000fb800000, 0x0000000100000000, 0x0000000100000000)
  eden space 69120K, 100% used [0x00000000fb800000,0x00000000ffb80000,0x00000000ffb80000)
  from space 2560K, 37% used [0x00000000ffd80000,0x00000000ffe70000,0x0000000100000000)
  to   space 2048K, 0% used [0x00000000ffb80000,0x00000000ffb80000,0x00000000ffd80000)
 ParOldGen       total 114688K, used 71632K [0x00000000f4800000, 0x00000000fb800000, 0x00000000fb800000)
  object space 114688K, 62% used [0x00000000f4800000,0x00000000f8df4080,0x00000000fb800000)
 Metaspace       used 75203K, capacity 79310K, committed 80000K, reserved 1118208K
  class space    used 9477K, capacity 10198K, committed 10368K, reserved 1048576K
2024-06-11T21:36:48.184+0800: 3467.398: [GC (Allocation Failure) [PSYoungGen: 70080K->928K(71168K)] 141712K->72640K(185856K), 0.0050802 secs] [Times: user=0.00 sys=0.00, real=0.00 secs] 
Heap after GC invocations=815 (full 2):
 PSYoungGen      total 71168K, used 928K [0x00000000fb800000, 0x0000000100000000, 0x0000000100000000)
  eden space 69120K, 0% used [0x00000000fb800000,0x00000000fb800000,0x00000000ffb80000)
  from space 2048K, 45% used [0x00000000ffb80000,0x00000000ffc68000,0x00000000ffd80000)
  to   space 2048K, 0% used [0x00000000ffe00000,0x00000000ffe00000,0x0000000100000000)
 ParOldGen       total 114688K, used 71712K [0x00000000f4800000, 0x00000000fb800000, 0x00000000fb800000)
  object space 114688K, 62% used [0x00000000f4800000,0x00000000f8e08080,0x00000000fb800000)
 Metaspace       used 75203K, capacity 79310K, committed 80000K, reserved 1118208K
  class space    used 9477K, capacity 10198K, committed 10368K, reserved 1048576K
}
{Heap before GC invocations=816 (full 2):
 PSYoungGen      total 71168K, used 70048K [0x00000000fb800000, 0x0000000100000000, 0x0000000100000000)
  eden space 69120K, 100% used [0x00000000fb800000,0x00000000ffb80000,0x00000000ffb80000)
  from space 2048K, 45% used [0x00000000ffb80000,0x00000000ffc68000,0x00000000ffd80000)
  to   space 2048K, 0% used [0x00000000ffe00000,0x00000000ffe00000,0x0000000100000000)
 ParOldGen       total 114688K, used 71712K [0x00000000f4800000, 0x00000000fb800000, 0x00000000fb800000)
  object space 114688K, 62% used [0x00000000f4800000,0x00000000f8e08080,0x00000000fb800000)
 Metaspace       used 75203K, capacity 79310K, committed 80000K, reserved 1118208K
  class space    used 9477K, capacity 10198K, committed 10368K, reserved 1048576K
2024-06-11T21:36:52.338+0800: 3471.551: [GC (Allocation Failure) [PSYoungGen: 70048K->928K(71680K)] 141760K->72720K(186368K), 0.0059636 secs] [Times: user=0.00 sys=0.00, real=0.01 secs] 
Heap after GC invocations=816 (full 2):
 PSYoungGen      total 71680K, used 928K [0x00000000fb800000, 0x0000000100000000, 0x0000000100000000)
  eden space 69632K, 0% used [0x00000000fb800000,0x00000000fb800000,0x00000000ffc00000)
  from space 2048K, 45% used [0x00000000ffe00000,0x00000000ffee8000,0x0000000100000000)
  to   space 2048K, 0% used [0x00000000ffc00000,0x00000000ffc00000,0x00000000ffe00000)
 ParOldGen       total 114688K, used 71792K [0x00000000f4800000, 0x00000000fb800000, 0x00000000fb800000)
  object space 114688K, 62% used [0x00000000f4800000,0x00000000f8e1c080,0x00000000fb800000)
 Metaspace       used 75203K, capacity 79310K, committed 80000K, reserved 1118208K
  class space    used 9477K, capacity 10198K, committed 10368K, reserved 1048576K
}
{Heap before GC invocations=817 (full 2):
 PSYoungGen      total 71680K, used 70560K [0x00000000fb800000, 0x0000000100000000, 0x0000000100000000)
  eden space 69632K, 100% used [0x00000000fb800000,0x00000000ffc00000,0x00000000ffc00000)
  from space 2048K, 45% used [0x00000000ffe00000,0x00000000ffee8000,0x0000000100000000)
  to   space 2048K, 0% used [0x00000000ffc00000,0x00000000ffc00000,0x00000000ffe00000)
 ParOldGen       total 114688K, used 71792K [0x00000000f4800000, 0x00000000fb800000, 0x00000000fb800000)
  object space 114688K, 62% used [0x00000000f4800000,0x00000000f8e1c080,0x00000000fb800000)
 Metaspace       used 75203K, capacity 79310K, committed 80000K, reserved 1118208K
  class space    used 9477K, capacity 10198K, committed 10368K, reserved 1048576K
2024-06-11T21:36:56.700+0800: 3475.913: [GC (Allocation Failure) [PSYoungGen: 70560K->928K(71680K)] 142352K->72800K(186368K), 0.0049127 secs] [Times: user=0.01 sys=0.00, real=0.01 secs] 
Heap after GC invocations=817 (full 2):
 PSYoungGen      total 71680K, used 928K [0x00000000fb800000, 0x0000000100000000, 0x0000000100000000)
  eden space 69632K, 0% used [0x00000000fb800000,0x00000000fb800000,0x00000000ffc00000)
  from space 2048K, 45% used [0x00000000ffc00000,0x00000000ffce8000,0x00000000ffe00000)
  to   space 2048K, 0% used [0x00000000ffe00000,0x00000000ffe00000,0x0000000100000000)
 ParOldGen       total 114688K, used 71872K [0x00000000f4800000, 0x00000000fb800000, 0x00000000fb800000)
  object space 114688K, 62% used [0x00000000f4800000,0x00000000f8e30080,0x00000000fb800000)
 Metaspace       used 75203K, capacity 79310K, committed 80000K, reserved 1118208K
  class space    used 9477K, capacity 10198K, committed 10368K, reserved 1048576K
}
{Heap before GC invocations=818 (full 2):
 PSYoungGen      total 71680K, used 70560K [0x00000000fb800000, 0x0000000100000000, 0x0000000100000000)
  eden space 69632K, 100% used [0x00000000fb800000,0x00000000ffc00000,0x00000000ffc00000)
  from space 2048K, 45% used [0x00000000ffc00000,0x00000000ffce8000,0x00000000ffe00000)
  to   space 2048K, 0% used [0x00000000ffe00000,0x00000000ffe00000,0x0000000100000000)
 ParOldGen       total 114688K, used 71872K [0x00000000f4800000, 0x00000000fb800000, 0x00000000fb800000)
  object space 114688K, 62% used [0x00000000f4800000,0x00000000f8e30080,0x00000000fb800000)
 Metaspace       used 75203K, capacity 79310K, committed 80000K, reserved 1118208K
  class space    used 9477K, capacity 10198K, committed 10368K, reserved 1048576K
2024-06-11T21:37:01.053+0800: 3480.266: [GC (Allocation Failure) [PSYoungGen: 70560K->928K(71680K)] 142432K->72896K(186368K), 0.0055958 secs] [Times: user=0.00 sys=0.00, real=0.00 secs] 
Heap after GC invocations=818 (full 2):
 PSYoungGen      total 71680K, used 928K [0x00000000fb800000, 0x0000000100000000, 0x0000000100000000)
  eden space 69632K, 0% used [0x00000000fb800000,0x00000000fb800000,0x00000000ffc00000)
  from space 2048K, 45% used [0x00000000ffe00000,0x00000000ffee8000,0x0000000100000000)
  to   space 2048K, 0% used [0x00000000ffc00000,0x00000000ffc00000,0x00000000ffe00000)
 ParOldGen       total 114688K, used 71968K [0x00000000f4800000, 0x00000000fb800000, 0x00000000fb800000)
  object space 114688K, 62% used [0x00000000f4800000,0x00000000f8e48080,0x00000000fb800000)
 Metaspace       used 75203K, capacity 79310K, committed 80000K, reserved 1118208K
  class space    used 9477K, capacity 10198K, committed 10368K, reserved 1048576K
}
{Heap before GC invocations=819 (full 2):
 PSYoungGen      total 71680K, used 70560K [0x00000000fb800000, 0x0000000100000000, 0x0000000100000000)
  eden space 69632K, 100% used [0x00000000fb800000,0x00000000ffc00000,0x00000000ffc00000)
  from space 2048K, 45% used [0x00000000ffe00000,0x00000000ffee8000,0x0000000100000000)
  to   space 2048K, 0% used [0x00000000ffc00000,0x00000000ffc00000,0x00000000ffe00000)
 ParOldGen       total 114688K, used 71968K [0x00000000f4800000, 0x00000000fb800000, 0x00000000fb800000)
  object space 114688K, 62% used [0x00000000f4800000,0x00000000f8e48080,0x00000000fb800000)
 Metaspace       used 75203K, capacity 79310K, committed 80000K, reserved 1118208K
  class space    used 9477K, capacity 10198K, committed 10368K, reserved 1048576K
2024-06-11T21:37:05.369+0800: 3484.582: [GC (Allocation Failure) [PSYoungGen: 70560K->928K(71680K)] 142528K->72976K(186368K), 0.0050826 secs] [Times: user=0.01 sys=0.00, real=0.01 secs] 
Heap after GC invocations=819 (full 2):
 PSYoungGen      total 71680K, used 928K [0x00000000fb800000, 0x0000000100000000, 0x0000000100000000)
  eden space 69632K, 0% used [0x00000000fb800000,0x00000000fb800000,0x00000000ffc00000)
  from space 2048K, 45% used [0x00000000ffc00000,0x00000000ffce8000,0x00000000ffe00000)
  to   space 2048K, 0% used [0x00000000ffe00000,0x00000000ffe00000,0x0000000100000000)
 ParOldGen       total 114688K, used 72048K [0x00000000f4800000, 0x00000000fb800000, 0x00000000fb800000)
  object space 114688K, 62% used [0x00000000f4800000,0x00000000f8e5c080,0x00000000fb800000)
 Metaspace       used 75203K, capacity 79310K, committed 80000K, reserved 1118208K
  class space    used 9477K, capacity 10198K, committed 10368K, reserved 1048576K
}
{Heap before GC invocations=820 (full 2):
 PSYoungGen      total 71680K, used 70560K [0x00000000fb800000, 0x0000000100000000, 0x0000000100000000)
  eden space 69632K, 100% used [0x00000000fb800000,0x00000000ffc00000,0x00000000ffc00000)
  from space 2048K, 45% used [0x00000000ffc00000,0x00000000ffce8000,0x00000000ffe00000)
  to   space 2048K, 0% used [0x00000000ffe00000,0x00000000ffe00000,0x0000000100000000)
 ParOldGen       total 114688K, used 72048K [0x00000000f4800000, 0x00000000fb800000, 0x00000000fb800000)
  object space 114688K, 62% used [0x00000000f4800000,0x00000000f8e5c080,0x00000000fb800000)
 Metaspace       used 75203K, capacity 79310K, committed 80000K, reserved 1118208K
  class space    used 9477K, capacity 10198K, committed 10368K, reserved 1048576K
2024-06-11T21:37:09.700+0800: 3488.913: [GC (Allocation Failure) [PSYoungGen: 70560K->960K(71680K)] 142608K->73088K(186368K), 0.0051065 secs] [Times: user=0.00 sys=0.00, real=0.01 secs] 
Heap after GC invocations=820 (full 2):
 PSYoungGen      total 71680K, used 960K [0x00000000fb800000, 0x0000000100000000, 0x0000000100000000)
  eden space 69632K, 0% used [0x00000000fb800000,0x00000000fb800000,0x00000000ffc00000)
  from space 2048K, 46% used [0x00000000ffe00000,0x00000000ffef0000,0x0000000100000000)
  to   space 2048K, 0% used [0x00000000ffc00000,0x00000000ffc00000,0x00000000ffe00000)
 ParOldGen       total 114688K, used 72128K [0x00000000f4800000, 0x00000000fb800000, 0x00000000fb800000)
  object space 114688K, 62% used [0x00000000f4800000,0x00000000f8e70080,0x00000000fb800000)
 Metaspace       used 75203K, capacity 79310K, committed 80000K, reserved 1118208K
  class space    used 9477K, capacity 10198K, committed 10368K, reserved 1048576K
}
{Heap before GC invocations=821 (full 2):
 PSYoungGen      total 71680K, used 70592K [0x00000000fb800000, 0x0000000100000000, 0x0000000100000000)
  eden space 69632K, 100% used [0x00000000fb800000,0x00000000ffc00000,0x00000000ffc00000)
  from space 2048K, 46% used [0x00000000ffe00000,0x00000000ffef0000,0x0000000100000000)
  to   space 2048K, 0% used [0x00000000ffc00000,0x00000000ffc00000,0x00000000ffe00000)
 ParOldGen       total 114688K, used 72128K [0x00000000f4800000, 0x00000000fb800000, 0x00000000fb800000)
  object space 114688K, 62% used [0x00000000f4800000,0x00000000f8e70080,0x00000000fb800000)
 Metaspace       used 75203K, capacity 79310K, committed 80000K, reserved 1118208K
  class space    used 9477K, capacity 10198K, committed 10368K, reserved 1048576K
2024-06-11T21:37:14.045+0800: 3493.258: [GC (Allocation Failure) [PSYoungGen: 70592K->960K(71680K)] 142720K->73176K(186368K), 0.0051269 secs] [Times: user=0.01 sys=0.00, real=0.00 secs] 
Heap after GC invocations=821 (full 2):
 PSYoungGen      total 71680K, used 960K [0x00000000fb800000, 0x0000000100000000, 0x0000000100000000)
  eden space 69632K, 0% used [0x00000000fb800000,0x00000000fb800000,0x00000000ffc00000)
  from space 2048K, 46% used [0x00000000ffc00000,0x00000000ffcf0000,0x00000000ffe00000)
  to   space 2048K, 0% used [0x00000000ffe00000,0x00000000ffe00000,0x0000000100000000)
 ParOldGen       total 114688K, used 72216K [0x00000000f4800000, 0x00000000fb800000, 0x00000000fb800000)
  object space 114688K, 62% used [0x00000000f4800000,0x00000000f8e86080,0x00000000fb800000)
 Metaspace       used 75203K, capacity 79310K, committed 80000K, reserved 1118208K
  class space    used 9477K, capacity 10198K, committed 10368K, reserved 1048576K
}
{Heap before GC invocations=822 (full 2):
 PSYoungGen      total 71680K, used 70592K [0x00000000fb800000, 0x0000000100000000, 0x0000000100000000)
  eden space 69632K, 100% used [0x00000000fb800000,0x00000000ffc00000,0x00000000ffc00000)
  from space 2048K, 46% used [0x00000000ffc00000,0x00000000ffcf0000,0x00000000ffe00000)
  to   space 2048K, 0% used [0x00000000ffe00000,0x00000000ffe00000,0x0000000100000000)
 ParOldGen       total 114688K, used 72216K [0x00000000f4800000, 0x00000000fb800000, 0x00000000fb800000)
  object space 114688K, 62% used [0x00000000f4800000,0x00000000f8e86080,0x00000000fb800000)
 Metaspace       used 75203K, capacity 79310K, committed 80000K, reserved 1118208K
  class space    used 9477K, capacity 10198K, committed 10368K, reserved 1048576K
2024-06-11T21:37:18.492+0800: 3497.705: [GC (Allocation Failure) [PSYoungGen: 70592K->928K(71680K)] 142808K->73232K(186368K), 0.0049659 secs] [Times: user=0.01 sys=0.00, real=0.00 secs] 
Heap after GC invocations=822 (full 2):
 PSYoungGen      total 71680K, used 928K [0x00000000fb800000, 0x0000000100000000, 0x0000000100000000)
  eden space 69632K, 0% used [0x00000000fb800000,0x00000000fb800000,0x00000000ffc00000)
  from space 2048K, 45% used [0x00000000ffe00000,0x00000000ffee8000,0x0000000100000000)
  to   space 2048K, 0% used [0x00000000ffc00000,0x00000000ffc00000,0x00000000ffe00000)
 ParOldGen       total 114688K, used 72304K [0x00000000f4800000, 0x00000000fb800000, 0x00000000fb800000)
  object space 114688K, 63% used [0x00000000f4800000,0x00000000f8e9c080,0x00000000fb800000)
 Metaspace       used 75203K, capacity 79310K, committed 80000K, reserved 1118208K
  class space    used 9477K, capacity 10198K, committed 10368K, reserved 1048576K
}
{Heap before GC invocations=823 (full 2):
 PSYoungGen      total 71680K, used 70560K [0x00000000fb800000, 0x0000000100000000, 0x0000000100000000)
  eden space 69632K, 100% used [0x00000000fb800000,0x00000000ffc00000,0x00000000ffc00000)
  from space 2048K, 45% used [0x00000000ffe00000,0x00000000ffee8000,0x0000000100000000)
  to   space 2048K, 0% used [0x00000000ffc00000,0x00000000ffc00000,0x00000000ffe00000)
 ParOldGen       total 114688K, used 72304K [0x00000000f4800000, 0x00000000fb800000, 0x00000000fb800000)
  object space 114688K, 63% used [0x00000000f4800000,0x00000000f8e9c080,0x00000000fb800000)
 Metaspace       used 75203K, capacity 79310K, committed 80000K, reserved 1118208K
  class space    used 9477K, capacity 10198K, committed 10368K, reserved 1048576K
2024-06-11T21:37:22.569+0800: 3501.782: [GC (Allocation Failure) [PSYoungGen: 70560K->928K(71680K)] 142864K->73312K(186368K), 0.0049437 secs] [Times: user=0.01 sys=0.00, real=0.01 secs] 
Heap after GC invocations=823 (full 2):
 PSYoungGen      total 71680K, used 928K [0x00000000fb800000, 0x0000000100000000, 0x0000000100000000)
  eden space 69632K, 0% used [0x00000000fb800000,0x00000000fb800000,0x00000000ffc00000)
  from space 2048K, 45% used [0x00000000ffc00000,0x00000000ffce8000,0x00000000ffe00000)
  to   space 2048K, 0% used [0x00000000ffe00000,0x00000000ffe00000,0x0000000100000000)
 ParOldGen       total 114688K, used 72384K [0x00000000f4800000, 0x00000000fb800000, 0x00000000fb800000)
  object space 114688K, 63% used [0x00000000f4800000,0x00000000f8eb0080,0x00000000fb800000)
 Metaspace       used 75203K, capacity 79310K, committed 80000K, reserved 1118208K
  class space    used 9477K, capacity 10198K, committed 10368K, reserved 1048576K
}
{Heap before GC invocations=824 (full 2):
 PSYoungGen      total 71680K, used 70560K [0x00000000fb800000, 0x0000000100000000, 0x0000000100000000)
  eden space 69632K, 100% used [0x00000000fb800000,0x00000000ffc00000,0x00000000ffc00000)
  from space 2048K, 45% used [0x00000000ffc00000,0x00000000ffce8000,0x00000000ffe00000)
  to   space 2048K, 0% used [0x00000000ffe00000,0x00000000ffe00000,0x0000000100000000)
 ParOldGen       total 114688K, used 72384K [0x00000000f4800000, 0x00000000fb800000, 0x00000000fb800000)
  object space 114688K, 63% used [0x00000000f4800000,0x00000000f8eb0080,0x00000000fb800000)
 Metaspace       used 75203K, capacity 79310K, committed 80000K, reserved 1118208K
  class space    used 9477K, capacity 10198K, committed 10368K, reserved 1048576K
2024-06-11T21:37:26.940+0800: 3506.153: [GC (Allocation Failure) [PSYoungGen: 70560K->2048K(70656K)] 142944K->75008K(185344K), 0.0078045 secs] [Times: user=0.01 sys=0.00, real=0.01 secs] 
Heap after GC invocations=824 (full 2):
 PSYoungGen      total 70656K, used 2048K [0x00000000fb800000, 0x0000000100000000, 0x0000000100000000)
  eden space 68608K, 0% used [0x00000000fb800000,0x00000000fb800000,0x00000000ffb00000)
  from space 2048K, 100% used [0x00000000ffe00000,0x0000000100000000,0x0000000100000000)
  to   space 2560K, 0% used [0x00000000ffb00000,0x00000000ffb00000,0x00000000ffd80000)
 ParOldGen       total 114688K, used 72960K [0x00000000f4800000, 0x00000000fb800000, 0x00000000fb800000)
  object space 114688K, 63% used [0x00000000f4800000,0x00000000f8f40080,0x00000000fb800000)
 Metaspace       used 75203K, capacity 79310K, committed 80000K, reserved 1118208K
  class space    used 9477K, capacity 10198K, committed 10368K, reserved 1048576K
}
{Heap before GC invocations=825 (full 2):
 PSYoungGen      total 70656K, used 70656K [0x00000000fb800000, 0x0000000100000000, 0x0000000100000000)
  eden space 68608K, 100% used [0x00000000fb800000,0x00000000ffb00000,0x00000000ffb00000)
  from space 2048K, 100% used [0x00000000ffe00000,0x0000000100000000,0x0000000100000000)
  to   space 2560K, 0% used [0x00000000ffb00000,0x00000000ffb00000,0x00000000ffd80000)
 ParOldGen       total 114688K, used 72960K [0x00000000f4800000, 0x00000000fb800000, 0x00000000fb800000)
  object space 114688K, 63% used [0x00000000f4800000,0x00000000f8f40080,0x00000000fb800000)
 Metaspace       used 75203K, capacity 79310K, committed 80000K, reserved 1118208K
  class space    used 9477K, capacity 10198K, committed 10368K, reserved 1048576K
2024-06-11T21:37:31.236+0800: 3510.449: [GC (Allocation Failure) [PSYoungGen: 70656K->1248K(71168K)] 143616K->75880K(185856K), 0.0074301 secs] [Times: user=0.01 sys=0.00, real=0.01 secs] 
Heap after GC invocations=825 (full 2):
 PSYoungGen      total 71168K, used 1248K [0x00000000fb800000, 0x0000000100000000, 0x0000000100000000)
  eden space 68608K, 0% used [0x00000000fb800000,0x00000000fb800000,0x00000000ffb00000)
  from space 2560K, 48% used [0x00000000ffb00000,0x00000000ffc38000,0x00000000ffd80000)
  to   space 2048K, 0% used [0x00000000ffe00000,0x00000000ffe00000,0x0000000100000000)
 ParOldGen       total 114688K, used 74632K [0x00000000f4800000, 0x00000000fb800000, 0x00000000fb800000)
  object space 114688K, 65% used [0x00000000f4800000,0x00000000f90e2080,0x00000000fb800000)
 Metaspace       used 75203K, capacity 79310K, committed 80000K, reserved 1118208K
  class space    used 9477K, capacity 10198K, committed 10368K, reserved 1048576K
}
{Heap before GC invocations=826 (full 2):
 PSYoungGen      total 71168K, used 69856K [0x00000000fb800000, 0x0000000100000000, 0x0000000100000000)
  eden space 68608K, 100% used [0x00000000fb800000,0x00000000ffb00000,0x00000000ffb00000)
  from space 2560K, 48% used [0x00000000ffb00000,0x00000000ffc38000,0x00000000ffd80000)
  to   space 2048K, 0% used [0x00000000ffe00000,0x00000000ffe00000,0x0000000100000000)
 ParOldGen       total 114688K, used 74632K [0x00000000f4800000, 0x00000000fb800000, 0x00000000fb800000)
  object space 114688K, 65% used [0x00000000f4800000,0x00000000f90e2080,0x00000000fb800000)
 Metaspace       used 75203K, capacity 79310K, committed 80000K, reserved 1118208K
  class space    used 9477K, capacity 10198K, committed 10368K, reserved 1048576K
2024-06-11T21:37:35.289+0800: 3514.503: [GC (Allocation Failure) [PSYoungGen: 69856K->928K(71680K)] 144488K->75968K(186368K), 0.0056561 secs] [Times: user=0.01 sys=0.00, real=0.01 secs] 
Heap after GC invocations=826 (full 2):
 PSYoungGen      total 71680K, used 928K [0x00000000fb800000, 0x0000000100000000, 0x0000000100000000)
  eden space 69632K, 0% used [0x00000000fb800000,0x00000000fb800000,0x00000000ffc00000)
  from space 2048K, 45% used [0x00000000ffe00000,0x00000000ffee8000,0x0000000100000000)
  to   space 2048K, 0% used [0x00000000ffc00000,0x00000000ffc00000,0x00000000ffe00000)
 ParOldGen       total 114688K, used 75040K [0x00000000f4800000, 0x00000000fb800000, 0x00000000fb800000)
  object space 114688K, 65% used [0x00000000f4800000,0x00000000f9148080,0x00000000fb800000)
 Metaspace       used 75203K, capacity 79310K, committed 80000K, reserved 1118208K
  class space    used 9477K, capacity 10198K, committed 10368K, reserved 1048576K
}
{Heap before GC invocations=827 (full 2):
 PSYoungGen      total 71680K, used 70560K [0x00000000fb800000, 0x0000000100000000, 0x0000000100000000)
  eden space 69632K, 100% used [0x00000000fb800000,0x00000000ffc00000,0x00000000ffc00000)
  from space 2048K, 45% used [0x00000000ffe00000,0x00000000ffee8000,0x0000000100000000)
  to   space 2048K, 0% used [0x00000000ffc00000,0x00000000ffc00000,0x00000000ffe00000)
 ParOldGen       total 114688K, used 75040K [0x00000000f4800000, 0x00000000fb800000, 0x00000000fb800000)
  object space 114688K, 65% used [0x00000000f4800000,0x00000000f9148080,0x00000000fb800000)
 Metaspace       used 75203K, capacity 79310K, committed 80000K, reserved 1118208K
  class space    used 9477K, capacity 10198K, committed 10368K, reserved 1048576K
2024-06-11T21:37:39.764+0800: 3518.978: [GC (Allocation Failure) [PSYoungGen: 70560K->960K(71680K)] 145600K->76080K(186368K), 0.0054554 secs] [Times: user=0.01 sys=0.00, real=0.00 secs] 
Heap after GC invocations=827 (full 2):
 PSYoungGen      total 71680K, used 960K [0x00000000fb800000, 0x0000000100000000, 0x0000000100000000)
  eden space 69632K, 0% used [0x00000000fb800000,0x00000000fb800000,0x00000000ffc00000)
  from space 2048K, 46% used [0x00000000ffc00000,0x00000000ffcf0000,0x00000000ffe00000)
  to   space 2048K, 0% used [0x00000000ffe00000,0x00000000ffe00000,0x0000000100000000)
 ParOldGen       total 114688K, used 75120K [0x00000000f4800000, 0x00000000fb800000, 0x00000000fb800000)
  object space 114688K, 65% used [0x00000000f4800000,0x00000000f915c080,0x00000000fb800000)
 Metaspace       used 75203K, capacity 79310K, committed 80000K, reserved 1118208K
  class space    used 9477K, capacity 10198K, committed 10368K, reserved 1048576K
}
{Heap before GC invocations=828 (full 2):
 PSYoungGen      total 71680K, used 70592K [0x00000000fb800000, 0x0000000100000000, 0x0000000100000000)
  eden space 69632K, 100% used [0x00000000fb800000,0x00000000ffc00000,0x00000000ffc00000)
  from space 2048K, 46% used [0x00000000ffc00000,0x00000000ffcf0000,0x00000000ffe00000)
  to   space 2048K, 0% used [0x00000000ffe00000,0x00000000ffe00000,0x0000000100000000)
 ParOldGen       total 114688K, used 75120K [0x00000000f4800000, 0x00000000fb800000, 0x00000000fb800000)
  object space 114688K, 65% used [0x00000000f4800000,0x00000000f915c080,0x00000000fb800000)
 Metaspace       used 75203K, capacity 79310K, committed 80000K, reserved 1118208K
  class space    used 9477K, capacity 10198K, committed 10368K, reserved 1048576K
2024-06-11T21:37:44.093+0800: 3523.307: [GC (Allocation Failure) [PSYoungGen: 70592K->928K(71680K)] 145712K->76120K(186368K), 0.0060967 secs] [Times: user=0.01 sys=0.00, real=0.00 secs] 
Heap after GC invocations=828 (full 2):
 PSYoungGen      total 71680K, used 928K [0x00000000fb800000, 0x0000000100000000, 0x0000000100000000)
  eden space 69632K, 0% used [0x00000000fb800000,0x00000000fb800000,0x00000000ffc00000)
  from space 2048K, 45% used [0x00000000ffe00000,0x00000000ffee8000,0x0000000100000000)
  to   space 2048K, 0% used [0x00000000ffc00000,0x00000000ffc00000,0x00000000ffe00000)
 ParOldGen       total 114688K, used 75192K [0x00000000f4800000, 0x00000000fb800000, 0x00000000fb800000)
  object space 114688K, 65% used [0x00000000f4800000,0x00000000f916e080,0x00000000fb800000)
 Metaspace       used 75203K, capacity 79310K, committed 80000K, reserved 1118208K
  class space    used 9477K, capacity 10198K, committed 10368K, reserved 1048576K
}
{Heap before GC invocations=829 (full 2):
 PSYoungGen      total 71680K, used 70560K [0x00000000fb800000, 0x0000000100000000, 0x0000000100000000)
  eden space 69632K, 100% used [0x00000000fb800000,0x00000000ffc00000,0x00000000ffc00000)
  from space 2048K, 45% used [0x00000000ffe00000,0x00000000ffee8000,0x0000000100000000)
  to   space 2048K, 0% used [0x00000000ffc00000,0x00000000ffc00000,0x00000000ffe00000)
 ParOldGen       total 114688K, used 75192K [0x00000000f4800000, 0x00000000fb800000, 0x00000000fb800000)
  object space 114688K, 65% used [0x00000000f4800000,0x00000000f916e080,0x00000000fb800000)
 Metaspace       used 75203K, capacity 79310K, committed 80000K, reserved 1118208K
  class space    used 9477K, capacity 10198K, committed 10368K, reserved 1048576K
2024-06-11T21:37:48.440+0800: 3527.654: [GC (Allocation Failure) [PSYoungGen: 70560K->896K(71680K)] 145752K->76168K(186368K), 0.0046699 secs] [Times: user=0.01 sys=0.00, real=0.01 secs] 
Heap after GC invocations=829 (full 2):
 PSYoungGen      total 71680K, used 896K [0x00000000fb800000, 0x0000000100000000, 0x0000000100000000)
  eden space 69632K, 0% used [0x00000000fb800000,0x00000000fb800000,0x00000000ffc00000)
  from space 2048K, 43% used [0x00000000ffc00000,0x00000000ffce0000,0x00000000ffe00000)
  to   space 2048K, 0% used [0x00000000ffe00000,0x00000000ffe00000,0x0000000100000000)
 ParOldGen       total 114688K, used 75272K [0x00000000f4800000, 0x00000000fb800000, 0x00000000fb800000)
  object space 114688K, 65% used [0x00000000f4800000,0x00000000f9182080,0x00000000fb800000)
 Metaspace       used 75203K, capacity 79310K, committed 80000K, reserved 1118208K
  class space    used 9477K, capacity 10198K, committed 10368K, reserved 1048576K
}
{Heap before GC invocations=830 (full 2):
 PSYoungGen      total 71680K, used 70528K [0x00000000fb800000, 0x0000000100000000, 0x0000000100000000)
  eden space 69632K, 100% used [0x00000000fb800000,0x00000000ffc00000,0x00000000ffc00000)
  from space 2048K, 43% used [0x00000000ffc00000,0x00000000ffce0000,0x00000000ffe00000)
  to   space 2048K, 0% used [0x00000000ffe00000,0x00000000ffe00000,0x0000000100000000)
 ParOldGen       total 114688K, used 75272K [0x00000000f4800000, 0x00000000fb800000, 0x00000000fb800000)
  object space 114688K, 65% used [0x00000000f4800000,0x00000000f9182080,0x00000000fb800000)
 Metaspace       used 75203K, capacity 79310K, committed 80000K, reserved 1118208K
  class space    used 9477K, capacity 10198K, committed 10368K, reserved 1048576K
2024-06-11T21:37:52.631+0800: 3531.844: [GC (Allocation Failure) [PSYoungGen: 70528K->960K(71680K)] 145800K->76312K(186368K), 0.0057099 secs] [Times: user=0.01 sys=0.00, real=0.00 secs] 
Heap after GC invocations=830 (full 2):
 PSYoungGen      total 71680K, used 960K [0x00000000fb800000, 0x0000000100000000, 0x0000000100000000)
  eden space 69632K, 0% used [0x00000000fb800000,0x00000000fb800000,0x00000000ffc00000)
  from space 2048K, 46% used [0x00000000ffe00000,0x00000000ffef0000,0x0000000100000000)
  to   space 2048K, 0% used [0x00000000ffc00000,0x00000000ffc00000,0x00000000ffe00000)
 ParOldGen       total 114688K, used 75352K [0x00000000f4800000, 0x00000000fb800000, 0x00000000fb800000)
  object space 114688K, 65% used [0x00000000f4800000,0x00000000f9196080,0x00000000fb800000)
 Metaspace       used 75203K, capacity 79310K, committed 80000K, reserved 1118208K
  class space    used 9477K, capacity 10198K, committed 10368K, reserved 1048576K
}
{Heap before GC invocations=831 (full 2):
 PSYoungGen      total 71680K, used 70592K [0x00000000fb800000, 0x0000000100000000, 0x0000000100000000)
  eden space 69632K, 100% used [0x00000000fb800000,0x00000000ffc00000,0x00000000ffc00000)
  from space 2048K, 46% used [0x00000000ffe00000,0x00000000ffef0000,0x0000000100000000)
  to   space 2048K, 0% used [0x00000000ffc00000,0x00000000ffc00000,0x00000000ffe00000)
 ParOldGen       total 114688K, used 75352K [0x00000000f4800000, 0x00000000fb800000, 0x00000000fb800000)
  object space 114688K, 65% used [0x00000000f4800000,0x00000000f9196080,0x00000000fb800000)
 Metaspace       used 75203K, capacity 79310K, committed 80000K, reserved 1118208K
  class space    used 9477K, capacity 10198K, committed 10368K, reserved 1048576K
2024-06-11T21:37:57.049+0800: 3536.262: [GC (Allocation Failure) [PSYoungGen: 70592K->960K(71680K)] 145944K->76400K(186368K), 0.0054094 secs] [Times: user=0.01 sys=0.00, real=0.01 secs] 
Heap after GC invocations=831 (full 2):
 PSYoungGen      total 71680K, used 960K [0x00000000fb800000, 0x0000000100000000, 0x0000000100000000)
  eden space 69632K, 0% used [0x00000000fb800000,0x00000000fb800000,0x00000000ffc00000)
  from space 2048K, 46% used [0x00000000ffc00000,0x00000000ffcf0000,0x00000000ffe00000)
  to   space 2048K, 0% used [0x00000000ffe00000,0x00000000ffe00000,0x0000000100000000)
 ParOldGen       total 114688K, used 75440K [0x00000000f4800000, 0x00000000fb800000, 0x00000000fb800000)
  object space 114688K, 65% used [0x00000000f4800000,0x00000000f91ac080,0x00000000fb800000)
 Metaspace       used 75203K, capacity 79310K, committed 80000K, reserved 1118208K
  class space    used 9477K, capacity 10198K, committed 10368K, reserved 1048576K
}
{Heap before GC invocations=832 (full 2):
 PSYoungGen      total 71680K, used 70592K [0x00000000fb800000, 0x0000000100000000, 0x0000000100000000)
  eden space 69632K, 100% used [0x00000000fb800000,0x00000000ffc00000,0x00000000ffc00000)
  from space 2048K, 46% used [0x00000000ffc00000,0x00000000ffcf0000,0x00000000ffe00000)
  to   space 2048K, 0% used [0x00000000ffe00000,0x00000000ffe00000,0x0000000100000000)
 ParOldGen       total 114688K, used 75440K [0x00000000f4800000, 0x00000000fb800000, 0x00000000fb800000)
  object space 114688K, 65% used [0x00000000f4800000,0x00000000f91ac080,0x00000000fb800000)
 Metaspace       used 75203K, capacity 79310K, committed 80000K, reserved 1118208K
  class space    used 9477K, capacity 10198K, committed 10368K, reserved 1048576K
2024-06-11T21:38:01.204+0800: 3540.417: [GC (Allocation Failure) [PSYoungGen: 70592K->960K(71680K)] 146032K->76480K(186368K), 0.0054877 secs] [Times: user=0.01 sys=0.00, real=0.00 secs] 
Heap after GC invocations=832 (full 2):
 PSYoungGen      total 71680K, used 960K [0x00000000fb800000, 0x0000000100000000, 0x0000000100000000)
  eden space 69632K, 0% used [0x00000000fb800000,0x00000000fb800000,0x00000000ffc00000)
  from space 2048K, 46% used [0x00000000ffe00000,0x00000000ffef0000,0x0000000100000000)
  to   space 2048K, 0% used [0x00000000ffc00000,0x00000000ffc00000,0x00000000ffe00000)
 ParOldGen       total 114688K, used 75520K [0x00000000f4800000, 0x00000000fb800000, 0x00000000fb800000)
  object space 114688K, 65% used [0x00000000f4800000,0x00000000f91c0080,0x00000000fb800000)
 Metaspace       used 75203K, capacity 79310K, committed 80000K, reserved 1118208K
  class space    used 9477K, capacity 10198K, committed 10368K, reserved 1048576K
}
{Heap before GC invocations=833 (full 2):
 PSYoungGen      total 71680K, used 70592K [0x00000000fb800000, 0x0000000100000000, 0x0000000100000000)
  eden space 69632K, 100% used [0x00000000fb800000,0x00000000ffc00000,0x00000000ffc00000)
  from space 2048K, 46% used [0x00000000ffe00000,0x00000000ffef0000,0x0000000100000000)
  to   space 2048K, 0% used [0x00000000ffc00000,0x00000000ffc00000,0x00000000ffe00000)
 ParOldGen       total 114688K, used 75520K [0x00000000f4800000, 0x00000000fb800000, 0x00000000fb800000)
  object space 114688K, 65% used [0x00000000f4800000,0x00000000f91c0080,0x00000000fb800000)
 Metaspace       used 75203K, capacity 79310K, committed 80000K, reserved 1118208K
  class space    used 9477K, capacity 10198K, committed 10368K, reserved 1048576K
2024-06-11T21:38:05.511+0800: 3544.725: [GC (Allocation Failure) [PSYoungGen: 70592K->928K(71680K)] 146112K->76528K(186368K), 0.0062730 secs] [Times: user=0.01 sys=0.00, real=0.00 secs] 
Heap after GC invocations=833 (full 2):
 PSYoungGen      total 71680K, used 928K [0x00000000fb800000, 0x0000000100000000, 0x0000000100000000)
  eden space 69632K, 0% used [0x00000000fb800000,0x00000000fb800000,0x00000000ffc00000)
  from space 2048K, 45% used [0x00000000ffc00000,0x00000000ffce8000,0x00000000ffe00000)
  to   space 2048K, 0% used [0x00000000ffe00000,0x00000000ffe00000,0x0000000100000000)
 ParOldGen       total 114688K, used 75600K [0x00000000f4800000, 0x00000000fb800000, 0x00000000fb800000)
  object space 114688K, 65% used [0x00000000f4800000,0x00000000f91d4080,0x00000000fb800000)
 Metaspace       used 75203K, capacity 79310K, committed 80000K, reserved 1118208K
  class space    used 9477K, capacity 10198K, committed 10368K, reserved 1048576K
}
{Heap before GC invocations=834 (full 2):
 PSYoungGen      total 71680K, used 70560K [0x00000000fb800000, 0x0000000100000000, 0x0000000100000000)
  eden space 69632K, 100% used [0x00000000fb800000,0x00000000ffc00000,0x00000000ffc00000)
  from space 2048K, 45% used [0x00000000ffc00000,0x00000000ffce8000,0x00000000ffe00000)
  to   space 2048K, 0% used [0x00000000ffe00000,0x00000000ffe00000,0x0000000100000000)
 ParOldGen       total 114688K, used 75600K [0x00000000f4800000, 0x00000000fb800000, 0x00000000fb800000)
  object space 114688K, 65% used [0x00000000f4800000,0x00000000f91d4080,0x00000000fb800000)
 Metaspace       used 75203K, capacity 79310K, committed 80000K, reserved 1118208K
  class space    used 9477K, capacity 10198K, committed 10368K, reserved 1048576K
2024-06-11T21:38:09.903+0800: 3549.116: [GC (Allocation Failure) [PSYoungGen: 70560K->928K(71680K)] 146160K->76608K(186368K), 0.0049828 secs] [Times: user=0.00 sys=0.00, real=0.00 secs] 
Heap after GC invocations=834 (full 2):
 PSYoungGen      total 71680K, used 928K [0x00000000fb800000, 0x0000000100000000, 0x0000000100000000)
  eden space 69632K, 0% used [0x00000000fb800000,0x00000000fb800000,0x00000000ffc00000)
  from space 2048K, 45% used [0x00000000ffe00000,0x00000000ffee8000,0x0000000100000000)
  to   space 2048K, 0% used [0x00000000ffc00000,0x00000000ffc00000,0x00000000ffe00000)
 ParOldGen       total 114688K, used 75680K [0x00000000f4800000, 0x00000000fb800000, 0x00000000fb800000)
  object space 114688K, 65% used [0x00000000f4800000,0x00000000f91e8080,0x00000000fb800000)
 Metaspace       used 75203K, capacity 79310K, committed 80000K, reserved 1118208K
  class space    used 9477K, capacity 10198K, committed 10368K, reserved 1048576K
}
{Heap before GC invocations=835 (full 2):
 PSYoungGen      total 71680K, used 70560K [0x00000000fb800000, 0x0000000100000000, 0x0000000100000000)
  eden space 69632K, 100% used [0x00000000fb800000,0x00000000ffc00000,0x00000000ffc00000)
  from space 2048K, 45% used [0x00000000ffe00000,0x00000000ffee8000,0x0000000100000000)
  to   space 2048K, 0% used [0x00000000ffc00000,0x00000000ffc00000,0x00000000ffe00000)
 ParOldGen       total 114688K, used 75680K [0x00000000f4800000, 0x00000000fb800000, 0x00000000fb800000)
  object space 114688K, 65% used [0x00000000f4800000,0x00000000f91e8080,0x00000000fb800000)
 Metaspace       used 75203K, capacity 79310K, committed 80000K, reserved 1118208K
  class space    used 9477K, capacity 10198K, committed 10368K, reserved 1048576K
2024-06-11T21:38:14.262+0800: 3553.475: [GC (Allocation Failure) [PSYoungGen: 70560K->928K(71680K)] 146240K->76688K(186368K), 0.0048722 secs] [Times: user=0.01 sys=0.00, real=0.00 secs] 
Heap after GC invocations=835 (full 2):
 PSYoungGen      total 71680K, used 928K [0x00000000fb800000, 0x0000000100000000, 0x0000000100000000)
  eden space 69632K, 0% used [0x00000000fb800000,0x00000000fb800000,0x00000000ffc00000)
  from space 2048K, 45% used [0x00000000ffc00000,0x00000000ffce8000,0x00000000ffe00000)
  to   space 2048K, 0% used [0x00000000ffe00000,0x00000000ffe00000,0x0000000100000000)
 ParOldGen       total 114688K, used 75760K [0x00000000f4800000, 0x00000000fb800000, 0x00000000fb800000)
  object space 114688K, 66% used [0x00000000f4800000,0x00000000f91fc080,0x00000000fb800000)
 Metaspace       used 75203K, capacity 79310K, committed 80000K, reserved 1118208K
  class space    used 9477K, capacity 10198K, committed 10368K, reserved 1048576K
}
{Heap before GC invocations=836 (full 2):
 PSYoungGen      total 71680K, used 70560K [0x00000000fb800000, 0x0000000100000000, 0x0000000100000000)
  eden space 69632K, 100% used [0x00000000fb800000,0x00000000ffc00000,0x00000000ffc00000)
  from space 2048K, 45% used [0x00000000ffc00000,0x00000000ffce8000,0x00000000ffe00000)
  to   space 2048K, 0% used [0x00000000ffe00000,0x00000000ffe00000,0x0000000100000000)
 ParOldGen       total 114688K, used 75760K [0x00000000f4800000, 0x00000000fb800000, 0x00000000fb800000)
  object space 114688K, 66% used [0x00000000f4800000,0x00000000f91fc080,0x00000000fb800000)
 Metaspace       used 75203K, capacity 79310K, committed 80000K, reserved 1118208K
  class space    used 9477K, capacity 10198K, committed 10368K, reserved 1048576K
2024-06-11T21:38:18.503+0800: 3557.716: [GC (Allocation Failure) [PSYoungGen: 70560K->896K(71680K)] 146320K->76744K(186368K), 0.0048563 secs] [Times: user=0.00 sys=0.00, real=0.00 secs] 
Heap after GC invocations=836 (full 2):
 PSYoungGen      total 71680K, used 896K [0x00000000fb800000, 0x0000000100000000, 0x0000000100000000)
  eden space 69632K, 0% used [0x00000000fb800000,0x00000000fb800000,0x00000000ffc00000)
  from space 2048K, 43% used [0x00000000ffe00000,0x00000000ffee0000,0x0000000100000000)
  to   space 2048K, 0% used [0x00000000ffc00000,0x00000000ffc00000,0x00000000ffe00000)
 ParOldGen       total 114688K, used 75848K [0x00000000f4800000, 0x00000000fb800000, 0x00000000fb800000)
  object space 114688K, 66% used [0x00000000f4800000,0x00000000f9212080,0x00000000fb800000)
 Metaspace       used 75203K, capacity 79310K, committed 80000K, reserved 1118208K
  class space    used 9477K, capacity 10198K, committed 10368K, reserved 1048576K
}
{Heap before GC invocations=837 (full 2):
 PSYoungGen      total 71680K, used 70254K [0x00000000fb800000, 0x0000000100000000, 0x0000000100000000)
  eden space 69632K, 99% used [0x00000000fb800000,0x00000000ffbbb920,0x00000000ffc00000)
  from space 2048K, 43% used [0x00000000ffe00000,0x00000000ffee0000,0x0000000100000000)
  to   space 2048K, 0% used [0x00000000ffc00000,0x00000000ffc00000,0x00000000ffe00000)
 ParOldGen       total 114688K, used 75848K [0x00000000f4800000, 0x00000000fb800000, 0x00000000fb800000)
  object space 114688K, 66% used [0x00000000f4800000,0x00000000f9212080,0x00000000fb800000)
 Metaspace       used 75203K, capacity 79310K, committed 80000K, reserved 1118208K
  class space    used 9477K, capacity 10198K, committed 10368K, reserved 1048576K
2024-06-11T21:38:22.741+0800: 3561.955: [GC (Allocation Failure) [PSYoungGen: 70254K->1175K(71680K)] 146102K->77103K(186368K), 0.0049055 secs] [Times: user=0.00 sys=0.00, real=0.00 secs] 
Heap after GC invocations=837 (full 2):
 PSYoungGen      total 71680K, used 1175K [0x00000000fb800000, 0x0000000100000000, 0x0000000100000000)
  eden space 69632K, 0% used [0x00000000fb800000,0x00000000fb800000,0x00000000ffc00000)
  from space 2048K, 57% used [0x00000000ffc00000,0x00000000ffd25c20,0x00000000ffe00000)
  to   space 2048K, 0% used [0x00000000ffe00000,0x00000000ffe00000,0x0000000100000000)
 ParOldGen       total 114688K, used 75928K [0x00000000f4800000, 0x00000000fb800000, 0x00000000fb800000)
  object space 114688K, 66% used [0x00000000f4800000,0x00000000f9226080,0x00000000fb800000)
 Metaspace       used 75203K, capacity 79310K, committed 80000K, reserved 1118208K
  class space    used 9477K, capacity 10198K, committed 10368K, reserved 1048576K
}
{Heap before GC invocations=838 (full 2):
 PSYoungGen      total 71680K, used 70807K [0x00000000fb800000, 0x0000000100000000, 0x0000000100000000)
  eden space 69632K, 100% used [0x00000000fb800000,0x00000000ffc00000,0x00000000ffc00000)
  from space 2048K, 57% used [0x00000000ffc00000,0x00000000ffd25c20,0x00000000ffe00000)
  to   space 2048K, 0% used [0x00000000ffe00000,0x00000000ffe00000,0x0000000100000000)
 ParOldGen       total 114688K, used 75928K [0x00000000f4800000, 0x00000000fb800000, 0x00000000fb800000)
  object space 114688K, 66% used [0x00000000f4800000,0x00000000f9226080,0x00000000fb800000)
 Metaspace       used 75203K, capacity 79310K, committed 80000K, reserved 1118208K
  class space    used 9477K, capacity 10198K, committed 10368K, reserved 1048576K
2024-06-11T21:38:27.185+0800: 3566.399: [GC (Allocation Failure) [PSYoungGen: 70807K->2048K(71680K)] 146735K->78368K(186368K), 0.0076784 secs] [Times: user=0.01 sys=0.00, real=0.01 secs] 
Heap after GC invocations=838 (full 2):
 PSYoungGen      total 71680K, used 2048K [0x00000000fb800000, 0x0000000100000000, 0x0000000100000000)
  eden space 69632K, 0% used [0x00000000fb800000,0x00000000fb800000,0x00000000ffc00000)
  from space 2048K, 100% used [0x00000000ffe00000,0x0000000100000000,0x0000000100000000)
  to   space 2048K, 0% used [0x00000000ffc00000,0x00000000ffc00000,0x00000000ffe00000)
 ParOldGen       total 114688K, used 76320K [0x00000000f4800000, 0x00000000fb800000, 0x00000000fb800000)
  object space 114688K, 66% used [0x00000000f4800000,0x00000000f9288080,0x00000000fb800000)
 Metaspace       used 75203K, capacity 79310K, committed 80000K, reserved 1118208K
  class space    used 9477K, capacity 10198K, committed 10368K, reserved 1048576K
}
{Heap before GC invocations=839 (full 2):
 PSYoungGen      total 71680K, used 71680K [0x00000000fb800000, 0x0000000100000000, 0x0000000100000000)
  eden space 69632K, 100% used [0x00000000fb800000,0x00000000ffc00000,0x00000000ffc00000)
  from space 2048K, 100% used [0x00000000ffe00000,0x0000000100000000,0x0000000100000000)
  to   space 2048K, 0% used [0x00000000ffc00000,0x00000000ffc00000,0x00000000ffe00000)
 ParOldGen       total 114688K, used 76320K [0x00000000f4800000, 0x00000000fb800000, 0x00000000fb800000)
  object space 114688K, 66% used [0x00000000f4800000,0x00000000f9288080,0x00000000fb800000)
 Metaspace       used 75203K, capacity 79310K, committed 80000K, reserved 1118208K
  class space    used 9477K, capacity 10198K, committed 10368K, reserved 1048576K
2024-06-11T21:38:31.410+0800: 3570.624: [GC (Allocation Failure) [PSYoungGen: 71680K->1664K(71680K)] 148000K->79952K(186368K), 0.0085217 secs] [Times: user=0.02 sys=0.00, real=0.01 secs] 
Heap after GC invocations=839 (full 2):
 PSYoungGen      total 71680K, used 1664K [0x00000000fb800000, 0x0000000100000000, 0x0000000100000000)
  eden space 69632K, 0% used [0x00000000fb800000,0x00000000fb800000,0x00000000ffc00000)
  from space 2048K, 81% used [0x00000000ffc00000,0x00000000ffda0000,0x00000000ffe00000)
  to   space 2048K, 0% used [0x00000000ffe00000,0x00000000ffe00000,0x0000000100000000)
 ParOldGen       total 114688K, used 78288K [0x00000000f4800000, 0x00000000fb800000, 0x00000000fb800000)
  object space 114688K, 68% used [0x00000000f4800000,0x00000000f9474080,0x00000000fb800000)
 Metaspace       used 75203K, capacity 79310K, committed 80000K, reserved 1118208K
  class space    used 9477K, capacity 10198K, committed 10368K, reserved 1048576K
}
{Heap before GC invocations=840 (full 2):
 PSYoungGen      total 71680K, used 71296K [0x00000000fb800000, 0x0000000100000000, 0x0000000100000000)
  eden space 69632K, 100% used [0x00000000fb800000,0x00000000ffc00000,0x00000000ffc00000)
  from space 2048K, 81% used [0x00000000ffc00000,0x00000000ffda0000,0x00000000ffe00000)
  to   space 2048K, 0% used [0x00000000ffe00000,0x00000000ffe00000,0x0000000100000000)
 ParOldGen       total 114688K, used 78288K [0x00000000f4800000, 0x00000000fb800000, 0x00000000fb800000)
  object space 114688K, 68% used [0x00000000f4800000,0x00000000f9474080,0x00000000fb800000)
 Metaspace       used 75232K, capacity 79310K, committed 80000K, reserved 1118208K
  class space    used 9477K, capacity 10198K, committed 10368K, reserved 1048576K
2024-06-11T21:38:35.585+0800: 3574.798: [GC (Allocation Failure) [PSYoungGen: 71296K->1008K(70656K)] 149584K->80104K(185344K), 0.0060894 secs] [Times: user=0.01 sys=0.00, real=0.01 secs] 
Heap after GC invocations=840 (full 2):
 PSYoungGen      total 70656K, used 1008K [0x00000000fb800000, 0x0000000100000000, 0x0000000100000000)
  eden space 68608K, 0% used [0x00000000fb800000,0x00000000fb800000,0x00000000ffb00000)
  from space 2048K, 49% used [0x00000000ffe00000,0x00000000ffefc010,0x0000000100000000)
  to   space 2560K, 0% used [0x00000000ffb00000,0x00000000ffb00000,0x00000000ffd80000)
 ParOldGen       total 114688K, used 79096K [0x00000000f4800000, 0x00000000fb800000, 0x00000000fb800000)
  object space 114688K, 68% used [0x00000000f4800000,0x00000000f953e080,0x00000000fb800000)
 Metaspace       used 75232K, capacity 79310K, committed 80000K, reserved 1118208K
  class space    used 9477K, capacity 10198K, committed 10368K, reserved 1048576K
}
{Heap before GC invocations=841 (full 2):
 PSYoungGen      total 70656K, used 69616K [0x00000000fb800000, 0x0000000100000000, 0x0000000100000000)
  eden space 68608K, 100% used [0x00000000fb800000,0x00000000ffb00000,0x00000000ffb00000)
  from space 2048K, 49% used [0x00000000ffe00000,0x00000000ffefc010,0x0000000100000000)
  to   space 2560K, 0% used [0x00000000ffb00000,0x00000000ffb00000,0x00000000ffd80000)
 ParOldGen       total 114688K, used 79096K [0x00000000f4800000, 0x00000000fb800000, 0x00000000fb800000)
  object space 114688K, 68% used [0x00000000f4800000,0x00000000f953e080,0x00000000fb800000)
 Metaspace       used 75247K, capacity 79374K, committed 80000K, reserved 1118208K
  class space    used 9477K, capacity 10198K, committed 10368K, reserved 1048576K
2024-06-11T21:38:39.768+0800: 3578.982: [GC (Allocation Failure) [PSYoungGen: 69616K->1040K(71168K)] 148712K->80284K(185856K), 0.0051399 secs] [Times: user=0.01 sys=0.00, real=0.01 secs] 
Heap after GC invocations=841 (full 2):
 PSYoungGen      total 71168K, used 1040K [0x00000000fb800000, 0x0000000100000000, 0x0000000100000000)
  eden space 68608K, 0% used [0x00000000fb800000,0x00000000fb800000,0x00000000ffb00000)
  from space 2560K, 40% used [0x00000000ffb00000,0x00000000ffc04010,0x00000000ffd80000)
  to   space 2048K, 0% used [0x00000000ffe00000,0x00000000ffe00000,0x0000000100000000)
 ParOldGen       total 114688K, used 79244K [0x00000000f4800000, 0x00000000fb800000, 0x00000000fb800000)
  object space 114688K, 69% used [0x00000000f4800000,0x00000000f95630a0,0x00000000fb800000)
 Metaspace       used 75247K, capacity 79374K, committed 80000K, reserved 1118208K
  class space    used 9477K, capacity 10198K, committed 10368K, reserved 1048576K
}
{Heap before GC invocations=842 (full 2):
 PSYoungGen      total 71168K, used 69648K [0x00000000fb800000, 0x0000000100000000, 0x0000000100000000)
  eden space 68608K, 100% used [0x00000000fb800000,0x00000000ffb00000,0x00000000ffb00000)
  from space 2560K, 40% used [0x00000000ffb00000,0x00000000ffc04010,0x00000000ffd80000)
  to   space 2048K, 0% used [0x00000000ffe00000,0x00000000ffe00000,0x0000000100000000)
 ParOldGen       total 114688K, used 79244K [0x00000000f4800000, 0x00000000fb800000, 0x00000000fb800000)
  object space 114688K, 69% used [0x00000000f4800000,0x00000000f95630a0,0x00000000fb800000)
 Metaspace       used 75247K, capacity 79374K, committed 80000K, reserved 1118208K
  class space    used 9477K, capacity 10198K, committed 10368K, reserved 1048576K
2024-06-11T21:38:44.008+0800: 3583.221: [GC (Allocation Failure) [PSYoungGen: 69648K->832K(71680K)] 148892K->80264K(186368K), 0.0178322 secs] [Times: user=0.02 sys=0.01, real=0.02 secs] 
Heap after GC invocations=842 (full 2):
 PSYoungGen      total 71680K, used 832K [0x00000000fb800000, 0x0000000100000000, 0x0000000100000000)
  eden space 69632K, 0% used [0x00000000fb800000,0x00000000fb800000,0x00000000ffc00000)
  from space 2048K, 40% used [0x00000000ffe00000,0x00000000ffed0000,0x0000000100000000)
  to   space 2048K, 0% used [0x00000000ffc00000,0x00000000ffc00000,0x00000000ffe00000)
 ParOldGen       total 114688K, used 79432K [0x00000000f4800000, 0x00000000fb800000, 0x00000000fb800000)
  object space 114688K, 69% used [0x00000000f4800000,0x00000000f95920d0,0x00000000fb800000)
 Metaspace       used 75247K, capacity 79374K, committed 80000K, reserved 1118208K
  class space    used 9477K, capacity 10198K, committed 10368K, reserved 1048576K
}
{Heap before GC invocations=843 (full 2):
 PSYoungGen      total 71680K, used 70464K [0x00000000fb800000, 0x0000000100000000, 0x0000000100000000)
  eden space 69632K, 100% used [0x00000000fb800000,0x00000000ffc00000,0x00000000ffc00000)
  from space 2048K, 40% used [0x00000000ffe00000,0x00000000ffed0000,0x0000000100000000)
  to   space 2048K, 0% used [0x00000000ffc00000,0x00000000ffc00000,0x00000000ffe00000)
 ParOldGen       total 114688K, used 79432K [0x00000000f4800000, 0x00000000fb800000, 0x00000000fb800000)
  object space 114688K, 69% used [0x00000000f4800000,0x00000000f95920d0,0x00000000fb800000)
 Metaspace       used 75253K, capacity 79380K, committed 80000K, reserved 1118208K
  class space    used 9477K, capacity 10199K, committed 10368K, reserved 1048576K
2024-06-11T21:38:48.236+0800: 3587.450: [GC (Allocation Failure) [PSYoungGen: 70464K->992K(71680K)] 149896K->80504K(186368K), 0.0052641 secs] [Times: user=0.01 sys=0.00, real=0.01 secs] 
Heap after GC invocations=843 (full 2):
 PSYoungGen      total 71680K, used 992K [0x00000000fb800000, 0x0000000100000000, 0x0000000100000000)
  eden space 69632K, 0% used [0x00000000fb800000,0x00000000fb800000,0x00000000ffc00000)
  from space 2048K, 48% used [0x00000000ffc00000,0x00000000ffcf8000,0x00000000ffe00000)
  to   space 2048K, 0% used [0x00000000ffe00000,0x00000000ffe00000,0x0000000100000000)
 ParOldGen       total 114688K, used 79512K [0x00000000f4800000, 0x00000000fb800000, 0x00000000fb800000)
  object space 114688K, 69% used [0x00000000f4800000,0x00000000f95a60d0,0x00000000fb800000)
 Metaspace       used 75253K, capacity 79380K, committed 80000K, reserved 1118208K
  class space    used 9477K, capacity 10199K, committed 10368K, reserved 1048576K
}
{Heap before GC invocations=844 (full 2):
 PSYoungGen      total 71680K, used 70624K [0x00000000fb800000, 0x0000000100000000, 0x0000000100000000)
  eden space 69632K, 100% used [0x00000000fb800000,0x00000000ffc00000,0x00000000ffc00000)
  from space 2048K, 48% used [0x00000000ffc00000,0x00000000ffcf8000,0x00000000ffe00000)
  to   space 2048K, 0% used [0x00000000ffe00000,0x00000000ffe00000,0x0000000100000000)
 ParOldGen       total 114688K, used 79512K [0x00000000f4800000, 0x00000000fb800000, 0x00000000fb800000)
  object space 114688K, 69% used [0x00000000f4800000,0x00000000f95a60d0,0x00000000fb800000)
 Metaspace       used 75253K, capacity 79380K, committed 80000K, reserved 1118208K
  class space    used 9477K, capacity 10199K, committed 10368K, reserved 1048576K
2024-06-11T21:38:52.800+0800: 3592.013: [GC (Allocation Failure) [PSYoungGen: 70624K->1422K(71680K)] 150136K->81138K(186368K), 0.0066111 secs] [Times: user=0.01 sys=0.00, real=0.01 secs] 
Heap after GC invocations=844 (full 2):
 PSYoungGen      total 71680K, used 1422K [0x00000000fb800000, 0x0000000100000000, 0x0000000100000000)
  eden space 69632K, 0% used [0x00000000fb800000,0x00000000fb800000,0x00000000ffc00000)
  from space 2048K, 69% used [0x00000000ffe00000,0x00000000fff63810,0x0000000100000000)
  to   space 2048K, 0% used [0x00000000ffc00000,0x00000000ffc00000,0x00000000ffe00000)
 ParOldGen       total 114688K, used 79716K [0x00000000f4800000, 0x00000000fb800000, 0x00000000fb800000)
  object space 114688K, 69% used [0x00000000f4800000,0x00000000f95d9100,0x00000000fb800000)
 Metaspace       used 75253K, capacity 79380K, committed 80000K, reserved 1118208K
  class space    used 9477K, capacity 10199K, committed 10368K, reserved 1048576K
}
{Heap before GC invocations=845 (full 2):
 PSYoungGen      total 71680K, used 71054K [0x00000000fb800000, 0x0000000100000000, 0x0000000100000000)
  eden space 69632K, 100% used [0x00000000fb800000,0x00000000ffc00000,0x00000000ffc00000)
  from space 2048K, 69% used [0x00000000ffe00000,0x00000000fff63810,0x0000000100000000)
  to   space 2048K, 0% used [0x00000000ffc00000,0x00000000ffc00000,0x00000000ffe00000)
 ParOldGen       total 114688K, used 79716K [0x00000000f4800000, 0x00000000fb800000, 0x00000000fb800000)
  object space 114688K, 69% used [0x00000000f4800000,0x00000000f95d9100,0x00000000fb800000)
 Metaspace       used 75253K, capacity 79380K, committed 80000K, reserved 1118208K
  class space    used 9477K, capacity 10199K, committed 10368K, reserved 1048576K
2024-06-11T21:38:57.361+0800: 3596.574: [GC (Allocation Failure) [PSYoungGen: 71054K->960K(71680K)] 150770K->80756K(186368K), 0.0050159 secs] [Times: user=0.01 sys=0.00, real=0.00 secs] 
Heap after GC invocations=845 (full 2):
 PSYoungGen      total 71680K, used 960K [0x00000000fb800000, 0x0000000100000000, 0x0000000100000000)
  eden space 69632K, 0% used [0x00000000fb800000,0x00000000fb800000,0x00000000ffc00000)
  from space 2048K, 46% used [0x00000000ffc00000,0x00000000ffcf0000,0x00000000ffe00000)
  to   space 2048K, 0% used [0x00000000ffe00000,0x00000000ffe00000,0x0000000100000000)
 ParOldGen       total 114688K, used 79796K [0x00000000f4800000, 0x00000000fb800000, 0x00000000fb800000)
  object space 114688K, 69% used [0x00000000f4800000,0x00000000f95ed100,0x00000000fb800000)
 Metaspace       used 75253K, capacity 79380K, committed 80000K, reserved 1118208K
  class space    used 9477K, capacity 10199K, committed 10368K, reserved 1048576K
}
{Heap before GC invocations=846 (full 2):
 PSYoungGen      total 71680K, used 70592K [0x00000000fb800000, 0x0000000100000000, 0x0000000100000000)
  eden space 69632K, 100% used [0x00000000fb800000,0x00000000ffc00000,0x00000000ffc00000)
  from space 2048K, 46% used [0x00000000ffc00000,0x00000000ffcf0000,0x00000000ffe00000)
  to   space 2048K, 0% used [0x00000000ffe00000,0x00000000ffe00000,0x0000000100000000)
 ParOldGen       total 114688K, used 79796K [0x00000000f4800000, 0x00000000fb800000, 0x00000000fb800000)
  object space 114688K, 69% used [0x00000000f4800000,0x00000000f95ed100,0x00000000fb800000)
 Metaspace       used 75253K, capacity 79380K, committed 80000K, reserved 1118208K
  class space    used 9477K, capacity 10199K, committed 10368K, reserved 1048576K
2024-06-11T21:39:01.658+0800: 3600.872: [GC (Allocation Failure) [PSYoungGen: 70592K->960K(71680K)] 150388K->80844K(186368K), 0.0054245 secs] [Times: user=0.01 sys=0.00, real=0.01 secs] 
Heap after GC invocations=846 (full 2):
 PSYoungGen      total 71680K, used 960K [0x00000000fb800000, 0x0000000100000000, 0x0000000100000000)
  eden space 69632K, 0% used [0x00000000fb800000,0x00000000fb800000,0x00000000ffc00000)
  from space 2048K, 46% used [0x00000000ffe00000,0x00000000ffef0000,0x0000000100000000)
  to   space 2048K, 0% used [0x00000000ffc00000,0x00000000ffc00000,0x00000000ffe00000)
 ParOldGen       total 114688K, used 79884K [0x00000000f4800000, 0x00000000fb800000, 0x00000000fb800000)
  object space 114688K, 69% used [0x00000000f4800000,0x00000000f9603100,0x00000000fb800000)
 Metaspace       used 75253K, capacity 79380K, committed 80000K, reserved 1118208K
  class space    used 9477K, capacity 10199K, committed 10368K, reserved 1048576K
}
{Heap before GC invocations=847 (full 2):
 PSYoungGen      total 71680K, used 70592K [0x00000000fb800000, 0x0000000100000000, 0x0000000100000000)
  eden space 69632K, 100% used [0x00000000fb800000,0x00000000ffc00000,0x00000000ffc00000)
  from space 2048K, 46% used [0x00000000ffe00000,0x00000000ffef0000,0x0000000100000000)
  to   space 2048K, 0% used [0x00000000ffc00000,0x00000000ffc00000,0x00000000ffe00000)
 ParOldGen       total 114688K, used 79884K [0x00000000f4800000, 0x00000000fb800000, 0x00000000fb800000)
  object space 114688K, 69% used [0x00000000f4800000,0x00000000f9603100,0x00000000fb800000)
 Metaspace       used 75254K, capacity 79380K, committed 80000K, reserved 1118208K
  class space    used 9477K, capacity 10199K, committed 10368K, reserved 1048576K
2024-06-11T21:39:06.012+0800: 3605.225: [GC (Allocation Failure) [PSYoungGen: 70592K->1024K(71680K)] 150476K->80996K(186368K), 0.0050869 secs] [Times: user=0.01 sys=0.01, real=0.00 secs] 
Heap after GC invocations=847 (full 2):
 PSYoungGen      total 71680K, used 1024K [0x00000000fb800000, 0x0000000100000000, 0x0000000100000000)
  eden space 69632K, 0% used [0x00000000fb800000,0x00000000fb800000,0x00000000ffc00000)
  from space 2048K, 50% used [0x00000000ffc00000,0x00000000ffd00000,0x00000000ffe00000)
  to   space 2048K, 0% used [0x00000000ffe00000,0x00000000ffe00000,0x0000000100000000)
 ParOldGen       total 114688K, used 79972K [0x00000000f4800000, 0x00000000fb800000, 0x00000000fb800000)
  object space 114688K, 69% used [0x00000000f4800000,0x00000000f9619100,0x00000000fb800000)
 Metaspace       used 75254K, capacity 79380K, committed 80000K, reserved 1118208K
  class space    used 9477K, capacity 10199K, committed 10368K, reserved 1048576K
}
{Heap before GC invocations=848 (full 2):
 PSYoungGen      total 71680K, used 70656K [0x00000000fb800000, 0x0000000100000000, 0x0000000100000000)
  eden space 69632K, 100% used [0x00000000fb800000,0x00000000ffc00000,0x00000000ffc00000)
  from space 2048K, 50% used [0x00000000ffc00000,0x00000000ffd00000,0x00000000ffe00000)
  to   space 2048K, 0% used [0x00000000ffe00000,0x00000000ffe00000,0x0000000100000000)
 ParOldGen       total 114688K, used 79972K [0x00000000f4800000, 0x00000000fb800000, 0x00000000fb800000)
  object space 114688K, 69% used [0x00000000f4800000,0x00000000f9619100,0x00000000fb800000)
 Metaspace       used 75257K, capacity 79444K, committed 80000K, reserved 1118208K
  class space    used 9477K, capacity 10199K, committed 10368K, reserved 1048576K
2024-06-11T21:39:10.323+0800: 3609.536: [GC (Allocation Failure) [PSYoungGen: 70656K->1502K(71680K)] 150628K->81610K(186368K), 0.0054078 secs] [Times: user=0.01 sys=0.00, real=0.00 secs] 
Heap after GC invocations=848 (full 2):
 PSYoungGen      total 71680K, used 1502K [0x00000000fb800000, 0x0000000100000000, 0x0000000100000000)
  eden space 69632K, 0% used [0x00000000fb800000,0x00000000fb800000,0x00000000ffc00000)
  from space 2048K, 73% used [0x00000000ffe00000,0x00000000fff77820,0x0000000100000000)
  to   space 2048K, 0% used [0x00000000ffc00000,0x00000000ffc00000,0x00000000ffe00000)
 ParOldGen       total 114688K, used 80108K [0x00000000f4800000, 0x00000000fb800000, 0x00000000fb800000)
  object space 114688K, 69% used [0x00000000f4800000,0x00000000f963b110,0x00000000fb800000)
 Metaspace       used 75257K, capacity 79444K, committed 80000K, reserved 1118208K
  class space    used 9477K, capacity 10199K, committed 10368K, reserved 1048576K
}
{Heap before GC invocations=849 (full 2):
 PSYoungGen      total 71680K, used 71134K [0x00000000fb800000, 0x0000000100000000, 0x0000000100000000)
  eden space 69632K, 100% used [0x00000000fb800000,0x00000000ffc00000,0x00000000ffc00000)
  from space 2048K, 73% used [0x00000000ffe00000,0x00000000fff77820,0x0000000100000000)
  to   space 2048K, 0% used [0x00000000ffc00000,0x00000000ffc00000,0x00000000ffe00000)
 ParOldGen       total 114688K, used 80108K [0x00000000f4800000, 0x00000000fb800000, 0x00000000fb800000)
  object space 114688K, 69% used [0x00000000f4800000,0x00000000f963b110,0x00000000fb800000)
 Metaspace       used 75268K, capacity 79456K, committed 80000K, reserved 1118208K
  class space    used 9478K, capacity 10201K, committed 10368K, reserved 1048576K
2024-06-11T21:39:14.606+0800: 3613.819: [GC (Allocation Failure) [PSYoungGen: 71134K->1008K(71680K)] 151242K->81256K(186368K), 0.0068805 secs] [Times: user=0.01 sys=0.00, real=0.01 secs] 
Heap after GC invocations=849 (full 2):
 PSYoungGen      total 71680K, used 1008K [0x00000000fb800000, 0x0000000100000000, 0x0000000100000000)
  eden space 69632K, 0% used [0x00000000fb800000,0x00000000fb800000,0x00000000ffc00000)
  from space 2048K, 49% used [0x00000000ffc00000,0x00000000ffcfc010,0x00000000ffe00000)
  to   space 2048K, 0% used [0x00000000ffe00000,0x00000000ffe00000,0x0000000100000000)
 ParOldGen       total 114688K, used 80248K [0x00000000f4800000, 0x00000000fb800000, 0x00000000fb800000)
  object space 114688K, 69% used [0x00000000f4800000,0x00000000f965e130,0x00000000fb800000)
 Metaspace       used 75268K, capacity 79456K, committed 80000K, reserved 1118208K
  class space    used 9478K, capacity 10201K, committed 10368K, reserved 1048576K
}
{Heap before GC invocations=850 (full 2):
 PSYoungGen      total 71680K, used 70622K [0x00000000fb800000, 0x0000000100000000, 0x0000000100000000)
  eden space 69632K, 99% used [0x00000000fb800000,0x00000000ffbfbae8,0x00000000ffc00000)
  from space 2048K, 49% used [0x00000000ffc00000,0x00000000ffcfc010,0x00000000ffe00000)
  to   space 2048K, 0% used [0x00000000ffe00000,0x00000000ffe00000,0x0000000100000000)
 ParOldGen       total 114688K, used 80248K [0x00000000f4800000, 0x00000000fb800000, 0x00000000fb800000)
  object space 114688K, 69% used [0x00000000f4800000,0x00000000f965e130,0x00000000fb800000)
 Metaspace       used 75274K, capacity 79456K, committed 80000K, reserved 1118208K
  class space    used 9478K, capacity 10201K, committed 10368K, reserved 1048576K
2024-06-11T21:39:18.726+0800: 3617.939: [GC (Allocation Failure) [PSYoungGen: 70622K->1056K(71680K)] 150871K->81448K(186368K), 0.0051068 secs] [Times: user=0.01 sys=0.00, real=0.01 secs] 
Heap after GC invocations=850 (full 2):
 PSYoungGen      total 71680K, used 1056K [0x00000000fb800000, 0x0000000100000000, 0x0000000100000000)
  eden space 69632K, 0% used [0x00000000fb800000,0x00000000fb800000,0x00000000ffc00000)
  from space 2048K, 51% used [0x00000000ffe00000,0x00000000fff08098,0x0000000100000000)
  to   space 2048K, 0% used [0x00000000ffc00000,0x00000000ffc00000,0x00000000ffe00000)
 ParOldGen       total 114688K, used 80392K [0x00000000f4800000, 0x00000000fb800000, 0x00000000fb800000)
  object space 114688K, 70% used [0x00000000f4800000,0x00000000f9682140,0x00000000fb800000)
 Metaspace       used 75274K, capacity 79456K, committed 80000K, reserved 1118208K
  class space    used 9478K, capacity 10201K, committed 10368K, reserved 1048576K
}
{Heap before GC invocations=851 (full 2):
 PSYoungGen      total 71680K, used 70688K [0x00000000fb800000, 0x0000000100000000, 0x0000000100000000)
  eden space 69632K, 100% used [0x00000000fb800000,0x00000000ffc00000,0x00000000ffc00000)
  from space 2048K, 51% used [0x00000000ffe00000,0x00000000fff08098,0x0000000100000000)
  to   space 2048K, 0% used [0x00000000ffc00000,0x00000000ffc00000,0x00000000ffe00000)
 ParOldGen       total 114688K, used 80392K [0x00000000f4800000, 0x00000000fb800000, 0x00000000fb800000)
  object space 114688K, 70% used [0x00000000f4800000,0x00000000f9682140,0x00000000fb800000)
 Metaspace       used 75274K, capacity 79456K, committed 80000K, reserved 1118208K
  class space    used 9478K, capacity 10201K, committed 10368K, reserved 1048576K
2024-06-11T21:39:22.974+0800: 3622.188: [GC (Allocation Failure) [PSYoungGen: 70688K->1422K(71680K)] 151080K->81958K(186368K), 0.0052597 secs] [Times: user=0.01 sys=0.00, real=0.00 secs] 
Heap after GC invocations=851 (full 2):
 PSYoungGen      total 71680K, used 1422K [0x00000000fb800000, 0x0000000100000000, 0x0000000100000000)
  eden space 69632K, 0% used [0x00000000fb800000,0x00000000fb800000,0x00000000ffc00000)
  from space 2048K, 69% used [0x00000000ffc00000,0x00000000ffd63850,0x00000000ffe00000)
  to   space 2048K, 0% used [0x00000000ffe00000,0x00000000ffe00000,0x0000000100000000)
 ParOldGen       total 114688K, used 80536K [0x00000000f4800000, 0x00000000fb800000, 0x00000000fb800000)
  object space 114688K, 70% used [0x00000000f4800000,0x00000000f96a6150,0x00000000fb800000)
 Metaspace       used 75274K, capacity 79456K, committed 80000K, reserved 1118208K
  class space    used 9478K, capacity 10201K, committed 10368K, reserved 1048576K
}
{Heap before GC invocations=852 (full 2):
 PSYoungGen      total 71680K, used 71054K [0x00000000fb800000, 0x0000000100000000, 0x0000000100000000)
  eden space 69632K, 100% used [0x00000000fb800000,0x00000000ffc00000,0x00000000ffc00000)
  from space 2048K, 69% used [0x00000000ffc00000,0x00000000ffd63850,0x00000000ffe00000)
  to   space 2048K, 0% used [0x00000000ffe00000,0x00000000ffe00000,0x0000000100000000)
 ParOldGen       total 114688K, used 80536K [0x00000000f4800000, 0x00000000fb800000, 0x00000000fb800000)
  object space 114688K, 70% used [0x00000000f4800000,0x00000000f96a6150,0x00000000fb800000)
 Metaspace       used 75282K, capacity 79456K, committed 80000K, reserved 1118208K
  class space    used 9478K, capacity 10201K, committed 10368K, reserved 1048576K
2024-06-11T21:39:27.360+0800: 3626.573: [GC (Allocation Failure) [PSYoungGen: 71054K->2048K(70656K)] 151590K->82868K(185344K), 0.0066219 secs] [Times: user=0.01 sys=0.00, real=0.01 secs] 
Heap after GC invocations=852 (full 2):
 PSYoungGen      total 70656K, used 2048K [0x00000000fb800000, 0x0000000100000000, 0x0000000100000000)
  eden space 68608K, 0% used [0x00000000fb800000,0x00000000fb800000,0x00000000ffb00000)
  from space 2048K, 100% used [0x00000000ffe00000,0x0000000100000000,0x0000000100000000)
  to   space 2560K, 0% used [0x00000000ffb00000,0x00000000ffb00000,0x00000000ffd80000)
 ParOldGen       total 114688K, used 80820K [0x00000000f4800000, 0x00000000fb800000, 0x00000000fb800000)
  object space 114688K, 70% used [0x00000000f4800000,0x00000000f96ed170,0x00000000fb800000)
 Metaspace       used 75282K, capacity 79456K, committed 80000K, reserved 1118208K
  class space    used 9478K, capacity 10201K, committed 10368K, reserved 1048576K
}
{Heap before GC invocations=853 (full 2):
 PSYoungGen      total 70656K, used 70656K [0x00000000fb800000, 0x0000000100000000, 0x0000000100000000)
  eden space 68608K, 100% used [0x00000000fb800000,0x00000000ffb00000,0x00000000ffb00000)
  from space 2048K, 100% used [0x00000000ffe00000,0x0000000100000000,0x0000000100000000)
  to   space 2560K, 0% used [0x00000000ffb00000,0x00000000ffb00000,0x00000000ffd80000)
 ParOldGen       total 114688K, used 80820K [0x00000000f4800000, 0x00000000fb800000, 0x00000000fb800000)
  object space 114688K, 70% used [0x00000000f4800000,0x00000000f96ed170,0x00000000fb800000)
 Metaspace       used 75282K, capacity 79456K, committed 80000K, reserved 1118208K
  class space    used 9478K, capacity 10201K, committed 10368K, reserved 1048576K
2024-06-11T21:39:31.674+0800: 3630.887: [GC (Allocation Failure) [PSYoungGen: 70656K->1856K(71168K)] 151476K->84580K(185856K), 0.0080683 secs] [Times: user=0.02 sys=0.00, real=0.01 secs] 
Heap after GC invocations=853 (full 2):
 PSYoungGen      total 71168K, used 1856K [0x00000000fb800000, 0x0000000100000000, 0x0000000100000000)
  eden space 68608K, 0% used [0x00000000fb800000,0x00000000fb800000,0x00000000ffb00000)
  from space 2560K, 72% used [0x00000000ffb00000,0x00000000ffcd0000,0x00000000ffd80000)
  to   space 2560K, 0% used [0x00000000ffd80000,0x00000000ffd80000,0x0000000100000000)
 ParOldGen       total 114688K, used 82724K [0x00000000f4800000, 0x00000000fb800000, 0x00000000fb800000)
  object space 114688K, 72% used [0x00000000f4800000,0x00000000f98c9170,0x00000000fb800000)
 Metaspace       used 75282K, capacity 79456K, committed 80000K, reserved 1118208K
  class space    used 9478K, capacity 10201K, committed 10368K, reserved 1048576K
}
{Heap before GC invocations=854 (full 2):
 PSYoungGen      total 71168K, used 70464K [0x00000000fb800000, 0x0000000100000000, 0x0000000100000000)
  eden space 68608K, 100% used [0x00000000fb800000,0x00000000ffb00000,0x00000000ffb00000)
  from space 2560K, 72% used [0x00000000ffb00000,0x00000000ffcd0000,0x00000000ffd80000)
  to   space 2560K, 0% used [0x00000000ffd80000,0x00000000ffd80000,0x0000000100000000)
 ParOldGen       total 114688K, used 82724K [0x00000000f4800000, 0x00000000fb800000, 0x00000000fb800000)
  object space 114688K, 72% used [0x00000000f4800000,0x00000000f98c9170,0x00000000fb800000)
 Metaspace       used 75282K, capacity 79456K, committed 80000K, reserved 1118208K
  class space    used 9478K, capacity 10201K, committed 10368K, reserved 1048576K
2024-06-11T21:39:35.766+0800: 3634.979: [GC (Allocation Failure) [PSYoungGen: 70464K->896K(71168K)] 153188K->84620K(185856K), 0.0061251 secs] [Times: user=0.02 sys=0.00, real=0.01 secs] 
Heap after GC invocations=854 (full 2):
 PSYoungGen      total 71168K, used 896K [0x00000000fb800000, 0x0000000100000000, 0x0000000100000000)
  eden space 68608K, 0% used [0x00000000fb800000,0x00000000fb800000,0x00000000ffb00000)
  from space 2560K, 35% used [0x00000000ffd80000,0x00000000ffe60000,0x0000000100000000)
  to   space 2560K, 0% used [0x00000000ffb00000,0x00000000ffb00000,0x00000000ffd80000)
 ParOldGen       total 114688K, used 83724K [0x00000000f4800000, 0x00000000fb800000, 0x00000000fb800000)
  object space 114688K, 73% used [0x00000000f4800000,0x00000000f99c3170,0x00000000fb800000)
 Metaspace       used 75282K, capacity 79456K, committed 80000K, reserved 1118208K
  class space    used 9478K, capacity 10201K, committed 10368K, reserved 1048576K
}
{Heap before GC invocations=855 (full 2):
 PSYoungGen      total 71168K, used 69504K [0x00000000fb800000, 0x0000000100000000, 0x0000000100000000)
  eden space 68608K, 100% used [0x00000000fb800000,0x00000000ffb00000,0x00000000ffb00000)
  from space 2560K, 35% used [0x00000000ffd80000,0x00000000ffe60000,0x0000000100000000)
  to   space 2560K, 0% used [0x00000000ffb00000,0x00000000ffb00000,0x00000000ffd80000)
 ParOldGen       total 114688K, used 83724K [0x00000000f4800000, 0x00000000fb800000, 0x00000000fb800000)
  object space 114688K, 73% used [0x00000000f4800000,0x00000000f99c3170,0x00000000fb800000)
 Metaspace       used 75282K, capacity 79456K, committed 80000K, reserved 1118208K
  class space    used 9478K, capacity 10201K, committed 10368K, reserved 1048576K
2024-06-11T21:39:40.335+0800: 3639.548: [GC (Allocation Failure) [PSYoungGen: 69504K->896K(71168K)] 153228K->84692K(185856K), 0.0067558 secs] [Times: user=0.01 sys=0.00, real=0.01 secs] 
Heap after GC invocations=855 (full 2):
 PSYoungGen      total 71168K, used 896K [0x00000000fb800000, 0x0000000100000000, 0x0000000100000000)
  eden space 68608K, 0% used [0x00000000fb800000,0x00000000fb800000,0x00000000ffb00000)
  from space 2560K, 35% used [0x00000000ffb00000,0x00000000ffbe0000,0x00000000ffd80000)
  to   space 2560K, 0% used [0x00000000ffd80000,0x00000000ffd80000,0x0000000100000000)
 ParOldGen       total 114688K, used 83796K [0x00000000f4800000, 0x00000000fb800000, 0x00000000fb800000)
  object space 114688K, 73% used [0x00000000f4800000,0x00000000f99d5170,0x00000000fb800000)
 Metaspace       used 75282K, capacity 79456K, committed 80000K, reserved 1118208K
  class space    used 9478K, capacity 10201K, committed 10368K, reserved 1048576K
}
{Heap before GC invocations=856 (full 2):
 PSYoungGen      total 71168K, used 69504K [0x00000000fb800000, 0x0000000100000000, 0x0000000100000000)
  eden space 68608K, 100% used [0x00000000fb800000,0x00000000ffb00000,0x00000000ffb00000)
  from space 2560K, 35% used [0x00000000ffb00000,0x00000000ffbe0000,0x00000000ffd80000)
  to   space 2560K, 0% used [0x00000000ffd80000,0x00000000ffd80000,0x0000000100000000)
 ParOldGen       total 114688K, used 83796K [0x00000000f4800000, 0x00000000fb800000, 0x00000000fb800000)
  object space 114688K, 73% used [0x00000000f4800000,0x00000000f99d5170,0x00000000fb800000)
 Metaspace       used 75282K, capacity 79456K, committed 80000K, reserved 1118208K
  class space    used 9478K, capacity 10201K, committed 10368K, reserved 1048576K
2024-06-11T21:39:44.428+0800: 3643.642: [GC (Allocation Failure) [PSYoungGen: 69504K->928K(71168K)] 153300K->84804K(185856K), 0.0050885 secs] [Times: user=0.01 sys=0.00, real=0.01 secs] 
Heap after GC invocations=856 (full 2):
 PSYoungGen      total 71168K, used 928K [0x00000000fb800000, 0x0000000100000000, 0x0000000100000000)
  eden space 68608K, 0% used [0x00000000fb800000,0x00000000fb800000,0x00000000ffb00000)
  from space 2560K, 36% used [0x00000000ffd80000,0x00000000ffe68000,0x0000000100000000)
  to   space 2560K, 0% used [0x00000000ffb00000,0x00000000ffb00000,0x00000000ffd80000)
 ParOldGen       total 114688K, used 83876K [0x00000000f4800000, 0x00000000fb800000, 0x00000000fb800000)
  object space 114688K, 73% used [0x00000000f4800000,0x00000000f99e9170,0x00000000fb800000)
 Metaspace       used 75282K, capacity 79456K, committed 80000K, reserved 1118208K
  class space    used 9478K, capacity 10201K, committed 10368K, reserved 1048576K
}
{Heap before GC invocations=857 (full 2):
 PSYoungGen      total 71168K, used 69536K [0x00000000fb800000, 0x0000000100000000, 0x0000000100000000)
  eden space 68608K, 100% used [0x00000000fb800000,0x00000000ffb00000,0x00000000ffb00000)
  from space 2560K, 36% used [0x00000000ffd80000,0x00000000ffe68000,0x0000000100000000)
  to   space 2560K, 0% used [0x00000000ffb00000,0x00000000ffb00000,0x00000000ffd80000)
 ParOldGen       total 114688K, used 83876K [0x00000000f4800000, 0x00000000fb800000, 0x00000000fb800000)
  object space 114688K, 73% used [0x00000000f4800000,0x00000000f99e9170,0x00000000fb800000)
 Metaspace       used 75282K, capacity 79456K, committed 80000K, reserved 1118208K
  class space    used 9478K, capacity 10201K, committed 10368K, reserved 1048576K
2024-06-11T21:39:48.777+0800: 3647.990: [GC (Allocation Failure) [PSYoungGen: 69536K->928K(71168K)] 153412K->84876K(185856K), 0.0063006 secs] [Times: user=0.00 sys=0.00, real=0.01 secs] 
Heap after GC invocations=857 (full 2):
 PSYoungGen      total 71168K, used 928K [0x00000000fb800000, 0x0000000100000000, 0x0000000100000000)
  eden space 68608K, 0% used [0x00000000fb800000,0x00000000fb800000,0x00000000ffb00000)
  from space 2560K, 36% used [0x00000000ffb00000,0x00000000ffbe8000,0x00000000ffd80000)
  to   space 2560K, 0% used [0x00000000ffd80000,0x00000000ffd80000,0x0000000100000000)
 ParOldGen       total 114688K, used 83948K [0x00000000f4800000, 0x00000000fb800000, 0x00000000fb800000)
  object space 114688K, 73% used [0x00000000f4800000,0x00000000f99fb170,0x00000000fb800000)
 Metaspace       used 75282K, capacity 79456K, committed 80000K, reserved 1118208K
  class space    used 9478K, capacity 10201K, committed 10368K, reserved 1048576K
}
{Heap before GC invocations=858 (full 2):
 PSYoungGen      total 71168K, used 69536K [0x00000000fb800000, 0x0000000100000000, 0x0000000100000000)
  eden space 68608K, 100% used [0x00000000fb800000,0x00000000ffb00000,0x00000000ffb00000)
  from space 2560K, 36% used [0x00000000ffb00000,0x00000000ffbe8000,0x00000000ffd80000)
  to   space 2560K, 0% used [0x00000000ffd80000,0x00000000ffd80000,0x0000000100000000)
 ParOldGen       total 114688K, used 83948K [0x00000000f4800000, 0x00000000fb800000, 0x00000000fb800000)
  object space 114688K, 73% used [0x00000000f4800000,0x00000000f99fb170,0x00000000fb800000)
 Metaspace       used 75287K, capacity 79456K, committed 80000K, reserved 1118208K
  class space    used 9478K, capacity 10201K, committed 10368K, reserved 1048576K
2024-06-11T21:39:53.066+0800: 3652.280: [GC (Allocation Failure) [PSYoungGen: 69536K->1422K(71168K)] 153484K->85450K(185856K), 0.0059288 secs] [Times: user=0.00 sys=0.00, real=0.01 secs] 
Heap after GC invocations=858 (full 2):
 PSYoungGen      total 71168K, used 1422K [0x00000000fb800000, 0x0000000100000000, 0x0000000100000000)
  eden space 68608K, 0% used [0x00000000fb800000,0x00000000fb800000,0x00000000ffb00000)
  from space 2560K, 55% used [0x00000000ffd80000,0x00000000ffee3850,0x0000000100000000)
  to   space 2560K, 0% used [0x00000000ffb00000,0x00000000ffb00000,0x00000000ffd80000)
 ParOldGen       total 114688K, used 84028K [0x00000000f4800000, 0x00000000fb800000, 0x00000000fb800000)
  object space 114688K, 73% used [0x00000000f4800000,0x00000000f9a0f170,0x00000000fb800000)
 Metaspace       used 75287K, capacity 79456K, committed 80000K, reserved 1118208K
  class space    used 9478K, capacity 10201K, committed 10368K, reserved 1048576K
}
{Heap before GC invocations=859 (full 2):
 PSYoungGen      total 71168K, used 70030K [0x00000000fb800000, 0x0000000100000000, 0x0000000100000000)
  eden space 68608K, 100% used [0x00000000fb800000,0x00000000ffb00000,0x00000000ffb00000)
  from space 2560K, 55% used [0x00000000ffd80000,0x00000000ffee3850,0x0000000100000000)
  to   space 2560K, 0% used [0x00000000ffb00000,0x00000000ffb00000,0x00000000ffd80000)
 ParOldGen       total 114688K, used 84028K [0x00000000f4800000, 0x00000000fb800000, 0x00000000fb800000)
  object space 114688K, 73% used [0x00000000f4800000,0x00000000f9a0f170,0x00000000fb800000)
 Metaspace       used 75287K, capacity 79456K, committed 80000K, reserved 1118208K
  class space    used 9478K, capacity 10201K, committed 10368K, reserved 1048576K
2024-06-11T21:39:57.338+0800: 3656.551: [GC (Allocation Failure) [PSYoungGen: 70030K->928K(71168K)] 154058K->85036K(185856K), 0.0049536 secs] [Times: user=0.01 sys=0.00, real=0.01 secs] 
Heap after GC invocations=859 (full 2):
 PSYoungGen      total 71168K, used 928K [0x00000000fb800000, 0x0000000100000000, 0x0000000100000000)
  eden space 68608K, 0% used [0x00000000fb800000,0x00000000fb800000,0x00000000ffb00000)
  from space 2560K, 36% used [0x00000000ffb00000,0x00000000ffbe8000,0x00000000ffd80000)
  to   space 2560K, 0% used [0x00000000ffd80000,0x00000000ffd80000,0x0000000100000000)
 ParOldGen       total 114688K, used 84108K [0x00000000f4800000, 0x00000000fb800000, 0x00000000fb800000)
  object space 114688K, 73% used [0x00000000f4800000,0x00000000f9a23170,0x00000000fb800000)
 Metaspace       used 75287K, capacity 79456K, committed 80000K, reserved 1118208K
  class space    used 9478K, capacity 10201K, committed 10368K, reserved 1048576K
}
{Heap before GC invocations=860 (full 2):
 PSYoungGen      total 71168K, used 69536K [0x00000000fb800000, 0x0000000100000000, 0x0000000100000000)
  eden space 68608K, 100% used [0x00000000fb800000,0x00000000ffb00000,0x00000000ffb00000)
  from space 2560K, 36% used [0x00000000ffb00000,0x00000000ffbe8000,0x00000000ffd80000)
  to   space 2560K, 0% used [0x00000000ffd80000,0x00000000ffd80000,0x0000000100000000)
 ParOldGen       total 114688K, used 84108K [0x00000000f4800000, 0x00000000fb800000, 0x00000000fb800000)
  object space 114688K, 73% used [0x00000000f4800000,0x00000000f9a23170,0x00000000fb800000)
 Metaspace       used 75287K, capacity 79456K, committed 80000K, reserved 1118208K
  class space    used 9478K, capacity 10201K, committed 10368K, reserved 1048576K
2024-06-11T21:40:01.738+0800: 3660.951: [GC (Allocation Failure) [PSYoungGen: 69536K->928K(71168K)] 153644K->85116K(185856K), 0.0053850 secs] [Times: user=0.01 sys=0.00, real=0.01 secs] 
Heap after GC invocations=860 (full 2):
 PSYoungGen      total 71168K, used 928K [0x00000000fb800000, 0x0000000100000000, 0x0000000100000000)
  eden space 68608K, 0% used [0x00000000fb800000,0x00000000fb800000,0x00000000ffb00000)
  from space 2560K, 36% used [0x00000000ffd80000,0x00000000ffe68000,0x0000000100000000)
  to   space 2560K, 0% used [0x00000000ffb00000,0x00000000ffb00000,0x00000000ffd80000)
 ParOldGen       total 114688K, used 84188K [0x00000000f4800000, 0x00000000fb800000, 0x00000000fb800000)
  object space 114688K, 73% used [0x00000000f4800000,0x00000000f9a37170,0x00000000fb800000)
 Metaspace       used 75287K, capacity 79456K, committed 80000K, reserved 1118208K
  class space    used 9478K, capacity 10201K, committed 10368K, reserved 1048576K
}
{Heap before GC invocations=861 (full 2):
 PSYoungGen      total 71168K, used 69536K [0x00000000fb800000, 0x0000000100000000, 0x0000000100000000)
  eden space 68608K, 100% used [0x00000000fb800000,0x00000000ffb00000,0x00000000ffb00000)
  from space 2560K, 36% used [0x00000000ffd80000,0x00000000ffe68000,0x0000000100000000)
  to   space 2560K, 0% used [0x00000000ffb00000,0x00000000ffb00000,0x00000000ffd80000)
 ParOldGen       total 114688K, used 84188K [0x00000000f4800000, 0x00000000fb800000, 0x00000000fb800000)
  object space 114688K, 73% used [0x00000000f4800000,0x00000000f9a37170,0x00000000fb800000)
 Metaspace       used 75287K, capacity 79456K, committed 80000K, reserved 1118208K
  class space    used 9478K, capacity 10201K, committed 10368K, reserved 1048576K
2024-06-11T21:40:05.772+0800: 3664.985: [GC (Allocation Failure) [PSYoungGen: 69536K->928K(71168K)] 153724K->85196K(185856K), 0.0052071 secs] [Times: user=0.01 sys=0.00, real=0.00 secs] 
Heap after GC invocations=861 (full 2):
 PSYoungGen      total 71168K, used 928K [0x00000000fb800000, 0x0000000100000000, 0x0000000100000000)
  eden space 68608K, 0% used [0x00000000fb800000,0x00000000fb800000,0x00000000ffb00000)
  from space 2560K, 36% used [0x00000000ffb00000,0x00000000ffbe8000,0x00000000ffd80000)
  to   space 2048K, 0% used [0x00000000ffe00000,0x00000000ffe00000,0x0000000100000000)
 ParOldGen       total 114688K, used 84268K [0x00000000f4800000, 0x00000000fb800000, 0x00000000fb800000)
  object space 114688K, 73% used [0x00000000f4800000,0x00000000f9a4b170,0x00000000fb800000)
 Metaspace       used 75287K, capacity 79456K, committed 80000K, reserved 1118208K
  class space    used 9478K, capacity 10201K, committed 10368K, reserved 1048576K
}
{Heap before GC invocations=862 (full 2):
 PSYoungGen      total 71168K, used 69536K [0x00000000fb800000, 0x0000000100000000, 0x0000000100000000)
  eden space 68608K, 100% used [0x00000000fb800000,0x00000000ffb00000,0x00000000ffb00000)
  from space 2560K, 36% used [0x00000000ffb00000,0x00000000ffbe8000,0x00000000ffd80000)
  to   space 2048K, 0% used [0x00000000ffe00000,0x00000000ffe00000,0x0000000100000000)
 ParOldGen       total 114688K, used 84268K [0x00000000f4800000, 0x00000000fb800000, 0x00000000fb800000)
  object space 114688K, 73% used [0x00000000f4800000,0x00000000f9a4b170,0x00000000fb800000)
 Metaspace       used 75287K, capacity 79456K, committed 80000K, reserved 1118208K
  class space    used 9478K, capacity 10201K, committed 10368K, reserved 1048576K
2024-06-11T21:40:10.233+0800: 3669.446: [GC (Allocation Failure) [PSYoungGen: 69536K->928K(71680K)] 153804K->85268K(186368K), 0.0051167 secs] [Times: user=0.01 sys=0.00, real=0.00 secs] 
Heap after GC invocations=862 (full 2):
 PSYoungGen      total 71680K, used 928K [0x00000000fb800000, 0x0000000100000000, 0x0000000100000000)
  eden space 69632K, 0% used [0x00000000fb800000,0x00000000fb800000,0x00000000ffc00000)
  from space 2048K, 45% used [0x00000000ffe00000,0x00000000ffee8000,0x0000000100000000)
  to   space 2048K, 0% used [0x00000000ffc00000,0x00000000ffc00000,0x00000000ffe00000)
 ParOldGen       total 114688K, used 84340K [0x00000000f4800000, 0x00000000fb800000, 0x00000000fb800000)
  object space 114688K, 73% used [0x00000000f4800000,0x00000000f9a5d170,0x00000000fb800000)
 Metaspace       used 75287K, capacity 79456K, committed 80000K, reserved 1118208K
  class space    used 9478K, capacity 10201K, committed 10368K, reserved 1048576K
}
{Heap before GC invocations=863 (full 2):
 PSYoungGen      total 71680K, used 70560K [0x00000000fb800000, 0x0000000100000000, 0x0000000100000000)
  eden space 69632K, 100% used [0x00000000fb800000,0x00000000ffc00000,0x00000000ffc00000)
  from space 2048K, 45% used [0x00000000ffe00000,0x00000000ffee8000,0x0000000100000000)
  to   space 2048K, 0% used [0x00000000ffc00000,0x00000000ffc00000,0x00000000ffe00000)
 ParOldGen       total 114688K, used 84340K [0x00000000f4800000, 0x00000000fb800000, 0x00000000fb800000)
  object space 114688K, 73% used [0x00000000f4800000,0x00000000f9a5d170,0x00000000fb800000)
 Metaspace       used 75287K, capacity 79456K, committed 80000K, reserved 1118208K
  class space    used 9478K, capacity 10201K, committed 10368K, reserved 1048576K
2024-06-11T21:40:14.501+0800: 3673.714: [GC (Allocation Failure) [PSYoungGen: 70560K->928K(71680K)] 154900K->85348K(186368K), 0.0051955 secs] [Times: user=0.01 sys=0.00, real=0.00 secs] 
Heap after GC invocations=863 (full 2):
 PSYoungGen      total 71680K, used 928K [0x00000000fb800000, 0x0000000100000000, 0x0000000100000000)
  eden space 69632K, 0% used [0x00000000fb800000,0x00000000fb800000,0x00000000ffc00000)
  from space 2048K, 45% used [0x00000000ffc00000,0x00000000ffce8000,0x00000000ffe00000)
  to   space 2048K, 0% used [0x00000000ffe00000,0x00000000ffe00000,0x0000000100000000)
 ParOldGen       total 114688K, used 84420K [0x00000000f4800000, 0x00000000fb800000, 0x00000000fb800000)
  object space 114688K, 73% used [0x00000000f4800000,0x00000000f9a71170,0x00000000fb800000)
 Metaspace       used 75287K, capacity 79456K, committed 80000K, reserved 1118208K
  class space    used 9478K, capacity 10201K, committed 10368K, reserved 1048576K
}
{Heap before GC invocations=864 (full 2):
 PSYoungGen      total 71680K, used 70560K [0x00000000fb800000, 0x0000000100000000, 0x0000000100000000)
  eden space 69632K, 100% used [0x00000000fb800000,0x00000000ffc00000,0x00000000ffc00000)
  from space 2048K, 45% used [0x00000000ffc00000,0x00000000ffce8000,0x00000000ffe00000)
  to   space 2048K, 0% used [0x00000000ffe00000,0x00000000ffe00000,0x0000000100000000)
 ParOldGen       total 114688K, used 84420K [0x00000000f4800000, 0x00000000fb800000, 0x00000000fb800000)
  object space 114688K, 73% used [0x00000000f4800000,0x00000000f9a71170,0x00000000fb800000)
 Metaspace       used 75287K, capacity 79456K, committed 80000K, reserved 1118208K
  class space    used 9478K, capacity 10201K, committed 10368K, reserved 1048576K
2024-06-11T21:40:18.628+0800: 3677.841: [GC (Allocation Failure) [PSYoungGen: 70560K->896K(71680K)] 154980K->85404K(186368K), 0.0049533 secs] [Times: user=0.01 sys=0.00, real=0.01 secs] 
Heap after GC invocations=864 (full 2):
 PSYoungGen      total 71680K, used 896K [0x00000000fb800000, 0x0000000100000000, 0x0000000100000000)
  eden space 69632K, 0% used [0x00000000fb800000,0x00000000fb800000,0x00000000ffc00000)
  from space 2048K, 43% used [0x00000000ffe00000,0x00000000ffee0000,0x0000000100000000)
  to   space 2048K, 0% used [0x00000000ffc00000,0x00000000ffc00000,0x00000000ffe00000)
 ParOldGen       total 114688K, used 84508K [0x00000000f4800000, 0x00000000fb800000, 0x00000000fb800000)
  object space 114688K, 73% used [0x00000000f4800000,0x00000000f9a87170,0x00000000fb800000)
 Metaspace       used 75287K, capacity 79456K, committed 80000K, reserved 1118208K
  class space    used 9478K, capacity 10201K, committed 10368K, reserved 1048576K
}
{Heap before GC invocations=865 (full 2):
 PSYoungGen      total 71680K, used 70316K [0x00000000fb800000, 0x0000000100000000, 0x0000000100000000)
  eden space 69632K, 99% used [0x00000000fb800000,0x00000000ffbcb368,0x00000000ffc00000)
  from space 2048K, 43% used [0x00000000ffe00000,0x00000000ffee0000,0x0000000100000000)
  to   space 2048K, 0% used [0x00000000ffc00000,0x00000000ffc00000,0x00000000ffe00000)
 ParOldGen       total 114688K, used 84508K [0x00000000f4800000, 0x00000000fb800000, 0x00000000fb800000)
  object space 114688K, 73% used [0x00000000f4800000,0x00000000f9a87170,0x00000000fb800000)
 Metaspace       used 75288K, capacity 79456K, committed 80000K, reserved 1118208K
  class space    used 9478K, capacity 10201K, committed 10368K, reserved 1048576K
2024-06-11T21:40:22.742+0800: 3681.955: [GC (Allocation Failure) [PSYoungGen: 70316K->1207K(71680K)] 154825K->85795K(186368K), 0.0050155 secs] [Times: user=0.01 sys=0.00, real=0.00 secs] 
Heap after GC invocations=865 (full 2):
 PSYoungGen      total 71680K, used 1207K [0x00000000fb800000, 0x0000000100000000, 0x0000000100000000)
  eden space 69632K, 0% used [0x00000000fb800000,0x00000000fb800000,0x00000000ffc00000)
  from space 2048K, 58% used [0x00000000ffc00000,0x00000000ffd2dc08,0x00000000ffe00000)
  to   space 2048K, 0% used [0x00000000ffe00000,0x00000000ffe00000,0x0000000100000000)
 ParOldGen       total 114688K, used 84588K [0x00000000f4800000, 0x00000000fb800000, 0x00000000fb800000)
  object space 114688K, 73% used [0x00000000f4800000,0x00000000f9a9b170,0x00000000fb800000)
 Metaspace       used 75288K, capacity 79456K, committed 80000K, reserved 1118208K
  class space    used 9478K, capacity 10201K, committed 10368K, reserved 1048576K
}
{Heap before GC invocations=866 (full 2):
 PSYoungGen      total 71680K, used 70839K [0x00000000fb800000, 0x0000000100000000, 0x0000000100000000)
  eden space 69632K, 100% used [0x00000000fb800000,0x00000000ffc00000,0x00000000ffc00000)
  from space 2048K, 58% used [0x00000000ffc00000,0x00000000ffd2dc08,0x00000000ffe00000)
  to   space 2048K, 0% used [0x00000000ffe00000,0x00000000ffe00000,0x0000000100000000)
 ParOldGen       total 114688K, used 84588K [0x00000000f4800000, 0x00000000fb800000, 0x00000000fb800000)
  object space 114688K, 73% used [0x00000000f4800000,0x00000000f9a9b170,0x00000000fb800000)
 Metaspace       used 75288K, capacity 79456K, committed 80000K, reserved 1118208K
  class space    used 9478K, capacity 10201K, committed 10368K, reserved 1048576K
2024-06-11T21:40:27.415+0800: 3686.628: [GC (Allocation Failure) [PSYoungGen: 70839K->2016K(70656K)] 155427K->86684K(185344K), 0.0069826 secs] [Times: user=0.01 sys=0.00, real=0.01 secs] 
Heap after GC invocations=866 (full 2):
 PSYoungGen      total 70656K, used 2016K [0x00000000fb800000, 0x0000000100000000, 0x0000000100000000)
  eden space 68608K, 0% used [0x00000000fb800000,0x00000000fb800000,0x00000000ffb00000)
  from space 2048K, 98% used [0x00000000ffe00000,0x00000000ffff8000,0x0000000100000000)
  to   space 2560K, 0% used [0x00000000ffb00000,0x00000000ffb00000,0x00000000ffd80000)
 ParOldGen       total 114688K, used 84668K [0x00000000f4800000, 0x00000000fb800000, 0x00000000fb800000)
  object space 114688K, 73% used [0x00000000f4800000,0x00000000f9aaf170,0x00000000fb800000)
 Metaspace       used 75288K, capacity 79456K, committed 80000K, reserved 1118208K
  class space    used 9478K, capacity 10201K, committed 10368K, reserved 1048576K
}
{Heap before GC invocations=867 (full 2):
 PSYoungGen      total 70656K, used 70624K [0x00000000fb800000, 0x0000000100000000, 0x0000000100000000)
  eden space 68608K, 100% used [0x00000000fb800000,0x00000000ffb00000,0x00000000ffb00000)
  from space 2048K, 98% used [0x00000000ffe00000,0x00000000ffff8000,0x0000000100000000)
  to   space 2560K, 0% used [0x00000000ffb00000,0x00000000ffb00000,0x00000000ffd80000)
 ParOldGen       total 114688K, used 84668K [0x00000000f4800000, 0x00000000fb800000, 0x00000000fb800000)
  object space 114688K, 73% used [0x00000000f4800000,0x00000000f9aaf170,0x00000000fb800000)
 Metaspace       used 75288K, capacity 79456K, committed 80000K, reserved 1118208K
  class space    used 9478K, capacity 10201K, committed 10368K, reserved 1048576K
2024-06-11T21:40:31.545+0800: 3690.758: [GC (Allocation Failure) [PSYoungGen: 70624K->1568K(71168K)] 155292K->87452K(185856K), 0.0082346 secs] [Times: user=0.01 sys=0.00, real=0.01 secs] 
Heap after GC invocations=867 (full 2):
 PSYoungGen      total 71168K, used 1568K [0x00000000fb800000, 0x0000000100000000, 0x0000000100000000)
  eden space 68608K, 0% used [0x00000000fb800000,0x00000000fb800000,0x00000000ffb00000)
  from space 2560K, 61% used [0x00000000ffb00000,0x00000000ffc88000,0x00000000ffd80000)
  to   space 2560K, 0% used [0x00000000ffd80000,0x00000000ffd80000,0x0000000100000000)
 ParOldGen       total 114688K, used 85884K [0x00000000f4800000, 0x00000000fb800000, 0x00000000fb800000)
  object space 114688K, 74% used [0x00000000f4800000,0x00000000f9bdf170,0x00000000fb800000)
 Metaspace       used 75288K, capacity 79456K, committed 80000K, reserved 1118208K
  class space    used 9478K, capacity 10201K, committed 10368K, reserved 1048576K
}
{Heap before GC invocations=868 (full 2):
 PSYoungGen      total 71168K, used 70176K [0x00000000fb800000, 0x0000000100000000, 0x0000000100000000)
  eden space 68608K, 100% used [0x00000000fb800000,0x00000000ffb00000,0x00000000ffb00000)
  from space 2560K, 61% used [0x00000000ffb00000,0x00000000ffc88000,0x00000000ffd80000)
  to   space 2560K, 0% used [0x00000000ffd80000,0x00000000ffd80000,0x0000000100000000)
 ParOldGen       total 114688K, used 85884K [0x00000000f4800000, 0x00000000fb800000, 0x00000000fb800000)
  object space 114688K, 74% used [0x00000000f4800000,0x00000000f9bdf170,0x00000000fb800000)
 Metaspace       used 75288K, capacity 79456K, committed 80000K, reserved 1118208K
  class space    used 9478K, capacity 10201K, committed 10368K, reserved 1048576K
2024-06-11T21:40:35.877+0800: 3695.090: [GC (Allocation Failure) [PSYoungGen: 70176K->928K(71168K)] 156060K->87564K(185856K), 0.0059764 secs] [Times: user=0.01 sys=0.00, real=0.01 secs] 
Heap after GC invocations=868 (full 2):
 PSYoungGen      total 71168K, used 928K [0x00000000fb800000, 0x0000000100000000, 0x0000000100000000)
  eden space 68608K, 0% used [0x00000000fb800000,0x00000000fb800000,0x00000000ffb00000)
  from space 2560K, 36% used [0x00000000ffd80000,0x00000000ffe68000,0x0000000100000000)
  to   space 2560K, 0% used [0x00000000ffb00000,0x00000000ffb00000,0x00000000ffd80000)
 ParOldGen       total 114688K, used 86636K [0x00000000f4800000, 0x00000000fb800000, 0x00000000fb800000)
  object space 114688K, 75% used [0x00000000f4800000,0x00000000f9c9b170,0x00000000fb800000)
 Metaspace       used 75288K, capacity 79456K, committed 80000K, reserved 1118208K
  class space    used 9478K, capacity 10201K, committed 10368K, reserved 1048576K
}
{Heap before GC invocations=869 (full 2):
 PSYoungGen      total 71168K, used 69536K [0x00000000fb800000, 0x0000000100000000, 0x0000000100000000)
  eden space 68608K, 100% used [0x00000000fb800000,0x00000000ffb00000,0x00000000ffb00000)
  from space 2560K, 36% used [0x00000000ffd80000,0x00000000ffe68000,0x0000000100000000)
  to   space 2560K, 0% used [0x00000000ffb00000,0x00000000ffb00000,0x00000000ffd80000)
 ParOldGen       total 114688K, used 86636K [0x00000000f4800000, 0x00000000fb800000, 0x00000000fb800000)
  object space 114688K, 75% used [0x00000000f4800000,0x00000000f9c9b170,0x00000000fb800000)
 Metaspace       used 75288K, capacity 79456K, committed 80000K, reserved 1118208K
  class space    used 9478K, capacity 10201K, committed 10368K, reserved 1048576K
2024-06-11T21:40:40.115+0800: 3699.328: [GC (Allocation Failure) [PSYoungGen: 69536K->928K(71168K)] 156172K->87636K(185856K), 0.0058841 secs] [Times: user=0.01 sys=0.00, real=0.01 secs] 
Heap after GC invocations=869 (full 2):
 PSYoungGen      total 71168K, used 928K [0x00000000fb800000, 0x0000000100000000, 0x0000000100000000)
  eden space 68608K, 0% used [0x00000000fb800000,0x00000000fb800000,0x00000000ffb00000)
  from space 2560K, 36% used [0x00000000ffb00000,0x00000000ffbe8000,0x00000000ffd80000)
  to   space 2560K, 0% used [0x00000000ffd80000,0x00000000ffd80000,0x0000000100000000)
 ParOldGen       total 114688K, used 86708K [0x00000000f4800000, 0x00000000fb800000, 0x00000000fb800000)
  object space 114688K, 75% used [0x00000000f4800000,0x00000000f9cad170,0x00000000fb800000)
 Metaspace       used 75288K, capacity 79456K, committed 80000K, reserved 1118208K
  class space    used 9478K, capacity 10201K, committed 10368K, reserved 1048576K
}
{Heap before GC invocations=870 (full 2):
 PSYoungGen      total 71168K, used 69536K [0x00000000fb800000, 0x0000000100000000, 0x0000000100000000)
  eden space 68608K, 100% used [0x00000000fb800000,0x00000000ffb00000,0x00000000ffb00000)
  from space 2560K, 36% used [0x00000000ffb00000,0x00000000ffbe8000,0x00000000ffd80000)
  to   space 2560K, 0% used [0x00000000ffd80000,0x00000000ffd80000,0x0000000100000000)
 ParOldGen       total 114688K, used 86708K [0x00000000f4800000, 0x00000000fb800000, 0x00000000fb800000)
  object space 114688K, 75% used [0x00000000f4800000,0x00000000f9cad170,0x00000000fb800000)
 Metaspace       used 75288K, capacity 79456K, committed 80000K, reserved 1118208K
  class space    used 9478K, capacity 10201K, committed 10368K, reserved 1048576K
2024-06-11T21:40:44.479+0800: 3703.692: [GC (Allocation Failure) [PSYoungGen: 69536K->928K(71680K)] 156244K->87716K(186368K), 0.0050593 secs] [Times: user=0.01 sys=0.00, real=0.01 secs] 
Heap after GC invocations=870 (full 2):
 PSYoungGen      total 71680K, used 928K [0x00000000fb800000, 0x0000000100000000, 0x0000000100000000)
  eden space 69120K, 0% used [0x00000000fb800000,0x00000000fb800000,0x00000000ffb80000)
  from space 2560K, 36% used [0x00000000ffd80000,0x00000000ffe68000,0x0000000100000000)
  to   space 2048K, 0% used [0x00000000ffb80000,0x00000000ffb80000,0x00000000ffd80000)
 ParOldGen       total 114688K, used 86788K [0x00000000f4800000, 0x00000000fb800000, 0x00000000fb800000)
  object space 114688K, 75% used [0x00000000f4800000,0x00000000f9cc1170,0x00000000fb800000)
 Metaspace       used 75288K, capacity 79456K, committed 80000K, reserved 1118208K
  class space    used 9478K, capacity 10201K, committed 10368K, reserved 1048576K
}
{Heap before GC invocations=871 (full 2):
 PSYoungGen      total 71680K, used 70048K [0x00000000fb800000, 0x0000000100000000, 0x0000000100000000)
  eden space 69120K, 100% used [0x00000000fb800000,0x00000000ffb80000,0x00000000ffb80000)
  from space 2560K, 36% used [0x00000000ffd80000,0x00000000ffe68000,0x0000000100000000)
  to   space 2048K, 0% used [0x00000000ffb80000,0x00000000ffb80000,0x00000000ffd80000)
 ParOldGen       total 114688K, used 86788K [0x00000000f4800000, 0x00000000fb800000, 0x00000000fb800000)
  object space 114688K, 75% used [0x00000000f4800000,0x00000000f9cc1170,0x00000000fb800000)
 Metaspace       used 75288K, capacity 79456K, committed 80000K, reserved 1118208K
  class space    used 9478K, capacity 10201K, committed 10368K, reserved 1048576K
2024-06-11T21:40:48.672+0800: 3707.885: [GC (Allocation Failure) [PSYoungGen: 70048K->896K(71168K)] 156836K->87772K(185856K), 0.0048744 secs] [Times: user=0.01 sys=0.00, real=0.00 secs] 
Heap after GC invocations=871 (full 2):
 PSYoungGen      total 71168K, used 896K [0x00000000fb800000, 0x0000000100000000, 0x0000000100000000)
  eden space 69120K, 0% used [0x00000000fb800000,0x00000000fb800000,0x00000000ffb80000)
  from space 2048K, 43% used [0x00000000ffb80000,0x00000000ffc60000,0x00000000ffd80000)
  to   space 2048K, 0% used [0x00000000ffe00000,0x00000000ffe00000,0x0000000100000000)
 ParOldGen       total 114688K, used 86876K [0x00000000f4800000, 0x00000000fb800000, 0x00000000fb800000)
  object space 114688K, 75% used [0x00000000f4800000,0x00000000f9cd7170,0x00000000fb800000)
 Metaspace       used 75288K, capacity 79456K, committed 80000K, reserved 1118208K
  class space    used 9478K, capacity 10201K, committed 10368K, reserved 1048576K
}
{Heap before GC invocations=872 (full 2):
 PSYoungGen      total 71168K, used 70016K [0x00000000fb800000, 0x0000000100000000, 0x0000000100000000)
  eden space 69120K, 100% used [0x00000000fb800000,0x00000000ffb80000,0x00000000ffb80000)
  from space 2048K, 43% used [0x00000000ffb80000,0x00000000ffc60000,0x00000000ffd80000)
  to   space 2048K, 0% used [0x00000000ffe00000,0x00000000ffe00000,0x0000000100000000)
 ParOldGen       total 114688K, used 86876K [0x00000000f4800000, 0x00000000fb800000, 0x00000000fb800000)
  object space 114688K, 75% used [0x00000000f4800000,0x00000000f9cd7170,0x00000000fb800000)
 Metaspace       used 75288K, capacity 79456K, committed 80000K, reserved 1118208K
  class space    used 9478K, capacity 10201K, committed 10368K, reserved 1048576K
2024-06-11T21:40:52.808+0800: 3712.021: [GC (Allocation Failure) [PSYoungGen: 70016K->1454K(71680K)] 156892K->88410K(186368K), 0.0064785 secs] [Times: user=0.00 sys=0.00, real=0.01 secs] 
Heap after GC invocations=872 (full 2):
 PSYoungGen      total 71680K, used 1454K [0x00000000fb800000, 0x0000000100000000, 0x0000000100000000)
  eden space 69632K, 0% used [0x00000000fb800000,0x00000000fb800000,0x00000000ffc00000)
  from space 2048K, 70% used [0x00000000ffe00000,0x00000000fff6b810,0x0000000100000000)
  to   space 2048K, 0% used [0x00000000ffc00000,0x00000000ffc00000,0x00000000ffe00000)
 ParOldGen       total 114688K, used 86956K [0x00000000f4800000, 0x00000000fb800000, 0x00000000fb800000)
  object space 114688K, 75% used [0x00000000f4800000,0x00000000f9ceb170,0x00000000fb800000)
 Metaspace       used 75288K, capacity 79456K, committed 80000K, reserved 1118208K
  class space    used 9478K, capacity 10201K, committed 10368K, reserved 1048576K
}
{Heap before GC invocations=873 (full 2):
 PSYoungGen      total 71680K, used 71086K [0x00000000fb800000, 0x0000000100000000, 0x0000000100000000)
  eden space 69632K, 100% used [0x00000000fb800000,0x00000000ffc00000,0x00000000ffc00000)
  from space 2048K, 70% used [0x00000000ffe00000,0x00000000fff6b810,0x0000000100000000)
  to   space 2048K, 0% used [0x00000000ffc00000,0x00000000ffc00000,0x00000000ffe00000)
 ParOldGen       total 114688K, used 86956K [0x00000000f4800000, 0x00000000fb800000, 0x00000000fb800000)
  object space 114688K, 75% used [0x00000000f4800000,0x00000000f9ceb170,0x00000000fb800000)
 Metaspace       used 75288K, capacity 79456K, committed 80000K, reserved 1118208K
  class space    used 9478K, capacity 10201K, committed 10368K, reserved 1048576K
2024-06-11T21:40:57.585+0800: 3716.798: [GC (Allocation Failure) [PSYoungGen: 71086K->928K(71680K)] 158042K->87956K(186368K), 0.0276885 secs] [Times: user=0.03 sys=0.00, real=0.03 secs] 
Heap after GC invocations=873 (full 2):
 PSYoungGen      total 71680K, used 928K [0x00000000fb800000, 0x0000000100000000, 0x0000000100000000)
  eden space 69632K, 0% used [0x00000000fb800000,0x00000000fb800000,0x00000000ffc00000)
  from space 2048K, 45% used [0x00000000ffc00000,0x00000000ffce8000,0x00000000ffe00000)
  to   space 2048K, 0% used [0x00000000ffe00000,0x00000000ffe00000,0x0000000100000000)
 ParOldGen       total 114688K, used 87028K [0x00000000f4800000, 0x00000000fb800000, 0x00000000fb800000)
  object space 114688K, 75% used [0x00000000f4800000,0x00000000f9cfd170,0x00000000fb800000)
 Metaspace       used 75288K, capacity 79456K, committed 80000K, reserved 1118208K
  class space    used 9478K, capacity 10201K, committed 10368K, reserved 1048576K
}
{Heap before GC invocations=874 (full 2):
 PSYoungGen      total 71680K, used 70560K [0x00000000fb800000, 0x0000000100000000, 0x0000000100000000)
  eden space 69632K, 100% used [0x00000000fb800000,0x00000000ffc00000,0x00000000ffc00000)
  from space 2048K, 45% used [0x00000000ffc00000,0x00000000ffce8000,0x00000000ffe00000)
  to   space 2048K, 0% used [0x00000000ffe00000,0x00000000ffe00000,0x0000000100000000)
 ParOldGen       total 114688K, used 87028K [0x00000000f4800000, 0x00000000fb800000, 0x00000000fb800000)
  object space 114688K, 75% used [0x00000000f4800000,0x00000000f9cfd170,0x00000000fb800000)
 Metaspace       used 75288K, capacity 79456K, committed 80000K, reserved 1118208K
  class space    used 9478K, capacity 10201K, committed 10368K, reserved 1048576K
2024-06-11T21:41:01.828+0800: 3721.042: [GC (Allocation Failure) [PSYoungGen: 70560K->928K(71680K)] 157588K->88044K(186368K), 0.0054484 secs] [Times: user=0.01 sys=0.00, real=0.01 secs] 
Heap after GC invocations=874 (full 2):
 PSYoungGen      total 71680K, used 928K [0x00000000fb800000, 0x0000000100000000, 0x0000000100000000)
  eden space 69632K, 0% used [0x00000000fb800000,0x00000000fb800000,0x00000000ffc00000)
  from space 2048K, 45% used [0x00000000ffe00000,0x00000000ffee8000,0x0000000100000000)
  to   space 2048K, 0% used [0x00000000ffc00000,0x00000000ffc00000,0x00000000ffe00000)
 ParOldGen       total 114688K, used 87116K [0x00000000f4800000, 0x00000000fb800000, 0x00000000fb800000)
  object space 114688K, 75% used [0x00000000f4800000,0x00000000f9d13170,0x00000000fb800000)
 Metaspace       used 75288K, capacity 79456K, committed 80000K, reserved 1118208K
  class space    used 9478K, capacity 10201K, committed 10368K, reserved 1048576K
}
{Heap before GC invocations=875 (full 2):
 PSYoungGen      total 71680K, used 70560K [0x00000000fb800000, 0x0000000100000000, 0x0000000100000000)
  eden space 69632K, 100% used [0x00000000fb800000,0x00000000ffc00000,0x00000000ffc00000)
  from space 2048K, 45% used [0x00000000ffe00000,0x00000000ffee8000,0x0000000100000000)
  to   space 2048K, 0% used [0x00000000ffc00000,0x00000000ffc00000,0x00000000ffe00000)
 ParOldGen       total 114688K, used 87116K [0x00000000f4800000, 0x00000000fb800000, 0x00000000fb800000)
  object space 114688K, 75% used [0x00000000f4800000,0x00000000f9d13170,0x00000000fb800000)
 Metaspace       used 75288K, capacity 79456K, committed 80000K, reserved 1118208K
  class space    used 9478K, capacity 10201K, committed 10368K, reserved 1048576K
2024-06-11T21:41:05.992+0800: 3725.205: [GC (Allocation Failure) [PSYoungGen: 70560K->928K(71680K)] 157676K->88132K(186368K), 0.0053296 secs] [Times: user=0.00 sys=0.00, real=0.00 secs] 
Heap after GC invocations=875 (full 2):
 PSYoungGen      total 71680K, used 928K [0x00000000fb800000, 0x0000000100000000, 0x0000000100000000)
  eden space 69632K, 0% used [0x00000000fb800000,0x00000000fb800000,0x00000000ffc00000)
  from space 2048K, 45% used [0x00000000ffc00000,0x00000000ffce8000,0x00000000ffe00000)
  to   space 2048K, 0% used [0x00000000ffe00000,0x00000000ffe00000,0x0000000100000000)
 ParOldGen       total 114688K, used 87204K [0x00000000f4800000, 0x00000000fb800000, 0x00000000fb800000)
  object space 114688K, 76% used [0x00000000f4800000,0x00000000f9d29170,0x00000000fb800000)
 Metaspace       used 75288K, capacity 79456K, committed 80000K, reserved 1118208K
  class space    used 9478K, capacity 10201K, committed 10368K, reserved 1048576K
}
{Heap before GC invocations=876 (full 2):
 PSYoungGen      total 71680K, used 70560K [0x00000000fb800000, 0x0000000100000000, 0x0000000100000000)
  eden space 69632K, 100% used [0x00000000fb800000,0x00000000ffc00000,0x00000000ffc00000)
  from space 2048K, 45% used [0x00000000ffc00000,0x00000000ffce8000,0x00000000ffe00000)
  to   space 2048K, 0% used [0x00000000ffe00000,0x00000000ffe00000,0x0000000100000000)
 ParOldGen       total 114688K, used 87204K [0x00000000f4800000, 0x00000000fb800000, 0x00000000fb800000)
  object space 114688K, 76% used [0x00000000f4800000,0x00000000f9d29170,0x00000000fb800000)
 Metaspace       used 75288K, capacity 79456K, committed 80000K, reserved 1118208K
  class space    used 9478K, capacity 10201K, committed 10368K, reserved 1048576K
2024-06-11T21:41:10.531+0800: 3729.744: [GC (Allocation Failure) [PSYoungGen: 70560K->928K(71680K)] 157764K->88212K(186368K), 0.0065049 secs] [Times: user=0.01 sys=0.00, real=0.00 secs] 
Heap after GC invocations=876 (full 2):
 PSYoungGen      total 71680K, used 928K [0x00000000fb800000, 0x0000000100000000, 0x0000000100000000)
  eden space 69632K, 0% used [0x00000000fb800000,0x00000000fb800000,0x00000000ffc00000)
  from space 2048K, 45% used [0x00000000ffe00000,0x00000000ffee8000,0x0000000100000000)
  to   space 2048K, 0% used [0x00000000ffc00000,0x00000000ffc00000,0x00000000ffe00000)
 ParOldGen       total 114688K, used 87284K [0x00000000f4800000, 0x00000000fb800000, 0x00000000fb800000)
  object space 114688K, 76% used [0x00000000f4800000,0x00000000f9d3d170,0x00000000fb800000)
 Metaspace       used 75288K, capacity 79456K, committed 80000K, reserved 1118208K
  class space    used 9478K, capacity 10201K, committed 10368K, reserved 1048576K
}
{Heap before GC invocations=877 (full 2):
 PSYoungGen      total 71680K, used 70560K [0x00000000fb800000, 0x0000000100000000, 0x0000000100000000)
  eden space 69632K, 100% used [0x00000000fb800000,0x00000000ffc00000,0x00000000ffc00000)
  from space 2048K, 45% used [0x00000000ffe00000,0x00000000ffee8000,0x0000000100000000)
  to   space 2048K, 0% used [0x00000000ffc00000,0x00000000ffc00000,0x00000000ffe00000)
 ParOldGen       total 114688K, used 87284K [0x00000000f4800000, 0x00000000fb800000, 0x00000000fb800000)
  object space 114688K, 76% used [0x00000000f4800000,0x00000000f9d3d170,0x00000000fb800000)
 Metaspace       used 75288K, capacity 79456K, committed 80000K, reserved 1118208K
  class space    used 9478K, capacity 10201K, committed 10368K, reserved 1048576K
2024-06-11T21:41:14.892+0800: 3734.105: [GC (Allocation Failure) [PSYoungGen: 70560K->928K(71680K)] 157844K->88292K(186368K), 0.0050915 secs] [Times: user=0.01 sys=0.00, real=0.00 secs] 
Heap after GC invocations=877 (full 2):
 PSYoungGen      total 71680K, used 928K [0x00000000fb800000, 0x0000000100000000, 0x0000000100000000)
  eden space 69632K, 0% used [0x00000000fb800000,0x00000000fb800000,0x00000000ffc00000)
  from space 2048K, 45% used [0x00000000ffc00000,0x00000000ffce8000,0x00000000ffe00000)
  to   space 2048K, 0% used [0x00000000ffe00000,0x00000000ffe00000,0x0000000100000000)
 ParOldGen       total 114688K, used 87364K [0x00000000f4800000, 0x00000000fb800000, 0x00000000fb800000)
  object space 114688K, 76% used [0x00000000f4800000,0x00000000f9d51170,0x00000000fb800000)
 Metaspace       used 75288K, capacity 79456K, committed 80000K, reserved 1118208K
  class space    used 9478K, capacity 10201K, committed 10368K, reserved 1048576K
}
{Heap before GC invocations=878 (full 2):
 PSYoungGen      total 71680K, used 70560K [0x00000000fb800000, 0x0000000100000000, 0x0000000100000000)
  eden space 69632K, 100% used [0x00000000fb800000,0x00000000ffc00000,0x00000000ffc00000)
  from space 2048K, 45% used [0x00000000ffc00000,0x00000000ffce8000,0x00000000ffe00000)
  to   space 2048K, 0% used [0x00000000ffe00000,0x00000000ffe00000,0x0000000100000000)
 ParOldGen       total 114688K, used 87364K [0x00000000f4800000, 0x00000000fb800000, 0x00000000fb800000)
  object space 114688K, 76% used [0x00000000f4800000,0x00000000f9d51170,0x00000000fb800000)
 Metaspace       used 75288K, capacity 79456K, committed 80000K, reserved 1118208K
  class space    used 9478K, capacity 10201K, committed 10368K, reserved 1048576K
2024-06-11T21:41:19.097+0800: 3738.311: [GC (Allocation Failure) [PSYoungGen: 70560K->960K(71680K)] 157924K->88412K(186368K), 0.0051015 secs] [Times: user=0.00 sys=0.00, real=0.01 secs] 
Heap after GC invocations=878 (full 2):
 PSYoungGen      total 71680K, used 960K [0x00000000fb800000, 0x0000000100000000, 0x0000000100000000)
  eden space 69632K, 0% used [0x00000000fb800000,0x00000000fb800000,0x00000000ffc00000)
  from space 2048K, 46% used [0x00000000ffe00000,0x00000000ffef0000,0x0000000100000000)
  to   space 2048K, 0% used [0x00000000ffc00000,0x00000000ffc00000,0x00000000ffe00000)
 ParOldGen       total 114688K, used 87452K [0x00000000f4800000, 0x00000000fb800000, 0x00000000fb800000)
  object space 114688K, 76% used [0x00000000f4800000,0x00000000f9d67170,0x00000000fb800000)
 Metaspace       used 75288K, capacity 79456K, committed 80000K, reserved 1118208K
  class space    used 9478K, capacity 10201K, committed 10368K, reserved 1048576K
}
{Heap before GC invocations=879 (full 2):
 PSYoungGen      total 71680K, used 70592K [0x00000000fb800000, 0x0000000100000000, 0x0000000100000000)
  eden space 69632K, 100% used [0x00000000fb800000,0x00000000ffc00000,0x00000000ffc00000)
  from space 2048K, 46% used [0x00000000ffe00000,0x00000000ffef0000,0x0000000100000000)
  to   space 2048K, 0% used [0x00000000ffc00000,0x00000000ffc00000,0x00000000ffe00000)
 ParOldGen       total 114688K, used 87452K [0x00000000f4800000, 0x00000000fb800000, 0x00000000fb800000)
  object space 114688K, 76% used [0x00000000f4800000,0x00000000f9d67170,0x00000000fb800000)
 Metaspace       used 75288K, capacity 79456K, committed 80000K, reserved 1118208K
  class space    used 9478K, capacity 10201K, committed 10368K, reserved 1048576K
2024-06-11T21:41:23.582+0800: 3742.796: [GC (Allocation Failure) [PSYoungGen: 70592K->864K(71680K)] 158044K->88396K(186368K), 0.0050836 secs] [Times: user=0.01 sys=0.00, real=0.00 secs] 
Heap after GC invocations=879 (full 2):
 PSYoungGen      total 71680K, used 864K [0x00000000fb800000, 0x0000000100000000, 0x0000000100000000)
  eden space 69632K, 0% used [0x00000000fb800000,0x00000000fb800000,0x00000000ffc00000)
  from space 2048K, 42% used [0x00000000ffc00000,0x00000000ffcd8000,0x00000000ffe00000)
  to   space 2048K, 0% used [0x00000000ffe00000,0x00000000ffe00000,0x0000000100000000)
 ParOldGen       total 114688K, used 87532K [0x00000000f4800000, 0x00000000fb800000, 0x00000000fb800000)
  object space 114688K, 76% used [0x00000000f4800000,0x00000000f9d7b170,0x00000000fb800000)
 Metaspace       used 75288K, capacity 79456K, committed 80000K, reserved 1118208K
  class space    used 9478K, capacity 10201K, committed 10368K, reserved 1048576K
}
{Heap before GC invocations=880 (full 2):
 PSYoungGen      total 71680K, used 70496K [0x00000000fb800000, 0x0000000100000000, 0x0000000100000000)
  eden space 69632K, 100% used [0x00000000fb800000,0x00000000ffc00000,0x00000000ffc00000)
  from space 2048K, 42% used [0x00000000ffc00000,0x00000000ffcd8000,0x00000000ffe00000)
  to   space 2048K, 0% used [0x00000000ffe00000,0x00000000ffe00000,0x0000000100000000)
 ParOldGen       total 114688K, used 87532K [0x00000000f4800000, 0x00000000fb800000, 0x00000000fb800000)
  object space 114688K, 76% used [0x00000000f4800000,0x00000000f9d7b170,0x00000000fb800000)
 Metaspace       used 75288K, capacity 79456K, committed 80000K, reserved 1118208K
  class space    used 9478K, capacity 10201K, committed 10368K, reserved 1048576K
2024-06-11T21:41:27.658+0800: 3746.871: [GC (Allocation Failure) [PSYoungGen: 70496K->1856K(71680K)] 158028K->89468K(186368K), 0.0057508 secs] [Times: user=0.01 sys=0.00, real=0.01 secs] 
Heap after GC invocations=880 (full 2):
 PSYoungGen      total 71680K, used 1856K [0x00000000fb800000, 0x0000000100000000, 0x0000000100000000)
  eden space 69632K, 0% used [0x00000000fb800000,0x00000000fb800000,0x00000000ffc00000)
  from space 2048K, 90% used [0x00000000ffe00000,0x00000000fffd0000,0x0000000100000000)
  to   space 2048K, 0% used [0x00000000ffc00000,0x00000000ffc00000,0x00000000ffe00000)
 ParOldGen       total 114688K, used 87612K [0x00000000f4800000, 0x00000000fb800000, 0x00000000fb800000)
  object space 114688K, 76% used [0x00000000f4800000,0x00000000f9d8f170,0x00000000fb800000)
 Metaspace       used 75288K, capacity 79456K, committed 80000K, reserved 1118208K
  class space    used 9478K, capacity 10201K, committed 10368K, reserved 1048576K
}
{Heap before GC invocations=881 (full 2):
 PSYoungGen      total 71680K, used 71488K [0x00000000fb800000, 0x0000000100000000, 0x0000000100000000)
  eden space 69632K, 100% used [0x00000000fb800000,0x00000000ffc00000,0x00000000ffc00000)
  from space 2048K, 90% used [0x00000000ffe00000,0x00000000fffd0000,0x0000000100000000)
  to   space 2048K, 0% used [0x00000000ffc00000,0x00000000ffc00000,0x00000000ffe00000)
 ParOldGen       total 114688K, used 87612K [0x00000000f4800000, 0x00000000fb800000, 0x00000000fb800000)
  object space 114688K, 76% used [0x00000000f4800000,0x00000000f9d8f170,0x00000000fb800000)
 Metaspace       used 75288K, capacity 79456K, committed 80000K, reserved 1118208K
  class space    used 9478K, capacity 10201K, committed 10368K, reserved 1048576K
2024-06-11T21:41:32.175+0800: 3751.389: [GC (Allocation Failure) [PSYoungGen: 71488K->1760K(71680K)] 159100K->90444K(186368K), 0.0074751 secs] [Times: user=0.01 sys=0.00, real=0.01 secs] 
Heap after GC invocations=881 (full 2):
 PSYoungGen      total 71680K, used 1760K [0x00000000fb800000, 0x0000000100000000, 0x0000000100000000)
  eden space 69632K, 0% used [0x00000000fb800000,0x00000000fb800000,0x00000000ffc00000)
  from space 2048K, 85% used [0x00000000ffc00000,0x00000000ffdb8000,0x00000000ffe00000)
  to   space 2048K, 0% used [0x00000000ffe00000,0x00000000ffe00000,0x0000000100000000)
 ParOldGen       total 114688K, used 88684K [0x00000000f4800000, 0x00000000fb800000, 0x00000000fb800000)
  object space 114688K, 77% used [0x00000000f4800000,0x00000000f9e9b170,0x00000000fb800000)
 Metaspace       used 75288K, capacity 79456K, committed 80000K, reserved 1118208K
  class space    used 9478K, capacity 10201K, committed 10368K, reserved 1048576K
}
{Heap before GC invocations=882 (full 2):
 PSYoungGen      total 71680K, used 71392K [0x00000000fb800000, 0x0000000100000000, 0x0000000100000000)
  eden space 69632K, 100% used [0x00000000fb800000,0x00000000ffc00000,0x00000000ffc00000)
  from space 2048K, 85% used [0x00000000ffc00000,0x00000000ffdb8000,0x00000000ffe00000)
  to   space 2048K, 0% used [0x00000000ffe00000,0x00000000ffe00000,0x0000000100000000)
 ParOldGen       total 114688K, used 88684K [0x00000000f4800000, 0x00000000fb800000, 0x00000000fb800000)
  object space 114688K, 77% used [0x00000000f4800000,0x00000000f9e9b170,0x00000000fb800000)
 Metaspace       used 75288K, capacity 79456K, committed 80000K, reserved 1118208K
  class space    used 9478K, capacity 10201K, committed 10368K, reserved 1048576K
2024-06-11T21:41:36.259+0800: 3755.473: [GC (Allocation Failure) [PSYoungGen: 71392K->960K(71680K)] 160076K->90548K(186368K), 0.0062977 secs] [Times: user=0.01 sys=0.00, real=0.01 secs] 
Heap after GC invocations=882 (full 2):
 PSYoungGen      total 71680K, used 960K [0x00000000fb800000, 0x0000000100000000, 0x0000000100000000)
  eden space 69632K, 0% used [0x00000000fb800000,0x00000000fb800000,0x00000000ffc00000)
  from space 2048K, 46% used [0x00000000ffe00000,0x00000000ffef0000,0x0000000100000000)
  to   space 2048K, 0% used [0x00000000ffc00000,0x00000000ffc00000,0x00000000ffe00000)
 ParOldGen       total 114688K, used 89588K [0x00000000f4800000, 0x00000000fb800000, 0x00000000fb800000)
  object space 114688K, 78% used [0x00000000f4800000,0x00000000f9f7d170,0x00000000fb800000)
 Metaspace       used 75288K, capacity 79456K, committed 80000K, reserved 1118208K
  class space    used 9478K, capacity 10201K, committed 10368K, reserved 1048576K
}
{Heap before GC invocations=883 (full 2):
 PSYoungGen      total 71680K, used 70592K [0x00000000fb800000, 0x0000000100000000, 0x0000000100000000)
  eden space 69632K, 100% used [0x00000000fb800000,0x00000000ffc00000,0x00000000ffc00000)
  from space 2048K, 46% used [0x00000000ffe00000,0x00000000ffef0000,0x0000000100000000)
  to   space 2048K, 0% used [0x00000000ffc00000,0x00000000ffc00000,0x00000000ffe00000)
 ParOldGen       total 114688K, used 89588K [0x00000000f4800000, 0x00000000fb800000, 0x00000000fb800000)
  object space 114688K, 78% used [0x00000000f4800000,0x00000000f9f7d170,0x00000000fb800000)
 Metaspace       used 75288K, capacity 79456K, committed 80000K, reserved 1118208K
  class space    used 9478K, capacity 10201K, committed 10368K, reserved 1048576K
2024-06-11T21:41:40.493+0800: 3759.706: [GC (Allocation Failure) [PSYoungGen: 70592K->896K(71680K)] 160180K->90564K(186368K), 0.0051255 secs] [Times: user=0.01 sys=0.00, real=0.00 secs] 
Heap after GC invocations=883 (full 2):
 PSYoungGen      total 71680K, used 896K [0x00000000fb800000, 0x0000000100000000, 0x0000000100000000)
  eden space 69632K, 0% used [0x00000000fb800000,0x00000000fb800000,0x00000000ffc00000)
  from space 2048K, 43% used [0x00000000ffc00000,0x00000000ffce0000,0x00000000ffe00000)
  to   space 2048K, 0% used [0x00000000ffe00000,0x00000000ffe00000,0x0000000100000000)
 ParOldGen       total 114688K, used 89668K [0x00000000f4800000, 0x00000000fb800000, 0x00000000fb800000)
  object space 114688K, 78% used [0x00000000f4800000,0x00000000f9f91170,0x00000000fb800000)
 Metaspace       used 75288K, capacity 79456K, committed 80000K, reserved 1118208K
  class space    used 9478K, capacity 10201K, committed 10368K, reserved 1048576K
}
{Heap before GC invocations=884 (full 2):
 PSYoungGen      total 71680K, used 70528K [0x00000000fb800000, 0x0000000100000000, 0x0000000100000000)
  eden space 69632K, 100% used [0x00000000fb800000,0x00000000ffc00000,0x00000000ffc00000)
  from space 2048K, 43% used [0x00000000ffc00000,0x00000000ffce0000,0x00000000ffe00000)
  to   space 2048K, 0% used [0x00000000ffe00000,0x00000000ffe00000,0x0000000100000000)
 ParOldGen       total 114688K, used 89668K [0x00000000f4800000, 0x00000000fb800000, 0x00000000fb800000)
  object space 114688K, 78% used [0x00000000f4800000,0x00000000f9f91170,0x00000000fb800000)
 Metaspace       used 75288K, capacity 79456K, committed 80000K, reserved 1118208K
  class space    used 9478K, capacity 10201K, committed 10368K, reserved 1048576K
2024-06-11T21:41:45.022+0800: 3764.235: [GC (Allocation Failure) [PSYoungGen: 70528K->896K(71680K)] 160196K->90644K(186368K), 0.0052421 secs] [Times: user=0.01 sys=0.00, real=0.00 secs] 
Heap after GC invocations=884 (full 2):
 PSYoungGen      total 71680K, used 896K [0x00000000fb800000, 0x0000000100000000, 0x0000000100000000)
  eden space 69632K, 0% used [0x00000000fb800000,0x00000000fb800000,0x00000000ffc00000)
  from space 2048K, 43% used [0x00000000ffe00000,0x00000000ffee0000,0x0000000100000000)
  to   space 2048K, 0% used [0x00000000ffc00000,0x00000000ffc00000,0x00000000ffe00000)
 ParOldGen       total 114688K, used 89748K [0x00000000f4800000, 0x00000000fb800000, 0x00000000fb800000)
  object space 114688K, 78% used [0x00000000f4800000,0x00000000f9fa5170,0x00000000fb800000)
 Metaspace       used 75288K, capacity 79456K, committed 80000K, reserved 1118208K
  class space    used 9478K, capacity 10201K, committed 10368K, reserved 1048576K
}
{Heap before GC invocations=885 (full 2):
 PSYoungGen      total 71680K, used 70528K [0x00000000fb800000, 0x0000000100000000, 0x0000000100000000)
  eden space 69632K, 100% used [0x00000000fb800000,0x00000000ffc00000,0x00000000ffc00000)
  from space 2048K, 43% used [0x00000000ffe00000,0x00000000ffee0000,0x0000000100000000)
  to   space 2048K, 0% used [0x00000000ffc00000,0x00000000ffc00000,0x00000000ffe00000)
 ParOldGen       total 114688K, used 89748K [0x00000000f4800000, 0x00000000fb800000, 0x00000000fb800000)
  object space 114688K, 78% used [0x00000000f4800000,0x00000000f9fa5170,0x00000000fb800000)
 Metaspace       used 75288K, capacity 79456K, committed 80000K, reserved 1118208K
  class space    used 9478K, capacity 10201K, committed 10368K, reserved 1048576K
2024-06-11T21:41:49.325+0800: 3768.539: [GC (Allocation Failure) [PSYoungGen: 70528K->928K(71680K)] 160276K->90748K(186368K), 0.0055281 secs] [Times: user=0.01 sys=0.00, real=0.01 secs] 
Heap after GC invocations=885 (full 2):
 PSYoungGen      total 71680K, used 928K [0x00000000fb800000, 0x0000000100000000, 0x0000000100000000)
  eden space 69632K, 0% used [0x00000000fb800000,0x00000000fb800000,0x00000000ffc00000)
  from space 2048K, 45% used [0x00000000ffc00000,0x00000000ffce8000,0x00000000ffe00000)
  to   space 2048K, 0% used [0x00000000ffe00000,0x00000000ffe00000,0x0000000100000000)
 ParOldGen       total 114688K, used 89820K [0x00000000f4800000, 0x00000000fb800000, 0x00000000fb800000)
  object space 114688K, 78% used [0x00000000f4800000,0x00000000f9fb7170,0x00000000fb800000)
 Metaspace       used 75288K, capacity 79456K, committed 80000K, reserved 1118208K
  class space    used 9478K, capacity 10201K, committed 10368K, reserved 1048576K
}
{Heap before GC invocations=886 (full 2):
 PSYoungGen      total 71680K, used 70560K [0x00000000fb800000, 0x0000000100000000, 0x0000000100000000)
  eden space 69632K, 100% used [0x00000000fb800000,0x00000000ffc00000,0x00000000ffc00000)
  from space 2048K, 45% used [0x00000000ffc00000,0x00000000ffce8000,0x00000000ffe00000)
  to   space 2048K, 0% used [0x00000000ffe00000,0x00000000ffe00000,0x0000000100000000)
 ParOldGen       total 114688K, used 89820K [0x00000000f4800000, 0x00000000fb800000, 0x00000000fb800000)
  object space 114688K, 78% used [0x00000000f4800000,0x00000000f9fb7170,0x00000000fb800000)
 Metaspace       used 75289K, capacity 79456K, committed 80000K, reserved 1118208K
  class space    used 9478K, capacity 10201K, committed 10368K, reserved 1048576K
2024-06-11T21:41:53.698+0800: 3772.911: [GC (Allocation Failure) [PSYoungGen: 70560K->896K(71680K)] 160380K->90804K(186368K), 0.0050384 secs] [Times: user=0.01 sys=0.00, real=0.01 secs] 
Heap after GC invocations=886 (full 2):
 PSYoungGen      total 71680K, used 896K [0x00000000fb800000, 0x0000000100000000, 0x0000000100000000)
  eden space 69632K, 0% used [0x00000000fb800000,0x00000000fb800000,0x00000000ffc00000)
  from space 2048K, 43% used [0x00000000ffe00000,0x00000000ffee0000,0x0000000100000000)
  to   space 2048K, 0% used [0x00000000ffc00000,0x00000000ffc00000,0x00000000ffe00000)
 ParOldGen       total 114688K, used 89908K [0x00000000f4800000, 0x00000000fb800000, 0x00000000fb800000)
  object space 114688K, 78% used [0x00000000f4800000,0x00000000f9fcd170,0x00000000fb800000)
 Metaspace       used 75289K, capacity 79456K, committed 80000K, reserved 1118208K
  class space    used 9478K, capacity 10201K, committed 10368K, reserved 1048576K
}
{Heap before GC invocations=887 (full 2):
 PSYoungGen      total 71680K, used 70528K [0x00000000fb800000, 0x0000000100000000, 0x0000000100000000)
  eden space 69632K, 100% used [0x00000000fb800000,0x00000000ffc00000,0x00000000ffc00000)
  from space 2048K, 43% used [0x00000000ffe00000,0x00000000ffee0000,0x0000000100000000)
  to   space 2048K, 0% used [0x00000000ffc00000,0x00000000ffc00000,0x00000000ffe00000)
 ParOldGen       total 114688K, used 89908K [0x00000000f4800000, 0x00000000fb800000, 0x00000000fb800000)
  object space 114688K, 78% used [0x00000000f4800000,0x00000000f9fcd170,0x00000000fb800000)
 Metaspace       used 75289K, capacity 79456K, committed 80000K, reserved 1118208K
  class space    used 9478K, capacity 10201K, committed 10368K, reserved 1048576K
2024-06-11T21:41:58.122+0800: 3777.335: [GC (Allocation Failure) [PSYoungGen: 70528K->928K(71680K)] 160436K->90916K(186368K), 0.0064220 secs] [Times: user=0.01 sys=0.00, real=0.00 secs] 
Heap after GC invocations=887 (full 2):
 PSYoungGen      total 71680K, used 928K [0x00000000fb800000, 0x0000000100000000, 0x0000000100000000)
  eden space 69632K, 0% used [0x00000000fb800000,0x00000000fb800000,0x00000000ffc00000)
  from space 2048K, 45% used [0x00000000ffc00000,0x00000000ffce8000,0x00000000ffe00000)
  to   space 2048K, 0% used [0x00000000ffe00000,0x00000000ffe00000,0x0000000100000000)
 ParOldGen       total 114688K, used 89988K [0x00000000f4800000, 0x00000000fb800000, 0x00000000fb800000)
  object space 114688K, 78% used [0x00000000f4800000,0x00000000f9fe1170,0x00000000fb800000)
 Metaspace       used 75289K, capacity 79456K, committed 80000K, reserved 1118208K
  class space    used 9478K, capacity 10201K, committed 10368K, reserved 1048576K
}
{Heap before GC invocations=888 (full 2):
 PSYoungGen      total 71680K, used 70560K [0x00000000fb800000, 0x0000000100000000, 0x0000000100000000)
  eden space 69632K, 100% used [0x00000000fb800000,0x00000000ffc00000,0x00000000ffc00000)
  from space 2048K, 45% used [0x00000000ffc00000,0x00000000ffce8000,0x00000000ffe00000)
  to   space 2048K, 0% used [0x00000000ffe00000,0x00000000ffe00000,0x0000000100000000)
 ParOldGen       total 114688K, used 89988K [0x00000000f4800000, 0x00000000fb800000, 0x00000000fb800000)
  object space 114688K, 78% used [0x00000000f4800000,0x00000000f9fe1170,0x00000000fb800000)
 Metaspace       used 75289K, capacity 79456K, committed 80000K, reserved 1118208K
  class space    used 9478K, capacity 10201K, committed 10368K, reserved 1048576K
2024-06-11T21:42:02.464+0800: 3781.677: [GC (Allocation Failure) [PSYoungGen: 70560K->928K(71680K)] 160548K->90996K(186368K), 0.0049830 secs] [Times: user=0.00 sys=0.00, real=0.00 secs] 
Heap after GC invocations=888 (full 2):
 PSYoungGen      total 71680K, used 928K [0x00000000fb800000, 0x0000000100000000, 0x0000000100000000)
  eden space 69632K, 0% used [0x00000000fb800000,0x00000000fb800000,0x00000000ffc00000)
  from space 2048K, 45% used [0x00000000ffe00000,0x00000000ffee8000,0x0000000100000000)
  to   space 2048K, 0% used [0x00000000ffc00000,0x00000000ffc00000,0x00000000ffe00000)
 ParOldGen       total 114688K, used 90068K [0x00000000f4800000, 0x00000000fb800000, 0x00000000fb800000)
  object space 114688K, 78% used [0x00000000f4800000,0x00000000f9ff5170,0x00000000fb800000)
 Metaspace       used 75289K, capacity 79456K, committed 80000K, reserved 1118208K
  class space    used 9478K, capacity 10201K, committed 10368K, reserved 1048576K
}
{Heap before GC invocations=889 (full 2):
 PSYoungGen      total 71680K, used 70560K [0x00000000fb800000, 0x0000000100000000, 0x0000000100000000)
  eden space 69632K, 100% used [0x00000000fb800000,0x00000000ffc00000,0x00000000ffc00000)
  from space 2048K, 45% used [0x00000000ffe00000,0x00000000ffee8000,0x0000000100000000)
  to   space 2048K, 0% used [0x00000000ffc00000,0x00000000ffc00000,0x00000000ffe00000)
 ParOldGen       total 114688K, used 90068K [0x00000000f4800000, 0x00000000fb800000, 0x00000000fb800000)
  object space 114688K, 78% used [0x00000000f4800000,0x00000000f9ff5170,0x00000000fb800000)
 Metaspace       used 75289K, capacity 79456K, committed 80000K, reserved 1118208K
  class space    used 9478K, capacity 10201K, committed 10368K, reserved 1048576K
2024-06-11T21:42:06.828+0800: 3786.041: [GC (Allocation Failure) [PSYoungGen: 70560K->928K(71680K)] 160628K->91084K(186368K), 0.0051596 secs] [Times: user=0.01 sys=0.00, real=0.01 secs] 
Heap after GC invocations=889 (full 2):
 PSYoungGen      total 71680K, used 928K [0x00000000fb800000, 0x0000000100000000, 0x0000000100000000)
  eden space 69632K, 0% used [0x00000000fb800000,0x00000000fb800000,0x00000000ffc00000)
  from space 2048K, 45% used [0x00000000ffc00000,0x00000000ffce8000,0x00000000ffe00000)
  to   space 2048K, 0% used [0x00000000ffe00000,0x00000000ffe00000,0x0000000100000000)
 ParOldGen       total 114688K, used 90156K [0x00000000f4800000, 0x00000000fb800000, 0x00000000fb800000)
  object space 114688K, 78% used [0x00000000f4800000,0x00000000fa00b170,0x00000000fb800000)
 Metaspace       used 75289K, capacity 79456K, committed 80000K, reserved 1118208K
  class space    used 9478K, capacity 10201K, committed 10368K, reserved 1048576K
}
{Heap before GC invocations=890 (full 2):
 PSYoungGen      total 71680K, used 70560K [0x00000000fb800000, 0x0000000100000000, 0x0000000100000000)
  eden space 69632K, 100% used [0x00000000fb800000,0x00000000ffc00000,0x00000000ffc00000)
  from space 2048K, 45% used [0x00000000ffc00000,0x00000000ffce8000,0x00000000ffe00000)
  to   space 2048K, 0% used [0x00000000ffe00000,0x00000000ffe00000,0x0000000100000000)
 ParOldGen       total 114688K, used 90156K [0x00000000f4800000, 0x00000000fb800000, 0x00000000fb800000)
  object space 114688K, 78% used [0x00000000f4800000,0x00000000fa00b170,0x00000000fb800000)
 Metaspace       used 75290K, capacity 79456K, committed 80000K, reserved 1118208K
  class space    used 9478K, capacity 10201K, committed 10368K, reserved 1048576K
2024-06-11T21:42:11.235+0800: 3790.448: [GC (Allocation Failure) [PSYoungGen: 70560K->928K(71680K)] 160716K->91164K(186368K), 0.0055279 secs] [Times: user=0.01 sys=0.00, real=0.00 secs] 
Heap after GC invocations=890 (full 2):
 PSYoungGen      total 71680K, used 928K [0x00000000fb800000, 0x0000000100000000, 0x0000000100000000)
  eden space 69632K, 0% used [0x00000000fb800000,0x00000000fb800000,0x00000000ffc00000)
  from space 2048K, 45% used [0x00000000ffe00000,0x00000000ffee8000,0x0000000100000000)
  to   space 2048K, 0% used [0x00000000ffc00000,0x00000000ffc00000,0x00000000ffe00000)
 ParOldGen       total 114688K, used 90236K [0x00000000f4800000, 0x00000000fb800000, 0x00000000fb800000)
  object space 114688K, 78% used [0x00000000f4800000,0x00000000fa01f170,0x00000000fb800000)
 Metaspace       used 75290K, capacity 79456K, committed 80000K, reserved 1118208K
  class space    used 9478K, capacity 10201K, committed 10368K, reserved 1048576K
}
{Heap before GC invocations=891 (full 2):
 PSYoungGen      total 71680K, used 70560K [0x00000000fb800000, 0x0000000100000000, 0x0000000100000000)
  eden space 69632K, 100% used [0x00000000fb800000,0x00000000ffc00000,0x00000000ffc00000)
  from space 2048K, 45% used [0x00000000ffe00000,0x00000000ffee8000,0x0000000100000000)
  to   space 2048K, 0% used [0x00000000ffc00000,0x00000000ffc00000,0x00000000ffe00000)
 ParOldGen       total 114688K, used 90236K [0x00000000f4800000, 0x00000000fb800000, 0x00000000fb800000)
  object space 114688K, 78% used [0x00000000f4800000,0x00000000fa01f170,0x00000000fb800000)
 Metaspace       used 75290K, capacity 79456K, committed 80000K, reserved 1118208K
  class space    used 9478K, capacity 10201K, committed 10368K, reserved 1048576K
2024-06-11T21:42:15.512+0800: 3794.725: [GC (Allocation Failure) [PSYoungGen: 70560K->928K(71680K)] 160796K->91244K(186368K), 0.0054272 secs] [Times: user=0.01 sys=0.01, real=0.00 secs] 
Heap after GC invocations=891 (full 2):
 PSYoungGen      total 71680K, used 928K [0x00000000fb800000, 0x0000000100000000, 0x0000000100000000)
  eden space 69632K, 0% used [0x00000000fb800000,0x00000000fb800000,0x00000000ffc00000)
  from space 2048K, 45% used [0x00000000ffc00000,0x00000000ffce8000,0x00000000ffe00000)
  to   space 2048K, 0% used [0x00000000ffe00000,0x00000000ffe00000,0x0000000100000000)
 ParOldGen       total 114688K, used 90316K [0x00000000f4800000, 0x00000000fb800000, 0x00000000fb800000)
  object space 114688K, 78% used [0x00000000f4800000,0x00000000fa033170,0x00000000fb800000)
 Metaspace       used 75290K, capacity 79456K, committed 80000K, reserved 1118208K
  class space    used 9478K, capacity 10201K, committed 10368K, reserved 1048576K
}
{Heap before GC invocations=892 (full 2):
 PSYoungGen      total 71680K, used 70560K [0x00000000fb800000, 0x0000000100000000, 0x0000000100000000)
  eden space 69632K, 100% used [0x00000000fb800000,0x00000000ffc00000,0x00000000ffc00000)
  from space 2048K, 45% used [0x00000000ffc00000,0x00000000ffce8000,0x00000000ffe00000)
  to   space 2048K, 0% used [0x00000000ffe00000,0x00000000ffe00000,0x0000000100000000)
 ParOldGen       total 114688K, used 90316K [0x00000000f4800000, 0x00000000fb800000, 0x00000000fb800000)
  object space 114688K, 78% used [0x00000000f4800000,0x00000000fa033170,0x00000000fb800000)
 Metaspace       used 75290K, capacity 79456K, committed 80000K, reserved 1118208K
  class space    used 9478K, capacity 10201K, committed 10368K, reserved 1048576K
2024-06-11T21:42:19.757+0800: 3798.971: [GC (Allocation Failure) [PSYoungGen: 70560K->928K(71680K)] 160876K->91324K(186368K), 0.0050419 secs] [Times: user=0.00 sys=0.00, real=0.01 secs] 
Heap after GC invocations=892 (full 2):
 PSYoungGen      total 71680K, used 928K [0x00000000fb800000, 0x0000000100000000, 0x0000000100000000)
  eden space 69632K, 0% used [0x00000000fb800000,0x00000000fb800000,0x00000000ffc00000)
  from space 2048K, 45% used [0x00000000ffe00000,0x00000000ffee8000,0x0000000100000000)
  to   space 2048K, 0% used [0x00000000ffc00000,0x00000000ffc00000,0x00000000ffe00000)
 ParOldGen       total 114688K, used 90396K [0x00000000f4800000, 0x00000000fb800000, 0x00000000fb800000)
  object space 114688K, 78% used [0x00000000f4800000,0x00000000fa047170,0x00000000fb800000)
 Metaspace       used 75290K, capacity 79456K, committed 80000K, reserved 1118208K
  class space    used 9478K, capacity 10201K, committed 10368K, reserved 1048576K
}
{Heap before GC invocations=893 (full 2):
 PSYoungGen      total 71680K, used 70560K [0x00000000fb800000, 0x0000000100000000, 0x0000000100000000)
  eden space 69632K, 100% used [0x00000000fb800000,0x00000000ffc00000,0x00000000ffc00000)
  from space 2048K, 45% used [0x00000000ffe00000,0x00000000ffee8000,0x0000000100000000)
  to   space 2048K, 0% used [0x00000000ffc00000,0x00000000ffc00000,0x00000000ffe00000)
 ParOldGen       total 114688K, used 90396K [0x00000000f4800000, 0x00000000fb800000, 0x00000000fb800000)
  object space 114688K, 78% used [0x00000000f4800000,0x00000000fa047170,0x00000000fb800000)
 Metaspace       used 75315K, capacity 79456K, committed 80000K, reserved 1118208K
  class space    used 9478K, capacity 10201K, committed 10368K, reserved 1048576K
2024-06-11T21:42:24.063+0800: 3803.277: [GC (Allocation Failure) [PSYoungGen: 70560K->1454K(71680K)] 160956K->91930K(186368K), 0.0053736 secs] [Times: user=0.01 sys=0.01, real=0.00 secs] 
Heap after GC invocations=893 (full 2):
 PSYoungGen      total 71680K, used 1454K [0x00000000fb800000, 0x0000000100000000, 0x0000000100000000)
  eden space 69632K, 0% used [0x00000000fb800000,0x00000000fb800000,0x00000000ffc00000)
  from space 2048K, 71% used [0x00000000ffc00000,0x00000000ffd6b860,0x00000000ffe00000)
  to   space 2048K, 0% used [0x00000000ffe00000,0x00000000ffe00000,0x0000000100000000)
 ParOldGen       total 114688K, used 90476K [0x00000000f4800000, 0x00000000fb800000, 0x00000000fb800000)
  object space 114688K, 78% used [0x00000000f4800000,0x00000000fa05b170,0x00000000fb800000)
 Metaspace       used 75315K, capacity 79456K, committed 80000K, reserved 1118208K
  class space    used 9478K, capacity 10201K, committed 10368K, reserved 1048576K
}
{Heap before GC invocations=894 (full 2):
 PSYoungGen      total 71680K, used 71086K [0x00000000fb800000, 0x0000000100000000, 0x0000000100000000)
  eden space 69632K, 100% used [0x00000000fb800000,0x00000000ffc00000,0x00000000ffc00000)
  from space 2048K, 71% used [0x00000000ffc00000,0x00000000ffd6b860,0x00000000ffe00000)
  to   space 2048K, 0% used [0x00000000ffe00000,0x00000000ffe00000,0x0000000100000000)
 ParOldGen       total 114688K, used 90476K [0x00000000f4800000, 0x00000000fb800000, 0x00000000fb800000)
  object space 114688K, 78% used [0x00000000f4800000,0x00000000fa05b170,0x00000000fb800000)
 Metaspace       used 75315K, capacity 79456K, committed 80000K, reserved 1118208K
  class space    used 9478K, capacity 10201K, committed 10368K, reserved 1048576K
2024-06-11T21:42:28.368+0800: 3807.581: [GC (Allocation Failure) [PSYoungGen: 71086K->1920K(71680K)] 161562K->92476K(186368K), 0.0061653 secs] [Times: user=0.02 sys=0.00, real=0.01 secs] 
Heap after GC invocations=894 (full 2):
 PSYoungGen      total 71680K, used 1920K [0x00000000fb800000, 0x0000000100000000, 0x0000000100000000)
  eden space 69632K, 0% used [0x00000000fb800000,0x00000000fb800000,0x00000000ffc00000)
  from space 2048K, 93% used [0x00000000ffe00000,0x00000000fffe0000,0x0000000100000000)
  to   space 2048K, 0% used [0x00000000ffc00000,0x00000000ffc00000,0x00000000ffe00000)
 ParOldGen       total 114688K, used 90556K [0x00000000f4800000, 0x00000000fb800000, 0x00000000fb800000)
  object space 114688K, 78% used [0x00000000f4800000,0x00000000fa06f170,0x00000000fb800000)
 Metaspace       used 75315K, capacity 79456K, committed 80000K, reserved 1118208K
  class space    used 9478K, capacity 10201K, committed 10368K, reserved 1048576K
}
{Heap before GC invocations=895 (full 2):
 PSYoungGen      total 71680K, used 71552K [0x00000000fb800000, 0x0000000100000000, 0x0000000100000000)
  eden space 69632K, 100% used [0x00000000fb800000,0x00000000ffc00000,0x00000000ffc00000)
  from space 2048K, 93% used [0x00000000ffe00000,0x00000000fffe0000,0x0000000100000000)
  to   space 2048K, 0% used [0x00000000ffc00000,0x00000000ffc00000,0x00000000ffe00000)
 ParOldGen       total 114688K, used 90556K [0x00000000f4800000, 0x00000000fb800000, 0x00000000fb800000)
  object space 114688K, 78% used [0x00000000f4800000,0x00000000fa06f170,0x00000000fb800000)
 Metaspace       used 75315K, capacity 79456K, committed 80000K, reserved 1118208K
  class space    used 9478K, capacity 10201K, committed 10368K, reserved 1048576K
2024-06-11T21:42:32.799+0800: 3812.012: [GC (Allocation Failure) [PSYoungGen: 71552K->1568K(71680K)] 162108K->93364K(186368K), 0.0072710 secs] [Times: user=0.01 sys=0.00, real=0.01 secs] 
Heap after GC invocations=895 (full 2):
 PSYoungGen      total 71680K, used 1568K [0x00000000fb800000, 0x0000000100000000, 0x0000000100000000)
  eden space 69632K, 0% used [0x00000000fb800000,0x00000000fb800000,0x00000000ffc00000)
  from space 2048K, 76% used [0x00000000ffc00000,0x00000000ffd88000,0x00000000ffe00000)
  to   space 2048K, 0% used [0x00000000ffe00000,0x00000000ffe00000,0x0000000100000000)
 ParOldGen       total 114688K, used 91796K [0x00000000f4800000, 0x00000000fb800000, 0x00000000fb800000)
  object space 114688K, 80% used [0x00000000f4800000,0x00000000fa1a5170,0x00000000fb800000)
 Metaspace       used 75315K, capacity 79456K, committed 80000K, reserved 1118208K
  class space    used 9478K, capacity 10201K, committed 10368K, reserved 1048576K
}
{Heap before GC invocations=896 (full 2):
 PSYoungGen      total 71680K, used 71200K [0x00000000fb800000, 0x0000000100000000, 0x0000000100000000)
  eden space 69632K, 100% used [0x00000000fb800000,0x00000000ffc00000,0x00000000ffc00000)
  from space 2048K, 76% used [0x00000000ffc00000,0x00000000ffd88000,0x00000000ffe00000)
  to   space 2048K, 0% used [0x00000000ffe00000,0x00000000ffe00000,0x0000000100000000)
 ParOldGen       total 114688K, used 91796K [0x00000000f4800000, 0x00000000fb800000, 0x00000000fb800000)
  object space 114688K, 80% used [0x00000000f4800000,0x00000000fa1a5170,0x00000000fb800000)
 Metaspace       used 75315K, capacity 79456K, committed 80000K, reserved 1118208K
  class space    used 9478K, capacity 10201K, committed 10368K, reserved 1048576K
2024-06-11T21:42:36.878+0800: 3816.091: [GC (Allocation Failure) [PSYoungGen: 71200K->928K(71680K)] 162996K->93452K(186368K), 0.0075272 secs] [Times: user=0.01 sys=0.00, real=0.01 secs] 
Heap after GC invocations=896 (full 2):
 PSYoungGen      total 71680K, used 928K [0x00000000fb800000, 0x0000000100000000, 0x0000000100000000)
  eden space 69632K, 0% used [0x00000000fb800000,0x00000000fb800000,0x00000000ffc00000)
  from space 2048K, 45% used [0x00000000ffe00000,0x00000000ffee8000,0x0000000100000000)
  to   space 2048K, 0% used [0x00000000ffc00000,0x00000000ffc00000,0x00000000ffe00000)
 ParOldGen       total 114688K, used 92524K [0x00000000f4800000, 0x00000000fb800000, 0x00000000fb800000)
  object space 114688K, 80% used [0x00000000f4800000,0x00000000fa25b170,0x00000000fb800000)
 Metaspace       used 75315K, capacity 79456K, committed 80000K, reserved 1118208K
  class space    used 9478K, capacity 10201K, committed 10368K, reserved 1048576K
}
{Heap before GC invocations=897 (full 2):
 PSYoungGen      total 71680K, used 70560K [0x00000000fb800000, 0x0000000100000000, 0x0000000100000000)
  eden space 69632K, 100% used [0x00000000fb800000,0x00000000ffc00000,0x00000000ffc00000)
  from space 2048K, 45% used [0x00000000ffe00000,0x00000000ffee8000,0x0000000100000000)
  to   space 2048K, 0% used [0x00000000ffc00000,0x00000000ffc00000,0x00000000ffe00000)
 ParOldGen       total 114688K, used 92524K [0x00000000f4800000, 0x00000000fb800000, 0x00000000fb800000)
  object space 114688K, 80% used [0x00000000f4800000,0x00000000fa25b170,0x00000000fb800000)
 Metaspace       used 75317K, capacity 79528K, committed 80000K, reserved 1118208K
  class space    used 9478K, capacity 10201K, committed 10368K, reserved 1048576K
2024-06-11T21:42:41.201+0800: 3820.415: [GC (Allocation Failure) [PSYoungGen: 70560K->896K(71680K)] 163084K->93500K(186368K), 0.0053233 secs] [Times: user=0.01 sys=0.00, real=0.00 secs] 
Heap after GC invocations=897 (full 2):
 PSYoungGen      total 71680K, used 896K [0x00000000fb800000, 0x0000000100000000, 0x0000000100000000)
  eden space 69632K, 0% used [0x00000000fb800000,0x00000000fb800000,0x00000000ffc00000)
  from space 2048K, 43% used [0x00000000ffc00000,0x00000000ffce0000,0x00000000ffe00000)
  to   space 2048K, 0% used [0x00000000ffe00000,0x00000000ffe00000,0x0000000100000000)
 ParOldGen       total 114688K, used 92604K [0x00000000f4800000, 0x00000000fb800000, 0x00000000fb800000)
  object space 114688K, 80% used [0x00000000f4800000,0x00000000fa26f170,0x00000000fb800000)
 Metaspace       used 75317K, capacity 79528K, committed 80000K, reserved 1118208K
  class space    used 9478K, capacity 10201K, committed 10368K, reserved 1048576K
}
{Heap before GC invocations=898 (full 2):
 PSYoungGen      total 71680K, used 70528K [0x00000000fb800000, 0x0000000100000000, 0x0000000100000000)
  eden space 69632K, 100% used [0x00000000fb800000,0x00000000ffc00000,0x00000000ffc00000)
  from space 2048K, 43% used [0x00000000ffc00000,0x00000000ffce0000,0x00000000ffe00000)
  to   space 2048K, 0% used [0x00000000ffe00000,0x00000000ffe00000,0x0000000100000000)
 ParOldGen       total 114688K, used 92604K [0x00000000f4800000, 0x00000000fb800000, 0x00000000fb800000)
  object space 114688K, 80% used [0x00000000f4800000,0x00000000fa26f170,0x00000000fb800000)
 Metaspace       used 75317K, capacity 79528K, committed 80000K, reserved 1118208K
  class space    used 9478K, capacity 10201K, committed 10368K, reserved 1048576K
2024-06-11T21:42:45.725+0800: 3824.939: [GC (Allocation Failure) [PSYoungGen: 70528K->960K(71680K)] 163132K->93644K(186368K), 0.0049963 secs] [Times: user=0.01 sys=0.00, real=0.00 secs] 
Heap after GC invocations=898 (full 2):
 PSYoungGen      total 71680K, used 960K [0x00000000fb800000, 0x0000000100000000, 0x0000000100000000)
  eden space 69632K, 0% used [0x00000000fb800000,0x00000000fb800000,0x00000000ffc00000)
  from space 2048K, 46% used [0x00000000ffe00000,0x00000000ffef0000,0x0000000100000000)
  to   space 2048K, 0% used [0x00000000ffc00000,0x00000000ffc00000,0x00000000ffe00000)
 ParOldGen       total 114688K, used 92684K [0x00000000f4800000, 0x00000000fb800000, 0x00000000fb800000)
  object space 114688K, 80% used [0x00000000f4800000,0x00000000fa283170,0x00000000fb800000)
 Metaspace       used 75317K, capacity 79528K, committed 80000K, reserved 1118208K
  class space    used 9478K, capacity 10201K, committed 10368K, reserved 1048576K
}
{Heap before GC invocations=899 (full 2):
 PSYoungGen      total 71680K, used 70592K [0x00000000fb800000, 0x0000000100000000, 0x0000000100000000)
  eden space 69632K, 100% used [0x00000000fb800000,0x00000000ffc00000,0x00000000ffc00000)
  from space 2048K, 46% used [0x00000000ffe00000,0x00000000ffef0000,0x0000000100000000)
  to   space 2048K, 0% used [0x00000000ffc00000,0x00000000ffc00000,0x00000000ffe00000)
 ParOldGen       total 114688K, used 92684K [0x00000000f4800000, 0x00000000fb800000, 0x00000000fb800000)
  object space 114688K, 80% used [0x00000000f4800000,0x00000000fa283170,0x00000000fb800000)
 Metaspace       used 75317K, capacity 79528K, committed 80000K, reserved 1118208K
  class space    used 9478K, capacity 10201K, committed 10368K, reserved 1048576K
2024-06-11T21:42:49.836+0800: 3829.049: [GC (Allocation Failure) [PSYoungGen: 70592K->928K(71680K)] 163276K->93700K(186368K), 0.0057436 secs] [Times: user=0.01 sys=0.00, real=0.01 secs] 
Heap after GC invocations=899 (full 2):
 PSYoungGen      total 71680K, used 928K [0x00000000fb800000, 0x0000000100000000, 0x0000000100000000)
  eden space 69632K, 0% used [0x00000000fb800000,0x00000000fb800000,0x00000000ffc00000)
  from space 2048K, 45% used [0x00000000ffc00000,0x00000000ffce8000,0x00000000ffe00000)
  to   space 2048K, 0% used [0x00000000ffe00000,0x00000000ffe00000,0x0000000100000000)
 ParOldGen       total 114688K, used 92772K [0x00000000f4800000, 0x00000000fb800000, 0x00000000fb800000)
  object space 114688K, 80% used [0x00000000f4800000,0x00000000fa299170,0x00000000fb800000)
 Metaspace       used 75317K, capacity 79528K, committed 80000K, reserved 1118208K
  class space    used 9478K, capacity 10201K, committed 10368K, reserved 1048576K
}
{Heap before GC invocations=900 (full 2):
 PSYoungGen      total 71680K, used 70560K [0x00000000fb800000, 0x0000000100000000, 0x0000000100000000)
  eden space 69632K, 100% used [0x00000000fb800000,0x00000000ffc00000,0x00000000ffc00000)
  from space 2048K, 45% used [0x00000000ffc00000,0x00000000ffce8000,0x00000000ffe00000)
  to   space 2048K, 0% used [0x00000000ffe00000,0x00000000ffe00000,0x0000000100000000)
 ParOldGen       total 114688K, used 92772K [0x00000000f4800000, 0x00000000fb800000, 0x00000000fb800000)
  object space 114688K, 80% used [0x00000000f4800000,0x00000000fa299170,0x00000000fb800000)
 Metaspace       used 75321K, capacity 79536K, committed 80000K, reserved 1118208K
  class space    used 9478K, capacity 10201K, committed 10368K, reserved 1048576K
2024-06-11T21:42:54.348+0800: 3833.561: [GC (Allocation Failure) [PSYoungGen: 70560K->960K(71680K)] 163332K->93812K(186368K), 0.0053951 secs] [Times: user=0.01 sys=0.00, real=0.01 secs] 
Heap after GC invocations=900 (full 2):
 PSYoungGen      total 71680K, used 960K [0x00000000fb800000, 0x0000000100000000, 0x0000000100000000)
  eden space 69632K, 0% used [0x00000000fb800000,0x00000000fb800000,0x00000000ffc00000)
  from space 2048K, 46% used [0x00000000ffe00000,0x00000000ffef0000,0x0000000100000000)
  to   space 2048K, 0% used [0x00000000ffc00000,0x00000000ffc00000,0x00000000ffe00000)
 ParOldGen       total 114688K, used 92852K [0x00000000f4800000, 0x00000000fb800000, 0x00000000fb800000)
  object space 114688K, 80% used [0x00000000f4800000,0x00000000fa2ad170,0x00000000fb800000)
 Metaspace       used 75321K, capacity 79536K, committed 80000K, reserved 1118208K
  class space    used 9478K, capacity 10201K, committed 10368K, reserved 1048576K
}
{Heap before GC invocations=901 (full 2):
 PSYoungGen      total 71680K, used 70592K [0x00000000fb800000, 0x0000000100000000, 0x0000000100000000)
  eden space 69632K, 100% used [0x00000000fb800000,0x00000000ffc00000,0x00000000ffc00000)
  from space 2048K, 46% used [0x00000000ffe00000,0x00000000ffef0000,0x0000000100000000)
  to   space 2048K, 0% used [0x00000000ffc00000,0x00000000ffc00000,0x00000000ffe00000)
 ParOldGen       total 114688K, used 92852K [0x00000000f4800000, 0x00000000fb800000, 0x00000000fb800000)
  object space 114688K, 80% used [0x00000000f4800000,0x00000000fa2ad170,0x00000000fb800000)
 Metaspace       used 75321K, capacity 79536K, committed 80000K, reserved 1118208K
  class space    used 9478K, capacity 10201K, committed 10368K, reserved 1048576K
2024-06-11T21:42:58.746+0800: 3837.959: [GC (Allocation Failure) [PSYoungGen: 70592K->928K(71680K)] 163444K->93860K(186368K), 0.0051338 secs] [Times: user=0.01 sys=0.00, real=0.01 secs] 
Heap after GC invocations=901 (full 2):
 PSYoungGen      total 71680K, used 928K [0x00000000fb800000, 0x0000000100000000, 0x0000000100000000)
  eden space 69632K, 0% used [0x00000000fb800000,0x00000000fb800000,0x00000000ffc00000)
  from space 2048K, 45% used [0x00000000ffc00000,0x00000000ffce8000,0x00000000ffe00000)
  to   space 2048K, 0% used [0x00000000ffe00000,0x00000000ffe00000,0x0000000100000000)
 ParOldGen       total 114688K, used 92932K [0x00000000f4800000, 0x00000000fb800000, 0x00000000fb800000)
  object space 114688K, 81% used [0x00000000f4800000,0x00000000fa2c1170,0x00000000fb800000)
 Metaspace       used 75321K, capacity 79536K, committed 80000K, reserved 1118208K
  class space    used 9478K, capacity 10201K, committed 10368K, reserved 1048576K
}
{Heap before GC invocations=902 (full 2):
 PSYoungGen      total 71680K, used 70560K [0x00000000fb800000, 0x0000000100000000, 0x0000000100000000)
  eden space 69632K, 100% used [0x00000000fb800000,0x00000000ffc00000,0x00000000ffc00000)
  from space 2048K, 45% used [0x00000000ffc00000,0x00000000ffce8000,0x00000000ffe00000)
  to   space 2048K, 0% used [0x00000000ffe00000,0x00000000ffe00000,0x0000000100000000)
 ParOldGen       total 114688K, used 92932K [0x00000000f4800000, 0x00000000fb800000, 0x00000000fb800000)
  object space 114688K, 81% used [0x00000000f4800000,0x00000000fa2c1170,0x00000000fb800000)
 Metaspace       used 75321K, capacity 79536K, committed 80000K, reserved 1118208K
  class space    used 9478K, capacity 10201K, committed 10368K, reserved 1048576K
2024-06-11T21:43:02.891+0800: 3842.104: [GC (Allocation Failure) [PSYoungGen: 70560K->896K(71680K)] 163492K->93908K(186368K), 0.0050257 secs] [Times: user=0.01 sys=0.00, real=0.00 secs] 
Heap after GC invocations=902 (full 2):
 PSYoungGen      total 71680K, used 896K [0x00000000fb800000, 0x0000000100000000, 0x0000000100000000)
  eden space 69632K, 0% used [0x00000000fb800000,0x00000000fb800000,0x00000000ffc00000)
  from space 2048K, 43% used [0x00000000ffe00000,0x00000000ffee0000,0x0000000100000000)
  to   space 2048K, 0% used [0x00000000ffc00000,0x00000000ffc00000,0x00000000ffe00000)
 ParOldGen       total 114688K, used 93012K [0x00000000f4800000, 0x00000000fb800000, 0x00000000fb800000)
  object space 114688K, 81% used [0x00000000f4800000,0x00000000fa2d5170,0x00000000fb800000)
 Metaspace       used 75321K, capacity 79536K, committed 80000K, reserved 1118208K
  class space    used 9478K, capacity 10201K, committed 10368K, reserved 1048576K
}
{Heap before GC invocations=903 (full 2):
 PSYoungGen      total 71680K, used 70528K [0x00000000fb800000, 0x0000000100000000, 0x0000000100000000)
  eden space 69632K, 100% used [0x00000000fb800000,0x00000000ffc00000,0x00000000ffc00000)
  from space 2048K, 43% used [0x00000000ffe00000,0x00000000ffee0000,0x0000000100000000)
  to   space 2048K, 0% used [0x00000000ffc00000,0x00000000ffc00000,0x00000000ffe00000)
 ParOldGen       total 114688K, used 93012K [0x00000000f4800000, 0x00000000fb800000, 0x00000000fb800000)
  object space 114688K, 81% used [0x00000000f4800000,0x00000000fa2d5170,0x00000000fb800000)
 Metaspace       used 75321K, capacity 79536K, committed 80000K, reserved 1118208K
  class space    used 9478K, capacity 10201K, committed 10368K, reserved 1048576K
2024-06-11T21:43:07.147+0800: 3846.361: [GC (Allocation Failure) [PSYoungGen: 70528K->928K(71680K)] 163540K->94020K(186368K), 0.0051669 secs] [Times: user=0.01 sys=0.00, real=0.01 secs] 
Heap after GC invocations=903 (full 2):
 PSYoungGen      total 71680K, used 928K [0x00000000fb800000, 0x0000000100000000, 0x0000000100000000)
  eden space 69632K, 0% used [0x00000000fb800000,0x00000000fb800000,0x00000000ffc00000)
  from space 2048K, 45% used [0x00000000ffc00000,0x00000000ffce8000,0x00000000ffe00000)
  to   space 2048K, 0% used [0x00000000ffe00000,0x00000000ffe00000,0x0000000100000000)
 ParOldGen       total 114688K, used 93092K [0x00000000f4800000, 0x00000000fb800000, 0x00000000fb800000)
  object space 114688K, 81% used [0x00000000f4800000,0x00000000fa2e9170,0x00000000fb800000)
 Metaspace       used 75321K, capacity 79536K, committed 80000K, reserved 1118208K
  class space    used 9478K, capacity 10201K, committed 10368K, reserved 1048576K
}
{Heap before GC invocations=904 (full 2):
 PSYoungGen      total 71680K, used 70560K [0x00000000fb800000, 0x0000000100000000, 0x0000000100000000)
  eden space 69632K, 100% used [0x00000000fb800000,0x00000000ffc00000,0x00000000ffc00000)
  from space 2048K, 45% used [0x00000000ffc00000,0x00000000ffce8000,0x00000000ffe00000)
  to   space 2048K, 0% used [0x00000000ffe00000,0x00000000ffe00000,0x0000000100000000)
 ParOldGen       total 114688K, used 93092K [0x00000000f4800000, 0x00000000fb800000, 0x00000000fb800000)
  object space 114688K, 81% used [0x00000000f4800000,0x00000000fa2e9170,0x00000000fb800000)
 Metaspace       used 75321K, capacity 79536K, committed 80000K, reserved 1118208K
  class space    used 9478K, capacity 10201K, committed 10368K, reserved 1048576K
2024-06-11T21:43:11.457+0800: 3850.670: [GC (Allocation Failure) [PSYoungGen: 70560K->928K(71680K)] 163652K->94108K(186368K), 0.0051071 secs] [Times: user=0.01 sys=0.00, real=0.01 secs] 
Heap after GC invocations=904 (full 2):
 PSYoungGen      total 71680K, used 928K [0x00000000fb800000, 0x0000000100000000, 0x0000000100000000)
  eden space 69632K, 0% used [0x00000000fb800000,0x00000000fb800000,0x00000000ffc00000)
  from space 2048K, 45% used [0x00000000ffe00000,0x00000000ffee8000,0x0000000100000000)
  to   space 2048K, 0% used [0x00000000ffc00000,0x00000000ffc00000,0x00000000ffe00000)
 ParOldGen       total 114688K, used 93180K [0x00000000f4800000, 0x00000000fb800000, 0x00000000fb800000)
  object space 114688K, 81% used [0x00000000f4800000,0x00000000fa2ff170,0x00000000fb800000)
 Metaspace       used 75321K, capacity 79536K, committed 80000K, reserved 1118208K
  class space    used 9478K, capacity 10201K, committed 10368K, reserved 1048576K
}
{Heap before GC invocations=905 (full 2):
 PSYoungGen      total 71680K, used 70560K [0x00000000fb800000, 0x0000000100000000, 0x0000000100000000)
  eden space 69632K, 100% used [0x00000000fb800000,0x00000000ffc00000,0x00000000ffc00000)
  from space 2048K, 45% used [0x00000000ffe00000,0x00000000ffee8000,0x0000000100000000)
  to   space 2048K, 0% used [0x00000000ffc00000,0x00000000ffc00000,0x00000000ffe00000)
 ParOldGen       total 114688K, used 93180K [0x00000000f4800000, 0x00000000fb800000, 0x00000000fb800000)
  object space 114688K, 81% used [0x00000000f4800000,0x00000000fa2ff170,0x00000000fb800000)
 Metaspace       used 75321K, capacity 79536K, committed 80000K, reserved 1118208K
  class space    used 9478K, capacity 10201K, committed 10368K, reserved 1048576K
2024-06-11T21:43:15.761+0800: 3854.974: [GC (Allocation Failure) [PSYoungGen: 70560K->928K(71680K)] 163740K->94188K(186368K), 0.0050768 secs] [Times: user=0.01 sys=0.00, real=0.00 secs] 
Heap after GC invocations=905 (full 2):
 PSYoungGen      total 71680K, used 928K [0x00000000fb800000, 0x0000000100000000, 0x0000000100000000)
  eden space 69632K, 0% used [0x00000000fb800000,0x00000000fb800000,0x00000000ffc00000)
  from space 2048K, 45% used [0x00000000ffc00000,0x00000000ffce8000,0x00000000ffe00000)
  to   space 2048K, 0% used [0x00000000ffe00000,0x00000000ffe00000,0x0000000100000000)
 ParOldGen       total 114688K, used 93260K [0x00000000f4800000, 0x00000000fb800000, 0x00000000fb800000)
  object space 114688K, 81% used [0x00000000f4800000,0x00000000fa313170,0x00000000fb800000)
 Metaspace       used 75321K, capacity 79536K, committed 80000K, reserved 1118208K
  class space    used 9478K, capacity 10201K, committed 10368K, reserved 1048576K
}
{Heap before GC invocations=906 (full 2):
 PSYoungGen      total 71680K, used 70560K [0x00000000fb800000, 0x0000000100000000, 0x0000000100000000)
  eden space 69632K, 100% used [0x00000000fb800000,0x00000000ffc00000,0x00000000ffc00000)
  from space 2048K, 45% used [0x00000000ffc00000,0x00000000ffce8000,0x00000000ffe00000)
  to   space 2048K, 0% used [0x00000000ffe00000,0x00000000ffe00000,0x0000000100000000)
 ParOldGen       total 114688K, used 93260K [0x00000000f4800000, 0x00000000fb800000, 0x00000000fb800000)
  object space 114688K, 81% used [0x00000000f4800000,0x00000000fa313170,0x00000000fb800000)
 Metaspace       used 75321K, capacity 79536K, committed 80000K, reserved 1118208K
  class space    used 9478K, capacity 10201K, committed 10368K, reserved 1048576K
2024-06-11T21:43:20.075+0800: 3859.288: [GC (Allocation Failure) [PSYoungGen: 70560K->928K(72192K)] 163820K->94268K(186880K), 0.0052506 secs] [Times: user=0.01 sys=0.00, real=0.00 secs] 
Heap after GC invocations=906 (full 2):
 PSYoungGen      total 72192K, used 928K [0x00000000fb800000, 0x0000000100000000, 0x0000000100000000)
  eden space 70144K, 0% used [0x00000000fb800000,0x00000000fb800000,0x00000000ffc80000)
  from space 2048K, 45% used [0x00000000ffe00000,0x00000000ffee8000,0x0000000100000000)
  to   space 1536K, 0% used [0x00000000ffc80000,0x00000000ffc80000,0x00000000ffe00000)
 ParOldGen       total 114688K, used 93340K [0x00000000f4800000, 0x00000000fb800000, 0x00000000fb800000)
  object space 114688K, 81% used [0x00000000f4800000,0x00000000fa327170,0x00000000fb800000)
 Metaspace       used 75321K, capacity 79536K, committed 80000K, reserved 1118208K
  class space    used 9478K, capacity 10201K, committed 10368K, reserved 1048576K
}
{Heap before GC invocations=907 (full 2):
 PSYoungGen      total 72192K, used 71072K [0x00000000fb800000, 0x0000000100000000, 0x0000000100000000)
  eden space 70144K, 100% used [0x00000000fb800000,0x00000000ffc80000,0x00000000ffc80000)
  from space 2048K, 45% used [0x00000000ffe00000,0x00000000ffee8000,0x0000000100000000)
  to   space 1536K, 0% used [0x00000000ffc80000,0x00000000ffc80000,0x00000000ffe00000)
 ParOldGen       total 114688K, used 93340K [0x00000000f4800000, 0x00000000fb800000, 0x00000000fb800000)
  object space 114688K, 81% used [0x00000000f4800000,0x00000000fa327170,0x00000000fb800000)
 Metaspace       used 75321K, capacity 79536K, committed 80000K, reserved 1118208K
  class space    used 9478K, capacity 10201K, committed 10368K, reserved 1048576K
2024-06-11T21:43:24.342+0800: 3863.555: [GC (Allocation Failure) [PSYoungGen: 71072K->960K(71680K)] 164412K->94388K(186368K), 0.0065798 secs] [Times: user=0.01 sys=0.00, real=0.00 secs] 
Heap after GC invocations=907 (full 2):
 PSYoungGen      total 71680K, used 960K [0x00000000fb800000, 0x0000000100000000, 0x0000000100000000)
  eden space 70144K, 0% used [0x00000000fb800000,0x00000000fb800000,0x00000000ffc80000)
  from space 1536K, 62% used [0x00000000ffc80000,0x00000000ffd70000,0x00000000ffe00000)
  to   space 1536K, 0% used [0x00000000ffe80000,0x00000000ffe80000,0x0000000100000000)
 ParOldGen       total 114688K, used 93428K [0x00000000f4800000, 0x00000000fb800000, 0x00000000fb800000)
  object space 114688K, 81% used [0x00000000f4800000,0x00000000fa33d170,0x00000000fb800000)
 Metaspace       used 75321K, capacity 79536K, committed 80000K, reserved 1118208K
  class space    used 9478K, capacity 10201K, committed 10368K, reserved 1048576K
}
{Heap before GC invocations=908 (full 2):
 PSYoungGen      total 71680K, used 71104K [0x00000000fb800000, 0x0000000100000000, 0x0000000100000000)
  eden space 70144K, 100% used [0x00000000fb800000,0x00000000ffc80000,0x00000000ffc80000)
  from space 1536K, 62% used [0x00000000ffc80000,0x00000000ffd70000,0x00000000ffe00000)
  to   space 1536K, 0% used [0x00000000ffe80000,0x00000000ffe80000,0x0000000100000000)
 ParOldGen       total 114688K, used 93428K [0x00000000f4800000, 0x00000000fb800000, 0x00000000fb800000)
  object space 114688K, 81% used [0x00000000f4800000,0x00000000fa33d170,0x00000000fb800000)
 Metaspace       used 75321K, capacity 79536K, committed 80000K, reserved 1118208K
  class space    used 9478K, capacity 10201K, committed 10368K, reserved 1048576K
2024-06-11T21:43:28.757+0800: 3867.971: [GC (Allocation Failure) [PSYoungGen: 71104K->1536K(71168K)] 164532K->95268K(185856K), 0.0059792 secs] [Times: user=0.01 sys=0.01, real=0.01 secs] 
Heap after GC invocations=908 (full 2):
 PSYoungGen      total 71168K, used 1536K [0x00000000fb800000, 0x0000000100000000, 0x0000000100000000)
  eden space 69632K, 0% used [0x00000000fb800000,0x00000000fb800000,0x00000000ffc00000)
  from space 1536K, 100% used [0x00000000ffe80000,0x0000000100000000,0x0000000100000000)
  to   space 2048K, 0% used [0x00000000ffc00000,0x00000000ffc00000,0x00000000ffe00000)
 ParOldGen       total 114688K, used 93732K [0x00000000f4800000, 0x00000000fb800000, 0x00000000fb800000)
  object space 114688K, 81% used [0x00000000f4800000,0x00000000fa389170,0x00000000fb800000)
 Metaspace       used 75321K, capacity 79536K, committed 80000K, reserved 1118208K
  class space    used 9478K, capacity 10201K, committed 10368K, reserved 1048576K
}
{Heap before GC invocations=909 (full 2):
 PSYoungGen      total 71168K, used 71168K [0x00000000fb800000, 0x0000000100000000, 0x0000000100000000)
  eden space 69632K, 100% used [0x00000000fb800000,0x00000000ffc00000,0x00000000ffc00000)
  from space 1536K, 100% used [0x00000000ffe80000,0x0000000100000000,0x0000000100000000)
  to   space 2048K, 0% used [0x00000000ffc00000,0x00000000ffc00000,0x00000000ffe00000)
 ParOldGen       total 114688K, used 93732K [0x00000000f4800000, 0x00000000fb800000, 0x00000000fb800000)
  object space 114688K, 81% used [0x00000000f4800000,0x00000000fa389170,0x00000000fb800000)
 Metaspace       used 75321K, capacity 79536K, committed 80000K, reserved 1118208K
  class space    used 9478K, capacity 10201K, committed 10368K, reserved 1048576K
2024-06-11T21:43:32.892+0800: 3872.106: [GC (Allocation Failure) [PSYoungGen: 71168K->2048K(70144K)] 164900K->97396K(184832K), 0.0086303 secs] [Times: user=0.01 sys=0.00, real=0.01 secs] 
Heap after GC invocations=909 (full 2):
 PSYoungGen      total 70144K, used 2048K [0x00000000fb800000, 0x0000000100000000, 0x0000000100000000)
  eden space 68096K, 0% used [0x00000000fb800000,0x00000000fb800000,0x00000000ffa80000)
  from space 2048K, 100% used [0x00000000ffc00000,0x00000000ffe00000,0x00000000ffe00000)
  to   space 2048K, 0% used [0x00000000ffe00000,0x00000000ffe00000,0x0000000100000000)
 ParOldGen       total 114688K, used 95348K [0x00000000f4800000, 0x00000000fb800000, 0x00000000fb800000)
  object space 114688K, 83% used [0x00000000f4800000,0x00000000fa51d170,0x00000000fb800000)
 Metaspace       used 75321K, capacity 79536K, committed 80000K, reserved 1118208K
  class space    used 9478K, capacity 10201K, committed 10368K, reserved 1048576K
}
{Heap before GC invocations=910 (full 2):
 PSYoungGen      total 70144K, used 70144K [0x00000000fb800000, 0x0000000100000000, 0x0000000100000000)
  eden space 68096K, 100% used [0x00000000fb800000,0x00000000ffa80000,0x00000000ffa80000)
  from space 2048K, 100% used [0x00000000ffc00000,0x00000000ffe00000,0x00000000ffe00000)
  to   space 2048K, 0% used [0x00000000ffe00000,0x00000000ffe00000,0x0000000100000000)
 ParOldGen       total 114688K, used 95348K [0x00000000f4800000, 0x00000000fb800000, 0x00000000fb800000)
  object space 114688K, 83% used [0x00000000f4800000,0x00000000fa51d170,0x00000000fb800000)
 Metaspace       used 75321K, capacity 79536K, committed 80000K, reserved 1118208K
  class space    used 9478K, capacity 10201K, committed 10368K, reserved 1048576K
2024-06-11T21:43:37.182+0800: 3876.395: [GC (Allocation Failure) [PSYoungGen: 70144K->1248K(70656K)] 165492K->98236K(185344K), 0.0067684 secs] [Times: user=0.01 sys=0.00, real=0.00 secs] 
Heap after GC invocations=910 (full 2):
 PSYoungGen      total 70656K, used 1248K [0x00000000fb800000, 0x0000000100000000, 0x0000000100000000)
  eden space 68608K, 0% used [0x00000000fb800000,0x00000000fb800000,0x00000000ffb00000)
  from space 2048K, 60% used [0x00000000ffe00000,0x00000000fff38000,0x0000000100000000)
  to   space 2560K, 0% used [0x00000000ffb00000,0x00000000ffb00000,0x00000000ffd80000)
 ParOldGen       total 114688K, used 96988K [0x00000000f4800000, 0x00000000fb800000, 0x00000000fb800000)
  object space 114688K, 84% used [0x00000000f4800000,0x00000000fa6b7170,0x00000000fb800000)
 Metaspace       used 75321K, capacity 79536K, committed 80000K, reserved 1118208K
  class space    used 9478K, capacity 10201K, committed 10368K, reserved 1048576K
}
{Heap before GC invocations=911 (full 2):
 PSYoungGen      total 70656K, used 69856K [0x00000000fb800000, 0x0000000100000000, 0x0000000100000000)
  eden space 68608K, 100% used [0x00000000fb800000,0x00000000ffb00000,0x00000000ffb00000)
  from space 2048K, 60% used [0x00000000ffe00000,0x00000000fff38000,0x0000000100000000)
  to   space 2560K, 0% used [0x00000000ffb00000,0x00000000ffb00000,0x00000000ffd80000)
 ParOldGen       total 114688K, used 96988K [0x00000000f4800000, 0x00000000fb800000, 0x00000000fb800000)
  object space 114688K, 84% used [0x00000000f4800000,0x00000000fa6b7170,0x00000000fb800000)
 Metaspace       used 75323K, capacity 79544K, committed 80000K, reserved 1118208K
  class space    used 9478K, capacity 10201K, committed 10368K, reserved 1048576K
2024-06-11T21:43:41.418+0800: 3880.631: [GC (Allocation Failure) [PSYoungGen: 69856K->928K(71168K)] 166844K->98292K(185856K), 0.0065242 secs] [Times: user=0.01 sys=0.00, real=0.01 secs] 
Heap after GC invocations=911 (full 2):
 PSYoungGen      total 71168K, used 928K [0x00000000fb800000, 0x0000000100000000, 0x0000000100000000)
  eden space 68608K, 0% used [0x00000000fb800000,0x00000000fb800000,0x00000000ffb00000)
  from space 2560K, 36% used [0x00000000ffb00000,0x00000000ffbe8000,0x00000000ffd80000)
  to   space 2560K, 0% used [0x00000000ffd80000,0x00000000ffd80000,0x0000000100000000)
 ParOldGen       total 114688K, used 97364K [0x00000000f4800000, 0x00000000fb800000, 0x00000000fb800000)
  object space 114688K, 84% used [0x00000000f4800000,0x00000000fa715170,0x00000000fb800000)
 Metaspace       used 75323K, capacity 79544K, committed 80000K, reserved 1118208K
  class space    used 9478K, capacity 10201K, committed 10368K, reserved 1048576K
}
{Heap before GC invocations=912 (full 2):
 PSYoungGen      total 71168K, used 69536K [0x00000000fb800000, 0x0000000100000000, 0x0000000100000000)
  eden space 68608K, 100% used [0x00000000fb800000,0x00000000ffb00000,0x00000000ffb00000)
  from space 2560K, 36% used [0x00000000ffb00000,0x00000000ffbe8000,0x00000000ffd80000)
  to   space 2560K, 0% used [0x00000000ffd80000,0x00000000ffd80000,0x0000000100000000)
 ParOldGen       total 114688K, used 97364K [0x00000000f4800000, 0x00000000fb800000, 0x00000000fb800000)
  object space 114688K, 84% used [0x00000000f4800000,0x00000000fa715170,0x00000000fb800000)
 Metaspace       used 75323K, capacity 79544K, committed 80000K, reserved 1118208K
  class space    used 9478K, capacity 10201K, committed 10368K, reserved 1048576K
2024-06-11T21:43:45.517+0800: 3884.730: [GC (Allocation Failure) [PSYoungGen: 69536K->928K(71168K)] 166900K->98372K(185856K), 0.0052457 secs] [Times: user=0.01 sys=0.00, real=0.01 secs] 
Heap after GC invocations=912 (full 2):
 PSYoungGen      total 71168K, used 928K [0x00000000fb800000, 0x0000000100000000, 0x0000000100000000)
  eden space 68608K, 0% used [0x00000000fb800000,0x00000000fb800000,0x00000000ffb00000)
  from space 2560K, 36% used [0x00000000ffd80000,0x00000000ffe68000,0x0000000100000000)
  to   space 2560K, 0% used [0x00000000ffb00000,0x00000000ffb00000,0x00000000ffd80000)
 ParOldGen       total 114688K, used 97444K [0x00000000f4800000, 0x00000000fb800000, 0x00000000fb800000)
  object space 114688K, 84% used [0x00000000f4800000,0x00000000fa729170,0x00000000fb800000)
 Metaspace       used 75323K, capacity 79544K, committed 80000K, reserved 1118208K
  class space    used 9478K, capacity 10201K, committed 10368K, reserved 1048576K
}
{Heap before GC invocations=913 (full 2):
 PSYoungGen      total 71168K, used 69536K [0x00000000fb800000, 0x0000000100000000, 0x0000000100000000)
  eden space 68608K, 100% used [0x00000000fb800000,0x00000000ffb00000,0x00000000ffb00000)
  from space 2560K, 36% used [0x00000000ffd80000,0x00000000ffe68000,0x0000000100000000)
  to   space 2560K, 0% used [0x00000000ffb00000,0x00000000ffb00000,0x00000000ffd80000)
 ParOldGen       total 114688K, used 97444K [0x00000000f4800000, 0x00000000fb800000, 0x00000000fb800000)
  object space 114688K, 84% used [0x00000000f4800000,0x00000000fa729170,0x00000000fb800000)
 Metaspace       used 75323K, capacity 79544K, committed 80000K, reserved 1118208K
  class space    used 9478K, capacity 10201K, committed 10368K, reserved 1048576K
2024-06-11T21:43:49.852+0800: 3889.066: [GC (Allocation Failure) [PSYoungGen: 69536K->928K(71168K)] 166980K->98444K(185856K), 0.0052279 secs] [Times: user=0.00 sys=0.00, real=0.00 secs] 
Heap after GC invocations=913 (full 2):
 PSYoungGen      total 71168K, used 928K [0x00000000fb800000, 0x0000000100000000, 0x0000000100000000)
  eden space 68608K, 0% used [0x00000000fb800000,0x00000000fb800000,0x00000000ffb00000)
  from space 2560K, 36% used [0x00000000ffb00000,0x00000000ffbe8000,0x00000000ffd80000)
  to   space 2560K, 0% used [0x00000000ffd80000,0x00000000ffd80000,0x0000000100000000)
 ParOldGen       total 114688K, used 97516K [0x00000000f4800000, 0x00000000fb800000, 0x00000000fb800000)
  object space 114688K, 85% used [0x00000000f4800000,0x00000000fa73b170,0x00000000fb800000)
 Metaspace       used 75323K, capacity 79544K, committed 80000K, reserved 1118208K
  class space    used 9478K, capacity 10201K, committed 10368K, reserved 1048576K
}
{Heap before GC invocations=914 (full 2):
 PSYoungGen      total 71168K, used 69536K [0x00000000fb800000, 0x0000000100000000, 0x0000000100000000)
  eden space 68608K, 100% used [0x00000000fb800000,0x00000000ffb00000,0x00000000ffb00000)
  from space 2560K, 36% used [0x00000000ffb00000,0x00000000ffbe8000,0x00000000ffd80000)
  to   space 2560K, 0% used [0x00000000ffd80000,0x00000000ffd80000,0x0000000100000000)
 ParOldGen       total 114688K, used 97516K [0x00000000f4800000, 0x00000000fb800000, 0x00000000fb800000)
  object space 114688K, 85% used [0x00000000f4800000,0x00000000fa73b170,0x00000000fb800000)
 Metaspace       used 75323K, capacity 79544K, committed 80000K, reserved 1118208K
  class space    used 9478K, capacity 10201K, committed 10368K, reserved 1048576K
2024-06-11T21:43:54.103+0800: 3893.316: [GC (Allocation Failure) [PSYoungGen: 69536K->960K(71168K)] 167052K->98548K(185856K), 0.0052411 secs] [Times: user=0.01 sys=0.00, real=0.00 secs] 
Heap after GC invocations=914 (full 2):
 PSYoungGen      total 71168K, used 960K [0x00000000fb800000, 0x0000000100000000, 0x0000000100000000)
  eden space 68608K, 0% used [0x00000000fb800000,0x00000000fb800000,0x00000000ffb00000)
  from space 2560K, 37% used [0x00000000ffd80000,0x00000000ffe70000,0x0000000100000000)
  to   space 2560K, 0% used [0x00000000ffb00000,0x00000000ffb00000,0x00000000ffd80000)
 ParOldGen       total 114688K, used 97588K [0x00000000f4800000, 0x00000000fb800000, 0x00000000fb800000)
  object space 114688K, 85% used [0x00000000f4800000,0x00000000fa74d170,0x00000000fb800000)
 Metaspace       used 75323K, capacity 79544K, committed 80000K, reserved 1118208K
  class space    used 9478K, capacity 10201K, committed 10368K, reserved 1048576K
}
{Heap before GC invocations=915 (full 2):
 PSYoungGen      total 71168K, used 69568K [0x00000000fb800000, 0x0000000100000000, 0x0000000100000000)
  eden space 68608K, 100% used [0x00000000fb800000,0x00000000ffb00000,0x00000000ffb00000)
  from space 2560K, 37% used [0x00000000ffd80000,0x00000000ffe70000,0x0000000100000000)
  to   space 2560K, 0% used [0x00000000ffb00000,0x00000000ffb00000,0x00000000ffd80000)
 ParOldGen       total 114688K, used 97588K [0x00000000f4800000, 0x00000000fb800000, 0x00000000fb800000)
  object space 114688K, 85% used [0x00000000f4800000,0x00000000fa74d170,0x00000000fb800000)
 Metaspace       used 75323K, capacity 79544K, committed 80000K, reserved 1118208K
  class space    used 9478K, capacity 10201K, committed 10368K, reserved 1048576K
2024-06-11T21:43:58.438+0800: 3897.651: [GC (Allocation Failure) [PSYoungGen: 69568K->928K(71168K)] 167156K->98604K(185856K), 0.0052334 secs] [Times: user=0.01 sys=0.00, real=0.01 secs] 
Heap after GC invocations=915 (full 2):
 PSYoungGen      total 71168K, used 928K [0x00000000fb800000, 0x0000000100000000, 0x0000000100000000)
  eden space 68608K, 0% used [0x00000000fb800000,0x00000000fb800000,0x00000000ffb00000)
  from space 2560K, 36% used [0x00000000ffb00000,0x00000000ffbe8000,0x00000000ffd80000)
  to   space 2560K, 0% used [0x00000000ffd80000,0x00000000ffd80000,0x0000000100000000)
 ParOldGen       total 114688K, used 97676K [0x00000000f4800000, 0x00000000fb800000, 0x00000000fb800000)
  object space 114688K, 85% used [0x00000000f4800000,0x00000000fa763170,0x00000000fb800000)
 Metaspace       used 75323K, capacity 79544K, committed 80000K, reserved 1118208K
  class space    used 9478K, capacity 10201K, committed 10368K, reserved 1048576K
}
{Heap before GC invocations=916 (full 2):
 PSYoungGen      total 71168K, used 69536K [0x00000000fb800000, 0x0000000100000000, 0x0000000100000000)
  eden space 68608K, 100% used [0x00000000fb800000,0x00000000ffb00000,0x00000000ffb00000)
  from space 2560K, 36% used [0x00000000ffb00000,0x00000000ffbe8000,0x00000000ffd80000)
  to   space 2560K, 0% used [0x00000000ffd80000,0x00000000ffd80000,0x0000000100000000)
 ParOldGen       total 114688K, used 97676K [0x00000000f4800000, 0x00000000fb800000, 0x00000000fb800000)
  object space 114688K, 85% used [0x00000000f4800000,0x00000000fa763170,0x00000000fb800000)
 Metaspace       used 75323K, capacity 79544K, committed 80000K, reserved 1118208K
  class space    used 9478K, capacity 10201K, committed 10368K, reserved 1048576K
2024-06-11T21:44:02.480+0800: 3901.694: [GC (Allocation Failure) [PSYoungGen: 69536K->928K(71168K)] 167212K->98676K(185856K), 0.0051056 secs] [Times: user=0.01 sys=0.00, real=0.01 secs] 
Heap after GC invocations=916 (full 2):
 PSYoungGen      total 71168K, used 928K [0x00000000fb800000, 0x0000000100000000, 0x0000000100000000)
  eden space 68608K, 0% used [0x00000000fb800000,0x00000000fb800000,0x00000000ffb00000)
  from space 2560K, 36% used [0x00000000ffd80000,0x00000000ffe68000,0x0000000100000000)
  to   space 2560K, 0% used [0x00000000ffb00000,0x00000000ffb00000,0x00000000ffd80000)
 ParOldGen       total 114688K, used 97748K [0x00000000f4800000, 0x00000000fb800000, 0x00000000fb800000)
  object space 114688K, 85% used [0x00000000f4800000,0x00000000fa775170,0x00000000fb800000)
 Metaspace       used 75323K, capacity 79544K, committed 80000K, reserved 1118208K
  class space    used 9478K, capacity 10201K, committed 10368K, reserved 1048576K
}
{Heap before GC invocations=917 (full 2):
 PSYoungGen      total 71168K, used 69536K [0x00000000fb800000, 0x0000000100000000, 0x0000000100000000)
  eden space 68608K, 100% used [0x00000000fb800000,0x00000000ffb00000,0x00000000ffb00000)
  from space 2560K, 36% used [0x00000000ffd80000,0x00000000ffe68000,0x0000000100000000)
  to   space 2560K, 0% used [0x00000000ffb00000,0x00000000ffb00000,0x00000000ffd80000)
 ParOldGen       total 114688K, used 97748K [0x00000000f4800000, 0x00000000fb800000, 0x00000000fb800000)
  object space 114688K, 85% used [0x00000000f4800000,0x00000000fa775170,0x00000000fb800000)
 Metaspace       used 75323K, capacity 79544K, committed 80000K, reserved 1118208K
  class space    used 9478K, capacity 10201K, committed 10368K, reserved 1048576K
2024-06-11T21:44:06.835+0800: 3906.048: [GC (Allocation Failure) [PSYoungGen: 69536K->960K(71168K)] 167284K->98788K(185856K), 0.0052367 secs] [Times: user=0.01 sys=0.00, real=0.00 secs] 
Heap after GC invocations=917 (full 2):
 PSYoungGen      total 71168K, used 960K [0x00000000fb800000, 0x0000000100000000, 0x0000000100000000)
  eden space 68608K, 0% used [0x00000000fb800000,0x00000000fb800000,0x00000000ffb00000)
  from space 2560K, 37% used [0x00000000ffb00000,0x00000000ffbf0000,0x00000000ffd80000)
  to   space 2560K, 0% used [0x00000000ffd80000,0x00000000ffd80000,0x0000000100000000)
 ParOldGen       total 114688K, used 97828K [0x00000000f4800000, 0x00000000fb800000, 0x00000000fb800000)
  object space 114688K, 85% used [0x00000000f4800000,0x00000000fa789170,0x00000000fb800000)
 Metaspace       used 75323K, capacity 79544K, committed 80000K, reserved 1118208K
  class space    used 9478K, capacity 10201K, committed 10368K, reserved 1048576K
}
{Heap before GC invocations=918 (full 2):
 PSYoungGen      total 71168K, used 69568K [0x00000000fb800000, 0x0000000100000000, 0x0000000100000000)
  eden space 68608K, 100% used [0x00000000fb800000,0x00000000ffb00000,0x00000000ffb00000)
  from space 2560K, 37% used [0x00000000ffb00000,0x00000000ffbf0000,0x00000000ffd80000)
  to   space 2560K, 0% used [0x00000000ffd80000,0x00000000ffd80000,0x0000000100000000)
 ParOldGen       total 114688K, used 97828K [0x00000000f4800000, 0x00000000fb800000, 0x00000000fb800000)
  object space 114688K, 85% used [0x00000000f4800000,0x00000000fa789170,0x00000000fb800000)
 Metaspace       used 75323K, capacity 79544K, committed 80000K, reserved 1118208K
  class space    used 9478K, capacity 10201K, committed 10368K, reserved 1048576K
2024-06-11T21:44:11.179+0800: 3910.392: [GC (Allocation Failure) [PSYoungGen: 69568K->928K(71680K)] 167396K->98828K(186368K), 0.0068085 secs] [Times: user=0.01 sys=0.00, real=0.01 secs] 
Heap after GC invocations=918 (full 2):
 PSYoungGen      total 71680K, used 928K [0x00000000fb800000, 0x0000000100000000, 0x0000000100000000)
  eden space 69120K, 0% used [0x00000000fb800000,0x00000000fb800000,0x00000000ffb80000)
  from space 2560K, 36% used [0x00000000ffd80000,0x00000000ffe68000,0x0000000100000000)
  to   space 2048K, 0% used [0x00000000ffb80000,0x00000000ffb80000,0x00000000ffd80000)
 ParOldGen       total 114688K, used 97900K [0x00000000f4800000, 0x00000000fb800000, 0x00000000fb800000)
  object space 114688K, 85% used [0x00000000f4800000,0x00000000fa79b170,0x00000000fb800000)
 Metaspace       used 75323K, capacity 79544K, committed 80000K, reserved 1118208K
  class space    used 9478K, capacity 10201K, committed 10368K, reserved 1048576K
}
{Heap before GC invocations=919 (full 2):
 PSYoungGen      total 71680K, used 70048K [0x00000000fb800000, 0x0000000100000000, 0x0000000100000000)
  eden space 69120K, 100% used [0x00000000fb800000,0x00000000ffb80000,0x00000000ffb80000)
  from space 2560K, 36% used [0x00000000ffd80000,0x00000000ffe68000,0x0000000100000000)
  to   space 2048K, 0% used [0x00000000ffb80000,0x00000000ffb80000,0x00000000ffd80000)
 ParOldGen       total 114688K, used 97900K [0x00000000f4800000, 0x00000000fb800000, 0x00000000fb800000)
  object space 114688K, 85% used [0x00000000f4800000,0x00000000fa79b170,0x00000000fb800000)
 Metaspace       used 75323K, capacity 79544K, committed 80000K, reserved 1118208K
  class space    used 9478K, capacity 10201K, committed 10368K, reserved 1048576K
2024-06-11T21:44:15.511+0800: 3914.724: [GC (Allocation Failure) [PSYoungGen: 70048K->928K(71168K)] 167948K->98908K(185856K), 0.0051813 secs] [Times: user=0.01 sys=0.01, real=0.00 secs] 
Heap after GC invocations=919 (full 2):
 PSYoungGen      total 71168K, used 928K [0x00000000fb800000, 0x0000000100000000, 0x0000000100000000)
  eden space 69120K, 0% used [0x00000000fb800000,0x00000000fb800000,0x00000000ffb80000)
  from space 2048K, 45% used [0x00000000ffb80000,0x00000000ffc68000,0x00000000ffd80000)
  to   space 2048K, 0% used [0x00000000ffe00000,0x00000000ffe00000,0x0000000100000000)
 ParOldGen       total 114688K, used 97980K [0x00000000f4800000, 0x00000000fb800000, 0x00000000fb800000)
  object space 114688K, 85% used [0x00000000f4800000,0x00000000fa7af170,0x00000000fb800000)
 Metaspace       used 75323K, capacity 79544K, committed 80000K, reserved 1118208K
  class space    used 9478K, capacity 10201K, committed 10368K, reserved 1048576K
}
{Heap before GC invocations=920 (full 2):
 PSYoungGen      total 71168K, used 70048K [0x00000000fb800000, 0x0000000100000000, 0x0000000100000000)
  eden space 69120K, 100% used [0x00000000fb800000,0x00000000ffb80000,0x00000000ffb80000)
  from space 2048K, 45% used [0x00000000ffb80000,0x00000000ffc68000,0x00000000ffd80000)
  to   space 2048K, 0% used [0x00000000ffe00000,0x00000000ffe00000,0x0000000100000000)
 ParOldGen       total 114688K, used 97980K [0x00000000f4800000, 0x00000000fb800000, 0x00000000fb800000)
  object space 114688K, 85% used [0x00000000f4800000,0x00000000fa7af170,0x00000000fb800000)
 Metaspace       used 75323K, capacity 79544K, committed 80000K, reserved 1118208K
  class space    used 9478K, capacity 10201K, committed 10368K, reserved 1048576K
2024-06-11T21:44:19.886+0800: 3919.099: [GC (Allocation Failure) [PSYoungGen: 70048K->928K(71680K)] 168028K->98988K(186368K), 0.0051962 secs] [Times: user=0.01 sys=0.00, real=0.01 secs] 
Heap after GC invocations=920 (full 2):
 PSYoungGen      total 71680K, used 928K [0x00000000fb800000, 0x0000000100000000, 0x0000000100000000)
  eden space 69632K, 0% used [0x00000000fb800000,0x00000000fb800000,0x00000000ffc00000)
  from space 2048K, 45% used [0x00000000ffe00000,0x00000000ffee8000,0x0000000100000000)
  to   space 2048K, 0% used [0x00000000ffc00000,0x00000000ffc00000,0x00000000ffe00000)
 ParOldGen       total 114688K, used 98060K [0x00000000f4800000, 0x00000000fb800000, 0x00000000fb800000)
  object space 114688K, 85% used [0x00000000f4800000,0x00000000fa7c3170,0x00000000fb800000)
 Metaspace       used 75323K, capacity 79544K, committed 80000K, reserved 1118208K
  class space    used 9478K, capacity 10201K, committed 10368K, reserved 1048576K
}
{Heap before GC invocations=921 (full 2):
 PSYoungGen      total 71680K, used 70560K [0x00000000fb800000, 0x0000000100000000, 0x0000000100000000)
  eden space 69632K, 100% used [0x00000000fb800000,0x00000000ffc00000,0x00000000ffc00000)
  from space 2048K, 45% used [0x00000000ffe00000,0x00000000ffee8000,0x0000000100000000)
  to   space 2048K, 0% used [0x00000000ffc00000,0x00000000ffc00000,0x00000000ffe00000)
 ParOldGen       total 114688K, used 98060K [0x00000000f4800000, 0x00000000fb800000, 0x00000000fb800000)
  object space 114688K, 85% used [0x00000000f4800000,0x00000000fa7c3170,0x00000000fb800000)
 Metaspace       used 75323K, capacity 79544K, committed 80000K, reserved 1118208K
  class space    used 9478K, capacity 10201K, committed 10368K, reserved 1048576K
2024-06-11T21:44:24.195+0800: 3923.408: [GC (Allocation Failure) [PSYoungGen: 70560K->928K(71680K)] 168620K->99068K(186368K), 0.0064775 secs] [Times: user=0.01 sys=0.00, real=0.01 secs] 
Heap after GC invocations=921 (full 2):
 PSYoungGen      total 71680K, used 928K [0x00000000fb800000, 0x0000000100000000, 0x0000000100000000)
  eden space 69632K, 0% used [0x00000000fb800000,0x00000000fb800000,0x00000000ffc00000)
  from space 2048K, 45% used [0x00000000ffc00000,0x00000000ffce8000,0x00000000ffe00000)
  to   space 2048K, 0% used [0x00000000ffe00000,0x00000000ffe00000,0x0000000100000000)
 ParOldGen       total 114688K, used 98140K [0x00000000f4800000, 0x00000000fb800000, 0x00000000fb800000)
  object space 114688K, 85% used [0x00000000f4800000,0x00000000fa7d7170,0x00000000fb800000)
 Metaspace       used 75323K, capacity 79544K, committed 80000K, reserved 1118208K
  class space    used 9478K, capacity 10201K, committed 10368K, reserved 1048576K
}
{Heap before GC invocations=922 (full 2):
 PSYoungGen      total 71680K, used 70560K [0x00000000fb800000, 0x0000000100000000, 0x0000000100000000)
  eden space 69632K, 100% used [0x00000000fb800000,0x00000000ffc00000,0x00000000ffc00000)
  from space 2048K, 45% used [0x00000000ffc00000,0x00000000ffce8000,0x00000000ffe00000)
  to   space 2048K, 0% used [0x00000000ffe00000,0x00000000ffe00000,0x0000000100000000)
 ParOldGen       total 114688K, used 98140K [0x00000000f4800000, 0x00000000fb800000, 0x00000000fb800000)
  object space 114688K, 85% used [0x00000000f4800000,0x00000000fa7d7170,0x00000000fb800000)
 Metaspace       used 75323K, capacity 79544K, committed 80000K, reserved 1118208K
  class space    used 9478K, capacity 10201K, committed 10368K, reserved 1048576K
2024-06-11T21:44:28.551+0800: 3927.764: [GC (Allocation Failure) [PSYoungGen: 70560K->1440K(71680K)] 168700K->99660K(186368K), 0.0059268 secs] [Times: user=0.01 sys=0.00, real=0.00 secs] 
Heap after GC invocations=922 (full 2):
 PSYoungGen      total 71680K, used 1440K [0x00000000fb800000, 0x0000000100000000, 0x0000000100000000)
  eden space 69632K, 0% used [0x00000000fb800000,0x00000000fb800000,0x00000000ffc00000)
  from space 2048K, 70% used [0x00000000ffe00000,0x00000000fff68000,0x0000000100000000)
  to   space 2048K, 0% used [0x00000000ffc00000,0x00000000ffc00000,0x00000000ffe00000)
 ParOldGen       total 114688K, used 98220K [0x00000000f4800000, 0x00000000fb800000, 0x00000000fb800000)
  object space 114688K, 85% used [0x00000000f4800000,0x00000000fa7eb170,0x00000000fb800000)
 Metaspace       used 75323K, capacity 79544K, committed 80000K, reserved 1118208K
  class space    used 9478K, capacity 10201K, committed 10368K, reserved 1048576K
}
{Heap before GC invocations=923 (full 2):
 PSYoungGen      total 71680K, used 71072K [0x00000000fb800000, 0x0000000100000000, 0x0000000100000000)
  eden space 69632K, 100% used [0x00000000fb800000,0x00000000ffc00000,0x00000000ffc00000)
  from space 2048K, 70% used [0x00000000ffe00000,0x00000000fff68000,0x0000000100000000)
  to   space 2048K, 0% used [0x00000000ffc00000,0x00000000ffc00000,0x00000000ffe00000)
 ParOldGen       total 114688K, used 98220K [0x00000000f4800000, 0x00000000fb800000, 0x00000000fb800000)
  object space 114688K, 85% used [0x00000000f4800000,0x00000000fa7eb170,0x00000000fb800000)
 Metaspace       used 75323K, capacity 79544K, committed 80000K, reserved 1118208K
  class space    used 9478K, capacity 10201K, committed 10368K, reserved 1048576K
2024-06-11T21:44:32.870+0800: 3932.084: [GC (Allocation Failure) [PSYoungGen: 71072K->2048K(71680K)] 169292K->100988K(186368K), 0.0075512 secs] [Times: user=0.01 sys=0.00, real=0.01 secs] 
Heap after GC invocations=923 (full 2):
 PSYoungGen      total 71680K, used 2048K [0x00000000fb800000, 0x0000000100000000, 0x0000000100000000)
  eden space 69632K, 0% used [0x00000000fb800000,0x00000000fb800000,0x00000000ffc00000)
  from space 2048K, 100% used [0x00000000ffc00000,0x00000000ffe00000,0x00000000ffe00000)
  to   space 2048K, 0% used [0x00000000ffe00000,0x00000000ffe00000,0x0000000100000000)
 ParOldGen       total 114688K, used 98940K [0x00000000f4800000, 0x00000000fb800000, 0x00000000fb800000)
  object space 114688K, 86% used [0x00000000f4800000,0x00000000fa89f170,0x00000000fb800000)
 Metaspace       used 75323K, capacity 79544K, committed 80000K, reserved 1118208K
  class space    used 9478K, capacity 10201K, committed 10368K, reserved 1048576K
}
{Heap before GC invocations=924 (full 2):
 PSYoungGen      total 71680K, used 71680K [0x00000000fb800000, 0x0000000100000000, 0x0000000100000000)
  eden space 69632K, 100% used [0x00000000fb800000,0x00000000ffc00000,0x00000000ffc00000)
  from space 2048K, 100% used [0x00000000ffc00000,0x00000000ffe00000,0x00000000ffe00000)
  to   space 2048K, 0% used [0x00000000ffe00000,0x00000000ffe00000,0x0000000100000000)
 ParOldGen       total 114688K, used 98940K [0x00000000f4800000, 0x00000000fb800000, 0x00000000fb800000)
  object space 114688K, 86% used [0x00000000f4800000,0x00000000fa89f170,0x00000000fb800000)
 Metaspace       used 75323K, capacity 79544K, committed 80000K, reserved 1118208K
  class space    used 9478K, capacity 10201K, committed 10368K, reserved 1048576K
2024-06-11T21:44:37.149+0800: 3936.362: [GC (Allocation Failure) [PSYoungGen: 71680K->928K(70656K)] 170620K->101156K(185344K), 0.0082555 secs] [Times: user=0.01 sys=0.00, real=0.01 secs] 
Heap after GC invocations=924 (full 2):
 PSYoungGen      total 70656K, used 928K [0x00000000fb800000, 0x0000000100000000, 0x0000000100000000)
  eden space 68608K, 0% used [0x00000000fb800000,0x00000000fb800000,0x00000000ffb00000)
  from space 2048K, 45% used [0x00000000ffe00000,0x00000000ffee8000,0x0000000100000000)
  to   space 2560K, 0% used [0x00000000ffb00000,0x00000000ffb00000,0x00000000ffd80000)
 ParOldGen       total 114688K, used 100228K [0x00000000f4800000, 0x00000000fb800000, 0x00000000fb800000)
  object space 114688K, 87% used [0x00000000f4800000,0x00000000fa9e1170,0x00000000fb800000)
 Metaspace       used 75323K, capacity 79544K, committed 80000K, reserved 1118208K
  class space    used 9478K, capacity 10201K, committed 10368K, reserved 1048576K
}
{Heap before GC invocations=925 (full 2):
 PSYoungGen      total 70656K, used 69536K [0x00000000fb800000, 0x0000000100000000, 0x0000000100000000)
  eden space 68608K, 100% used [0x00000000fb800000,0x00000000ffb00000,0x00000000ffb00000)
  from space 2048K, 45% used [0x00000000ffe00000,0x00000000ffee8000,0x0000000100000000)
  to   space 2560K, 0% used [0x00000000ffb00000,0x00000000ffb00000,0x00000000ffd80000)
 ParOldGen       total 114688K, used 100228K [0x00000000f4800000, 0x00000000fb800000, 0x00000000fb800000)
  object space 114688K, 87% used [0x00000000f4800000,0x00000000fa9e1170,0x00000000fb800000)
 Metaspace       used 75323K, capacity 79544K, committed 80000K, reserved 1118208K
  class space    used 9478K, capacity 10201K, committed 10368K, reserved 1048576K
2024-06-11T21:44:41.392+0800: 3940.606: [GC (Allocation Failure) [PSYoungGen: 69536K->928K(71168K)] 169764K->101252K(185856K), 0.0051043 secs] [Times: user=0.01 sys=0.00, real=0.00 secs] 
Heap after GC invocations=925 (full 2):
 PSYoungGen      total 71168K, used 928K [0x00000000fb800000, 0x0000000100000000, 0x0000000100000000)
  eden space 68608K, 0% used [0x00000000fb800000,0x00000000fb800000,0x00000000ffb00000)
  from space 2560K, 36% used [0x00000000ffb00000,0x00000000ffbe8000,0x00000000ffd80000)
  to   space 2560K, 0% used [0x00000000ffd80000,0x00000000ffd80000,0x0000000100000000)
 ParOldGen       total 114688K, used 100324K [0x00000000f4800000, 0x00000000fb800000, 0x00000000fb800000)
  object space 114688K, 87% used [0x00000000f4800000,0x00000000fa9f9170,0x00000000fb800000)
 Metaspace       used 75323K, capacity 79544K, committed 80000K, reserved 1118208K
  class space    used 9478K, capacity 10201K, committed 10368K, reserved 1048576K
}
{Heap before GC invocations=926 (full 2):
 PSYoungGen      total 71168K, used 69536K [0x00000000fb800000, 0x0000000100000000, 0x0000000100000000)
  eden space 68608K, 100% used [0x00000000fb800000,0x00000000ffb00000,0x00000000ffb00000)
  from space 2560K, 36% used [0x00000000ffb00000,0x00000000ffbe8000,0x00000000ffd80000)
  to   space 2560K, 0% used [0x00000000ffd80000,0x00000000ffd80000,0x0000000100000000)
 ParOldGen       total 114688K, used 100324K [0x00000000f4800000, 0x00000000fb800000, 0x00000000fb800000)
  object space 114688K, 87% used [0x00000000f4800000,0x00000000fa9f9170,0x00000000fb800000)
 Metaspace       used 75323K, capacity 79544K, committed 80000K, reserved 1118208K
  class space    used 9478K, capacity 10201K, committed 10368K, reserved 1048576K
2024-06-11T21:44:45.547+0800: 3944.761: [GC (Allocation Failure) [PSYoungGen: 69536K->928K(71168K)] 169860K->101332K(185856K), 0.0050782 secs] [Times: user=0.01 sys=0.00, real=0.01 secs] 
Heap after GC invocations=926 (full 2):
 PSYoungGen      total 71168K, used 928K [0x00000000fb800000, 0x0000000100000000, 0x0000000100000000)
  eden space 68608K, 0% used [0x00000000fb800000,0x00000000fb800000,0x00000000ffb00000)
  from space 2560K, 36% used [0x00000000ffd80000,0x00000000ffe68000,0x0000000100000000)
  to   space 2560K, 0% used [0x00000000ffb00000,0x00000000ffb00000,0x00000000ffd80000)
 ParOldGen       total 114688K, used 100404K [0x00000000f4800000, 0x00000000fb800000, 0x00000000fb800000)
  object space 114688K, 87% used [0x00000000f4800000,0x00000000faa0d170,0x00000000fb800000)
 Metaspace       used 75323K, capacity 79544K, committed 80000K, reserved 1118208K
  class space    used 9478K, capacity 10201K, committed 10368K, reserved 1048576K
}
{Heap before GC invocations=927 (full 2):
 PSYoungGen      total 71168K, used 69536K [0x00000000fb800000, 0x0000000100000000, 0x0000000100000000)
  eden space 68608K, 100% used [0x00000000fb800000,0x00000000ffb00000,0x00000000ffb00000)
  from space 2560K, 36% used [0x00000000ffd80000,0x00000000ffe68000,0x0000000100000000)
  to   space 2560K, 0% used [0x00000000ffb00000,0x00000000ffb00000,0x00000000ffd80000)
 ParOldGen       total 114688K, used 100404K [0x00000000f4800000, 0x00000000fb800000, 0x00000000fb800000)
  object space 114688K, 87% used [0x00000000f4800000,0x00000000faa0d170,0x00000000fb800000)
 Metaspace       used 75323K, capacity 79544K, committed 80000K, reserved 1118208K
  class space    used 9478K, capacity 10201K, committed 10368K, reserved 1048576K
2024-06-11T21:44:49.882+0800: 3949.095: [GC (Allocation Failure) [PSYoungGen: 69536K->928K(71168K)] 169940K->101404K(185856K), 0.0051695 secs] [Times: user=0.01 sys=0.00, real=0.00 secs] 
Heap after GC invocations=927 (full 2):
 PSYoungGen      total 71168K, used 928K [0x00000000fb800000, 0x0000000100000000, 0x0000000100000000)
  eden space 68608K, 0% used [0x00000000fb800000,0x00000000fb800000,0x00000000ffb00000)
  from space 2560K, 36% used [0x00000000ffb00000,0x00000000ffbe8000,0x00000000ffd80000)
  to   space 2560K, 0% used [0x00000000ffd80000,0x00000000ffd80000,0x0000000100000000)
 ParOldGen       total 114688K, used 100476K [0x00000000f4800000, 0x00000000fb800000, 0x00000000fb800000)
  object space 114688K, 87% used [0x00000000f4800000,0x00000000faa1f170,0x00000000fb800000)
 Metaspace       used 75323K, capacity 79544K, committed 80000K, reserved 1118208K
  class space    used 9478K, capacity 10201K, committed 10368K, reserved 1048576K
}
{Heap before GC invocations=928 (full 2):
 PSYoungGen      total 71168K, used 69536K [0x00000000fb800000, 0x0000000100000000, 0x0000000100000000)
  eden space 68608K, 100% used [0x00000000fb800000,0x00000000ffb00000,0x00000000ffb00000)
  from space 2560K, 36% used [0x00000000ffb00000,0x00000000ffbe8000,0x00000000ffd80000)
  to   space 2560K, 0% used [0x00000000ffd80000,0x00000000ffd80000,0x0000000100000000)
 ParOldGen       total 114688K, used 100476K [0x00000000f4800000, 0x00000000fb800000, 0x00000000fb800000)
  object space 114688K, 87% used [0x00000000f4800000,0x00000000faa1f170,0x00000000fb800000)
 Metaspace       used 75323K, capacity 79544K, committed 80000K, reserved 1118208K
  class space    used 9478K, capacity 10201K, committed 10368K, reserved 1048576K
2024-06-11T21:44:53.930+0800: 3953.143: [GC (Allocation Failure) [PSYoungGen: 69536K->1454K(71168K)] 170012K->102002K(185856K), 0.0054163 secs] [Times: user=0.01 sys=0.00, real=0.01 secs] 
Heap after GC invocations=928 (full 2):
 PSYoungGen      total 71168K, used 1454K [0x00000000fb800000, 0x0000000100000000, 0x0000000100000000)
  eden space 68608K, 0% used [0x00000000fb800000,0x00000000fb800000,0x00000000ffb00000)
  from space 2560K, 56% used [0x00000000ffd80000,0x00000000ffeeb850,0x0000000100000000)
  to   space 2560K, 0% used [0x00000000ffb00000,0x00000000ffb00000,0x00000000ffd80000)
 ParOldGen       total 114688K, used 100548K [0x00000000f4800000, 0x00000000fb800000, 0x00000000fb800000)
  object space 114688K, 87% used [0x00000000f4800000,0x00000000faa31170,0x00000000fb800000)
 Metaspace       used 75323K, capacity 79544K, committed 80000K, reserved 1118208K
  class space    used 9478K, capacity 10201K, committed 10368K, reserved 1048576K
}
{Heap before GC invocations=929 (full 2):
 PSYoungGen      total 71168K, used 70062K [0x00000000fb800000, 0x0000000100000000, 0x0000000100000000)
  eden space 68608K, 100% used [0x00000000fb800000,0x00000000ffb00000,0x00000000ffb00000)
  from space 2560K, 56% used [0x00000000ffd80000,0x00000000ffeeb850,0x0000000100000000)
  to   space 2560K, 0% used [0x00000000ffb00000,0x00000000ffb00000,0x00000000ffd80000)
 ParOldGen       total 114688K, used 100548K [0x00000000f4800000, 0x00000000fb800000, 0x00000000fb800000)
  object space 114688K, 87% used [0x00000000f4800000,0x00000000faa31170,0x00000000fb800000)
 Metaspace       used 75323K, capacity 79544K, committed 80000K, reserved 1118208K
  class space    used 9478K, capacity 10201K, committed 10368K, reserved 1048576K
2024-06-11T21:44:58.402+0800: 3957.615: [GC (Allocation Failure) [PSYoungGen: 70062K->896K(71168K)] 170610K->101524K(185856K), 0.0051317 secs] [Times: user=0.01 sys=0.00, real=0.00 secs] 
Heap after GC invocations=929 (full 2):
 PSYoungGen      total 71168K, used 896K [0x00000000fb800000, 0x0000000100000000, 0x0000000100000000)
  eden space 68608K, 0% used [0x00000000fb800000,0x00000000fb800000,0x00000000ffb00000)
  from space 2560K, 35% used [0x00000000ffb00000,0x00000000ffbe0000,0x00000000ffd80000)
  to   space 2560K, 0% used [0x00000000ffd80000,0x00000000ffd80000,0x0000000100000000)
 ParOldGen       total 114688K, used 100628K [0x00000000f4800000, 0x00000000fb800000, 0x00000000fb800000)
  object space 114688K, 87% used [0x00000000f4800000,0x00000000faa45170,0x00000000fb800000)
 Metaspace       used 75323K, capacity 79544K, committed 80000K, reserved 1118208K
  class space    used 9478K, capacity 10201K, committed 10368K, reserved 1048576K
}
{Heap before GC invocations=930 (full 2):
 PSYoungGen      total 71168K, used 69504K [0x00000000fb800000, 0x0000000100000000, 0x0000000100000000)
  eden space 68608K, 100% used [0x00000000fb800000,0x00000000ffb00000,0x00000000ffb00000)
  from space 2560K, 35% used [0x00000000ffb00000,0x00000000ffbe0000,0x00000000ffd80000)
  to   space 2560K, 0% used [0x00000000ffd80000,0x00000000ffd80000,0x0000000100000000)
 ParOldGen       total 114688K, used 100628K [0x00000000f4800000, 0x00000000fb800000, 0x00000000fb800000)
  object space 114688K, 87% used [0x00000000f4800000,0x00000000faa45170,0x00000000fb800000)
 Metaspace       used 75323K, capacity 79544K, committed 80000K, reserved 1118208K
  class space    used 9478K, capacity 10201K, committed 10368K, reserved 1048576K
2024-06-11T21:45:02.632+0800: 3961.845: [GC (Allocation Failure) [PSYoungGen: 69504K->928K(71168K)] 170132K->101636K(185856K), 0.0051708 secs] [Times: user=0.01 sys=0.00, real=0.00 secs] 
Heap after GC invocations=930 (full 2):
 PSYoungGen      total 71168K, used 928K [0x00000000fb800000, 0x0000000100000000, 0x0000000100000000)
  eden space 68608K, 0% used [0x00000000fb800000,0x00000000fb800000,0x00000000ffb00000)
  from space 2560K, 36% used [0x00000000ffd80000,0x00000000ffe68000,0x0000000100000000)
  to   space 2560K, 0% used [0x00000000ffb00000,0x00000000ffb00000,0x00000000ffd80000)
 ParOldGen       total 114688K, used 100708K [0x00000000f4800000, 0x00000000fb800000, 0x00000000fb800000)
  object space 114688K, 87% used [0x00000000f4800000,0x00000000faa59170,0x00000000fb800000)
 Metaspace       used 75323K, capacity 79544K, committed 80000K, reserved 1118208K
  class space    used 9478K, capacity 10201K, committed 10368K, reserved 1048576K
}
{Heap before GC invocations=931 (full 2):
 PSYoungGen      total 71168K, used 69536K [0x00000000fb800000, 0x0000000100000000, 0x0000000100000000)
  eden space 68608K, 100% used [0x00000000fb800000,0x00000000ffb00000,0x00000000ffb00000)
  from space 2560K, 36% used [0x00000000ffd80000,0x00000000ffe68000,0x0000000100000000)
  to   space 2560K, 0% used [0x00000000ffb00000,0x00000000ffb00000,0x00000000ffd80000)
 ParOldGen       total 114688K, used 100708K [0x00000000f4800000, 0x00000000fb800000, 0x00000000fb800000)
  object space 114688K, 87% used [0x00000000f4800000,0x00000000faa59170,0x00000000fb800000)
 Metaspace       used 75323K, capacity 79544K, committed 80000K, reserved 1118208K
  class space    used 9478K, capacity 10201K, committed 10368K, reserved 1048576K
2024-06-11T21:45:06.687+0800: 3965.900: [GC (Allocation Failure) [PSYoungGen: 69536K->928K(71168K)] 170244K->101708K(185856K), 0.0051957 secs] [Times: user=0.01 sys=0.00, real=0.01 secs] 
Heap after GC invocations=931 (full 2):
 PSYoungGen      total 71168K, used 928K [0x00000000fb800000, 0x0000000100000000, 0x0000000100000000)
  eden space 68608K, 0% used [0x00000000fb800000,0x00000000fb800000,0x00000000ffb00000)
  from space 2560K, 36% used [0x00000000ffb00000,0x00000000ffbe8000,0x00000000ffd80000)
  to   space 2048K, 0% used [0x00000000ffe00000,0x00000000ffe00000,0x0000000100000000)
 ParOldGen       total 114688K, used 100780K [0x00000000f4800000, 0x00000000fb800000, 0x00000000fb800000)
  object space 114688K, 87% used [0x00000000f4800000,0x00000000faa6b170,0x00000000fb800000)
 Metaspace       used 75323K, capacity 79544K, committed 80000K, reserved 1118208K
  class space    used 9478K, capacity 10201K, committed 10368K, reserved 1048576K
}
{Heap before GC invocations=932 (full 2):
 PSYoungGen      total 71168K, used 69536K [0x00000000fb800000, 0x0000000100000000, 0x0000000100000000)
  eden space 68608K, 100% used [0x00000000fb800000,0x00000000ffb00000,0x00000000ffb00000)
  from space 2560K, 36% used [0x00000000ffb00000,0x00000000ffbe8000,0x00000000ffd80000)
  to   space 2048K, 0% used [0x00000000ffe00000,0x00000000ffe00000,0x0000000100000000)
 ParOldGen       total 114688K, used 100780K [0x00000000f4800000, 0x00000000fb800000, 0x00000000fb800000)
  object space 114688K, 87% used [0x00000000f4800000,0x00000000faa6b170,0x00000000fb800000)
 Metaspace       used 75323K, capacity 79544K, committed 80000K, reserved 1118208K
  class space    used 9478K, capacity 10201K, committed 10368K, reserved 1048576K
2024-06-11T21:45:11.030+0800: 3970.243: [GC (Allocation Failure) [PSYoungGen: 69536K->928K(71680K)] 170316K->101788K(186368K), 0.0052917 secs] [Times: user=0.01 sys=0.00, real=0.01 secs] 
Heap after GC invocations=932 (full 2):
 PSYoungGen      total 71680K, used 928K [0x00000000fb800000, 0x0000000100000000, 0x0000000100000000)
  eden space 69632K, 0% used [0x00000000fb800000,0x00000000fb800000,0x00000000ffc00000)
  from space 2048K, 45% used [0x00000000ffe00000,0x00000000ffee8000,0x0000000100000000)
  to   space 2048K, 0% used [0x00000000ffc00000,0x00000000ffc00000,0x00000000ffe00000)
 ParOldGen       total 114688K, used 100860K [0x00000000f4800000, 0x00000000fb800000, 0x00000000fb800000)
  object space 114688K, 87% used [0x00000000f4800000,0x00000000faa7f170,0x00000000fb800000)
 Metaspace       used 75323K, capacity 79544K, committed 80000K, reserved 1118208K
  class space    used 9478K, capacity 10201K, committed 10368K, reserved 1048576K
}
{Heap before GC invocations=933 (full 2):
 PSYoungGen      total 71680K, used 70560K [0x00000000fb800000, 0x0000000100000000, 0x0000000100000000)
  eden space 69632K, 100% used [0x00000000fb800000,0x00000000ffc00000,0x00000000ffc00000)
  from space 2048K, 45% used [0x00000000ffe00000,0x00000000ffee8000,0x0000000100000000)
  to   space 2048K, 0% used [0x00000000ffc00000,0x00000000ffc00000,0x00000000ffe00000)
 ParOldGen       total 114688K, used 100860K [0x00000000f4800000, 0x00000000fb800000, 0x00000000fb800000)
  object space 114688K, 87% used [0x00000000f4800000,0x00000000faa7f170,0x00000000fb800000)
 Metaspace       used 75323K, capacity 79544K, committed 80000K, reserved 1118208K
  class space    used 9478K, capacity 10201K, committed 10368K, reserved 1048576K
2024-06-11T21:45:15.356+0800: 3974.570: [GC (Allocation Failure) [PSYoungGen: 70560K->928K(71680K)] 171420K->101868K(186368K), 0.0048747 secs] [Times: user=0.01 sys=0.00, real=0.01 secs] 
Heap after GC invocations=933 (full 2):
 PSYoungGen      total 71680K, used 928K [0x00000000fb800000, 0x0000000100000000, 0x0000000100000000)
  eden space 69632K, 0% used [0x00000000fb800000,0x00000000fb800000,0x00000000ffc00000)
  from space 2048K, 45% used [0x00000000ffc00000,0x00000000ffce8000,0x00000000ffe00000)
  to   space 2048K, 0% used [0x00000000ffe00000,0x00000000ffe00000,0x0000000100000000)
 ParOldGen       total 114688K, used 100940K [0x00000000f4800000, 0x00000000fb800000, 0x00000000fb800000)
  object space 114688K, 88% used [0x00000000f4800000,0x00000000faa93170,0x00000000fb800000)
 Metaspace       used 75323K, capacity 79544K, committed 80000K, reserved 1118208K
  class space    used 9478K, capacity 10201K, committed 10368K, reserved 1048576K
}
{Heap before GC invocations=934 (full 2):
 PSYoungGen      total 71680K, used 70560K [0x00000000fb800000, 0x0000000100000000, 0x0000000100000000)
  eden space 69632K, 100% used [0x00000000fb800000,0x00000000ffc00000,0x00000000ffc00000)
  from space 2048K, 45% used [0x00000000ffc00000,0x00000000ffce8000,0x00000000ffe00000)
  to   space 2048K, 0% used [0x00000000ffe00000,0x00000000ffe00000,0x0000000100000000)
 ParOldGen       total 114688K, used 100940K [0x00000000f4800000, 0x00000000fb800000, 0x00000000fb800000)
  object space 114688K, 88% used [0x00000000f4800000,0x00000000faa93170,0x00000000fb800000)
 Metaspace       used 75323K, capacity 79544K, committed 80000K, reserved 1118208K
  class space    used 9478K, capacity 10201K, committed 10368K, reserved 1048576K
2024-06-11T21:45:19.674+0800: 3978.888: [GC (Allocation Failure) [PSYoungGen: 70560K->896K(71680K)] 171500K->101924K(186368K), 0.0054899 secs] [Times: user=0.01 sys=0.00, real=0.00 secs] 
Heap after GC invocations=934 (full 2):
 PSYoungGen      total 71680K, used 896K [0x00000000fb800000, 0x0000000100000000, 0x0000000100000000)
  eden space 69632K, 0% used [0x00000000fb800000,0x00000000fb800000,0x00000000ffc00000)
  from space 2048K, 43% used [0x00000000ffe00000,0x00000000ffee0000,0x0000000100000000)
  to   space 2048K, 0% used [0x00000000ffc00000,0x00000000ffc00000,0x00000000ffe00000)
 ParOldGen       total 114688K, used 101028K [0x00000000f4800000, 0x00000000fb800000, 0x00000000fb800000)
  object space 114688K, 88% used [0x00000000f4800000,0x00000000faaa9170,0x00000000fb800000)
 Metaspace       used 75323K, capacity 79544K, committed 80000K, reserved 1118208K
  class space    used 9478K, capacity 10201K, committed 10368K, reserved 1048576K
}
{Heap before GC invocations=935 (full 2):
 PSYoungGen      total 71680K, used 70528K [0x00000000fb800000, 0x0000000100000000, 0x0000000100000000)
  eden space 69632K, 100% used [0x00000000fb800000,0x00000000ffc00000,0x00000000ffc00000)
  from space 2048K, 43% used [0x00000000ffe00000,0x00000000ffee0000,0x0000000100000000)
  to   space 2048K, 0% used [0x00000000ffc00000,0x00000000ffc00000,0x00000000ffe00000)
 ParOldGen       total 114688K, used 101028K [0x00000000f4800000, 0x00000000fb800000, 0x00000000fb800000)
  object space 114688K, 88% used [0x00000000f4800000,0x00000000faaa9170,0x00000000fb800000)
 Metaspace       used 75323K, capacity 79544K, committed 80000K, reserved 1118208K
  class space    used 9478K, capacity 10201K, committed 10368K, reserved 1048576K
2024-06-11T21:45:24.194+0800: 3983.407: [GC (Allocation Failure) [PSYoungGen: 70528K->928K(71680K)] 171556K->102028K(186368K), 0.0062051 secs] [Times: user=0.01 sys=0.00, real=0.00 secs] 
Heap after GC invocations=935 (full 2):
 PSYoungGen      total 71680K, used 928K [0x00000000fb800000, 0x0000000100000000, 0x0000000100000000)
  eden space 69632K, 0% used [0x00000000fb800000,0x00000000fb800000,0x00000000ffc00000)
  from space 2048K, 45% used [0x00000000ffc00000,0x00000000ffce8000,0x00000000ffe00000)
  to   space 2048K, 0% used [0x00000000ffe00000,0x00000000ffe00000,0x0000000100000000)
 ParOldGen       total 114688K, used 101100K [0x00000000f4800000, 0x00000000fb800000, 0x00000000fb800000)
  object space 114688K, 88% used [0x00000000f4800000,0x00000000faabb170,0x00000000fb800000)
 Metaspace       used 75323K, capacity 79544K, committed 80000K, reserved 1118208K
  class space    used 9478K, capacity 10201K, committed 10368K, reserved 1048576K
}
{Heap before GC invocations=936 (full 2):
 PSYoungGen      total 71680K, used 70560K [0x00000000fb800000, 0x0000000100000000, 0x0000000100000000)
  eden space 69632K, 100% used [0x00000000fb800000,0x00000000ffc00000,0x00000000ffc00000)
  from space 2048K, 45% used [0x00000000ffc00000,0x00000000ffce8000,0x00000000ffe00000)
  to   space 2048K, 0% used [0x00000000ffe00000,0x00000000ffe00000,0x0000000100000000)
 ParOldGen       total 114688K, used 101100K [0x00000000f4800000, 0x00000000fb800000, 0x00000000fb800000)
  object space 114688K, 88% used [0x00000000f4800000,0x00000000faabb170,0x00000000fb800000)
 Metaspace       used 75323K, capacity 79544K, committed 80000K, reserved 1118208K
  class space    used 9478K, capacity 10201K, committed 10368K, reserved 1048576K
2024-06-11T21:45:28.751+0800: 3987.964: [GC (Allocation Failure) [PSYoungGen: 70560K->1344K(71680K)] 171660K->102524K(186368K), 0.0078407 secs] [Times: user=0.01 sys=0.00, real=0.00 secs] 
Heap after GC invocations=936 (full 2):
 PSYoungGen      total 71680K, used 1344K [0x00000000fb800000, 0x0000000100000000, 0x0000000100000000)
  eden space 69632K, 0% used [0x00000000fb800000,0x00000000fb800000,0x00000000ffc00000)
  from space 2048K, 65% used [0x00000000ffe00000,0x00000000fff50000,0x0000000100000000)
  to   space 2048K, 0% used [0x00000000ffc00000,0x00000000ffc00000,0x00000000ffe00000)
 ParOldGen       total 114688K, used 101180K [0x00000000f4800000, 0x00000000fb800000, 0x00000000fb800000)
  object space 114688K, 88% used [0x00000000f4800000,0x00000000faacf170,0x00000000fb800000)
 Metaspace       used 75323K, capacity 79544K, committed 80000K, reserved 1118208K
  class space    used 9478K, capacity 10201K, committed 10368K, reserved 1048576K
}
{Heap before GC invocations=937 (full 2):
 PSYoungGen      total 71680K, used 70976K [0x00000000fb800000, 0x0000000100000000, 0x0000000100000000)
  eden space 69632K, 100% used [0x00000000fb800000,0x00000000ffc00000,0x00000000ffc00000)
  from space 2048K, 65% used [0x00000000ffe00000,0x00000000fff50000,0x0000000100000000)
  to   space 2048K, 0% used [0x00000000ffc00000,0x00000000ffc00000,0x00000000ffe00000)
 ParOldGen       total 114688K, used 101180K [0x00000000f4800000, 0x00000000fb800000, 0x00000000fb800000)
  object space 114688K, 88% used [0x00000000f4800000,0x00000000faacf170,0x00000000fb800000)
 Metaspace       used 75323K, capacity 79544K, committed 80000K, reserved 1118208K
  class space    used 9478K, capacity 10201K, committed 10368K, reserved 1048576K
2024-06-11T21:45:33.092+0800: 3992.306: [GC (Allocation Failure) [PSYoungGen: 70976K->2048K(71680K)] 172156K->103932K(186368K), 0.0075166 secs] [Times: user=0.01 sys=0.00, real=0.00 secs] 
Heap after GC invocations=937 (full 2):
 PSYoungGen      total 71680K, used 2048K [0x00000000fb800000, 0x0000000100000000, 0x0000000100000000)
  eden space 69632K, 0% used [0x00000000fb800000,0x00000000fb800000,0x00000000ffc00000)
  from space 2048K, 100% used [0x00000000ffc00000,0x00000000ffe00000,0x00000000ffe00000)
  to   space 2048K, 0% used [0x00000000ffe00000,0x00000000ffe00000,0x0000000100000000)
 ParOldGen       total 114688K, used 101884K [0x00000000f4800000, 0x00000000fb800000, 0x00000000fb800000)
  object space 114688K, 88% used [0x00000000f4800000,0x00000000fab7f170,0x00000000fb800000)
 Metaspace       used 75323K, capacity 79544K, committed 80000K, reserved 1118208K
  class space    used 9478K, capacity 10201K, committed 10368K, reserved 1048576K
}
{Heap before GC invocations=938 (full 2):
 PSYoungGen      total 71680K, used 71680K [0x00000000fb800000, 0x0000000100000000, 0x0000000100000000)
  eden space 69632K, 100% used [0x00000000fb800000,0x00000000ffc00000,0x00000000ffc00000)
  from space 2048K, 100% used [0x00000000ffc00000,0x00000000ffe00000,0x00000000ffe00000)
  to   space 2048K, 0% used [0x00000000ffe00000,0x00000000ffe00000,0x0000000100000000)
 ParOldGen       total 114688K, used 101884K [0x00000000f4800000, 0x00000000fb800000, 0x00000000fb800000)
  object space 114688K, 88% used [0x00000000f4800000,0x00000000fab7f170,0x00000000fb800000)
 Metaspace       used 75323K, capacity 79544K, committed 80000K, reserved 1118208K
  class space    used 9478K, capacity 10201K, committed 10368K, reserved 1048576K
2024-06-11T21:45:37.383+0800: 3996.596: [GC (Allocation Failure) [PSYoungGen: 71680K->1088K(70656K)] 173564K->104460K(185344K), 0.0061996 secs] [Times: user=0.01 sys=0.00, real=0.00 secs] 
Heap after GC invocations=938 (full 2):
 PSYoungGen      total 70656K, used 1088K [0x00000000fb800000, 0x0000000100000000, 0x0000000100000000)
  eden space 68608K, 0% used [0x00000000fb800000,0x00000000fb800000,0x00000000ffb00000)
  from space 2048K, 53% used [0x00000000ffe00000,0x00000000fff10000,0x0000000100000000)
  to   space 2560K, 0% used [0x00000000ffb00000,0x00000000ffb00000,0x00000000ffd80000)
 ParOldGen       total 114688K, used 103372K [0x00000000f4800000, 0x00000000fb800000, 0x00000000fb800000)
  object space 114688K, 90% used [0x00000000f4800000,0x00000000facf3170,0x00000000fb800000)
 Metaspace       used 75323K, capacity 79544K, committed 80000K, reserved 1118208K
  class space    used 9478K, capacity 10201K, committed 10368K, reserved 1048576K
}
{Heap before GC invocations=939 (full 2):
 PSYoungGen      total 70656K, used 69696K [0x00000000fb800000, 0x0000000100000000, 0x0000000100000000)
  eden space 68608K, 100% used [0x00000000fb800000,0x00000000ffb00000,0x00000000ffb00000)
  from space 2048K, 53% used [0x00000000ffe00000,0x00000000fff10000,0x0000000100000000)
  to   space 2560K, 0% used [0x00000000ffb00000,0x00000000ffb00000,0x00000000ffd80000)
 ParOldGen       total 114688K, used 103372K [0x00000000f4800000, 0x00000000fb800000, 0x00000000fb800000)
  object space 114688K, 90% used [0x00000000f4800000,0x00000000facf3170,0x00000000fb800000)
 Metaspace       used 75323K, capacity 79544K, committed 80000K, reserved 1118208K
  class space    used 9478K, capacity 10201K, committed 10368K, reserved 1048576K
2024-06-11T21:45:41.543+0800: 4000.756: [GC (Allocation Failure) [PSYoungGen: 69696K->928K(71168K)] 173068K->104524K(185856K), 0.0056599 secs] [Times: user=0.01 sys=0.01, real=0.00 secs] 
Heap after GC invocations=939 (full 2):
 PSYoungGen      total 71168K, used 928K [0x00000000fb800000, 0x0000000100000000, 0x0000000100000000)
  eden space 68608K, 0% used [0x00000000fb800000,0x00000000fb800000,0x00000000ffb00000)
  from space 2560K, 36% used [0x00000000ffb00000,0x00000000ffbe8000,0x00000000ffd80000)
  to   space 2560K, 0% used [0x00000000ffd80000,0x00000000ffd80000,0x0000000100000000)
 ParOldGen       total 114688K, used 103596K [0x00000000f4800000, 0x00000000fb800000, 0x00000000fb800000)
  object space 114688K, 90% used [0x00000000f4800000,0x00000000fad2b170,0x00000000fb800000)
 Metaspace       used 75323K, capacity 79544K, committed 80000K, reserved 1118208K
  class space    used 9478K, capacity 10201K, committed 10368K, reserved 1048576K
}
{Heap before GC invocations=940 (full 2):
 PSYoungGen      total 71168K, used 69536K [0x00000000fb800000, 0x0000000100000000, 0x0000000100000000)
  eden space 68608K, 100% used [0x00000000fb800000,0x00000000ffb00000,0x00000000ffb00000)
  from space 2560K, 36% used [0x00000000ffb00000,0x00000000ffbe8000,0x00000000ffd80000)
  to   space 2560K, 0% used [0x00000000ffd80000,0x00000000ffd80000,0x0000000100000000)
 ParOldGen       total 114688K, used 103596K [0x00000000f4800000, 0x00000000fb800000, 0x00000000fb800000)
  object space 114688K, 90% used [0x00000000f4800000,0x00000000fad2b170,0x00000000fb800000)
 Metaspace       used 75323K, capacity 79544K, committed 80000K, reserved 1118208K
  class space    used 9478K, capacity 10201K, committed 10368K, reserved 1048576K
2024-06-11T21:45:45.871+0800: 4005.084: [GC (Allocation Failure) [PSYoungGen: 69536K->928K(71168K)] 173132K->104604K(185856K), 0.0049146 secs] [Times: user=0.01 sys=0.00, real=0.00 secs] 
Heap after GC invocations=940 (full 2):
 PSYoungGen      total 71168K, used 928K [0x00000000fb800000, 0x0000000100000000, 0x0000000100000000)
  eden space 68608K, 0% used [0x00000000fb800000,0x00000000fb800000,0x00000000ffb00000)
  from space 2560K, 36% used [0x00000000ffd80000,0x00000000ffe68000,0x0000000100000000)
  to   space 2560K, 0% used [0x00000000ffb00000,0x00000000ffb00000,0x00000000ffd80000)
 ParOldGen       total 114688K, used 103676K [0x00000000f4800000, 0x00000000fb800000, 0x00000000fb800000)
  object space 114688K, 90% used [0x00000000f4800000,0x00000000fad3f170,0x00000000fb800000)
 Metaspace       used 75323K, capacity 79544K, committed 80000K, reserved 1118208K
  class space    used 9478K, capacity 10201K, committed 10368K, reserved 1048576K
}
{Heap before GC invocations=941 (full 2):
 PSYoungGen      total 71168K, used 69536K [0x00000000fb800000, 0x0000000100000000, 0x0000000100000000)
  eden space 68608K, 100% used [0x00000000fb800000,0x00000000ffb00000,0x00000000ffb00000)
  from space 2560K, 36% used [0x00000000ffd80000,0x00000000ffe68000,0x0000000100000000)
  to   space 2560K, 0% used [0x00000000ffb00000,0x00000000ffb00000,0x00000000ffd80000)
 ParOldGen       total 114688K, used 103676K [0x00000000f4800000, 0x00000000fb800000, 0x00000000fb800000)
  object space 114688K, 90% used [0x00000000f4800000,0x00000000fad3f170,0x00000000fb800000)
 Metaspace       used 75323K, capacity 79544K, committed 80000K, reserved 1118208K
  class space    used 9478K, capacity 10201K, committed 10368K, reserved 1048576K
2024-06-11T21:45:50.339+0800: 4009.552: [GC (Allocation Failure) [PSYoungGen: 69536K->960K(71168K)] 173212K->104708K(185856K), 0.0051379 secs] [Times: user=0.00 sys=0.00, real=0.01 secs] 
Heap after GC invocations=941 (full 2):
 PSYoungGen      total 71168K, used 960K [0x00000000fb800000, 0x0000000100000000, 0x0000000100000000)
  eden space 68608K, 0% used [0x00000000fb800000,0x00000000fb800000,0x00000000ffb00000)
  from space 2560K, 37% used [0x00000000ffb00000,0x00000000ffbf0000,0x00000000ffd80000)
  to   space 2560K, 0% used [0x00000000ffd80000,0x00000000ffd80000,0x0000000100000000)
 ParOldGen       total 114688K, used 103748K [0x00000000f4800000, 0x00000000fb800000, 0x00000000fb800000)
  object space 114688K, 90% used [0x00000000f4800000,0x00000000fad51170,0x00000000fb800000)
 Metaspace       used 75323K, capacity 79544K, committed 80000K, reserved 1118208K
  class space    used 9478K, capacity 10201K, committed 10368K, reserved 1048576K
}
{Heap before GC invocations=942 (full 2):
 PSYoungGen      total 71168K, used 69568K [0x00000000fb800000, 0x0000000100000000, 0x0000000100000000)
  eden space 68608K, 100% used [0x00000000fb800000,0x00000000ffb00000,0x00000000ffb00000)
  from space 2560K, 37% used [0x00000000ffb00000,0x00000000ffbf0000,0x00000000ffd80000)
  to   space 2560K, 0% used [0x00000000ffd80000,0x00000000ffd80000,0x0000000100000000)
 ParOldGen       total 114688K, used 103748K [0x00000000f4800000, 0x00000000fb800000, 0x00000000fb800000)
  object space 114688K, 90% used [0x00000000f4800000,0x00000000fad51170,0x00000000fb800000)
 Metaspace       used 75400K, capacity 79640K, committed 80256K, reserved 1120256K
  class space    used 9485K, capacity 10233K, committed 10368K, reserved 1048576K
2024-06-11T21:45:54.591+0800: 4013.804: [GC (Allocation Failure) [PSYoungGen: 69568K->945K(71680K)] 173316K->104773K(186368K), 0.0053087 secs] [Times: user=0.01 sys=0.00, real=0.00 secs] 
Heap after GC invocations=942 (full 2):
 PSYoungGen      total 71680K, used 945K [0x00000000fb800000, 0x0000000100000000, 0x0000000100000000)
  eden space 69120K, 0% used [0x00000000fb800000,0x00000000fb800000,0x00000000ffb80000)
  from space 2560K, 36% used [0x00000000ffd80000,0x00000000ffe6c440,0x0000000100000000)
  to   space 2048K, 0% used [0x00000000ffb80000,0x00000000ffb80000,0x00000000ffd80000)
 ParOldGen       total 114688K, used 103828K [0x00000000f4800000, 0x00000000fb800000, 0x00000000fb800000)
  object space 114688K, 90% used [0x00000000f4800000,0x00000000fad65170,0x00000000fb800000)
 Metaspace       used 75400K, capacity 79640K, committed 80256K, reserved 1120256K
  class space    used 9485K, capacity 10233K, committed 10368K, reserved 1048576K
}
{Heap before GC invocations=943 (full 2):
 PSYoungGen      total 71680K, used 70065K [0x00000000fb800000, 0x0000000100000000, 0x0000000100000000)
  eden space 69120K, 100% used [0x00000000fb800000,0x00000000ffb80000,0x00000000ffb80000)
  from space 2560K, 36% used [0x00000000ffd80000,0x00000000ffe6c440,0x0000000100000000)
  to   space 2048K, 0% used [0x00000000ffb80000,0x00000000ffb80000,0x00000000ffd80000)
 ParOldGen       total 114688K, used 103828K [0x00000000f4800000, 0x00000000fb800000, 0x00000000fb800000)
  object space 114688K, 90% used [0x00000000f4800000,0x00000000fad65170,0x00000000fb800000)
 Metaspace       used 75401K, capacity 79640K, committed 80256K, reserved 1120256K
  class space    used 9485K, capacity 10233K, committed 10368K, reserved 1048576K
2024-06-11T21:45:58.869+0800: 4018.082: [GC (Allocation Failure) [PSYoungGen: 70065K->672K(71168K)] 173893K->104621K(185856K), 0.0052940 secs] [Times: user=0.01 sys=0.00, real=0.01 secs] 
